Sun 15 Mar 2026 22:48:10 INFO  
General Hyper Parameters:
gpu_id = 0
use_gpu = True
seed = 2027
state = INFO
reproducibility = True
data_path = ./travel
checkpoint_dir = saved
show_progress = True
save_dataset = False
dataset_save_path = None
save_dataloaders = False
dataloaders_save_path = None
log_wandb = False

Training Hyper Parameters:
epochs = 1000
train_batch_size = 4096
learner = adam
learning_rate = 0.001
train_neg_sample_args = {'distribution': 'uniform', 'sample_num': 1, 'alpha': 1.0, 'dynamic': False, 'candidate_num': 0}
eval_step = 1
stopping_step = 10
clip_grad_norm = None
weight_decay = 0.0
loss_decimal_place = 4

Evaluation Hyper Parameters:
eval_args = {'split': {'RS': [0.8, 0.1, 0.1]}, 'order': 'RO', 'group_by': 'user', 'mode': {'valid': 'full', 'test': 'full'}}
repeatable = False
metrics = ['Recall', 'NDCG', 'Precision', 'MAP']
topk = [1, 2, 3, 4, 5, 10, 20, 30, 50]
valid_metric = NDCG@10
valid_metric_bigger = True
eval_batch_size = 4096
metric_decimal_place = 4

Dataset Hyper Parameters:
field_separator = 	
seq_separator =  
USER_ID_FIELD = user_id
ITEM_ID_FIELD = item_id
RATING_FIELD = rating
TIME_FIELD = timestamp
seq_len = None
LABEL_FIELD = label
threshold = None
NEG_PREFIX = neg_
load_col = {'inter': ['user_id', 'item_id', 'rating'], 'user': ['user_id', 'post_num', 'follower', 'following', 'timestamp']}
unload_col = None
unused_col = None
additional_feat_suffix = None
rm_dup_inter = None
val_interval = {'rating': '[0,inf)'}
filter_inter_by_user_or_item = True
user_inter_num_interval = [0,inf)
item_inter_num_interval = [0,inf)
alias_of_user_id = None
alias_of_item_id = None
alias_of_entity_id = None
alias_of_relation_id = None
preload_weight = None
normalize_field = None
normalize_all = None
ITEM_LIST_LENGTH_FIELD = item_length
LIST_SUFFIX = _list
MAX_ITEM_LIST_LENGTH = 50
POSITION_FIELD = position_id
HEAD_ENTITY_ID_FIELD = head_id
TAIL_ENTITY_ID_FIELD = tail_id
RELATION_ID_FIELD = relation_id
ENTITY_ID_FIELD = entity_id
benchmark_filename = None

Other Hyper Parameters: 
worker = 0
wandb_project = recbole
shuffle = True
require_pow = False
enable_amp = False
enable_scaler = False
transform = None
numerical_features = []
discretization = None
kg_reverse_r = False
entity_kg_num_interval = [0,inf)
relation_kg_num_interval = [0,inf)
MODEL_TYPE = ModelType.GENERAL
embedding_size = 64
n_layers = 3
reg_weight = 0.0001
smt_latent_dim = 64
ssl_temp = 0.1
ssl_reg = 1e-07
hyper_layers = 1
alpha = 1
potential_reg = 8e-08
semantic_reg = 8e-08
num_clusters = 10
m_step = 1
warm_up_step = 20
user_feature_path = features/roberta_user.npy
item_feature_path = features/roberta_item.npy
MODEL_INPUT_TYPE = InputType.PAIRWISE
eval_type = EvaluatorType.RANKING
single_spec = True
local_rank = 0
device = cuda
valid_neg_sample_args = {'distribution': 'uniform', 'sample_num': 'none'}
test_neg_sample_args = {'distribution': 'uniform', 'sample_num': 'none'}


Sun 15 Mar 2026 22:48:11 INFO  travel
The number of users: 2010
Average actions of users: 18.721254355400696
The number of items: 247
Average actions of items: 152.890243902439
The number of inters: 37611
The sparsity of the dataset: 92.42431566862047%
Remain Fields: ['user_id', 'item_id', 'rating', 'post_num', 'follower', 'following', 'timestamp']
Sun 15 Mar 2026 22:48:11 INFO  [Training]: train_batch_size = [4096] train_neg_sample_args: [{'distribution': 'uniform', 'sample_num': 1, 'alpha': 1.0, 'dynamic': False, 'candidate_num': 0}]
Sun 15 Mar 2026 22:48:11 INFO  [Evaluation]: eval_batch_size = [4096] eval_args: [{'split': {'RS': [0.8, 0.1, 0.1]}, 'order': 'RO', 'group_by': 'user', 'mode': {'valid': 'full', 'test': 'full'}}]
Sun 15 Mar 2026 22:48:11 INFO  SCL(
  (u_MLP): Linear(in_features=1024, out_features=64, bias=True)
  (i_MLP): Linear(in_features=1024, out_features=64, bias=True)
  (user_embedding): Embedding(2010, 64)
  (item_embedding): Embedding(247, 64)
  (mf_loss): BPRLoss()
  (reg_loss): EmbLoss()
)
Trainable parameters: 144448
Sun 15 Mar 2026 22:48:11 INFO  trainable parameters: 144448
Sun 15 Mar 2026 22:48:12 INFO  Running E-step ! 
Sun 15 Mar 2026 22:48:13 INFO  epoch 0 training [time: 0.50s, train_loss1: 5.5428, train_loss2: 0.0199, train_loss3: 0.0116]
Sun 15 Mar 2026 22:48:13 INFO  epoch 0 evaluating [time: 0.19s, valid_score: 0.029400]
Sun 15 Mar 2026 22:48:13 INFO  valid result: 
recall@1 : 0.0073    recall@2 : 0.0113    recall@3 : 0.016    recall@4 : 0.0197    recall@5 : 0.0248    recall@10 : 0.0515    recall@20 : 0.1024    recall@30 : 0.1401    recall@50 : 0.2205    ndcg@1 : 0.0155    ndcg@2 : 0.0157    ndcg@3 : 0.0169    ndcg@4 : 0.0178    ndcg@5 : 0.0198    ndcg@10 : 0.0294    ndcg@20 : 0.0442    ndcg@30 : 0.0544    ndcg@50 : 0.073    precision@1 : 0.0155    precision@2 : 0.0131    precision@3 : 0.0117    precision@4 : 0.0106    precision@5 : 0.0106    precision@10 : 0.0114    precision@20 : 0.011    precision@30 : 0.0106    precision@50 : 0.0103    map@1 : 0.0155    map@2 : 0.013    map@3 : 0.0127    map@4 : 0.0127    map@5 : 0.0135    map@10 : 0.0168    map@20 : 0.0202    map@30 : 0.0221    map@50 : 0.0248
Sun 15 Mar 2026 22:48:13 INFO  Saving current: saved/SCL-Mar-15-2026_22-48-11.pth
Sun 15 Mar 2026 22:48:13 INFO  Saving current best: saved/SCL-Mar-15-2026_22-48-11.pth
Sun 15 Mar 2026 22:48:13 INFO  Running E-step ! 
Sun 15 Mar 2026 22:48:13 INFO  epoch 1 training [time: 0.18s, train_loss1: 5.5428, train_loss2: 0.0152, train_loss3: 0.0115]
Sun 15 Mar 2026 22:48:14 INFO  epoch 1 evaluating [time: 0.15s, valid_score: 0.028700]
Sun 15 Mar 2026 22:48:14 INFO  valid result: 
recall@1 : 0.0062    recall@2 : 0.0115    recall@3 : 0.015    recall@4 : 0.0197    recall@5 : 0.0241    recall@10 : 0.0515    recall@20 : 0.1015    recall@30 : 0.1429    recall@50 : 0.2204    ndcg@1 : 0.0131    ndcg@2 : 0.0151    ndcg@3 : 0.0159    ndcg@4 : 0.0174    ndcg@5 : 0.0189    ndcg@10 : 0.0287    ndcg@20 : 0.0434    ndcg@30 : 0.0541    ndcg@50 : 0.0723    precision@1 : 0.0131    precision@2 : 0.0131    precision@3 : 0.0115    precision@4 : 0.0109    precision@5 : 0.0105    precision@10 : 0.0113    precision@20 : 0.0109    precision@30 : 0.0105    precision@50 : 0.0102    map@1 : 0.0131    map@2 : 0.0122    map@3 : 0.0118    map@4 : 0.0122    map@5 : 0.0127    map@10 : 0.0159    map@20 : 0.0194    map@30 : 0.0214    map@50 : 0.024
Sun 15 Mar 2026 22:48:14 INFO  Running E-step ! 
Sun 15 Mar 2026 22:48:14 INFO  epoch 2 training [time: 0.18s, train_loss1: 5.5423, train_loss2: 0.0132, train_loss3: 0.0113]
Sun 15 Mar 2026 22:48:14 INFO  epoch 2 evaluating [time: 0.14s, valid_score: 0.029300]
Sun 15 Mar 2026 22:48:14 INFO  valid result: 
recall@1 : 0.0056    recall@2 : 0.0109    recall@3 : 0.0145    recall@4 : 0.0206    recall@5 : 0.0283    recall@10 : 0.0532    recall@20 : 0.0986    recall@30 : 0.1426    recall@50 : 0.2238    ndcg@1 : 0.0119    ndcg@2 : 0.0146    ndcg@3 : 0.015    ndcg@4 : 0.0175    ndcg@5 : 0.0206    ndcg@10 : 0.0293    ndcg@20 : 0.043    ndcg@30 : 0.0544    ndcg@50 : 0.0732    precision@1 : 0.0119    precision@2 : 0.0131    precision@3 : 0.0109    precision@4 : 0.0113    precision@5 : 0.0122    precision@10 : 0.0116    precision@20 : 0.0112    precision@30 : 0.0107    precision@50 : 0.0104    map@1 : 0.0119    map@2 : 0.0116    map@3 : 0.0111    map@4 : 0.012    map@5 : 0.0133    map@10 : 0.016    map@20 : 0.0192    map@30 : 0.0213    map@50 : 0.024
Sun 15 Mar 2026 22:48:14 INFO  Running E-step ! 
Sun 15 Mar 2026 22:48:14 INFO  epoch 3 training [time: 0.18s, train_loss1: 5.5417, train_loss2: 0.0115, train_loss3: 0.0112]
Sun 15 Mar 2026 22:48:14 INFO  epoch 3 evaluating [time: 0.14s, valid_score: 0.030200]
Sun 15 Mar 2026 22:48:14 INFO  valid result: 
recall@1 : 0.0069    recall@2 : 0.0107    recall@3 : 0.0147    recall@4 : 0.0207    recall@5 : 0.0271    recall@10 : 0.0529    recall@20 : 0.0983    recall@30 : 0.1419    recall@50 : 0.2279    ndcg@1 : 0.0143    ndcg@2 : 0.0156    ndcg@3 : 0.0162    ndcg@4 : 0.0187    ndcg@5 : 0.021    ndcg@10 : 0.0302    ndcg@20 : 0.0437    ndcg@30 : 0.0553    ndcg@50 : 0.0749    precision@1 : 0.0143    precision@2 : 0.0137    precision@3 : 0.0119    precision@4 : 0.0125    precision@5 : 0.0123    precision@10 : 0.0119    precision@20 : 0.0111    precision@30 : 0.0111    precision@50 : 0.0106    map@1 : 0.0143    map@2 : 0.0128    map@3 : 0.0121    map@4 : 0.013    map@5 : 0.0138    map@10 : 0.0168    map@20 : 0.02    map@30 : 0.0221    map@50 : 0.0249
Sun 15 Mar 2026 22:48:14 INFO  Saving current: saved/SCL-Mar-15-2026_22-48-11.pth
Sun 15 Mar 2026 22:48:14 INFO  Saving current best: saved/SCL-Mar-15-2026_22-48-11.pth
Sun 15 Mar 2026 22:48:14 INFO  Running E-step ! 
Sun 15 Mar 2026 22:48:14 INFO  epoch 4 training [time: 0.18s, train_loss1: 5.5411, train_loss2: 0.0102, train_loss3: 0.0112]
Sun 15 Mar 2026 22:48:15 INFO  epoch 4 evaluating [time: 0.14s, valid_score: 0.030700]
Sun 15 Mar 2026 22:48:15 INFO  valid result: 
recall@1 : 0.0069    recall@2 : 0.0104    recall@3 : 0.0159    recall@4 : 0.0212    recall@5 : 0.0281    recall@10 : 0.0533    recall@20 : 0.0983    recall@30 : 0.1397    recall@50 : 0.2294    ndcg@1 : 0.0149    ndcg@2 : 0.0155    ndcg@3 : 0.0171    ndcg@4 : 0.0192    ndcg@5 : 0.0216    ndcg@10 : 0.0307    ndcg@20 : 0.0442    ndcg@30 : 0.0552    ndcg@50 : 0.0755    precision@1 : 0.0149    precision@2 : 0.0134    precision@3 : 0.0129    precision@4 : 0.013    precision@5 : 0.0125    precision@10 : 0.0121    precision@20 : 0.0114    precision@30 : 0.011    precision@50 : 0.0106    map@1 : 0.0149    map@2 : 0.0128    map@3 : 0.0128    map@4 : 0.0132    map@5 : 0.0141    map@10 : 0.017    map@20 : 0.0203    map@30 : 0.0222    map@50 : 0.0252
Sun 15 Mar 2026 22:48:15 INFO  Saving current: saved/SCL-Mar-15-2026_22-48-11.pth
Sun 15 Mar 2026 22:48:15 INFO  Saving current best: saved/SCL-Mar-15-2026_22-48-11.pth
Sun 15 Mar 2026 22:48:15 INFO  Running E-step ! 
Sun 15 Mar 2026 22:48:15 INFO  epoch 5 training [time: 0.18s, train_loss1: 5.5403, train_loss2: 0.0091, train_loss3: 0.0111]
Sun 15 Mar 2026 22:48:15 INFO  epoch 5 evaluating [time: 0.14s, valid_score: 0.032200]
Sun 15 Mar 2026 22:48:15 INFO  valid result: 
recall@1 : 0.0083    recall@2 : 0.012    recall@3 : 0.0181    recall@4 : 0.025    recall@5 : 0.0322    recall@10 : 0.0532    recall@20 : 0.0969    recall@30 : 0.1422    recall@50 : 0.2297    ndcg@1 : 0.0179    ndcg@2 : 0.0178    ndcg@3 : 0.0194    ndcg@4 : 0.0223    ndcg@5 : 0.0248    ndcg@10 : 0.0322    ndcg@20 : 0.0454    ndcg@30 : 0.0574    ndcg@50 : 0.0775    precision@1 : 0.0179    precision@2 : 0.0152    precision@3 : 0.0143    precision@4 : 0.0146    precision@5 : 0.0142    precision@10 : 0.0124    precision@20 : 0.0114    precision@30 : 0.0112    precision@50 : 0.0108    map@1 : 0.0179    map@2 : 0.0147    map@3 : 0.0146    map@4 : 0.0154    map@5 : 0.0164    map@10 : 0.0185    map@20 : 0.0217    map@30 : 0.0238    map@50 : 0.0268
Sun 15 Mar 2026 22:48:15 INFO  Saving current: saved/SCL-Mar-15-2026_22-48-11.pth
Sun 15 Mar 2026 22:48:15 INFO  Saving current best: saved/SCL-Mar-15-2026_22-48-11.pth
Sun 15 Mar 2026 22:48:15 INFO  Running E-step ! 
Sun 15 Mar 2026 22:48:15 INFO  epoch 6 training [time: 0.18s, train_loss1: 5.5394, train_loss2: 0.0081, train_loss3: 0.0110]
Sun 15 Mar 2026 22:48:15 INFO  epoch 6 evaluating [time: 0.15s, valid_score: 0.034500]
Sun 15 Mar 2026 22:48:15 INFO  valid result: 
recall@1 : 0.0089    recall@2 : 0.0142    recall@3 : 0.0214    recall@4 : 0.0263    recall@5 : 0.0316    recall@10 : 0.0561    recall@20 : 0.1009    recall@30 : 0.1471    recall@50 : 0.2366    ndcg@1 : 0.0203    ndcg@2 : 0.02    ndcg@3 : 0.0219    ndcg@4 : 0.0239    ndcg@5 : 0.0258    ndcg@10 : 0.0345    ndcg@20 : 0.048    ndcg@30 : 0.06    ndcg@50 : 0.0807    precision@1 : 0.0203    precision@2 : 0.017    precision@3 : 0.0157    precision@4 : 0.015    precision@5 : 0.0145    precision@10 : 0.0133    precision@20 : 0.012    precision@30 : 0.0117    precision@50 : 0.0113    map@1 : 0.0203    map@2 : 0.0165    map@3 : 0.0165    map@4 : 0.0169    map@5 : 0.0175    map@10 : 0.02    map@20 : 0.0232    map@30 : 0.0254    map@50 : 0.0285
Sun 15 Mar 2026 22:48:15 INFO  Saving current: saved/SCL-Mar-15-2026_22-48-11.pth
Sun 15 Mar 2026 22:48:15 INFO  Saving current best: saved/SCL-Mar-15-2026_22-48-11.pth
Sun 15 Mar 2026 22:48:15 INFO  Running E-step ! 
Sun 15 Mar 2026 22:48:15 INFO  epoch 7 training [time: 0.19s, train_loss1: 5.5384, train_loss2: 0.0074, train_loss3: 0.0109]
Sun 15 Mar 2026 22:48:16 INFO  epoch 7 evaluating [time: 0.15s, valid_score: 0.037300]
Sun 15 Mar 2026 22:48:16 INFO  valid result: 
recall@1 : 0.0099    recall@2 : 0.0172    recall@3 : 0.0233    recall@4 : 0.028    recall@5 : 0.0332    recall@10 : 0.059    recall@20 : 0.1056    recall@30 : 0.151    recall@50 : 0.2359    ndcg@1 : 0.0226    ndcg@2 : 0.0231    ndcg@3 : 0.0243    ndcg@4 : 0.026    ndcg@5 : 0.0279    ndcg@10 : 0.0373    ndcg@20 : 0.0511    ndcg@30 : 0.0631    ndcg@50 : 0.0831    precision@1 : 0.0226    precision@2 : 0.02    precision@3 : 0.0173    precision@4 : 0.0162    precision@5 : 0.0155    precision@10 : 0.0143    precision@20 : 0.0125    precision@30 : 0.012    precision@50 : 0.0114    map@1 : 0.0226    map@2 : 0.0189    map@3 : 0.0183    map@4 : 0.0186    map@5 : 0.0191    map@10 : 0.0219    map@20 : 0.0251    map@30 : 0.0274    map@50 : 0.0304
Sun 15 Mar 2026 22:48:16 INFO  Saving current: saved/SCL-Mar-15-2026_22-48-11.pth
Sun 15 Mar 2026 22:48:16 INFO  Saving current best: saved/SCL-Mar-15-2026_22-48-11.pth
Sun 15 Mar 2026 22:48:16 INFO  Running E-step ! 
Sun 15 Mar 2026 22:48:16 INFO  epoch 8 training [time: 0.17s, train_loss1: 5.5372, train_loss2: 0.0068, train_loss3: 0.0108]
Sun 15 Mar 2026 22:48:16 INFO  epoch 8 evaluating [time: 0.14s, valid_score: 0.040300]
Sun 15 Mar 2026 22:48:16 INFO  valid result: 
recall@1 : 0.01    recall@2 : 0.02    recall@3 : 0.0263    recall@4 : 0.0301    recall@5 : 0.0375    recall@10 : 0.0633    recall@20 : 0.1139    recall@30 : 0.1595    recall@50 : 0.2435    ndcg@1 : 0.0238    ndcg@2 : 0.0264    ndcg@3 : 0.0275    ndcg@4 : 0.0284    ndcg@5 : 0.0312    ndcg@10 : 0.0403    ndcg@20 : 0.0553    ndcg@30 : 0.0674    ndcg@50 : 0.0871    precision@1 : 0.0238    precision@2 : 0.0232    precision@3 : 0.0205    precision@4 : 0.0177    precision@5 : 0.0175    precision@10 : 0.0154    precision@20 : 0.0135    precision@30 : 0.0127    precision@50 : 0.0119    map@1 : 0.0238    map@2 : 0.0216    map@3 : 0.0204    map@4 : 0.0203    map@5 : 0.0212    map@10 : 0.0237    map@20 : 0.0272    map@30 : 0.0296    map@50 : 0.0326
Sun 15 Mar 2026 22:48:16 INFO  Saving current: saved/SCL-Mar-15-2026_22-48-11.pth
Sun 15 Mar 2026 22:48:16 INFO  Saving current best: saved/SCL-Mar-15-2026_22-48-11.pth
Sun 15 Mar 2026 22:48:16 INFO  Running E-step ! 
Sun 15 Mar 2026 22:48:16 INFO  epoch 9 training [time: 0.17s, train_loss1: 5.5356, train_loss2: 0.0064, train_loss3: 0.0108]
Sun 15 Mar 2026 22:48:16 INFO  epoch 9 evaluating [time: 0.15s, valid_score: 0.043800]
Sun 15 Mar 2026 22:48:16 INFO  valid result: 
recall@1 : 0.012    recall@2 : 0.0232    recall@3 : 0.0287    recall@4 : 0.0332    recall@5 : 0.04    recall@10 : 0.0666    recall@20 : 0.1235    recall@30 : 0.1684    recall@50 : 0.2511    ndcg@1 : 0.0262    ndcg@2 : 0.0294    ndcg@3 : 0.0303    ndcg@4 : 0.0318    ndcg@5 : 0.0342    ndcg@10 : 0.0438    ndcg@20 : 0.0611    ndcg@30 : 0.0729    ndcg@50 : 0.0921    precision@1 : 0.0262    precision@2 : 0.0253    precision@3 : 0.0222    precision@4 : 0.0203    precision@5 : 0.0192    precision@10 : 0.0164    precision@20 : 0.015    precision@30 : 0.0135    precision@50 : 0.0122    map@1 : 0.0262    map@2 : 0.0244    map@3 : 0.0229    map@4 : 0.023    map@5 : 0.0237    map@10 : 0.0266    map@20 : 0.0308    map@30 : 0.0332    map@50 : 0.0361
Sun 15 Mar 2026 22:48:16 INFO  Saving current: saved/SCL-Mar-15-2026_22-48-11.pth
Sun 15 Mar 2026 22:48:16 INFO  Saving current best: saved/SCL-Mar-15-2026_22-48-11.pth
Sun 15 Mar 2026 22:48:16 INFO  Running E-step ! 
Sun 15 Mar 2026 22:48:16 INFO  epoch 10 training [time: 0.16s, train_loss1: 5.5337, train_loss2: 0.0061, train_loss3: 0.0107]
Sun 15 Mar 2026 22:48:17 INFO  epoch 10 evaluating [time: 0.15s, valid_score: 0.051500]
Sun 15 Mar 2026 22:48:17 INFO  valid result: 
recall@1 : 0.0137    recall@2 : 0.0262    recall@3 : 0.0337    recall@4 : 0.0402    recall@5 : 0.0488    recall@10 : 0.0787    recall@20 : 0.1332    recall@30 : 0.1775    recall@50 : 0.2654    ndcg@1 : 0.0322    ndcg@2 : 0.0343    ndcg@3 : 0.0362    ndcg@4 : 0.0379    ndcg@5 : 0.0411    ndcg@10 : 0.0515    ndcg@20 : 0.0682    ndcg@30 : 0.0797    ndcg@50 : 0.1001    precision@1 : 0.0322    precision@2 : 0.0295    precision@3 : 0.027    precision@4 : 0.024    precision@5 : 0.0231    precision@10 : 0.0191    precision@20 : 0.0165    precision@30 : 0.0143    precision@50 : 0.0128    map@1 : 0.0322    map@2 : 0.0285    map@3 : 0.0272    map@4 : 0.0273    map@5 : 0.0282    map@10 : 0.0313    map@20 : 0.0354    map@30 : 0.0377    map@50 : 0.0409
Sun 15 Mar 2026 22:48:17 INFO  Saving current: saved/SCL-Mar-15-2026_22-48-11.pth
Sun 15 Mar 2026 22:48:17 INFO  Saving current best: saved/SCL-Mar-15-2026_22-48-11.pth
Sun 15 Mar 2026 22:48:17 INFO  Running E-step ! 
Sun 15 Mar 2026 22:48:17 INFO  epoch 11 training [time: 0.18s, train_loss1: 5.5316, train_loss2: 0.0060, train_loss3: 0.0106]
Sun 15 Mar 2026 22:48:17 INFO  epoch 11 evaluating [time: 0.14s, valid_score: 0.058900]
Sun 15 Mar 2026 22:48:17 INFO  valid result: 
recall@1 : 0.0157    recall@2 : 0.0294    recall@3 : 0.04    recall@4 : 0.0479    recall@5 : 0.0553    recall@10 : 0.089    recall@20 : 0.1466    recall@30 : 0.1957    recall@50 : 0.2857    ndcg@1 : 0.0375    ndcg@2 : 0.0395    ndcg@3 : 0.0421    ndcg@4 : 0.0445    ndcg@5 : 0.0469    ndcg@10 : 0.0589    ndcg@20 : 0.0764    ndcg@30 : 0.0891    ndcg@50 : 0.1098    precision@1 : 0.0375    precision@2 : 0.0343    precision@3 : 0.0314    precision@4 : 0.0285    precision@5 : 0.0263    precision@10 : 0.0219    precision@20 : 0.018    precision@30 : 0.0157    precision@50 : 0.0137    map@1 : 0.0375    map@2 : 0.0325    map@3 : 0.0314    map@4 : 0.0318    map@5 : 0.0323    map@10 : 0.0361    map@20 : 0.0405    map@30 : 0.0431    map@50 : 0.0463
Sun 15 Mar 2026 22:48:17 INFO  Saving current: saved/SCL-Mar-15-2026_22-48-11.pth
Sun 15 Mar 2026 22:48:17 INFO  Saving current best: saved/SCL-Mar-15-2026_22-48-11.pth
Sun 15 Mar 2026 22:48:17 INFO  Running E-step ! 
Sun 15 Mar 2026 22:48:17 INFO  epoch 12 training [time: 0.22s, train_loss1: 5.5287, train_loss2: 0.0060, train_loss3: 0.0106]
Sun 15 Mar 2026 22:48:17 INFO  epoch 12 evaluating [time: 0.14s, valid_score: 0.068800]
Sun 15 Mar 2026 22:48:17 INFO  valid result: 
recall@1 : 0.0205    recall@2 : 0.033    recall@3 : 0.0445    recall@4 : 0.0581    recall@5 : 0.0632    recall@10 : 0.1029    recall@20 : 0.1664    recall@30 : 0.2154    recall@50 : 0.3076    ndcg@1 : 0.0483    ndcg@2 : 0.0457    ndcg@3 : 0.0489    ndcg@4 : 0.0533    ndcg@5 : 0.0547    ndcg@10 : 0.0688    ndcg@20 : 0.088    ndcg@30 : 0.1007    ndcg@50 : 0.1221    precision@1 : 0.0483    precision@2 : 0.0384    precision@3 : 0.0364    precision@4 : 0.0337    precision@5 : 0.03    precision@10 : 0.0252    precision@20 : 0.0202    precision@30 : 0.0173    precision@50 : 0.0148    map@1 : 0.0483    map@2 : 0.0383    map@3 : 0.0372    map@4 : 0.0386    map@5 : 0.0385    map@10 : 0.0429    map@20 : 0.048    map@30 : 0.0508    map@50 : 0.0542
Sun 15 Mar 2026 22:48:17 INFO  Saving current: saved/SCL-Mar-15-2026_22-48-11.pth
Sun 15 Mar 2026 22:48:17 INFO  Saving current best: saved/SCL-Mar-15-2026_22-48-11.pth
Sun 15 Mar 2026 22:48:17 INFO  Running E-step ! 
Sun 15 Mar 2026 22:48:18 INFO  epoch 13 training [time: 0.19s, train_loss1: 5.5252, train_loss2: 0.0063, train_loss3: 0.0105]
Sun 15 Mar 2026 22:48:18 INFO  epoch 13 evaluating [time: 0.14s, valid_score: 0.082400]
Sun 15 Mar 2026 22:48:18 INFO  valid result: 
recall@1 : 0.0236    recall@2 : 0.0415    recall@3 : 0.0552    recall@4 : 0.0687    recall@5 : 0.0774    recall@10 : 0.1236    recall@20 : 0.1876    recall@30 : 0.243    recall@50 : 0.3366    ndcg@1 : 0.053    ndcg@2 : 0.0555    ndcg@3 : 0.0583    ndcg@4 : 0.0626    ndcg@5 : 0.0657    ndcg@10 : 0.0824    ndcg@20 : 0.1015    ndcg@30 : 0.116    ndcg@50 : 0.1378    precision@1 : 0.053    precision@2 : 0.048    precision@3 : 0.0429    precision@4 : 0.0393    precision@5 : 0.0366    precision@10 : 0.03    precision@20 : 0.0226    precision@30 : 0.0194    precision@50 : 0.0163    map@1 : 0.053    map@2 : 0.0463    map@3 : 0.0448    map@4 : 0.0458    map@5 : 0.0464    map@10 : 0.052    map@20 : 0.0574    map@30 : 0.0604    map@50 : 0.0641
Sun 15 Mar 2026 22:48:18 INFO  Saving current: saved/SCL-Mar-15-2026_22-48-11.pth
Sun 15 Mar 2026 22:48:18 INFO  Saving current best: saved/SCL-Mar-15-2026_22-48-11.pth
Sun 15 Mar 2026 22:48:18 INFO  Running E-step ! 
Sun 15 Mar 2026 22:48:18 INFO  epoch 14 training [time: 0.19s, train_loss1: 5.5206, train_loss2: 0.0068, train_loss3: 0.0105]
Sun 15 Mar 2026 22:48:18 INFO  epoch 14 evaluating [time: 0.14s, valid_score: 0.098200]
Sun 15 Mar 2026 22:48:18 INFO  valid result: 
recall@1 : 0.0301    recall@2 : 0.0508    recall@3 : 0.0672    recall@4 : 0.0805    recall@5 : 0.0931    recall@10 : 0.1457    recall@20 : 0.2204    recall@30 : 0.2734    recall@50 : 0.3812    ndcg@1 : 0.0662    ndcg@2 : 0.0682    ndcg@3 : 0.071    ndcg@4 : 0.0752    ndcg@5 : 0.0798    ndcg@10 : 0.0982    ndcg@20 : 0.1205    ndcg@30 : 0.135    ndcg@50 : 0.1598    precision@1 : 0.0662    precision@2 : 0.0581    precision@3 : 0.0515    precision@4 : 0.0472    precision@5 : 0.0442    precision@10 : 0.0341    precision@20 : 0.026    precision@30 : 0.0221    precision@50 : 0.0183    map@1 : 0.0662    map@2 : 0.0578    map@3 : 0.0552    map@4 : 0.056    map@5 : 0.0572    map@10 : 0.0638    map@20 : 0.0701    map@30 : 0.0734    map@50 : 0.0777
Sun 15 Mar 2026 22:48:18 INFO  Saving current: saved/SCL-Mar-15-2026_22-48-11.pth
Sun 15 Mar 2026 22:48:18 INFO  Saving current best: saved/SCL-Mar-15-2026_22-48-11.pth
Sun 15 Mar 2026 22:48:18 INFO  Running E-step ! 
Sun 15 Mar 2026 22:48:18 INFO  epoch 15 training [time: 0.18s, train_loss1: 5.5145, train_loss2: 0.0079, train_loss3: 0.0105]
Sun 15 Mar 2026 22:48:18 INFO  epoch 15 evaluating [time: 0.15s, valid_score: 0.115500]
Sun 15 Mar 2026 22:48:18 INFO  valid result: 
recall@1 : 0.0376    recall@2 : 0.0602    recall@3 : 0.0767    recall@4 : 0.0945    recall@5 : 0.1085    recall@10 : 0.1699    recall@20 : 0.2595    recall@30 : 0.3235    recall@50 : 0.4282    ndcg@1 : 0.0799    ndcg@2 : 0.0813    ndcg@3 : 0.0829    ndcg@4 : 0.0884    ndcg@5 : 0.0934    ndcg@10 : 0.1155    ndcg@20 : 0.1424    ndcg@30 : 0.1596    ndcg@50 : 0.1838    precision@1 : 0.0799    precision@2 : 0.0688    precision@3 : 0.059    precision@4 : 0.0542    precision@5 : 0.0505    precision@10 : 0.0397    precision@20 : 0.0304    precision@30 : 0.0258    precision@50 : 0.0204    map@1 : 0.0799    map@2 : 0.0691    map@3 : 0.0654    map@4 : 0.0666    map@5 : 0.068    map@10 : 0.0764    map@20 : 0.0843    map@30 : 0.0884    map@50 : 0.0929
Sun 15 Mar 2026 22:48:18 INFO  Saving current: saved/SCL-Mar-15-2026_22-48-11.pth
Sun 15 Mar 2026 22:48:18 INFO  Saving current best: saved/SCL-Mar-15-2026_22-48-11.pth
Sun 15 Mar 2026 22:48:18 INFO  Running E-step ! 
Sun 15 Mar 2026 22:48:19 INFO  epoch 16 training [time: 0.19s, train_loss1: 5.5054, train_loss2: 0.0097, train_loss3: 0.0104]
Sun 15 Mar 2026 22:48:19 INFO  epoch 16 evaluating [time: 0.15s, valid_score: 0.142600]
Sun 15 Mar 2026 22:48:19 INFO  valid result: 
recall@1 : 0.0429    recall@2 : 0.0722    recall@3 : 0.0982    recall@4 : 0.1237    recall@5 : 0.1408    recall@10 : 0.2164    recall@20 : 0.3186    recall@30 : 0.389    recall@50 : 0.4822    ndcg@1 : 0.09    ndcg@2 : 0.0944    ndcg@3 : 0.101    ndcg@4 : 0.1094    ndcg@5 : 0.1156    ndcg@10 : 0.1426    ndcg@20 : 0.1734    ndcg@30 : 0.1919    ndcg@50 : 0.214    precision@1 : 0.09    precision@2 : 0.0802    precision@3 : 0.0725    precision@4 : 0.067    precision@5 : 0.0623    precision@10 : 0.0493    precision@20 : 0.037    precision@30 : 0.0304    precision@50 : 0.023    map@1 : 0.09    map@2 : 0.0799    map@3 : 0.0787    map@4 : 0.0813    map@5 : 0.0835    map@10 : 0.0942    map@20 : 0.1036    map@30 : 0.1081    map@50 : 0.1126
Sun 15 Mar 2026 22:48:19 INFO  Saving current: saved/SCL-Mar-15-2026_22-48-11.pth
Sun 15 Mar 2026 22:48:19 INFO  Saving current best: saved/SCL-Mar-15-2026_22-48-11.pth
Sun 15 Mar 2026 22:48:19 INFO  Running E-step ! 
Sun 15 Mar 2026 22:48:19 INFO  epoch 17 training [time: 0.17s, train_loss1: 5.4914, train_loss2: 0.0126, train_loss3: 0.0104]
Sun 15 Mar 2026 22:48:19 INFO  epoch 17 evaluating [time: 0.15s, valid_score: 0.175000]
Sun 15 Mar 2026 22:48:19 INFO  valid result: 
recall@1 : 0.0526    recall@2 : 0.0884    recall@3 : 0.119    recall@4 : 0.1492    recall@5 : 0.1782    recall@10 : 0.2688    recall@20 : 0.3793    recall@30 : 0.4557    recall@50 : 0.5703    ndcg@1 : 0.1061    ndcg@2 : 0.1111    ndcg@3 : 0.1201    ndcg@4 : 0.1312    ndcg@5 : 0.1423    ndcg@10 : 0.175    ndcg@20 : 0.2084    ndcg@30 : 0.2285    ndcg@50 : 0.2552    precision@1 : 0.1061    precision@2 : 0.0918    precision@3 : 0.084    precision@4 : 0.0797    precision@5 : 0.0764    precision@10 : 0.0597    precision@20 : 0.0433    precision@30 : 0.035    precision@50 : 0.0266    map@1 : 0.1061    map@2 : 0.0942    map@3 : 0.0943    map@4 : 0.0985    map@5 : 0.1033    map@10 : 0.1167    map@20 : 0.1275    map@30 : 0.1329    map@50 : 0.1383
Sun 15 Mar 2026 22:48:19 INFO  Saving current: saved/SCL-Mar-15-2026_22-48-11.pth
Sun 15 Mar 2026 22:48:19 INFO  Saving current best: saved/SCL-Mar-15-2026_22-48-11.pth
Sun 15 Mar 2026 22:48:19 INFO  Running E-step ! 
Sun 15 Mar 2026 22:48:19 INFO  epoch 18 training [time: 0.18s, train_loss1: 5.4696, train_loss2: 0.0168, train_loss3: 0.0104]
Sun 15 Mar 2026 22:48:19 INFO  epoch 18 evaluating [time: 0.15s, valid_score: 0.212500]
Sun 15 Mar 2026 22:48:19 INFO  valid result: 
recall@1 : 0.0574    recall@2 : 0.1062    recall@3 : 0.1545    recall@4 : 0.1934    recall@5 : 0.2286    recall@10 : 0.3372    recall@20 : 0.4648    recall@30 : 0.543    recall@50 : 0.6408    ndcg@1 : 0.1103    ndcg@2 : 0.1258    ndcg@3 : 0.1439    ndcg@4 : 0.1593    ndcg@5 : 0.173    ndcg@10 : 0.2125    ndcg@20 : 0.251    ndcg@30 : 0.2715    ndcg@50 : 0.2946    precision@1 : 0.1103    precision@2 : 0.1043    precision@3 : 0.1005    precision@4 : 0.0959    precision@5 : 0.092    precision@10 : 0.0713    precision@20 : 0.0505    precision@30 : 0.04    precision@50 : 0.029    map@1 : 0.1103    map@2 : 0.1061    map@3 : 0.1128    map@4 : 0.1196    map@5 : 0.1256    map@10 : 0.1421    map@20 : 0.155    map@30 : 0.1607    map@50 : 0.1657
Sun 15 Mar 2026 22:48:19 INFO  Saving current: saved/SCL-Mar-15-2026_22-48-11.pth
Sun 15 Mar 2026 22:48:19 INFO  Saving current best: saved/SCL-Mar-15-2026_22-48-11.pth
Sun 15 Mar 2026 22:48:19 INFO  Running E-step ! 
Sun 15 Mar 2026 22:48:20 INFO  epoch 19 training [time: 0.17s, train_loss1: 5.4302, train_loss2: 0.0238, train_loss3: 0.0104]
Sun 15 Mar 2026 22:48:20 INFO  epoch 19 evaluating [time: 0.14s, valid_score: 0.267900]
Sun 15 Mar 2026 22:48:20 INFO  valid result: 
recall@1 : 0.0973    recall@2 : 0.1611    recall@3 : 0.2006    recall@4 : 0.2379    recall@5 : 0.2739    recall@10 : 0.4075    recall@20 : 0.5473    recall@30 : 0.618    recall@50 : 0.6994    ndcg@1 : 0.1609    ndcg@2 : 0.1786    ndcg@3 : 0.1919    ndcg@4 : 0.2059    ndcg@5 : 0.2195    ndcg@10 : 0.2679    ndcg@20 : 0.3098    ndcg@30 : 0.3286    ndcg@50 : 0.3486    precision@1 : 0.1609    precision@2 : 0.1374    precision@3 : 0.12    precision@4 : 0.1097    precision@5 : 0.1025    precision@10 : 0.0798    precision@20 : 0.0561    precision@30 : 0.0434    precision@50 : 0.0306    map@1 : 0.1609    map@2 : 0.1552    map@3 : 0.1588    map@4 : 0.1641    map@5 : 0.1702    map@10 : 0.191    map@20 : 0.205    map@30 : 0.2104    map@50 : 0.215
Sun 15 Mar 2026 22:48:20 INFO  Saving current: saved/SCL-Mar-15-2026_22-48-11.pth
Sun 15 Mar 2026 22:48:20 INFO  Saving current best: saved/SCL-Mar-15-2026_22-48-11.pth
Sun 15 Mar 2026 22:48:20 INFO  Running E-step ! 
Sun 15 Mar 2026 22:48:20 INFO  epoch 20 training [time: 0.17s, train_loss1: 5.3459, train_loss2: 0.0317, train_loss3: 0.0104, train_loss4: 0.0031]
Sun 15 Mar 2026 22:48:20 INFO  epoch 20 evaluating [time: 0.15s, valid_score: 0.292800]
Sun 15 Mar 2026 22:48:20 INFO  valid result: 
recall@1 : 0.1141    recall@2 : 0.197    recall@3 : 0.2459    recall@4 : 0.2824    recall@5 : 0.3135    recall@10 : 0.4299    recall@20 : 0.5907    recall@30 : 0.6477    recall@50 : 0.7277    ndcg@1 : 0.1824    ndcg@2 : 0.2094    ndcg@3 : 0.2264    ndcg@4 : 0.2394    ndcg@5 : 0.251    ndcg@10 : 0.2928    ndcg@20 : 0.3408    ndcg@30 : 0.3568    ndcg@50 : 0.3764    precision@1 : 0.1824    precision@2 : 0.1576    precision@3 : 0.1361    precision@4 : 0.1205    precision@5 : 0.1097    precision@10 : 0.0801    precision@20 : 0.0577    precision@30 : 0.0441    precision@50 : 0.031    map@1 : 0.1824    map@2 : 0.1836    map@3 : 0.1888    map@4 : 0.1932    map@5 : 0.1983    map@10 : 0.2159    map@20 : 0.2319    map@30 : 0.2367    map@50 : 0.2413
Sun 15 Mar 2026 22:48:20 INFO  Saving current: saved/SCL-Mar-15-2026_22-48-11.pth
Sun 15 Mar 2026 22:48:20 INFO  Saving current best: saved/SCL-Mar-15-2026_22-48-11.pth
Sun 15 Mar 2026 22:48:20 INFO  Running E-step ! 
Sun 15 Mar 2026 22:48:20 INFO  epoch 21 training [time: 0.18s, train_loss1: 5.1795, train_loss2: 0.0356, train_loss3: 0.0104, train_loss4: 0.0035]
Sun 15 Mar 2026 22:48:20 INFO  epoch 21 evaluating [time: 0.15s, valid_score: 0.303700]
Sun 15 Mar 2026 22:48:20 INFO  valid result: 
recall@1 : 0.1237    recall@2 : 0.2034    recall@3 : 0.2538    recall@4 : 0.2933    recall@5 : 0.3292    recall@10 : 0.4444    recall@20 : 0.5935    recall@30 : 0.6622    recall@50 : 0.7432    ndcg@1 : 0.1943    ndcg@2 : 0.2182    ndcg@3 : 0.2356    ndcg@4 : 0.2494    ndcg@5 : 0.2628    ndcg@10 : 0.3037    ndcg@20 : 0.3479    ndcg@30 : 0.3667    ndcg@50 : 0.3866    precision@1 : 0.1943    precision@2 : 0.1621    precision@3 : 0.1397    precision@4 : 0.1235    precision@5 : 0.113    precision@10 : 0.0809    precision@20 : 0.057    precision@30 : 0.0442    precision@50 : 0.0311    map@1 : 0.1943    map@2 : 0.1925    map@3 : 0.1977    map@4 : 0.2025    map@5 : 0.2085    map@10 : 0.2256    map@20 : 0.2401    map@30 : 0.2453    map@50 : 0.2498
Sun 15 Mar 2026 22:48:20 INFO  Saving current: saved/SCL-Mar-15-2026_22-48-11.pth
Sun 15 Mar 2026 22:48:20 INFO  Saving current best: saved/SCL-Mar-15-2026_22-48-11.pth
Sun 15 Mar 2026 22:48:20 INFO  Running E-step ! 
Sun 15 Mar 2026 22:48:21 INFO  epoch 22 training [time: 0.19s, train_loss1: 4.9211, train_loss2: 0.0369, train_loss3: 0.0104, train_loss4: 0.0045]
Sun 15 Mar 2026 22:48:21 INFO  epoch 22 evaluating [time: 0.15s, valid_score: 0.308100]
Sun 15 Mar 2026 22:48:21 INFO  valid result: 
recall@1 : 0.1289    recall@2 : 0.2143    recall@3 : 0.2644    recall@4 : 0.3057    recall@5 : 0.3387    recall@10 : 0.4428    recall@20 : 0.5831    recall@30 : 0.6636    recall@50 : 0.7449    ndcg@1 : 0.1985    ndcg@2 : 0.2277    ndcg@3 : 0.244    ndcg@4 : 0.2587    ndcg@5 : 0.2711    ndcg@10 : 0.3081    ndcg@20 : 0.3498    ndcg@30 : 0.3714    ndcg@50 : 0.3915    precision@1 : 0.1985    precision@2 : 0.1692    precision@3 : 0.1426    precision@4 : 0.1265    precision@5 : 0.115    precision@10 : 0.08    precision@20 : 0.0557    precision@30 : 0.0439    precision@50 : 0.031    map@1 : 0.1985    map@2 : 0.201    map@3 : 0.2055    map@4 : 0.2109    map@5 : 0.2164    map@10 : 0.2318    map@20 : 0.2453    map@30 : 0.2511    map@50 : 0.2557
Sun 15 Mar 2026 22:48:21 INFO  Saving current: saved/SCL-Mar-15-2026_22-48-11.pth
Sun 15 Mar 2026 22:48:21 INFO  Saving current best: saved/SCL-Mar-15-2026_22-48-11.pth
Sun 15 Mar 2026 22:48:21 INFO  Running E-step ! 
Sun 15 Mar 2026 22:48:21 INFO  epoch 23 training [time: 0.19s, train_loss1: 4.5874, train_loss2: 0.0373, train_loss3: 0.0105, train_loss4: 0.0054]
Sun 15 Mar 2026 22:48:21 INFO  epoch 23 evaluating [time: 0.15s, valid_score: 0.305700]
Sun 15 Mar 2026 22:48:21 INFO  valid result: 
recall@1 : 0.1264    recall@2 : 0.208    recall@3 : 0.2645    recall@4 : 0.3046    recall@5 : 0.3403    recall@10 : 0.4409    recall@20 : 0.5816    recall@30 : 0.6672    recall@50 : 0.7564    ndcg@1 : 0.1943    ndcg@2 : 0.2228    ndcg@3 : 0.2423    ndcg@4 : 0.2565    ndcg@5 : 0.2696    ndcg@10 : 0.3057    ndcg@20 : 0.3473    ndcg@30 : 0.3701    ndcg@50 : 0.3918    precision@1 : 0.1943    precision@2 : 0.1663    precision@3 : 0.1428    precision@4 : 0.1265    precision@5 : 0.1147    precision@10 : 0.0796    precision@20 : 0.0552    precision@30 : 0.0438    precision@50 : 0.0311    map@1 : 0.1943    map@2 : 0.1964    map@3 : 0.2028    map@4 : 0.2084    map@5 : 0.2141    map@10 : 0.2291    map@20 : 0.2425    map@30 : 0.2486    map@50 : 0.2534
Sun 15 Mar 2026 22:48:21 INFO  Running E-step ! 
Sun 15 Mar 2026 22:48:21 INFO  epoch 24 training [time: 0.18s, train_loss1: 4.2382, train_loss2: 0.0375, train_loss3: 0.0105, train_loss4: 0.0061]
Sun 15 Mar 2026 22:48:21 INFO  epoch 24 evaluating [time: 0.15s, valid_score: 0.308600]
Sun 15 Mar 2026 22:48:21 INFO  valid result: 
recall@1 : 0.1318    recall@2 : 0.2079    recall@3 : 0.2678    recall@4 : 0.3083    recall@5 : 0.3394    recall@10 : 0.443    recall@20 : 0.5818    recall@30 : 0.6663    recall@50 : 0.7646    ndcg@1 : 0.2014    ndcg@2 : 0.2252    ndcg@3 : 0.2463    ndcg@4 : 0.2606    ndcg@5 : 0.2716    ndcg@10 : 0.3086    ndcg@20 : 0.3497    ndcg@30 : 0.3722    ndcg@50 : 0.3956    precision@1 : 0.2014    precision@2 : 0.1666    precision@3 : 0.1444    precision@4 : 0.1277    precision@5 : 0.1142    precision@10 : 0.0797    precision@20 : 0.0551    precision@30 : 0.0437    precision@50 : 0.0313    map@1 : 0.2014    map@2 : 0.1995    map@3 : 0.207    map@4 : 0.2124    map@5 : 0.217    map@10 : 0.2322    map@20 : 0.2454    map@30 : 0.2515    map@50 : 0.2565
Sun 15 Mar 2026 22:48:21 INFO  Saving current: saved/SCL-Mar-15-2026_22-48-11.pth
Sun 15 Mar 2026 22:48:21 INFO  Saving current best: saved/SCL-Mar-15-2026_22-48-11.pth
Sun 15 Mar 2026 22:48:21 INFO  Running E-step ! 
Sun 15 Mar 2026 22:48:22 INFO  epoch 25 training [time: 0.19s, train_loss1: 3.9200, train_loss2: 0.0377, train_loss3: 0.0106, train_loss4: 0.0068]
Sun 15 Mar 2026 22:48:22 INFO  epoch 25 evaluating [time: 0.15s, valid_score: 0.309400]
Sun 15 Mar 2026 22:48:22 INFO  valid result: 
recall@1 : 0.1325    recall@2 : 0.2092    recall@3 : 0.2679    recall@4 : 0.307    recall@5 : 0.3381    recall@10 : 0.4446    recall@20 : 0.5799    recall@30 : 0.6645    recall@50 : 0.7643    ndcg@1 : 0.2026    ndcg@2 : 0.2263    ndcg@3 : 0.2471    ndcg@4 : 0.2605    ndcg@5 : 0.2715    ndcg@10 : 0.3094    ndcg@20 : 0.3493    ndcg@30 : 0.372    ndcg@50 : 0.3959    precision@1 : 0.2026    precision@2 : 0.1672    precision@3 : 0.145    precision@4 : 0.1274    precision@5 : 0.1138    precision@10 : 0.0798    precision@20 : 0.0546    precision@30 : 0.0435    precision@50 : 0.0312    map@1 : 0.2026    map@2 : 0.2007    map@3 : 0.208    map@4 : 0.2126    map@5 : 0.2173    map@10 : 0.2329    map@20 : 0.2457    map@30 : 0.2518    map@50 : 0.2569
Sun 15 Mar 2026 22:48:22 INFO  Saving current: saved/SCL-Mar-15-2026_22-48-11.pth
Sun 15 Mar 2026 22:48:22 INFO  Saving current best: saved/SCL-Mar-15-2026_22-48-11.pth
Sun 15 Mar 2026 22:48:22 INFO  Running E-step ! 
Sun 15 Mar 2026 22:48:22 INFO  epoch 26 training [time: 0.18s, train_loss1: 3.6766, train_loss2: 0.0380, train_loss3: 0.0106, train_loss4: 0.0070]
Sun 15 Mar 2026 22:48:22 INFO  epoch 26 evaluating [time: 0.14s, valid_score: 0.309200]
Sun 15 Mar 2026 22:48:22 INFO  valid result: 
recall@1 : 0.1317    recall@2 : 0.2082    recall@3 : 0.2657    recall@4 : 0.3086    recall@5 : 0.3404    recall@10 : 0.4458    recall@20 : 0.5793    recall@30 : 0.6677    recall@50 : 0.7647    ndcg@1 : 0.2014    ndcg@2 : 0.225    ndcg@3 : 0.245    ndcg@4 : 0.2605    ndcg@5 : 0.2718    ndcg@10 : 0.3092    ndcg@20 : 0.3487    ndcg@30 : 0.3721    ndcg@50 : 0.3954    precision@1 : 0.2014    precision@2 : 0.1663    precision@3 : 0.1432    precision@4 : 0.1278    precision@5 : 0.1143    precision@10 : 0.0799    precision@20 : 0.0546    precision@30 : 0.0436    precision@50 : 0.0312    map@1 : 0.2014    map@2 : 0.1995    map@3 : 0.2064    map@4 : 0.2122    map@5 : 0.217    map@10 : 0.2324    map@20 : 0.245    map@30 : 0.2512    map@50 : 0.2562
Sun 15 Mar 2026 22:48:22 INFO  Running E-step ! 
Sun 15 Mar 2026 22:48:22 INFO  epoch 27 training [time: 0.19s, train_loss1: 3.5004, train_loss2: 0.0382, train_loss3: 0.0106, train_loss4: 0.0073]
Sun 15 Mar 2026 22:48:22 INFO  epoch 27 evaluating [time: 0.15s, valid_score: 0.309000]
Sun 15 Mar 2026 22:48:22 INFO  valid result: 
recall@1 : 0.1312    recall@2 : 0.2088    recall@3 : 0.2678    recall@4 : 0.3085    recall@5 : 0.3389    recall@10 : 0.4454    recall@20 : 0.579    recall@30 : 0.6669    recall@50 : 0.7646    ndcg@1 : 0.2008    ndcg@2 : 0.2251    ndcg@3 : 0.2459    ndcg@4 : 0.2606    ndcg@5 : 0.2711    ndcg@10 : 0.309    ndcg@20 : 0.3485    ndcg@30 : 0.3718    ndcg@50 : 0.3952    precision@1 : 0.2008    precision@2 : 0.1666    precision@3 : 0.1438    precision@4 : 0.128    precision@5 : 0.1138    precision@10 : 0.0797    precision@20 : 0.0546    precision@30 : 0.0436    precision@50 : 0.0312    map@1 : 0.2008    map@2 : 0.1995    map@3 : 0.2071    map@4 : 0.2122    map@5 : 0.2166    map@10 : 0.2322    map@20 : 0.2449    map@30 : 0.251    map@50 : 0.2561
Sun 15 Mar 2026 22:48:22 INFO  Running E-step ! 
Sun 15 Mar 2026 22:48:23 INFO  epoch 28 training [time: 0.19s, train_loss1: 3.3652, train_loss2: 0.0384, train_loss3: 0.0106, train_loss4: 0.0074]
Sun 15 Mar 2026 22:48:23 INFO  epoch 28 evaluating [time: 0.14s, valid_score: 0.309100]
Sun 15 Mar 2026 22:48:23 INFO  valid result: 
recall@1 : 0.1314    recall@2 : 0.2097    recall@3 : 0.2686    recall@4 : 0.3085    recall@5 : 0.3384    recall@10 : 0.4445    recall@20 : 0.5787    recall@30 : 0.6671    recall@50 : 0.7645    ndcg@1 : 0.2014    ndcg@2 : 0.2259    ndcg@3 : 0.2466    ndcg@4 : 0.2609    ndcg@5 : 0.2713    ndcg@10 : 0.3091    ndcg@20 : 0.3487    ndcg@30 : 0.3722    ndcg@50 : 0.3955    precision@1 : 0.2014    precision@2 : 0.1672    precision@3 : 0.1442    precision@4 : 0.1281    precision@5 : 0.1138    precision@10 : 0.0796    precision@20 : 0.0545    precision@30 : 0.0437    precision@50 : 0.0312    map@1 : 0.2014    map@2 : 0.1999    map@3 : 0.2077    map@4 : 0.2126    map@5 : 0.2169    map@10 : 0.2325    map@20 : 0.2452    map@30 : 0.2515    map@50 : 0.2565
Sun 15 Mar 2026 22:48:23 INFO  Running E-step ! 
Sun 15 Mar 2026 22:48:23 INFO  epoch 29 training [time: 0.16s, train_loss1: 3.2823, train_loss2: 0.0386, train_loss3: 0.0106, train_loss4: 0.0075]
Sun 15 Mar 2026 22:48:23 INFO  epoch 29 evaluating [time: 0.14s, valid_score: 0.309000]
Sun 15 Mar 2026 22:48:23 INFO  valid result: 
recall@1 : 0.1314    recall@2 : 0.2099    recall@3 : 0.2682    recall@4 : 0.3091    recall@5 : 0.3378    recall@10 : 0.4442    recall@20 : 0.579    recall@30 : 0.6649    recall@50 : 0.7644    ndcg@1 : 0.2014    ndcg@2 : 0.2259    ndcg@3 : 0.2464    ndcg@4 : 0.2612    ndcg@5 : 0.2711    ndcg@10 : 0.309    ndcg@20 : 0.3488    ndcg@30 : 0.3718    ndcg@50 : 0.3955    precision@1 : 0.2014    precision@2 : 0.1672    precision@3 : 0.144    precision@4 : 0.1283    precision@5 : 0.1137    precision@10 : 0.0796    precision@20 : 0.0546    precision@30 : 0.0436    precision@50 : 0.0312    map@1 : 0.2014    map@2 : 0.1999    map@3 : 0.2076    map@4 : 0.2128    map@5 : 0.2168    map@10 : 0.2325    map@20 : 0.2453    map@30 : 0.2514    map@50 : 0.2565
Sun 15 Mar 2026 22:48:23 INFO  Running E-step ! 
Sun 15 Mar 2026 22:48:23 INFO  epoch 30 training [time: 0.18s, train_loss1: 3.2677, train_loss2: 0.0388, train_loss3: 0.0106, train_loss4: 0.0075]
Sun 15 Mar 2026 22:48:23 INFO  epoch 30 evaluating [time: 0.15s, valid_score: 0.309000]
Sun 15 Mar 2026 22:48:23 INFO  valid result: 
recall@1 : 0.1314    recall@2 : 0.2092    recall@3 : 0.2682    recall@4 : 0.3085    recall@5 : 0.3379    recall@10 : 0.4445    recall@20 : 0.5787    recall@30 : 0.6645    recall@50 : 0.7641    ndcg@1 : 0.2014    ndcg@2 : 0.2253    ndcg@3 : 0.2463    ndcg@4 : 0.2608    ndcg@5 : 0.2711    ndcg@10 : 0.309    ndcg@20 : 0.3486    ndcg@30 : 0.3716    ndcg@50 : 0.3953    precision@1 : 0.2014    precision@2 : 0.1666    precision@3 : 0.144    precision@4 : 0.128    precision@5 : 0.1138    precision@10 : 0.0796    precision@20 : 0.0546    precision@30 : 0.0436    precision@50 : 0.0312    map@1 : 0.2014    map@2 : 0.1995    map@3 : 0.2074    map@4 : 0.2125    map@5 : 0.2167    map@10 : 0.2324    map@20 : 0.2452    map@30 : 0.2513    map@50 : 0.2564
Sun 15 Mar 2026 22:48:23 INFO  Running E-step ! 
Sun 15 Mar 2026 22:48:24 INFO  epoch 31 training [time: 0.20s, train_loss1: 3.2034, train_loss2: 0.0390, train_loss3: 0.0107, train_loss4: 0.0075]
Sun 15 Mar 2026 22:48:24 INFO  epoch 31 evaluating [time: 0.15s, valid_score: 0.308900]
Sun 15 Mar 2026 22:48:24 INFO  valid result: 
recall@1 : 0.1314    recall@2 : 0.2089    recall@3 : 0.2682    recall@4 : 0.3086    recall@5 : 0.3379    recall@10 : 0.4445    recall@20 : 0.5788    recall@30 : 0.6627    recall@50 : 0.7639    ndcg@1 : 0.2008    ndcg@2 : 0.2249    ndcg@3 : 0.2461    ndcg@4 : 0.2607    ndcg@5 : 0.271    ndcg@10 : 0.3089    ndcg@20 : 0.3486    ndcg@30 : 0.3712    ndcg@50 : 0.3953    precision@1 : 0.2008    precision@2 : 0.1663    precision@3 : 0.144    precision@4 : 0.1281    precision@5 : 0.1138    precision@10 : 0.0796    precision@20 : 0.0546    precision@30 : 0.0435    precision@50 : 0.0312    map@1 : 0.2008    map@2 : 0.1992    map@3 : 0.2073    map@4 : 0.2125    map@5 : 0.2167    map@10 : 0.2323    map@20 : 0.2452    map@30 : 0.2512    map@50 : 0.2563
Sun 15 Mar 2026 22:48:24 INFO  Running E-step ! 
Sun 15 Mar 2026 22:48:24 INFO  epoch 32 training [time: 0.20s, train_loss1: 3.2226, train_loss2: 0.0391, train_loss3: 0.0107, train_loss4: 0.0075]
Sun 15 Mar 2026 22:48:24 INFO  epoch 32 evaluating [time: 0.14s, valid_score: 0.309100]
Sun 15 Mar 2026 22:48:24 INFO  valid result: 
recall@1 : 0.1316    recall@2 : 0.2089    recall@3 : 0.2684    recall@4 : 0.3086    recall@5 : 0.3379    recall@10 : 0.4448    recall@20 : 0.5789    recall@30 : 0.6604    recall@50 : 0.7629    ndcg@1 : 0.202    ndcg@2 : 0.2252    ndcg@3 : 0.2465    ndcg@4 : 0.2609    ndcg@5 : 0.2711    ndcg@10 : 0.3091    ndcg@20 : 0.3489    ndcg@30 : 0.3709    ndcg@50 : 0.3953    precision@1 : 0.202    precision@2 : 0.1663    precision@3 : 0.1442    precision@4 : 0.1281    precision@5 : 0.1138    precision@10 : 0.0796    precision@20 : 0.0546    precision@30 : 0.0434    precision@50 : 0.0312    map@1 : 0.202    map@2 : 0.1995    map@3 : 0.2075    map@4 : 0.2127    map@5 : 0.2168    map@10 : 0.2325    map@20 : 0.2453    map@30 : 0.2513    map@50 : 0.2565
Sun 15 Mar 2026 22:48:24 INFO  Running E-step ! 
Sun 15 Mar 2026 22:48:24 INFO  epoch 33 training [time: 0.21s, train_loss1: 3.1676, train_loss2: 0.0392, train_loss3: 0.0107, train_loss4: 0.0074]
Sun 15 Mar 2026 22:48:25 INFO  epoch 33 evaluating [time: 0.14s, valid_score: 0.308900]
Sun 15 Mar 2026 22:48:25 INFO  valid result: 
recall@1 : 0.1314    recall@2 : 0.2089    recall@3 : 0.2683    recall@4 : 0.308    recall@5 : 0.3369    recall@10 : 0.4444    recall@20 : 0.5794    recall@30 : 0.6603    recall@50 : 0.7622    ndcg@1 : 0.2014    ndcg@2 : 0.225    ndcg@3 : 0.2462    ndcg@4 : 0.2606    ndcg@5 : 0.2707    ndcg@10 : 0.3089    ndcg@20 : 0.3489    ndcg@30 : 0.3707    ndcg@50 : 0.395    precision@1 : 0.2014    precision@2 : 0.1663    precision@3 : 0.144    precision@4 : 0.128    precision@5 : 0.1137    precision@10 : 0.0796    precision@20 : 0.0547    precision@30 : 0.0434    precision@50 : 0.0312    map@1 : 0.2014    map@2 : 0.1993    map@3 : 0.2072    map@4 : 0.2124    map@5 : 0.2166    map@10 : 0.2324    map@20 : 0.2452    map@30 : 0.2512    map@50 : 0.2564
Sun 15 Mar 2026 22:48:25 INFO  Running E-step ! 
Sun 15 Mar 2026 22:48:25 INFO  epoch 34 training [time: 0.20s, train_loss1: 3.2006, train_loss2: 0.0394, train_loss3: 0.0107, train_loss4: 0.0074]
Sun 15 Mar 2026 22:48:25 INFO  epoch 34 evaluating [time: 0.15s, valid_score: 0.308700]
Sun 15 Mar 2026 22:48:25 INFO  valid result: 
recall@1 : 0.1306    recall@2 : 0.2088    recall@3 : 0.2682    recall@4 : 0.3077    recall@5 : 0.3373    recall@10 : 0.4448    recall@20 : 0.5791    recall@30 : 0.6592    recall@50 : 0.7626    ndcg@1 : 0.2002    ndcg@2 : 0.225    ndcg@3 : 0.2459    ndcg@4 : 0.2601    ndcg@5 : 0.2705    ndcg@10 : 0.3087    ndcg@20 : 0.3485    ndcg@30 : 0.3702    ndcg@50 : 0.3948    precision@1 : 0.2002    precision@2 : 0.1669    precision@3 : 0.144    precision@4 : 0.1278    precision@5 : 0.1139    precision@10 : 0.0796    precision@20 : 0.0547    precision@30 : 0.0434    precision@50 : 0.0312    map@1 : 0.2002    map@2 : 0.1992    map@3 : 0.2068    map@4 : 0.2119    map@5 : 0.2163    map@10 : 0.232    map@20 : 0.2449    map@30 : 0.2508    map@50 : 0.2561
Sun 15 Mar 2026 22:48:25 INFO  Running E-step ! 
Sun 15 Mar 2026 22:48:25 INFO  epoch 35 training [time: 0.20s, train_loss1: 3.1789, train_loss2: 0.0395, train_loss3: 0.0107, train_loss4: 0.0073]
Sun 15 Mar 2026 22:48:25 INFO  epoch 35 evaluating [time: 0.15s, valid_score: 0.308300]
Sun 15 Mar 2026 22:48:25 INFO  valid result: 
recall@1 : 0.1306    recall@2 : 0.2088    recall@3 : 0.2682    recall@4 : 0.3075    recall@5 : 0.3372    recall@10 : 0.4436    recall@20 : 0.579    recall@30 : 0.6595    recall@50 : 0.7634    ndcg@1 : 0.2002    ndcg@2 : 0.225    ndcg@3 : 0.2459    ndcg@4 : 0.26    ndcg@5 : 0.2705    ndcg@10 : 0.3083    ndcg@20 : 0.3485    ndcg@30 : 0.3703    ndcg@50 : 0.3949    precision@1 : 0.2002    precision@2 : 0.1669    precision@3 : 0.144    precision@4 : 0.1277    precision@5 : 0.1139    precision@10 : 0.0794    precision@20 : 0.0547    precision@30 : 0.0434    precision@50 : 0.0313    map@1 : 0.2002    map@2 : 0.1992    map@3 : 0.2068    map@4 : 0.2119    map@5 : 0.2163    map@10 : 0.2319    map@20 : 0.2449    map@30 : 0.2508    map@50 : 0.2561
Sun 15 Mar 2026 22:48:25 INFO  Running E-step ! 
Sun 15 Mar 2026 22:48:25 INFO  epoch 36 training [time: 0.21s, train_loss1: 3.1816, train_loss2: 0.0397, train_loss3: 0.0107, train_loss4: 0.0072]
Sun 15 Mar 2026 22:48:26 INFO  epoch 36 evaluating [time: 0.14s, valid_score: 0.308500]
Sun 15 Mar 2026 22:48:26 INFO  valid result: 
recall@1 : 0.1306    recall@2 : 0.2091    recall@3 : 0.2682    recall@4 : 0.3075    recall@5 : 0.3378    recall@10 : 0.4438    recall@20 : 0.5786    recall@30 : 0.6591    recall@50 : 0.7631    ndcg@1 : 0.2002    ndcg@2 : 0.2254    ndcg@3 : 0.2459    ndcg@4 : 0.26    ndcg@5 : 0.2708    ndcg@10 : 0.3085    ndcg@20 : 0.3485    ndcg@30 : 0.3703    ndcg@50 : 0.395    precision@1 : 0.2002    precision@2 : 0.1672    precision@3 : 0.144    precision@4 : 0.1277    precision@5 : 0.1141    precision@10 : 0.0797    precision@20 : 0.0547    precision@30 : 0.0434    precision@50 : 0.0313    map@1 : 0.2002    map@2 : 0.1995    map@3 : 0.2069    map@4 : 0.2119    map@5 : 0.2165    map@10 : 0.2321    map@20 : 0.245    map@30 : 0.2509    map@50 : 0.2562
Sun 15 Mar 2026 22:48:26 INFO  Finished training, best eval result in epoch 25
Sun 15 Mar 2026 22:48:26 INFO  Loading model structure and parameters from saved/SCL-Mar-15-2026_22-48-11.pth
Sun 15 Mar 2026 22:48:26 INFO  best valid : OrderedDict([('recall@1', 0.1325), ('recall@2', 0.2092), ('recall@3', 0.2679), ('recall@4', 0.307), ('recall@5', 0.3381), ('recall@10', 0.4446), ('recall@20', 0.5799), ('recall@30', 0.6645), ('recall@50', 0.7643), ('ndcg@1', 0.2026), ('ndcg@2', 0.2263), ('ndcg@3', 0.2471), ('ndcg@4', 0.2605), ('ndcg@5', 0.2715), ('ndcg@10', 0.3094), ('ndcg@20', 0.3493), ('ndcg@30', 0.372), ('ndcg@50', 0.3959), ('precision@1', 0.2026), ('precision@2', 0.1672), ('precision@3', 0.145), ('precision@4', 0.1274), ('precision@5', 0.1138), ('precision@10', 0.0798), ('precision@20', 0.0546), ('precision@30', 0.0435), ('precision@50', 0.0312), ('map@1', 0.2026), ('map@2', 0.2007), ('map@3', 0.208), ('map@4', 0.2126), ('map@5', 0.2173), ('map@10', 0.2329), ('map@20', 0.2457), ('map@30', 0.2518), ('map@50', 0.2569)])
Sun 15 Mar 2026 22:48:26 INFO  test result: OrderedDict([('recall@1', 0.1286), ('recall@2', 0.2298), ('recall@3', 0.2828), ('recall@4', 0.3182), ('recall@5', 0.3479), ('recall@10', 0.4752), ('recall@20', 0.6153), ('recall@30', 0.6893), ('recall@50', 0.7781), ('ndcg@1', 0.2218), ('ndcg@2', 0.2512), ('ndcg@3', 0.2657), ('ndcg@4', 0.2757), ('ndcg@5', 0.2852), ('ndcg@10', 0.3276), ('ndcg@20', 0.3676), ('ndcg@30', 0.387), ('ndcg@50', 0.4079), ('precision@1', 0.2218), ('precision@2', 0.1912), ('precision@3', 0.1605), ('precision@4', 0.1383), ('precision@5', 0.1225), ('precision@10', 0.087), ('precision@20', 0.0581), ('precision@30', 0.0443), ('precision@50', 0.031), ('map@1', 0.2218), ('map@2', 0.2221), ('map@3', 0.2235), ('map@4', 0.2257), ('map@5', 0.2287), ('map@10', 0.2449), ('map@20', 0.2575), ('map@30', 0.2627), ('map@50', 0.2674)])
Sun 15 Mar 2026 22:48:26 INFO  training time: 13.2258s
Sun 15 Mar 2026 22:48:26 INFO  result file: results/again2/scl_scl_seed2027.json
