Sun 15 Mar 2026 22:51:30 INFO  
General Hyper Parameters:
gpu_id = 0
use_gpu = True
seed = 2030
state = INFO
reproducibility = True
data_path = ./travel
checkpoint_dir = saved
show_progress = True
save_dataset = False
dataset_save_path = None
save_dataloaders = False
dataloaders_save_path = None
log_wandb = False

Training Hyper Parameters:
epochs = 1000
train_batch_size = 4096
learner = adam
learning_rate = 0.001
train_neg_sample_args = {'distribution': 'uniform', 'sample_num': 1, 'alpha': 1.0, 'dynamic': False, 'candidate_num': 0}
eval_step = 1
stopping_step = 10
clip_grad_norm = None
weight_decay = 0.0
loss_decimal_place = 4

Evaluation Hyper Parameters:
eval_args = {'split': {'RS': [0.8, 0.1, 0.1]}, 'order': 'RO', 'group_by': 'user', 'mode': {'valid': 'full', 'test': 'full'}}
repeatable = False
metrics = ['Recall', 'NDCG', 'Precision', 'MAP']
topk = [1, 2, 3, 4, 5, 10, 20, 30, 50]
valid_metric = NDCG@10
valid_metric_bigger = True
eval_batch_size = 4096
metric_decimal_place = 4

Dataset Hyper Parameters:
field_separator = 	
seq_separator =  
USER_ID_FIELD = user_id
ITEM_ID_FIELD = item_id
RATING_FIELD = rating
TIME_FIELD = timestamp
seq_len = None
LABEL_FIELD = label
threshold = None
NEG_PREFIX = neg_
load_col = {'inter': ['user_id', 'item_id', 'rating'], 'user': ['user_id', 'post_num', 'follower', 'following', 'timestamp']}
unload_col = None
unused_col = None
additional_feat_suffix = None
rm_dup_inter = None
val_interval = {'rating': '[0,inf)'}
filter_inter_by_user_or_item = True
user_inter_num_interval = [0,inf)
item_inter_num_interval = [0,inf)
alias_of_user_id = None
alias_of_item_id = None
alias_of_entity_id = None
alias_of_relation_id = None
preload_weight = None
normalize_field = None
normalize_all = None
ITEM_LIST_LENGTH_FIELD = item_length
LIST_SUFFIX = _list
MAX_ITEM_LIST_LENGTH = 50
POSITION_FIELD = position_id
HEAD_ENTITY_ID_FIELD = head_id
TAIL_ENTITY_ID_FIELD = tail_id
RELATION_ID_FIELD = relation_id
ENTITY_ID_FIELD = entity_id
benchmark_filename = None

Other Hyper Parameters: 
worker = 0
wandb_project = recbole
shuffle = True
require_pow = False
enable_amp = False
enable_scaler = False
transform = None
numerical_features = []
discretization = None
kg_reverse_r = False
entity_kg_num_interval = [0,inf)
relation_kg_num_interval = [0,inf)
MODEL_TYPE = ModelType.GENERAL
embedding_size = 64
n_layers = 3
reg_weight = 0.0001
smt_latent_dim = 64
ssl_temp = 0.1
ssl_reg = 0.0
hyper_layers = 1
alpha = 1
potential_reg = 8e-08
semantic_reg = 8e-08
num_clusters = 10
m_step = 1
warm_up_step = 20
user_feature_path = features/roberta_user.npy
item_feature_path = features/roberta_item.npy
MODEL_INPUT_TYPE = InputType.PAIRWISE
eval_type = EvaluatorType.RANKING
single_spec = True
local_rank = 0
device = cuda
valid_neg_sample_args = {'distribution': 'uniform', 'sample_num': 'none'}
test_neg_sample_args = {'distribution': 'uniform', 'sample_num': 'none'}


Sun 15 Mar 2026 22:51:30 INFO  travel
The number of users: 2010
Average actions of users: 18.721254355400696
The number of items: 247
Average actions of items: 152.890243902439
The number of inters: 37611
The sparsity of the dataset: 92.42431566862047%
Remain Fields: ['user_id', 'item_id', 'rating', 'post_num', 'follower', 'following', 'timestamp']
Sun 15 Mar 2026 22:51:30 INFO  [Training]: train_batch_size = [4096] train_neg_sample_args: [{'distribution': 'uniform', 'sample_num': 1, 'alpha': 1.0, 'dynamic': False, 'candidate_num': 0}]
Sun 15 Mar 2026 22:51:30 INFO  [Evaluation]: eval_batch_size = [4096] eval_args: [{'split': {'RS': [0.8, 0.1, 0.1]}, 'order': 'RO', 'group_by': 'user', 'mode': {'valid': 'full', 'test': 'full'}}]
Sun 15 Mar 2026 22:51:31 INFO  SCL(
  (u_MLP): Linear(in_features=1024, out_features=64, bias=True)
  (i_MLP): Linear(in_features=1024, out_features=64, bias=True)
  (user_embedding): Embedding(2010, 64)
  (item_embedding): Embedding(247, 64)
  (mf_loss): BPRLoss()
  (reg_loss): EmbLoss()
)
Trainable parameters: 144448
Sun 15 Mar 2026 22:51:31 INFO  trainable parameters: 144448
Sun 15 Mar 2026 22:51:32 INFO  Running E-step ! 
Sun 15 Mar 2026 22:51:32 INFO  epoch 0 training [time: 0.50s, train_loss1: 5.5399, train_loss2: 0.0000, train_loss3: 0.0115]
Sun 15 Mar 2026 22:51:33 INFO  epoch 0 evaluating [time: 0.19s, valid_score: 0.205000]
Sun 15 Mar 2026 22:51:33 INFO  valid result: 
recall@1 : 0.0711    recall@2 : 0.1229    recall@3 : 0.1637    recall@4 : 0.1971    recall@5 : 0.222    recall@10 : 0.3058    recall@20 : 0.4179    recall@30 : 0.4953    recall@50 : 0.5962    ndcg@1 : 0.1317    ndcg@2 : 0.1424    ndcg@3 : 0.156    ndcg@4 : 0.1669    ndcg@5 : 0.1757    ndcg@10 : 0.205    ndcg@20 : 0.2382    ndcg@30 : 0.2579    ndcg@50 : 0.281    precision@1 : 0.1317    precision@2 : 0.1132    precision@3 : 0.1023    precision@4 : 0.0915    precision@5 : 0.0832    precision@10 : 0.0595    precision@20 : 0.042    precision@30 : 0.0337    precision@50 : 0.0249    map@1 : 0.1317    map@2 : 0.1226    map@3 : 0.1254    map@4 : 0.1288    map@5 : 0.1324    map@10 : 0.1432    map@20 : 0.1533    map@30 : 0.1579    map@50 : 0.1623
Sun 15 Mar 2026 22:51:33 INFO  Saving current: saved/SCL-Mar-15-2026_22-51-31.pth
Sun 15 Mar 2026 22:51:33 INFO  Saving current best: saved/SCL-Mar-15-2026_22-51-31.pth
Sun 15 Mar 2026 22:51:33 INFO  Running E-step ! 
Sun 15 Mar 2026 22:51:33 INFO  epoch 1 training [time: 0.19s, train_loss1: 5.5244, train_loss2: 0.0000, train_loss3: 0.0115]
Sun 15 Mar 2026 22:51:33 INFO  epoch 1 evaluating [time: 0.16s, valid_score: 0.302900]
Sun 15 Mar 2026 22:51:33 INFO  valid result: 
recall@1 : 0.1108    recall@2 : 0.1988    recall@3 : 0.2556    recall@4 : 0.2955    recall@5 : 0.3356    recall@10 : 0.4525    recall@20 : 0.5759    recall@30 : 0.64    recall@50 : 0.7379    ndcg@1 : 0.1836    ndcg@2 : 0.2133    ndcg@3 : 0.2331    ndcg@4 : 0.2469    ndcg@5 : 0.262    ndcg@10 : 0.3029    ndcg@20 : 0.3393    ndcg@30 : 0.3566    ndcg@50 : 0.3797    precision@1 : 0.1836    precision@2 : 0.163    precision@3 : 0.1428    precision@4 : 0.1268    precision@5 : 0.117    precision@10 : 0.0831    precision@20 : 0.0548    precision@30 : 0.0422    precision@50 : 0.0303    map@1 : 0.1836    map@2 : 0.1864    map@3 : 0.1926    map@4 : 0.1979    map@5 : 0.2042    map@10 : 0.2206    map@20 : 0.2323    map@30 : 0.237    map@50 : 0.2418
Sun 15 Mar 2026 22:51:33 INFO  Saving current: saved/SCL-Mar-15-2026_22-51-31.pth
Sun 15 Mar 2026 22:51:33 INFO  Saving current best: saved/SCL-Mar-15-2026_22-51-31.pth
Sun 15 Mar 2026 22:51:33 INFO  Running E-step ! 
Sun 15 Mar 2026 22:51:33 INFO  epoch 2 training [time: 0.18s, train_loss1: 5.4861, train_loss2: 0.0000, train_loss3: 0.0115]
Sun 15 Mar 2026 22:51:33 INFO  epoch 2 evaluating [time: 0.16s, valid_score: 0.314100]
Sun 15 Mar 2026 22:51:33 INFO  valid result: 
recall@1 : 0.117    recall@2 : 0.2147    recall@3 : 0.2723    recall@4 : 0.3077    recall@5 : 0.3388    recall@10 : 0.4642    recall@20 : 0.5929    recall@30 : 0.661    recall@50 : 0.7584    ndcg@1 : 0.1937    ndcg@2 : 0.227    ndcg@3 : 0.2465    ndcg@4 : 0.2586    ndcg@5 : 0.2699    ndcg@10 : 0.3141    ndcg@20 : 0.3518    ndcg@30 : 0.3701    ndcg@50 : 0.3929    precision@1 : 0.1937    precision@2 : 0.1728    precision@3 : 0.1494    precision@4 : 0.1308    precision@5 : 0.118    precision@10 : 0.0849    precision@20 : 0.0563    precision@30 : 0.0434    precision@50 : 0.0309    map@1 : 0.1937    map@2 : 0.198    map@3 : 0.204    map@4 : 0.208    map@5 : 0.2125    map@10 : 0.2306    map@20 : 0.2427    map@30 : 0.2476    map@50 : 0.2524
Sun 15 Mar 2026 22:51:33 INFO  Saving current: saved/SCL-Mar-15-2026_22-51-31.pth
Sun 15 Mar 2026 22:51:33 INFO  Saving current best: saved/SCL-Mar-15-2026_22-51-31.pth
Sun 15 Mar 2026 22:51:33 INFO  Running E-step ! 
Sun 15 Mar 2026 22:51:34 INFO  epoch 3 training [time: 0.18s, train_loss1: 5.4146, train_loss2: 0.0000, train_loss3: 0.0117]
Sun 15 Mar 2026 22:51:34 INFO  epoch 3 evaluating [time: 0.15s, valid_score: 0.315500]
Sun 15 Mar 2026 22:51:34 INFO  valid result: 
recall@1 : 0.1201    recall@2 : 0.215    recall@3 : 0.273    recall@4 : 0.3077    recall@5 : 0.343    recall@10 : 0.4645    recall@20 : 0.5908    recall@30 : 0.6684    recall@50 : 0.7629    ndcg@1 : 0.1955    ndcg@2 : 0.2285    ndcg@3 : 0.2478    ndcg@4 : 0.26    ndcg@5 : 0.2731    ndcg@10 : 0.3155    ndcg@20 : 0.3527    ndcg@30 : 0.3731    ndcg@50 : 0.3955    precision@1 : 0.1955    precision@2 : 0.1734    precision@3 : 0.1492    precision@4 : 0.1314    precision@5 : 0.1198    precision@10 : 0.0848    precision@20 : 0.0563    precision@30 : 0.0437    precision@50 : 0.031    map@1 : 0.1955    map@2 : 0.1999    map@3 : 0.2058    map@4 : 0.2099    map@5 : 0.2154    map@10 : 0.2325    map@20 : 0.2445    map@30 : 0.2499    map@50 : 0.2547
Sun 15 Mar 2026 22:51:34 INFO  Saving current: saved/SCL-Mar-15-2026_22-51-31.pth
Sun 15 Mar 2026 22:51:34 INFO  Saving current best: saved/SCL-Mar-15-2026_22-51-31.pth
Sun 15 Mar 2026 22:51:34 INFO  Running E-step ! 
Sun 15 Mar 2026 22:51:34 INFO  epoch 4 training [time: 0.17s, train_loss1: 5.3042, train_loss2: 0.0000, train_loss3: 0.0118]
Sun 15 Mar 2026 22:51:34 INFO  epoch 4 evaluating [time: 0.15s, valid_score: 0.315400]
Sun 15 Mar 2026 22:51:34 INFO  valid result: 
recall@1 : 0.1206    recall@2 : 0.2144    recall@3 : 0.2719    recall@4 : 0.3079    recall@5 : 0.3433    recall@10 : 0.464    recall@20 : 0.59    recall@30 : 0.6718    recall@50 : 0.7649    ndcg@1 : 0.1955    ndcg@2 : 0.2276    ndcg@3 : 0.2472    ndcg@4 : 0.2603    ndcg@5 : 0.2733    ndcg@10 : 0.3154    ndcg@20 : 0.3528    ndcg@30 : 0.3741    ndcg@50 : 0.3962    precision@1 : 0.1955    precision@2 : 0.1722    precision@3 : 0.1486    precision@4 : 0.1319    precision@5 : 0.12    precision@10 : 0.0844    precision@20 : 0.0564    precision@30 : 0.0439    precision@50 : 0.031    map@1 : 0.1955    map@2 : 0.1993    map@3 : 0.2055    map@4 : 0.2101    map@5 : 0.2156    map@10 : 0.2326    map@20 : 0.2449    map@30 : 0.2504    map@50 : 0.2551
Sun 15 Mar 2026 22:51:34 INFO  Running E-step ! 
Sun 15 Mar 2026 22:51:34 INFO  epoch 5 training [time: 0.19s, train_loss1: 5.1528, train_loss2: 0.0000, train_loss3: 0.0119]
Sun 15 Mar 2026 22:51:34 INFO  epoch 5 evaluating [time: 0.15s, valid_score: 0.316200]
Sun 15 Mar 2026 22:51:34 INFO  valid result: 
recall@1 : 0.122    recall@2 : 0.2144    recall@3 : 0.2728    recall@4 : 0.3075    recall@5 : 0.3431    recall@10 : 0.4649    recall@20 : 0.5913    recall@30 : 0.6709    recall@50 : 0.7666    ndcg@1 : 0.1973    ndcg@2 : 0.2282    ndcg@3 : 0.2483    ndcg@4 : 0.2606    ndcg@5 : 0.2738    ndcg@10 : 0.3162    ndcg@20 : 0.3538    ndcg@30 : 0.3747    ndcg@50 : 0.3972    precision@1 : 0.1973    precision@2 : 0.1722    precision@3 : 0.1494    precision@4 : 0.1316    precision@5 : 0.1199    precision@10 : 0.0845    precision@20 : 0.0565    precision@30 : 0.0439    precision@50 : 0.0311    map@1 : 0.1973    map@2 : 0.2001    map@3 : 0.2065    map@4 : 0.2108    map@5 : 0.2163    map@10 : 0.2335    map@20 : 0.2457    map@30 : 0.2512    map@50 : 0.256
Sun 15 Mar 2026 22:51:34 INFO  Saving current: saved/SCL-Mar-15-2026_22-51-31.pth
Sun 15 Mar 2026 22:51:34 INFO  Saving current best: saved/SCL-Mar-15-2026_22-51-31.pth
Sun 15 Mar 2026 22:51:34 INFO  Running E-step ! 
Sun 15 Mar 2026 22:51:35 INFO  epoch 6 training [time: 0.18s, train_loss1: 4.9585, train_loss2: 0.0000, train_loss3: 0.0121]
Sun 15 Mar 2026 22:51:35 INFO  epoch 6 evaluating [time: 0.15s, valid_score: 0.317100]
Sun 15 Mar 2026 22:51:35 INFO  valid result: 
recall@1 : 0.1227    recall@2 : 0.2143    recall@3 : 0.2726    recall@4 : 0.3096    recall@5 : 0.3412    recall@10 : 0.4669    recall@20 : 0.5921    recall@30 : 0.6725    recall@50 : 0.7672    ndcg@1 : 0.1985    ndcg@2 : 0.2283    ndcg@3 : 0.2485    ndcg@4 : 0.2621    ndcg@5 : 0.2733    ndcg@10 : 0.3171    ndcg@20 : 0.3543    ndcg@30 : 0.3753    ndcg@50 : 0.3977    precision@1 : 0.1985    precision@2 : 0.1719    precision@3 : 0.1492    precision@4 : 0.1327    precision@5 : 0.1192    precision@10 : 0.0847    precision@20 : 0.0566    precision@30 : 0.044    precision@50 : 0.0311    map@1 : 0.1985    map@2 : 0.2002    map@3 : 0.2068    map@4 : 0.2119    map@5 : 0.2163    map@10 : 0.234    map@20 : 0.2461    map@30 : 0.2516    map@50 : 0.2564
Sun 15 Mar 2026 22:51:35 INFO  Saving current: saved/SCL-Mar-15-2026_22-51-31.pth
Sun 15 Mar 2026 22:51:35 INFO  Saving current best: saved/SCL-Mar-15-2026_22-51-31.pth
Sun 15 Mar 2026 22:51:35 INFO  Running E-step ! 
Sun 15 Mar 2026 22:51:35 INFO  epoch 7 training [time: 0.18s, train_loss1: 4.7410, train_loss2: 0.0000, train_loss3: 0.0122]
Sun 15 Mar 2026 22:51:35 INFO  epoch 7 evaluating [time: 0.15s, valid_score: 0.318400]
Sun 15 Mar 2026 22:51:35 INFO  valid result: 
recall@1 : 0.1233    recall@2 : 0.2145    recall@3 : 0.2726    recall@4 : 0.309    recall@5 : 0.3414    recall@10 : 0.4705    recall@20 : 0.592    recall@30 : 0.6721    recall@50 : 0.765    ndcg@1 : 0.199    ndcg@2 : 0.2288    ndcg@3 : 0.2488    ndcg@4 : 0.262    ndcg@5 : 0.2736    ndcg@10 : 0.3184    ndcg@20 : 0.3545    ndcg@30 : 0.3755    ndcg@50 : 0.3976    precision@1 : 0.199    precision@2 : 0.1722    precision@3 : 0.1494    precision@4 : 0.1324    precision@5 : 0.1192    precision@10 : 0.0851    precision@20 : 0.0565    precision@30 : 0.044    precision@50 : 0.0311    map@1 : 0.199    map@2 : 0.2007    map@3 : 0.2072    map@4 : 0.212    map@5 : 0.2166    map@10 : 0.2347    map@20 : 0.2464    map@30 : 0.2519    map@50 : 0.2567
Sun 15 Mar 2026 22:51:35 INFO  Saving current: saved/SCL-Mar-15-2026_22-51-31.pth
Sun 15 Mar 2026 22:51:35 INFO  Saving current best: saved/SCL-Mar-15-2026_22-51-31.pth
Sun 15 Mar 2026 22:51:35 INFO  Running E-step ! 
Sun 15 Mar 2026 22:51:35 INFO  epoch 8 training [time: 0.18s, train_loss1: 4.5096, train_loss2: 0.0000, train_loss3: 0.0123]
Sun 15 Mar 2026 22:51:35 INFO  epoch 8 evaluating [time: 0.15s, valid_score: 0.318700]
Sun 15 Mar 2026 22:51:35 INFO  valid result: 
recall@1 : 0.1237    recall@2 : 0.2143    recall@3 : 0.2722    recall@4 : 0.3093    recall@5 : 0.3425    recall@10 : 0.4712    recall@20 : 0.5924    recall@30 : 0.6727    recall@50 : 0.766    ndcg@1 : 0.199    ndcg@2 : 0.2286    ndcg@3 : 0.2487    ndcg@4 : 0.2623    ndcg@5 : 0.274    ndcg@10 : 0.3187    ndcg@20 : 0.3548    ndcg@30 : 0.3759    ndcg@50 : 0.3979    precision@1 : 0.199    precision@2 : 0.1719    precision@3 : 0.1494    precision@4 : 0.1326    precision@5 : 0.1194    precision@10 : 0.0852    precision@20 : 0.0566    precision@30 : 0.0441    precision@50 : 0.0311    map@1 : 0.199    map@2 : 0.2007    map@3 : 0.2071    map@4 : 0.2123    map@5 : 0.217    map@10 : 0.2349    map@20 : 0.2467    map@30 : 0.2522    map@50 : 0.257
Sun 15 Mar 2026 22:51:35 INFO  Saving current: saved/SCL-Mar-15-2026_22-51-31.pth
Sun 15 Mar 2026 22:51:35 INFO  Saving current best: saved/SCL-Mar-15-2026_22-51-31.pth
Sun 15 Mar 2026 22:51:35 INFO  Running E-step ! 
Sun 15 Mar 2026 22:51:36 INFO  epoch 9 training [time: 0.18s, train_loss1: 4.2901, train_loss2: 0.0000, train_loss3: 0.0123]
Sun 15 Mar 2026 22:51:36 INFO  epoch 9 evaluating [time: 0.15s, valid_score: 0.319300]
Sun 15 Mar 2026 22:51:36 INFO  valid result: 
recall@1 : 0.1237    recall@2 : 0.2143    recall@3 : 0.2718    recall@4 : 0.3095    recall@5 : 0.3433    recall@10 : 0.4731    recall@20 : 0.5926    recall@30 : 0.673    recall@50 : 0.7658    ndcg@1 : 0.199    ndcg@2 : 0.2286    ndcg@3 : 0.2485    ndcg@4 : 0.2622    ndcg@5 : 0.2744    ndcg@10 : 0.3193    ndcg@20 : 0.3548    ndcg@30 : 0.3759    ndcg@50 : 0.3979    precision@1 : 0.199    precision@2 : 0.1719    precision@3 : 0.1492    precision@4 : 0.1323    precision@5 : 0.1198    precision@10 : 0.0854    precision@20 : 0.0566    precision@30 : 0.044    precision@50 : 0.0311    map@1 : 0.199    map@2 : 0.2007    map@3 : 0.2069    map@4 : 0.2121    map@5 : 0.2173    map@10 : 0.2351    map@20 : 0.2468    map@30 : 0.2522    map@50 : 0.257
Sun 15 Mar 2026 22:51:36 INFO  Saving current: saved/SCL-Mar-15-2026_22-51-31.pth
Sun 15 Mar 2026 22:51:36 INFO  Saving current best: saved/SCL-Mar-15-2026_22-51-31.pth
Sun 15 Mar 2026 22:51:36 INFO  Running E-step ! 
Sun 15 Mar 2026 22:51:36 INFO  epoch 10 training [time: 0.17s, train_loss1: 4.0768, train_loss2: 0.0000, train_loss3: 0.0124]
Sun 15 Mar 2026 22:51:36 INFO  epoch 10 evaluating [time: 0.15s, valid_score: 0.319300]
Sun 15 Mar 2026 22:51:36 INFO  valid result: 
recall@1 : 0.1237    recall@2 : 0.2143    recall@3 : 0.2718    recall@4 : 0.3095    recall@5 : 0.3441    recall@10 : 0.4729    recall@20 : 0.5927    recall@30 : 0.6719    recall@50 : 0.7663    ndcg@1 : 0.199    ndcg@2 : 0.2286    ndcg@3 : 0.2485    ndcg@4 : 0.2622    ndcg@5 : 0.2748    ndcg@10 : 0.3193    ndcg@20 : 0.3549    ndcg@30 : 0.3757    ndcg@50 : 0.3981    precision@1 : 0.199    precision@2 : 0.1719    precision@3 : 0.1492    precision@4 : 0.1323    precision@5 : 0.1201    precision@10 : 0.0855    precision@20 : 0.0566    precision@30 : 0.044    precision@50 : 0.0311    map@1 : 0.199    map@2 : 0.2007    map@3 : 0.2069    map@4 : 0.2121    map@5 : 0.2175    map@10 : 0.2352    map@20 : 0.2468    map@30 : 0.2522    map@50 : 0.2571
Sun 15 Mar 2026 22:51:36 INFO  Saving current: saved/SCL-Mar-15-2026_22-51-31.pth
Sun 15 Mar 2026 22:51:36 INFO  Saving current best: saved/SCL-Mar-15-2026_22-51-31.pth
Sun 15 Mar 2026 22:51:36 INFO  Running E-step ! 
Sun 15 Mar 2026 22:51:36 INFO  epoch 11 training [time: 0.16s, train_loss1: 3.8946, train_loss2: 0.0000, train_loss3: 0.0125]
Sun 15 Mar 2026 22:51:36 INFO  epoch 11 evaluating [time: 0.15s, valid_score: 0.319100]
Sun 15 Mar 2026 22:51:36 INFO  valid result: 
recall@1 : 0.1231    recall@2 : 0.2143    recall@3 : 0.2719    recall@4 : 0.3096    recall@5 : 0.3444    recall@10 : 0.4732    recall@20 : 0.5933    recall@30 : 0.6712    recall@50 : 0.7669    ndcg@1 : 0.1985    ndcg@2 : 0.2284    ndcg@3 : 0.2483    ndcg@4 : 0.2621    ndcg@5 : 0.2748    ndcg@10 : 0.3191    ndcg@20 : 0.3549    ndcg@30 : 0.3753    ndcg@50 : 0.398    precision@1 : 0.1985    precision@2 : 0.1719    precision@3 : 0.1492    precision@4 : 0.1327    precision@5 : 0.1204    precision@10 : 0.0855    precision@20 : 0.0566    precision@30 : 0.0439    precision@50 : 0.0312    map@1 : 0.1985    map@2 : 0.2004    map@3 : 0.2065    map@4 : 0.2119    map@5 : 0.2174    map@10 : 0.2349    map@20 : 0.2466    map@30 : 0.2519    map@50 : 0.2568
Sun 15 Mar 2026 22:51:36 INFO  Running E-step ! 
Sun 15 Mar 2026 22:51:37 INFO  epoch 12 training [time: 0.17s, train_loss1: 3.7462, train_loss2: 0.0000, train_loss3: 0.0125]
Sun 15 Mar 2026 22:51:37 INFO  epoch 12 evaluating [time: 0.15s, valid_score: 0.319200]
Sun 15 Mar 2026 22:51:37 INFO  valid result: 
recall@1 : 0.1231    recall@2 : 0.2143    recall@3 : 0.2719    recall@4 : 0.3101    recall@5 : 0.3449    recall@10 : 0.4732    recall@20 : 0.5932    recall@30 : 0.6712    recall@50 : 0.7669    ndcg@1 : 0.1985    ndcg@2 : 0.2284    ndcg@3 : 0.2483    ndcg@4 : 0.2625    ndcg@5 : 0.2751    ndcg@10 : 0.3192    ndcg@20 : 0.3549    ndcg@30 : 0.3754    ndcg@50 : 0.3981    precision@1 : 0.1985    precision@2 : 0.1719    precision@3 : 0.1492    precision@4 : 0.1332    precision@5 : 0.1205    precision@10 : 0.0854    precision@20 : 0.0566    precision@30 : 0.0439    precision@50 : 0.0312    map@1 : 0.1985    map@2 : 0.2004    map@3 : 0.2065    map@4 : 0.2121    map@5 : 0.2175    map@10 : 0.235    map@20 : 0.2466    map@30 : 0.2519    map@50 : 0.2569
Sun 15 Mar 2026 22:51:37 INFO  Running E-step ! 
Sun 15 Mar 2026 22:51:37 INFO  epoch 13 training [time: 0.15s, train_loss1: 3.6361, train_loss2: 0.0000, train_loss3: 0.0125]
Sun 15 Mar 2026 22:51:37 INFO  epoch 13 evaluating [time: 0.15s, valid_score: 0.319100]
Sun 15 Mar 2026 22:51:37 INFO  valid result: 
recall@1 : 0.1231    recall@2 : 0.2143    recall@3 : 0.2722    recall@4 : 0.31    recall@5 : 0.3449    recall@10 : 0.4728    recall@20 : 0.593    recall@30 : 0.6717    recall@50 : 0.7673    ndcg@1 : 0.1985    ndcg@2 : 0.2284    ndcg@3 : 0.2485    ndcg@4 : 0.2624    ndcg@5 : 0.2751    ndcg@10 : 0.3191    ndcg@20 : 0.3549    ndcg@30 : 0.3755    ndcg@50 : 0.3982    precision@1 : 0.1985    precision@2 : 0.1719    precision@3 : 0.1494    precision@4 : 0.133    precision@5 : 0.1205    precision@10 : 0.0854    precision@20 : 0.0566    precision@30 : 0.0439    precision@50 : 0.0312    map@1 : 0.1985    map@2 : 0.2004    map@3 : 0.2066    map@4 : 0.212    map@5 : 0.2176    map@10 : 0.2349    map@20 : 0.2466    map@30 : 0.252    map@50 : 0.2569
Sun 15 Mar 2026 22:51:37 INFO  Running E-step ! 
Sun 15 Mar 2026 22:51:37 INFO  epoch 14 training [time: 0.17s, train_loss1: 3.5303, train_loss2: 0.0000, train_loss3: 0.0125]
Sun 15 Mar 2026 22:51:37 INFO  epoch 14 evaluating [time: 0.15s, valid_score: 0.319100]
Sun 15 Mar 2026 22:51:37 INFO  valid result: 
recall@1 : 0.1231    recall@2 : 0.2143    recall@3 : 0.2722    recall@4 : 0.3102    recall@5 : 0.3447    recall@10 : 0.4728    recall@20 : 0.5934    recall@30 : 0.6728    recall@50 : 0.7674    ndcg@1 : 0.1985    ndcg@2 : 0.2284    ndcg@3 : 0.2485    ndcg@4 : 0.2626    ndcg@5 : 0.275    ndcg@10 : 0.3191    ndcg@20 : 0.355    ndcg@30 : 0.3759    ndcg@50 : 0.3983    precision@1 : 0.1985    precision@2 : 0.1719    precision@3 : 0.1494    precision@4 : 0.1333    precision@5 : 0.1205    precision@10 : 0.0854    precision@20 : 0.0567    precision@30 : 0.0441    precision@50 : 0.0312    map@1 : 0.1985    map@2 : 0.2004    map@3 : 0.2066    map@4 : 0.2122    map@5 : 0.2175    map@10 : 0.235    map@20 : 0.2467    map@30 : 0.2521    map@50 : 0.257
Sun 15 Mar 2026 22:51:37 INFO  Running E-step ! 
Sun 15 Mar 2026 22:51:38 INFO  epoch 15 training [time: 0.21s, train_loss1: 3.4516, train_loss2: 0.0000, train_loss3: 0.0126]
Sun 15 Mar 2026 22:51:38 INFO  epoch 15 evaluating [time: 0.15s, valid_score: 0.319100]
Sun 15 Mar 2026 22:51:38 INFO  valid result: 
recall@1 : 0.1231    recall@2 : 0.2143    recall@3 : 0.2722    recall@4 : 0.3104    recall@5 : 0.3451    recall@10 : 0.4728    recall@20 : 0.594    recall@30 : 0.6734    recall@50 : 0.7673    ndcg@1 : 0.1985    ndcg@2 : 0.2284    ndcg@3 : 0.2485    ndcg@4 : 0.2627    ndcg@5 : 0.2752    ndcg@10 : 0.3191    ndcg@20 : 0.3553    ndcg@30 : 0.376    ndcg@50 : 0.3984    precision@1 : 0.1985    precision@2 : 0.1719    precision@3 : 0.1494    precision@4 : 0.1335    precision@5 : 0.1206    precision@10 : 0.0854    precision@20 : 0.0568    precision@30 : 0.044    precision@50 : 0.0313    map@1 : 0.1985    map@2 : 0.2004    map@3 : 0.2066    map@4 : 0.2122    map@5 : 0.2176    map@10 : 0.235    map@20 : 0.2468    map@30 : 0.2521    map@50 : 0.2571
Sun 15 Mar 2026 22:51:38 INFO  Running E-step ! 
Sun 15 Mar 2026 22:51:38 INFO  epoch 16 training [time: 0.18s, train_loss1: 3.4250, train_loss2: 0.0000, train_loss3: 0.0126]
Sun 15 Mar 2026 22:51:38 INFO  epoch 16 evaluating [time: 0.15s, valid_score: 0.319200]
Sun 15 Mar 2026 22:51:38 INFO  valid result: 
recall@1 : 0.1231    recall@2 : 0.2143    recall@3 : 0.2722    recall@4 : 0.3104    recall@5 : 0.3445    recall@10 : 0.473    recall@20 : 0.5937    recall@30 : 0.6736    recall@50 : 0.7684    ndcg@1 : 0.1985    ndcg@2 : 0.2284    ndcg@3 : 0.2485    ndcg@4 : 0.2627    ndcg@5 : 0.2749    ndcg@10 : 0.3192    ndcg@20 : 0.3552    ndcg@30 : 0.376    ndcg@50 : 0.3985    precision@1 : 0.1985    precision@2 : 0.1719    precision@3 : 0.1494    precision@4 : 0.1335    precision@5 : 0.1204    precision@10 : 0.0855    precision@20 : 0.0568    precision@30 : 0.044    precision@50 : 0.0313    map@1 : 0.1985    map@2 : 0.2004    map@3 : 0.2066    map@4 : 0.2122    map@5 : 0.2175    map@10 : 0.235    map@20 : 0.2468    map@30 : 0.2521    map@50 : 0.2571
Sun 15 Mar 2026 22:51:38 INFO  Running E-step ! 
Sun 15 Mar 2026 22:51:38 INFO  epoch 17 training [time: 0.20s, train_loss1: 3.3531, train_loss2: 0.0000, train_loss3: 0.0126]
Sun 15 Mar 2026 22:51:39 INFO  epoch 17 evaluating [time: 0.15s, valid_score: 0.318700]
Sun 15 Mar 2026 22:51:39 INFO  valid result: 
recall@1 : 0.1231    recall@2 : 0.2137    recall@3 : 0.2715    recall@4 : 0.3095    recall@5 : 0.3445    recall@10 : 0.4721    recall@20 : 0.593    recall@30 : 0.674    recall@50 : 0.7681    ndcg@1 : 0.1985    ndcg@2 : 0.228    ndcg@3 : 0.248    ndcg@4 : 0.2621    ndcg@5 : 0.2748    ndcg@10 : 0.3187    ndcg@20 : 0.3548    ndcg@30 : 0.3759    ndcg@50 : 0.3983    precision@1 : 0.1985    precision@2 : 0.1716    precision@3 : 0.149    precision@4 : 0.133    precision@5 : 0.1205    precision@10 : 0.0853    precision@20 : 0.0567    precision@30 : 0.0441    precision@50 : 0.0313    map@1 : 0.1985    map@2 : 0.2001    map@3 : 0.2061    map@4 : 0.2118    map@5 : 0.2173    map@10 : 0.2347    map@20 : 0.2465    map@30 : 0.2519    map@50 : 0.2568
Sun 15 Mar 2026 22:51:39 INFO  Running E-step ! 
Sun 15 Mar 2026 22:51:39 INFO  epoch 18 training [time: 0.18s, train_loss1: 3.3462, train_loss2: 0.0000, train_loss3: 0.0126]
Sun 15 Mar 2026 22:51:39 INFO  epoch 18 evaluating [time: 0.15s, valid_score: 0.318700]
Sun 15 Mar 2026 22:51:39 INFO  valid result: 
recall@1 : 0.1231    recall@2 : 0.2137    recall@3 : 0.2715    recall@4 : 0.3093    recall@5 : 0.3442    recall@10 : 0.4722    recall@20 : 0.5926    recall@30 : 0.6744    recall@50 : 0.7696    ndcg@1 : 0.1985    ndcg@2 : 0.228    ndcg@3 : 0.248    ndcg@4 : 0.262    ndcg@5 : 0.2746    ndcg@10 : 0.3187    ndcg@20 : 0.3547    ndcg@30 : 0.376    ndcg@50 : 0.3985    precision@1 : 0.1985    precision@2 : 0.1716    precision@3 : 0.149    precision@4 : 0.1329    precision@5 : 0.1203    precision@10 : 0.0853    precision@20 : 0.0567    precision@30 : 0.0442    precision@50 : 0.0314    map@1 : 0.1985    map@2 : 0.2001    map@3 : 0.2061    map@4 : 0.2117    map@5 : 0.2172    map@10 : 0.2347    map@20 : 0.2465    map@30 : 0.2519    map@50 : 0.2569
Sun 15 Mar 2026 22:51:39 INFO  Running E-step ! 
Sun 15 Mar 2026 22:51:39 INFO  epoch 19 training [time: 0.18s, train_loss1: 3.3306, train_loss2: 0.0000, train_loss3: 0.0126]
Sun 15 Mar 2026 22:51:39 INFO  epoch 19 evaluating [time: 0.15s, valid_score: 0.318800]
Sun 15 Mar 2026 22:51:39 INFO  valid result: 
recall@1 : 0.1231    recall@2 : 0.2137    recall@3 : 0.2715    recall@4 : 0.3093    recall@5 : 0.3444    recall@10 : 0.4723    recall@20 : 0.5915    recall@30 : 0.6726    recall@50 : 0.7683    ndcg@1 : 0.1985    ndcg@2 : 0.228    ndcg@3 : 0.248    ndcg@4 : 0.262    ndcg@5 : 0.2748    ndcg@10 : 0.3188    ndcg@20 : 0.3546    ndcg@30 : 0.3756    ndcg@50 : 0.3983    precision@1 : 0.1985    precision@2 : 0.1716    precision@3 : 0.149    precision@4 : 0.1329    precision@5 : 0.1205    precision@10 : 0.0855    precision@20 : 0.0567    precision@30 : 0.0441    precision@50 : 0.0313    map@1 : 0.1985    map@2 : 0.2001    map@3 : 0.2061    map@4 : 0.2117    map@5 : 0.2173    map@10 : 0.2347    map@20 : 0.2465    map@30 : 0.2519    map@50 : 0.2569
Sun 15 Mar 2026 22:51:39 INFO  Running E-step ! 
Sun 15 Mar 2026 22:51:39 INFO  epoch 20 training [time: 0.18s, train_loss1: 3.3178, train_loss2: 0.0000, train_loss3: 0.0126, train_loss4: 0.0094]
Sun 15 Mar 2026 22:51:40 INFO  epoch 20 evaluating [time: 0.15s, valid_score: 0.318800]
Sun 15 Mar 2026 22:51:40 INFO  valid result: 
recall@1 : 0.1231    recall@2 : 0.2137    recall@3 : 0.2715    recall@4 : 0.3093    recall@5 : 0.3444    recall@10 : 0.4723    recall@20 : 0.5917    recall@30 : 0.6724    recall@50 : 0.7685    ndcg@1 : 0.1985    ndcg@2 : 0.228    ndcg@3 : 0.248    ndcg@4 : 0.262    ndcg@5 : 0.2748    ndcg@10 : 0.3188    ndcg@20 : 0.3545    ndcg@30 : 0.3755    ndcg@50 : 0.3984    precision@1 : 0.1985    precision@2 : 0.1716    precision@3 : 0.149    precision@4 : 0.1329    precision@5 : 0.1205    precision@10 : 0.0855    precision@20 : 0.0566    precision@30 : 0.0441    precision@50 : 0.0314    map@1 : 0.1985    map@2 : 0.2001    map@3 : 0.2061    map@4 : 0.2117    map@5 : 0.2173    map@10 : 0.2347    map@20 : 0.2465    map@30 : 0.2519    map@50 : 0.2569
Sun 15 Mar 2026 22:51:40 INFO  Running E-step ! 
Sun 15 Mar 2026 22:51:40 INFO  epoch 21 training [time: 0.18s, train_loss1: 3.2851, train_loss2: 0.0000, train_loss3: 0.0126, train_loss4: 0.0094]
Sun 15 Mar 2026 22:51:40 INFO  epoch 21 evaluating [time: 0.15s, valid_score: 0.318800]
Sun 15 Mar 2026 22:51:40 INFO  valid result: 
recall@1 : 0.1231    recall@2 : 0.2137    recall@3 : 0.2715    recall@4 : 0.3093    recall@5 : 0.3444    recall@10 : 0.4723    recall@20 : 0.5917    recall@30 : 0.672    recall@50 : 0.7685    ndcg@1 : 0.1985    ndcg@2 : 0.228    ndcg@3 : 0.248    ndcg@4 : 0.262    ndcg@5 : 0.2748    ndcg@10 : 0.3188    ndcg@20 : 0.3546    ndcg@30 : 0.3754    ndcg@50 : 0.3983    precision@1 : 0.1985    precision@2 : 0.1716    precision@3 : 0.149    precision@4 : 0.1329    precision@5 : 0.1205    precision@10 : 0.0855    precision@20 : 0.0566    precision@30 : 0.044    precision@50 : 0.0314    map@1 : 0.1985    map@2 : 0.2001    map@3 : 0.2061    map@4 : 0.2117    map@5 : 0.2173    map@10 : 0.2347    map@20 : 0.2465    map@30 : 0.2518    map@50 : 0.2569
Sun 15 Mar 2026 22:51:40 INFO  Finished training, best eval result in epoch 10
Sun 15 Mar 2026 22:51:40 INFO  Loading model structure and parameters from saved/SCL-Mar-15-2026_22-51-31.pth
Sun 15 Mar 2026 22:51:40 INFO  best valid : OrderedDict([('recall@1', 0.1237), ('recall@2', 0.2143), ('recall@3', 0.2718), ('recall@4', 0.3095), ('recall@5', 0.3441), ('recall@10', 0.4729), ('recall@20', 0.5927), ('recall@30', 0.6719), ('recall@50', 0.7663), ('ndcg@1', 0.199), ('ndcg@2', 0.2286), ('ndcg@3', 0.2485), ('ndcg@4', 0.2622), ('ndcg@5', 0.2748), ('ndcg@10', 0.3193), ('ndcg@20', 0.3549), ('ndcg@30', 0.3757), ('ndcg@50', 0.3981), ('precision@1', 0.199), ('precision@2', 0.1719), ('precision@3', 0.1492), ('precision@4', 0.1323), ('precision@5', 0.1201), ('precision@10', 0.0855), ('precision@20', 0.0566), ('precision@30', 0.044), ('precision@50', 0.0311), ('map@1', 0.199), ('map@2', 0.2007), ('map@3', 0.2069), ('map@4', 0.2121), ('map@5', 0.2175), ('map@10', 0.2352), ('map@20', 0.2468), ('map@30', 0.2522), ('map@50', 0.2571)])
Sun 15 Mar 2026 22:51:40 INFO  test result: OrderedDict([('recall@1', 0.1399), ('recall@2', 0.2358), ('recall@3', 0.2833), ('recall@4', 0.3269), ('recall@5', 0.3551), ('recall@10', 0.4756), ('recall@20', 0.6054), ('recall@30', 0.6823), ('recall@50', 0.7702), ('ndcg@1', 0.2234), ('ndcg@2', 0.2527), ('ndcg@3', 0.2662), ('ndcg@4', 0.2811), ('ndcg@5', 0.2905), ('ndcg@10', 0.3314), ('ndcg@20', 0.3683), ('ndcg@30', 0.3885), ('ndcg@50', 0.4096), ('precision@1', 0.2234), ('precision@2', 0.1852), ('precision@3', 0.1532), ('precision@4', 0.1369), ('precision@5', 0.122), ('precision@10', 0.0855), ('precision@20', 0.0562), ('precision@30', 0.0434), ('precision@50', 0.0307), ('map@1', 0.2234), ('map@2', 0.2263), ('map@3', 0.2277), ('map@4', 0.2324), ('map@5', 0.2357), ('map@10', 0.252), ('map@20', 0.2633), ('map@30', 0.2687), ('map@50', 0.2735)])
Sun 15 Mar 2026 22:51:40 INFO  training time: 8.0215s
Sun 15 Mar 2026 22:51:40 INFO  result file: results/again2/scl_wo_struct_seed2030.json
