Sun 15 Mar 2026 19:38:55 INFO  
General Hyper Parameters:
gpu_id = 0
use_gpu = True
seed = 2026
state = INFO
reproducibility = True
data_path = ./travel
checkpoint_dir = saved
show_progress = True
save_dataset = False
dataset_save_path = None
save_dataloaders = False
dataloaders_save_path = None
log_wandb = False

Training Hyper Parameters:
epochs = 1000
train_batch_size = 100
learner = adam
learning_rate = 0.001
train_neg_sample_args = {'distribution': 'uniform', 'sample_num': 1, 'alpha': 1.0, 'dynamic': False, 'candidate_num': 0}
eval_step = 1
stopping_step = 20
clip_grad_norm = None
weight_decay = 0.0
loss_decimal_place = 4

Evaluation Hyper Parameters:
eval_args = {'split': {'RS': [0.8, 0.1, 0.1]}, 'order': 'RO', 'group_by': 'user', 'mode': {'valid': 'full', 'test': 'full'}}
repeatable = False
metrics = ['Recall', 'NDCG', 'Precision', 'MAP']
topk = [1, 2, 3, 4, 5, 10, 20, 30, 50]
valid_metric = NDCG@10
valid_metric_bigger = True
eval_batch_size = 100
metric_decimal_place = 4

Dataset Hyper Parameters:
field_separator = 	
seq_separator =  
USER_ID_FIELD = user_id
ITEM_ID_FIELD = item_id
RATING_FIELD = rating
TIME_FIELD = timestamp
seq_len = None
LABEL_FIELD = label
threshold = None
NEG_PREFIX = neg_
load_col = {'inter': ['user_id', 'item_id', 'rating'], 'user': ['user_id', 'post_num', 'follower', 'following', 'timestamp']}
unload_col = None
unused_col = None
additional_feat_suffix = None
rm_dup_inter = None
val_interval = {'rating': '[0,inf)'}
filter_inter_by_user_or_item = True
user_inter_num_interval = [0,inf)
item_inter_num_interval = [0,inf)
alias_of_user_id = None
alias_of_item_id = None
alias_of_entity_id = None
alias_of_relation_id = None
preload_weight = None
normalize_field = None
normalize_all = None
ITEM_LIST_LENGTH_FIELD = item_length
LIST_SUFFIX = _list
MAX_ITEM_LIST_LENGTH = 50
POSITION_FIELD = position_id
HEAD_ENTITY_ID_FIELD = head_id
TAIL_ENTITY_ID_FIELD = tail_id
RELATION_ID_FIELD = relation_id
ENTITY_ID_FIELD = entity_id
benchmark_filename = None

Other Hyper Parameters: 
worker = 0
wandb_project = recbole
shuffle = True
require_pow = False
enable_amp = False
enable_scaler = False
transform = None
numerical_features = []
discretization = None
kg_reverse_r = False
entity_kg_num_interval = [0,inf)
relation_kg_num_interval = [0,inf)
MODEL_TYPE = ModelType.GENERAL
embedding_size = 64
n_layers = 3
reg_weight = 0.0001
smt_latent_dim = 64
ssl_temp = 0.1
ssl_reg = 1e-07
hyper_layers = 1
alpha = 1
potential_reg = 8e-08
semantic_reg = 0.0
num_clusters = 10
m_step = 1
warm_up_step = 20
user_feature_path = features/roberta_user.npy
item_feature_path = features/roberta_item.npy
MODEL_INPUT_TYPE = InputType.PAIRWISE
eval_type = EvaluatorType.RANKING
single_spec = True
local_rank = 0
device = cuda
valid_neg_sample_args = {'distribution': 'uniform', 'sample_num': 'none'}
test_neg_sample_args = {'distribution': 'uniform', 'sample_num': 'none'}


Sun 15 Mar 2026 19:38:56 INFO  travel
The number of users: 2010
Average actions of users: 18.721254355400696
The number of items: 247
Average actions of items: 152.890243902439
The number of inters: 37611
The sparsity of the dataset: 92.42431566862047%
Remain Fields: ['user_id', 'item_id', 'rating', 'post_num', 'follower', 'following', 'timestamp']
Sun 15 Mar 2026 19:38:56 INFO  [Training]: train_batch_size = [100] train_neg_sample_args: [{'distribution': 'uniform', 'sample_num': 1, 'alpha': 1.0, 'dynamic': False, 'candidate_num': 0}]
Sun 15 Mar 2026 19:38:56 INFO  [Evaluation]: eval_batch_size = [100] eval_args: [{'split': {'RS': [0.8, 0.1, 0.1]}, 'order': 'RO', 'group_by': 'user', 'mode': {'valid': 'full', 'test': 'full'}}]
Sun 15 Mar 2026 19:38:58 INFO  SCL(
  (u_MLP): Linear(in_features=1024, out_features=64, bias=True)
  (i_MLP): Linear(in_features=1024, out_features=64, bias=True)
  (user_embedding): Embedding(2010, 64)
  (item_embedding): Embedding(247, 64)
  (mf_loss): BPRLoss()
  (reg_loss): EmbLoss()
)
Trainable parameters: 144448
Sun 15 Mar 2026 19:38:58 INFO  trainable parameters: 144448
Sun 15 Mar 2026 19:38:58 INFO  Running E-step ! 
Sun 15 Mar 2026 19:39:03 INFO  epoch 0 training [time: 4.47s, train_loss1: 158.3612, train_loss2: 0.0387, train_loss3: 0.0000]
Sun 15 Mar 2026 19:39:05 INFO  epoch 0 evaluating [time: 1.62s, valid_score: 0.301600]
Sun 15 Mar 2026 19:39:05 INFO  valid result: 
recall@1 : 0.1114    recall@2 : 0.1946    recall@3 : 0.2571    recall@4 : 0.2986    recall@5 : 0.3394    recall@10 : 0.4523    recall@20 : 0.5833    recall@30 : 0.6682    recall@50 : 0.7705    ndcg@1 : 0.1824    ndcg@2 : 0.2094    ndcg@3 : 0.2325    ndcg@4 : 0.2468    ndcg@5 : 0.2624    ndcg@10 : 0.3016    ndcg@20 : 0.3403    ndcg@30 : 0.3627    ndcg@50 : 0.3874    precision@1 : 0.1824    precision@2 : 0.1597    precision@3 : 0.143    precision@4 : 0.1257    precision@5 : 0.1161    precision@10 : 0.081    precision@20 : 0.055    precision@30 : 0.0435    precision@50 : 0.0315    map@1 : 0.1824    map@2 : 0.1837    map@3 : 0.1912    map@4 : 0.1965    map@5 : 0.2035    map@10 : 0.2194    map@20 : 0.2318    map@30 : 0.2378    map@50 : 0.2432
Sun 15 Mar 2026 19:39:05 INFO  Saving current: saved/SCL-Mar-15-2026_19-38-58.pth
Sun 15 Mar 2026 19:39:05 INFO  Saving current best: saved/SCL-Mar-15-2026_19-38-58.pth
Sun 15 Mar 2026 19:39:05 INFO  Running E-step ! 
Sun 15 Mar 2026 19:39:09 INFO  epoch 1 training [time: 4.90s, train_loss1: 124.0372, train_loss2: 0.0407, train_loss3: 0.0000]
Sun 15 Mar 2026 19:39:11 INFO  epoch 1 evaluating [time: 1.60s, valid_score: 0.303900]
Sun 15 Mar 2026 19:39:11 INFO  valid result: 
recall@1 : 0.1123    recall@2 : 0.1975    recall@3 : 0.2635    recall@4 : 0.3036    recall@5 : 0.3409    recall@10 : 0.4531    recall@20 : 0.5865    recall@30 : 0.656    recall@50 : 0.7686    ndcg@1 : 0.1841    ndcg@2 : 0.2123    ndcg@3 : 0.2365    ndcg@4 : 0.2506    ndcg@5 : 0.2648    ndcg@10 : 0.3039    ndcg@20 : 0.3432    ndcg@30 : 0.3619    ndcg@50 : 0.3887    precision@1 : 0.1841    precision@2 : 0.1624    precision@3 : 0.145    precision@4 : 0.1277    precision@5 : 0.1172    precision@10 : 0.0816    precision@20 : 0.0555    precision@30 : 0.043    precision@50 : 0.0315    map@1 : 0.1841    map@2 : 0.1864    map@3 : 0.1945    map@4 : 0.1997    map@5 : 0.2061    map@10 : 0.2219    map@20 : 0.2345    map@30 : 0.2397    map@50 : 0.2455
Sun 15 Mar 2026 19:39:11 INFO  Saving current: saved/SCL-Mar-15-2026_19-38-58.pth
Sun 15 Mar 2026 19:39:11 INFO  Saving current best: saved/SCL-Mar-15-2026_19-38-58.pth
Sun 15 Mar 2026 19:39:11 INFO  Running E-step ! 
Sun 15 Mar 2026 19:39:15 INFO  epoch 2 training [time: 4.36s, train_loss1: 123.0200, train_loss2: 0.0422, train_loss3: 0.0000]
Sun 15 Mar 2026 19:39:17 INFO  epoch 2 evaluating [time: 1.60s, valid_score: 0.306400]
Sun 15 Mar 2026 19:39:17 INFO  valid result: 
recall@1 : 0.1123    recall@2 : 0.1975    recall@3 : 0.2634    recall@4 : 0.304    recall@5 : 0.3422    recall@10 : 0.4606    recall@20 : 0.5881    recall@30 : 0.6529    recall@50 : 0.7579    ndcg@1 : 0.1841    ndcg@2 : 0.2123    ndcg@3 : 0.2366    ndcg@4 : 0.2508    ndcg@5 : 0.2656    ndcg@10 : 0.3064    ndcg@20 : 0.3443    ndcg@30 : 0.3618    ndcg@50 : 0.3872    precision@1 : 0.1841    precision@2 : 0.1624    precision@3 : 0.1454    precision@4 : 0.1278    precision@5 : 0.1181    precision@10 : 0.0827    precision@20 : 0.056    precision@30 : 0.0429    precision@50 : 0.0314    map@1 : 0.1841    map@2 : 0.1864    map@3 : 0.1947    map@4 : 0.2    map@5 : 0.2067    map@10 : 0.223    map@20 : 0.2353    map@30 : 0.2402    map@50 : 0.2458
Sun 15 Mar 2026 19:39:17 INFO  Saving current: saved/SCL-Mar-15-2026_19-38-58.pth
Sun 15 Mar 2026 19:39:17 INFO  Saving current best: saved/SCL-Mar-15-2026_19-38-58.pth
Sun 15 Mar 2026 19:39:17 INFO  Running E-step ! 
Sun 15 Mar 2026 19:39:21 INFO  epoch 3 training [time: 4.19s, train_loss1: 119.2981, train_loss2: 0.0435, train_loss3: 0.0000]
Sun 15 Mar 2026 19:39:23 INFO  epoch 3 evaluating [time: 1.60s, valid_score: 0.304900]
Sun 15 Mar 2026 19:39:23 INFO  valid result: 
recall@1 : 0.1123    recall@2 : 0.1967    recall@3 : 0.2623    recall@4 : 0.303    recall@5 : 0.3405    recall@10 : 0.4567    recall@20 : 0.588    recall@30 : 0.6546    recall@50 : 0.7555    ndcg@1 : 0.1841    ndcg@2 : 0.2115    ndcg@3 : 0.2356    ndcg@4 : 0.2502    ndcg@5 : 0.2645    ndcg@10 : 0.3049    ndcg@20 : 0.3438    ndcg@30 : 0.3618    ndcg@50 : 0.3862    precision@1 : 0.1841    precision@2 : 0.1615    precision@3 : 0.1444    precision@4 : 0.1277    precision@5 : 0.1173    precision@10 : 0.0823    precision@20 : 0.056    precision@30 : 0.0431    precision@50 : 0.0313    map@1 : 0.1841    map@2 : 0.1858    map@3 : 0.194    map@4 : 0.1995    map@5 : 0.2058    map@10 : 0.2222    map@20 : 0.2347    map@30 : 0.2397    map@50 : 0.2451
Sun 15 Mar 2026 19:39:23 INFO  Running E-step ! 
Sun 15 Mar 2026 19:39:27 INFO  epoch 4 training [time: 4.54s, train_loss1: 120.6172, train_loss2: 0.0447, train_loss3: 0.0000]
Sun 15 Mar 2026 19:39:29 INFO  epoch 4 evaluating [time: 1.60s, valid_score: 0.307400]
Sun 15 Mar 2026 19:39:29 INFO  valid result: 
recall@1 : 0.1135    recall@2 : 0.1986    recall@3 : 0.2634    recall@4 : 0.305    recall@5 : 0.3382    recall@10 : 0.4616    recall@20 : 0.5888    recall@30 : 0.6555    recall@50 : 0.7527    ndcg@1 : 0.1847    ndcg@2 : 0.2129    ndcg@3 : 0.237    ndcg@4 : 0.2515    ndcg@5 : 0.2643    ndcg@10 : 0.3074    ndcg@20 : 0.345    ndcg@30 : 0.363    ndcg@50 : 0.3866    precision@1 : 0.1847    precision@2 : 0.1624    precision@3 : 0.1452    precision@4 : 0.1277    precision@5 : 0.1167    precision@10 : 0.0832    precision@20 : 0.0562    precision@30 : 0.0432    precision@50 : 0.0312    map@1 : 0.1847    map@2 : 0.187    map@3 : 0.1953    map@4 : 0.2009    map@5 : 0.2065    map@10 : 0.2239    map@20 : 0.2362    map@30 : 0.2411    map@50 : 0.2464
Sun 15 Mar 2026 19:39:29 INFO  Saving current: saved/SCL-Mar-15-2026_19-38-58.pth
Sun 15 Mar 2026 19:39:29 INFO  Saving current best: saved/SCL-Mar-15-2026_19-38-58.pth
Sun 15 Mar 2026 19:39:29 INFO  Running E-step ! 
Sun 15 Mar 2026 19:39:33 INFO  epoch 5 training [time: 4.48s, train_loss1: 119.8915, train_loss2: 0.0462, train_loss3: 0.0000]
Sun 15 Mar 2026 19:39:35 INFO  epoch 5 evaluating [time: 1.61s, valid_score: 0.307100]
Sun 15 Mar 2026 19:39:35 INFO  valid result: 
recall@1 : 0.1135    recall@2 : 0.1987    recall@3 : 0.2634    recall@4 : 0.305    recall@5 : 0.3385    recall@10 : 0.4611    recall@20 : 0.5877    recall@30 : 0.654    recall@50 : 0.751    ndcg@1 : 0.1853    ndcg@2 : 0.2135    ndcg@3 : 0.237    ndcg@4 : 0.2517    ndcg@5 : 0.2647    ndcg@10 : 0.3071    ndcg@20 : 0.3448    ndcg@30 : 0.3625    ndcg@50 : 0.3862    precision@1 : 0.1853    precision@2 : 0.163    precision@3 : 0.145    precision@4 : 0.1278    precision@5 : 0.117    precision@10 : 0.0831    precision@20 : 0.0562    precision@30 : 0.0431    precision@50 : 0.0312    map@1 : 0.1853    map@2 : 0.1876    map@3 : 0.1955    map@4 : 0.2011    map@5 : 0.2068    map@10 : 0.2239    map@20 : 0.2361    map@30 : 0.241    map@50 : 0.2463
Sun 15 Mar 2026 19:39:35 INFO  Running E-step ! 
Sun 15 Mar 2026 19:39:39 INFO  epoch 6 training [time: 4.37s, train_loss1: 119.0842, train_loss2: 0.0472, train_loss3: 0.0000]
Sun 15 Mar 2026 19:39:41 INFO  epoch 6 evaluating [time: 1.61s, valid_score: 0.304500]
Sun 15 Mar 2026 19:39:41 INFO  valid result: 
recall@1 : 0.1123    recall@2 : 0.1966    recall@3 : 0.2631    recall@4 : 0.3028    recall@5 : 0.3378    recall@10 : 0.4565    recall@20 : 0.5869    recall@30 : 0.6513    recall@50 : 0.7537    ndcg@1 : 0.1841    ndcg@2 : 0.2112    ndcg@3 : 0.2363    ndcg@4 : 0.2503    ndcg@5 : 0.2632    ndcg@10 : 0.3045    ndcg@20 : 0.3434    ndcg@30 : 0.3607    ndcg@50 : 0.3854    precision@1 : 0.1841    precision@2 : 0.1612    precision@3 : 0.1454    precision@4 : 0.128    precision@5 : 0.116    precision@10 : 0.0825    precision@20 : 0.0562    precision@30 : 0.043    precision@50 : 0.0312    map@1 : 0.1841    map@2 : 0.1855    map@3 : 0.1945    map@4 : 0.1995    map@5 : 0.2051    map@10 : 0.2216    map@20 : 0.2344    map@30 : 0.2392    map@50 : 0.2447
Sun 15 Mar 2026 19:39:41 INFO  Running E-step ! 
Sun 15 Mar 2026 19:39:45 INFO  epoch 7 training [time: 4.23s, train_loss1: 118.6360, train_loss2: 0.0484, train_loss3: 0.0000]
Sun 15 Mar 2026 19:39:47 INFO  epoch 7 evaluating [time: 1.60s, valid_score: 0.305700]
Sun 15 Mar 2026 19:39:47 INFO  valid result: 
recall@1 : 0.1121    recall@2 : 0.1962    recall@3 : 0.2633    recall@4 : 0.3041    recall@5 : 0.3398    recall@10 : 0.4589    recall@20 : 0.5887    recall@30 : 0.6521    recall@50 : 0.7563    ndcg@1 : 0.1841    ndcg@2 : 0.2115    ndcg@3 : 0.2366    ndcg@4 : 0.2506    ndcg@5 : 0.2642    ndcg@10 : 0.3057    ndcg@20 : 0.3441    ndcg@30 : 0.3614    ndcg@50 : 0.3865    precision@1 : 0.1841    precision@2 : 0.1618    precision@3 : 0.146    precision@4 : 0.1278    precision@5 : 0.1169    precision@10 : 0.0831    precision@20 : 0.0562    precision@30 : 0.0431    precision@50 : 0.0314    map@1 : 0.1841    map@2 : 0.1856    map@3 : 0.1945    map@4 : 0.1995    map@5 : 0.2057    map@10 : 0.2223    map@20 : 0.2349    map@30 : 0.2398    map@50 : 0.2453
Sun 15 Mar 2026 19:39:47 INFO  Running E-step ! 
Sun 15 Mar 2026 19:39:51 INFO  epoch 8 training [time: 4.35s, train_loss1: 116.1255, train_loss2: 0.0491, train_loss3: 0.0000]
Sun 15 Mar 2026 19:39:53 INFO  epoch 8 evaluating [time: 1.60s, valid_score: 0.305900]
Sun 15 Mar 2026 19:39:53 INFO  valid result: 
recall@1 : 0.1117    recall@2 : 0.1963    recall@3 : 0.263    recall@4 : 0.3032    recall@5 : 0.3384    recall@10 : 0.4606    recall@20 : 0.5861    recall@30 : 0.649    recall@50 : 0.7576    ndcg@1 : 0.183    ndcg@2 : 0.2116    ndcg@3 : 0.2363    ndcg@4 : 0.25    ndcg@5 : 0.2637    ndcg@10 : 0.3059    ndcg@20 : 0.3435    ndcg@30 : 0.3606    ndcg@50 : 0.3866    precision@1 : 0.183    precision@2 : 0.1624    precision@3 : 0.146    precision@4 : 0.1275    precision@5 : 0.1172    precision@10 : 0.083    precision@20 : 0.0564    precision@30 : 0.0431    precision@50 : 0.0315    map@1 : 0.183    map@2 : 0.1859    map@3 : 0.1942    map@4 : 0.1993    map@5 : 0.2053    map@10 : 0.2221    map@20 : 0.2346    map@30 : 0.2395    map@50 : 0.2451
Sun 15 Mar 2026 19:39:53 INFO  Running E-step ! 
Sun 15 Mar 2026 19:39:58 INFO  epoch 9 training [time: 4.79s, train_loss1: 116.0130, train_loss2: 0.0501, train_loss3: 0.0000]
Sun 15 Mar 2026 19:39:59 INFO  epoch 9 evaluating [time: 1.60s, valid_score: 0.305800]
Sun 15 Mar 2026 19:39:59 INFO  valid result: 
recall@1 : 0.1116    recall@2 : 0.1956    recall@3 : 0.2611    recall@4 : 0.3021    recall@5 : 0.3349    recall@10 : 0.4618    recall@20 : 0.5877    recall@30 : 0.6572    recall@50 : 0.7582    ndcg@1 : 0.1824    ndcg@2 : 0.2112    ndcg@3 : 0.235    ndcg@4 : 0.2498    ndcg@5 : 0.262    ndcg@10 : 0.3058    ndcg@20 : 0.3434    ndcg@30 : 0.3622    ndcg@50 : 0.3864    precision@1 : 0.1824    precision@2 : 0.1624    precision@3 : 0.145    precision@4 : 0.1284    precision@5 : 0.1163    precision@10 : 0.0836    precision@20 : 0.0565    precision@30 : 0.0437    precision@50 : 0.0315    map@1 : 0.1824    map@2 : 0.1853    map@3 : 0.1936    map@4 : 0.1988    map@5 : 0.2042    map@10 : 0.2217    map@20 : 0.2341    map@30 : 0.2393    map@50 : 0.2447
Sun 15 Mar 2026 19:39:59 INFO  Running E-step ! 
Sun 15 Mar 2026 19:40:04 INFO  epoch 10 training [time: 4.46s, train_loss1: 113.2304, train_loss2: 0.0502, train_loss3: 0.0000]
Sun 15 Mar 2026 19:40:05 INFO  epoch 10 evaluating [time: 1.62s, valid_score: 0.306400]
Sun 15 Mar 2026 19:40:05 INFO  valid result: 
recall@1 : 0.1121    recall@2 : 0.1953    recall@3 : 0.2621    recall@4 : 0.3029    recall@5 : 0.3356    recall@10 : 0.4606    recall@20 : 0.5895    recall@30 : 0.6642    recall@50 : 0.7596    ndcg@1 : 0.1841    ndcg@2 : 0.2117    ndcg@3 : 0.2371    ndcg@4 : 0.251    ndcg@5 : 0.2627    ndcg@10 : 0.3064    ndcg@20 : 0.3448    ndcg@30 : 0.3651    ndcg@50 : 0.3881    precision@1 : 0.1841    precision@2 : 0.1627    precision@3 : 0.1478    precision@4 : 0.1293    precision@5 : 0.1163    precision@10 : 0.0839    precision@20 : 0.0568    precision@30 : 0.0444    precision@50 : 0.0317    map@1 : 0.1841    map@2 : 0.1855    map@3 : 0.1947    map@4 : 0.1995    map@5 : 0.2046    map@10 : 0.2223    map@20 : 0.235    map@30 : 0.2407    map@50 : 0.2459
Sun 15 Mar 2026 19:40:05 INFO  Running E-step ! 
Sun 15 Mar 2026 19:40:10 INFO  epoch 11 training [time: 4.85s, train_loss1: 112.0171, train_loss2: 0.0502, train_loss3: 0.0000]
Sun 15 Mar 2026 19:40:12 INFO  epoch 11 evaluating [time: 1.70s, valid_score: 0.306900]
Sun 15 Mar 2026 19:40:12 INFO  valid result: 
recall@1 : 0.1126    recall@2 : 0.1959    recall@3 : 0.2602    recall@4 : 0.3052    recall@5 : 0.3343    recall@10 : 0.4603    recall@20 : 0.5968    recall@30 : 0.6746    recall@50 : 0.7655    ndcg@1 : 0.1847    ndcg@2 : 0.2131    ndcg@3 : 0.2366    ndcg@4 : 0.2522    ndcg@5 : 0.2625    ndcg@10 : 0.3069    ndcg@20 : 0.3476    ndcg@30 : 0.3684    ndcg@50 : 0.3903    precision@1 : 0.1847    precision@2 : 0.1642    precision@3 : 0.1474    precision@4 : 0.1301    precision@5 : 0.1162    precision@10 : 0.0842    precision@20 : 0.0577    precision@30 : 0.0451    precision@50 : 0.0319    map@1 : 0.1847    map@2 : 0.1865    map@3 : 0.1944    map@4 : 0.2003    map@5 : 0.2046    map@10 : 0.2229    map@20 : 0.2363    map@30 : 0.2422    map@50 : 0.2472
Sun 15 Mar 2026 19:40:12 INFO  Running E-step ! 
Sun 15 Mar 2026 19:40:17 INFO  epoch 12 training [time: 4.86s, train_loss1: 110.7664, train_loss2: 0.0499, train_loss3: 0.0000]
Sun 15 Mar 2026 19:40:18 INFO  epoch 12 evaluating [time: 1.66s, valid_score: 0.311900]
Sun 15 Mar 2026 19:40:18 INFO  valid result: 
recall@1 : 0.1203    recall@2 : 0.1982    recall@3 : 0.262    recall@4 : 0.3006    recall@5 : 0.338    recall@10 : 0.464    recall@20 : 0.6018    recall@30 : 0.6791    recall@50 : 0.7711    ndcg@1 : 0.1937    ndcg@2 : 0.2187    ndcg@3 : 0.2412    ndcg@4 : 0.2538    ndcg@5 : 0.2674    ndcg@10 : 0.3119    ndcg@20 : 0.3529    ndcg@30 : 0.3736    ndcg@50 : 0.3959    precision@1 : 0.1937    precision@2 : 0.1672    precision@3 : 0.1488    precision@4 : 0.1292    precision@5 : 0.1174    precision@10 : 0.0849    precision@20 : 0.0583    precision@30 : 0.0455    precision@50 : 0.0322    map@1 : 0.1937    map@2 : 0.1926    map@3 : 0.1994    map@4 : 0.2035    map@5 : 0.2096    map@10 : 0.2282    map@20 : 0.2418    map@30 : 0.2477    map@50 : 0.2528
Sun 15 Mar 2026 19:40:18 INFO  Saving current: saved/SCL-Mar-15-2026_19-38-58.pth
Sun 15 Mar 2026 19:40:18 INFO  Saving current best: saved/SCL-Mar-15-2026_19-38-58.pth
Sun 15 Mar 2026 19:40:18 INFO  Running E-step ! 
Sun 15 Mar 2026 19:40:23 INFO  epoch 13 training [time: 4.65s, train_loss1: 107.8883, train_loss2: 0.0492, train_loss3: 0.0000]
Sun 15 Mar 2026 19:40:25 INFO  epoch 13 evaluating [time: 1.62s, valid_score: 0.314200]
Sun 15 Mar 2026 19:40:25 INFO  valid result: 
recall@1 : 0.1216    recall@2 : 0.1981    recall@3 : 0.264    recall@4 : 0.2999    recall@5 : 0.343    recall@10 : 0.4671    recall@20 : 0.6045    recall@30 : 0.6851    recall@50 : 0.7808    ndcg@1 : 0.1961    ndcg@2 : 0.2192    ndcg@3 : 0.2431    ndcg@4 : 0.2545    ndcg@5 : 0.2703    ndcg@10 : 0.3142    ndcg@20 : 0.3552    ndcg@30 : 0.3766    ndcg@50 : 0.3997    precision@1 : 0.1961    precision@2 : 0.1669    precision@3 : 0.1504    precision@4 : 0.1298    precision@5 : 0.1191    precision@10 : 0.086    precision@20 : 0.0588    precision@30 : 0.0458    precision@50 : 0.0326    map@1 : 0.1961    map@2 : 0.1934    map@3 : 0.201    map@4 : 0.2043    map@5 : 0.2116    map@10 : 0.23    map@20 : 0.2438    map@30 : 0.2498    map@50 : 0.2551
Sun 15 Mar 2026 19:40:25 INFO  Saving current: saved/SCL-Mar-15-2026_19-38-58.pth
Sun 15 Mar 2026 19:40:25 INFO  Saving current best: saved/SCL-Mar-15-2026_19-38-58.pth
Sun 15 Mar 2026 19:40:25 INFO  Running E-step ! 
Sun 15 Mar 2026 19:40:29 INFO  epoch 14 training [time: 4.59s, train_loss1: 104.5334, train_loss2: 0.0485, train_loss3: 0.0000]
Sun 15 Mar 2026 19:40:31 INFO  epoch 14 evaluating [time: 1.62s, valid_score: 0.316700]
Sun 15 Mar 2026 19:40:31 INFO  valid result: 
recall@1 : 0.1241    recall@2 : 0.199    recall@3 : 0.262    recall@4 : 0.3047    recall@5 : 0.3324    recall@10 : 0.4707    recall@20 : 0.6135    recall@30 : 0.6927    recall@50 : 0.7839    ndcg@1 : 0.2002    ndcg@2 : 0.2215    ndcg@3 : 0.2437    ndcg@4 : 0.2583    ndcg@5 : 0.2676    ndcg@10 : 0.3167    ndcg@20 : 0.3592    ndcg@30 : 0.3803    ndcg@50 : 0.4023    precision@1 : 0.2002    precision@2 : 0.1684    precision@3 : 0.1502    precision@4 : 0.1323    precision@5 : 0.1169    precision@10 : 0.0869    precision@20 : 0.0598    precision@30 : 0.0465    precision@50 : 0.0328    map@1 : 0.2002    map@2 : 0.1958    map@3 : 0.202    map@4 : 0.2076    map@5 : 0.2112    map@10 : 0.2321    map@20 : 0.2465    map@30 : 0.2524    map@50 : 0.2575
Sun 15 Mar 2026 19:40:31 INFO  Saving current: saved/SCL-Mar-15-2026_19-38-58.pth
Sun 15 Mar 2026 19:40:31 INFO  Saving current best: saved/SCL-Mar-15-2026_19-38-58.pth
Sun 15 Mar 2026 19:40:31 INFO  Running E-step ! 
Sun 15 Mar 2026 19:40:36 INFO  epoch 15 training [time: 4.64s, train_loss1: 102.9135, train_loss2: 0.0478, train_loss3: 0.0000]
Sun 15 Mar 2026 19:40:37 INFO  epoch 15 evaluating [time: 1.61s, valid_score: 0.319000]
Sun 15 Mar 2026 19:40:37 INFO  valid result: 
recall@1 : 0.1235    recall@2 : 0.2006    recall@3 : 0.2626    recall@4 : 0.3068    recall@5 : 0.3379    recall@10 : 0.4741    recall@20 : 0.6178    recall@30 : 0.696    recall@50 : 0.7888    ndcg@1 : 0.1996    ndcg@2 : 0.2225    ndcg@3 : 0.2443    ndcg@4 : 0.2592    ndcg@5 : 0.27    ndcg@10 : 0.319    ndcg@20 : 0.3612    ndcg@30 : 0.3822    ndcg@50 : 0.4045    precision@1 : 0.1996    precision@2 : 0.1692    precision@3 : 0.1508    precision@4 : 0.1329    precision@5 : 0.1186    precision@10 : 0.0886    precision@20 : 0.0601    precision@30 : 0.0468    precision@50 : 0.033    map@1 : 0.1996    map@2 : 0.1968    map@3 : 0.2026    map@4 : 0.2081    map@5 : 0.2126    map@10 : 0.2338    map@20 : 0.248    map@30 : 0.254    map@50 : 0.2592
Sun 15 Mar 2026 19:40:37 INFO  Saving current: saved/SCL-Mar-15-2026_19-38-58.pth
Sun 15 Mar 2026 19:40:37 INFO  Saving current best: saved/SCL-Mar-15-2026_19-38-58.pth
Sun 15 Mar 2026 19:40:37 INFO  Running E-step ! 
Sun 15 Mar 2026 19:40:41 INFO  epoch 16 training [time: 4.23s, train_loss1: 100.7739, train_loss2: 0.0472, train_loss3: 0.0000]
Sun 15 Mar 2026 19:40:43 INFO  epoch 16 evaluating [time: 1.62s, valid_score: 0.321400]
Sun 15 Mar 2026 19:40:43 INFO  valid result: 
recall@1 : 0.1233    recall@2 : 0.2054    recall@3 : 0.2717    recall@4 : 0.306    recall@5 : 0.3442    recall@10 : 0.4761    recall@20 : 0.6178    recall@30 : 0.7011    recall@50 : 0.7886    ndcg@1 : 0.1996    ndcg@2 : 0.2254    ndcg@3 : 0.2495    ndcg@4 : 0.2598    ndcg@5 : 0.2741    ndcg@10 : 0.3214    ndcg@20 : 0.363    ndcg@30 : 0.3854    ndcg@50 : 0.4065    precision@1 : 0.1996    precision@2 : 0.1716    precision@3 : 0.1544    precision@4 : 0.1322    precision@5 : 0.1209    precision@10 : 0.0891    precision@20 : 0.0601    precision@30 : 0.0472    precision@50 : 0.033    map@1 : 0.1996    map@2 : 0.1986    map@3 : 0.2062    map@4 : 0.2093    map@5 : 0.2156    map@10 : 0.2363    map@20 : 0.2503    map@30 : 0.2567    map@50 : 0.2616
Sun 15 Mar 2026 19:40:43 INFO  Saving current: saved/SCL-Mar-15-2026_19-38-58.pth
Sun 15 Mar 2026 19:40:43 INFO  Saving current best: saved/SCL-Mar-15-2026_19-38-58.pth
Sun 15 Mar 2026 19:40:43 INFO  Running E-step ! 
Sun 15 Mar 2026 19:40:48 INFO  epoch 17 training [time: 4.55s, train_loss1: 99.4957, train_loss2: 0.0465, train_loss3: 0.0000]
Sun 15 Mar 2026 19:40:49 INFO  epoch 17 evaluating [time: 1.61s, valid_score: 0.323300]
Sun 15 Mar 2026 19:40:49 INFO  valid result: 
recall@1 : 0.1226    recall@2 : 0.2054    recall@3 : 0.2694    recall@4 : 0.3083    recall@5 : 0.3468    recall@10 : 0.4812    recall@20 : 0.617    recall@30 : 0.7014    recall@50 : 0.7907    ndcg@1 : 0.199    ndcg@2 : 0.2246    ndcg@3 : 0.248    ndcg@4 : 0.2606    ndcg@5 : 0.275    ndcg@10 : 0.3233    ndcg@20 : 0.3633    ndcg@30 : 0.3856    ndcg@50 : 0.4073    precision@1 : 0.199    precision@2 : 0.1707    precision@3 : 0.1536    precision@4 : 0.1333    precision@5 : 0.1219    precision@10 : 0.0902    precision@20 : 0.0604    precision@30 : 0.0471    precision@50 : 0.0331    map@1 : 0.199    map@2 : 0.1974    map@3 : 0.2051    map@4 : 0.2096    map@5 : 0.2161    map@10 : 0.237    map@20 : 0.2505    map@30 : 0.2569    map@50 : 0.2619
Sun 15 Mar 2026 19:40:49 INFO  Saving current: saved/SCL-Mar-15-2026_19-38-58.pth
Sun 15 Mar 2026 19:40:49 INFO  Saving current best: saved/SCL-Mar-15-2026_19-38-58.pth
Sun 15 Mar 2026 19:40:49 INFO  Running E-step ! 
Sun 15 Mar 2026 19:40:54 INFO  epoch 18 training [time: 4.91s, train_loss1: 97.5405, train_loss2: 0.0457, train_loss3: 0.0000]
Sun 15 Mar 2026 19:40:56 INFO  epoch 18 evaluating [time: 1.60s, valid_score: 0.322600]
Sun 15 Mar 2026 19:40:56 INFO  valid result: 
recall@1 : 0.1193    recall@2 : 0.2026    recall@3 : 0.2695    recall@4 : 0.3107    recall@5 : 0.3438    recall@10 : 0.4828    recall@20 : 0.6234    recall@30 : 0.7057    recall@50 : 0.7946    ndcg@1 : 0.1949    ndcg@2 : 0.2208    ndcg@3 : 0.246    ndcg@4 : 0.2604    ndcg@5 : 0.2724    ndcg@10 : 0.3226    ndcg@20 : 0.3638    ndcg@30 : 0.3855    ndcg@50 : 0.4071    precision@1 : 0.1949    precision@2 : 0.1681    precision@3 : 0.1532    precision@4 : 0.1351    precision@5 : 0.1219    precision@10 : 0.091    precision@20 : 0.061    precision@30 : 0.0473    precision@50 : 0.0333    map@1 : 0.1949    map@2 : 0.194    map@3 : 0.2027    map@4 : 0.2083    map@5 : 0.2134    map@10 : 0.2355    map@20 : 0.2493    map@30 : 0.2555    map@50 : 0.2606
Sun 15 Mar 2026 19:40:56 INFO  Running E-step ! 
Sun 15 Mar 2026 19:41:01 INFO  epoch 19 training [time: 4.97s, train_loss1: 97.3235, train_loss2: 0.0451, train_loss3: 0.0000]
Sun 15 Mar 2026 19:41:02 INFO  epoch 19 evaluating [time: 1.63s, valid_score: 0.323100]
Sun 15 Mar 2026 19:41:02 INFO  valid result: 
recall@1 : 0.1164    recall@2 : 0.2032    recall@3 : 0.2646    recall@4 : 0.3097    recall@5 : 0.3447    recall@10 : 0.4882    recall@20 : 0.6234    recall@30 : 0.7073    recall@50 : 0.7965    ndcg@1 : 0.1925    ndcg@2 : 0.2212    ndcg@3 : 0.2427    ndcg@4 : 0.2592    ndcg@5 : 0.2721    ndcg@10 : 0.3231    ndcg@20 : 0.3631    ndcg@30 : 0.3852    ndcg@50 : 0.4069    precision@1 : 0.1925    precision@2 : 0.1701    precision@3 : 0.1514    precision@4 : 0.1359    precision@5 : 0.1234    precision@10 : 0.0915    precision@20 : 0.0611    precision@30 : 0.0476    precision@50 : 0.0334    map@1 : 0.1925    map@2 : 0.1938    map@3 : 0.1999    map@4 : 0.2068    map@5 : 0.2125    map@10 : 0.2345    map@20 : 0.2482    map@30 : 0.2544    map@50 : 0.2595
Sun 15 Mar 2026 19:41:02 INFO  Running E-step ! 
Sun 15 Mar 2026 19:41:08 INFO  epoch 20 training [time: 5.70s, train_loss1: 95.0621, train_loss2: 0.0446, train_loss3: 0.0000, train_loss4: 0.0035]
Sun 15 Mar 2026 19:41:10 INFO  epoch 20 evaluating [time: 1.61s, valid_score: 0.323100]
Sun 15 Mar 2026 19:41:10 INFO  valid result: 
recall@1 : 0.117    recall@2 : 0.2033    recall@3 : 0.2638    recall@4 : 0.308    recall@5 : 0.3466    recall@10 : 0.486    recall@20 : 0.625    recall@30 : 0.711    recall@50 : 0.796    ndcg@1 : 0.1955    ndcg@2 : 0.223    ndcg@3 : 0.2437    ndcg@4 : 0.2595    ndcg@5 : 0.2731    ndcg@10 : 0.3231    ndcg@20 : 0.364    ndcg@30 : 0.3868    ndcg@50 : 0.4075    precision@1 : 0.1955    precision@2 : 0.1716    precision@3 : 0.1526    precision@4 : 0.1366    precision@5 : 0.1232    precision@10 : 0.0913    precision@20 : 0.0612    precision@30 : 0.0479    precision@50 : 0.0334    map@1 : 0.1955    map@2 : 0.1958    map@3 : 0.2006    map@4 : 0.2069    map@5 : 0.213    map@10 : 0.2347    map@20 : 0.2486    map@30 : 0.2551    map@50 : 0.2599
Sun 15 Mar 2026 19:41:10 INFO  Running E-step ! 
Sun 15 Mar 2026 19:41:15 INFO  epoch 21 training [time: 5.42s, train_loss1: 93.4900, train_loss2: 0.0441, train_loss3: 0.0000, train_loss4: 0.0032]
Sun 15 Mar 2026 19:41:17 INFO  epoch 21 evaluating [time: 1.61s, valid_score: 0.324400]
Sun 15 Mar 2026 19:41:17 INFO  valid result: 
recall@1 : 0.115    recall@2 : 0.2048    recall@3 : 0.2659    recall@4 : 0.3116    recall@5 : 0.3502    recall@10 : 0.4895    recall@20 : 0.6263    recall@30 : 0.7118    recall@50 : 0.7992    ndcg@1 : 0.1919    ndcg@2 : 0.2212    ndcg@3 : 0.2437    ndcg@4 : 0.2601    ndcg@5 : 0.2742    ndcg@10 : 0.3244    ndcg@20 : 0.3646    ndcg@30 : 0.3873    ndcg@50 : 0.4084    precision@1 : 0.1919    precision@2 : 0.1704    precision@3 : 0.1534    precision@4 : 0.1372    precision@5 : 0.1246    precision@10 : 0.0923    precision@20 : 0.0615    precision@30 : 0.048    precision@50 : 0.0335    map@1 : 0.1919    map@2 : 0.1932    map@3 : 0.1999    map@4 : 0.2066    map@5 : 0.2133    map@10 : 0.2352    map@20 : 0.2489    map@30 : 0.2554    map@50 : 0.2604
Sun 15 Mar 2026 19:41:17 INFO  Saving current: saved/SCL-Mar-15-2026_19-38-58.pth
Sun 15 Mar 2026 19:41:17 INFO  Saving current best: saved/SCL-Mar-15-2026_19-38-58.pth
Sun 15 Mar 2026 19:41:17 INFO  Running E-step ! 
Sun 15 Mar 2026 19:41:21 INFO  epoch 22 training [time: 4.65s, train_loss1: 92.3050, train_loss2: 0.0435, train_loss3: 0.0000, train_loss4: 0.0037]
Sun 15 Mar 2026 19:41:23 INFO  epoch 22 evaluating [time: 1.71s, valid_score: 0.326300]
Sun 15 Mar 2026 19:41:23 INFO  valid result: 
recall@1 : 0.1195    recall@2 : 0.2117    recall@3 : 0.2699    recall@4 : 0.3119    recall@5 : 0.3478    recall@10 : 0.4858    recall@20 : 0.626    recall@30 : 0.7091    recall@50 : 0.7991    ndcg@1 : 0.1979    ndcg@2 : 0.2282    ndcg@3 : 0.2482    ndcg@4 : 0.2633    ndcg@5 : 0.2764    ndcg@10 : 0.3263    ndcg@20 : 0.3675    ndcg@30 : 0.3898    ndcg@50 : 0.4114    precision@1 : 0.1979    precision@2 : 0.1755    precision@3 : 0.1542    precision@4 : 0.1377    precision@5 : 0.1246    precision@10 : 0.092    precision@20 : 0.0615    precision@30 : 0.048    precision@50 : 0.0336    map@1 : 0.1979    map@2 : 0.1996    map@3 : 0.2049    map@4 : 0.2107    map@5 : 0.2167    map@10 : 0.2387    map@20 : 0.2527    map@30 : 0.2592    map@50 : 0.2642
Sun 15 Mar 2026 19:41:23 INFO  Saving current: saved/SCL-Mar-15-2026_19-38-58.pth
Sun 15 Mar 2026 19:41:23 INFO  Saving current best: saved/SCL-Mar-15-2026_19-38-58.pth
Sun 15 Mar 2026 19:41:23 INFO  Running E-step ! 
Sun 15 Mar 2026 19:41:27 INFO  epoch 23 training [time: 4.15s, train_loss1: 89.7959, train_loss2: 0.0429, train_loss3: 0.0000, train_loss4: 0.0036]
Sun 15 Mar 2026 19:41:29 INFO  epoch 23 evaluating [time: 1.61s, valid_score: 0.329500]
Sun 15 Mar 2026 19:41:29 INFO  valid result: 
recall@1 : 0.1203    recall@2 : 0.2128    recall@3 : 0.2721    recall@4 : 0.318    recall@5 : 0.3514    recall@10 : 0.4915    recall@20 : 0.6319    recall@30 : 0.7106    recall@50 : 0.8029    ndcg@1 : 0.2008    ndcg@2 : 0.2298    ndcg@3 : 0.2501    ndcg@4 : 0.267    ndcg@5 : 0.2789    ndcg@10 : 0.3295    ndcg@20 : 0.3708    ndcg@30 : 0.392    ndcg@50 : 0.414    precision@1 : 0.2008    precision@2 : 0.1764    precision@3 : 0.1551    precision@4 : 0.1399    precision@5 : 0.1251    precision@10 : 0.0927    precision@20 : 0.0621    precision@30 : 0.0481    precision@50 : 0.0337    map@1 : 0.2008    map@2 : 0.2013    map@3 : 0.2065    map@4 : 0.2134    map@5 : 0.2186    map@10 : 0.2409    map@20 : 0.255    map@30 : 0.2612    map@50 : 0.2663
Sun 15 Mar 2026 19:41:29 INFO  Saving current: saved/SCL-Mar-15-2026_19-38-58.pth
Sun 15 Mar 2026 19:41:29 INFO  Saving current best: saved/SCL-Mar-15-2026_19-38-58.pth
Sun 15 Mar 2026 19:41:29 INFO  Running E-step ! 
Sun 15 Mar 2026 19:41:35 INFO  epoch 24 training [time: 5.60s, train_loss1: 89.6199, train_loss2: 0.0424, train_loss3: 0.0000, train_loss4: 0.0033]
Sun 15 Mar 2026 19:41:36 INFO  epoch 24 evaluating [time: 1.61s, valid_score: 0.328300]
Sun 15 Mar 2026 19:41:36 INFO  valid result: 
recall@1 : 0.1198    recall@2 : 0.2115    recall@3 : 0.2715    recall@4 : 0.3155    recall@5 : 0.3509    recall@10 : 0.4894    recall@20 : 0.6274    recall@30 : 0.709    recall@50 : 0.8038    ndcg@1 : 0.1985    ndcg@2 : 0.2276    ndcg@3 : 0.2494    ndcg@4 : 0.2654    ndcg@5 : 0.2783    ndcg@10 : 0.3283    ndcg@20 : 0.369    ndcg@30 : 0.3909    ndcg@50 : 0.4135    precision@1 : 0.1985    precision@2 : 0.174    precision@3 : 0.1555    precision@4 : 0.1396    precision@5 : 0.1259    precision@10 : 0.0927    precision@20 : 0.0619    precision@30 : 0.048    precision@50 : 0.0338    map@1 : 0.1985    map@2 : 0.1996    map@3 : 0.2059    map@4 : 0.2122    map@5 : 0.2181    map@10 : 0.2401    map@20 : 0.2542    map@30 : 0.2605    map@50 : 0.2657
Sun 15 Mar 2026 19:41:36 INFO  Running E-step ! 
Sun 15 Mar 2026 19:41:41 INFO  epoch 25 training [time: 5.10s, train_loss1: 87.9001, train_loss2: 0.0417, train_loss3: 0.0000, train_loss4: 0.0034]
Sun 15 Mar 2026 19:41:43 INFO  epoch 25 evaluating [time: 1.67s, valid_score: 0.330800]
Sun 15 Mar 2026 19:41:43 INFO  valid result: 
recall@1 : 0.1245    recall@2 : 0.2144    recall@3 : 0.2703    recall@4 : 0.3183    recall@5 : 0.3503    recall@10 : 0.4896    recall@20 : 0.6288    recall@30 : 0.7072    recall@50 : 0.7997    ndcg@1 : 0.205    ndcg@2 : 0.2323    ndcg@3 : 0.2519    ndcg@4 : 0.2691    ndcg@5 : 0.2804    ndcg@10 : 0.3308    ndcg@20 : 0.3718    ndcg@30 : 0.3928    ndcg@50 : 0.415    precision@1 : 0.205    precision@2 : 0.177    precision@3 : 0.1563    precision@4 : 0.1403    precision@5 : 0.1256    precision@10 : 0.093    precision@20 : 0.0621    precision@30 : 0.0479    precision@50 : 0.0337    map@1 : 0.205    map@2 : 0.2041    map@3 : 0.2089    map@4 : 0.2158    map@5 : 0.2207    map@10 : 0.2431    map@20 : 0.2572    map@30 : 0.2632    map@50 : 0.2685
Sun 15 Mar 2026 19:41:43 INFO  Saving current: saved/SCL-Mar-15-2026_19-38-58.pth
Sun 15 Mar 2026 19:41:43 INFO  Saving current best: saved/SCL-Mar-15-2026_19-38-58.pth
Sun 15 Mar 2026 19:41:43 INFO  Running E-step ! 
Sun 15 Mar 2026 19:41:48 INFO  epoch 26 training [time: 4.95s, train_loss1: 86.9950, train_loss2: 0.0411, train_loss3: 0.0000, train_loss4: 0.0031]
Sun 15 Mar 2026 19:41:50 INFO  epoch 26 evaluating [time: 1.60s, valid_score: 0.330600]
Sun 15 Mar 2026 19:41:50 INFO  valid result: 
recall@1 : 0.1243    recall@2 : 0.2137    recall@3 : 0.2716    recall@4 : 0.3187    recall@5 : 0.3544    recall@10 : 0.4875    recall@20 : 0.631    recall@30 : 0.7095    recall@50 : 0.7998    ndcg@1 : 0.2056    ndcg@2 : 0.2324    ndcg@3 : 0.2521    ndcg@4 : 0.2692    ndcg@5 : 0.2824    ndcg@10 : 0.3306    ndcg@20 : 0.3733    ndcg@30 : 0.3943    ndcg@50 : 0.416    precision@1 : 0.2056    precision@2 : 0.1779    precision@3 : 0.1561    precision@4 : 0.1406    precision@5 : 0.1274    precision@10 : 0.0924    precision@20 : 0.0625    precision@30 : 0.0482    precision@50 : 0.0337    map@1 : 0.2056    map@2 : 0.2041    map@3 : 0.2088    map@4 : 0.2157    map@5 : 0.2218    map@10 : 0.2433    map@20 : 0.2582    map@30 : 0.2642    map@50 : 0.2693
Sun 15 Mar 2026 19:41:50 INFO  Running E-step ! 
Sun 15 Mar 2026 19:41:55 INFO  epoch 27 training [time: 5.28s, train_loss1: 86.0707, train_loss2: 0.0405, train_loss3: 0.0000, train_loss4: 0.0031]
Sun 15 Mar 2026 19:41:56 INFO  epoch 27 evaluating [time: 1.61s, valid_score: 0.333100]
Sun 15 Mar 2026 19:41:56 INFO  valid result: 
recall@1 : 0.1248    recall@2 : 0.2144    recall@3 : 0.2764    recall@4 : 0.3198    recall@5 : 0.3531    recall@10 : 0.4922    recall@20 : 0.6317    recall@30 : 0.7116    recall@50 : 0.7994    ndcg@1 : 0.2062    ndcg@2 : 0.2331    ndcg@3 : 0.255    ndcg@4 : 0.2702    ndcg@5 : 0.2824    ndcg@10 : 0.3331    ndcg@20 : 0.3745    ndcg@30 : 0.3956    ndcg@50 : 0.4168    precision@1 : 0.2062    precision@2 : 0.1782    precision@3 : 0.1585    precision@4 : 0.1406    precision@5 : 0.1268    precision@10 : 0.0937    precision@20 : 0.0628    precision@30 : 0.0483    precision@50 : 0.0337    map@1 : 0.2062    map@2 : 0.2046    map@3 : 0.211    map@4 : 0.2166    map@5 : 0.222    map@10 : 0.2451    map@20 : 0.2593    map@30 : 0.2653    map@50 : 0.2703
Sun 15 Mar 2026 19:41:56 INFO  Saving current: saved/SCL-Mar-15-2026_19-38-58.pth
Sun 15 Mar 2026 19:41:56 INFO  Saving current best: saved/SCL-Mar-15-2026_19-38-58.pth
Sun 15 Mar 2026 19:41:56 INFO  Running E-step ! 
Sun 15 Mar 2026 19:42:02 INFO  epoch 28 training [time: 5.03s, train_loss1: 83.7840, train_loss2: 0.0401, train_loss3: 0.0000, train_loss4: 0.0030]
Sun 15 Mar 2026 19:42:03 INFO  epoch 28 evaluating [time: 1.61s, valid_score: 0.332800]
Sun 15 Mar 2026 19:42:03 INFO  valid result: 
recall@1 : 0.1244    recall@2 : 0.2177    recall@3 : 0.2776    recall@4 : 0.3241    recall@5 : 0.3563    recall@10 : 0.4903    recall@20 : 0.6343    recall@30 : 0.7147    recall@50 : 0.7974    ndcg@1 : 0.2038    ndcg@2 : 0.2356    ndcg@3 : 0.2553    ndcg@4 : 0.2724    ndcg@5 : 0.2845    ndcg@10 : 0.3328    ndcg@20 : 0.3758    ndcg@30 : 0.3973    ndcg@50 : 0.4171    precision@1 : 0.2038    precision@2 : 0.1815    precision@3 : 0.1577    precision@4 : 0.1418    precision@5 : 0.1284    precision@10 : 0.093    precision@20 : 0.063    precision@30 : 0.0487    precision@50 : 0.0336    map@1 : 0.2038    map@2 : 0.2065    map@3 : 0.2114    map@4 : 0.2181    map@5 : 0.2237    map@10 : 0.2453    map@20 : 0.2603    map@30 : 0.2665    map@50 : 0.2712
Sun 15 Mar 2026 19:42:03 INFO  Running E-step ! 
Sun 15 Mar 2026 19:42:08 INFO  epoch 29 training [time: 4.39s, train_loss1: 81.0584, train_loss2: 0.0397, train_loss3: 0.0000, train_loss4: 0.0025]
Sun 15 Mar 2026 19:42:09 INFO  epoch 29 evaluating [time: 1.61s, valid_score: 0.336300]
Sun 15 Mar 2026 19:42:09 INFO  valid result: 
recall@1 : 0.1282    recall@2 : 0.2186    recall@3 : 0.2776    recall@4 : 0.3244    recall@5 : 0.3579    recall@10 : 0.495    recall@20 : 0.6344    recall@30 : 0.7145    recall@50 : 0.7985    ndcg@1 : 0.2128    ndcg@2 : 0.2391    ndcg@3 : 0.2578    ndcg@4 : 0.2745    ndcg@5 : 0.2873    ndcg@10 : 0.3363    ndcg@20 : 0.378    ndcg@30 : 0.3993    ndcg@50 : 0.4196    precision@1 : 0.2128    precision@2 : 0.183    precision@3 : 0.1583    precision@4 : 0.1417    precision@5 : 0.1288    precision@10 : 0.0939    precision@20 : 0.063    precision@30 : 0.0486    precision@50 : 0.0337    map@1 : 0.2128    map@2 : 0.2104    map@3 : 0.2144    map@4 : 0.2206    map@5 : 0.2264    map@10 : 0.2482    map@20 : 0.2628    map@30 : 0.269    map@50 : 0.2738
Sun 15 Mar 2026 19:42:09 INFO  Saving current: saved/SCL-Mar-15-2026_19-38-58.pth
Sun 15 Mar 2026 19:42:09 INFO  Saving current best: saved/SCL-Mar-15-2026_19-38-58.pth
Sun 15 Mar 2026 19:42:09 INFO  Running E-step ! 
Sun 15 Mar 2026 19:42:15 INFO  epoch 30 training [time: 5.55s, train_loss1: 81.2164, train_loss2: 0.0391, train_loss3: 0.0000, train_loss4: 0.0030]
Sun 15 Mar 2026 19:42:16 INFO  epoch 30 evaluating [time: 1.60s, valid_score: 0.337800]
Sun 15 Mar 2026 19:42:16 INFO  valid result: 
recall@1 : 0.1294    recall@2 : 0.2163    recall@3 : 0.2805    recall@4 : 0.3224    recall@5 : 0.3604    recall@10 : 0.4965    recall@20 : 0.6396    recall@30 : 0.7163    recall@50 : 0.7991    ndcg@1 : 0.2157    ndcg@2 : 0.2396    ndcg@3 : 0.2601    ndcg@4 : 0.2748    ndcg@5 : 0.2889    ndcg@10 : 0.3378    ndcg@20 : 0.3804    ndcg@30 : 0.4009    ndcg@50 : 0.4208    precision@1 : 0.2157    precision@2 : 0.1836    precision@3 : 0.1603    precision@4 : 0.1421    precision@5 : 0.1296    precision@10 : 0.0942    precision@20 : 0.0636    precision@30 : 0.0488    precision@50 : 0.0337    map@1 : 0.2157    map@2 : 0.2111    map@3 : 0.2159    map@4 : 0.2211    map@5 : 0.2277    map@10 : 0.2493    map@20 : 0.2644    map@30 : 0.2703    map@50 : 0.275
Sun 15 Mar 2026 19:42:16 INFO  Saving current: saved/SCL-Mar-15-2026_19-38-58.pth
Sun 15 Mar 2026 19:42:16 INFO  Saving current best: saved/SCL-Mar-15-2026_19-38-58.pth
Sun 15 Mar 2026 19:42:16 INFO  Running E-step ! 
Sun 15 Mar 2026 19:42:21 INFO  epoch 31 training [time: 5.12s, train_loss1: 79.2680, train_loss2: 0.0386, train_loss3: 0.0000, train_loss4: 0.0030]
Sun 15 Mar 2026 19:42:23 INFO  epoch 31 evaluating [time: 1.59s, valid_score: 0.337600]
Sun 15 Mar 2026 19:42:23 INFO  valid result: 
recall@1 : 0.1299    recall@2 : 0.208    recall@3 : 0.2799    recall@4 : 0.3262    recall@5 : 0.3642    recall@10 : 0.4973    recall@20 : 0.6412    recall@30 : 0.7177    recall@50 : 0.8016    ndcg@1 : 0.2145    ndcg@2 : 0.2338    ndcg@3 : 0.2587    ndcg@4 : 0.2757    ndcg@5 : 0.2896    ndcg@10 : 0.3376    ndcg@20 : 0.3804    ndcg@30 : 0.401    ndcg@50 : 0.4211    precision@1 : 0.2145    precision@2 : 0.1788    precision@3 : 0.1601    precision@4 : 0.1441    precision@5 : 0.1304    precision@10 : 0.0946    precision@20 : 0.0636    precision@30 : 0.049    precision@50 : 0.0338    map@1 : 0.2145    map@2 : 0.2065    map@3 : 0.2144    map@4 : 0.2213    map@5 : 0.2276    map@10 : 0.249    map@20 : 0.2641    map@30 : 0.2702    map@50 : 0.2749
Sun 15 Mar 2026 19:42:23 INFO  Running E-step ! 
Sun 15 Mar 2026 19:42:28 INFO  epoch 32 training [time: 5.17s, train_loss1: 78.3150, train_loss2: 0.0381, train_loss3: 0.0000, train_loss4: 0.0026]
Sun 15 Mar 2026 19:42:30 INFO  epoch 32 evaluating [time: 1.59s, valid_score: 0.340400]
Sun 15 Mar 2026 19:42:30 INFO  valid result: 
recall@1 : 0.13    recall@2 : 0.2168    recall@3 : 0.2807    recall@4 : 0.3263    recall@5 : 0.3651    recall@10 : 0.5011    recall@20 : 0.6433    recall@30 : 0.7181    recall@50 : 0.8056    ndcg@1 : 0.2151    ndcg@2 : 0.2399    ndcg@3 : 0.2606    ndcg@4 : 0.2774    ndcg@5 : 0.2914    ndcg@10 : 0.3404    ndcg@20 : 0.3829    ndcg@30 : 0.4031    ndcg@50 : 0.4238    precision@1 : 0.2151    precision@2 : 0.1844    precision@3 : 0.1605    precision@4 : 0.1447    precision@5 : 0.131    precision@10 : 0.095    precision@20 : 0.064    precision@30 : 0.0491    precision@50 : 0.0339    map@1 : 0.2151    map@2 : 0.2111    map@3 : 0.2165    map@4 : 0.223    map@5 : 0.2294    map@10 : 0.2513    map@20 : 0.2663    map@30 : 0.2723    map@50 : 0.2772
Sun 15 Mar 2026 19:42:30 INFO  Saving current: saved/SCL-Mar-15-2026_19-38-58.pth
Sun 15 Mar 2026 19:42:30 INFO  Saving current best: saved/SCL-Mar-15-2026_19-38-58.pth
Sun 15 Mar 2026 19:42:30 INFO  Running E-step ! 
Sun 15 Mar 2026 19:42:35 INFO  epoch 33 training [time: 5.37s, train_loss1: 77.0603, train_loss2: 0.0376, train_loss3: 0.0000, train_loss4: 0.0025]
Sun 15 Mar 2026 19:42:37 INFO  epoch 33 evaluating [time: 1.60s, valid_score: 0.343700]
Sun 15 Mar 2026 19:42:37 INFO  valid result: 
recall@1 : 0.1333    recall@2 : 0.2234    recall@3 : 0.2831    recall@4 : 0.3283    recall@5 : 0.3717    recall@10 : 0.502    recall@20 : 0.6476    recall@30 : 0.72    recall@50 : 0.8047    ndcg@1 : 0.2193    ndcg@2 : 0.2458    ndcg@3 : 0.2643    ndcg@4 : 0.2808    ndcg@5 : 0.2966    ndcg@10 : 0.3437    ndcg@20 : 0.387    ndcg@30 : 0.4068    ndcg@50 : 0.4268    precision@1 : 0.2193    precision@2 : 0.1883    precision@3 : 0.1623    precision@4 : 0.1457    precision@5 : 0.1328    precision@10 : 0.0953    precision@20 : 0.0643    precision@30 : 0.0493    precision@50 : 0.0339    map@1 : 0.2193    map@2 : 0.2163    map@3 : 0.2205    map@4 : 0.2265    map@5 : 0.2339    map@10 : 0.2549    map@20 : 0.2703    map@30 : 0.2763    map@50 : 0.2809
Sun 15 Mar 2026 19:42:37 INFO  Saving current: saved/SCL-Mar-15-2026_19-38-58.pth
Sun 15 Mar 2026 19:42:37 INFO  Saving current best: saved/SCL-Mar-15-2026_19-38-58.pth
Sun 15 Mar 2026 19:42:37 INFO  Running E-step ! 
Sun 15 Mar 2026 19:42:41 INFO  epoch 34 training [time: 4.53s, train_loss1: 76.8816, train_loss2: 0.0371, train_loss3: 0.0000, train_loss4: 0.0026]
Sun 15 Mar 2026 19:42:43 INFO  epoch 34 evaluating [time: 1.60s, valid_score: 0.343700]
Sun 15 Mar 2026 19:42:43 INFO  valid result: 
recall@1 : 0.1297    recall@2 : 0.2223    recall@3 : 0.2844    recall@4 : 0.3313    recall@5 : 0.3721    recall@10 : 0.5066    recall@20 : 0.6489    recall@30 : 0.724    recall@50 : 0.806    ndcg@1 : 0.2128    ndcg@2 : 0.2423    ndcg@3 : 0.2629    ndcg@4 : 0.2801    ndcg@5 : 0.2954    ndcg@10 : 0.3437    ndcg@20 : 0.3862    ndcg@30 : 0.4065    ndcg@50 : 0.4259    precision@1 : 0.2128    precision@2 : 0.1862    precision@3 : 0.1623    precision@4 : 0.146    precision@5 : 0.1334    precision@10 : 0.096    precision@20 : 0.0644    precision@30 : 0.0495    precision@50 : 0.0339    map@1 : 0.2128    map@2 : 0.2133    map@3 : 0.2184    map@4 : 0.225    map@5 : 0.2323    map@10 : 0.2539    map@20 : 0.2691    map@30 : 0.2752    map@50 : 0.2797
Sun 15 Mar 2026 19:42:43 INFO  Saving current: saved/SCL-Mar-15-2026_19-38-58.pth
Sun 15 Mar 2026 19:42:43 INFO  Saving current best: saved/SCL-Mar-15-2026_19-38-58.pth
Sun 15 Mar 2026 19:42:43 INFO  Running E-step ! 
Sun 15 Mar 2026 19:42:48 INFO  epoch 35 training [time: 4.89s, train_loss1: 75.3441, train_loss2: 0.0367, train_loss3: 0.0000, train_loss4: 0.0027]
Sun 15 Mar 2026 19:42:49 INFO  epoch 35 evaluating [time: 1.61s, valid_score: 0.345600]
Sun 15 Mar 2026 19:42:49 INFO  valid result: 
recall@1 : 0.1308    recall@2 : 0.2242    recall@3 : 0.2864    recall@4 : 0.3364    recall@5 : 0.3723    recall@10 : 0.5083    recall@20 : 0.6502    recall@30 : 0.7226    recall@50 : 0.8069    ndcg@1 : 0.2139    ndcg@2 : 0.2438    ndcg@3 : 0.2651    ndcg@4 : 0.2834    ndcg@5 : 0.2965    ndcg@10 : 0.3456    ndcg@20 : 0.3878    ndcg@30 : 0.4077    ndcg@50 : 0.4276    precision@1 : 0.2139    precision@2 : 0.1868    precision@3 : 0.1643    precision@4 : 0.1479    precision@5 : 0.1334    precision@10 : 0.0967    precision@20 : 0.0644    precision@30 : 0.0495    precision@50 : 0.034    map@1 : 0.2139    map@2 : 0.2147    map@3 : 0.2208    map@4 : 0.228    map@5 : 0.2339    map@10 : 0.2559    map@20 : 0.2709    map@30 : 0.277    map@50 : 0.2816
Sun 15 Mar 2026 19:42:49 INFO  Saving current: saved/SCL-Mar-15-2026_19-38-58.pth
Sun 15 Mar 2026 19:42:49 INFO  Saving current best: saved/SCL-Mar-15-2026_19-38-58.pth
Sun 15 Mar 2026 19:42:49 INFO  Running E-step ! 
Sun 15 Mar 2026 19:42:55 INFO  epoch 36 training [time: 5.38s, train_loss1: 72.8891, train_loss2: 0.0364, train_loss3: 0.0000, train_loss4: 0.0026]
Sun 15 Mar 2026 19:42:56 INFO  epoch 36 evaluating [time: 1.61s, valid_score: 0.347700]
Sun 15 Mar 2026 19:42:56 INFO  valid result: 
recall@1 : 0.1326    recall@2 : 0.2253    recall@3 : 0.2876    recall@4 : 0.3368    recall@5 : 0.3753    recall@10 : 0.5109    recall@20 : 0.6512    recall@30 : 0.7233    recall@50 : 0.8075    ndcg@1 : 0.2157    ndcg@2 : 0.2455    ndcg@3 : 0.2669    ndcg@4 : 0.2848    ndcg@5 : 0.2992    ndcg@10 : 0.3477    ndcg@20 : 0.3896    ndcg@30 : 0.4092    ndcg@50 : 0.4291    precision@1 : 0.2157    precision@2 : 0.1877    precision@3 : 0.1653    precision@4 : 0.1487    precision@5 : 0.1349    precision@10 : 0.0971    precision@20 : 0.0648    precision@30 : 0.0496    precision@50 : 0.034    map@1 : 0.2157    map@2 : 0.2166    map@3 : 0.2227    map@4 : 0.2297    map@5 : 0.2363    map@10 : 0.258    map@20 : 0.2729    map@30 : 0.2789    map@50 : 0.2835
Sun 15 Mar 2026 19:42:56 INFO  Saving current: saved/SCL-Mar-15-2026_19-38-58.pth
Sun 15 Mar 2026 19:42:56 INFO  Saving current best: saved/SCL-Mar-15-2026_19-38-58.pth
Sun 15 Mar 2026 19:42:56 INFO  Running E-step ! 
Sun 15 Mar 2026 19:43:02 INFO  epoch 37 training [time: 5.14s, train_loss1: 71.9360, train_loss2: 0.0359, train_loss3: 0.0000, train_loss4: 0.0027]
Sun 15 Mar 2026 19:43:03 INFO  epoch 37 evaluating [time: 1.62s, valid_score: 0.347700]
Sun 15 Mar 2026 19:43:03 INFO  valid result: 
recall@1 : 0.1342    recall@2 : 0.2294    recall@3 : 0.287    recall@4 : 0.336    recall@5 : 0.3742    recall@10 : 0.5071    recall@20 : 0.6527    recall@30 : 0.7284    recall@50 : 0.8084    ndcg@1 : 0.2187    ndcg@2 : 0.2489    ndcg@3 : 0.2674    ndcg@4 : 0.2856    ndcg@5 : 0.3001    ndcg@10 : 0.3477    ndcg@20 : 0.3912    ndcg@30 : 0.4118    ndcg@50 : 0.4306    precision@1 : 0.2187    precision@2 : 0.1898    precision@3 : 0.1645    precision@4 : 0.1487    precision@5 : 0.1355    precision@10 : 0.0966    precision@20 : 0.0649    precision@30 : 0.0499    precision@50 : 0.034    map@1 : 0.2187    map@2 : 0.2193    map@3 : 0.2232    map@4 : 0.2307    map@5 : 0.2375    map@10 : 0.2588    map@20 : 0.2744    map@30 : 0.2806    map@50 : 0.285
Sun 15 Mar 2026 19:43:03 INFO  Saving current: saved/SCL-Mar-15-2026_19-38-58.pth
Sun 15 Mar 2026 19:43:03 INFO  Saving current best: saved/SCL-Mar-15-2026_19-38-58.pth
Sun 15 Mar 2026 19:43:03 INFO  Running E-step ! 
Sun 15 Mar 2026 19:43:08 INFO  epoch 38 training [time: 4.38s, train_loss1: 71.9962, train_loss2: 0.0355, train_loss3: 0.0000, train_loss4: 0.0027]
Sun 15 Mar 2026 19:43:09 INFO  epoch 38 evaluating [time: 1.61s, valid_score: 0.346700]
Sun 15 Mar 2026 19:43:09 INFO  valid result: 
recall@1 : 0.134    recall@2 : 0.2264    recall@3 : 0.2883    recall@4 : 0.3386    recall@5 : 0.3757    recall@10 : 0.5043    recall@20 : 0.6534    recall@30 : 0.7282    recall@50 : 0.8102    ndcg@1 : 0.2175    ndcg@2 : 0.247    ndcg@3 : 0.2682    ndcg@4 : 0.2865    ndcg@5 : 0.3006    ndcg@10 : 0.3467    ndcg@20 : 0.3915    ndcg@30 : 0.4118    ndcg@50 : 0.4311    precision@1 : 0.2175    precision@2 : 0.1889    precision@3 : 0.1663    precision@4 : 0.1493    precision@5 : 0.136    precision@10 : 0.0959    precision@20 : 0.065    precision@30 : 0.0499    precision@50 : 0.0341    map@1 : 0.2175    map@2 : 0.2175    map@3 : 0.2239    map@4 : 0.2312    map@5 : 0.2375    map@10 : 0.2582    map@20 : 0.2744    map@30 : 0.2805    map@50 : 0.285
Sun 15 Mar 2026 19:43:09 INFO  Running E-step ! 
Sun 15 Mar 2026 19:43:14 INFO  epoch 39 training [time: 4.86s, train_loss1: 69.6038, train_loss2: 0.0351, train_loss3: 0.0000, train_loss4: 0.0026]
Sun 15 Mar 2026 19:43:16 INFO  epoch 39 evaluating [time: 1.61s, valid_score: 0.349500]
Sun 15 Mar 2026 19:43:16 INFO  valid result: 
recall@1 : 0.1365    recall@2 : 0.2291    recall@3 : 0.2896    recall@4 : 0.3364    recall@5 : 0.3758    recall@10 : 0.5082    recall@20 : 0.6536    recall@30 : 0.7292    recall@50 : 0.8113    ndcg@1 : 0.2199    ndcg@2 : 0.2495    ndcg@3 : 0.2703    ndcg@4 : 0.287    ndcg@5 : 0.3021    ndcg@10 : 0.3495    ndcg@20 : 0.3933    ndcg@30 : 0.4137    ndcg@50 : 0.4331    precision@1 : 0.2199    precision@2 : 0.191    precision@3 : 0.1673    precision@4 : 0.1491    precision@5 : 0.1365    precision@10 : 0.0966    precision@20 : 0.0651    precision@30 : 0.0499    precision@50 : 0.0341    map@1 : 0.2199    map@2 : 0.2196    map@3 : 0.2259    map@4 : 0.2324    map@5 : 0.2393    map@10 : 0.2607    map@20 : 0.2765    map@30 : 0.2827    map@50 : 0.2872
Sun 15 Mar 2026 19:43:16 INFO  Saving current: saved/SCL-Mar-15-2026_19-38-58.pth
Sun 15 Mar 2026 19:43:16 INFO  Saving current best: saved/SCL-Mar-15-2026_19-38-58.pth
Sun 15 Mar 2026 19:43:16 INFO  Running E-step ! 
Sun 15 Mar 2026 19:43:20 INFO  epoch 40 training [time: 4.30s, train_loss1: 69.9367, train_loss2: 0.0346, train_loss3: 0.0000, train_loss4: 0.0029]
Sun 15 Mar 2026 19:43:22 INFO  epoch 40 evaluating [time: 1.60s, valid_score: 0.349100]
Sun 15 Mar 2026 19:43:22 INFO  valid result: 
recall@1 : 0.134    recall@2 : 0.2276    recall@3 : 0.2915    recall@4 : 0.3391    recall@5 : 0.3751    recall@10 : 0.509    recall@20 : 0.6537    recall@30 : 0.7318    recall@50 : 0.8086    ndcg@1 : 0.2175    ndcg@2 : 0.2472    ndcg@3 : 0.27    ndcg@4 : 0.2873    ndcg@5 : 0.3012    ndcg@10 : 0.3491    ndcg@20 : 0.3926    ndcg@30 : 0.4136    ndcg@50 : 0.432    precision@1 : 0.2175    precision@2 : 0.1892    precision@3 : 0.1681    precision@4 : 0.1505    precision@5 : 0.1369    precision@10 : 0.0969    precision@20 : 0.0649    precision@30 : 0.05    precision@50 : 0.0341    map@1 : 0.2175    map@2 : 0.2171    map@3 : 0.2248    map@4 : 0.2318    map@5 : 0.2384    map@10 : 0.26    map@20 : 0.2756    map@30 : 0.282    map@50 : 0.2864
Sun 15 Mar 2026 19:43:22 INFO  Running E-step ! 
Sun 15 Mar 2026 19:43:27 INFO  epoch 41 training [time: 5.23s, train_loss1: 68.1706, train_loss2: 0.0342, train_loss3: 0.0000, train_loss4: 0.0028]
Sun 15 Mar 2026 19:43:28 INFO  epoch 41 evaluating [time: 1.60s, valid_score: 0.349400]
Sun 15 Mar 2026 19:43:28 INFO  valid result: 
recall@1 : 0.132    recall@2 : 0.2272    recall@3 : 0.2934    recall@4 : 0.3429    recall@5 : 0.3813    recall@10 : 0.5098    recall@20 : 0.6532    recall@30 : 0.7322    recall@50 : 0.8103    ndcg@1 : 0.2157    ndcg@2 : 0.2464    ndcg@3 : 0.2699    ndcg@4 : 0.2887    ndcg@5 : 0.3032    ndcg@10 : 0.3494    ndcg@20 : 0.3923    ndcg@30 : 0.4135    ndcg@50 : 0.4322    precision@1 : 0.2157    precision@2 : 0.1892    precision@3 : 0.1685    precision@4 : 0.1526    precision@5 : 0.1385    precision@10 : 0.0974    precision@20 : 0.065    precision@30 : 0.0501    precision@50 : 0.0341    map@1 : 0.2157    map@2 : 0.2163    map@3 : 0.2243    map@4 : 0.2324    map@5 : 0.2391    map@10 : 0.26    map@20 : 0.2753    map@30 : 0.2817    map@50 : 0.2861
Sun 15 Mar 2026 19:43:28 INFO  Running E-step ! 
Sun 15 Mar 2026 19:43:34 INFO  epoch 42 training [time: 5.47s, train_loss1: 65.8335, train_loss2: 0.0339, train_loss3: 0.0000, train_loss4: 0.0028]
Sun 15 Mar 2026 19:43:36 INFO  epoch 42 evaluating [time: 1.61s, valid_score: 0.350900]
Sun 15 Mar 2026 19:43:36 INFO  valid result: 
recall@1 : 0.1357    recall@2 : 0.227    recall@3 : 0.2919    recall@4 : 0.3415    recall@5 : 0.3822    recall@10 : 0.5095    recall@20 : 0.6543    recall@30 : 0.7322    recall@50 : 0.8102    ndcg@1 : 0.2217    ndcg@2 : 0.2487    ndcg@3 : 0.2707    ndcg@4 : 0.2894    ndcg@5 : 0.3052    ndcg@10 : 0.3509    ndcg@20 : 0.3942    ndcg@30 : 0.4152    ndcg@50 : 0.4337    precision@1 : 0.2217    precision@2 : 0.1901    precision@3 : 0.1675    precision@4 : 0.1517    precision@5 : 0.1392    precision@10 : 0.0976    precision@20 : 0.0651    precision@30 : 0.0501    precision@50 : 0.0341    map@1 : 0.2217    map@2 : 0.2187    map@3 : 0.2259    map@4 : 0.2336    map@5 : 0.2412    map@10 : 0.262    map@20 : 0.2773    map@30 : 0.2837    map@50 : 0.288
Sun 15 Mar 2026 19:43:36 INFO  Saving current: saved/SCL-Mar-15-2026_19-38-58.pth
Sun 15 Mar 2026 19:43:36 INFO  Saving current best: saved/SCL-Mar-15-2026_19-38-58.pth
Sun 15 Mar 2026 19:43:36 INFO  Running E-step ! 
Sun 15 Mar 2026 19:43:41 INFO  epoch 43 training [time: 5.53s, train_loss1: 66.6042, train_loss2: 0.0334, train_loss3: 0.0000, train_loss4: 0.0028]
Sun 15 Mar 2026 19:43:43 INFO  epoch 43 evaluating [time: 1.63s, valid_score: 0.353300]
Sun 15 Mar 2026 19:43:43 INFO  valid result: 
recall@1 : 0.1384    recall@2 : 0.228    recall@3 : 0.2923    recall@4 : 0.344    recall@5 : 0.3855    recall@10 : 0.5125    recall@20 : 0.6551    recall@30 : 0.7331    recall@50 : 0.8109    ndcg@1 : 0.2235    ndcg@2 : 0.25    ndcg@3 : 0.2727    ndcg@4 : 0.2919    ndcg@5 : 0.3074    ndcg@10 : 0.3533    ndcg@20 : 0.3958    ndcg@30 : 0.4168    ndcg@50 : 0.4353    precision@1 : 0.2235    precision@2 : 0.1907    precision@3 : 0.1692    precision@4 : 0.1526    precision@5 : 0.1391    precision@10 : 0.0982    precision@20 : 0.0652    precision@30 : 0.0501    precision@50 : 0.0341    map@1 : 0.2235    map@2 : 0.2202    map@3 : 0.2286    map@4 : 0.2363    map@5 : 0.2434    map@10 : 0.2643    map@20 : 0.2794    map@30 : 0.2857    map@50 : 0.2901
Sun 15 Mar 2026 19:43:43 INFO  Saving current: saved/SCL-Mar-15-2026_19-38-58.pth
Sun 15 Mar 2026 19:43:43 INFO  Saving current best: saved/SCL-Mar-15-2026_19-38-58.pth
Sun 15 Mar 2026 19:43:43 INFO  Running E-step ! 
Sun 15 Mar 2026 19:43:48 INFO  epoch 44 training [time: 4.79s, train_loss1: 64.0668, train_loss2: 0.0331, train_loss3: 0.0000, train_loss4: 0.0028]
Sun 15 Mar 2026 19:43:49 INFO  epoch 44 evaluating [time: 1.62s, valid_score: 0.354500]
Sun 15 Mar 2026 19:43:49 INFO  valid result: 
recall@1 : 0.142    recall@2 : 0.2291    recall@3 : 0.2941    recall@4 : 0.3412    recall@5 : 0.3818    recall@10 : 0.5117    recall@20 : 0.6537    recall@30 : 0.7337    recall@50 : 0.8117    ndcg@1 : 0.2288    ndcg@2 : 0.2534    ndcg@3 : 0.2751    ndcg@4 : 0.2921    ndcg@5 : 0.3076    ndcg@10 : 0.3545    ndcg@20 : 0.3969    ndcg@30 : 0.4183    ndcg@50 : 0.4368    precision@1 : 0.2288    precision@2 : 0.1928    precision@3 : 0.1691    precision@4 : 0.1509    precision@5 : 0.1383    precision@10 : 0.0983    precision@20 : 0.0653    precision@30 : 0.0503    precision@50 : 0.0341    map@1 : 0.2288    map@2 : 0.2238    map@3 : 0.231    map@4 : 0.2375    map@5 : 0.2446    map@10 : 0.2658    map@20 : 0.2809    map@30 : 0.2874    map@50 : 0.2918
Sun 15 Mar 2026 19:43:49 INFO  Saving current: saved/SCL-Mar-15-2026_19-38-58.pth
Sun 15 Mar 2026 19:43:49 INFO  Saving current best: saved/SCL-Mar-15-2026_19-38-58.pth
Sun 15 Mar 2026 19:43:49 INFO  Running E-step ! 
Sun 15 Mar 2026 19:43:54 INFO  epoch 45 training [time: 4.55s, train_loss1: 62.8311, train_loss2: 0.0328, train_loss3: 0.0000, train_loss4: 0.0029]
Sun 15 Mar 2026 19:43:55 INFO  epoch 45 evaluating [time: 1.60s, valid_score: 0.356600]
Sun 15 Mar 2026 19:43:55 INFO  valid result: 
recall@1 : 0.142    recall@2 : 0.2348    recall@3 : 0.2947    recall@4 : 0.3448    recall@5 : 0.3819    recall@10 : 0.5141    recall@20 : 0.6572    recall@30 : 0.7337    recall@50 : 0.8107    ndcg@1 : 0.2294    ndcg@2 : 0.2577    ndcg@3 : 0.2765    ndcg@4 : 0.2949    ndcg@5 : 0.3086    ndcg@10 : 0.3566    ndcg@20 : 0.399    ndcg@30 : 0.4198    ndcg@50 : 0.4381    precision@1 : 0.2294    precision@2 : 0.1973    precision@3 : 0.1698    precision@4 : 0.1526    precision@5 : 0.1379    precision@10 : 0.0986    precision@20 : 0.0654    precision@30 : 0.0503    precision@50 : 0.0341    map@1 : 0.2294    map@2 : 0.2271    map@3 : 0.232    map@4 : 0.2394    map@5 : 0.2458    map@10 : 0.2676    map@20 : 0.2826    map@30 : 0.2889    map@50 : 0.2933
Sun 15 Mar 2026 19:43:55 INFO  Saving current: saved/SCL-Mar-15-2026_19-38-58.pth
Sun 15 Mar 2026 19:43:55 INFO  Saving current best: saved/SCL-Mar-15-2026_19-38-58.pth
Sun 15 Mar 2026 19:43:55 INFO  Running E-step ! 
Sun 15 Mar 2026 19:44:01 INFO  epoch 46 training [time: 5.52s, train_loss1: 62.4448, train_loss2: 0.0323, train_loss3: 0.0000, train_loss4: 0.0026]
Sun 15 Mar 2026 19:44:05 INFO  epoch 46 evaluating [time: 4.41s, valid_score: 0.357900]
Sun 15 Mar 2026 19:44:05 INFO  valid result: 
recall@1 : 0.146    recall@2 : 0.2361    recall@3 : 0.2941    recall@4 : 0.3448    recall@5 : 0.3815    recall@10 : 0.5128    recall@20 : 0.6553    recall@30 : 0.7333    recall@50 : 0.814    ndcg@1 : 0.2348    ndcg@2 : 0.2601    ndcg@3 : 0.2777    ndcg@4 : 0.2968    ndcg@5 : 0.3101    ndcg@10 : 0.3579    ndcg@20 : 0.4003    ndcg@30 : 0.4215    ndcg@50 : 0.4405    precision@1 : 0.2348    precision@2 : 0.1982    precision@3 : 0.1694    precision@4 : 0.153    precision@5 : 0.1378    precision@10 : 0.0986    precision@20 : 0.0653    precision@30 : 0.0503    precision@50 : 0.0342    map@1 : 0.2348    map@2 : 0.2299    map@3 : 0.2338    map@4 : 0.2417    map@5 : 0.2477    map@10 : 0.2696    map@20 : 0.2846    map@30 : 0.2911    map@50 : 0.2956
Sun 15 Mar 2026 19:44:05 INFO  Saving current: saved/SCL-Mar-15-2026_19-38-58.pth
Sun 15 Mar 2026 19:44:05 INFO  Saving current best: saved/SCL-Mar-15-2026_19-38-58.pth
Sun 15 Mar 2026 19:44:05 INFO  Running E-step ! 
Sun 15 Mar 2026 19:44:12 INFO  epoch 47 training [time: 6.74s, train_loss1: 61.2576, train_loss2: 0.0319, train_loss3: 0.0000, train_loss4: 0.0025]
Sun 15 Mar 2026 19:44:16 INFO  epoch 47 evaluating [time: 4.34s, valid_score: 0.359500]
Sun 15 Mar 2026 19:44:16 INFO  valid result: 
recall@1 : 0.1478    recall@2 : 0.2385    recall@3 : 0.2978    recall@4 : 0.3448    recall@5 : 0.383    recall@10 : 0.5136    recall@20 : 0.6582    recall@30 : 0.7356    recall@50 : 0.8157    ndcg@1 : 0.2378    ndcg@2 : 0.2625    ndcg@3 : 0.281    ndcg@4 : 0.2981    ndcg@5 : 0.3123    ndcg@10 : 0.3595    ndcg@20 : 0.4024    ndcg@30 : 0.4233    ndcg@50 : 0.4423    precision@1 : 0.2378    precision@2 : 0.199    precision@3 : 0.1716    precision@4 : 0.153    precision@5 : 0.1385    precision@10 : 0.0986    precision@20 : 0.0654    precision@30 : 0.0504    precision@50 : 0.0343    map@1 : 0.2378    map@2 : 0.2324    map@3 : 0.2366    map@4 : 0.2435    map@5 : 0.2502    map@10 : 0.2715    map@20 : 0.2866    map@30 : 0.293    map@50 : 0.2975
Sun 15 Mar 2026 19:44:16 INFO  Saving current: saved/SCL-Mar-15-2026_19-38-58.pth
Sun 15 Mar 2026 19:44:16 INFO  Saving current best: saved/SCL-Mar-15-2026_19-38-58.pth
Sun 15 Mar 2026 19:44:16 INFO  Running E-step ! 
Sun 15 Mar 2026 19:44:23 INFO  epoch 48 training [time: 6.08s, train_loss1: 59.7697, train_loss2: 0.0316, train_loss3: 0.0000, train_loss4: 0.0027]
Sun 15 Mar 2026 19:44:27 INFO  epoch 48 evaluating [time: 4.44s, valid_score: 0.359400]
Sun 15 Mar 2026 19:44:27 INFO  valid result: 
recall@1 : 0.1484    recall@2 : 0.2382    recall@3 : 0.2983    recall@4 : 0.3441    recall@5 : 0.3837    recall@10 : 0.5127    recall@20 : 0.6579    recall@30 : 0.7342    recall@50 : 0.8155    ndcg@1 : 0.2402    ndcg@2 : 0.2633    ndcg@3 : 0.2817    ndcg@4 : 0.2979    ndcg@5 : 0.3129    ndcg@10 : 0.3594    ndcg@20 : 0.4027    ndcg@30 : 0.4235    ndcg@50 : 0.4427    precision@1 : 0.2402    precision@2 : 0.1996    precision@3 : 0.1718    precision@4 : 0.152    precision@5 : 0.1386    precision@10 : 0.0983    precision@20 : 0.0655    precision@30 : 0.0503    precision@50 : 0.0344    map@1 : 0.2402    map@2 : 0.2338    map@3 : 0.2375    map@4 : 0.2438    map@5 : 0.2511    map@10 : 0.2718    map@20 : 0.2871    map@30 : 0.2936    map@50 : 0.2981
Sun 15 Mar 2026 19:44:27 INFO  Running E-step ! 
Sun 15 Mar 2026 19:44:33 INFO  epoch 49 training [time: 6.31s, train_loss1: 59.3636, train_loss2: 0.0312, train_loss3: 0.0000, train_loss4: 0.0024]
Sun 15 Mar 2026 19:44:38 INFO  epoch 49 evaluating [time: 4.39s, valid_score: 0.361000]
Sun 15 Mar 2026 19:44:38 INFO  valid result: 
recall@1 : 0.1471    recall@2 : 0.2371    recall@3 : 0.2989    recall@4 : 0.3507    recall@5 : 0.3845    recall@10 : 0.5173    recall@20 : 0.6583    recall@30 : 0.7359    recall@50 : 0.816    ndcg@1 : 0.2372    ndcg@2 : 0.261    ndcg@3 : 0.2813    ndcg@4 : 0.3002    ndcg@5 : 0.3131    ndcg@10 : 0.361    ndcg@20 : 0.4031    ndcg@30 : 0.4239    ndcg@50 : 0.4428    precision@1 : 0.2372    precision@2 : 0.1973    precision@3 : 0.1724    precision@4 : 0.1541    precision@5 : 0.1396    precision@10 : 0.0995    precision@20 : 0.0659    precision@30 : 0.0505    precision@50 : 0.0343    map@1 : 0.2372    map@2 : 0.2315    map@3 : 0.2365    map@4 : 0.2446    map@5 : 0.2507    map@10 : 0.2723    map@20 : 0.2872    map@30 : 0.2935    map@50 : 0.298
Sun 15 Mar 2026 19:44:38 INFO  Saving current: saved/SCL-Mar-15-2026_19-38-58.pth
Sun 15 Mar 2026 19:44:38 INFO  Saving current best: saved/SCL-Mar-15-2026_19-38-58.pth
Sun 15 Mar 2026 19:44:38 INFO  Running E-step ! 
Sun 15 Mar 2026 19:44:44 INFO  epoch 50 training [time: 6.45s, train_loss1: 58.2042, train_loss2: 0.0309, train_loss3: 0.0000, train_loss4: 0.0028]
Sun 15 Mar 2026 19:44:49 INFO  epoch 50 evaluating [time: 4.42s, valid_score: 0.360200]
Sun 15 Mar 2026 19:44:49 INFO  valid result: 
recall@1 : 0.1443    recall@2 : 0.2346    recall@3 : 0.3006    recall@4 : 0.3517    recall@5 : 0.3856    recall@10 : 0.5184    recall@20 : 0.6595    recall@30 : 0.7339    recall@50 : 0.8181    ndcg@1 : 0.2336    ndcg@2 : 0.2591    ndcg@3 : 0.2809    ndcg@4 : 0.2998    ndcg@5 : 0.3121    ndcg@10 : 0.3602    ndcg@20 : 0.4025    ndcg@30 : 0.4226    ndcg@50 : 0.4423    precision@1 : 0.2336    precision@2 : 0.1973    precision@3 : 0.173    precision@4 : 0.1552    precision@5 : 0.1395    precision@10 : 0.0995    precision@20 : 0.0658    precision@30 : 0.0504    precision@50 : 0.0344    map@1 : 0.2336    map@2 : 0.229    map@3 : 0.2352    map@4 : 0.2437    map@5 : 0.249    map@10 : 0.2709    map@20 : 0.2859    map@30 : 0.2921    map@50 : 0.2967
Sun 15 Mar 2026 19:44:49 INFO  Running E-step ! 
Sun 15 Mar 2026 19:44:55 INFO  epoch 51 training [time: 6.37s, train_loss1: 56.6184, train_loss2: 0.0307, train_loss3: 0.0000, train_loss4: 0.0024]
Sun 15 Mar 2026 19:44:59 INFO  epoch 51 evaluating [time: 4.32s, valid_score: 0.361200]
Sun 15 Mar 2026 19:44:59 INFO  valid result: 
recall@1 : 0.1468    recall@2 : 0.2371    recall@3 : 0.2976    recall@4 : 0.3526    recall@5 : 0.3863    recall@10 : 0.5186    recall@20 : 0.6586    recall@30 : 0.7331    recall@50 : 0.8186    ndcg@1 : 0.2354    ndcg@2 : 0.261    ndcg@3 : 0.2805    ndcg@4 : 0.3011    ndcg@5 : 0.3132    ndcg@10 : 0.3612    ndcg@20 : 0.4032    ndcg@30 : 0.4233    ndcg@50 : 0.4433    precision@1 : 0.2354    precision@2 : 0.1979    precision@3 : 0.1718    precision@4 : 0.1551    precision@5 : 0.1392    precision@10 : 0.0995    precision@20 : 0.0659    precision@30 : 0.0504    precision@50 : 0.0345    map@1 : 0.2354    map@2 : 0.2312    map@3 : 0.2361    map@4 : 0.2455    map@5 : 0.2505    map@10 : 0.2723    map@20 : 0.2872    map@30 : 0.2934    map@50 : 0.2981
Sun 15 Mar 2026 19:44:59 INFO  Saving current: saved/SCL-Mar-15-2026_19-38-58.pth
Sun 15 Mar 2026 19:44:59 INFO  Saving current best: saved/SCL-Mar-15-2026_19-38-58.pth
Sun 15 Mar 2026 19:44:59 INFO  Running E-step ! 
Sun 15 Mar 2026 19:45:06 INFO  epoch 52 training [time: 6.57s, train_loss1: 55.9451, train_loss2: 0.0303, train_loss3: 0.0000, train_loss4: 0.0029]
Sun 15 Mar 2026 19:45:10 INFO  epoch 52 evaluating [time: 4.32s, valid_score: 0.361300]
Sun 15 Mar 2026 19:45:10 INFO  valid result: 
recall@1 : 0.1445    recall@2 : 0.2391    recall@3 : 0.2993    recall@4 : 0.351    recall@5 : 0.3855    recall@10 : 0.5203    recall@20 : 0.6609    recall@30 : 0.7376    recall@50 : 0.8181    ndcg@1 : 0.2348    ndcg@2 : 0.2616    ndcg@3 : 0.2816    ndcg@4 : 0.3004    ndcg@5 : 0.313    ndcg@10 : 0.3613    ndcg@20 : 0.4034    ndcg@30 : 0.424    ndcg@50 : 0.443    precision@1 : 0.2348    precision@2 : 0.1993    precision@3 : 0.1736    precision@4 : 0.1552    precision@5 : 0.1398    precision@10 : 0.0996    precision@20 : 0.0659    precision@30 : 0.0506    precision@50 : 0.0345    map@1 : 0.2348    map@2 : 0.2311    map@3 : 0.2363    map@4 : 0.2445    map@5 : 0.2499    map@10 : 0.2717    map@20 : 0.2867    map@30 : 0.293    map@50 : 0.2974
Sun 15 Mar 2026 19:45:10 INFO  Saving current: saved/SCL-Mar-15-2026_19-38-58.pth
Sun 15 Mar 2026 19:45:10 INFO  Saving current best: saved/SCL-Mar-15-2026_19-38-58.pth
Sun 15 Mar 2026 19:45:10 INFO  Running E-step ! 
Sun 15 Mar 2026 19:45:17 INFO  epoch 53 training [time: 6.64s, train_loss1: 56.1144, train_loss2: 0.0300, train_loss3: 0.0000, train_loss4: 0.0029]
Sun 15 Mar 2026 19:45:21 INFO  epoch 53 evaluating [time: 4.36s, valid_score: 0.360200]
Sun 15 Mar 2026 19:45:21 INFO  valid result: 
recall@1 : 0.145    recall@2 : 0.2354    recall@3 : 0.296    recall@4 : 0.3482    recall@5 : 0.3812    recall@10 : 0.5194    recall@20 : 0.6604    recall@30 : 0.7351    recall@50 : 0.8168    ndcg@1 : 0.2354    ndcg@2 : 0.2599    ndcg@3 : 0.2803    ndcg@4 : 0.2986    ndcg@5 : 0.3102    ndcg@10 : 0.3602    ndcg@20 : 0.4024    ndcg@30 : 0.4226    ndcg@50 : 0.4418    precision@1 : 0.2354    precision@2 : 0.1979    precision@3 : 0.1734    precision@4 : 0.1541    precision@5 : 0.1377    precision@10 : 0.0993    precision@20 : 0.0658    precision@30 : 0.0504    precision@50 : 0.0344    map@1 : 0.2354    map@2 : 0.23    map@3 : 0.2354    map@4 : 0.2433    map@5 : 0.2479    map@10 : 0.2708    map@20 : 0.2858    map@30 : 0.292    map@50 : 0.2964
Sun 15 Mar 2026 19:45:21 INFO  Running E-step ! 
Sun 15 Mar 2026 19:45:27 INFO  epoch 54 training [time: 5.99s, train_loss1: 54.4190, train_loss2: 0.0297, train_loss3: 0.0000, train_loss4: 0.0028]
Sun 15 Mar 2026 19:45:31 INFO  epoch 54 evaluating [time: 4.27s, valid_score: 0.359900]
Sun 15 Mar 2026 19:45:31 INFO  valid result: 
recall@1 : 0.1444    recall@2 : 0.2377    recall@3 : 0.2979    recall@4 : 0.3471    recall@5 : 0.3793    recall@10 : 0.5192    recall@20 : 0.6607    recall@30 : 0.736    recall@50 : 0.8183    ndcg@1 : 0.2342    ndcg@2 : 0.2608    ndcg@3 : 0.2813    ndcg@4 : 0.2985    ndcg@5 : 0.3097    ndcg@10 : 0.3599    ndcg@20 : 0.4024    ndcg@30 : 0.4226    ndcg@50 : 0.4419    precision@1 : 0.2342    precision@2 : 0.1987    precision@3 : 0.1742    precision@4 : 0.1545    precision@5 : 0.1377    precision@10 : 0.099    precision@20 : 0.0658    precision@30 : 0.0504    precision@50 : 0.0344    map@1 : 0.2342    map@2 : 0.2309    map@3 : 0.2363    map@4 : 0.2437    map@5 : 0.2481    map@10 : 0.2708    map@20 : 0.2859    map@30 : 0.292    map@50 : 0.2965
Sun 15 Mar 2026 19:45:31 INFO  Running E-step ! 
Sun 15 Mar 2026 19:45:38 INFO  epoch 55 training [time: 6.75s, train_loss1: 52.8667, train_loss2: 0.0295, train_loss3: 0.0000, train_loss4: 0.0031]
Sun 15 Mar 2026 19:45:42 INFO  epoch 55 evaluating [time: 4.21s, valid_score: 0.358800]
Sun 15 Mar 2026 19:45:42 INFO  valid result: 
recall@1 : 0.1403    recall@2 : 0.2376    recall@3 : 0.3007    recall@4 : 0.3468    recall@5 : 0.3808    recall@10 : 0.5198    recall@20 : 0.6604    recall@30 : 0.734    recall@50 : 0.8191    ndcg@1 : 0.23    ndcg@2 : 0.2596    ndcg@3 : 0.2811    ndcg@4 : 0.2972    ndcg@5 : 0.3092    ndcg@10 : 0.3588    ndcg@20 : 0.401    ndcg@30 : 0.4209    ndcg@50 : 0.4408    precision@1 : 0.23    precision@2 : 0.199    precision@3 : 0.1752    precision@4 : 0.1548    precision@5 : 0.1386    precision@10 : 0.0991    precision@20 : 0.0657    precision@30 : 0.0503    precision@50 : 0.0344    map@1 : 0.23    map@2 : 0.2287    map@3 : 0.2351    map@4 : 0.2419    map@5 : 0.2466    map@10 : 0.2689    map@20 : 0.284    map@30 : 0.2901    map@50 : 0.2947
Sun 15 Mar 2026 19:45:42 INFO  Running E-step ! 
Sun 15 Mar 2026 19:45:49 INFO  epoch 56 training [time: 6.11s, train_loss1: 52.5604, train_loss2: 0.0293, train_loss3: 0.0000, train_loss4: 0.0026]
Sun 15 Mar 2026 19:45:53 INFO  epoch 56 evaluating [time: 4.38s, valid_score: 0.357500]
Sun 15 Mar 2026 19:45:53 INFO  valid result: 
recall@1 : 0.1398    recall@2 : 0.2349    recall@3 : 0.3005    recall@4 : 0.3473    recall@5 : 0.377    recall@10 : 0.518    recall@20 : 0.6614    recall@30 : 0.7328    recall@50 : 0.8192    ndcg@1 : 0.2288    ndcg@2 : 0.2579    ndcg@3 : 0.2803    ndcg@4 : 0.2967    ndcg@5 : 0.3067    ndcg@10 : 0.3575    ndcg@20 : 0.4006    ndcg@30 : 0.4198    ndcg@50 : 0.4402    precision@1 : 0.2288    precision@2 : 0.1979    precision@3 : 0.175    precision@4 : 0.1546    precision@5 : 0.1366    precision@10 : 0.0989    precision@20 : 0.0658    precision@30 : 0.0502    precision@50 : 0.0345    map@1 : 0.2288    map@2 : 0.2272    map@3 : 0.2341    map@4 : 0.2412    map@5 : 0.2446    map@10 : 0.2677    map@20 : 0.2831    map@30 : 0.289    map@50 : 0.2937
Sun 15 Mar 2026 19:45:53 INFO  Running E-step ! 
Sun 15 Mar 2026 19:45:59 INFO  epoch 57 training [time: 6.25s, train_loss1: 51.9504, train_loss2: 0.0290, train_loss3: 0.0000, train_loss4: 0.0027]
Sun 15 Mar 2026 19:46:04 INFO  epoch 57 evaluating [time: 4.29s, valid_score: 0.358500]
Sun 15 Mar 2026 19:46:04 INFO  valid result: 
recall@1 : 0.1381    recall@2 : 0.2348    recall@3 : 0.3046    recall@4 : 0.3471    recall@5 : 0.3778    recall@10 : 0.5227    recall@20 : 0.6603    recall@30 : 0.7353    recall@50 : 0.8189    ndcg@1 : 0.2277    ndcg@2 : 0.257    ndcg@3 : 0.2813    ndcg@4 : 0.2961    ndcg@5 : 0.3067    ndcg@10 : 0.3585    ndcg@20 : 0.3997    ndcg@30 : 0.42    ndcg@50 : 0.4397    precision@1 : 0.2277    precision@2 : 0.1979    precision@3 : 0.1752    precision@4 : 0.1544    precision@5 : 0.1369    precision@10 : 0.0995    precision@20 : 0.0656    precision@30 : 0.0503    precision@50 : 0.0344    map@1 : 0.2277    map@2 : 0.2262    map@3 : 0.2344    map@4 : 0.2405    map@5 : 0.2443    map@10 : 0.2677    map@20 : 0.2823    map@30 : 0.2885    map@50 : 0.2931
Sun 15 Mar 2026 19:46:04 INFO  Running E-step ! 
Sun 15 Mar 2026 19:46:10 INFO  epoch 58 training [time: 6.11s, train_loss1: 50.5007, train_loss2: 0.0286, train_loss3: 0.0000, train_loss4: 0.0026]
Sun 15 Mar 2026 19:46:14 INFO  epoch 58 evaluating [time: 4.30s, valid_score: 0.358700]
Sun 15 Mar 2026 19:46:14 INFO  valid result: 
recall@1 : 0.1413    recall@2 : 0.2348    recall@3 : 0.3023    recall@4 : 0.3457    recall@5 : 0.3778    recall@10 : 0.5204    recall@20 : 0.6597    recall@30 : 0.7364    recall@50 : 0.8187    ndcg@1 : 0.2306    ndcg@2 : 0.2587    ndcg@3 : 0.282    ndcg@4 : 0.2965    ndcg@5 : 0.3078    ndcg@10 : 0.3587    ndcg@20 : 0.4005    ndcg@30 : 0.421    ndcg@50 : 0.4405    precision@1 : 0.2306    precision@2 : 0.1985    precision@3 : 0.1754    precision@4 : 0.1538    precision@5 : 0.1372    precision@10 : 0.0992    precision@20 : 0.0655    precision@30 : 0.0502    precision@50 : 0.0344    map@1 : 0.2306    map@2 : 0.2282    map@3 : 0.2356    map@4 : 0.2416    map@5 : 0.2458    map@10 : 0.2686    map@20 : 0.2835    map@30 : 0.2897    map@50 : 0.2944
Sun 15 Mar 2026 19:46:14 INFO  Running E-step ! 
Sun 15 Mar 2026 19:46:20 INFO  epoch 59 training [time: 6.28s, train_loss1: 49.3505, train_loss2: 0.0284, train_loss3: 0.0000, train_loss4: 0.0028]
Sun 15 Mar 2026 19:46:25 INFO  epoch 59 evaluating [time: 4.30s, valid_score: 0.357500]
Sun 15 Mar 2026 19:46:25 INFO  valid result: 
recall@1 : 0.1382    recall@2 : 0.2365    recall@3 : 0.2997    recall@4 : 0.3473    recall@5 : 0.3758    recall@10 : 0.5211    recall@20 : 0.6585    recall@30 : 0.7355    recall@50 : 0.8197    ndcg@1 : 0.2265    ndcg@2 : 0.2573    ndcg@3 : 0.2791    ndcg@4 : 0.2959    ndcg@5 : 0.3059    ndcg@10 : 0.3575    ndcg@20 : 0.3987    ndcg@30 : 0.4193    ndcg@50 : 0.4394    precision@1 : 0.2265    precision@2 : 0.1976    precision@3 : 0.1736    precision@4 : 0.1544    precision@5 : 0.1368    precision@10 : 0.099    precision@20 : 0.0654    precision@30 : 0.0502    precision@50 : 0.0345    map@1 : 0.2265    map@2 : 0.2263    map@3 : 0.2328    map@4 : 0.2401    map@5 : 0.2439    map@10 : 0.267    map@20 : 0.2817    map@30 : 0.2879    map@50 : 0.2927
Sun 15 Mar 2026 19:46:25 INFO  Running E-step ! 
Sun 15 Mar 2026 19:46:31 INFO  epoch 60 training [time: 6.71s, train_loss1: 49.9687, train_loss2: 0.0281, train_loss3: 0.0000, train_loss4: 0.0030]
Sun 15 Mar 2026 19:46:35 INFO  epoch 60 evaluating [time: 4.19s, valid_score: 0.356700]
Sun 15 Mar 2026 19:46:35 INFO  valid result: 
recall@1 : 0.137    recall@2 : 0.2358    recall@3 : 0.2989    recall@4 : 0.3505    recall@5 : 0.3768    recall@10 : 0.52    recall@20 : 0.6531    recall@30 : 0.7343    recall@50 : 0.817    ndcg@1 : 0.2247    ndcg@2 : 0.2567    ndcg@3 : 0.2774    ndcg@4 : 0.2966    ndcg@5 : 0.3056    ndcg@10 : 0.3567    ndcg@20 : 0.3967    ndcg@30 : 0.4184    ndcg@50 : 0.4381    precision@1 : 0.2247    precision@2 : 0.1979    precision@3 : 0.172    precision@4 : 0.1552    precision@5 : 0.1368    precision@10 : 0.0991    precision@20 : 0.065    precision@30 : 0.0501    precision@50 : 0.0344    map@1 : 0.2247    map@2 : 0.2259    map@3 : 0.2314    map@4 : 0.2402    map@5 : 0.2435    map@10 : 0.2664    map@20 : 0.2805    map@30 : 0.2871    map@50 : 0.2917
Sun 15 Mar 2026 19:46:35 INFO  Running E-step ! 
Sun 15 Mar 2026 19:46:42 INFO  epoch 61 training [time: 6.66s, train_loss1: 48.4697, train_loss2: 0.0279, train_loss3: 0.0000, train_loss4: 0.0030]
Sun 15 Mar 2026 19:46:46 INFO  epoch 61 evaluating [time: 4.17s, valid_score: 0.356100]
Sun 15 Mar 2026 19:46:46 INFO  valid result: 
recall@1 : 0.1378    recall@2 : 0.2323    recall@3 : 0.3006    recall@4 : 0.3517    recall@5 : 0.3788    recall@10 : 0.5179    recall@20 : 0.6533    recall@30 : 0.7337    recall@50 : 0.8173    ndcg@1 : 0.2259    ndcg@2 : 0.2547    ndcg@3 : 0.2786    ndcg@4 : 0.2971    ndcg@5 : 0.3062    ndcg@10 : 0.3561    ndcg@20 : 0.3969    ndcg@30 : 0.4183    ndcg@50 : 0.4382    precision@1 : 0.2259    precision@2 : 0.1955    precision@3 : 0.1734    precision@4 : 0.1554    precision@5 : 0.1368    precision@10 : 0.0989    precision@20 : 0.0651    precision@30 : 0.0501    precision@50 : 0.0344    map@1 : 0.2259    map@2 : 0.2247    map@3 : 0.2321    map@4 : 0.2405    map@5 : 0.2439    map@10 : 0.2662    map@20 : 0.2807    map@30 : 0.2872    map@50 : 0.2918
Sun 15 Mar 2026 19:46:46 INFO  Running E-step ! 
Sun 15 Mar 2026 19:46:52 INFO  epoch 62 training [time: 5.91s, train_loss1: 48.3892, train_loss2: 0.0277, train_loss3: 0.0000, train_loss4: 0.0029]
Sun 15 Mar 2026 19:46:56 INFO  epoch 62 evaluating [time: 4.19s, valid_score: 0.355600]
Sun 15 Mar 2026 19:46:56 INFO  valid result: 
recall@1 : 0.1391    recall@2 : 0.2314    recall@3 : 0.3005    recall@4 : 0.3494    recall@5 : 0.3791    recall@10 : 0.5151    recall@20 : 0.6549    recall@30 : 0.7353    recall@50 : 0.8153    ndcg@1 : 0.2282    ndcg@2 : 0.2545    ndcg@3 : 0.2789    ndcg@4 : 0.2966    ndcg@5 : 0.3069    ndcg@10 : 0.3556    ndcg@20 : 0.3976    ndcg@30 : 0.4189    ndcg@50 : 0.4382    precision@1 : 0.2282    precision@2 : 0.1946    precision@3 : 0.1732    precision@4 : 0.1549    precision@5 : 0.1374    precision@10 : 0.0985    precision@20 : 0.0651    precision@30 : 0.0501    precision@50 : 0.0344    map@1 : 0.2282    map@2 : 0.2248    map@3 : 0.2325    map@4 : 0.2404    map@5 : 0.2443    map@10 : 0.2662    map@20 : 0.2812    map@30 : 0.2875    map@50 : 0.2922
Sun 15 Mar 2026 19:46:56 INFO  Running E-step ! 
Sun 15 Mar 2026 19:47:02 INFO  epoch 63 training [time: 6.01s, train_loss1: 46.8375, train_loss2: 0.0276, train_loss3: 0.0000, train_loss4: 0.0028]
Sun 15 Mar 2026 19:47:07 INFO  epoch 63 evaluating [time: 4.17s, valid_score: 0.356300]
Sun 15 Mar 2026 19:47:07 INFO  valid result: 
recall@1 : 0.1417    recall@2 : 0.2332    recall@3 : 0.3023    recall@4 : 0.3469    recall@5 : 0.379    recall@10 : 0.5135    recall@20 : 0.6555    recall@30 : 0.7348    recall@50 : 0.8178    ndcg@1 : 0.2318    ndcg@2 : 0.2577    ndcg@3 : 0.2814    ndcg@4 : 0.2971    ndcg@5 : 0.3083    ndcg@10 : 0.3563    ndcg@20 : 0.3988    ndcg@30 : 0.4198    ndcg@50 : 0.4398    precision@1 : 0.2318    precision@2 : 0.1973    precision@3 : 0.1742    precision@4 : 0.1544    precision@5 : 0.1377    precision@10 : 0.0982    precision@20 : 0.065    precision@30 : 0.05    precision@50 : 0.0344    map@1 : 0.2318    map@2 : 0.2279    map@3 : 0.2351    map@4 : 0.2417    map@5 : 0.246    map@10 : 0.2673    map@20 : 0.2826    map@30 : 0.2888    map@50 : 0.2936
Sun 15 Mar 2026 19:47:07 INFO  Running E-step ! 
Sun 15 Mar 2026 19:47:13 INFO  epoch 64 training [time: 6.50s, train_loss1: 45.6277, train_loss2: 0.0274, train_loss3: 0.0000, train_loss4: 0.0032]
Sun 15 Mar 2026 19:47:17 INFO  epoch 64 evaluating [time: 4.13s, valid_score: 0.355100]
Sun 15 Mar 2026 19:47:17 INFO  valid result: 
recall@1 : 0.1406    recall@2 : 0.2312    recall@3 : 0.2994    recall@4 : 0.344    recall@5 : 0.3793    recall@10 : 0.5138    recall@20 : 0.6569    recall@30 : 0.7302    recall@50 : 0.8184    ndcg@1 : 0.2294    ndcg@2 : 0.2548    ndcg@3 : 0.2782    ndcg@4 : 0.2939    ndcg@5 : 0.3069    ndcg@10 : 0.3551    ndcg@20 : 0.3977    ndcg@30 : 0.4174    ndcg@50 : 0.4385    precision@1 : 0.2294    precision@2 : 0.1943    precision@3 : 0.1714    precision@4 : 0.1518    precision@5 : 0.1371    precision@10 : 0.0983    precision@20 : 0.0651    precision@30 : 0.0498    precision@50 : 0.0345    map@1 : 0.2294    map@2 : 0.2251    map@3 : 0.2322    map@4 : 0.2387    map@5 : 0.2442    map@10 : 0.2657    map@20 : 0.2809    map@30 : 0.2868    map@50 : 0.2918
Sun 15 Mar 2026 19:47:17 INFO  Running E-step ! 
Sun 15 Mar 2026 19:47:24 INFO  epoch 65 training [time: 6.28s, train_loss1: 45.3612, train_loss2: 0.0272, train_loss3: 0.0000, train_loss4: 0.0028]
Sun 15 Mar 2026 19:47:28 INFO  epoch 65 evaluating [time: 4.13s, valid_score: 0.353900]
Sun 15 Mar 2026 19:47:28 INFO  valid result: 
recall@1 : 0.1379    recall@2 : 0.2299    recall@3 : 0.3015    recall@4 : 0.3444    recall@5 : 0.3796    recall@10 : 0.5139    recall@20 : 0.6543    recall@30 : 0.7295    recall@50 : 0.8155    ndcg@1 : 0.2259    ndcg@2 : 0.2527    ndcg@3 : 0.278    ndcg@4 : 0.2924    ndcg@5 : 0.3056    ndcg@10 : 0.3539    ndcg@20 : 0.3958    ndcg@30 : 0.4159    ndcg@50 : 0.4366    precision@1 : 0.2259    precision@2 : 0.1937    precision@3 : 0.1722    precision@4 : 0.1509    precision@5 : 0.1365    precision@10 : 0.0982    precision@20 : 0.0649    precision@30 : 0.0497    precision@50 : 0.0343    map@1 : 0.2259    map@2 : 0.223    map@3 : 0.2314    map@4 : 0.2369    map@5 : 0.2427    map@10 : 0.2643    map@20 : 0.2793    map@30 : 0.2852    map@50 : 0.2902
Sun 15 Mar 2026 19:47:28 INFO  Running E-step ! 
Sun 15 Mar 2026 19:47:34 INFO  epoch 66 training [time: 6.64s, train_loss1: 44.5006, train_loss2: 0.0270, train_loss3: 0.0000, train_loss4: 0.0027]
Sun 15 Mar 2026 19:47:38 INFO  epoch 66 evaluating [time: 4.14s, valid_score: 0.354900]
Sun 15 Mar 2026 19:47:38 INFO  valid result: 
recall@1 : 0.14    recall@2 : 0.2329    recall@3 : 0.3005    recall@4 : 0.3468    recall@5 : 0.3779    recall@10 : 0.513    recall@20 : 0.6556    recall@30 : 0.73    recall@50 : 0.8159    ndcg@1 : 0.2288    ndcg@2 : 0.2558    ndcg@3 : 0.2788    ndcg@4 : 0.2952    ndcg@5 : 0.3063    ndcg@10 : 0.3549    ndcg@20 : 0.3976    ndcg@30 : 0.4176    ndcg@50 : 0.4381    precision@1 : 0.2288    precision@2 : 0.1958    precision@3 : 0.172    precision@4 : 0.1524    precision@5 : 0.1362    precision@10 : 0.0977    precision@20 : 0.0649    precision@30 : 0.0497    precision@50 : 0.0344    map@1 : 0.2288    map@2 : 0.2254    map@3 : 0.2324    map@4 : 0.2395    map@5 : 0.2441    map@10 : 0.2658    map@20 : 0.281    map@30 : 0.287    map@50 : 0.2919
Sun 15 Mar 2026 19:47:38 INFO  Running E-step ! 
Sun 15 Mar 2026 19:47:45 INFO  epoch 67 training [time: 6.50s, train_loss1: 43.7891, train_loss2: 0.0268, train_loss3: 0.0000, train_loss4: 0.0027]
Sun 15 Mar 2026 19:47:49 INFO  epoch 67 evaluating [time: 4.17s, valid_score: 0.353500]
Sun 15 Mar 2026 19:47:49 INFO  valid result: 
recall@1 : 0.1406    recall@2 : 0.2327    recall@3 : 0.298    recall@4 : 0.3462    recall@5 : 0.3757    recall@10 : 0.5088    recall@20 : 0.6519    recall@30 : 0.7271    recall@50 : 0.8169    ndcg@1 : 0.2294    ndcg@2 : 0.2564    ndcg@3 : 0.2775    ndcg@4 : 0.2949    ndcg@5 : 0.3053    ndcg@10 : 0.3535    ndcg@20 : 0.3962    ndcg@30 : 0.4164    ndcg@50 : 0.4378    precision@1 : 0.2294    precision@2 : 0.1961    precision@3 : 0.1704    precision@4 : 0.1521    precision@5 : 0.1353    precision@10 : 0.0974    precision@20 : 0.0645    precision@30 : 0.0495    precision@50 : 0.0344    map@1 : 0.2294    map@2 : 0.2263    map@3 : 0.2316    map@4 : 0.2393    map@5 : 0.2436    map@10 : 0.2652    map@20 : 0.2803    map@30 : 0.2864    map@50 : 0.2914
Sun 15 Mar 2026 19:47:49 INFO  Running E-step ! 
Sun 15 Mar 2026 19:47:56 INFO  epoch 68 training [time: 6.38s, train_loss1: 42.7074, train_loss2: 0.0266, train_loss3: 0.0000, train_loss4: 0.0025]
Sun 15 Mar 2026 19:48:00 INFO  epoch 68 evaluating [time: 4.25s, valid_score: 0.354900]
Sun 15 Mar 2026 19:48:00 INFO  valid result: 
recall@1 : 0.1402    recall@2 : 0.2356    recall@3 : 0.2997    recall@4 : 0.35    recall@5 : 0.38    recall@10 : 0.5111    recall@20 : 0.6541    recall@30 : 0.7282    recall@50 : 0.8165    ndcg@1 : 0.2277    ndcg@2 : 0.2578    ndcg@3 : 0.2784    ndcg@4 : 0.2972    ndcg@5 : 0.3077    ndcg@10 : 0.3549    ndcg@20 : 0.3977    ndcg@30 : 0.4177    ndcg@50 : 0.4386    precision@1 : 0.2277    precision@2 : 0.1973    precision@3 : 0.171    precision@4 : 0.1544    precision@5 : 0.1369    precision@10 : 0.0975    precision@20 : 0.0649    precision@30 : 0.0497    precision@50 : 0.0344    map@1 : 0.2277    map@2 : 0.2275    map@3 : 0.2323    map@4 : 0.2409    map@5 : 0.2451    map@10 : 0.2663    map@20 : 0.2816    map@30 : 0.2876    map@50 : 0.2925
Sun 15 Mar 2026 19:48:00 INFO  Running E-step ! 
Sun 15 Mar 2026 19:48:06 INFO  epoch 69 training [time: 6.56s, train_loss1: 42.4989, train_loss2: 0.0265, train_loss3: 0.0000, train_loss4: 0.0025]
Sun 15 Mar 2026 19:48:10 INFO  epoch 69 evaluating [time: 4.16s, valid_score: 0.353500]
Sun 15 Mar 2026 19:48:10 INFO  valid result: 
recall@1 : 0.1404    recall@2 : 0.2317    recall@3 : 0.2931    recall@4 : 0.3469    recall@5 : 0.3772    recall@10 : 0.5115    recall@20 : 0.6512    recall@30 : 0.7263    recall@50 : 0.8167    ndcg@1 : 0.2277    ndcg@2 : 0.2544    ndcg@3 : 0.2738    ndcg@4 : 0.2943    ndcg@5 : 0.3052    ndcg@10 : 0.3535    ndcg@20 : 0.3953    ndcg@30 : 0.4155    ndcg@50 : 0.4369    precision@1 : 0.2277    precision@2 : 0.1937    precision@3 : 0.1673    precision@4 : 0.1524    precision@5 : 0.136    precision@10 : 0.0973    precision@20 : 0.0646    precision@30 : 0.0496    precision@50 : 0.0344    map@1 : 0.2277    map@2 : 0.2251    map@3 : 0.2289    map@4 : 0.2384    map@5 : 0.243    map@10 : 0.2647    map@20 : 0.2796    map@30 : 0.2856    map@50 : 0.2906
Sun 15 Mar 2026 19:48:10 INFO  Running E-step ! 
Sun 15 Mar 2026 19:48:17 INFO  epoch 70 training [time: 6.33s, train_loss1: 43.0269, train_loss2: 0.0263, train_loss3: 0.0000, train_loss4: 0.0026]
Sun 15 Mar 2026 19:48:21 INFO  epoch 70 evaluating [time: 4.22s, valid_score: 0.350900]
Sun 15 Mar 2026 19:48:21 INFO  valid result: 
recall@1 : 0.1404    recall@2 : 0.2276    recall@3 : 0.292    recall@4 : 0.3442    recall@5 : 0.3729    recall@10 : 0.5077    recall@20 : 0.6475    recall@30 : 0.7236    recall@50 : 0.8148    ndcg@1 : 0.2277    ndcg@2 : 0.2518    ndcg@3 : 0.2723    ndcg@4 : 0.2923    ndcg@5 : 0.3024    ndcg@10 : 0.3509    ndcg@20 : 0.3929    ndcg@30 : 0.4133    ndcg@50 : 0.4348    precision@1 : 0.2277    precision@2 : 0.1913    precision@3 : 0.1657    precision@4 : 0.1514    precision@5 : 0.1344    precision@10 : 0.0965    precision@20 : 0.0643    precision@30 : 0.0494    precision@50 : 0.0342    map@1 : 0.2277    map@2 : 0.2227    map@3 : 0.2276    map@4 : 0.2369    map@5 : 0.241    map@10 : 0.2624    map@20 : 0.2775    map@30 : 0.2835    map@50 : 0.2885
Sun 15 Mar 2026 19:48:21 INFO  Running E-step ! 
Sun 15 Mar 2026 19:48:27 INFO  epoch 71 training [time: 6.28s, train_loss1: 42.0898, train_loss2: 0.0262, train_loss3: 0.0000, train_loss4: 0.0026]
Sun 15 Mar 2026 19:48:32 INFO  epoch 71 evaluating [time: 4.21s, valid_score: 0.349700]
Sun 15 Mar 2026 19:48:32 INFO  valid result: 
recall@1 : 0.1397    recall@2 : 0.2277    recall@3 : 0.288    recall@4 : 0.3428    recall@5 : 0.3724    recall@10 : 0.5049    recall@20 : 0.6471    recall@30 : 0.7252    recall@50 : 0.8137    ndcg@1 : 0.2282    ndcg@2 : 0.2516    ndcg@3 : 0.27    ndcg@4 : 0.2906    ndcg@5 : 0.3014    ndcg@10 : 0.3497    ndcg@20 : 0.3922    ndcg@30 : 0.413    ndcg@50 : 0.434    precision@1 : 0.2282    precision@2 : 0.191    precision@3 : 0.1643    precision@4 : 0.1496    precision@5 : 0.1338    precision@10 : 0.0966    precision@20 : 0.0643    precision@30 : 0.0494    precision@50 : 0.0342    map@1 : 0.2282    map@2 : 0.2226    map@3 : 0.226    map@4 : 0.2351    map@5 : 0.2398    map@10 : 0.2616    map@20 : 0.2766    map@30 : 0.2827    map@50 : 0.2876
Sun 15 Mar 2026 19:48:32 INFO  Running E-step ! 
Sun 15 Mar 2026 19:48:38 INFO  epoch 72 training [time: 6.36s, train_loss1: 40.3735, train_loss2: 0.0260, train_loss3: 0.0000, train_loss4: 0.0031]
Sun 15 Mar 2026 19:48:42 INFO  epoch 72 evaluating [time: 4.19s, valid_score: 0.351800]
Sun 15 Mar 2026 19:48:42 INFO  valid result: 
recall@1 : 0.1411    recall@2 : 0.2299    recall@3 : 0.2902    recall@4 : 0.3403    recall@5 : 0.3746    recall@10 : 0.5093    recall@20 : 0.6457    recall@30 : 0.7229    recall@50 : 0.8147    ndcg@1 : 0.2277    ndcg@2 : 0.2538    ndcg@3 : 0.272    ndcg@4 : 0.2904    ndcg@5 : 0.3034    ndcg@10 : 0.3518    ndcg@20 : 0.3926    ndcg@30 : 0.4133    ndcg@50 : 0.435    precision@1 : 0.2277    precision@2 : 0.1931    precision@3 : 0.1655    precision@4 : 0.1488    precision@5 : 0.1352    precision@10 : 0.0971    precision@20 : 0.0641    precision@30 : 0.0493    precision@50 : 0.0343    map@1 : 0.2277    map@2 : 0.2242    map@3 : 0.2279    map@4 : 0.2356    map@5 : 0.2416    map@10 : 0.2631    map@20 : 0.2776    map@30 : 0.2838    map@50 : 0.2888
Sun 15 Mar 2026 19:48:42 INFO  Running E-step ! 
Sun 15 Mar 2026 19:48:48 INFO  epoch 73 training [time: 6.12s, train_loss1: 40.2328, train_loss2: 0.0258, train_loss3: 0.0000, train_loss4: 0.0037]
Sun 15 Mar 2026 19:48:52 INFO  epoch 73 evaluating [time: 4.08s, valid_score: 0.350800]
Sun 15 Mar 2026 19:48:52 INFO  valid result: 
recall@1 : 0.1389    recall@2 : 0.2314    recall@3 : 0.288    recall@4 : 0.3387    recall@5 : 0.3722    recall@10 : 0.5094    recall@20 : 0.6465    recall@30 : 0.7227    recall@50 : 0.8147    ndcg@1 : 0.2271    ndcg@2 : 0.2543    ndcg@3 : 0.2706    ndcg@4 : 0.2894    ndcg@5 : 0.3016    ndcg@10 : 0.3508    ndcg@20 : 0.3919    ndcg@30 : 0.4122    ndcg@50 : 0.4341    precision@1 : 0.2271    precision@2 : 0.1937    precision@3 : 0.1649    precision@4 : 0.1488    precision@5 : 0.1342    precision@10 : 0.097    precision@20 : 0.0642    precision@30 : 0.0492    precision@50 : 0.0343    map@1 : 0.2271    map@2 : 0.2242    map@3 : 0.2265    map@4 : 0.2346    map@5 : 0.2397    map@10 : 0.2617    map@20 : 0.2764    map@30 : 0.2824    map@50 : 0.2875
Sun 15 Mar 2026 19:48:52 INFO  Finished training, best eval result in epoch 52
Sun 15 Mar 2026 19:48:52 INFO  Loading model structure and parameters from saved/SCL-Mar-15-2026_19-38-58.pth
Sun 15 Mar 2026 19:48:57 INFO  best valid : OrderedDict([('recall@1', 0.1445), ('recall@2', 0.2391), ('recall@3', 0.2993), ('recall@4', 0.351), ('recall@5', 0.3855), ('recall@10', 0.5203), ('recall@20', 0.6609), ('recall@30', 0.7376), ('recall@50', 0.8181), ('ndcg@1', 0.2348), ('ndcg@2', 0.2616), ('ndcg@3', 0.2816), ('ndcg@4', 0.3004), ('ndcg@5', 0.313), ('ndcg@10', 0.3613), ('ndcg@20', 0.4034), ('ndcg@30', 0.424), ('ndcg@50', 0.443), ('precision@1', 0.2348), ('precision@2', 0.1993), ('precision@3', 0.1736), ('precision@4', 0.1552), ('precision@5', 0.1398), ('precision@10', 0.0996), ('precision@20', 0.0659), ('precision@30', 0.0506), ('precision@50', 0.0345), ('map@1', 0.2348), ('map@2', 0.2311), ('map@3', 0.2363), ('map@4', 0.2445), ('map@5', 0.2499), ('map@10', 0.2717), ('map@20', 0.2867), ('map@30', 0.293), ('map@50', 0.2974)])
Sun 15 Mar 2026 19:48:57 INFO  test result: OrderedDict([('recall@1', 0.1746), ('recall@2', 0.262), ('recall@3', 0.3215), ('recall@4', 0.3589), ('recall@5', 0.3964), ('recall@10', 0.522), ('recall@20', 0.6639), ('recall@30', 0.7339), ('recall@50', 0.8168), ('ndcg@1', 0.2955), ('ndcg@2', 0.3058), ('ndcg@3', 0.3208), ('ndcg@4', 0.3301), ('ndcg@5', 0.342), ('ndcg@10', 0.384), ('ndcg@20', 0.4252), ('ndcg@30', 0.4434), ('ndcg@50', 0.4621), ('precision@1', 0.2955), ('precision@2', 0.2312), ('precision@3', 0.1956), ('precision@4', 0.1687), ('precision@5', 0.1504), ('precision@10', 0.1023), ('precision@20', 0.0669), ('precision@30', 0.05), ('precision@50', 0.0336), ('map@1', 0.2955), ('map@2', 0.279), ('map@3', 0.2796), ('map@4', 0.2806), ('map@5', 0.2846), ('map@10', 0.3018), ('map@20', 0.3164), ('map@30', 0.3218), ('map@50', 0.3258)])
Sun 15 Mar 2026 19:48:57 INFO  training time: 594.0105s
Sun 15 Mar 2026 19:48:57 INFO  result file: results/scl_wo_semantic_seed2026.json
