Sun 15 Mar 2026 22:51:04 INFO  
General Hyper Parameters:
gpu_id = 0
use_gpu = True
seed = 2028
state = INFO
reproducibility = True
data_path = ./travel
checkpoint_dir = saved
show_progress = True
save_dataset = False
dataset_save_path = None
save_dataloaders = False
dataloaders_save_path = None
log_wandb = False

Training Hyper Parameters:
epochs = 1000
train_batch_size = 4096
learner = adam
learning_rate = 0.001
train_neg_sample_args = {'distribution': 'uniform', 'sample_num': 1, 'alpha': 1.0, 'dynamic': False, 'candidate_num': 0}
eval_step = 1
stopping_step = 10
clip_grad_norm = None
weight_decay = 0.0
loss_decimal_place = 4

Evaluation Hyper Parameters:
eval_args = {'split': {'RS': [0.8, 0.1, 0.1]}, 'order': 'RO', 'group_by': 'user', 'mode': {'valid': 'full', 'test': 'full'}}
repeatable = False
metrics = ['Recall', 'NDCG', 'Precision', 'MAP']
topk = [1, 2, 3, 4, 5, 10, 20, 30, 50]
valid_metric = NDCG@10
valid_metric_bigger = True
eval_batch_size = 4096
metric_decimal_place = 4

Dataset Hyper Parameters:
field_separator = 	
seq_separator =  
USER_ID_FIELD = user_id
ITEM_ID_FIELD = item_id
RATING_FIELD = rating
TIME_FIELD = timestamp
seq_len = None
LABEL_FIELD = label
threshold = None
NEG_PREFIX = neg_
load_col = {'inter': ['user_id', 'item_id', 'rating'], 'user': ['user_id', 'post_num', 'follower', 'following', 'timestamp']}
unload_col = None
unused_col = None
additional_feat_suffix = None
rm_dup_inter = None
val_interval = {'rating': '[0,inf)'}
filter_inter_by_user_or_item = True
user_inter_num_interval = [0,inf)
item_inter_num_interval = [0,inf)
alias_of_user_id = None
alias_of_item_id = None
alias_of_entity_id = None
alias_of_relation_id = None
preload_weight = None
normalize_field = None
normalize_all = None
ITEM_LIST_LENGTH_FIELD = item_length
LIST_SUFFIX = _list
MAX_ITEM_LIST_LENGTH = 50
POSITION_FIELD = position_id
HEAD_ENTITY_ID_FIELD = head_id
TAIL_ENTITY_ID_FIELD = tail_id
RELATION_ID_FIELD = relation_id
ENTITY_ID_FIELD = entity_id
benchmark_filename = None

Other Hyper Parameters: 
worker = 0
wandb_project = recbole
shuffle = True
require_pow = False
enable_amp = False
enable_scaler = False
transform = None
numerical_features = []
discretization = None
kg_reverse_r = False
entity_kg_num_interval = [0,inf)
relation_kg_num_interval = [0,inf)
MODEL_TYPE = ModelType.GENERAL
embedding_size = 64
n_layers = 3
reg_weight = 0.0001
smt_latent_dim = 64
ssl_temp = 0.1
ssl_reg = 0.0
hyper_layers = 1
alpha = 1
potential_reg = 8e-08
semantic_reg = 8e-08
num_clusters = 10
m_step = 1
warm_up_step = 20
user_feature_path = features/roberta_user.npy
item_feature_path = features/roberta_item.npy
MODEL_INPUT_TYPE = InputType.PAIRWISE
eval_type = EvaluatorType.RANKING
single_spec = True
local_rank = 0
device = cuda
valid_neg_sample_args = {'distribution': 'uniform', 'sample_num': 'none'}
test_neg_sample_args = {'distribution': 'uniform', 'sample_num': 'none'}


Sun 15 Mar 2026 22:51:04 INFO  travel
The number of users: 2010
Average actions of users: 18.721254355400696
The number of items: 247
Average actions of items: 152.890243902439
The number of inters: 37611
The sparsity of the dataset: 92.42431566862047%
Remain Fields: ['user_id', 'item_id', 'rating', 'post_num', 'follower', 'following', 'timestamp']
Sun 15 Mar 2026 22:51:04 INFO  [Training]: train_batch_size = [4096] train_neg_sample_args: [{'distribution': 'uniform', 'sample_num': 1, 'alpha': 1.0, 'dynamic': False, 'candidate_num': 0}]
Sun 15 Mar 2026 22:51:04 INFO  [Evaluation]: eval_batch_size = [4096] eval_args: [{'split': {'RS': [0.8, 0.1, 0.1]}, 'order': 'RO', 'group_by': 'user', 'mode': {'valid': 'full', 'test': 'full'}}]
Sun 15 Mar 2026 22:51:05 INFO  SCL(
  (u_MLP): Linear(in_features=1024, out_features=64, bias=True)
  (i_MLP): Linear(in_features=1024, out_features=64, bias=True)
  (user_embedding): Embedding(2010, 64)
  (item_embedding): Embedding(247, 64)
  (mf_loss): BPRLoss()
  (reg_loss): EmbLoss()
)
Trainable parameters: 144448
Sun 15 Mar 2026 22:51:05 INFO  trainable parameters: 144448
Sun 15 Mar 2026 22:51:06 INFO  Running E-step ! 
Sun 15 Mar 2026 22:51:07 INFO  epoch 0 training [time: 0.50s, train_loss1: 5.5390, train_loss2: 0.0000, train_loss3: 0.0114]
Sun 15 Mar 2026 22:51:07 INFO  epoch 0 evaluating [time: 0.19s, valid_score: 0.228500]
Sun 15 Mar 2026 22:51:07 INFO  valid result: 
recall@1 : 0.0911    recall@2 : 0.1446    recall@3 : 0.1786    recall@4 : 0.209    recall@5 : 0.2346    recall@10 : 0.3336    recall@20 : 0.4524    recall@30 : 0.5241    recall@50 : 0.6297    ndcg@1 : 0.1627    ndcg@2 : 0.1689    ndcg@3 : 0.1766    ndcg@4 : 0.1862    ndcg@5 : 0.1952    ndcg@10 : 0.2285    ndcg@20 : 0.2635    ndcg@30 : 0.2823    ndcg@50 : 0.3067    precision@1 : 0.1627    precision@2 : 0.129    precision@3 : 0.1089    precision@4 : 0.0973    precision@5 : 0.0887    precision@10 : 0.0639    precision@20 : 0.0451    precision@30 : 0.0357    precision@50 : 0.0265    map@1 : 0.1627    map@2 : 0.1473    map@3 : 0.1457    map@4 : 0.1483    map@5 : 0.1518    map@10 : 0.1641    map@20 : 0.1749    map@30 : 0.1795    map@50 : 0.1844
Sun 15 Mar 2026 22:51:07 INFO  Saving current: saved/SCL-Mar-15-2026_22-51-05.pth
Sun 15 Mar 2026 22:51:07 INFO  Saving current best: saved/SCL-Mar-15-2026_22-51-05.pth
Sun 15 Mar 2026 22:51:07 INFO  Running E-step ! 
Sun 15 Mar 2026 22:51:07 INFO  epoch 1 training [time: 0.16s, train_loss1: 5.5212, train_loss2: 0.0000, train_loss3: 0.0112]
Sun 15 Mar 2026 22:51:07 INFO  epoch 1 evaluating [time: 0.15s, valid_score: 0.304700]
Sun 15 Mar 2026 22:51:07 INFO  valid result: 
recall@1 : 0.116    recall@2 : 0.2024    recall@3 : 0.254    recall@4 : 0.2926    recall@5 : 0.3257    recall@10 : 0.4528    recall@20 : 0.583    recall@30 : 0.6512    recall@50 : 0.746    ndcg@1 : 0.1931    ndcg@2 : 0.2216    ndcg@3 : 0.2354    ndcg@4 : 0.2484    ndcg@5 : 0.2604    ndcg@10 : 0.3047    ndcg@20 : 0.3428    ndcg@30 : 0.3611    ndcg@50 : 0.3839    precision@1 : 0.1931    precision@2 : 0.169    precision@3 : 0.1408    precision@4 : 0.1253    precision@5 : 0.1141    precision@10 : 0.0824    precision@20 : 0.0552    precision@30 : 0.0426    precision@50 : 0.0306    map@1 : 0.1931    map@2 : 0.195    map@3 : 0.1962    map@4 : 0.2    map@5 : 0.2047    map@10 : 0.2233    map@20 : 0.2353    map@30 : 0.2403    map@50 : 0.2453
Sun 15 Mar 2026 22:51:07 INFO  Saving current: saved/SCL-Mar-15-2026_22-51-05.pth
Sun 15 Mar 2026 22:51:07 INFO  Saving current best: saved/SCL-Mar-15-2026_22-51-05.pth
Sun 15 Mar 2026 22:51:07 INFO  Running E-step ! 
Sun 15 Mar 2026 22:51:07 INFO  epoch 2 training [time: 0.18s, train_loss1: 5.4797, train_loss2: 0.0000, train_loss3: 0.0111]
Sun 15 Mar 2026 22:51:07 INFO  epoch 2 evaluating [time: 0.15s, valid_score: 0.311100]
Sun 15 Mar 2026 22:51:07 INFO  valid result: 
recall@1 : 0.1115    recall@2 : 0.2038    recall@3 : 0.2674    recall@4 : 0.3115    recall@5 : 0.3465    recall@10 : 0.4668    recall@20 : 0.5902    recall@30 : 0.6651    recall@50 : 0.7655    ndcg@1 : 0.1895    ndcg@2 : 0.2195    ndcg@3 : 0.2414    ndcg@4 : 0.2563    ndcg@5 : 0.2695    ndcg@10 : 0.3111    ndcg@20 : 0.347    ndcg@30 : 0.3672    ndcg@50 : 0.3914    precision@1 : 0.1895    precision@2 : 0.1675    precision@3 : 0.1476    precision@4 : 0.1311    precision@5 : 0.1199    precision@10 : 0.0847    precision@20 : 0.0555    precision@30 : 0.0434    precision@50 : 0.0313    map@1 : 0.1895    map@2 : 0.1923    map@3 : 0.1988    map@4 : 0.2041    map@5 : 0.2096    map@10 : 0.2265    map@20 : 0.2379    map@30 : 0.2435    map@50 : 0.2489
Sun 15 Mar 2026 22:51:07 INFO  Saving current: saved/SCL-Mar-15-2026_22-51-05.pth
Sun 15 Mar 2026 22:51:07 INFO  Saving current best: saved/SCL-Mar-15-2026_22-51-05.pth
Sun 15 Mar 2026 22:51:07 INFO  Running E-step ! 
Sun 15 Mar 2026 22:51:08 INFO  epoch 3 training [time: 0.17s, train_loss1: 5.4048, train_loss2: 0.0000, train_loss3: 0.0111]
Sun 15 Mar 2026 22:51:08 INFO  epoch 3 evaluating [time: 0.15s, valid_score: 0.312500]
Sun 15 Mar 2026 22:51:08 INFO  valid result: 
recall@1 : 0.1132    recall@2 : 0.2037    recall@3 : 0.2683    recall@4 : 0.31    recall@5 : 0.3474    recall@10 : 0.4684    recall@20 : 0.5964    recall@30 : 0.6771    recall@50 : 0.7702    ndcg@1 : 0.1913    ndcg@2 : 0.2197    ndcg@3 : 0.2421    ndcg@4 : 0.2564    ndcg@5 : 0.2704    ndcg@10 : 0.3125    ndcg@20 : 0.3494    ndcg@30 : 0.3709    ndcg@50 : 0.3935    precision@1 : 0.1913    precision@2 : 0.1669    precision@3 : 0.1472    precision@4 : 0.1313    precision@5 : 0.12    precision@10 : 0.0852    precision@20 : 0.0562    precision@30 : 0.0441    precision@50 : 0.0314    map@1 : 0.1913    map@2 : 0.1932    map@3 : 0.1997    map@4 : 0.2047    map@5 : 0.2108    map@10 : 0.228    map@20 : 0.2397    map@30 : 0.2455    map@50 : 0.2505
Sun 15 Mar 2026 22:51:08 INFO  Saving current: saved/SCL-Mar-15-2026_22-51-05.pth
Sun 15 Mar 2026 22:51:08 INFO  Saving current best: saved/SCL-Mar-15-2026_22-51-05.pth
Sun 15 Mar 2026 22:51:08 INFO  Running E-step ! 
Sun 15 Mar 2026 22:51:08 INFO  epoch 4 training [time: 0.19s, train_loss1: 5.2916, train_loss2: 0.0000, train_loss3: 0.0111]
Sun 15 Mar 2026 22:51:08 INFO  epoch 4 evaluating [time: 0.15s, valid_score: 0.309700]
Sun 15 Mar 2026 22:51:08 INFO  valid result: 
recall@1 : 0.1105    recall@2 : 0.2039    recall@3 : 0.2671    recall@4 : 0.3093    recall@5 : 0.3467    recall@10 : 0.4626    recall@20 : 0.5971    recall@30 : 0.6788    recall@50 : 0.7734    ndcg@1 : 0.1871    ndcg@2 : 0.2184    ndcg@3 : 0.2402    ndcg@4 : 0.2549    ndcg@5 : 0.2688    ndcg@10 : 0.3097    ndcg@20 : 0.3483    ndcg@30 : 0.37    ndcg@50 : 0.3929    precision@1 : 0.1871    precision@2 : 0.1669    precision@3 : 0.1462    precision@4 : 0.131    precision@5 : 0.1198    precision@10 : 0.0847    precision@20 : 0.0561    precision@30 : 0.0441    precision@50 : 0.0315    map@1 : 0.1871    map@2 : 0.1914    map@3 : 0.1978    map@4 : 0.2029    map@5 : 0.209    map@10 : 0.2259    map@20 : 0.2381    map@30 : 0.244    map@50 : 0.249
Sun 15 Mar 2026 22:51:08 INFO  Running E-step ! 
Sun 15 Mar 2026 22:51:08 INFO  epoch 5 training [time: 0.18s, train_loss1: 5.1367, train_loss2: 0.0000, train_loss3: 0.0111]
Sun 15 Mar 2026 22:51:08 INFO  epoch 5 evaluating [time: 0.15s, valid_score: 0.309800]
Sun 15 Mar 2026 22:51:08 INFO  valid result: 
recall@1 : 0.1111    recall@2 : 0.2038    recall@3 : 0.2685    recall@4 : 0.3105    recall@5 : 0.3485    recall@10 : 0.4621    recall@20 : 0.5982    recall@30 : 0.6782    recall@50 : 0.7723    ndcg@1 : 0.1871    ndcg@2 : 0.2181    ndcg@3 : 0.241    ndcg@4 : 0.2556    ndcg@5 : 0.2699    ndcg@10 : 0.3098    ndcg@20 : 0.3488    ndcg@30 : 0.3702    ndcg@50 : 0.393    precision@1 : 0.1871    precision@2 : 0.1663    precision@3 : 0.147    precision@4 : 0.1314    precision@5 : 0.1203    precision@10 : 0.0847    precision@20 : 0.0561    precision@30 : 0.044    precision@50 : 0.0315    map@1 : 0.1871    map@2 : 0.1913    map@3 : 0.1985    map@4 : 0.2035    map@5 : 0.2099    map@10 : 0.2264    map@20 : 0.2386    map@30 : 0.2444    map@50 : 0.2495
Sun 15 Mar 2026 22:51:08 INFO  Running E-step ! 
Sun 15 Mar 2026 22:51:09 INFO  epoch 6 training [time: 0.18s, train_loss1: 4.9414, train_loss2: 0.0000, train_loss3: 0.0111]
Sun 15 Mar 2026 22:51:09 INFO  epoch 6 evaluating [time: 0.15s, valid_score: 0.310500]
Sun 15 Mar 2026 22:51:09 INFO  valid result: 
recall@1 : 0.1118    recall@2 : 0.2059    recall@3 : 0.2691    recall@4 : 0.3096    recall@5 : 0.3484    recall@10 : 0.463    recall@20 : 0.596    recall@30 : 0.6774    recall@50 : 0.7719    ndcg@1 : 0.1871    ndcg@2 : 0.2193    ndcg@3 : 0.2416    ndcg@4 : 0.2556    ndcg@5 : 0.2702    ndcg@10 : 0.3105    ndcg@20 : 0.3488    ndcg@30 : 0.3706    ndcg@50 : 0.3934    precision@1 : 0.1871    precision@2 : 0.1672    precision@3 : 0.1468    precision@4 : 0.131    precision@5 : 0.1201    precision@10 : 0.0848    precision@20 : 0.056    precision@30 : 0.0442    precision@50 : 0.0314    map@1 : 0.1871    map@2 : 0.1923    map@3 : 0.1992    map@4 : 0.204    map@5 : 0.2106    map@10 : 0.2272    map@20 : 0.2392    map@30 : 0.2452    map@50 : 0.2502
Sun 15 Mar 2026 22:51:09 INFO  Running E-step ! 
Sun 15 Mar 2026 22:51:09 INFO  epoch 7 training [time: 0.17s, train_loss1: 4.7289, train_loss2: 0.0000, train_loss3: 0.0111]
Sun 15 Mar 2026 22:51:09 INFO  epoch 7 evaluating [time: 0.15s, valid_score: 0.310300]
Sun 15 Mar 2026 22:51:09 INFO  valid result: 
recall@1 : 0.1112    recall@2 : 0.2059    recall@3 : 0.269    recall@4 : 0.3081    recall@5 : 0.3474    recall@10 : 0.4633    recall@20 : 0.5965    recall@30 : 0.676    recall@50 : 0.7728    ndcg@1 : 0.1865    ndcg@2 : 0.2191    ndcg@3 : 0.2411    ndcg@4 : 0.2547    ndcg@5 : 0.2695    ndcg@10 : 0.3103    ndcg@20 : 0.3486    ndcg@30 : 0.3699    ndcg@50 : 0.3933    precision@1 : 0.1865    precision@2 : 0.1672    precision@3 : 0.1464    precision@4 : 0.1305    precision@5 : 0.1198    precision@10 : 0.0849    precision@20 : 0.0561    precision@30 : 0.044    precision@50 : 0.0315    map@1 : 0.1865    map@2 : 0.192    map@3 : 0.1987    map@4 : 0.2034    map@5 : 0.2101    map@10 : 0.2268    map@20 : 0.2389    map@30 : 0.2447    map@50 : 0.2499
Sun 15 Mar 2026 22:51:09 INFO  Running E-step ! 
Sun 15 Mar 2026 22:51:09 INFO  epoch 8 training [time: 0.18s, train_loss1: 4.5038, train_loss2: 0.0000, train_loss3: 0.0111]
Sun 15 Mar 2026 22:51:09 INFO  epoch 8 evaluating [time: 0.15s, valid_score: 0.310000]
Sun 15 Mar 2026 22:51:09 INFO  valid result: 
recall@1 : 0.1118    recall@2 : 0.206    recall@3 : 0.2688    recall@4 : 0.3059    recall@5 : 0.3481    recall@10 : 0.4619    recall@20 : 0.5956    recall@30 : 0.6755    recall@50 : 0.7729    ndcg@1 : 0.1871    ndcg@2 : 0.2196    ndcg@3 : 0.241    ndcg@4 : 0.2539    ndcg@5 : 0.2699    ndcg@10 : 0.31    ndcg@20 : 0.3485    ndcg@30 : 0.3699    ndcg@50 : 0.3935    precision@1 : 0.1871    precision@2 : 0.1675    precision@3 : 0.146    precision@4 : 0.1298    precision@5 : 0.12    precision@10 : 0.0846    precision@20 : 0.056    precision@30 : 0.044    precision@50 : 0.0316    map@1 : 0.1871    map@2 : 0.1925    map@3 : 0.1989    map@4 : 0.2031    map@5 : 0.2104    map@10 : 0.2268    map@20 : 0.2391    map@30 : 0.2449    map@50 : 0.2502
Sun 15 Mar 2026 22:51:09 INFO  Running E-step ! 
Sun 15 Mar 2026 22:51:10 INFO  epoch 9 training [time: 0.15s, train_loss1: 4.2787, train_loss2: 0.0000, train_loss3: 0.0111]
Sun 15 Mar 2026 22:51:10 INFO  epoch 9 evaluating [time: 0.14s, valid_score: 0.309700]
Sun 15 Mar 2026 22:51:10 INFO  valid result: 
recall@1 : 0.1112    recall@2 : 0.206    recall@3 : 0.269    recall@4 : 0.3062    recall@5 : 0.3478    recall@10 : 0.4618    recall@20 : 0.5953    recall@30 : 0.6748    recall@50 : 0.7727    ndcg@1 : 0.1865    ndcg@2 : 0.2193    ndcg@3 : 0.2409    ndcg@4 : 0.2539    ndcg@5 : 0.2696    ndcg@10 : 0.3097    ndcg@20 : 0.3483    ndcg@30 : 0.3695    ndcg@50 : 0.3932    precision@1 : 0.1865    precision@2 : 0.1675    precision@3 : 0.146    precision@4 : 0.1299    precision@5 : 0.1199    precision@10 : 0.0846    precision@20 : 0.056    precision@30 : 0.0439    precision@50 : 0.0315    map@1 : 0.1865    map@2 : 0.1922    map@3 : 0.1986    map@4 : 0.2028    map@5 : 0.2101    map@10 : 0.2265    map@20 : 0.2388    map@30 : 0.2445    map@50 : 0.2498
Sun 15 Mar 2026 22:51:10 INFO  Running E-step ! 
Sun 15 Mar 2026 22:51:10 INFO  epoch 10 training [time: 0.17s, train_loss1: 4.0741, train_loss2: 0.0000, train_loss3: 0.0111]
Sun 15 Mar 2026 22:51:10 INFO  epoch 10 evaluating [time: 0.14s, valid_score: 0.310000]
Sun 15 Mar 2026 22:51:10 INFO  valid result: 
recall@1 : 0.1112    recall@2 : 0.206    recall@3 : 0.269    recall@4 : 0.3062    recall@5 : 0.3478    recall@10 : 0.4626    recall@20 : 0.5969    recall@30 : 0.6748    recall@50 : 0.7723    ndcg@1 : 0.1865    ndcg@2 : 0.2193    ndcg@3 : 0.2409    ndcg@4 : 0.2539    ndcg@5 : 0.2696    ndcg@10 : 0.31    ndcg@20 : 0.3487    ndcg@30 : 0.3695    ndcg@50 : 0.3932    precision@1 : 0.1865    precision@2 : 0.1675    precision@3 : 0.146    precision@4 : 0.1299    precision@5 : 0.1199    precision@10 : 0.0847    precision@20 : 0.0561    precision@30 : 0.0439    precision@50 : 0.0315    map@1 : 0.1865    map@2 : 0.1922    map@3 : 0.1986    map@4 : 0.2028    map@5 : 0.2101    map@10 : 0.2266    map@20 : 0.2389    map@30 : 0.2446    map@50 : 0.2498
Sun 15 Mar 2026 22:51:10 INFO  Running E-step ! 
Sun 15 Mar 2026 22:51:10 INFO  epoch 11 training [time: 0.19s, train_loss1: 3.9043, train_loss2: 0.0000, train_loss3: 0.0111]
Sun 15 Mar 2026 22:51:10 INFO  epoch 11 evaluating [time: 0.15s, valid_score: 0.313200]
Sun 15 Mar 2026 22:51:10 INFO  valid result: 
recall@1 : 0.1188    recall@2 : 0.206    recall@3 : 0.269    recall@4 : 0.3068    recall@5 : 0.3484    recall@10 : 0.4634    recall@20 : 0.5972    recall@30 : 0.6748    recall@50 : 0.7721    ndcg@1 : 0.1949    ndcg@2 : 0.2223    ndcg@3 : 0.2437    ndcg@4 : 0.257    ndcg@5 : 0.2727    ndcg@10 : 0.3132    ndcg@20 : 0.3517    ndcg@30 : 0.3725    ndcg@50 : 0.3961    precision@1 : 0.1949    precision@2 : 0.1675    precision@3 : 0.146    precision@4 : 0.1301    precision@5 : 0.12    precision@10 : 0.0848    precision@20 : 0.0561    precision@30 : 0.0439    precision@50 : 0.0315    map@1 : 0.1949    map@2 : 0.1961    map@3 : 0.2024    map@4 : 0.2068    map@5 : 0.214    map@10 : 0.2305    map@20 : 0.2428    map@30 : 0.2484    map@50 : 0.2537
Sun 15 Mar 2026 22:51:10 INFO  Saving current: saved/SCL-Mar-15-2026_22-51-05.pth
Sun 15 Mar 2026 22:51:10 INFO  Saving current best: saved/SCL-Mar-15-2026_22-51-05.pth
Sun 15 Mar 2026 22:51:10 INFO  Running E-step ! 
Sun 15 Mar 2026 22:51:11 INFO  epoch 12 training [time: 0.20s, train_loss1: 3.7607, train_loss2: 0.0000, train_loss3: 0.0111]
Sun 15 Mar 2026 22:51:11 INFO  epoch 12 evaluating [time: 0.15s, valid_score: 0.314000]
Sun 15 Mar 2026 22:51:11 INFO  valid result: 
recall@1 : 0.1208    recall@2 : 0.206    recall@3 : 0.269    recall@4 : 0.3068    recall@5 : 0.3484    recall@10 : 0.4634    recall@20 : 0.5966    recall@30 : 0.6748    recall@50 : 0.7715    ndcg@1 : 0.1985    ndcg@2 : 0.2232    ndcg@3 : 0.2446    ndcg@4 : 0.2578    ndcg@5 : 0.2735    ndcg@10 : 0.314    ndcg@20 : 0.3524    ndcg@30 : 0.3733    ndcg@50 : 0.3968    precision@1 : 0.1985    precision@2 : 0.1675    precision@3 : 0.146    precision@4 : 0.1301    precision@5 : 0.12    precision@10 : 0.0848    precision@20 : 0.0561    precision@30 : 0.0439    precision@50 : 0.0315    map@1 : 0.1985    map@2 : 0.1973    map@3 : 0.2035    map@4 : 0.2078    map@5 : 0.215    map@10 : 0.2315    map@20 : 0.2437    map@30 : 0.2495    map@50 : 0.2547
Sun 15 Mar 2026 22:51:11 INFO  Saving current: saved/SCL-Mar-15-2026_22-51-05.pth
Sun 15 Mar 2026 22:51:11 INFO  Saving current best: saved/SCL-Mar-15-2026_22-51-05.pth
Sun 15 Mar 2026 22:51:11 INFO  Running E-step ! 
Sun 15 Mar 2026 22:51:11 INFO  epoch 13 training [time: 0.19s, train_loss1: 3.6268, train_loss2: 0.0000, train_loss3: 0.0111]
Sun 15 Mar 2026 22:51:11 INFO  epoch 13 evaluating [time: 0.15s, valid_score: 0.314600]
Sun 15 Mar 2026 22:51:11 INFO  valid result: 
recall@1 : 0.122    recall@2 : 0.206    recall@3 : 0.269    recall@4 : 0.3068    recall@5 : 0.3484    recall@10 : 0.4638    recall@20 : 0.5972    recall@30 : 0.6746    recall@50 : 0.7718    ndcg@1 : 0.1996    ndcg@2 : 0.2237    ndcg@3 : 0.2451    ndcg@4 : 0.2583    ndcg@5 : 0.274    ndcg@10 : 0.3146    ndcg@20 : 0.353    ndcg@30 : 0.3737    ndcg@50 : 0.3973    precision@1 : 0.1996    precision@2 : 0.1675    precision@3 : 0.146    precision@4 : 0.1301    precision@5 : 0.12    precision@10 : 0.0848    precision@20 : 0.0561    precision@30 : 0.0439    precision@50 : 0.0315    map@1 : 0.1996    map@2 : 0.1979    map@3 : 0.2041    map@4 : 0.2084    map@5 : 0.2156    map@10 : 0.2322    map@20 : 0.2444    map@30 : 0.2501    map@50 : 0.2553
Sun 15 Mar 2026 22:51:11 INFO  Saving current: saved/SCL-Mar-15-2026_22-51-05.pth
Sun 15 Mar 2026 22:51:11 INFO  Saving current best: saved/SCL-Mar-15-2026_22-51-05.pth
Sun 15 Mar 2026 22:51:11 INFO  Running E-step ! 
Sun 15 Mar 2026 22:51:11 INFO  epoch 14 training [time: 0.19s, train_loss1: 3.5724, train_loss2: 0.0000, train_loss3: 0.0111]
Sun 15 Mar 2026 22:51:11 INFO  epoch 14 evaluating [time: 0.15s, valid_score: 0.313900]
Sun 15 Mar 2026 22:51:11 INFO  valid result: 
recall@1 : 0.1202    recall@2 : 0.206    recall@3 : 0.269    recall@4 : 0.3068    recall@5 : 0.3484    recall@10 : 0.4638    recall@20 : 0.5969    recall@30 : 0.6742    recall@50 : 0.7716    ndcg@1 : 0.1979    ndcg@2 : 0.223    ndcg@3 : 0.2444    ndcg@4 : 0.2576    ndcg@5 : 0.2733    ndcg@10 : 0.3139    ndcg@20 : 0.3522    ndcg@30 : 0.3729    ndcg@50 : 0.3966    precision@1 : 0.1979    precision@2 : 0.1675    precision@3 : 0.146    precision@4 : 0.1301    precision@5 : 0.12    precision@10 : 0.0848    precision@20 : 0.0561    precision@30 : 0.0438    precision@50 : 0.0315    map@1 : 0.1979    map@2 : 0.197    map@3 : 0.2032    map@4 : 0.2075    map@5 : 0.2147    map@10 : 0.2313    map@20 : 0.2434    map@30 : 0.2491    map@50 : 0.2544
Sun 15 Mar 2026 22:51:11 INFO  Running E-step ! 
Sun 15 Mar 2026 22:51:12 INFO  epoch 15 training [time: 0.17s, train_loss1: 3.4635, train_loss2: 0.0000, train_loss3: 0.0111]
Sun 15 Mar 2026 22:51:12 INFO  epoch 15 evaluating [time: 0.15s, valid_score: 0.313600]
Sun 15 Mar 2026 22:51:12 INFO  valid result: 
recall@1 : 0.1196    recall@2 : 0.206    recall@3 : 0.269    recall@4 : 0.3068    recall@5 : 0.3484    recall@10 : 0.4638    recall@20 : 0.5968    recall@30 : 0.6737    recall@50 : 0.7712    ndcg@1 : 0.1973    ndcg@2 : 0.2228    ndcg@3 : 0.2442    ndcg@4 : 0.2574    ndcg@5 : 0.2731    ndcg@10 : 0.3136    ndcg@20 : 0.3519    ndcg@30 : 0.3726    ndcg@50 : 0.3963    precision@1 : 0.1973    precision@2 : 0.1675    precision@3 : 0.146    precision@4 : 0.1301    precision@5 : 0.12    precision@10 : 0.0847    precision@20 : 0.056    precision@30 : 0.0438    precision@50 : 0.0315    map@1 : 0.1973    map@2 : 0.1967    map@3 : 0.2029    map@4 : 0.2072    map@5 : 0.2144    map@10 : 0.2309    map@20 : 0.2431    map@30 : 0.2488    map@50 : 0.2541
Sun 15 Mar 2026 22:51:12 INFO  Running E-step ! 
Sun 15 Mar 2026 22:51:12 INFO  epoch 16 training [time: 0.19s, train_loss1: 3.4229, train_loss2: 0.0000, train_loss3: 0.0111]
Sun 15 Mar 2026 22:51:12 INFO  epoch 16 evaluating [time: 0.15s, valid_score: 0.313500]
Sun 15 Mar 2026 22:51:12 INFO  valid result: 
recall@1 : 0.1196    recall@2 : 0.206    recall@3 : 0.269    recall@4 : 0.3068    recall@5 : 0.3484    recall@10 : 0.4633    recall@20 : 0.5967    recall@30 : 0.6728    recall@50 : 0.7727    ndcg@1 : 0.1973    ndcg@2 : 0.2228    ndcg@3 : 0.2442    ndcg@4 : 0.2574    ndcg@5 : 0.2731    ndcg@10 : 0.3135    ndcg@20 : 0.3519    ndcg@30 : 0.3724    ndcg@50 : 0.3966    precision@1 : 0.1973    precision@2 : 0.1675    precision@3 : 0.146    precision@4 : 0.1301    precision@5 : 0.12    precision@10 : 0.0847    precision@20 : 0.056    precision@30 : 0.0438    precision@50 : 0.0315    map@1 : 0.1973    map@2 : 0.1967    map@3 : 0.2029    map@4 : 0.2072    map@5 : 0.2144    map@10 : 0.2309    map@20 : 0.2431    map@30 : 0.2488    map@50 : 0.2541
Sun 15 Mar 2026 22:51:12 INFO  Running E-step ! 
Sun 15 Mar 2026 22:51:12 INFO  epoch 17 training [time: 0.18s, train_loss1: 3.4016, train_loss2: 0.0000, train_loss3: 0.0111]
Sun 15 Mar 2026 22:51:12 INFO  epoch 17 evaluating [time: 0.16s, valid_score: 0.313000]
Sun 15 Mar 2026 22:51:12 INFO  valid result: 
recall@1 : 0.119    recall@2 : 0.2054    recall@3 : 0.2684    recall@4 : 0.3062    recall@5 : 0.3479    recall@10 : 0.4629    recall@20 : 0.5967    recall@30 : 0.6724    recall@50 : 0.7727    ndcg@1 : 0.1967    ndcg@2 : 0.2222    ndcg@3 : 0.2436    ndcg@4 : 0.2568    ndcg@5 : 0.2726    ndcg@10 : 0.313    ndcg@20 : 0.3514    ndcg@30 : 0.3718    ndcg@50 : 0.3962    precision@1 : 0.1967    precision@2 : 0.1672    precision@3 : 0.1458    precision@4 : 0.1299    precision@5 : 0.12    precision@10 : 0.0847    precision@20 : 0.056    precision@30 : 0.0438    precision@50 : 0.0316    map@1 : 0.1967    map@2 : 0.1961    map@3 : 0.2023    map@4 : 0.2066    map@5 : 0.2139    map@10 : 0.2304    map@20 : 0.2425    map@30 : 0.2482    map@50 : 0.2536
Sun 15 Mar 2026 22:51:12 INFO  Running E-step ! 
Sun 15 Mar 2026 22:51:13 INFO  epoch 18 training [time: 0.18s, train_loss1: 3.3430, train_loss2: 0.0000, train_loss3: 0.0111]
Sun 15 Mar 2026 22:51:13 INFO  epoch 18 evaluating [time: 0.15s, valid_score: 0.313300]
Sun 15 Mar 2026 22:51:13 INFO  valid result: 
recall@1 : 0.119    recall@2 : 0.2054    recall@3 : 0.2684    recall@4 : 0.3056    recall@5 : 0.3473    recall@10 : 0.4635    recall@20 : 0.5956    recall@30 : 0.6726    recall@50 : 0.7723    ndcg@1 : 0.1967    ndcg@2 : 0.2222    ndcg@3 : 0.2436    ndcg@4 : 0.2564    ndcg@5 : 0.2723    ndcg@10 : 0.3133    ndcg@20 : 0.3512    ndcg@30 : 0.372    ndcg@50 : 0.3961    precision@1 : 0.1967    precision@2 : 0.1672    precision@3 : 0.1458    precision@4 : 0.1296    precision@5 : 0.1199    precision@10 : 0.0851    precision@20 : 0.056    precision@30 : 0.0439    precision@50 : 0.0316    map@1 : 0.1967    map@2 : 0.1961    map@3 : 0.2023    map@4 : 0.2063    map@5 : 0.2137    map@10 : 0.2305    map@20 : 0.2425    map@30 : 0.2483    map@50 : 0.2536
Sun 15 Mar 2026 22:51:13 INFO  Running E-step ! 
Sun 15 Mar 2026 22:51:13 INFO  epoch 19 training [time: 0.18s, train_loss1: 3.3047, train_loss2: 0.0000, train_loss3: 0.0111]
Sun 15 Mar 2026 22:51:13 INFO  epoch 19 evaluating [time: 0.15s, valid_score: 0.313100]
Sun 15 Mar 2026 22:51:13 INFO  valid result: 
recall@1 : 0.119    recall@2 : 0.2054    recall@3 : 0.2684    recall@4 : 0.3056    recall@5 : 0.3473    recall@10 : 0.4629    recall@20 : 0.5947    recall@30 : 0.6709    recall@50 : 0.771    ndcg@1 : 0.1967    ndcg@2 : 0.2222    ndcg@3 : 0.2436    ndcg@4 : 0.2564    ndcg@5 : 0.2723    ndcg@10 : 0.3131    ndcg@20 : 0.351    ndcg@30 : 0.3715    ndcg@50 : 0.3958    precision@1 : 0.1967    precision@2 : 0.1672    precision@3 : 0.1458    precision@4 : 0.1296    precision@5 : 0.1199    precision@10 : 0.0851    precision@20 : 0.056    precision@30 : 0.0438    precision@50 : 0.0316    map@1 : 0.1967    map@2 : 0.1961    map@3 : 0.2023    map@4 : 0.2063    map@5 : 0.2137    map@10 : 0.2305    map@20 : 0.2424    map@30 : 0.2481    map@50 : 0.2535
Sun 15 Mar 2026 22:51:13 INFO  Running E-step ! 
Sun 15 Mar 2026 22:51:13 INFO  epoch 20 training [time: 0.19s, train_loss1: 3.3209, train_loss2: 0.0000, train_loss3: 0.0111, train_loss4: 0.0094]
Sun 15 Mar 2026 22:51:14 INFO  epoch 20 evaluating [time: 0.16s, valid_score: 0.313100]
Sun 15 Mar 2026 22:51:14 INFO  valid result: 
recall@1 : 0.119    recall@2 : 0.2054    recall@3 : 0.2684    recall@4 : 0.3056    recall@5 : 0.3473    recall@10 : 0.4629    recall@20 : 0.5944    recall@30 : 0.6711    recall@50 : 0.7708    ndcg@1 : 0.1967    ndcg@2 : 0.2222    ndcg@3 : 0.2436    ndcg@4 : 0.2564    ndcg@5 : 0.2723    ndcg@10 : 0.3131    ndcg@20 : 0.3509    ndcg@30 : 0.3715    ndcg@50 : 0.3957    precision@1 : 0.1967    precision@2 : 0.1672    precision@3 : 0.1458    precision@4 : 0.1296    precision@5 : 0.1199    precision@10 : 0.085    precision@20 : 0.0559    precision@30 : 0.0438    precision@50 : 0.0316    map@1 : 0.1967    map@2 : 0.1961    map@3 : 0.2023    map@4 : 0.2063    map@5 : 0.2137    map@10 : 0.2304    map@20 : 0.2424    map@30 : 0.2481    map@50 : 0.2535
Sun 15 Mar 2026 22:51:14 INFO  Running E-step ! 
Sun 15 Mar 2026 22:51:14 INFO  epoch 21 training [time: 0.19s, train_loss1: 3.3120, train_loss2: 0.0000, train_loss3: 0.0111, train_loss4: 0.0094]
Sun 15 Mar 2026 22:51:14 INFO  epoch 21 evaluating [time: 0.15s, valid_score: 0.313100]
Sun 15 Mar 2026 22:51:14 INFO  valid result: 
recall@1 : 0.119    recall@2 : 0.2054    recall@3 : 0.2684    recall@4 : 0.3056    recall@5 : 0.3473    recall@10 : 0.4629    recall@20 : 0.5946    recall@30 : 0.6708    recall@50 : 0.771    ndcg@1 : 0.1967    ndcg@2 : 0.2222    ndcg@3 : 0.2436    ndcg@4 : 0.2564    ndcg@5 : 0.2723    ndcg@10 : 0.3131    ndcg@20 : 0.351    ndcg@30 : 0.3715    ndcg@50 : 0.3957    precision@1 : 0.1967    precision@2 : 0.1672    precision@3 : 0.1458    precision@4 : 0.1296    precision@5 : 0.1199    precision@10 : 0.085    precision@20 : 0.056    precision@30 : 0.0438    precision@50 : 0.0316    map@1 : 0.1967    map@2 : 0.1961    map@3 : 0.2023    map@4 : 0.2063    map@5 : 0.2137    map@10 : 0.2304    map@20 : 0.2424    map@30 : 0.2481    map@50 : 0.2535
Sun 15 Mar 2026 22:51:14 INFO  Running E-step ! 
Sun 15 Mar 2026 22:51:14 INFO  epoch 22 training [time: 0.18s, train_loss1: 3.2529, train_loss2: 0.0000, train_loss3: 0.0111, train_loss4: 0.0093]
Sun 15 Mar 2026 22:51:14 INFO  epoch 22 evaluating [time: 0.15s, valid_score: 0.313000]
Sun 15 Mar 2026 22:51:14 INFO  valid result: 
recall@1 : 0.119    recall@2 : 0.2054    recall@3 : 0.2684    recall@4 : 0.3056    recall@5 : 0.3474    recall@10 : 0.4627    recall@20 : 0.5954    recall@30 : 0.6707    recall@50 : 0.7708    ndcg@1 : 0.1967    ndcg@2 : 0.2222    ndcg@3 : 0.2436    ndcg@4 : 0.2564    ndcg@5 : 0.2724    ndcg@10 : 0.313    ndcg@20 : 0.3512    ndcg@30 : 0.3715    ndcg@50 : 0.3957    precision@1 : 0.1967    precision@2 : 0.1672    precision@3 : 0.1458    precision@4 : 0.1296    precision@5 : 0.12    precision@10 : 0.0849    precision@20 : 0.0561    precision@30 : 0.0439    precision@50 : 0.0316    map@1 : 0.1967    map@2 : 0.1961    map@3 : 0.2023    map@4 : 0.2063    map@5 : 0.2137    map@10 : 0.2304    map@20 : 0.2425    map@30 : 0.2481    map@50 : 0.2535
Sun 15 Mar 2026 22:51:14 INFO  Running E-step ! 
Sun 15 Mar 2026 22:51:14 INFO  epoch 23 training [time: 0.18s, train_loss1: 3.3140, train_loss2: 0.0000, train_loss3: 0.0111, train_loss4: 0.0092]
Sun 15 Mar 2026 22:51:15 INFO  epoch 23 evaluating [time: 0.15s, valid_score: 0.313100]
Sun 15 Mar 2026 22:51:15 INFO  valid result: 
recall@1 : 0.119    recall@2 : 0.2054    recall@3 : 0.2684    recall@4 : 0.3056    recall@5 : 0.3474    recall@10 : 0.4629    recall@20 : 0.5957    recall@30 : 0.6646    recall@50 : 0.7701    ndcg@1 : 0.1967    ndcg@2 : 0.2222    ndcg@3 : 0.2436    ndcg@4 : 0.2564    ndcg@5 : 0.2724    ndcg@10 : 0.3131    ndcg@20 : 0.3513    ndcg@30 : 0.3703    ndcg@50 : 0.3955    precision@1 : 0.1967    precision@2 : 0.1672    precision@3 : 0.1458    precision@4 : 0.1296    precision@5 : 0.12    precision@10 : 0.085    precision@20 : 0.0561    precision@30 : 0.0437    precision@50 : 0.0316    map@1 : 0.1967    map@2 : 0.1961    map@3 : 0.2023    map@4 : 0.2063    map@5 : 0.2137    map@10 : 0.2304    map@20 : 0.2425    map@30 : 0.248    map@50 : 0.2535
Sun 15 Mar 2026 22:51:15 INFO  Running E-step ! 
Sun 15 Mar 2026 22:51:15 INFO  epoch 24 training [time: 0.19s, train_loss1: 3.2649, train_loss2: 0.0000, train_loss3: 0.0111, train_loss4: 0.0092]
Sun 15 Mar 2026 22:51:15 INFO  epoch 24 evaluating [time: 0.15s, valid_score: 0.313300]
Sun 15 Mar 2026 22:51:15 INFO  valid result: 
recall@1 : 0.119    recall@2 : 0.2053    recall@3 : 0.2684    recall@4 : 0.3056    recall@5 : 0.3472    recall@10 : 0.4634    recall@20 : 0.5965    recall@30 : 0.6652    recall@50 : 0.7704    ndcg@1 : 0.1967    ndcg@2 : 0.222    ndcg@3 : 0.2436    ndcg@4 : 0.2564    ndcg@5 : 0.2723    ndcg@10 : 0.3133    ndcg@20 : 0.3516    ndcg@30 : 0.3705    ndcg@50 : 0.3956    precision@1 : 0.1967    precision@2 : 0.1669    precision@3 : 0.1458    precision@4 : 0.1296    precision@5 : 0.12    precision@10 : 0.0851    precision@20 : 0.0563    precision@30 : 0.0438    precision@50 : 0.0316    map@1 : 0.1967    map@2 : 0.1959    map@3 : 0.2023    map@4 : 0.2063    map@5 : 0.2136    map@10 : 0.2305    map@20 : 0.2426    map@30 : 0.248    map@50 : 0.2535
Sun 15 Mar 2026 22:51:15 INFO  Finished training, best eval result in epoch 13
Sun 15 Mar 2026 22:51:15 INFO  Loading model structure and parameters from saved/SCL-Mar-15-2026_22-51-05.pth
Sun 15 Mar 2026 22:51:15 INFO  best valid : OrderedDict([('recall@1', 0.122), ('recall@2', 0.206), ('recall@3', 0.269), ('recall@4', 0.3068), ('recall@5', 0.3484), ('recall@10', 0.4638), ('recall@20', 0.5972), ('recall@30', 0.6746), ('recall@50', 0.7718), ('ndcg@1', 0.1996), ('ndcg@2', 0.2237), ('ndcg@3', 0.2451), ('ndcg@4', 0.2583), ('ndcg@5', 0.274), ('ndcg@10', 0.3146), ('ndcg@20', 0.353), ('ndcg@30', 0.3737), ('ndcg@50', 0.3973), ('precision@1', 0.1996), ('precision@2', 0.1675), ('precision@3', 0.146), ('precision@4', 0.1301), ('precision@5', 0.12), ('precision@10', 0.0848), ('precision@20', 0.0561), ('precision@30', 0.0439), ('precision@50', 0.0315), ('map@1', 0.1996), ('map@2', 0.1979), ('map@3', 0.2041), ('map@4', 0.2084), ('map@5', 0.2156), ('map@10', 0.2322), ('map@20', 0.2444), ('map@30', 0.2501), ('map@50', 0.2553)])
Sun 15 Mar 2026 22:51:15 INFO  test result: OrderedDict([('recall@1', 0.1448), ('recall@2', 0.239), ('recall@3', 0.2859), ('recall@4', 0.3303), ('recall@5', 0.3567), ('recall@10', 0.4746), ('recall@20', 0.6012), ('recall@30', 0.6936), ('recall@50', 0.7804), ('ndcg@1', 0.2267), ('ndcg@2', 0.2578), ('ndcg@3', 0.27), ('ndcg@4', 0.285), ('ndcg@5', 0.2937), ('ndcg@10', 0.3335), ('ndcg@20', 0.3698), ('ndcg@30', 0.3935), ('ndcg@50', 0.4142), ('precision@1', 0.2267), ('precision@2', 0.1899), ('precision@3', 0.1558), ('precision@4', 0.1372), ('precision@5', 0.1217), ('precision@10', 0.0845), ('precision@20', 0.0557), ('precision@30', 0.0437), ('precision@50', 0.0306), ('map@1', 0.2267), ('map@2', 0.2312), ('map@3', 0.2318), ('map@4', 0.237), ('map@5', 0.2401), ('map@10', 0.2555), ('map@20', 0.2665), ('map@30', 0.2726), ('map@50', 0.2772)])
Sun 15 Mar 2026 22:51:15 INFO  training time: 8.9844s
Sun 15 Mar 2026 22:51:15 INFO  result file: results/again2/scl_wo_struct_seed2028.json
