Sun 15 Mar 2026 12:08:45 INFO  
General Hyper Parameters:
gpu_id = 0
use_gpu = True
seed = 2025
state = INFO
reproducibility = True
data_path = ./travel
checkpoint_dir = saved
show_progress = True
save_dataset = False
dataset_save_path = None
save_dataloaders = False
dataloaders_save_path = None
log_wandb = False

Training Hyper Parameters:
epochs = 1000
train_batch_size = 4096
learner = adam
learning_rate = 0.001
train_neg_sample_args = {'distribution': 'uniform', 'sample_num': 1, 'alpha': 1.0, 'dynamic': False, 'candidate_num': 0}
eval_step = 1
stopping_step = 20
clip_grad_norm = None
weight_decay = 0.0
loss_decimal_place = 4

Evaluation Hyper Parameters:
eval_args = {'split': {'RS': [0.8, 0.1, 0.1]}, 'order': 'RO', 'group_by': 'user', 'mode': {'valid': 'full', 'test': 'full'}}
repeatable = False
metrics = ['Recall', 'NDCG', 'Precision', 'MAP']
topk = [1, 2, 3, 4, 5, 10, 20, 30, 50]
valid_metric = NDCG@10
valid_metric_bigger = True
eval_batch_size = 4096
metric_decimal_place = 4

Dataset Hyper Parameters:
field_separator = 	
seq_separator =  
USER_ID_FIELD = user_id
ITEM_ID_FIELD = item_id
RATING_FIELD = rating
TIME_FIELD = timestamp
seq_len = None
LABEL_FIELD = label
threshold = None
NEG_PREFIX = neg_
load_col = {'inter': ['user_id', 'item_id', 'rating'], 'user': ['user_id', 'post_num', 'follower', 'following', 'timestamp']}
unload_col = None
unused_col = None
additional_feat_suffix = None
rm_dup_inter = None
val_interval = {'rating': '[0,inf)'}
filter_inter_by_user_or_item = True
user_inter_num_interval = [0,inf)
item_inter_num_interval = [0,inf)
alias_of_user_id = None
alias_of_item_id = None
alias_of_entity_id = None
alias_of_relation_id = None
preload_weight = None
normalize_field = None
normalize_all = None
ITEM_LIST_LENGTH_FIELD = item_length
LIST_SUFFIX = _list
MAX_ITEM_LIST_LENGTH = 50
POSITION_FIELD = position_id
HEAD_ENTITY_ID_FIELD = head_id
TAIL_ENTITY_ID_FIELD = tail_id
RELATION_ID_FIELD = relation_id
ENTITY_ID_FIELD = entity_id
benchmark_filename = None

Other Hyper Parameters: 
worker = 0
wandb_project = recbole
shuffle = True
require_pow = False
enable_amp = False
enable_scaler = False
transform = None
numerical_features = []
discretization = None
kg_reverse_r = False
entity_kg_num_interval = [0,inf)
relation_kg_num_interval = [0,inf)
MODEL_TYPE = ModelType.GENERAL
embedding_size = 64
n_layers = 3
reg_weight = 0.0001
ssl_temp = 0.1
ssl_reg = 1e-07
hyper_layers = 1
alpha = 1
proto_reg = 8e-08
semantic_reg = 8e-08
num_clusters = 10
m_step = 1
warm_up_step = 20
user_feature_path = features/roberta_user.npy
item_feature_path = features/roberta_item.npy
MODEL_INPUT_TYPE = InputType.PAIRWISE
eval_type = EvaluatorType.RANKING
single_spec = True
local_rank = 0
device = cuda
valid_neg_sample_args = {'distribution': 'uniform', 'sample_num': 'none'}
test_neg_sample_args = {'distribution': 'uniform', 'sample_num': 'none'}


Sun 15 Mar 2026 12:08:45 INFO  travel
The number of users: 2010
Average actions of users: 18.721254355400696
The number of items: 247
Average actions of items: 152.890243902439
The number of inters: 37611
The sparsity of the dataset: 92.42431566862047%
Remain Fields: ['user_id', 'item_id', 'rating', 'post_num', 'follower', 'following', 'timestamp']
Sun 15 Mar 2026 12:08:45 INFO  [Training]: train_batch_size = [4096] train_neg_sample_args: [{'distribution': 'uniform', 'sample_num': 1, 'alpha': 1.0, 'dynamic': False, 'candidate_num': 0}]
Sun 15 Mar 2026 12:08:45 INFO  [Evaluation]: eval_batch_size = [4096] eval_args: [{'split': {'RS': [0.8, 0.1, 0.1]}, 'order': 'RO', 'group_by': 'user', 'mode': {'valid': 'full', 'test': 'full'}}]
Sun 15 Mar 2026 12:08:47 INFO  SCL(
  (u_MLP): Linear(in_features=1024, out_features=64, bias=True)
  (i_MLP): Linear(in_features=1024, out_features=64, bias=True)
  (user_embedding): Embedding(2010, 64)
  (item_embedding): Embedding(247, 64)
  (mf_loss): BPRLoss()
  (reg_loss): EmbLoss()
)
Trainable parameters: 144448
Sun 15 Mar 2026 12:08:47 INFO  trainable parameters: 144448
Sun 15 Mar 2026 12:08:48 INFO  Running E-step ! 
Sun 15 Mar 2026 12:08:48 INFO  epoch 0 training [time: 0.51s, train_loss1: 5.5429, train_loss2: 0.0193, train_loss3: 0.0115]
Sun 15 Mar 2026 12:08:48 INFO  epoch 0 evaluating [time: 0.19s, valid_score: 0.031500]
Sun 15 Mar 2026 12:08:48 INFO  valid result: 
recall@1 : 0.0062    recall@2 : 0.0125    recall@3 : 0.0176    recall@4 : 0.0253    recall@5 : 0.0289    recall@10 : 0.0542    recall@20 : 0.0988    recall@30 : 0.1416    recall@50 : 0.2345    ndcg@1 : 0.0149    ndcg@2 : 0.0167    ndcg@3 : 0.0183    ndcg@4 : 0.0213    ndcg@5 : 0.0222    ndcg@10 : 0.0315    ndcg@20 : 0.0447    ndcg@30 : 0.0559    ndcg@50 : 0.0771    precision@1 : 0.0149    precision@2 : 0.0146    precision@3 : 0.0137    precision@4 : 0.0142    precision@5 : 0.0128    precision@10 : 0.0126    precision@20 : 0.0112    precision@30 : 0.0109    precision@50 : 0.0109    map@1 : 0.0149    map@2 : 0.0137    map@3 : 0.0134    map@4 : 0.0146    map@5 : 0.0147    map@10 : 0.0174    map@20 : 0.0207    map@30 : 0.0227    map@50 : 0.0258
Sun 15 Mar 2026 12:08:48 INFO  Saving current: saved/SCL-Mar-15-2026_12-08-47.pth
Sun 15 Mar 2026 12:08:48 INFO  Saving current best: saved/SCL-Mar-15-2026_12-08-47.pth
Sun 15 Mar 2026 12:08:48 INFO  Running E-step ! 
Sun 15 Mar 2026 12:08:48 INFO  epoch 1 training [time: 0.18s, train_loss1: 5.5427, train_loss2: 0.0152, train_loss3: 0.0114]
Sun 15 Mar 2026 12:08:49 INFO  epoch 1 evaluating [time: 0.14s, valid_score: 0.033600]
Sun 15 Mar 2026 12:08:49 INFO  valid result: 
recall@1 : 0.0077    recall@2 : 0.0137    recall@3 : 0.02    recall@4 : 0.0249    recall@5 : 0.03    recall@10 : 0.058    recall@20 : 0.0992    recall@30 : 0.1402    recall@50 : 0.2372    ndcg@1 : 0.0167    ndcg@2 : 0.0188    ndcg@3 : 0.0204    ndcg@4 : 0.0221    ndcg@5 : 0.0237    ndcg@10 : 0.0336    ndcg@20 : 0.0462    ndcg@30 : 0.0571    ndcg@50 : 0.0789    precision@1 : 0.0167    precision@2 : 0.0164    precision@3 : 0.0147    precision@4 : 0.0139    precision@5 : 0.0131    precision@10 : 0.0126    precision@20 : 0.0112    precision@30 : 0.0109    precision@50 : 0.0108    map@1 : 0.0167    map@2 : 0.0156    map@3 : 0.0153    map@4 : 0.0157    map@5 : 0.0161    map@10 : 0.0191    map@20 : 0.0222    map@30 : 0.0242    map@50 : 0.0274
Sun 15 Mar 2026 12:08:49 INFO  Saving current: saved/SCL-Mar-15-2026_12-08-47.pth
Sun 15 Mar 2026 12:08:49 INFO  Saving current best: saved/SCL-Mar-15-2026_12-08-47.pth
Sun 15 Mar 2026 12:08:49 INFO  Running E-step ! 
Sun 15 Mar 2026 12:08:49 INFO  epoch 2 training [time: 0.18s, train_loss1: 5.5422, train_loss2: 0.0132, train_loss3: 0.0114]
Sun 15 Mar 2026 12:08:49 INFO  epoch 2 evaluating [time: 0.14s, valid_score: 0.034500]
Sun 15 Mar 2026 12:08:49 INFO  valid result: 
recall@1 : 0.0096    recall@2 : 0.0151    recall@3 : 0.0196    recall@4 : 0.0251    recall@5 : 0.0312    recall@10 : 0.0569    recall@20 : 0.1029    recall@30 : 0.1426    recall@50 : 0.237    ndcg@1 : 0.0191    ndcg@2 : 0.0207    ndcg@3 : 0.0215    ndcg@4 : 0.0233    ndcg@5 : 0.0255    ndcg@10 : 0.0345    ndcg@20 : 0.0484    ndcg@30 : 0.0589    ndcg@50 : 0.0802    precision@1 : 0.0191    precision@2 : 0.0176    precision@3 : 0.0153    precision@4 : 0.0143    precision@5 : 0.0141    precision@10 : 0.0126    precision@20 : 0.0116    precision@30 : 0.011    precision@50 : 0.0108    map@1 : 0.0191    map@2 : 0.0174    map@3 : 0.0165    map@4 : 0.0168    map@5 : 0.0175    map@10 : 0.0203    map@20 : 0.0238    map@30 : 0.0257    map@50 : 0.0287
Sun 15 Mar 2026 12:08:49 INFO  Saving current: saved/SCL-Mar-15-2026_12-08-47.pth
Sun 15 Mar 2026 12:08:49 INFO  Saving current best: saved/SCL-Mar-15-2026_12-08-47.pth
Sun 15 Mar 2026 12:08:49 INFO  Running E-step ! 
Sun 15 Mar 2026 12:08:49 INFO  epoch 3 training [time: 0.18s, train_loss1: 5.5417, train_loss2: 0.0115, train_loss3: 0.0113]
Sun 15 Mar 2026 12:08:49 INFO  epoch 3 evaluating [time: 0.14s, valid_score: 0.036200]
Sun 15 Mar 2026 12:08:49 INFO  valid result: 
recall@1 : 0.0105    recall@2 : 0.0163    recall@3 : 0.0205    recall@4 : 0.0277    recall@5 : 0.0311    recall@10 : 0.0592    recall@20 : 0.1022    recall@30 : 0.1437    recall@50 : 0.24    ndcg@1 : 0.0215    ndcg@2 : 0.0223    ndcg@3 : 0.0228    ndcg@4 : 0.0252    ndcg@5 : 0.0265    ndcg@10 : 0.0362    ndcg@20 : 0.0492    ndcg@30 : 0.0601    ndcg@50 : 0.0818    precision@1 : 0.0215    precision@2 : 0.0188    precision@3 : 0.0161    precision@4 : 0.0152    precision@5 : 0.0145    precision@10 : 0.0133    precision@20 : 0.0117    precision@30 : 0.0111    precision@50 : 0.011    map@1 : 0.0215    map@2 : 0.0186    map@3 : 0.0176    map@4 : 0.0182    map@5 : 0.0184    map@10 : 0.0215    map@20 : 0.0246    map@30 : 0.0266    map@50 : 0.0297
Sun 15 Mar 2026 12:08:49 INFO  Saving current: saved/SCL-Mar-15-2026_12-08-47.pth
Sun 15 Mar 2026 12:08:49 INFO  Saving current best: saved/SCL-Mar-15-2026_12-08-47.pth
Sun 15 Mar 2026 12:08:49 INFO  Running E-step ! 
Sun 15 Mar 2026 12:08:50 INFO  epoch 4 training [time: 0.18s, train_loss1: 5.5410, train_loss2: 0.0102, train_loss3: 0.0112]
Sun 15 Mar 2026 12:08:50 INFO  epoch 4 evaluating [time: 0.14s, valid_score: 0.035600]
Sun 15 Mar 2026 12:08:50 INFO  valid result: 
recall@1 : 0.0099    recall@2 : 0.0161    recall@3 : 0.0228    recall@4 : 0.0291    recall@5 : 0.0324    recall@10 : 0.0573    recall@20 : 0.1027    recall@30 : 0.1472    recall@50 : 0.2429    ndcg@1 : 0.0209    ndcg@2 : 0.0217    ndcg@3 : 0.0238    ndcg@4 : 0.0258    ndcg@5 : 0.0269    ndcg@10 : 0.0356    ndcg@20 : 0.0494    ndcg@30 : 0.061    ndcg@50 : 0.0826    precision@1 : 0.0209    precision@2 : 0.0185    precision@3 : 0.0173    precision@4 : 0.0158    precision@5 : 0.0147    precision@10 : 0.0128    precision@20 : 0.0118    precision@30 : 0.0113    precision@50 : 0.011    map@1 : 0.0209    map@2 : 0.0179    map@3 : 0.0179    map@4 : 0.0185    map@5 : 0.0186    map@10 : 0.0213    map@20 : 0.0246    map@30 : 0.0268    map@50 : 0.0299
Sun 15 Mar 2026 12:08:50 INFO  Running E-step ! 
Sun 15 Mar 2026 12:08:50 INFO  epoch 5 training [time: 0.17s, train_loss1: 5.5403, train_loss2: 0.0091, train_loss3: 0.0111]
Sun 15 Mar 2026 12:08:50 INFO  epoch 5 evaluating [time: 0.14s, valid_score: 0.036900]
Sun 15 Mar 2026 12:08:50 INFO  valid result: 
recall@1 : 0.0099    recall@2 : 0.0173    recall@3 : 0.0226    recall@4 : 0.0308    recall@5 : 0.0361    recall@10 : 0.0597    recall@20 : 0.1095    recall@30 : 0.1529    recall@50 : 0.2426    ndcg@1 : 0.0209    ndcg@2 : 0.0227    ndcg@3 : 0.0243    ndcg@4 : 0.0271    ndcg@5 : 0.0288    ndcg@10 : 0.0369    ndcg@20 : 0.0518    ndcg@30 : 0.063    ndcg@50 : 0.0834    precision@1 : 0.0209    precision@2 : 0.0194    precision@3 : 0.0177    precision@4 : 0.017    precision@5 : 0.0156    precision@10 : 0.0132    precision@20 : 0.0124    precision@30 : 0.0116    precision@50 : 0.0111    map@1 : 0.0209    map@2 : 0.0186    map@3 : 0.0183    map@4 : 0.0192    map@5 : 0.0197    map@10 : 0.0221    map@20 : 0.0256    map@30 : 0.0277    map@50 : 0.0306
Sun 15 Mar 2026 12:08:50 INFO  Saving current: saved/SCL-Mar-15-2026_12-08-47.pth
Sun 15 Mar 2026 12:08:50 INFO  Saving current best: saved/SCL-Mar-15-2026_12-08-47.pth
Sun 15 Mar 2026 12:08:50 INFO  Running E-step ! 
Sun 15 Mar 2026 12:08:50 INFO  epoch 6 training [time: 0.17s, train_loss1: 5.5395, train_loss2: 0.0082, train_loss3: 0.0111]
Sun 15 Mar 2026 12:08:50 INFO  epoch 6 evaluating [time: 0.15s, valid_score: 0.038000]
Sun 15 Mar 2026 12:08:50 INFO  valid result: 
recall@1 : 0.0108    recall@2 : 0.0174    recall@3 : 0.0273    recall@4 : 0.0328    recall@5 : 0.0368    recall@10 : 0.0601    recall@20 : 0.1124    recall@30 : 0.1566    recall@50 : 0.2395    ndcg@1 : 0.0221    ndcg@2 : 0.0233    ndcg@3 : 0.027    ndcg@4 : 0.0288    ndcg@5 : 0.03    ndcg@10 : 0.038    ndcg@20 : 0.0538    ndcg@30 : 0.0654    ndcg@50 : 0.0844    precision@1 : 0.0221    precision@2 : 0.0197    precision@3 : 0.0193    precision@4 : 0.0179    precision@5 : 0.0162    precision@10 : 0.0132    precision@20 : 0.0128    precision@30 : 0.012    precision@50 : 0.0111    map@1 : 0.0221    map@2 : 0.0194    map@3 : 0.0202    map@4 : 0.0205    map@5 : 0.0208    map@10 : 0.0232    map@20 : 0.027    map@30 : 0.0291    map@50 : 0.032
Sun 15 Mar 2026 12:08:50 INFO  Saving current: saved/SCL-Mar-15-2026_12-08-47.pth
Sun 15 Mar 2026 12:08:50 INFO  Saving current best: saved/SCL-Mar-15-2026_12-08-47.pth
Sun 15 Mar 2026 12:08:50 INFO  Running E-step ! 
Sun 15 Mar 2026 12:08:50 INFO  epoch 7 training [time: 0.15s, train_loss1: 5.5385, train_loss2: 0.0075, train_loss3: 0.0110]
Sun 15 Mar 2026 12:08:51 INFO  epoch 7 evaluating [time: 0.14s, valid_score: 0.041500]
Sun 15 Mar 2026 12:08:51 INFO  valid result: 
recall@1 : 0.0121    recall@2 : 0.0185    recall@3 : 0.0286    recall@4 : 0.0352    recall@5 : 0.0393    recall@10 : 0.0659    recall@20 : 0.1171    recall@30 : 0.1624    recall@50 : 0.247    ndcg@1 : 0.0262    ndcg@2 : 0.0249    ndcg@3 : 0.0288    ndcg@4 : 0.0309    ndcg@5 : 0.0322    ndcg@10 : 0.0415    ndcg@20 : 0.0568    ndcg@30 : 0.0687    ndcg@50 : 0.0882    precision@1 : 0.0262    precision@2 : 0.02    precision@3 : 0.0203    precision@4 : 0.0188    precision@5 : 0.017    precision@10 : 0.0146    precision@20 : 0.0132    precision@30 : 0.0124    precision@50 : 0.0115    map@1 : 0.0262    map@2 : 0.021    map@3 : 0.0219    map@4 : 0.0222    map@5 : 0.0224    map@10 : 0.0252    map@20 : 0.029    map@30 : 0.0312    map@50 : 0.0341
Sun 15 Mar 2026 12:08:51 INFO  Saving current: saved/SCL-Mar-15-2026_12-08-47.pth
Sun 15 Mar 2026 12:08:51 INFO  Saving current best: saved/SCL-Mar-15-2026_12-08-47.pth
Sun 15 Mar 2026 12:08:51 INFO  Running E-step ! 
Sun 15 Mar 2026 12:08:51 INFO  epoch 8 training [time: 0.17s, train_loss1: 5.5372, train_loss2: 0.0069, train_loss3: 0.0110]
Sun 15 Mar 2026 12:08:51 INFO  epoch 8 evaluating [time: 0.14s, valid_score: 0.045600]
Sun 15 Mar 2026 12:08:51 INFO  valid result: 
recall@1 : 0.0143    recall@2 : 0.023    recall@3 : 0.0305    recall@4 : 0.0373    recall@5 : 0.0407    recall@10 : 0.0707    recall@20 : 0.1198    recall@30 : 0.1704    recall@50 : 0.2568    ndcg@1 : 0.0316    ndcg@2 : 0.0298    ndcg@3 : 0.0316    ndcg@4 : 0.0339    ndcg@5 : 0.035    ndcg@10 : 0.0456    ndcg@20 : 0.0605    ndcg@30 : 0.0736    ndcg@50 : 0.0934    precision@1 : 0.0316    precision@2 : 0.0235    precision@3 : 0.0211    precision@4 : 0.0197    precision@5 : 0.0182    precision@10 : 0.0157    precision@20 : 0.0137    precision@30 : 0.013    precision@50 : 0.0118    map@1 : 0.0316    map@2 : 0.0253    map@3 : 0.0246    map@4 : 0.025    map@5 : 0.0249    map@10 : 0.0283    map@20 : 0.032    map@30 : 0.0345    map@50 : 0.0374
Sun 15 Mar 2026 12:08:51 INFO  Saving current: saved/SCL-Mar-15-2026_12-08-47.pth
Sun 15 Mar 2026 12:08:51 INFO  Saving current best: saved/SCL-Mar-15-2026_12-08-47.pth
Sun 15 Mar 2026 12:08:51 INFO  Running E-step ! 
Sun 15 Mar 2026 12:08:51 INFO  epoch 9 training [time: 0.18s, train_loss1: 5.5357, train_loss2: 0.0064, train_loss3: 0.0109]
Sun 15 Mar 2026 12:08:51 INFO  epoch 9 evaluating [time: 0.14s, valid_score: 0.048800]
Sun 15 Mar 2026 12:08:51 INFO  valid result: 
recall@1 : 0.0145    recall@2 : 0.0236    recall@3 : 0.0316    recall@4 : 0.0391    recall@5 : 0.0469    recall@10 : 0.0766    recall@20 : 0.1278    recall@30 : 0.1786    recall@50 : 0.2651    ndcg@1 : 0.0322    ndcg@2 : 0.031    ndcg@3 : 0.0325    ndcg@4 : 0.0354    ndcg@5 : 0.0381    ndcg@10 : 0.0488    ndcg@20 : 0.0643    ndcg@30 : 0.0775    ndcg@50 : 0.0975    precision@1 : 0.0322    precision@2 : 0.0253    precision@3 : 0.0217    precision@4 : 0.0213    precision@5 : 0.02    precision@10 : 0.0169    precision@20 : 0.0145    precision@30 : 0.0136    precision@50 : 0.0123    map@1 : 0.0322    map@2 : 0.0261    map@3 : 0.0251    map@4 : 0.0258    map@5 : 0.0266    map@10 : 0.03    map@20 : 0.0338    map@30 : 0.0364    map@50 : 0.0394
Sun 15 Mar 2026 12:08:51 INFO  Saving current: saved/SCL-Mar-15-2026_12-08-47.pth
Sun 15 Mar 2026 12:08:51 INFO  Saving current best: saved/SCL-Mar-15-2026_12-08-47.pth
Sun 15 Mar 2026 12:08:51 INFO  Running E-step ! 
Sun 15 Mar 2026 12:08:52 INFO  epoch 10 training [time: 0.20s, train_loss1: 5.5339, train_loss2: 0.0061, train_loss3: 0.0109]
Sun 15 Mar 2026 12:08:52 INFO  epoch 10 evaluating [time: 0.14s, valid_score: 0.053200]
Sun 15 Mar 2026 12:08:52 INFO  valid result: 
recall@1 : 0.0147    recall@2 : 0.0256    recall@3 : 0.0351    recall@4 : 0.0453    recall@5 : 0.055    recall@10 : 0.0841    recall@20 : 0.142    recall@30 : 0.1934    recall@50 : 0.2731    ndcg@1 : 0.0322    ndcg@2 : 0.033    ndcg@3 : 0.0355    ndcg@4 : 0.0394    ndcg@5 : 0.0429    ndcg@10 : 0.0532    ndcg@20 : 0.0707    ndcg@30 : 0.0841    ndcg@50 : 0.1025    precision@1 : 0.0322    precision@2 : 0.0274    precision@3 : 0.0248    precision@4 : 0.0243    precision@5 : 0.0234    precision@10 : 0.0184    precision@20 : 0.016    precision@30 : 0.0148    precision@50 : 0.0127    map@1 : 0.0322    map@2 : 0.0276    map@3 : 0.0271    map@4 : 0.0282    map@5 : 0.0293    map@10 : 0.0327    map@20 : 0.0371    map@30 : 0.0397    map@50 : 0.0425
Sun 15 Mar 2026 12:08:52 INFO  Saving current: saved/SCL-Mar-15-2026_12-08-47.pth
Sun 15 Mar 2026 12:08:52 INFO  Saving current best: saved/SCL-Mar-15-2026_12-08-47.pth
Sun 15 Mar 2026 12:08:52 INFO  Running E-step ! 
Sun 15 Mar 2026 12:08:52 INFO  epoch 11 training [time: 0.18s, train_loss1: 5.5318, train_loss2: 0.0059, train_loss3: 0.0108]
Sun 15 Mar 2026 12:08:52 INFO  epoch 11 evaluating [time: 0.14s, valid_score: 0.061000]
Sun 15 Mar 2026 12:08:52 INFO  valid result: 
recall@1 : 0.0154    recall@2 : 0.0289    recall@3 : 0.0411    recall@4 : 0.0495    recall@5 : 0.0615    recall@10 : 0.0991    recall@20 : 0.1591    recall@30 : 0.2001    recall@50 : 0.2959    ndcg@1 : 0.0352    ndcg@2 : 0.0374    ndcg@3 : 0.0412    ndcg@4 : 0.0433    ndcg@5 : 0.0476    ndcg@10 : 0.061    ndcg@20 : 0.0791    ndcg@30 : 0.0904    ndcg@50 : 0.1124    precision@1 : 0.0352    precision@2 : 0.0319    precision@3 : 0.0302    precision@4 : 0.0267    precision@5 : 0.0259    precision@10 : 0.0212    precision@20 : 0.0177    precision@30 : 0.0156    precision@50 : 0.0139    map@1 : 0.0352    map@2 : 0.0308    map@3 : 0.0307    map@4 : 0.0308    map@5 : 0.0325    map@10 : 0.0369    map@20 : 0.0416    map@30 : 0.0439    map@50 : 0.0473
Sun 15 Mar 2026 12:08:52 INFO  Saving current: saved/SCL-Mar-15-2026_12-08-47.pth
Sun 15 Mar 2026 12:08:52 INFO  Saving current best: saved/SCL-Mar-15-2026_12-08-47.pth
Sun 15 Mar 2026 12:08:52 INFO  Running E-step ! 
Sun 15 Mar 2026 12:08:52 INFO  epoch 12 training [time: 0.18s, train_loss1: 5.5290, train_loss2: 0.0059, train_loss3: 0.0108]
Sun 15 Mar 2026 12:08:52 INFO  epoch 12 evaluating [time: 0.14s, valid_score: 0.069900]
Sun 15 Mar 2026 12:08:52 INFO  valid result: 
recall@1 : 0.0192    recall@2 : 0.0323    recall@3 : 0.0462    recall@4 : 0.0575    recall@5 : 0.0713    recall@10 : 0.1119    recall@20 : 0.1729    recall@30 : 0.2195    recall@50 : 0.3234    ndcg@1 : 0.0405    ndcg@2 : 0.0424    ndcg@3 : 0.047    ndcg@4 : 0.0505    ndcg@5 : 0.0554    ndcg@10 : 0.0699    ndcg@20 : 0.0889    ndcg@30 : 0.1014    ndcg@50 : 0.1253    precision@1 : 0.0405    precision@2 : 0.0355    precision@3 : 0.0344    precision@4 : 0.0316    precision@5 : 0.0303    precision@10 : 0.0239    precision@20 : 0.0198    precision@30 : 0.0171    precision@50 : 0.0152    map@1 : 0.0405    map@2 : 0.0355    map@3 : 0.0355    map@4 : 0.0363    map@5 : 0.0383    map@10 : 0.0432    map@20 : 0.0484    map@30 : 0.0509    map@50 : 0.0548
Sun 15 Mar 2026 12:08:52 INFO  Saving current: saved/SCL-Mar-15-2026_12-08-47.pth
Sun 15 Mar 2026 12:08:52 INFO  Saving current best: saved/SCL-Mar-15-2026_12-08-47.pth
Sun 15 Mar 2026 12:08:52 INFO  Running E-step ! 
Sun 15 Mar 2026 12:08:53 INFO  epoch 13 training [time: 0.18s, train_loss1: 5.5256, train_loss2: 0.0062, train_loss3: 0.0108]
Sun 15 Mar 2026 12:08:53 INFO  epoch 13 evaluating [time: 0.14s, valid_score: 0.082900]
Sun 15 Mar 2026 12:08:53 INFO  valid result: 
recall@1 : 0.0238    recall@2 : 0.0371    recall@3 : 0.0589    recall@4 : 0.0721    recall@5 : 0.084    recall@10 : 0.1303    recall@20 : 0.1933    recall@30 : 0.2563    recall@50 : 0.3541    ndcg@1 : 0.0477    ndcg@2 : 0.0495    ndcg@3 : 0.0576    ndcg@4 : 0.0621    ndcg@5 : 0.066    ndcg@10 : 0.0829    ndcg@20 : 0.1026    ndcg@30 : 0.1188    ndcg@50 : 0.1416    precision@1 : 0.0477    precision@2 : 0.0411    precision@3 : 0.0417    precision@4 : 0.0389    precision@5 : 0.0358    precision@10 : 0.0287    precision@20 : 0.0223    precision@30 : 0.0195    precision@50 : 0.0166    map@1 : 0.0477    map@2 : 0.0419    map@3 : 0.044    map@4 : 0.045    map@5 : 0.0462    map@10 : 0.0523    map@20 : 0.0578    map@30 : 0.0611    map@50 : 0.0651
Sun 15 Mar 2026 12:08:53 INFO  Saving current: saved/SCL-Mar-15-2026_12-08-47.pth
Sun 15 Mar 2026 12:08:53 INFO  Saving current best: saved/SCL-Mar-15-2026_12-08-47.pth
Sun 15 Mar 2026 12:08:53 INFO  Running E-step ! 
Sun 15 Mar 2026 12:08:53 INFO  epoch 14 training [time: 0.18s, train_loss1: 5.5211, train_loss2: 0.0067, train_loss3: 0.0107]
Sun 15 Mar 2026 12:08:53 INFO  epoch 14 evaluating [time: 0.14s, valid_score: 0.100600]
Sun 15 Mar 2026 12:08:53 INFO  valid result: 
recall@1 : 0.0298    recall@2 : 0.0493    recall@3 : 0.0716    recall@4 : 0.0843    recall@5 : 0.0981    recall@10 : 0.1562    recall@20 : 0.2315    recall@30 : 0.3004    recall@50 : 0.3941    ndcg@1 : 0.0596    ndcg@2 : 0.0637    ndcg@3 : 0.0709    ndcg@4 : 0.0751    ndcg@5 : 0.0797    ndcg@10 : 0.1006    ndcg@20 : 0.1234    ndcg@30 : 0.1413    ndcg@50 : 0.1631    precision@1 : 0.0596    precision@2 : 0.0539    precision@3 : 0.0505    precision@4 : 0.0465    precision@5 : 0.0427    precision@10 : 0.0347    precision@20 : 0.0263    precision@30 : 0.0229    precision@50 : 0.0183    map@1 : 0.0596    map@2 : 0.0533    map@3 : 0.0547    map@4 : 0.0554    map@5 : 0.0568    map@10 : 0.0644    map@20 : 0.0707    map@30 : 0.0748    map@50 : 0.0786
Sun 15 Mar 2026 12:08:53 INFO  Saving current: saved/SCL-Mar-15-2026_12-08-47.pth
Sun 15 Mar 2026 12:08:53 INFO  Saving current best: saved/SCL-Mar-15-2026_12-08-47.pth
Sun 15 Mar 2026 12:08:53 INFO  Running E-step ! 
Sun 15 Mar 2026 12:08:53 INFO  epoch 15 training [time: 0.16s, train_loss1: 5.5150, train_loss2: 0.0077, train_loss3: 0.0107]
Sun 15 Mar 2026 12:08:53 INFO  epoch 15 evaluating [time: 0.14s, valid_score: 0.122500]
Sun 15 Mar 2026 12:08:53 INFO  valid result: 
recall@1 : 0.034    recall@2 : 0.0604    recall@3 : 0.0864    recall@4 : 0.1044    recall@5 : 0.1229    recall@10 : 0.1917    recall@20 : 0.2851    recall@30 : 0.3456    recall@50 : 0.4399    ndcg@1 : 0.0691    ndcg@2 : 0.0765    ndcg@3 : 0.0857    ndcg@4 : 0.0916    ndcg@5 : 0.0984    ndcg@10 : 0.1225    ndcg@20 : 0.1506    ndcg@30 : 0.1669    ndcg@50 : 0.189    precision@1 : 0.0691    precision@2 : 0.0653    precision@3 : 0.0626    precision@4 : 0.0574    precision@5 : 0.0542    precision@10 : 0.0421    precision@20 : 0.032    precision@30 : 0.0266    precision@50 : 0.0206    map@1 : 0.0691    map@2 : 0.0642    map@3 : 0.0661    map@4 : 0.0676    map@5 : 0.0701    map@10 : 0.0789    map@20 : 0.0872    map@30 : 0.0912    map@50 : 0.0953
Sun 15 Mar 2026 12:08:53 INFO  Saving current: saved/SCL-Mar-15-2026_12-08-47.pth
Sun 15 Mar 2026 12:08:53 INFO  Saving current best: saved/SCL-Mar-15-2026_12-08-47.pth
Sun 15 Mar 2026 12:08:53 INFO  Running E-step ! 
Sun 15 Mar 2026 12:08:54 INFO  epoch 16 training [time: 0.17s, train_loss1: 5.5065, train_loss2: 0.0093, train_loss3: 0.0107]
Sun 15 Mar 2026 12:08:54 INFO  epoch 16 evaluating [time: 0.14s, valid_score: 0.154700]
Sun 15 Mar 2026 12:08:54 INFO  valid result: 
recall@1 : 0.0423    recall@2 : 0.0804    recall@3 : 0.1111    recall@4 : 0.1333    recall@5 : 0.1577    recall@10 : 0.2411    recall@20 : 0.3428    recall@30 : 0.4025    recall@50 : 0.5013    ndcg@1 : 0.0882    ndcg@2 : 0.0992    ndcg@3 : 0.1096    ndcg@4 : 0.1166    ndcg@5 : 0.1254    ndcg@10 : 0.1547    ndcg@20 : 0.1854    ndcg@30 : 0.2016    ndcg@50 : 0.2249    precision@1 : 0.0882    precision@2 : 0.0849    precision@3 : 0.0799    precision@4 : 0.072    precision@5 : 0.0679    precision@10 : 0.0526    precision@20 : 0.0385    precision@30 : 0.0309    precision@50 : 0.0235    map@1 : 0.0882    map@2 : 0.0836    map@3 : 0.0853    map@4 : 0.0867    map@5 : 0.0903    map@10 : 0.1015    map@20 : 0.1112    map@30 : 0.1154    map@50 : 0.12
Sun 15 Mar 2026 12:08:54 INFO  Saving current: saved/SCL-Mar-15-2026_12-08-47.pth
Sun 15 Mar 2026 12:08:54 INFO  Saving current best: saved/SCL-Mar-15-2026_12-08-47.pth
Sun 15 Mar 2026 12:08:54 INFO  Running E-step ! 
Sun 15 Mar 2026 12:08:54 INFO  epoch 17 training [time: 0.18s, train_loss1: 5.4934, train_loss2: 0.0120, train_loss3: 0.0106]
Sun 15 Mar 2026 12:08:54 INFO  epoch 17 evaluating [time: 0.14s, valid_score: 0.189200]
Sun 15 Mar 2026 12:08:54 INFO  valid result: 
recall@1 : 0.0533    recall@2 : 0.0997    recall@3 : 0.1379    recall@4 : 0.1658    recall@5 : 0.1939    recall@10 : 0.2931    recall@20 : 0.401    recall@30 : 0.4745    recall@50 : 0.5816    ndcg@1 : 0.1055    ndcg@2 : 0.1207    ndcg@3 : 0.1346    ndcg@4 : 0.1436    ndcg@5 : 0.1533    ndcg@10 : 0.1892    ndcg@20 : 0.2218    ndcg@30 : 0.2415    ndcg@50 : 0.2659    precision@1 : 0.1055    precision@2 : 0.1022    precision@3 : 0.0965    precision@4 : 0.0876    precision@5 : 0.0812    precision@10 : 0.0639    precision@20 : 0.0451    precision@30 : 0.0363    precision@50 : 0.0266    map@1 : 0.1055    map@2 : 0.1018    map@3 : 0.1056    map@4 : 0.1079    map@5 : 0.1116    map@10 : 0.1264    map@20 : 0.1373    map@30 : 0.1426    map@50 : 0.1473
Sun 15 Mar 2026 12:08:54 INFO  Saving current: saved/SCL-Mar-15-2026_12-08-47.pth
Sun 15 Mar 2026 12:08:54 INFO  Saving current best: saved/SCL-Mar-15-2026_12-08-47.pth
Sun 15 Mar 2026 12:08:54 INFO  Running E-step ! 
Sun 15 Mar 2026 12:08:54 INFO  epoch 18 training [time: 0.17s, train_loss1: 5.4732, train_loss2: 0.0156, train_loss3: 0.0106]
Sun 15 Mar 2026 12:08:54 INFO  epoch 18 evaluating [time: 0.14s, valid_score: 0.228700]
Sun 15 Mar 2026 12:08:54 INFO  valid result: 
recall@1 : 0.0738    recall@2 : 0.1184    recall@3 : 0.1641    recall@4 : 0.2011    recall@5 : 0.2289    recall@10 : 0.3554    recall@20 : 0.4776    recall@30 : 0.5531    recall@50 : 0.6454    ndcg@1 : 0.1347    ndcg@2 : 0.1441    ndcg@3 : 0.1603    ndcg@4 : 0.1734    ndcg@5 : 0.1838    ndcg@10 : 0.2287    ndcg@20 : 0.2656    ndcg@30 : 0.2857    ndcg@50 : 0.3072    precision@1 : 0.1347    precision@2 : 0.1159    precision@3 : 0.1087    precision@4 : 0.1003    precision@5 : 0.0936    precision@10 : 0.0747    precision@20 : 0.0518    precision@30 : 0.041    precision@50 : 0.029    map@1 : 0.1347    map@2 : 0.125    map@3 : 0.1289    map@4 : 0.1336    map@5 : 0.1378    map@10 : 0.1567    map@20 : 0.1692    map@30 : 0.1747    map@50 : 0.1792
Sun 15 Mar 2026 12:08:54 INFO  Saving current: saved/SCL-Mar-15-2026_12-08-47.pth
Sun 15 Mar 2026 12:08:54 INFO  Saving current best: saved/SCL-Mar-15-2026_12-08-47.pth
Sun 15 Mar 2026 12:08:54 INFO  Running E-step ! 
Sun 15 Mar 2026 12:08:55 INFO  epoch 19 training [time: 0.18s, train_loss1: 5.4392, train_loss2: 0.0218, train_loss3: 0.0106]
Sun 15 Mar 2026 12:08:55 INFO  epoch 19 evaluating [time: 0.14s, valid_score: 0.262100]
Sun 15 Mar 2026 12:08:55 INFO  valid result: 
recall@1 : 0.095    recall@2 : 0.1548    recall@3 : 0.196    recall@4 : 0.2367    recall@5 : 0.2655    recall@10 : 0.3941    recall@20 : 0.5469    recall@30 : 0.6163    recall@50 : 0.7044    ndcg@1 : 0.1651    ndcg@2 : 0.1782    ndcg@3 : 0.1912    ndcg@4 : 0.2063    ndcg@5 : 0.216    ndcg@10 : 0.2621    ndcg@20 : 0.3076    ndcg@30 : 0.3262    ndcg@50 : 0.347    precision@1 : 0.1651    precision@2 : 0.1386    precision@3 : 0.1224    precision@4 : 0.1131    precision@5 : 0.1019    precision@10 : 0.0799    precision@20 : 0.0568    precision@30 : 0.0439    precision@50 : 0.0308    map@1 : 0.1651    map@2 : 0.1563    map@3 : 0.1573    map@4 : 0.1631    map@5 : 0.167    map@10 : 0.1858    map@20 : 0.2014    map@30 : 0.2067    map@50 : 0.2113
Sun 15 Mar 2026 12:08:55 INFO  Saving current: saved/SCL-Mar-15-2026_12-08-47.pth
Sun 15 Mar 2026 12:08:55 INFO  Saving current best: saved/SCL-Mar-15-2026_12-08-47.pth
Sun 15 Mar 2026 12:08:55 INFO  Running E-step ! 
Sun 15 Mar 2026 12:08:55 INFO  epoch 20 training [time: 0.20s, train_loss1: 5.3679, train_loss2: 0.0299, train_loss3: 0.0106, train_loss4: 0.0028]
Sun 15 Mar 2026 12:08:55 INFO  epoch 20 evaluating [time: 0.14s, valid_score: 0.284900]
Sun 15 Mar 2026 12:08:55 INFO  valid result: 
recall@1 : 0.1078    recall@2 : 0.179    recall@3 : 0.2285    recall@4 : 0.2668    recall@5 : 0.3068    recall@10 : 0.4215    recall@20 : 0.5797    recall@30 : 0.6477    recall@50 : 0.7357    ndcg@1 : 0.1836    ndcg@2 : 0.2007    ndcg@3 : 0.2164    ndcg@4 : 0.23    ndcg@5 : 0.2449    ndcg@10 : 0.2849    ndcg@20 : 0.3324    ndcg@30 : 0.3507    ndcg@50 : 0.3715    precision@1 : 0.1836    precision@2 : 0.1532    precision@3 : 0.1333    precision@4 : 0.1201    precision@5 : 0.1119    precision@10 : 0.081    precision@20 : 0.0584    precision@30 : 0.0448    precision@50 : 0.0314    map@1 : 0.1836    map@2 : 0.1768    map@3 : 0.1791    map@4 : 0.1842    map@5 : 0.1907    map@10 : 0.2065    map@20 : 0.2227    map@30 : 0.228    map@50 : 0.2327
Sun 15 Mar 2026 12:08:55 INFO  Saving current: saved/SCL-Mar-15-2026_12-08-47.pth
Sun 15 Mar 2026 12:08:55 INFO  Saving current best: saved/SCL-Mar-15-2026_12-08-47.pth
Sun 15 Mar 2026 12:08:55 INFO  Running E-step ! 
Sun 15 Mar 2026 12:08:55 INFO  epoch 21 training [time: 0.19s, train_loss1: 5.2243, train_loss2: 0.0346, train_loss3: 0.0106, train_loss4: 0.0032]
Sun 15 Mar 2026 12:08:55 INFO  epoch 21 evaluating [time: 0.14s, valid_score: 0.297000]
Sun 15 Mar 2026 12:08:55 INFO  valid result: 
recall@1 : 0.1183    recall@2 : 0.1976    recall@3 : 0.2472    recall@4 : 0.2819    recall@5 : 0.3189    recall@10 : 0.4325    recall@20 : 0.5976    recall@30 : 0.6682    recall@50 : 0.7521    ndcg@1 : 0.1925    ndcg@2 : 0.2155    ndcg@3 : 0.2314    ndcg@4 : 0.2435    ndcg@5 : 0.2575    ndcg@10 : 0.297    ndcg@20 : 0.3456    ndcg@30 : 0.3646    ndcg@50 : 0.3846    precision@1 : 0.1925    precision@2 : 0.1618    precision@3 : 0.1387    precision@4 : 0.1228    precision@5 : 0.1137    precision@10 : 0.0809    precision@20 : 0.0585    precision@30 : 0.0451    precision@50 : 0.0315    map@1 : 0.1925    map@2 : 0.1904    map@3 : 0.1934    map@4 : 0.1977    map@5 : 0.2036    map@10 : 0.2192    map@20 : 0.2351    map@30 : 0.2406    map@50 : 0.245
Sun 15 Mar 2026 12:08:55 INFO  Saving current: saved/SCL-Mar-15-2026_12-08-47.pth
Sun 15 Mar 2026 12:08:55 INFO  Saving current best: saved/SCL-Mar-15-2026_12-08-47.pth
Sun 15 Mar 2026 12:08:55 INFO  Running E-step ! 
Sun 15 Mar 2026 12:08:56 INFO  epoch 22 training [time: 0.17s, train_loss1: 4.9873, train_loss2: 0.0363, train_loss3: 0.0107, train_loss4: 0.0039]
Sun 15 Mar 2026 12:08:56 INFO  epoch 22 evaluating [time: 0.15s, valid_score: 0.304000]
Sun 15 Mar 2026 12:08:56 INFO  valid result: 
recall@1 : 0.1207    recall@2 : 0.2017    recall@3 : 0.2579    recall@4 : 0.2904    recall@5 : 0.334    recall@10 : 0.4458    recall@20 : 0.5928    recall@30 : 0.6828    recall@50 : 0.7583    ndcg@1 : 0.1949    ndcg@2 : 0.2182    ndcg@3 : 0.2382    ndcg@4 : 0.2489    ndcg@5 : 0.2654    ndcg@10 : 0.304    ndcg@20 : 0.3472    ndcg@30 : 0.3709    ndcg@50 : 0.3894    precision@1 : 0.1949    precision@2 : 0.1624    precision@3 : 0.142    precision@4 : 0.124    precision@5 : 0.116    precision@10 : 0.0823    precision@20 : 0.0573    precision@30 : 0.0453    precision@50 : 0.0315    map@1 : 0.1949    map@2 : 0.1931    map@3 : 0.1991    map@4 : 0.2023    map@5 : 0.2095    map@10 : 0.2246    map@20 : 0.2386    map@30 : 0.2451    map@50 : 0.2494
Sun 15 Mar 2026 12:08:56 INFO  Saving current: saved/SCL-Mar-15-2026_12-08-47.pth
Sun 15 Mar 2026 12:08:56 INFO  Saving current best: saved/SCL-Mar-15-2026_12-08-47.pth
Sun 15 Mar 2026 12:08:56 INFO  Running E-step ! 
Sun 15 Mar 2026 12:08:56 INFO  epoch 23 training [time: 0.20s, train_loss1: 4.6780, train_loss2: 0.0368, train_loss3: 0.0107, train_loss4: 0.0047]
Sun 15 Mar 2026 12:08:56 INFO  epoch 23 evaluating [time: 0.14s, valid_score: 0.303400]
Sun 15 Mar 2026 12:08:56 INFO  valid result: 
recall@1 : 0.1153    recall@2 : 0.2038    recall@3 : 0.2622    recall@4 : 0.2968    recall@5 : 0.3296    recall@10 : 0.4494    recall@20 : 0.5864    recall@30 : 0.6827    recall@50 : 0.7588    ndcg@1 : 0.1895    ndcg@2 : 0.2177    ndcg@3 : 0.2384    ndcg@4 : 0.2502    ndcg@5 : 0.2623    ndcg@10 : 0.3034    ndcg@20 : 0.3439    ndcg@30 : 0.369    ndcg@50 : 0.3877    precision@1 : 0.1895    precision@2 : 0.1639    precision@3 : 0.143    precision@4 : 0.1256    precision@5 : 0.1145    precision@10 : 0.0824    precision@20 : 0.0565    precision@30 : 0.045    precision@50 : 0.0313    map@1 : 0.1895    map@2 : 0.1914    map@3 : 0.198    map@4 : 0.202    map@5 : 0.2069    map@10 : 0.2229    map@20 : 0.236    map@30 : 0.2427    map@50 : 0.247
Sun 15 Mar 2026 12:08:56 INFO  Running E-step ! 
Sun 15 Mar 2026 12:08:56 INFO  epoch 24 training [time: 0.19s, train_loss1: 4.3231, train_loss2: 0.0371, train_loss3: 0.0108, train_loss4: 0.0056]
Sun 15 Mar 2026 12:08:56 INFO  epoch 24 evaluating [time: 0.14s, valid_score: 0.303300]
Sun 15 Mar 2026 12:08:56 INFO  valid result: 
recall@1 : 0.1138    recall@2 : 0.2093    recall@3 : 0.2625    recall@4 : 0.3007    recall@5 : 0.3279    recall@10 : 0.4482    recall@20 : 0.5826    recall@30 : 0.6777    recall@50 : 0.7628    ndcg@1 : 0.1883    ndcg@2 : 0.2206    ndcg@3 : 0.2387    ndcg@4 : 0.2519    ndcg@5 : 0.2618    ndcg@10 : 0.3033    ndcg@20 : 0.3429    ndcg@30 : 0.3678    ndcg@50 : 0.3883    precision@1 : 0.1883    precision@2 : 0.1666    precision@3 : 0.1428    precision@4 : 0.126    precision@5 : 0.1137    precision@10 : 0.0822    precision@20 : 0.0558    precision@30 : 0.0447    precision@50 : 0.0314    map@1 : 0.1883    map@2 : 0.1935    map@3 : 0.1984    map@4 : 0.2029    map@5 : 0.2068    map@10 : 0.223    map@20 : 0.2357    map@30 : 0.2424    map@50 : 0.247
Sun 15 Mar 2026 12:08:56 INFO  Running E-step ! 
Sun 15 Mar 2026 12:08:57 INFO  epoch 25 training [time: 0.19s, train_loss1: 3.9873, train_loss2: 0.0374, train_loss3: 0.0108, train_loss4: 0.0062]
Sun 15 Mar 2026 12:08:57 INFO  epoch 25 evaluating [time: 0.14s, valid_score: 0.302300]
Sun 15 Mar 2026 12:08:57 INFO  valid result: 
recall@1 : 0.1114    recall@2 : 0.2081    recall@3 : 0.2623    recall@4 : 0.3017    recall@5 : 0.3297    recall@10 : 0.4485    recall@20 : 0.5823    recall@30 : 0.6679    recall@50 : 0.7692    ndcg@1 : 0.1859    ndcg@2 : 0.2189    ndcg@3 : 0.2376    ndcg@4 : 0.2513    ndcg@5 : 0.2616    ndcg@10 : 0.3023    ndcg@20 : 0.3415    ndcg@30 : 0.3644    ndcg@50 : 0.3882    precision@1 : 0.1859    precision@2 : 0.166    precision@3 : 0.1428    precision@4 : 0.1265    precision@5 : 0.1143    precision@10 : 0.082    precision@20 : 0.0555    precision@30 : 0.0441    precision@50 : 0.0315    map@1 : 0.1859    map@2 : 0.1917    map@3 : 0.1971    map@4 : 0.2018    map@5 : 0.2058    map@10 : 0.2216    map@20 : 0.2342    map@30 : 0.2404    map@50 : 0.2454
Sun 15 Mar 2026 12:08:57 INFO  Running E-step ! 
Sun 15 Mar 2026 12:08:57 INFO  epoch 26 training [time: 0.18s, train_loss1: 3.7353, train_loss2: 0.0376, train_loss3: 0.0108, train_loss4: 0.0065]
Sun 15 Mar 2026 12:08:57 INFO  epoch 26 evaluating [time: 0.14s, valid_score: 0.301800]
Sun 15 Mar 2026 12:08:57 INFO  valid result: 
recall@1 : 0.11    recall@2 : 0.208    recall@3 : 0.2627    recall@4 : 0.3016    recall@5 : 0.33    recall@10 : 0.4489    recall@20 : 0.5812    recall@30 : 0.6663    recall@50 : 0.7681    ndcg@1 : 0.1836    ndcg@2 : 0.218    ndcg@3 : 0.2369    ndcg@4 : 0.2506    ndcg@5 : 0.2612    ndcg@10 : 0.3018    ndcg@20 : 0.3403    ndcg@30 : 0.3631    ndcg@50 : 0.3872    precision@1 : 0.1836    precision@2 : 0.1657    precision@3 : 0.1426    precision@4 : 0.1265    precision@5 : 0.1145    precision@10 : 0.0822    precision@20 : 0.0552    precision@30 : 0.0439    precision@50 : 0.0314    map@1 : 0.1836    map@2 : 0.1907    map@3 : 0.1963    map@4 : 0.201    map@5 : 0.2052    map@10 : 0.2209    map@20 : 0.2332    map@30 : 0.2393    map@50 : 0.2445
Sun 15 Mar 2026 12:08:57 INFO  Running E-step ! 
Sun 15 Mar 2026 12:08:57 INFO  epoch 27 training [time: 0.19s, train_loss1: 3.5245, train_loss2: 0.0379, train_loss3: 0.0108, train_loss4: 0.0068]
Sun 15 Mar 2026 12:08:57 INFO  epoch 27 evaluating [time: 0.14s, valid_score: 0.301500]
Sun 15 Mar 2026 12:08:57 INFO  valid result: 
recall@1 : 0.1094    recall@2 : 0.208    recall@3 : 0.2628    recall@4 : 0.3011    recall@5 : 0.3296    recall@10 : 0.4487    recall@20 : 0.5802    recall@30 : 0.6667    recall@50 : 0.7676    ndcg@1 : 0.183    ndcg@2 : 0.2178    ndcg@3 : 0.2367    ndcg@4 : 0.2502    ndcg@5 : 0.2608    ndcg@10 : 0.3015    ndcg@20 : 0.3397    ndcg@30 : 0.3628    ndcg@50 : 0.3867    precision@1 : 0.183    precision@2 : 0.1657    precision@3 : 0.1426    precision@4 : 0.1265    precision@5 : 0.1144    precision@10 : 0.0821    precision@20 : 0.055    precision@30 : 0.0439    precision@50 : 0.0313    map@1 : 0.183    map@2 : 0.1904    map@3 : 0.1961    map@4 : 0.2006    map@5 : 0.2048    map@10 : 0.2205    map@20 : 0.2327    map@30 : 0.2389    map@50 : 0.244
Sun 15 Mar 2026 12:08:57 INFO  Running E-step ! 
Sun 15 Mar 2026 12:08:58 INFO  epoch 28 training [time: 0.19s, train_loss1: 3.4257, train_loss2: 0.0381, train_loss3: 0.0108, train_loss4: 0.0070]
Sun 15 Mar 2026 12:08:58 INFO  epoch 28 evaluating [time: 0.14s, valid_score: 0.301500]
Sun 15 Mar 2026 12:08:58 INFO  valid result: 
recall@1 : 0.1092    recall@2 : 0.2074    recall@3 : 0.2637    recall@4 : 0.3011    recall@5 : 0.3298    recall@10 : 0.4489    recall@20 : 0.5793    recall@30 : 0.6672    recall@50 : 0.7679    ndcg@1 : 0.1824    ndcg@2 : 0.2173    ndcg@3 : 0.237    ndcg@4 : 0.2501    ndcg@5 : 0.2607    ndcg@10 : 0.3015    ndcg@20 : 0.3394    ndcg@30 : 0.3628    ndcg@50 : 0.3867    precision@1 : 0.1824    precision@2 : 0.1654    precision@3 : 0.143    precision@4 : 0.1265    precision@5 : 0.1145    precision@10 : 0.0822    precision@20 : 0.0549    precision@30 : 0.0439    precision@50 : 0.0313    map@1 : 0.1824    map@2 : 0.19    map@3 : 0.1961    map@4 : 0.2005    map@5 : 0.2047    map@10 : 0.2205    map@20 : 0.2325    map@30 : 0.2388    map@50 : 0.2439
Sun 15 Mar 2026 12:08:58 INFO  Running E-step ! 
Sun 15 Mar 2026 12:08:58 INFO  epoch 29 training [time: 0.16s, train_loss1: 3.3204, train_loss2: 0.0383, train_loss3: 0.0108, train_loss4: 0.0070]
Sun 15 Mar 2026 12:08:58 INFO  epoch 29 evaluating [time: 0.14s, valid_score: 0.301200]
Sun 15 Mar 2026 12:08:58 INFO  valid result: 
recall@1 : 0.1089    recall@2 : 0.2074    recall@3 : 0.2635    recall@4 : 0.3015    recall@5 : 0.3287    recall@10 : 0.4483    recall@20 : 0.5792    recall@30 : 0.6667    recall@50 : 0.7679    ndcg@1 : 0.1824    ndcg@2 : 0.2172    ndcg@3 : 0.2368    ndcg@4 : 0.2502    ndcg@5 : 0.2602    ndcg@10 : 0.3012    ndcg@20 : 0.3392    ndcg@30 : 0.3626    ndcg@50 : 0.3865    precision@1 : 0.1824    precision@2 : 0.1654    precision@3 : 0.1428    precision@4 : 0.1265    precision@5 : 0.1143    precision@10 : 0.0821    precision@20 : 0.0549    precision@30 : 0.0438    precision@50 : 0.0313    map@1 : 0.1824    map@2 : 0.1898    map@3 : 0.1959    map@4 : 0.2004    map@5 : 0.2043    map@10 : 0.2202    map@20 : 0.2323    map@30 : 0.2386    map@50 : 0.2437
Sun 15 Mar 2026 12:08:58 INFO  Running E-step ! 
Sun 15 Mar 2026 12:08:58 INFO  epoch 30 training [time: 0.16s, train_loss1: 3.2773, train_loss2: 0.0385, train_loss3: 0.0109, train_loss4: 0.0069]
Sun 15 Mar 2026 12:08:58 INFO  epoch 30 evaluating [time: 0.14s, valid_score: 0.301200]
Sun 15 Mar 2026 12:08:58 INFO  valid result: 
recall@1 : 0.1089    recall@2 : 0.2074    recall@3 : 0.2635    recall@4 : 0.3021    recall@5 : 0.3293    recall@10 : 0.4483    recall@20 : 0.5797    recall@30 : 0.665    recall@50 : 0.7685    ndcg@1 : 0.1824    ndcg@2 : 0.2172    ndcg@3 : 0.2368    ndcg@4 : 0.2504    ndcg@5 : 0.2605    ndcg@10 : 0.3012    ndcg@20 : 0.3395    ndcg@30 : 0.3623    ndcg@50 : 0.3867    precision@1 : 0.1824    precision@2 : 0.1654    precision@3 : 0.1428    precision@4 : 0.1266    precision@5 : 0.1144    precision@10 : 0.0821    precision@20 : 0.0549    precision@30 : 0.0438    precision@50 : 0.0314    map@1 : 0.1824    map@2 : 0.1898    map@3 : 0.1959    map@4 : 0.2005    map@5 : 0.2044    map@10 : 0.2202    map@20 : 0.2324    map@30 : 0.2387    map@50 : 0.2438
Sun 15 Mar 2026 12:08:58 INFO  Running E-step ! 
Sun 15 Mar 2026 12:08:59 INFO  epoch 31 training [time: 0.16s, train_loss1: 3.2162, train_loss2: 0.0386, train_loss3: 0.0109, train_loss4: 0.0068]
Sun 15 Mar 2026 12:08:59 INFO  epoch 31 evaluating [time: 0.14s, valid_score: 0.301200]
Sun 15 Mar 2026 12:08:59 INFO  valid result: 
recall@1 : 0.1089    recall@2 : 0.2074    recall@3 : 0.2635    recall@4 : 0.3022    recall@5 : 0.329    recall@10 : 0.4483    recall@20 : 0.5797    recall@30 : 0.6635    recall@50 : 0.7685    ndcg@1 : 0.1824    ndcg@2 : 0.2172    ndcg@3 : 0.2368    ndcg@4 : 0.2505    ndcg@5 : 0.2603    ndcg@10 : 0.3012    ndcg@20 : 0.3395    ndcg@30 : 0.362    ndcg@50 : 0.3867    precision@1 : 0.1824    precision@2 : 0.1654    precision@3 : 0.1428    precision@4 : 0.1268    precision@5 : 0.1143    precision@10 : 0.0821    precision@20 : 0.055    precision@30 : 0.0438    precision@50 : 0.0314    map@1 : 0.1824    map@2 : 0.1898    map@3 : 0.1959    map@4 : 0.2006    map@5 : 0.2043    map@10 : 0.2202    map@20 : 0.2324    map@30 : 0.2386    map@50 : 0.2438
Sun 15 Mar 2026 12:08:59 INFO  Running E-step ! 
Sun 15 Mar 2026 12:08:59 INFO  epoch 32 training [time: 0.18s, train_loss1: 3.1941, train_loss2: 0.0387, train_loss3: 0.0109, train_loss4: 0.0070]
Sun 15 Mar 2026 12:08:59 INFO  epoch 32 evaluating [time: 0.14s, valid_score: 0.301100]
Sun 15 Mar 2026 12:08:59 INFO  valid result: 
recall@1 : 0.1089    recall@2 : 0.2073    recall@3 : 0.2635    recall@4 : 0.3009    recall@5 : 0.3295    recall@10 : 0.4483    recall@20 : 0.5812    recall@30 : 0.6638    recall@50 : 0.7683    ndcg@1 : 0.1824    ndcg@2 : 0.2169    ndcg@3 : 0.2367    ndcg@4 : 0.2499    ndcg@5 : 0.2605    ndcg@10 : 0.3011    ndcg@20 : 0.3399    ndcg@30 : 0.3621    ndcg@50 : 0.3866    precision@1 : 0.1824    precision@2 : 0.1651    precision@3 : 0.1428    precision@4 : 0.1263    precision@5 : 0.1145    precision@10 : 0.0821    precision@20 : 0.0552    precision@30 : 0.0438    precision@50 : 0.0314    map@1 : 0.1824    map@2 : 0.1897    map@3 : 0.1958    map@4 : 0.2002    map@5 : 0.2045    map@10 : 0.2201    map@20 : 0.2325    map@30 : 0.2386    map@50 : 0.2438
Sun 15 Mar 2026 12:08:59 INFO  Running E-step ! 
Sun 15 Mar 2026 12:08:59 INFO  epoch 33 training [time: 0.17s, train_loss1: 3.1813, train_loss2: 0.0389, train_loss3: 0.0109, train_loss4: 0.0068]
Sun 15 Mar 2026 12:08:59 INFO  epoch 33 evaluating [time: 0.14s, valid_score: 0.301400]
Sun 15 Mar 2026 12:08:59 INFO  valid result: 
recall@1 : 0.1089    recall@2 : 0.2071    recall@3 : 0.2635    recall@4 : 0.3007    recall@5 : 0.3292    recall@10 : 0.4491    recall@20 : 0.5819    recall@30 : 0.6654    recall@50 : 0.7673    ndcg@1 : 0.183    ndcg@2 : 0.2169    ndcg@3 : 0.2368    ndcg@4 : 0.2499    ndcg@5 : 0.2604    ndcg@10 : 0.3014    ndcg@20 : 0.3402    ndcg@30 : 0.3625    ndcg@50 : 0.3865    precision@1 : 0.183    precision@2 : 0.1648    precision@3 : 0.1428    precision@4 : 0.1263    precision@5 : 0.1143    precision@10 : 0.0821    precision@20 : 0.0554    precision@30 : 0.0439    precision@50 : 0.0314    map@1 : 0.183    map@2 : 0.1897    map@3 : 0.1959    map@4 : 0.2003    map@5 : 0.2044    map@10 : 0.2202    map@20 : 0.2327    map@30 : 0.2388    map@50 : 0.2438
Sun 15 Mar 2026 12:08:59 INFO  Running E-step ! 
Sun 15 Mar 2026 12:09:00 INFO  epoch 34 training [time: 0.19s, train_loss1: 3.2122, train_loss2: 0.0390, train_loss3: 0.0109, train_loss4: 0.0067]
Sun 15 Mar 2026 12:09:00 INFO  epoch 34 evaluating [time: 0.14s, valid_score: 0.301300]
Sun 15 Mar 2026 12:09:00 INFO  valid result: 
recall@1 : 0.1095    recall@2 : 0.2071    recall@3 : 0.2631    recall@4 : 0.3016    recall@5 : 0.3291    recall@10 : 0.448    recall@20 : 0.5819    recall@30 : 0.667    recall@50 : 0.7679    ndcg@1 : 0.1836    ndcg@2 : 0.2171    ndcg@3 : 0.237    ndcg@4 : 0.2507    ndcg@5 : 0.2606    ndcg@10 : 0.3013    ndcg@20 : 0.3405    ndcg@30 : 0.3632    ndcg@50 : 0.3869    precision@1 : 0.1836    precision@2 : 0.1648    precision@3 : 0.143    precision@4 : 0.1271    precision@5 : 0.1142    precision@10 : 0.0821    precision@20 : 0.0556    precision@30 : 0.0441    precision@50 : 0.0314    map@1 : 0.1836    map@2 : 0.19    map@3 : 0.1961    map@4 : 0.2008    map@5 : 0.2047    map@10 : 0.2204    map@20 : 0.233    map@30 : 0.2392    map@50 : 0.2442
Sun 15 Mar 2026 12:09:00 INFO  Running E-step ! 
Sun 15 Mar 2026 12:09:00 INFO  epoch 35 training [time: 0.18s, train_loss1: 3.1644, train_loss2: 0.0391, train_loss3: 0.0109, train_loss4: 0.0066]
Sun 15 Mar 2026 12:09:00 INFO  epoch 35 evaluating [time: 0.14s, valid_score: 0.302000]
Sun 15 Mar 2026 12:09:00 INFO  valid result: 
recall@1 : 0.1101    recall@2 : 0.2077    recall@3 : 0.263    recall@4 : 0.3019    recall@5 : 0.329    recall@10 : 0.4489    recall@20 : 0.5831    recall@30 : 0.6666    recall@50 : 0.7673    ndcg@1 : 0.1841    ndcg@2 : 0.2177    ndcg@3 : 0.2372    ndcg@4 : 0.2512    ndcg@5 : 0.2608    ndcg@10 : 0.302    ndcg@20 : 0.3413    ndcg@30 : 0.3634    ndcg@50 : 0.3871    precision@1 : 0.1841    precision@2 : 0.1651    precision@3 : 0.1428    precision@4 : 0.1274    precision@5 : 0.1141    precision@10 : 0.0823    precision@20 : 0.0559    precision@30 : 0.044    precision@50 : 0.0314    map@1 : 0.1841    map@2 : 0.1906    map@3 : 0.1965    map@4 : 0.2014    map@5 : 0.2051    map@10 : 0.221    map@20 : 0.2337    map@30 : 0.2397    map@50 : 0.2447
Sun 15 Mar 2026 12:09:00 INFO  Running E-step ! 
Sun 15 Mar 2026 12:09:00 INFO  epoch 36 training [time: 0.18s, train_loss1: 3.1509, train_loss2: 0.0392, train_loss3: 0.0109, train_loss4: 0.0065]
Sun 15 Mar 2026 12:09:00 INFO  epoch 36 evaluating [time: 0.14s, valid_score: 0.302000]
Sun 15 Mar 2026 12:09:00 INFO  valid result: 
recall@1 : 0.1101    recall@2 : 0.2077    recall@3 : 0.263    recall@4 : 0.3015    recall@5 : 0.3291    recall@10 : 0.449    recall@20 : 0.5844    recall@30 : 0.6674    recall@50 : 0.7673    ndcg@1 : 0.1841    ndcg@2 : 0.2177    ndcg@3 : 0.2373    ndcg@4 : 0.2509    ndcg@5 : 0.2609    ndcg@10 : 0.302    ndcg@20 : 0.3416    ndcg@30 : 0.3637    ndcg@50 : 0.3871    precision@1 : 0.1841    precision@2 : 0.1651    precision@3 : 0.143    precision@4 : 0.1271    precision@5 : 0.1142    precision@10 : 0.0822    precision@20 : 0.056    precision@30 : 0.0441    precision@50 : 0.0314    map@1 : 0.1841    map@2 : 0.1906    map@3 : 0.1966    map@4 : 0.2013    map@5 : 0.2052    map@10 : 0.221    map@20 : 0.2337    map@30 : 0.2397    map@50 : 0.2447
Sun 15 Mar 2026 12:09:00 INFO  Running E-step ! 
Sun 15 Mar 2026 12:09:01 INFO  epoch 37 training [time: 0.19s, train_loss1: 3.1155, train_loss2: 0.0393, train_loss3: 0.0109, train_loss4: 0.0063]
Sun 15 Mar 2026 12:09:01 INFO  epoch 37 evaluating [time: 0.14s, valid_score: 0.301100]
Sun 15 Mar 2026 12:09:01 INFO  valid result: 
recall@1 : 0.1101    recall@2 : 0.2079    recall@3 : 0.2632    recall@4 : 0.3018    recall@5 : 0.3294    recall@10 : 0.4461    recall@20 : 0.5842    recall@30 : 0.669    recall@50 : 0.7674    ndcg@1 : 0.1841    ndcg@2 : 0.2179    ndcg@3 : 0.2375    ndcg@4 : 0.2513    ndcg@5 : 0.2611    ndcg@10 : 0.3011    ndcg@20 : 0.3416    ndcg@30 : 0.3641    ndcg@50 : 0.3873    precision@1 : 0.1841    precision@2 : 0.1654    precision@3 : 0.1432    precision@4 : 0.1274    precision@5 : 0.1144    precision@10 : 0.0819    precision@20 : 0.056    precision@30 : 0.0442    precision@50 : 0.0314    map@1 : 0.1841    map@2 : 0.1907    map@3 : 0.1967    map@4 : 0.2015    map@5 : 0.2054    map@10 : 0.2207    map@20 : 0.2337    map@30 : 0.2399    map@50 : 0.2448
Sun 15 Mar 2026 12:09:01 INFO  Running E-step ! 
Sun 15 Mar 2026 12:09:01 INFO  epoch 38 training [time: 0.18s, train_loss1: 3.1294, train_loss2: 0.0394, train_loss3: 0.0109, train_loss4: 0.0062]
Sun 15 Mar 2026 12:09:01 INFO  epoch 38 evaluating [time: 0.14s, valid_score: 0.301500]
Sun 15 Mar 2026 12:09:01 INFO  valid result: 
recall@1 : 0.1107    recall@2 : 0.2079    recall@3 : 0.2632    recall@4 : 0.3018    recall@5 : 0.3292    recall@10 : 0.4463    recall@20 : 0.5851    recall@30 : 0.6686    recall@50 : 0.7675    ndcg@1 : 0.1847    ndcg@2 : 0.2181    ndcg@3 : 0.2377    ndcg@4 : 0.2515    ndcg@5 : 0.2613    ndcg@10 : 0.3015    ndcg@20 : 0.3421    ndcg@30 : 0.3643    ndcg@50 : 0.3875    precision@1 : 0.1847    precision@2 : 0.1654    precision@3 : 0.1432    precision@4 : 0.1274    precision@5 : 0.1143    precision@10 : 0.0821    precision@20 : 0.0561    precision@30 : 0.0443    precision@50 : 0.0315    map@1 : 0.1847    map@2 : 0.191    map@3 : 0.197    map@4 : 0.2018    map@5 : 0.2056    map@10 : 0.2212    map@20 : 0.2342    map@30 : 0.2402    map@50 : 0.2452
Sun 15 Mar 2026 12:09:01 INFO  Running E-step ! 
Sun 15 Mar 2026 12:09:01 INFO  epoch 39 training [time: 0.19s, train_loss1: 3.1289, train_loss2: 0.0395, train_loss3: 0.0109, train_loss4: 0.0061]
Sun 15 Mar 2026 12:09:01 INFO  epoch 39 evaluating [time: 0.14s, valid_score: 0.301500]
Sun 15 Mar 2026 12:09:01 INFO  valid result: 
recall@1 : 0.1107    recall@2 : 0.208    recall@3 : 0.2632    recall@4 : 0.3018    recall@5 : 0.3293    recall@10 : 0.4461    recall@20 : 0.5859    recall@30 : 0.6688    recall@50 : 0.7664    ndcg@1 : 0.1847    ndcg@2 : 0.2183    ndcg@3 : 0.2377    ndcg@4 : 0.2515    ndcg@5 : 0.2613    ndcg@10 : 0.3015    ndcg@20 : 0.3424    ndcg@30 : 0.3645    ndcg@50 : 0.3874    precision@1 : 0.1847    precision@2 : 0.1657    precision@3 : 0.1432    precision@4 : 0.1274    precision@5 : 0.1143    precision@10 : 0.0821    precision@20 : 0.0563    precision@30 : 0.0443    precision@50 : 0.0314    map@1 : 0.1847    map@2 : 0.1912    map@3 : 0.197    map@4 : 0.2018    map@5 : 0.2056    map@10 : 0.2211    map@20 : 0.2343    map@30 : 0.2403    map@50 : 0.2452
Sun 15 Mar 2026 12:09:01 INFO  Running E-step ! 
Sun 15 Mar 2026 12:09:02 INFO  epoch 40 training [time: 0.18s, train_loss1: 3.1345, train_loss2: 0.0396, train_loss3: 0.0109, train_loss4: 0.0060]
Sun 15 Mar 2026 12:09:02 INFO  epoch 40 evaluating [time: 0.14s, valid_score: 0.301100]
Sun 15 Mar 2026 12:09:02 INFO  valid result: 
recall@1 : 0.1109    recall@2 : 0.2073    recall@3 : 0.2624    recall@4 : 0.301    recall@5 : 0.329    recall@10 : 0.4454    recall@20 : 0.5854    recall@30 : 0.669    recall@50 : 0.7679    ndcg@1 : 0.1847    ndcg@2 : 0.2177    ndcg@3 : 0.2372    ndcg@4 : 0.2509    ndcg@5 : 0.261    ndcg@10 : 0.3011    ndcg@20 : 0.3422    ndcg@30 : 0.3645    ndcg@50 : 0.3876    precision@1 : 0.1847    precision@2 : 0.1651    precision@3 : 0.1428    precision@4 : 0.1271    precision@5 : 0.1143    precision@10 : 0.0821    precision@20 : 0.0564    precision@30 : 0.0444    precision@50 : 0.0315    map@1 : 0.1847    map@2 : 0.1907    map@3 : 0.1966    map@4 : 0.2014    map@5 : 0.2054    map@10 : 0.2209    map@20 : 0.2342    map@30 : 0.2402    map@50 : 0.2451
Sun 15 Mar 2026 12:09:02 INFO  Running E-step ! 
Sun 15 Mar 2026 12:09:02 INFO  epoch 41 training [time: 0.16s, train_loss1: 3.1411, train_loss2: 0.0397, train_loss3: 0.0109, train_loss4: 0.0058]
Sun 15 Mar 2026 12:09:02 INFO  epoch 41 evaluating [time: 0.14s, valid_score: 0.301300]
Sun 15 Mar 2026 12:09:02 INFO  valid result: 
recall@1 : 0.1109    recall@2 : 0.2072    recall@3 : 0.2624    recall@4 : 0.3004    recall@5 : 0.3292    recall@10 : 0.4458    recall@20 : 0.5865    recall@30 : 0.6699    recall@50 : 0.7677    ndcg@1 : 0.1847    ndcg@2 : 0.2177    ndcg@3 : 0.2372    ndcg@4 : 0.2507    ndcg@5 : 0.2611    ndcg@10 : 0.3013    ndcg@20 : 0.3426    ndcg@30 : 0.3647    ndcg@50 : 0.3876    precision@1 : 0.1847    precision@2 : 0.1651    precision@3 : 0.1428    precision@4 : 0.1269    precision@5 : 0.1144    precision@10 : 0.0822    precision@20 : 0.0566    precision@30 : 0.0445    precision@50 : 0.0315    map@1 : 0.1847    map@2 : 0.1907    map@3 : 0.1966    map@4 : 0.2013    map@5 : 0.2055    map@10 : 0.2209    map@20 : 0.2343    map@30 : 0.2403    map@50 : 0.2452
Sun 15 Mar 2026 12:09:02 INFO  Running E-step ! 
Sun 15 Mar 2026 12:09:02 INFO  epoch 42 training [time: 0.16s, train_loss1: 3.0712, train_loss2: 0.0398, train_loss3: 0.0109, train_loss4: 0.0057]
Sun 15 Mar 2026 12:09:02 INFO  epoch 42 evaluating [time: 0.14s, valid_score: 0.301700]
Sun 15 Mar 2026 12:09:02 INFO  valid result: 
recall@1 : 0.1121    recall@2 : 0.2072    recall@3 : 0.2625    recall@4 : 0.3004    recall@5 : 0.3292    recall@10 : 0.4458    recall@20 : 0.5871    recall@30 : 0.6718    recall@50 : 0.766    ndcg@1 : 0.1859    ndcg@2 : 0.2182    ndcg@3 : 0.2378    ndcg@4 : 0.2512    ndcg@5 : 0.2616    ndcg@10 : 0.3017    ndcg@20 : 0.3433    ndcg@30 : 0.3657    ndcg@50 : 0.3879    precision@1 : 0.1859    precision@2 : 0.1651    precision@3 : 0.143    precision@4 : 0.1269    precision@5 : 0.1144    precision@10 : 0.0822    precision@20 : 0.0567    precision@30 : 0.0446    precision@50 : 0.0315    map@1 : 0.1859    map@2 : 0.1913    map@3 : 0.1973    map@4 : 0.2019    map@5 : 0.2061    map@10 : 0.2216    map@20 : 0.235    map@30 : 0.2411    map@50 : 0.2459
Sun 15 Mar 2026 12:09:02 INFO  Running E-step ! 
Sun 15 Mar 2026 12:09:02 INFO  epoch 43 training [time: 0.17s, train_loss1: 3.1040, train_loss2: 0.0399, train_loss3: 0.0109, train_loss4: 0.0056]
Sun 15 Mar 2026 12:09:03 INFO  epoch 43 evaluating [time: 0.14s, valid_score: 0.301800]
Sun 15 Mar 2026 12:09:03 INFO  valid result: 
recall@1 : 0.1116    recall@2 : 0.2072    recall@3 : 0.2632    recall@4 : 0.3001    recall@5 : 0.3297    recall@10 : 0.4461    recall@20 : 0.5871    recall@30 : 0.6727    recall@50 : 0.7647    ndcg@1 : 0.1859    ndcg@2 : 0.2183    ndcg@3 : 0.2381    ndcg@4 : 0.2509    ndcg@5 : 0.2617    ndcg@10 : 0.3018    ndcg@20 : 0.3432    ndcg@30 : 0.3658    ndcg@50 : 0.3877    precision@1 : 0.1859    precision@2 : 0.1654    precision@3 : 0.1434    precision@4 : 0.1266    precision@5 : 0.1147    precision@10 : 0.0822    precision@20 : 0.0567    precision@30 : 0.0446    precision@50 : 0.0315    map@1 : 0.1859    map@2 : 0.1914    map@3 : 0.1975    map@4 : 0.2017    map@5 : 0.206    map@10 : 0.2215    map@20 : 0.2349    map@30 : 0.241    map@50 : 0.2458
Sun 15 Mar 2026 12:09:03 INFO  Finished training, best eval result in epoch 22
Sun 15 Mar 2026 12:09:03 INFO  Loading model structure and parameters from saved/SCL-Mar-15-2026_12-08-47.pth
Sun 15 Mar 2026 12:09:03 INFO  best valid : OrderedDict([('recall@1', 0.1207), ('recall@2', 0.2017), ('recall@3', 0.2579), ('recall@4', 0.2904), ('recall@5', 0.334), ('recall@10', 0.4458), ('recall@20', 0.5928), ('recall@30', 0.6828), ('recall@50', 0.7583), ('ndcg@1', 0.1949), ('ndcg@2', 0.2182), ('ndcg@3', 0.2382), ('ndcg@4', 0.2489), ('ndcg@5', 0.2654), ('ndcg@10', 0.304), ('ndcg@20', 0.3472), ('ndcg@30', 0.3709), ('ndcg@50', 0.3894), ('precision@1', 0.1949), ('precision@2', 0.1624), ('precision@3', 0.142), ('precision@4', 0.124), ('precision@5', 0.116), ('precision@10', 0.0823), ('precision@20', 0.0573), ('precision@30', 0.0453), ('precision@50', 0.0315), ('map@1', 0.1949), ('map@2', 0.1931), ('map@3', 0.1991), ('map@4', 0.2023), ('map@5', 0.2095), ('map@10', 0.2246), ('map@20', 0.2386), ('map@30', 0.2451), ('map@50', 0.2494)])
Sun 15 Mar 2026 12:09:03 INFO  test result: OrderedDict([('recall@1', 0.1198), ('recall@2', 0.2257), ('recall@3', 0.274), ('recall@4', 0.3143), ('recall@5', 0.3514), ('recall@10', 0.4667), ('recall@20', 0.616), ('recall@30', 0.689), ('recall@50', 0.7707), ('ndcg@1', 0.2113), ('ndcg@2', 0.2441), ('ndcg@3', 0.2572), ('ndcg@4', 0.2702), ('ndcg@5', 0.2826), ('ndcg@10', 0.3211), ('ndcg@20', 0.3646), ('ndcg@30', 0.3833), ('ndcg@50', 0.4029), ('precision@1', 0.2113), ('precision@2', 0.1885), ('precision@3', 0.1583), ('precision@4', 0.1395), ('precision@5', 0.1254), ('precision@10', 0.0865), ('precision@20', 0.0596), ('precision@30', 0.0448), ('precision@50', 0.0312), ('map@1', 0.2113), ('map@2', 0.216), ('map@3', 0.2164), ('map@4', 0.2202), ('map@5', 0.2249), ('map@10', 0.2398), ('map@20', 0.2543), ('map@30', 0.2593), ('map@50', 0.2638)])
Sun 15 Mar 2026 12:09:03 INFO  training time: 15.1222s
Sun 15 Mar 2026 12:09:03 INFO  result file: results/scl_seed2025.json
