Sun 15 Mar 2026 22:50:46 INFO  
General Hyper Parameters:
gpu_id = 0
use_gpu = True
seed = 2027
state = INFO
reproducibility = True
data_path = ./travel
checkpoint_dir = saved
show_progress = True
save_dataset = False
dataset_save_path = None
save_dataloaders = False
dataloaders_save_path = None
log_wandb = False

Training Hyper Parameters:
epochs = 1000
train_batch_size = 4096
learner = adam
learning_rate = 0.001
train_neg_sample_args = {'distribution': 'uniform', 'sample_num': 1, 'alpha': 1.0, 'dynamic': False, 'candidate_num': 0}
eval_step = 1
stopping_step = 10
clip_grad_norm = None
weight_decay = 0.0
loss_decimal_place = 4

Evaluation Hyper Parameters:
eval_args = {'split': {'RS': [0.8, 0.1, 0.1]}, 'order': 'RO', 'group_by': 'user', 'mode': {'valid': 'full', 'test': 'full'}}
repeatable = False
metrics = ['Recall', 'NDCG', 'Precision', 'MAP']
topk = [1, 2, 3, 4, 5, 10, 20, 30, 50]
valid_metric = NDCG@10
valid_metric_bigger = True
eval_batch_size = 4096
metric_decimal_place = 4

Dataset Hyper Parameters:
field_separator = 	
seq_separator =  
USER_ID_FIELD = user_id
ITEM_ID_FIELD = item_id
RATING_FIELD = rating
TIME_FIELD = timestamp
seq_len = None
LABEL_FIELD = label
threshold = None
NEG_PREFIX = neg_
load_col = {'inter': ['user_id', 'item_id', 'rating'], 'user': ['user_id', 'post_num', 'follower', 'following', 'timestamp']}
unload_col = None
unused_col = None
additional_feat_suffix = None
rm_dup_inter = None
val_interval = {'rating': '[0,inf)'}
filter_inter_by_user_or_item = True
user_inter_num_interval = [0,inf)
item_inter_num_interval = [0,inf)
alias_of_user_id = None
alias_of_item_id = None
alias_of_entity_id = None
alias_of_relation_id = None
preload_weight = None
normalize_field = None
normalize_all = None
ITEM_LIST_LENGTH_FIELD = item_length
LIST_SUFFIX = _list
MAX_ITEM_LIST_LENGTH = 50
POSITION_FIELD = position_id
HEAD_ENTITY_ID_FIELD = head_id
TAIL_ENTITY_ID_FIELD = tail_id
RELATION_ID_FIELD = relation_id
ENTITY_ID_FIELD = entity_id
benchmark_filename = None

Other Hyper Parameters: 
worker = 0
wandb_project = recbole
shuffle = True
require_pow = False
enable_amp = False
enable_scaler = False
transform = None
numerical_features = []
discretization = None
kg_reverse_r = False
entity_kg_num_interval = [0,inf)
relation_kg_num_interval = [0,inf)
MODEL_TYPE = ModelType.GENERAL
embedding_size = 64
n_layers = 3
reg_weight = 0.0001
smt_latent_dim = 64
ssl_temp = 0.1
ssl_reg = 0.0
hyper_layers = 1
alpha = 1
potential_reg = 8e-08
semantic_reg = 8e-08
num_clusters = 10
m_step = 1
warm_up_step = 20
user_feature_path = features/roberta_user.npy
item_feature_path = features/roberta_item.npy
MODEL_INPUT_TYPE = InputType.PAIRWISE
eval_type = EvaluatorType.RANKING
single_spec = True
local_rank = 0
device = cuda
valid_neg_sample_args = {'distribution': 'uniform', 'sample_num': 'none'}
test_neg_sample_args = {'distribution': 'uniform', 'sample_num': 'none'}


Sun 15 Mar 2026 22:50:46 INFO  travel
The number of users: 2010
Average actions of users: 18.721254355400696
The number of items: 247
Average actions of items: 152.890243902439
The number of inters: 37611
The sparsity of the dataset: 92.42431566862047%
Remain Fields: ['user_id', 'item_id', 'rating', 'post_num', 'follower', 'following', 'timestamp']
Sun 15 Mar 2026 22:50:46 INFO  [Training]: train_batch_size = [4096] train_neg_sample_args: [{'distribution': 'uniform', 'sample_num': 1, 'alpha': 1.0, 'dynamic': False, 'candidate_num': 0}]
Sun 15 Mar 2026 22:50:46 INFO  [Evaluation]: eval_batch_size = [4096] eval_args: [{'split': {'RS': [0.8, 0.1, 0.1]}, 'order': 'RO', 'group_by': 'user', 'mode': {'valid': 'full', 'test': 'full'}}]
Sun 15 Mar 2026 22:50:47 INFO  SCL(
  (u_MLP): Linear(in_features=1024, out_features=64, bias=True)
  (i_MLP): Linear(in_features=1024, out_features=64, bias=True)
  (user_embedding): Embedding(2010, 64)
  (item_embedding): Embedding(247, 64)
  (mf_loss): BPRLoss()
  (reg_loss): EmbLoss()
)
Trainable parameters: 144448
Sun 15 Mar 2026 22:50:47 INFO  trainable parameters: 144448
Sun 15 Mar 2026 22:50:48 INFO  Running E-step ! 
Sun 15 Mar 2026 22:50:48 INFO  epoch 0 training [time: 0.51s, train_loss1: 5.5398, train_loss2: 0.0000, train_loss3: 0.0115]
Sun 15 Mar 2026 22:50:49 INFO  epoch 0 evaluating [time: 0.19s, valid_score: 0.198800]
Sun 15 Mar 2026 22:50:49 INFO  valid result: 
recall@1 : 0.0863    recall@2 : 0.1297    recall@3 : 0.1625    recall@4 : 0.1906    recall@5 : 0.2061    recall@10 : 0.2843    recall@20 : 0.3877    recall@30 : 0.4651    recall@50 : 0.5955    ndcg@1 : 0.14    ndcg@2 : 0.1476    ndcg@3 : 0.1572    ndcg@4 : 0.1665    ndcg@5 : 0.1716    ndcg@10 : 0.1988    ndcg@20 : 0.2298    ndcg@30 : 0.2502    ndcg@50 : 0.2799    precision@1 : 0.14    precision@2 : 0.1088    precision@3 : 0.0928    precision@4 : 0.083    precision@5 : 0.0738    precision@10 : 0.0536    precision@20 : 0.0388    precision@30 : 0.0321    precision@50 : 0.0251    map@1 : 0.14    map@2 : 0.1304    map@3 : 0.1312    map@4 : 0.1339    map@5 : 0.1352    map@10 : 0.1453    map@20 : 0.1544    map@30 : 0.1591    map@50 : 0.1647
Sun 15 Mar 2026 22:50:49 INFO  Saving current: saved/SCL-Mar-15-2026_22-50-47.pth
Sun 15 Mar 2026 22:50:49 INFO  Saving current best: saved/SCL-Mar-15-2026_22-50-47.pth
Sun 15 Mar 2026 22:50:49 INFO  Running E-step ! 
Sun 15 Mar 2026 22:50:49 INFO  epoch 1 training [time: 0.18s, train_loss1: 5.5234, train_loss2: 0.0000, train_loss3: 0.0113]
Sun 15 Mar 2026 22:50:49 INFO  epoch 1 evaluating [time: 0.15s, valid_score: 0.293900]
Sun 15 Mar 2026 22:50:49 INFO  valid result: 
recall@1 : 0.121    recall@2 : 0.1991    recall@3 : 0.2444    recall@4 : 0.2832    recall@5 : 0.3121    recall@10 : 0.433    recall@20 : 0.5532    recall@30 : 0.6299    recall@50 : 0.7296    ndcg@1 : 0.1859    ndcg@2 : 0.2113    ndcg@3 : 0.227    ndcg@4 : 0.2408    ndcg@5 : 0.2515    ndcg@10 : 0.2939    ndcg@20 : 0.3294    ndcg@30 : 0.3497    ndcg@50 : 0.3737    precision@1 : 0.1859    precision@2 : 0.1558    precision@3 : 0.1331    precision@4 : 0.1181    precision@5 : 0.107    precision@10 : 0.0774    precision@20 : 0.0518    precision@30 : 0.0408    precision@50 : 0.0299    map@1 : 0.1859    map@2 : 0.1873    map@3 : 0.1915    map@4 : 0.1964    map@5 : 0.2008    map@10 : 0.2178    map@20 : 0.2294    map@30 : 0.2346    map@50 : 0.2397
Sun 15 Mar 2026 22:50:49 INFO  Saving current: saved/SCL-Mar-15-2026_22-50-47.pth
Sun 15 Mar 2026 22:50:49 INFO  Saving current best: saved/SCL-Mar-15-2026_22-50-47.pth
Sun 15 Mar 2026 22:50:49 INFO  Running E-step ! 
Sun 15 Mar 2026 22:50:49 INFO  epoch 2 training [time: 0.18s, train_loss1: 5.4843, train_loss2: 0.0000, train_loss3: 0.0112]
Sun 15 Mar 2026 22:50:49 INFO  epoch 2 evaluating [time: 0.15s, valid_score: 0.299500]
Sun 15 Mar 2026 22:50:49 INFO  valid result: 
recall@1 : 0.1169    recall@2 : 0.2057    recall@3 : 0.2606    recall@4 : 0.2967    recall@5 : 0.3276    recall@10 : 0.4409    recall@20 : 0.574    recall@30 : 0.6456    recall@50 : 0.7591    ndcg@1 : 0.1847    ndcg@2 : 0.2171    ndcg@3 : 0.2364    ndcg@4 : 0.2483    ndcg@5 : 0.2597    ndcg@10 : 0.2995    ndcg@20 : 0.3387    ndcg@30 : 0.3579    ndcg@50 : 0.3849    precision@1 : 0.1847    precision@2 : 0.1639    precision@3 : 0.1414    precision@4 : 0.1228    precision@5 : 0.1111    precision@10 : 0.0781    precision@20 : 0.0535    precision@30 : 0.0418    precision@50 : 0.0309    map@1 : 0.1847    map@2 : 0.1904    map@3 : 0.1968    map@4 : 0.2006    map@5 : 0.2052    map@10 : 0.2214    map@20 : 0.2343    map@30 : 0.2392    map@50 : 0.2449
Sun 15 Mar 2026 22:50:49 INFO  Saving current: saved/SCL-Mar-15-2026_22-50-47.pth
Sun 15 Mar 2026 22:50:49 INFO  Saving current best: saved/SCL-Mar-15-2026_22-50-47.pth
Sun 15 Mar 2026 22:50:49 INFO  Running E-step ! 
Sun 15 Mar 2026 22:50:50 INFO  epoch 3 training [time: 0.18s, train_loss1: 5.4136, train_loss2: 0.0000, train_loss3: 0.0111]
Sun 15 Mar 2026 22:50:50 INFO  epoch 3 evaluating [time: 0.15s, valid_score: 0.300400]
Sun 15 Mar 2026 22:50:50 INFO  valid result: 
recall@1 : 0.1174    recall@2 : 0.2065    recall@3 : 0.2634    recall@4 : 0.3054    recall@5 : 0.3344    recall@10 : 0.4385    recall@20 : 0.5717    recall@30 : 0.661    recall@50 : 0.7653    ndcg@1 : 0.1847    ndcg@2 : 0.2181    ndcg@3 : 0.2382    ndcg@4 : 0.2527    ndcg@5 : 0.2632    ndcg@10 : 0.3004    ndcg@20 : 0.3398    ndcg@30 : 0.3632    ndcg@50 : 0.3881    precision@1 : 0.1847    precision@2 : 0.1651    precision@3 : 0.1428    precision@4 : 0.1256    precision@5 : 0.1125    precision@10 : 0.0783    precision@20 : 0.0536    precision@30 : 0.0429    precision@50 : 0.0311    map@1 : 0.1847    map@2 : 0.1913    map@3 : 0.1981    map@4 : 0.2035    map@5 : 0.2077    map@10 : 0.2231    map@20 : 0.2359    map@30 : 0.2419    map@50 : 0.2472
Sun 15 Mar 2026 22:50:50 INFO  Saving current: saved/SCL-Mar-15-2026_22-50-47.pth
Sun 15 Mar 2026 22:50:50 INFO  Saving current best: saved/SCL-Mar-15-2026_22-50-47.pth
Sun 15 Mar 2026 22:50:50 INFO  Running E-step ! 
Sun 15 Mar 2026 22:50:50 INFO  epoch 4 training [time: 0.18s, train_loss1: 5.3014, train_loss2: 0.0000, train_loss3: 0.0111]
Sun 15 Mar 2026 22:50:50 INFO  epoch 4 evaluating [time: 0.15s, valid_score: 0.302100]
Sun 15 Mar 2026 22:50:50 INFO  valid result: 
recall@1 : 0.1184    recall@2 : 0.2087    recall@3 : 0.2688    recall@4 : 0.3073    recall@5 : 0.3367    recall@10 : 0.4404    recall@20 : 0.5728    recall@30 : 0.6681    recall@50 : 0.7638    ndcg@1 : 0.1865    ndcg@2 : 0.2203    ndcg@3 : 0.2417    ndcg@4 : 0.2551    ndcg@5 : 0.2656    ndcg@10 : 0.3021    ndcg@20 : 0.3416    ndcg@30 : 0.3664    ndcg@50 : 0.3894    precision@1 : 0.1865    precision@2 : 0.1669    precision@3 : 0.1446    precision@4 : 0.1271    precision@5 : 0.1135    precision@10 : 0.0784    precision@20 : 0.0538    precision@30 : 0.0433    precision@50 : 0.031    map@1 : 0.1865    map@2 : 0.1932    map@3 : 0.201    map@4 : 0.2057    map@5 : 0.21    map@10 : 0.2248    map@20 : 0.2377    map@30 : 0.244    map@50 : 0.249
Sun 15 Mar 2026 22:50:50 INFO  Saving current: saved/SCL-Mar-15-2026_22-50-47.pth
Sun 15 Mar 2026 22:50:50 INFO  Saving current best: saved/SCL-Mar-15-2026_22-50-47.pth
Sun 15 Mar 2026 22:50:50 INFO  Running E-step ! 
Sun 15 Mar 2026 22:50:50 INFO  epoch 5 training [time: 0.18s, train_loss1: 5.1484, train_loss2: 0.0000, train_loss3: 0.0111]
Sun 15 Mar 2026 22:50:50 INFO  epoch 5 evaluating [time: 0.15s, valid_score: 0.303300]
Sun 15 Mar 2026 22:50:50 INFO  valid result: 
recall@1 : 0.1191    recall@2 : 0.2088    recall@3 : 0.2683    recall@4 : 0.305    recall@5 : 0.3385    recall@10 : 0.4431    recall@20 : 0.5749    recall@30 : 0.6668    recall@50 : 0.7649    ndcg@1 : 0.1877    ndcg@2 : 0.2203    ndcg@3 : 0.2417    ndcg@4 : 0.2543    ndcg@5 : 0.2662    ndcg@10 : 0.3033    ndcg@20 : 0.3425    ndcg@30 : 0.3665    ndcg@50 : 0.3901    precision@1 : 0.1877    precision@2 : 0.1663    precision@3 : 0.1444    precision@4 : 0.1266    precision@5 : 0.1135    precision@10 : 0.079    precision@20 : 0.0541    precision@30 : 0.0432    precision@50 : 0.0311    map@1 : 0.1877    map@2 : 0.1934    map@3 : 0.2013    map@4 : 0.2055    map@5 : 0.2104    map@10 : 0.2255    map@20 : 0.2382    map@30 : 0.2444    map@50 : 0.2495
Sun 15 Mar 2026 22:50:50 INFO  Saving current: saved/SCL-Mar-15-2026_22-50-47.pth
Sun 15 Mar 2026 22:50:50 INFO  Saving current best: saved/SCL-Mar-15-2026_22-50-47.pth
Sun 15 Mar 2026 22:50:50 INFO  Running E-step ! 
Sun 15 Mar 2026 22:50:51 INFO  epoch 6 training [time: 0.18s, train_loss1: 4.9574, train_loss2: 0.0000, train_loss3: 0.0111]
Sun 15 Mar 2026 22:50:51 INFO  epoch 6 evaluating [time: 0.15s, valid_score: 0.303100]
Sun 15 Mar 2026 22:50:51 INFO  valid result: 
recall@1 : 0.1184    recall@2 : 0.2089    recall@3 : 0.2676    recall@4 : 0.3063    recall@5 : 0.3373    recall@10 : 0.4433    recall@20 : 0.5757    recall@30 : 0.6663    recall@50 : 0.7637    ndcg@1 : 0.1865    ndcg@2 : 0.22    ndcg@3 : 0.241    ndcg@4 : 0.2547    ndcg@5 : 0.2655    ndcg@10 : 0.3031    ndcg@20 : 0.3423    ndcg@30 : 0.3661    ndcg@50 : 0.3896    precision@1 : 0.1865    precision@2 : 0.1663    precision@3 : 0.144    precision@4 : 0.1272    precision@5 : 0.1133    precision@10 : 0.0791    precision@20 : 0.0541    precision@30 : 0.0432    precision@50 : 0.0311    map@1 : 0.1865    map@2 : 0.1929    map@3 : 0.2006    map@4 : 0.2053    map@5 : 0.2098    map@10 : 0.2251    map@20 : 0.2378    map@30 : 0.2439    map@50 : 0.249
Sun 15 Mar 2026 22:50:51 INFO  Running E-step ! 
Sun 15 Mar 2026 22:50:51 INFO  epoch 7 training [time: 0.18s, train_loss1: 4.7370, train_loss2: 0.0000, train_loss3: 0.0111]
Sun 15 Mar 2026 22:50:51 INFO  epoch 7 evaluating [time: 0.15s, valid_score: 0.304100]
Sun 15 Mar 2026 22:50:51 INFO  valid result: 
recall@1 : 0.1226    recall@2 : 0.2089    recall@3 : 0.2683    recall@4 : 0.307    recall@5 : 0.3376    recall@10 : 0.4411    recall@20 : 0.5743    recall@30 : 0.6664    recall@50 : 0.7638    ndcg@1 : 0.1901    ndcg@2 : 0.2214    ndcg@3 : 0.2426    ndcg@4 : 0.2564    ndcg@5 : 0.2671    ndcg@10 : 0.3041    ndcg@20 : 0.3433    ndcg@30 : 0.3677    ndcg@50 : 0.3912    precision@1 : 0.1901    precision@2 : 0.1663    precision@3 : 0.1438    precision@4 : 0.1272    precision@5 : 0.1133    precision@10 : 0.079    precision@20 : 0.0538    precision@30 : 0.0432    precision@50 : 0.0311    map@1 : 0.1901    map@2 : 0.1949    map@3 : 0.2028    map@4 : 0.2075    map@5 : 0.2119    map@10 : 0.2271    map@20 : 0.2398    map@30 : 0.2461    map@50 : 0.2512
Sun 15 Mar 2026 22:50:51 INFO  Saving current: saved/SCL-Mar-15-2026_22-50-47.pth
Sun 15 Mar 2026 22:50:51 INFO  Saving current best: saved/SCL-Mar-15-2026_22-50-47.pth
Sun 15 Mar 2026 22:50:51 INFO  Running E-step ! 
Sun 15 Mar 2026 22:50:51 INFO  epoch 8 training [time: 0.18s, train_loss1: 4.5156, train_loss2: 0.0000, train_loss3: 0.0111]
Sun 15 Mar 2026 22:50:51 INFO  epoch 8 evaluating [time: 0.15s, valid_score: 0.305800]
Sun 15 Mar 2026 22:50:51 INFO  valid result: 
recall@1 : 0.1249    recall@2 : 0.2089    recall@3 : 0.2683    recall@4 : 0.3075    recall@5 : 0.3391    recall@10 : 0.4432    recall@20 : 0.5747    recall@30 : 0.6673    recall@50 : 0.7642    ndcg@1 : 0.1931    ndcg@2 : 0.2222    ndcg@3 : 0.2435    ndcg@4 : 0.2575    ndcg@5 : 0.2688    ndcg@10 : 0.3058    ndcg@20 : 0.3446    ndcg@30 : 0.369    ndcg@50 : 0.3924    precision@1 : 0.1931    precision@2 : 0.1663    precision@3 : 0.1438    precision@4 : 0.1274    precision@5 : 0.1142    precision@10 : 0.0791    precision@20 : 0.0539    precision@30 : 0.0433    precision@50 : 0.0311    map@1 : 0.1931    map@2 : 0.1959    map@3 : 0.2039    map@4 : 0.2087    map@5 : 0.2135    map@10 : 0.2287    map@20 : 0.2411    map@30 : 0.2475    map@50 : 0.2526
Sun 15 Mar 2026 22:50:51 INFO  Saving current: saved/SCL-Mar-15-2026_22-50-47.pth
Sun 15 Mar 2026 22:50:51 INFO  Saving current best: saved/SCL-Mar-15-2026_22-50-47.pth
Sun 15 Mar 2026 22:50:51 INFO  Running E-step ! 
Sun 15 Mar 2026 22:50:52 INFO  epoch 9 training [time: 0.19s, train_loss1: 4.3012, train_loss2: 0.0000, train_loss3: 0.0111]
Sun 15 Mar 2026 22:50:52 INFO  epoch 9 evaluating [time: 0.15s, valid_score: 0.306900]
Sun 15 Mar 2026 22:50:52 INFO  valid result: 
recall@1 : 0.1277    recall@2 : 0.2089    recall@3 : 0.2683    recall@4 : 0.3071    recall@5 : 0.3395    recall@10 : 0.4435    recall@20 : 0.5761    recall@30 : 0.6678    recall@50 : 0.7636    ndcg@1 : 0.1961    ndcg@2 : 0.2233    ndcg@3 : 0.2447    ndcg@4 : 0.2583    ndcg@5 : 0.27    ndcg@10 : 0.3069    ndcg@20 : 0.3462    ndcg@30 : 0.3703    ndcg@50 : 0.3934    precision@1 : 0.1961    precision@2 : 0.1663    precision@3 : 0.144    precision@4 : 0.1271    precision@5 : 0.1143    precision@10 : 0.0791    precision@20 : 0.0542    precision@30 : 0.0433    precision@50 : 0.0311    map@1 : 0.1961    map@2 : 0.1973    map@3 : 0.2055    map@4 : 0.21    map@5 : 0.2151    map@10 : 0.2302    map@20 : 0.2428    map@30 : 0.249    map@50 : 0.254
Sun 15 Mar 2026 22:50:52 INFO  Saving current: saved/SCL-Mar-15-2026_22-50-47.pth
Sun 15 Mar 2026 22:50:52 INFO  Saving current best: saved/SCL-Mar-15-2026_22-50-47.pth
Sun 15 Mar 2026 22:50:52 INFO  Running E-step ! 
Sun 15 Mar 2026 22:50:52 INFO  epoch 10 training [time: 0.17s, train_loss1: 4.0808, train_loss2: 0.0000, train_loss3: 0.0111]
Sun 15 Mar 2026 22:50:52 INFO  epoch 10 evaluating [time: 0.15s, valid_score: 0.308100]
Sun 15 Mar 2026 22:50:52 INFO  valid result: 
recall@1 : 0.1304    recall@2 : 0.2086    recall@3 : 0.2683    recall@4 : 0.3071    recall@5 : 0.3393    recall@10 : 0.4443    recall@20 : 0.5761    recall@30 : 0.6677    recall@50 : 0.7634    ndcg@1 : 0.199    ndcg@2 : 0.224    ndcg@3 : 0.2457    ndcg@4 : 0.2593    ndcg@5 : 0.2709    ndcg@10 : 0.3081    ndcg@20 : 0.3471    ndcg@30 : 0.3713    ndcg@50 : 0.3944    precision@1 : 0.199    precision@2 : 0.166    precision@3 : 0.144    precision@4 : 0.1271    precision@5 : 0.1142    precision@10 : 0.0791    precision@20 : 0.0541    precision@30 : 0.0434    precision@50 : 0.0311    map@1 : 0.199    map@2 : 0.1985    map@3 : 0.2068    map@4 : 0.2113    map@5 : 0.2163    map@10 : 0.2316    map@20 : 0.2441    map@30 : 0.2504    map@50 : 0.2553
Sun 15 Mar 2026 22:50:52 INFO  Saving current: saved/SCL-Mar-15-2026_22-50-47.pth
Sun 15 Mar 2026 22:50:52 INFO  Saving current best: saved/SCL-Mar-15-2026_22-50-47.pth
Sun 15 Mar 2026 22:50:52 INFO  Running E-step ! 
Sun 15 Mar 2026 22:50:52 INFO  epoch 11 training [time: 0.18s, train_loss1: 3.8990, train_loss2: 0.0000, train_loss3: 0.0111]
Sun 15 Mar 2026 22:50:52 INFO  epoch 11 evaluating [time: 0.15s, valid_score: 0.308700]
Sun 15 Mar 2026 22:50:52 INFO  valid result: 
recall@1 : 0.131    recall@2 : 0.2086    recall@3 : 0.2683    recall@4 : 0.3073    recall@5 : 0.3394    recall@10 : 0.4453    recall@20 : 0.576    recall@30 : 0.6677    recall@50 : 0.7631    ndcg@1 : 0.1996    ndcg@2 : 0.2243    ndcg@3 : 0.2458    ndcg@4 : 0.2596    ndcg@5 : 0.2712    ndcg@10 : 0.3087    ndcg@20 : 0.3473    ndcg@30 : 0.3716    ndcg@50 : 0.3946    precision@1 : 0.1996    precision@2 : 0.166    precision@3 : 0.1438    precision@4 : 0.1272    precision@5 : 0.1143    precision@10 : 0.0793    precision@20 : 0.0541    precision@30 : 0.0434    precision@50 : 0.0311    map@1 : 0.1996    map@2 : 0.1987    map@3 : 0.207    map@4 : 0.2117    map@5 : 0.2166    map@10 : 0.232    map@20 : 0.2444    map@30 : 0.2507    map@50 : 0.2557
Sun 15 Mar 2026 22:50:52 INFO  Saving current: saved/SCL-Mar-15-2026_22-50-47.pth
Sun 15 Mar 2026 22:50:52 INFO  Saving current best: saved/SCL-Mar-15-2026_22-50-47.pth
Sun 15 Mar 2026 22:50:52 INFO  Running E-step ! 
Sun 15 Mar 2026 22:50:53 INFO  epoch 12 training [time: 0.17s, train_loss1: 3.7391, train_loss2: 0.0000, train_loss3: 0.0111]
Sun 15 Mar 2026 22:50:53 INFO  epoch 12 evaluating [time: 0.15s, valid_score: 0.308600]
Sun 15 Mar 2026 22:50:53 INFO  valid result: 
recall@1 : 0.131    recall@2 : 0.2086    recall@3 : 0.2683    recall@4 : 0.3067    recall@5 : 0.3394    recall@10 : 0.4453    recall@20 : 0.5761    recall@30 : 0.6677    recall@50 : 0.7636    ndcg@1 : 0.1996    ndcg@2 : 0.2243    ndcg@3 : 0.2458    ndcg@4 : 0.2594    ndcg@5 : 0.2712    ndcg@10 : 0.3086    ndcg@20 : 0.3474    ndcg@30 : 0.3715    ndcg@50 : 0.3947    precision@1 : 0.1996    precision@2 : 0.166    precision@3 : 0.1438    precision@4 : 0.1271    precision@5 : 0.1143    precision@10 : 0.0793    precision@20 : 0.0542    precision@30 : 0.0434    precision@50 : 0.0311    map@1 : 0.1996    map@2 : 0.1987    map@3 : 0.207    map@4 : 0.2115    map@5 : 0.2166    map@10 : 0.2319    map@20 : 0.2444    map@30 : 0.2507    map@50 : 0.2557
Sun 15 Mar 2026 22:50:53 INFO  Running E-step ! 
Sun 15 Mar 2026 22:50:53 INFO  epoch 13 training [time: 0.17s, train_loss1: 3.5999, train_loss2: 0.0000, train_loss3: 0.0111]
Sun 15 Mar 2026 22:50:53 INFO  epoch 13 evaluating [time: 0.15s, valid_score: 0.308800]
Sun 15 Mar 2026 22:50:53 INFO  valid result: 
recall@1 : 0.131    recall@2 : 0.2085    recall@3 : 0.2683    recall@4 : 0.3067    recall@5 : 0.3394    recall@10 : 0.4457    recall@20 : 0.5761    recall@30 : 0.6684    recall@50 : 0.7633    ndcg@1 : 0.1996    ndcg@2 : 0.224    ndcg@3 : 0.2457    ndcg@4 : 0.2593    ndcg@5 : 0.2712    ndcg@10 : 0.3088    ndcg@20 : 0.3473    ndcg@30 : 0.3717    ndcg@50 : 0.3946    precision@1 : 0.1996    precision@2 : 0.1657    precision@3 : 0.1438    precision@4 : 0.1271    precision@5 : 0.1143    precision@10 : 0.0794    precision@20 : 0.0542    precision@30 : 0.0435    precision@50 : 0.0311    map@1 : 0.1996    map@2 : 0.1986    map@3 : 0.207    map@4 : 0.2115    map@5 : 0.2166    map@10 : 0.232    map@20 : 0.2444    map@30 : 0.2508    map@50 : 0.2557
Sun 15 Mar 2026 22:50:53 INFO  Saving current: saved/SCL-Mar-15-2026_22-50-47.pth
Sun 15 Mar 2026 22:50:53 INFO  Saving current best: saved/SCL-Mar-15-2026_22-50-47.pth
Sun 15 Mar 2026 22:50:53 INFO  Running E-step ! 
Sun 15 Mar 2026 22:50:53 INFO  epoch 14 training [time: 0.17s, train_loss1: 3.5132, train_loss2: 0.0000, train_loss3: 0.0111]
Sun 15 Mar 2026 22:50:53 INFO  epoch 14 evaluating [time: 0.15s, valid_score: 0.308700]
Sun 15 Mar 2026 22:50:53 INFO  valid result: 
recall@1 : 0.131    recall@2 : 0.2086    recall@3 : 0.2683    recall@4 : 0.3065    recall@5 : 0.3394    recall@10 : 0.4454    recall@20 : 0.5758    recall@30 : 0.6681    recall@50 : 0.7633    ndcg@1 : 0.1996    ndcg@2 : 0.2243    ndcg@3 : 0.2458    ndcg@4 : 0.2593    ndcg@5 : 0.2712    ndcg@10 : 0.3087    ndcg@20 : 0.3473    ndcg@30 : 0.3717    ndcg@50 : 0.3947    precision@1 : 0.1996    precision@2 : 0.166    precision@3 : 0.1438    precision@4 : 0.1269    precision@5 : 0.1143    precision@10 : 0.0793    precision@20 : 0.0541    precision@30 : 0.0435    precision@50 : 0.0311    map@1 : 0.1996    map@2 : 0.1987    map@3 : 0.207    map@4 : 0.2115    map@5 : 0.2166    map@10 : 0.232    map@20 : 0.2444    map@30 : 0.2508    map@50 : 0.2557
Sun 15 Mar 2026 22:50:53 INFO  Running E-step ! 
Sun 15 Mar 2026 22:50:54 INFO  epoch 15 training [time: 0.17s, train_loss1: 3.4875, train_loss2: 0.0000, train_loss3: 0.0111]
Sun 15 Mar 2026 22:50:54 INFO  epoch 15 evaluating [time: 0.15s, valid_score: 0.308800]
Sun 15 Mar 2026 22:50:54 INFO  valid result: 
recall@1 : 0.1311    recall@2 : 0.2086    recall@3 : 0.2685    recall@4 : 0.3071    recall@5 : 0.3396    recall@10 : 0.4454    recall@20 : 0.5757    recall@30 : 0.6686    recall@50 : 0.7625    ndcg@1 : 0.2002    ndcg@2 : 0.2244    ndcg@3 : 0.2459    ndcg@4 : 0.2596    ndcg@5 : 0.2713    ndcg@10 : 0.3088    ndcg@20 : 0.3473    ndcg@30 : 0.372    ndcg@50 : 0.3946    precision@1 : 0.2002    precision@2 : 0.166    precision@3 : 0.1438    precision@4 : 0.1271    precision@5 : 0.1143    precision@10 : 0.0792    precision@20 : 0.0541    precision@30 : 0.0436    precision@50 : 0.0311    map@1 : 0.2002    map@2 : 0.1989    map@3 : 0.207    map@4 : 0.2117    map@5 : 0.2167    map@10 : 0.2321    map@20 : 0.2444    map@30 : 0.2509    map@50 : 0.2558
Sun 15 Mar 2026 22:50:54 INFO  Saving current: saved/SCL-Mar-15-2026_22-50-47.pth
Sun 15 Mar 2026 22:50:54 INFO  Saving current best: saved/SCL-Mar-15-2026_22-50-47.pth
Sun 15 Mar 2026 22:50:54 INFO  Running E-step ! 
Sun 15 Mar 2026 22:50:54 INFO  epoch 16 training [time: 0.17s, train_loss1: 3.3980, train_loss2: 0.0000, train_loss3: 0.0111]
Sun 15 Mar 2026 22:50:54 INFO  epoch 16 evaluating [time: 0.15s, valid_score: 0.309000]
Sun 15 Mar 2026 22:50:54 INFO  valid result: 
recall@1 : 0.1311    recall@2 : 0.2086    recall@3 : 0.2686    recall@4 : 0.3076    recall@5 : 0.3396    recall@10 : 0.446    recall@20 : 0.5758    recall@30 : 0.6682    recall@50 : 0.7625    ndcg@1 : 0.2002    ndcg@2 : 0.2244    ndcg@3 : 0.2461    ndcg@4 : 0.26    ndcg@5 : 0.2714    ndcg@10 : 0.309    ndcg@20 : 0.3474    ndcg@30 : 0.3719    ndcg@50 : 0.3947    precision@1 : 0.2002    precision@2 : 0.166    precision@3 : 0.144    precision@4 : 0.1275    precision@5 : 0.1143    precision@10 : 0.0793    precision@20 : 0.0541    precision@30 : 0.0435    precision@50 : 0.0311    map@1 : 0.2002    map@2 : 0.1989    map@3 : 0.2071    map@4 : 0.2119    map@5 : 0.2168    map@10 : 0.2322    map@20 : 0.2445    map@30 : 0.251    map@50 : 0.2559
Sun 15 Mar 2026 22:50:54 INFO  Saving current: saved/SCL-Mar-15-2026_22-50-47.pth
Sun 15 Mar 2026 22:50:54 INFO  Saving current best: saved/SCL-Mar-15-2026_22-50-47.pth
Sun 15 Mar 2026 22:50:54 INFO  Running E-step ! 
Sun 15 Mar 2026 22:50:54 INFO  epoch 17 training [time: 0.19s, train_loss1: 3.3513, train_loss2: 0.0000, train_loss3: 0.0111]
Sun 15 Mar 2026 22:50:55 INFO  epoch 17 evaluating [time: 0.15s, valid_score: 0.309100]
Sun 15 Mar 2026 22:50:55 INFO  valid result: 
recall@1 : 0.1311    recall@2 : 0.2089    recall@3 : 0.2688    recall@4 : 0.3076    recall@5 : 0.3393    recall@10 : 0.4461    recall@20 : 0.5759    recall@30 : 0.6683    recall@50 : 0.7621    ndcg@1 : 0.2002    ndcg@2 : 0.2246    ndcg@3 : 0.2463    ndcg@4 : 0.26    ndcg@5 : 0.2713    ndcg@10 : 0.3091    ndcg@20 : 0.3476    ndcg@30 : 0.3719    ndcg@50 : 0.3946    precision@1 : 0.2002    precision@2 : 0.1663    precision@3 : 0.1442    precision@4 : 0.1275    precision@5 : 0.1141    precision@10 : 0.0794    precision@20 : 0.0542    precision@30 : 0.0435    precision@50 : 0.0311    map@1 : 0.2002    map@2 : 0.199    map@3 : 0.2072    map@4 : 0.212    map@5 : 0.2168    map@10 : 0.2323    map@20 : 0.2446    map@30 : 0.251    map@50 : 0.2559
Sun 15 Mar 2026 22:50:55 INFO  Saving current: saved/SCL-Mar-15-2026_22-50-47.pth
Sun 15 Mar 2026 22:50:55 INFO  Saving current best: saved/SCL-Mar-15-2026_22-50-47.pth
Sun 15 Mar 2026 22:50:55 INFO  Running E-step ! 
Sun 15 Mar 2026 22:50:55 INFO  epoch 18 training [time: 0.18s, train_loss1: 3.3330, train_loss2: 0.0000, train_loss3: 0.0111]
Sun 15 Mar 2026 22:50:55 INFO  epoch 18 evaluating [time: 0.15s, valid_score: 0.309200]
Sun 15 Mar 2026 22:50:55 INFO  valid result: 
recall@1 : 0.1311    recall@2 : 0.2089    recall@3 : 0.269    recall@4 : 0.3078    recall@5 : 0.3392    recall@10 : 0.4461    recall@20 : 0.5762    recall@30 : 0.6679    recall@50 : 0.7625    ndcg@1 : 0.2002    ndcg@2 : 0.2246    ndcg@3 : 0.2464    ndcg@4 : 0.2604    ndcg@5 : 0.2714    ndcg@10 : 0.3092    ndcg@20 : 0.3478    ndcg@30 : 0.3718    ndcg@50 : 0.3948    precision@1 : 0.2002    precision@2 : 0.1663    precision@3 : 0.1444    precision@4 : 0.128    precision@5 : 0.1142    precision@10 : 0.0795    precision@20 : 0.0542    precision@30 : 0.0434    precision@50 : 0.0311    map@1 : 0.2002    map@2 : 0.199    map@3 : 0.2073    map@4 : 0.2121    map@5 : 0.2169    map@10 : 0.2324    map@20 : 0.2448    map@30 : 0.251    map@50 : 0.256
Sun 15 Mar 2026 22:50:55 INFO  Saving current: saved/SCL-Mar-15-2026_22-50-47.pth
Sun 15 Mar 2026 22:50:55 INFO  Saving current best: saved/SCL-Mar-15-2026_22-50-47.pth
Sun 15 Mar 2026 22:50:55 INFO  Running E-step ! 
Sun 15 Mar 2026 22:50:55 INFO  epoch 19 training [time: 0.17s, train_loss1: 3.2880, train_loss2: 0.0000, train_loss3: 0.0111]
Sun 15 Mar 2026 22:50:55 INFO  epoch 19 evaluating [time: 0.15s, valid_score: 0.309100]
Sun 15 Mar 2026 22:50:55 INFO  valid result: 
recall@1 : 0.1311    recall@2 : 0.2086    recall@3 : 0.269    recall@4 : 0.308    recall@5 : 0.3393    recall@10 : 0.446    recall@20 : 0.5766    recall@30 : 0.6693    recall@50 : 0.7625    ndcg@1 : 0.2002    ndcg@2 : 0.2244    ndcg@3 : 0.2463    ndcg@4 : 0.2604    ndcg@5 : 0.2714    ndcg@10 : 0.3091    ndcg@20 : 0.3478    ndcg@30 : 0.3721    ndcg@50 : 0.3947    precision@1 : 0.2002    precision@2 : 0.166    precision@3 : 0.1444    precision@4 : 0.1281    precision@5 : 0.1143    precision@10 : 0.0794    precision@20 : 0.0542    precision@30 : 0.0435    precision@50 : 0.0311    map@1 : 0.2002    map@2 : 0.1989    map@3 : 0.2072    map@4 : 0.2122    map@5 : 0.2169    map@10 : 0.2323    map@20 : 0.2448    map@30 : 0.251    map@50 : 0.256
Sun 15 Mar 2026 22:50:55 INFO  Running E-step ! 
Sun 15 Mar 2026 22:50:55 INFO  epoch 20 training [time: 0.19s, train_loss1: 3.3002, train_loss2: 0.0000, train_loss3: 0.0111, train_loss4: 0.0095]
Sun 15 Mar 2026 22:50:56 INFO  epoch 20 evaluating [time: 0.15s, valid_score: 0.309000]
Sun 15 Mar 2026 22:50:56 INFO  valid result: 
recall@1 : 0.1311    recall@2 : 0.2086    recall@3 : 0.2688    recall@4 : 0.308    recall@5 : 0.3388    recall@10 : 0.446    recall@20 : 0.5767    recall@30 : 0.6695    recall@50 : 0.7618    ndcg@1 : 0.2002    ndcg@2 : 0.2244    ndcg@3 : 0.2462    ndcg@4 : 0.2604    ndcg@5 : 0.2711    ndcg@10 : 0.309    ndcg@20 : 0.3478    ndcg@30 : 0.372    ndcg@50 : 0.3945    precision@1 : 0.2002    precision@2 : 0.166    precision@3 : 0.1442    precision@4 : 0.1281    precision@5 : 0.1139    precision@10 : 0.0793    precision@20 : 0.0543    precision@30 : 0.0436    precision@50 : 0.0311    map@1 : 0.2002    map@2 : 0.1989    map@3 : 0.2072    map@4 : 0.2121    map@5 : 0.2167    map@10 : 0.2322    map@20 : 0.2447    map@30 : 0.2509    map@50 : 0.2559
Sun 15 Mar 2026 22:50:56 INFO  Running E-step ! 
Sun 15 Mar 2026 22:50:56 INFO  epoch 21 training [time: 0.19s, train_loss1: 3.2744, train_loss2: 0.0000, train_loss3: 0.0111, train_loss4: 0.0094]
Sun 15 Mar 2026 22:50:56 INFO  epoch 21 evaluating [time: 0.15s, valid_score: 0.308800]
Sun 15 Mar 2026 22:50:56 INFO  valid result: 
recall@1 : 0.1311    recall@2 : 0.2085    recall@3 : 0.2687    recall@4 : 0.3072    recall@5 : 0.3386    recall@10 : 0.4454    recall@20 : 0.577    recall@30 : 0.6652    recall@50 : 0.762    ndcg@1 : 0.2002    ndcg@2 : 0.2242    ndcg@3 : 0.2462    ndcg@4 : 0.2599    ndcg@5 : 0.271    ndcg@10 : 0.3088    ndcg@20 : 0.3478    ndcg@30 : 0.371    ndcg@50 : 0.3944    precision@1 : 0.2002    precision@2 : 0.1657    precision@3 : 0.1442    precision@4 : 0.1277    precision@5 : 0.1139    precision@10 : 0.0793    precision@20 : 0.0544    precision@30 : 0.0434    precision@50 : 0.0312    map@1 : 0.2002    map@2 : 0.1987    map@3 : 0.2071    map@4 : 0.2119    map@5 : 0.2166    map@10 : 0.2321    map@20 : 0.2446    map@30 : 0.2507    map@50 : 0.2558
Sun 15 Mar 2026 22:50:56 INFO  Running E-step ! 
Sun 15 Mar 2026 22:50:56 INFO  epoch 22 training [time: 0.19s, train_loss1: 3.2679, train_loss2: 0.0000, train_loss3: 0.0111, train_loss4: 0.0093]
Sun 15 Mar 2026 22:50:56 INFO  epoch 22 evaluating [time: 0.15s, valid_score: 0.309300]
Sun 15 Mar 2026 22:50:56 INFO  valid result: 
recall@1 : 0.1311    recall@2 : 0.2086    recall@3 : 0.2687    recall@4 : 0.3069    recall@5 : 0.3388    recall@10 : 0.4468    recall@20 : 0.5782    recall@30 : 0.6552    recall@50 : 0.7629    ndcg@1 : 0.2002    ndcg@2 : 0.2246    ndcg@3 : 0.2462    ndcg@4 : 0.2599    ndcg@5 : 0.2711    ndcg@10 : 0.3093    ndcg@20 : 0.3482    ndcg@30 : 0.3691    ndcg@50 : 0.3946    precision@1 : 0.2002    precision@2 : 0.1663    precision@3 : 0.1442    precision@4 : 0.1277    precision@5 : 0.1139    precision@10 : 0.0795    precision@20 : 0.0544    precision@30 : 0.0431    precision@50 : 0.0312    map@1 : 0.2002    map@2 : 0.199    map@3 : 0.2072    map@4 : 0.2118    map@5 : 0.2166    map@10 : 0.2323    map@20 : 0.2448    map@30 : 0.2504    map@50 : 0.2558
Sun 15 Mar 2026 22:50:56 INFO  Saving current: saved/SCL-Mar-15-2026_22-50-47.pth
Sun 15 Mar 2026 22:50:56 INFO  Saving current best: saved/SCL-Mar-15-2026_22-50-47.pth
Sun 15 Mar 2026 22:50:56 INFO  Running E-step ! 
Sun 15 Mar 2026 22:50:56 INFO  epoch 23 training [time: 0.18s, train_loss1: 3.2445, train_loss2: 0.0000, train_loss3: 0.0111, train_loss4: 0.0093]
Sun 15 Mar 2026 22:50:57 INFO  epoch 23 evaluating [time: 0.15s, valid_score: 0.309300]
Sun 15 Mar 2026 22:50:57 INFO  valid result: 
recall@1 : 0.1311    recall@2 : 0.2086    recall@3 : 0.2689    recall@4 : 0.3069    recall@5 : 0.3387    recall@10 : 0.4468    recall@20 : 0.5789    recall@30 : 0.6556    recall@50 : 0.7618    ndcg@1 : 0.2002    ndcg@2 : 0.2246    ndcg@3 : 0.2464    ndcg@4 : 0.26    ndcg@5 : 0.271    ndcg@10 : 0.3093    ndcg@20 : 0.3484    ndcg@30 : 0.3692    ndcg@50 : 0.3944    precision@1 : 0.2002    precision@2 : 0.1663    precision@3 : 0.1444    precision@4 : 0.1277    precision@5 : 0.1138    precision@10 : 0.0795    precision@20 : 0.0545    precision@30 : 0.0431    precision@50 : 0.0311    map@1 : 0.2002    map@2 : 0.199    map@3 : 0.2073    map@4 : 0.2119    map@5 : 0.2166    map@10 : 0.2324    map@20 : 0.2449    map@30 : 0.2505    map@50 : 0.2559
Sun 15 Mar 2026 22:50:57 INFO  Saving current: saved/SCL-Mar-15-2026_22-50-47.pth
Sun 15 Mar 2026 22:50:57 INFO  Saving current best: saved/SCL-Mar-15-2026_22-50-47.pth
Sun 15 Mar 2026 22:50:57 INFO  Running E-step ! 
Sun 15 Mar 2026 22:50:57 INFO  epoch 24 training [time: 0.19s, train_loss1: 3.2402, train_loss2: 0.0000, train_loss3: 0.0111, train_loss4: 0.0094]
Sun 15 Mar 2026 22:50:57 INFO  epoch 24 evaluating [time: 0.15s, valid_score: 0.308900]
Sun 15 Mar 2026 22:50:57 INFO  valid result: 
recall@1 : 0.1311    recall@2 : 0.2086    recall@3 : 0.268    recall@4 : 0.3061    recall@5 : 0.3384    recall@10 : 0.4462    recall@20 : 0.5776    recall@30 : 0.6548    recall@50 : 0.7593    ndcg@1 : 0.2002    ndcg@2 : 0.2246    ndcg@3 : 0.2458    ndcg@4 : 0.2594    ndcg@5 : 0.2709    ndcg@10 : 0.3089    ndcg@20 : 0.3478    ndcg@30 : 0.3688    ndcg@50 : 0.3938    precision@1 : 0.2002    precision@2 : 0.1663    precision@3 : 0.1438    precision@4 : 0.1272    precision@5 : 0.1139    precision@10 : 0.0794    precision@20 : 0.0544    precision@30 : 0.0431    precision@50 : 0.0311    map@1 : 0.2002    map@2 : 0.199    map@3 : 0.2069    map@4 : 0.2115    map@5 : 0.2165    map@10 : 0.2321    map@20 : 0.2446    map@30 : 0.2502    map@50 : 0.2556
Sun 15 Mar 2026 22:50:57 INFO  Running E-step ! 
Sun 15 Mar 2026 22:50:57 INFO  epoch 25 training [time: 0.19s, train_loss1: 3.2434, train_loss2: 0.0000, train_loss3: 0.0110, train_loss4: 0.0093]
Sun 15 Mar 2026 22:50:57 INFO  epoch 25 evaluating [time: 0.15s, valid_score: 0.308800]
Sun 15 Mar 2026 22:50:57 INFO  valid result: 
recall@1 : 0.131    recall@2 : 0.2086    recall@3 : 0.2677    recall@4 : 0.3063    recall@5 : 0.3381    recall@10 : 0.4462    recall@20 : 0.5775    recall@30 : 0.6539    recall@50 : 0.7582    ndcg@1 : 0.1996    ndcg@2 : 0.2245    ndcg@3 : 0.2457    ndcg@4 : 0.2594    ndcg@5 : 0.2706    ndcg@10 : 0.3088    ndcg@20 : 0.3477    ndcg@30 : 0.3685    ndcg@50 : 0.3935    precision@1 : 0.1996    precision@2 : 0.1663    precision@3 : 0.1438    precision@4 : 0.1274    precision@5 : 0.1138    precision@10 : 0.0794    precision@20 : 0.0544    precision@30 : 0.0429    precision@50 : 0.0311    map@1 : 0.1996    map@2 : 0.1989    map@3 : 0.2069    map@4 : 0.2115    map@5 : 0.2163    map@10 : 0.2321    map@20 : 0.2445    map@30 : 0.2501    map@50 : 0.2555
Sun 15 Mar 2026 22:50:57 INFO  Running E-step ! 
Sun 15 Mar 2026 22:50:57 INFO  epoch 26 training [time: 0.18s, train_loss1: 3.2562, train_loss2: 0.0000, train_loss3: 0.0110, train_loss4: 0.0093]
Sun 15 Mar 2026 22:50:58 INFO  epoch 26 evaluating [time: 0.15s, valid_score: 0.309000]
Sun 15 Mar 2026 22:50:58 INFO  valid result: 
recall@1 : 0.1311    recall@2 : 0.2086    recall@3 : 0.268    recall@4 : 0.3061    recall@5 : 0.3384    recall@10 : 0.4463    recall@20 : 0.5776    recall@30 : 0.6535    recall@50 : 0.7567    ndcg@1 : 0.2002    ndcg@2 : 0.2246    ndcg@3 : 0.2458    ndcg@4 : 0.2594    ndcg@5 : 0.2709    ndcg@10 : 0.309    ndcg@20 : 0.3479    ndcg@30 : 0.3685    ndcg@50 : 0.3933    precision@1 : 0.2002    precision@2 : 0.1663    precision@3 : 0.1438    precision@4 : 0.1272    precision@5 : 0.1141    precision@10 : 0.0795    precision@20 : 0.0544    precision@30 : 0.043    precision@50 : 0.0311    map@1 : 0.2002    map@2 : 0.199    map@3 : 0.2069    map@4 : 0.2115    map@5 : 0.2165    map@10 : 0.2322    map@20 : 0.2446    map@30 : 0.2502    map@50 : 0.2556
Sun 15 Mar 2026 22:50:58 INFO  Running E-step ! 
Sun 15 Mar 2026 22:50:58 INFO  epoch 27 training [time: 0.19s, train_loss1: 3.2468, train_loss2: 0.0000, train_loss3: 0.0110, train_loss4: 0.0093]
Sun 15 Mar 2026 22:50:58 INFO  epoch 27 evaluating [time: 0.15s, valid_score: 0.309100]
Sun 15 Mar 2026 22:50:58 INFO  valid result: 
recall@1 : 0.1311    recall@2 : 0.2086    recall@3 : 0.2684    recall@4 : 0.3063    recall@5 : 0.3382    recall@10 : 0.4461    recall@20 : 0.5771    recall@30 : 0.6538    recall@50 : 0.7573    ndcg@1 : 0.2002    ndcg@2 : 0.2246    ndcg@3 : 0.2462    ndcg@4 : 0.2597    ndcg@5 : 0.2709    ndcg@10 : 0.3091    ndcg@20 : 0.3478    ndcg@30 : 0.3686    ndcg@50 : 0.3934    precision@1 : 0.2002    precision@2 : 0.1663    precision@3 : 0.1444    precision@4 : 0.1275    precision@5 : 0.1139    precision@10 : 0.0796    precision@20 : 0.0544    precision@30 : 0.043    precision@50 : 0.0311    map@1 : 0.2002    map@2 : 0.199    map@3 : 0.2071    map@4 : 0.2117    map@5 : 0.2165    map@10 : 0.2323    map@20 : 0.2447    map@30 : 0.2503    map@50 : 0.2556
Sun 15 Mar 2026 22:50:58 INFO  Running E-step ! 
Sun 15 Mar 2026 22:50:58 INFO  epoch 28 training [time: 0.18s, train_loss1: 3.2053, train_loss2: 0.0000, train_loss3: 0.0110, train_loss4: 0.0093]
Sun 15 Mar 2026 22:50:58 INFO  epoch 28 evaluating [time: 0.15s, valid_score: 0.308600]
Sun 15 Mar 2026 22:50:58 INFO  valid result: 
recall@1 : 0.1311    recall@2 : 0.2086    recall@3 : 0.2684    recall@4 : 0.3063    recall@5 : 0.3382    recall@10 : 0.4448    recall@20 : 0.5772    recall@30 : 0.6534    recall@50 : 0.7567    ndcg@1 : 0.2002    ndcg@2 : 0.2246    ndcg@3 : 0.2462    ndcg@4 : 0.2597    ndcg@5 : 0.2709    ndcg@10 : 0.3086    ndcg@20 : 0.3478    ndcg@30 : 0.3686    ndcg@50 : 0.3934    precision@1 : 0.2002    precision@2 : 0.1663    precision@3 : 0.1444    precision@4 : 0.1275    precision@5 : 0.1139    precision@10 : 0.0794    precision@20 : 0.0544    precision@30 : 0.043    precision@50 : 0.0311    map@1 : 0.2002    map@2 : 0.199    map@3 : 0.2071    map@4 : 0.2117    map@5 : 0.2165    map@10 : 0.2321    map@20 : 0.2447    map@30 : 0.2503    map@50 : 0.2556
Sun 15 Mar 2026 22:50:58 INFO  Running E-step ! 
Sun 15 Mar 2026 22:50:59 INFO  epoch 29 training [time: 0.19s, train_loss1: 3.1927, train_loss2: 0.0000, train_loss3: 0.0110, train_loss4: 0.0092]
Sun 15 Mar 2026 22:50:59 INFO  epoch 29 evaluating [time: 0.15s, valid_score: 0.308500]
Sun 15 Mar 2026 22:50:59 INFO  valid result: 
recall@1 : 0.1311    recall@2 : 0.2086    recall@3 : 0.2684    recall@4 : 0.3063    recall@5 : 0.3383    recall@10 : 0.4444    recall@20 : 0.5773    recall@30 : 0.654    recall@50 : 0.7562    ndcg@1 : 0.2002    ndcg@2 : 0.2246    ndcg@3 : 0.2462    ndcg@4 : 0.2597    ndcg@5 : 0.271    ndcg@10 : 0.3085    ndcg@20 : 0.3479    ndcg@30 : 0.3687    ndcg@50 : 0.3933    precision@1 : 0.2002    precision@2 : 0.1663    precision@3 : 0.1444    precision@4 : 0.1275    precision@5 : 0.1141    precision@10 : 0.0794    precision@20 : 0.0544    precision@30 : 0.043    precision@50 : 0.0311    map@1 : 0.2002    map@2 : 0.199    map@3 : 0.2071    map@4 : 0.2117    map@5 : 0.2166    map@10 : 0.2321    map@20 : 0.2448    map@30 : 0.2504    map@50 : 0.2557
Sun 15 Mar 2026 22:50:59 INFO  Running E-step ! 
Sun 15 Mar 2026 22:50:59 INFO  epoch 30 training [time: 0.19s, train_loss1: 3.2268, train_loss2: 0.0000, train_loss3: 0.0110, train_loss4: 0.0092]
Sun 15 Mar 2026 22:50:59 INFO  epoch 30 evaluating [time: 0.15s, valid_score: 0.308700]
Sun 15 Mar 2026 22:50:59 INFO  valid result: 
recall@1 : 0.1311    recall@2 : 0.2086    recall@3 : 0.2684    recall@4 : 0.3063    recall@5 : 0.3383    recall@10 : 0.4449    recall@20 : 0.5774    recall@30 : 0.6542    recall@50 : 0.7565    ndcg@1 : 0.2002    ndcg@2 : 0.2246    ndcg@3 : 0.2462    ndcg@4 : 0.2597    ndcg@5 : 0.271    ndcg@10 : 0.3087    ndcg@20 : 0.348    ndcg@30 : 0.3689    ndcg@50 : 0.3934    precision@1 : 0.2002    precision@2 : 0.1663    precision@3 : 0.1444    precision@4 : 0.1275    precision@5 : 0.1141    precision@10 : 0.0794    precision@20 : 0.0545    precision@30 : 0.043    precision@50 : 0.0311    map@1 : 0.2002    map@2 : 0.199    map@3 : 0.2071    map@4 : 0.2117    map@5 : 0.2166    map@10 : 0.2322    map@20 : 0.2449    map@30 : 0.2505    map@50 : 0.2557
Sun 15 Mar 2026 22:50:59 INFO  Running E-step ! 
Sun 15 Mar 2026 22:50:59 INFO  epoch 31 training [time: 0.18s, train_loss1: 3.1822, train_loss2: 0.0000, train_loss3: 0.0110, train_loss4: 0.0092]
Sun 15 Mar 2026 22:50:59 INFO  epoch 31 evaluating [time: 0.15s, valid_score: 0.308600]
Sun 15 Mar 2026 22:50:59 INFO  valid result: 
recall@1 : 0.1311    recall@2 : 0.2086    recall@3 : 0.2683    recall@4 : 0.3063    recall@5 : 0.3383    recall@10 : 0.4449    recall@20 : 0.5774    recall@30 : 0.6539    recall@50 : 0.7566    ndcg@1 : 0.2002    ndcg@2 : 0.2246    ndcg@3 : 0.2461    ndcg@4 : 0.2597    ndcg@5 : 0.2711    ndcg@10 : 0.3086    ndcg@20 : 0.348    ndcg@30 : 0.3687    ndcg@50 : 0.3934    precision@1 : 0.2002    precision@2 : 0.1663    precision@3 : 0.1442    precision@4 : 0.1275    precision@5 : 0.1142    precision@10 : 0.0794    precision@20 : 0.0545    precision@30 : 0.043    precision@50 : 0.0311    map@1 : 0.2002    map@2 : 0.199    map@3 : 0.2071    map@4 : 0.2117    map@5 : 0.2167    map@10 : 0.2322    map@20 : 0.2449    map@30 : 0.2505    map@50 : 0.2557
Sun 15 Mar 2026 22:50:59 INFO  Running E-step ! 
Sun 15 Mar 2026 22:51:00 INFO  epoch 32 training [time: 0.20s, train_loss1: 3.2195, train_loss2: 0.0000, train_loss3: 0.0110, train_loss4: 0.0092]
Sun 15 Mar 2026 22:51:00 INFO  epoch 32 evaluating [time: 0.15s, valid_score: 0.308200]
Sun 15 Mar 2026 22:51:00 INFO  valid result: 
recall@1 : 0.1311    recall@2 : 0.2086    recall@3 : 0.2684    recall@4 : 0.3063    recall@5 : 0.3383    recall@10 : 0.4437    recall@20 : 0.575    recall@30 : 0.6541    recall@50 : 0.7575    ndcg@1 : 0.2002    ndcg@2 : 0.2246    ndcg@3 : 0.2462    ndcg@4 : 0.2597    ndcg@5 : 0.2711    ndcg@10 : 0.3082    ndcg@20 : 0.3475    ndcg@30 : 0.3688    ndcg@50 : 0.3935    precision@1 : 0.2002    precision@2 : 0.1663    precision@3 : 0.1444    precision@4 : 0.1275    precision@5 : 0.1142    precision@10 : 0.0791    precision@20 : 0.0543    precision@30 : 0.0429    precision@50 : 0.0311    map@1 : 0.2002    map@2 : 0.199    map@3 : 0.2071    map@4 : 0.2117    map@5 : 0.2167    map@10 : 0.2321    map@20 : 0.2447    map@30 : 0.2504    map@50 : 0.2558
Sun 15 Mar 2026 22:51:00 INFO  Running E-step ! 
Sun 15 Mar 2026 22:51:00 INFO  epoch 33 training [time: 0.19s, train_loss1: 3.1703, train_loss2: 0.0000, train_loss3: 0.0110, train_loss4: 0.0092]
Sun 15 Mar 2026 22:51:00 INFO  epoch 33 evaluating [time: 0.15s, valid_score: 0.308200]
Sun 15 Mar 2026 22:51:00 INFO  valid result: 
recall@1 : 0.1311    recall@2 : 0.2086    recall@3 : 0.2684    recall@4 : 0.3063    recall@5 : 0.3383    recall@10 : 0.4437    recall@20 : 0.5755    recall@30 : 0.6546    recall@50 : 0.7565    ndcg@1 : 0.2002    ndcg@2 : 0.2246    ndcg@3 : 0.2462    ndcg@4 : 0.2597    ndcg@5 : 0.2711    ndcg@10 : 0.3082    ndcg@20 : 0.3476    ndcg@30 : 0.3689    ndcg@50 : 0.3933    precision@1 : 0.2002    precision@2 : 0.1663    precision@3 : 0.1444    precision@4 : 0.1275    precision@5 : 0.1142    precision@10 : 0.0791    precision@20 : 0.0544    precision@30 : 0.0429    precision@50 : 0.0311    map@1 : 0.2002    map@2 : 0.199    map@3 : 0.2071    map@4 : 0.2117    map@5 : 0.2167    map@10 : 0.232    map@20 : 0.2448    map@30 : 0.2505    map@50 : 0.2558
Sun 15 Mar 2026 22:51:00 INFO  Running E-step ! 
Sun 15 Mar 2026 22:51:00 INFO  epoch 34 training [time: 0.18s, train_loss1: 3.2154, train_loss2: 0.0000, train_loss3: 0.0110, train_loss4: 0.0091]
Sun 15 Mar 2026 22:51:00 INFO  epoch 34 evaluating [time: 0.15s, valid_score: 0.308200]
Sun 15 Mar 2026 22:51:00 INFO  valid result: 
recall@1 : 0.1311    recall@2 : 0.2086    recall@3 : 0.2684    recall@4 : 0.3063    recall@5 : 0.3383    recall@10 : 0.4437    recall@20 : 0.5761    recall@30 : 0.6552    recall@50 : 0.7561    ndcg@1 : 0.2002    ndcg@2 : 0.2246    ndcg@3 : 0.2462    ndcg@4 : 0.2597    ndcg@5 : 0.2711    ndcg@10 : 0.3082    ndcg@20 : 0.3478    ndcg@30 : 0.3691    ndcg@50 : 0.3933    precision@1 : 0.2002    precision@2 : 0.1663    precision@3 : 0.1444    precision@4 : 0.1275    precision@5 : 0.1142    precision@10 : 0.0791    precision@20 : 0.0545    precision@30 : 0.043    precision@50 : 0.0311    map@1 : 0.2002    map@2 : 0.199    map@3 : 0.2071    map@4 : 0.2117    map@5 : 0.2167    map@10 : 0.232    map@20 : 0.2449    map@30 : 0.2506    map@50 : 0.2558
Sun 15 Mar 2026 22:51:00 INFO  Finished training, best eval result in epoch 23
Sun 15 Mar 2026 22:51:00 INFO  Loading model structure and parameters from saved/SCL-Mar-15-2026_22-50-47.pth
Sun 15 Mar 2026 22:51:01 INFO  best valid : OrderedDict([('recall@1', 0.1311), ('recall@2', 0.2086), ('recall@3', 0.2689), ('recall@4', 0.3069), ('recall@5', 0.3387), ('recall@10', 0.4468), ('recall@20', 0.5789), ('recall@30', 0.6556), ('recall@50', 0.7618), ('ndcg@1', 0.2002), ('ndcg@2', 0.2246), ('ndcg@3', 0.2464), ('ndcg@4', 0.26), ('ndcg@5', 0.271), ('ndcg@10', 0.3093), ('ndcg@20', 0.3484), ('ndcg@30', 0.3692), ('ndcg@50', 0.3944), ('precision@1', 0.2002), ('precision@2', 0.1663), ('precision@3', 0.1444), ('precision@4', 0.1277), ('precision@5', 0.1138), ('precision@10', 0.0795), ('precision@20', 0.0545), ('precision@30', 0.0431), ('precision@50', 0.0311), ('map@1', 0.2002), ('map@2', 0.199), ('map@3', 0.2073), ('map@4', 0.2119), ('map@5', 0.2166), ('map@10', 0.2324), ('map@20', 0.2449), ('map@30', 0.2505), ('map@50', 0.2559)])
Sun 15 Mar 2026 22:51:01 INFO  test result: OrderedDict([('recall@1', 0.1313), ('recall@2', 0.2295), ('recall@3', 0.2815), ('recall@4', 0.32), ('recall@5', 0.3479), ('recall@10', 0.4768), ('recall@20', 0.6119), ('recall@30', 0.6814), ('recall@50', 0.7716), ('ndcg@1', 0.2262), ('ndcg@2', 0.2514), ('ndcg@3', 0.2656), ('ndcg@4', 0.277), ('ndcg@5', 0.2859), ('ndcg@10', 0.3293), ('ndcg@20', 0.3677), ('ndcg@30', 0.3861), ('ndcg@50', 0.4075), ('precision@1', 0.2262), ('precision@2', 0.1899), ('precision@3', 0.1594), ('precision@4', 0.138), ('precision@5', 0.1222), ('precision@10', 0.0871), ('precision@20', 0.0575), ('precision@30', 0.0439), ('precision@50', 0.0308), ('map@1', 0.2262), ('map@2', 0.2225), ('map@3', 0.2239), ('map@4', 0.2264), ('map@5', 0.2295), ('map@10', 0.2464), ('map@20', 0.2584), ('map@30', 0.2635), ('map@50', 0.2682)])
Sun 15 Mar 2026 22:51:01 INFO  training time: 12.5861s
Sun 15 Mar 2026 22:51:01 INFO  result file: results/again2/scl_wo_struct_seed2027.json
