Sun 15 Mar 2026 11:29:18 INFO  
General Hyper Parameters:
gpu_id = 0
use_gpu = True
seed = 2028
state = INFO
reproducibility = True
data_path = ./travel
checkpoint_dir = saved
show_progress = True
save_dataset = False
dataset_save_path = None
save_dataloaders = False
dataloaders_save_path = None
log_wandb = False

Training Hyper Parameters:
epochs = 1000
train_batch_size = 4096
learner = adam
learning_rate = 0.001
train_neg_sample_args = {'distribution': 'uniform', 'sample_num': 1, 'alpha': 1.0, 'dynamic': False, 'candidate_num': 0}
eval_step = 1
stopping_step = 20
clip_grad_norm = None
weight_decay = 0.0
loss_decimal_place = 4

Evaluation Hyper Parameters:
eval_args = {'split': {'RS': [0.8, 0.1, 0.1]}, 'order': 'RO', 'group_by': 'user', 'mode': {'valid': 'full', 'test': 'full'}}
repeatable = False
metrics = ['Recall', 'NDCG', 'Precision', 'MAP']
topk = [1, 2, 3, 4, 5, 10, 20, 30, 50]
valid_metric = NDCG@10
valid_metric_bigger = True
eval_batch_size = 4096
metric_decimal_place = 4

Dataset Hyper Parameters:
field_separator = 	
seq_separator =  
USER_ID_FIELD = user_id
ITEM_ID_FIELD = item_id
RATING_FIELD = rating
TIME_FIELD = timestamp
seq_len = None
LABEL_FIELD = label
threshold = None
NEG_PREFIX = neg_
load_col = {'inter': ['user_id', 'item_id', 'rating'], 'user': ['user_id', 'post_num', 'follower', 'following', 'timestamp']}
unload_col = None
unused_col = None
additional_feat_suffix = None
rm_dup_inter = None
val_interval = {'rating': '[0,inf)'}
filter_inter_by_user_or_item = True
user_inter_num_interval = [0,inf)
item_inter_num_interval = [0,inf)
alias_of_user_id = None
alias_of_item_id = None
alias_of_entity_id = None
alias_of_relation_id = None
preload_weight = None
normalize_field = None
normalize_all = None
ITEM_LIST_LENGTH_FIELD = item_length
LIST_SUFFIX = _list
MAX_ITEM_LIST_LENGTH = 50
POSITION_FIELD = position_id
HEAD_ENTITY_ID_FIELD = head_id
TAIL_ENTITY_ID_FIELD = tail_id
RELATION_ID_FIELD = relation_id
ENTITY_ID_FIELD = entity_id
benchmark_filename = None

Other Hyper Parameters: 
worker = 0
wandb_project = recbole
shuffle = True
require_pow = False
enable_amp = False
enable_scaler = False
transform = None
numerical_features = []
discretization = None
kg_reverse_r = False
entity_kg_num_interval = [0,inf)
relation_kg_num_interval = [0,inf)
MODEL_TYPE = ModelType.GENERAL
embedding_size = 64
n_layers = 3
reg_weight = 0.0001
ssl_temp = 0.1
ssl_reg = 1e-07
hyper_layers = 1
alpha = 1
proto_reg = 8e-08
num_clusters = 10
m_step = 1
warm_up_step = 20
user_feature_path = features/roberta_user.npy
item_feature_path = features/roberta_item.npy
MODEL_INPUT_TYPE = InputType.PAIRWISE
eval_type = EvaluatorType.RANKING
single_spec = True
local_rank = 0
device = cuda
valid_neg_sample_args = {'distribution': 'uniform', 'sample_num': 'none'}
test_neg_sample_args = {'distribution': 'uniform', 'sample_num': 'none'}


Sun 15 Mar 2026 11:29:18 INFO  travel
The number of users: 2010
Average actions of users: 18.721254355400696
The number of items: 247
Average actions of items: 152.890243902439
The number of inters: 37611
The sparsity of the dataset: 92.42431566862047%
Remain Fields: ['user_id', 'item_id', 'rating', 'post_num', 'follower', 'following', 'timestamp']
Sun 15 Mar 2026 11:29:18 INFO  [Training]: train_batch_size = [4096] train_neg_sample_args: [{'distribution': 'uniform', 'sample_num': 1, 'alpha': 1.0, 'dynamic': False, 'candidate_num': 0}]
Sun 15 Mar 2026 11:29:18 INFO  [Evaluation]: eval_batch_size = [4096] eval_args: [{'split': {'RS': [0.8, 0.1, 0.1]}, 'order': 'RO', 'group_by': 'user', 'mode': {'valid': 'full', 'test': 'full'}}]
Sun 15 Mar 2026 11:29:20 INFO  SCL(
  (u_MLP): Linear(in_features=1024, out_features=64, bias=True)
  (i_MLP): Linear(in_features=1024, out_features=64, bias=True)
  (user_embedding): Embedding(2010, 64)
  (item_embedding): Embedding(247, 64)
  (mf_loss): BPRLoss()
  (reg_loss): EmbLoss()
)
Trainable parameters: 275648
Sun 15 Mar 2026 11:29:20 INFO  trainable parameters: 275648
Sun 15 Mar 2026 11:29:21 INFO  Running E-step ! 
Sun 15 Mar 2026 11:29:21 INFO  epoch 0 training [time: 0.57s, train_loss1: 5.5426, train_loss2: 0.0201, train_loss3: 0.0117]
Sun 15 Mar 2026 11:29:22 INFO  epoch 0 evaluating [time: 0.39s, valid_score: 0.036300]
Sun 15 Mar 2026 11:29:22 INFO  valid result: 
recall@1 : 0.0082    recall@2 : 0.0154    recall@3 : 0.0204    recall@4 : 0.0266    recall@5 : 0.0322    recall@10 : 0.064    recall@20 : 0.1096    recall@30 : 0.1576    recall@50 : 0.2373    ndcg@1 : 0.0155    ndcg@2 : 0.018    ndcg@3 : 0.02    ndcg@4 : 0.0225    ndcg@5 : 0.0246    ndcg@10 : 0.0363    ndcg@20 : 0.0499    ndcg@30 : 0.0625    ndcg@50 : 0.0811    precision@1 : 0.0155    precision@2 : 0.014    precision@3 : 0.0135    precision@4 : 0.0136    precision@5 : 0.013    precision@10 : 0.0139    precision@20 : 0.0125    precision@30 : 0.0121    precision@50 : 0.0112    map@1 : 0.0155    map@2 : 0.0155    map@3 : 0.0156    map@4 : 0.0164    map@5 : 0.0172    map@10 : 0.0211    map@20 : 0.0244    map@30 : 0.0267    map@50 : 0.0295
Sun 15 Mar 2026 11:29:22 INFO  Saving current: saved/SCL-Mar-15-2026_11-29-20.pth
Sun 15 Mar 2026 11:29:22 INFO  Saving current best: saved/SCL-Mar-15-2026_11-29-20.pth
Sun 15 Mar 2026 11:29:22 INFO  Running E-step ! 
Sun 15 Mar 2026 11:29:22 INFO  epoch 1 training [time: 0.24s, train_loss1: 5.5426, train_loss2: 0.0151, train_loss3: 0.0115]
Sun 15 Mar 2026 11:29:22 INFO  epoch 1 evaluating [time: 0.33s, valid_score: 0.036300]
Sun 15 Mar 2026 11:29:22 INFO  valid result: 
recall@1 : 0.0088    recall@2 : 0.0158    recall@3 : 0.0191    recall@4 : 0.0273    recall@5 : 0.0342    recall@10 : 0.0638    recall@20 : 0.1083    recall@30 : 0.1583    recall@50 : 0.2334    ndcg@1 : 0.0161    ndcg@2 : 0.0189    ndcg@3 : 0.0194    ndcg@4 : 0.0231    ndcg@5 : 0.0257    ndcg@10 : 0.0363    ndcg@20 : 0.0497    ndcg@30 : 0.0626    ndcg@50 : 0.0803    precision@1 : 0.0161    precision@2 : 0.0149    precision@3 : 0.0129    precision@4 : 0.0142    precision@5 : 0.0139    precision@10 : 0.0135    precision@20 : 0.012    precision@30 : 0.0119    precision@50 : 0.011    map@1 : 0.0161    map@2 : 0.0162    map@3 : 0.0154    map@4 : 0.0169    map@5 : 0.0179    map@10 : 0.0214    map@20 : 0.0246    map@30 : 0.027    map@50 : 0.0295
Sun 15 Mar 2026 11:29:22 INFO  Saving current: saved/SCL-Mar-15-2026_11-29-20.pth
Sun 15 Mar 2026 11:29:22 INFO  Saving current best: saved/SCL-Mar-15-2026_11-29-20.pth
Sun 15 Mar 2026 11:29:22 INFO  Running E-step ! 
Sun 15 Mar 2026 11:29:23 INFO  epoch 2 training [time: 0.22s, train_loss1: 5.5421, train_loss2: 0.0131, train_loss3: 0.0114]
Sun 15 Mar 2026 11:29:23 INFO  epoch 2 evaluating [time: 0.33s, valid_score: 0.038800]
Sun 15 Mar 2026 11:29:23 INFO  valid result: 
recall@1 : 0.0099    recall@2 : 0.0152    recall@3 : 0.0211    recall@4 : 0.0273    recall@5 : 0.0348    recall@10 : 0.0679    recall@20 : 0.1131    recall@30 : 0.1589    recall@50 : 0.2388    ndcg@1 : 0.0197    ndcg@2 : 0.0199    ndcg@3 : 0.0216    ndcg@4 : 0.0241    ndcg@5 : 0.0271    ndcg@10 : 0.0388    ndcg@20 : 0.0525    ndcg@30 : 0.0645    ndcg@50 : 0.0834    precision@1 : 0.0197    precision@2 : 0.0158    precision@3 : 0.0147    precision@4 : 0.0146    precision@5 : 0.0147    precision@10 : 0.0141    precision@20 : 0.0125    precision@30 : 0.012    precision@50 : 0.0113    map@1 : 0.0197    map@2 : 0.017    map@3 : 0.0168    map@4 : 0.0176    map@5 : 0.0187    map@10 : 0.0229    map@20 : 0.0261    map@30 : 0.0284    map@50 : 0.0311
Sun 15 Mar 2026 11:29:23 INFO  Saving current: saved/SCL-Mar-15-2026_11-29-20.pth
Sun 15 Mar 2026 11:29:23 INFO  Saving current best: saved/SCL-Mar-15-2026_11-29-20.pth
Sun 15 Mar 2026 11:29:23 INFO  Running E-step ! 
Sun 15 Mar 2026 11:29:23 INFO  epoch 3 training [time: 0.41s, train_loss1: 5.5415, train_loss2: 0.0115, train_loss3: 0.0113]
Sun 15 Mar 2026 11:29:24 INFO  epoch 3 evaluating [time: 0.32s, valid_score: 0.042400]
Sun 15 Mar 2026 11:29:24 INFO  valid result: 
recall@1 : 0.0111    recall@2 : 0.0155    recall@3 : 0.0217    recall@4 : 0.03    recall@5 : 0.0372    recall@10 : 0.0745    recall@20 : 0.1206    recall@30 : 0.1658    recall@50 : 0.2524    ndcg@1 : 0.0232    ndcg@2 : 0.0217    ndcg@3 : 0.024    ndcg@4 : 0.0267    ndcg@5 : 0.0293    ndcg@10 : 0.0424    ndcg@20 : 0.0562    ndcg@30 : 0.0683    ndcg@50 : 0.0882    precision@1 : 0.0232    precision@2 : 0.0173    precision@3 : 0.0171    precision@4 : 0.0162    precision@5 : 0.0157    precision@10 : 0.0154    precision@20 : 0.0133    precision@30 : 0.0126    precision@50 : 0.0117    map@1 : 0.0232    map@2 : 0.0186    map@3 : 0.0185    map@4 : 0.0192    map@5 : 0.0202    map@10 : 0.0248    map@20 : 0.028    map@30 : 0.0303    map@50 : 0.0332
Sun 15 Mar 2026 11:29:24 INFO  Saving current: saved/SCL-Mar-15-2026_11-29-20.pth
Sun 15 Mar 2026 11:29:24 INFO  Saving current best: saved/SCL-Mar-15-2026_11-29-20.pth
Sun 15 Mar 2026 11:29:24 INFO  Running E-step ! 
Sun 15 Mar 2026 11:29:24 INFO  epoch 4 training [time: 0.18s, train_loss1: 5.5408, train_loss2: 0.0102, train_loss3: 0.0111]
Sun 15 Mar 2026 11:29:24 INFO  epoch 4 evaluating [time: 0.22s, valid_score: 0.044700]
Sun 15 Mar 2026 11:29:24 INFO  valid result: 
recall@1 : 0.0118    recall@2 : 0.0154    recall@3 : 0.0248    recall@4 : 0.0351    recall@5 : 0.0428    recall@10 : 0.0772    recall@20 : 0.1238    recall@30 : 0.171    recall@50 : 0.2602    ndcg@1 : 0.0256    ndcg@2 : 0.0226    ndcg@3 : 0.0263    ndcg@4 : 0.0301    ndcg@5 : 0.0328    ndcg@10 : 0.0447    ndcg@20 : 0.0587    ndcg@30 : 0.0713    ndcg@50 : 0.0917    precision@1 : 0.0256    precision@2 : 0.0179    precision@3 : 0.0189    precision@4 : 0.0188    precision@5 : 0.018    precision@10 : 0.0161    precision@20 : 0.0136    precision@30 : 0.013    precision@50 : 0.012    map@1 : 0.0256    map@2 : 0.0194    map@3 : 0.0201    map@4 : 0.0213    map@5 : 0.0222    map@10 : 0.0263    map@20 : 0.0296    map@30 : 0.032    map@50 : 0.035
Sun 15 Mar 2026 11:29:24 INFO  Saving current: saved/SCL-Mar-15-2026_11-29-20.pth
Sun 15 Mar 2026 11:29:24 INFO  Saving current best: saved/SCL-Mar-15-2026_11-29-20.pth
Sun 15 Mar 2026 11:29:24 INFO  Running E-step ! 
Sun 15 Mar 2026 11:29:24 INFO  epoch 5 training [time: 0.21s, train_loss1: 5.5400, train_loss2: 0.0092, train_loss3: 0.0110]
Sun 15 Mar 2026 11:29:25 INFO  epoch 5 evaluating [time: 0.30s, valid_score: 0.047500]
Sun 15 Mar 2026 11:29:25 INFO  valid result: 
recall@1 : 0.0128    recall@2 : 0.0197    recall@3 : 0.0304    recall@4 : 0.0382    recall@5 : 0.0448    recall@10 : 0.0792    recall@20 : 0.1313    recall@30 : 0.1771    recall@50 : 0.2631    ndcg@1 : 0.0268    ndcg@2 : 0.0261    ndcg@3 : 0.0305    ndcg@4 : 0.0333    ndcg@5 : 0.0356    ndcg@10 : 0.0475    ndcg@20 : 0.0628    ndcg@30 : 0.075    ndcg@50 : 0.095    precision@1 : 0.0268    precision@2 : 0.0209    precision@3 : 0.0215    precision@4 : 0.0206    precision@5 : 0.0194    precision@10 : 0.0169    precision@20 : 0.0144    precision@30 : 0.0134    precision@50 : 0.0123    map@1 : 0.0268    map@2 : 0.0222    map@3 : 0.0232    map@4 : 0.0239    map@5 : 0.0247    map@10 : 0.0286    map@20 : 0.0323    map@30 : 0.0346    map@50 : 0.0377
Sun 15 Mar 2026 11:29:25 INFO  Saving current: saved/SCL-Mar-15-2026_11-29-20.pth
Sun 15 Mar 2026 11:29:25 INFO  Saving current best: saved/SCL-Mar-15-2026_11-29-20.pth
Sun 15 Mar 2026 11:29:25 INFO  Running E-step ! 
Sun 15 Mar 2026 11:29:25 INFO  epoch 6 training [time: 0.22s, train_loss1: 5.5391, train_loss2: 0.0083, train_loss3: 0.0110]
Sun 15 Mar 2026 11:29:25 INFO  epoch 6 evaluating [time: 0.32s, valid_score: 0.051200]
Sun 15 Mar 2026 11:29:25 INFO  valid result: 
recall@1 : 0.0159    recall@2 : 0.0226    recall@3 : 0.0311    recall@4 : 0.0407    recall@5 : 0.0477    recall@10 : 0.0832    recall@20 : 0.136    recall@30 : 0.1824    recall@50 : 0.2717    ndcg@1 : 0.0304    ndcg@2 : 0.0301    ndcg@3 : 0.033    ndcg@4 : 0.0368    ndcg@5 : 0.0391    ndcg@10 : 0.0512    ndcg@20 : 0.0668    ndcg@30 : 0.0793    ndcg@50 : 0.0998    precision@1 : 0.0304    precision@2 : 0.0241    precision@3 : 0.0228    precision@4 : 0.0226    precision@5 : 0.0212    precision@10 : 0.0178    precision@20 : 0.015    precision@30 : 0.014    precision@50 : 0.0127    map@1 : 0.0304    map@2 : 0.0256    map@3 : 0.0256    map@4 : 0.0269    map@5 : 0.0276    map@10 : 0.0317    map@20 : 0.0354    map@30 : 0.0378    map@50 : 0.041
Sun 15 Mar 2026 11:29:25 INFO  Saving current: saved/SCL-Mar-15-2026_11-29-20.pth
Sun 15 Mar 2026 11:29:25 INFO  Saving current best: saved/SCL-Mar-15-2026_11-29-20.pth
Sun 15 Mar 2026 11:29:25 INFO  Running E-step ! 
Sun 15 Mar 2026 11:29:26 INFO  epoch 7 training [time: 0.23s, train_loss1: 5.5379, train_loss2: 0.0075, train_loss3: 0.0109]
Sun 15 Mar 2026 11:29:26 INFO  epoch 7 evaluating [time: 0.31s, valid_score: 0.053100]
Sun 15 Mar 2026 11:29:26 INFO  valid result: 
recall@1 : 0.0163    recall@2 : 0.0247    recall@3 : 0.0353    recall@4 : 0.045    recall@5 : 0.0502    recall@10 : 0.0833    recall@20 : 0.1445    recall@30 : 0.1896    recall@50 : 0.2774    ndcg@1 : 0.034    ndcg@2 : 0.034    ndcg@3 : 0.0368    ndcg@4 : 0.0402    ndcg@5 : 0.0418    ndcg@10 : 0.0531    ndcg@20 : 0.0713    ndcg@30 : 0.0832    ndcg@50 : 0.1039    precision@1 : 0.034    precision@2 : 0.028    precision@3 : 0.0256    precision@4 : 0.0246    precision@5 : 0.0223    precision@10 : 0.0185    precision@20 : 0.0162    precision@30 : 0.0145    precision@50 : 0.0131    map@1 : 0.034    map@2 : 0.0286    map@3 : 0.0283    map@4 : 0.0292    map@5 : 0.0295    map@10 : 0.0331    map@20 : 0.0376    map@30 : 0.04    map@50 : 0.0432
Sun 15 Mar 2026 11:29:26 INFO  Saving current: saved/SCL-Mar-15-2026_11-29-20.pth
Sun 15 Mar 2026 11:29:26 INFO  Saving current best: saved/SCL-Mar-15-2026_11-29-20.pth
Sun 15 Mar 2026 11:29:26 INFO  Running E-step ! 
Sun 15 Mar 2026 11:29:26 INFO  epoch 8 training [time: 0.23s, train_loss1: 5.5365, train_loss2: 0.0070, train_loss3: 0.0108]
Sun 15 Mar 2026 11:29:26 INFO  epoch 8 evaluating [time: 0.34s, valid_score: 0.056900]
Sun 15 Mar 2026 11:29:26 INFO  valid result: 
recall@1 : 0.0166    recall@2 : 0.0265    recall@3 : 0.0376    recall@4 : 0.0471    recall@5 : 0.0545    recall@10 : 0.0897    recall@20 : 0.1528    recall@30 : 0.2002    recall@50 : 0.2886    ndcg@1 : 0.0358    ndcg@2 : 0.0364    ndcg@3 : 0.0388    ndcg@4 : 0.0425    ndcg@5 : 0.045    ndcg@10 : 0.0569    ndcg@20 : 0.0759    ndcg@30 : 0.0884    ndcg@50 : 0.1089    precision@1 : 0.0358    precision@2 : 0.0304    precision@3 : 0.027    precision@4 : 0.0264    precision@5 : 0.0247    precision@10 : 0.02    precision@20 : 0.0175    precision@30 : 0.0155    precision@50 : 0.0136    map@1 : 0.0358    map@2 : 0.0304    map@3 : 0.0298    map@4 : 0.0307    map@5 : 0.0314    map@10 : 0.0352    map@20 : 0.0401    map@30 : 0.0427    map@50 : 0.0458
Sun 15 Mar 2026 11:29:26 INFO  Saving current: saved/SCL-Mar-15-2026_11-29-20.pth
Sun 15 Mar 2026 11:29:26 INFO  Saving current best: saved/SCL-Mar-15-2026_11-29-20.pth
Sun 15 Mar 2026 11:29:26 INFO  Running E-step ! 
Sun 15 Mar 2026 11:29:27 INFO  epoch 9 training [time: 0.24s, train_loss1: 5.5349, train_loss2: 0.0066, train_loss3: 0.0107]
Sun 15 Mar 2026 11:29:27 INFO  epoch 9 evaluating [time: 0.34s, valid_score: 0.063300]
Sun 15 Mar 2026 11:29:27 INFO  valid result: 
recall@1 : 0.0177    recall@2 : 0.0326    recall@3 : 0.0438    recall@4 : 0.0526    recall@5 : 0.0626    recall@10 : 0.0973    recall@20 : 0.1617    recall@30 : 0.2139    recall@50 : 0.2988    ndcg@1 : 0.0393    ndcg@2 : 0.0422    ndcg@3 : 0.0448    ndcg@4 : 0.0477    ndcg@5 : 0.0513    ndcg@10 : 0.0633    ndcg@20 : 0.0827    ndcg@30 : 0.0963    ndcg@50 : 0.1161    precision@1 : 0.0393    precision@2 : 0.0355    precision@3 : 0.0318    precision@4 : 0.0295    precision@5 : 0.0284    precision@10 : 0.0224    precision@20 : 0.0188    precision@30 : 0.0167    precision@50 : 0.0142    map@1 : 0.0393    map@2 : 0.0352    map@3 : 0.0342    map@4 : 0.0346    map@5 : 0.0356    map@10 : 0.0395    map@20 : 0.0446    map@30 : 0.0475    map@50 : 0.0506
Sun 15 Mar 2026 11:29:27 INFO  Saving current: saved/SCL-Mar-15-2026_11-29-20.pth
Sun 15 Mar 2026 11:29:27 INFO  Saving current best: saved/SCL-Mar-15-2026_11-29-20.pth
Sun 15 Mar 2026 11:29:27 INFO  Running E-step ! 
Sun 15 Mar 2026 11:29:27 INFO  epoch 10 training [time: 0.22s, train_loss1: 5.5329, train_loss2: 0.0063, train_loss3: 0.0107]
Sun 15 Mar 2026 11:29:28 INFO  epoch 10 evaluating [time: 0.32s, valid_score: 0.072800]
Sun 15 Mar 2026 11:29:28 INFO  valid result: 
recall@1 : 0.0213    recall@2 : 0.0368    recall@3 : 0.0496    recall@4 : 0.0612    recall@5 : 0.0718    recall@10 : 0.1114    recall@20 : 0.1742    recall@30 : 0.2282    recall@50 : 0.3194    ndcg@1 : 0.0447    ndcg@2 : 0.0481    ndcg@3 : 0.0514    ndcg@4 : 0.0553    ndcg@5 : 0.0588    ndcg@10 : 0.0728    ndcg@20 : 0.0915    ndcg@30 : 0.1058    ndcg@50 : 0.127    precision@1 : 0.0447    precision@2 : 0.0402    precision@3 : 0.0366    precision@4 : 0.0341    precision@5 : 0.0319    precision@10 : 0.0258    precision@20 : 0.0203    precision@30 : 0.0179    precision@50 : 0.0152    map@1 : 0.0447    map@2 : 0.0405    map@3 : 0.0397    map@4 : 0.0405    map@5 : 0.0415    map@10 : 0.046    map@20 : 0.0511    map@30 : 0.0542    map@50 : 0.0576
Sun 15 Mar 2026 11:29:28 INFO  Saving current: saved/SCL-Mar-15-2026_11-29-20.pth
Sun 15 Mar 2026 11:29:28 INFO  Saving current best: saved/SCL-Mar-15-2026_11-29-20.pth
Sun 15 Mar 2026 11:29:28 INFO  Running E-step ! 
Sun 15 Mar 2026 11:29:28 INFO  epoch 11 training [time: 0.22s, train_loss1: 5.5304, train_loss2: 0.0063, train_loss3: 0.0106]
Sun 15 Mar 2026 11:29:28 INFO  epoch 11 evaluating [time: 0.34s, valid_score: 0.083100]
Sun 15 Mar 2026 11:29:28 INFO  valid result: 
recall@1 : 0.0244    recall@2 : 0.0446    recall@3 : 0.0588    recall@4 : 0.0702    recall@5 : 0.0826    recall@10 : 0.1247    recall@20 : 0.1943    recall@30 : 0.2492    recall@50 : 0.3425    ndcg@1 : 0.0518    ndcg@2 : 0.0566    ndcg@3 : 0.0604    ndcg@4 : 0.064    ndcg@5 : 0.0682    ndcg@10 : 0.0831    ndcg@20 : 0.1039    ndcg@30 : 0.1185    ndcg@50 : 0.14    precision@1 : 0.0518    precision@2 : 0.0474    precision@3 : 0.0433    precision@4 : 0.0395    precision@5 : 0.0369    precision@10 : 0.0293    precision@20 : 0.0227    precision@30 : 0.0197    precision@50 : 0.0163    map@1 : 0.0518    map@2 : 0.0472    map@3 : 0.0465    map@4 : 0.0472    map@5 : 0.0483    map@10 : 0.0535    map@20 : 0.0592    map@30 : 0.0624    map@50 : 0.066
Sun 15 Mar 2026 11:29:28 INFO  Saving current: saved/SCL-Mar-15-2026_11-29-20.pth
Sun 15 Mar 2026 11:29:28 INFO  Saving current best: saved/SCL-Mar-15-2026_11-29-20.pth
Sun 15 Mar 2026 11:29:28 INFO  Running E-step ! 
Sun 15 Mar 2026 11:29:28 INFO  epoch 12 training [time: 0.23s, train_loss1: 5.5274, train_loss2: 0.0064, train_loss3: 0.0106]
Sun 15 Mar 2026 11:29:29 INFO  epoch 12 evaluating [time: 0.33s, valid_score: 0.098000]
Sun 15 Mar 2026 11:29:29 INFO  valid result: 
recall@1 : 0.031    recall@2 : 0.0532    recall@3 : 0.0717    recall@4 : 0.0829    recall@5 : 0.0949    recall@10 : 0.1446    recall@20 : 0.2166    recall@30 : 0.2725    recall@50 : 0.3649    ndcg@1 : 0.0626    ndcg@2 : 0.0671    ndcg@3 : 0.073    ndcg@4 : 0.0763    ndcg@5 : 0.0802    ndcg@10 : 0.098    ndcg@20 : 0.1196    ndcg@30 : 0.1345    ndcg@50 : 0.1556    precision@1 : 0.0626    precision@2 : 0.0557    precision@3 : 0.0516    precision@4 : 0.0466    precision@5 : 0.0428    precision@10 : 0.034    precision@20 : 0.0255    precision@30 : 0.0217    precision@50 : 0.0174    map@1 : 0.0626    map@2 : 0.0563    map@3 : 0.0565    map@4 : 0.0571    map@5 : 0.0583    map@10 : 0.0646    map@20 : 0.0708    map@30 : 0.0741    map@50 : 0.0777
Sun 15 Mar 2026 11:29:29 INFO  Saving current: saved/SCL-Mar-15-2026_11-29-20.pth
Sun 15 Mar 2026 11:29:29 INFO  Saving current best: saved/SCL-Mar-15-2026_11-29-20.pth
Sun 15 Mar 2026 11:29:29 INFO  Running E-step ! 
Sun 15 Mar 2026 11:29:29 INFO  epoch 13 training [time: 0.24s, train_loss1: 5.5231, train_loss2: 0.0068, train_loss3: 0.0105]
Sun 15 Mar 2026 11:29:29 INFO  epoch 13 evaluating [time: 0.32s, valid_score: 0.116900]
Sun 15 Mar 2026 11:29:29 INFO  valid result: 
recall@1 : 0.0384    recall@2 : 0.0632    recall@3 : 0.0835    recall@4 : 0.0987    recall@5 : 0.113    recall@10 : 0.1733    recall@20 : 0.2468    recall@30 : 0.3001    recall@50 : 0.3916    ndcg@1 : 0.0751    ndcg@2 : 0.0802    ndcg@3 : 0.0866    ndcg@4 : 0.0909    ndcg@5 : 0.0957    ndcg@10 : 0.1169    ndcg@20 : 0.1396    ndcg@30 : 0.1538    ndcg@50 : 0.175    precision@1 : 0.0751    precision@2 : 0.0667    precision@3 : 0.0614    precision@4 : 0.055    precision@5 : 0.0507    precision@10 : 0.0397    precision@20 : 0.0294    precision@30 : 0.0241    precision@50 : 0.0189    map@1 : 0.0751    map@2 : 0.0679    map@3 : 0.0685    map@4 : 0.0691    map@5 : 0.0707    map@10 : 0.0784    map@20 : 0.0852    map@30 : 0.0886    map@50 : 0.0923
Sun 15 Mar 2026 11:29:29 INFO  Saving current: saved/SCL-Mar-15-2026_11-29-20.pth
Sun 15 Mar 2026 11:29:29 INFO  Saving current best: saved/SCL-Mar-15-2026_11-29-20.pth
Sun 15 Mar 2026 11:29:29 INFO  Running E-step ! 
Sun 15 Mar 2026 11:29:30 INFO  epoch 14 training [time: 0.23s, train_loss1: 5.5178, train_loss2: 0.0075, train_loss3: 0.0105]
Sun 15 Mar 2026 11:29:30 INFO  epoch 14 evaluating [time: 0.31s, valid_score: 0.137400]
Sun 15 Mar 2026 11:29:30 INFO  valid result: 
recall@1 : 0.0456    recall@2 : 0.0756    recall@3 : 0.0971    recall@4 : 0.1206    recall@5 : 0.1371    recall@10 : 0.2017    recall@20 : 0.2788    recall@30 : 0.3409    recall@50 : 0.435    ndcg@1 : 0.09    ndcg@2 : 0.0957    ndcg@3 : 0.1005    ndcg@4 : 0.1083    ndcg@5 : 0.1142    ndcg@10 : 0.1374    ndcg@20 : 0.1614    ndcg@30 : 0.1779    ndcg@50 : 0.1998    precision@1 : 0.09    precision@2 : 0.0802    precision@3 : 0.0697    precision@4 : 0.0644    precision@5 : 0.0596    precision@10 : 0.0459    precision@20 : 0.0333    precision@30 : 0.0274    precision@50 : 0.021    map@1 : 0.09    map@2 : 0.0819    map@3 : 0.0804    map@4 : 0.0831    map@5 : 0.0849    map@10 : 0.0938    map@20 : 0.1013    map@30 : 0.1053    map@50 : 0.1094
Sun 15 Mar 2026 11:29:30 INFO  Saving current: saved/SCL-Mar-15-2026_11-29-20.pth
Sun 15 Mar 2026 11:29:30 INFO  Saving current best: saved/SCL-Mar-15-2026_11-29-20.pth
Sun 15 Mar 2026 11:29:30 INFO  Running E-step ! 
Sun 15 Mar 2026 11:29:30 INFO  epoch 15 training [time: 0.23s, train_loss1: 5.5103, train_loss2: 0.0089, train_loss3: 0.0105]
Sun 15 Mar 2026 11:29:30 INFO  epoch 15 evaluating [time: 0.34s, valid_score: 0.162700]
Sun 15 Mar 2026 11:29:30 INFO  valid result: 
recall@1 : 0.0553    recall@2 : 0.0945    recall@3 : 0.1226    recall@4 : 0.1483    recall@5 : 0.1661    recall@10 : 0.2336    recall@20 : 0.3246    recall@30 : 0.3987    recall@50 : 0.4874    ndcg@1 : 0.1067    ndcg@2 : 0.1152    ndcg@3 : 0.1228    ndcg@4 : 0.1316    ndcg@5 : 0.138    ndcg@10 : 0.1627    ndcg@20 : 0.1911    ndcg@30 : 0.2107    ndcg@50 : 0.2314    precision@1 : 0.1067    precision@2 : 0.0954    precision@3 : 0.084    precision@4 : 0.077    precision@5 : 0.0706    precision@10 : 0.0532    precision@20 : 0.0389    precision@30 : 0.0319    precision@50 : 0.0235    map@1 : 0.1067    map@2 : 0.0992    map@3 : 0.0989    map@4 : 0.102    map@5 : 0.104    map@10 : 0.1139    map@20 : 0.1231    map@30 : 0.1281    map@50 : 0.1322
Sun 15 Mar 2026 11:29:30 INFO  Saving current: saved/SCL-Mar-15-2026_11-29-20.pth
Sun 15 Mar 2026 11:29:30 INFO  Saving current best: saved/SCL-Mar-15-2026_11-29-20.pth
Sun 15 Mar 2026 11:29:30 INFO  Running E-step ! 
Sun 15 Mar 2026 11:29:31 INFO  epoch 16 training [time: 0.22s, train_loss1: 5.4990, train_loss2: 0.0112, train_loss3: 0.0104]
Sun 15 Mar 2026 11:29:31 INFO  epoch 16 evaluating [time: 0.29s, valid_score: 0.191400]
Sun 15 Mar 2026 11:29:31 INFO  valid result: 
recall@1 : 0.0632    recall@2 : 0.1107    recall@3 : 0.144    recall@4 : 0.1745    recall@5 : 0.1954    recall@10 : 0.2809    recall@20 : 0.3887    recall@30 : 0.4585    recall@50 : 0.5507    ndcg@1 : 0.1204    ndcg@2 : 0.1322    ndcg@3 : 0.1424    ndcg@4 : 0.1529    ndcg@5 : 0.1604    ndcg@10 : 0.1914    ndcg@20 : 0.225    ndcg@30 : 0.2436    ndcg@50 : 0.2651    precision@1 : 0.1204    precision@2 : 0.1088    precision@3 : 0.0969    precision@4 : 0.0889    precision@5 : 0.0815    precision@10 : 0.0626    precision@20 : 0.0456    precision@30 : 0.0363    precision@50 : 0.0263    map@1 : 0.1204    map@2 : 0.114    map@3 : 0.1146    map@4 : 0.1183    map@5 : 0.1214    map@10 : 0.1341    map@20 : 0.1454    map@30 : 0.1506    map@50 : 0.1551
Sun 15 Mar 2026 11:29:31 INFO  Saving current: saved/SCL-Mar-15-2026_11-29-20.pth
Sun 15 Mar 2026 11:29:31 INFO  Saving current best: saved/SCL-Mar-15-2026_11-29-20.pth
Sun 15 Mar 2026 11:29:31 INFO  Running E-step ! 
Sun 15 Mar 2026 11:29:31 INFO  epoch 17 training [time: 0.37s, train_loss1: 5.4817, train_loss2: 0.0145, train_loss3: 0.0104]
Sun 15 Mar 2026 11:29:32 INFO  epoch 17 evaluating [time: 0.53s, valid_score: 0.233700]
Sun 15 Mar 2026 11:29:32 INFO  valid result: 
recall@1 : 0.0856    recall@2 : 0.1293    recall@3 : 0.1686    recall@4 : 0.2091    recall@5 : 0.2342    recall@10 : 0.3448    recall@20 : 0.4582    recall@30 : 0.5341    recall@50 : 0.6259    ndcg@1 : 0.1555    ndcg@2 : 0.1574    ndcg@3 : 0.1695    ndcg@4 : 0.1836    ndcg@5 : 0.1929    ndcg@10 : 0.2337    ndcg@20 : 0.2685    ndcg@30 : 0.2886    ndcg@50 : 0.3098    precision@1 : 0.1555    precision@2 : 0.1231    precision@3 : 0.1103    precision@4 : 0.1024    precision@5 : 0.0942    precision@10 : 0.0747    precision@20 : 0.052    precision@30 : 0.0408    precision@50 : 0.0288    map@1 : 0.1555    map@2 : 0.1387    map@3 : 0.1399    map@4 : 0.1452    map@5 : 0.1495    map@10 : 0.1666    map@20 : 0.1788    map@30 : 0.1845    map@50 : 0.189
Sun 15 Mar 2026 11:29:32 INFO  Saving current: saved/SCL-Mar-15-2026_11-29-20.pth
Sun 15 Mar 2026 11:29:32 INFO  Saving current best: saved/SCL-Mar-15-2026_11-29-20.pth
Sun 15 Mar 2026 11:29:32 INFO  Running E-step ! 
Sun 15 Mar 2026 11:29:32 INFO  epoch 18 training [time: 0.19s, train_loss1: 5.4529, train_loss2: 0.0199, train_loss3: 0.0104]
Sun 15 Mar 2026 11:29:32 INFO  epoch 18 evaluating [time: 0.14s, valid_score: 0.273400]
Sun 15 Mar 2026 11:29:32 INFO  valid result: 
recall@1 : 0.0967    recall@2 : 0.1518    recall@3 : 0.2079    recall@4 : 0.2478    recall@5 : 0.2846    recall@10 : 0.4149    recall@20 : 0.5352    recall@30 : 0.6057    recall@50 : 0.6869    ndcg@1 : 0.1716    ndcg@2 : 0.1779    ndcg@3 : 0.1981    ndcg@4 : 0.2127    ndcg@5 : 0.2263    ndcg@10 : 0.2734    ndcg@20 : 0.3105    ndcg@30 : 0.3295    ndcg@50 : 0.3482    precision@1 : 0.1716    precision@2 : 0.1365    precision@3 : 0.1263    precision@4 : 0.1164    precision@5 : 0.108    precision@10 : 0.0838    precision@20 : 0.0575    precision@30 : 0.0444    precision@50 : 0.0305    map@1 : 0.1716    map@2 : 0.1566    map@3 : 0.1634    map@4 : 0.1686    map@5 : 0.1746    map@10 : 0.1948    map@20 : 0.2082    map@30 : 0.2138    map@50 : 0.2178
Sun 15 Mar 2026 11:29:32 INFO  Saving current: saved/SCL-Mar-15-2026_11-29-20.pth
Sun 15 Mar 2026 11:29:32 INFO  Saving current best: saved/SCL-Mar-15-2026_11-29-20.pth
Sun 15 Mar 2026 11:29:32 INFO  Running E-step ! 
Sun 15 Mar 2026 11:29:33 INFO  epoch 19 training [time: 0.23s, train_loss1: 5.3943, train_loss2: 0.0279, train_loss3: 0.0104]
Sun 15 Mar 2026 11:29:33 INFO  epoch 19 evaluating [time: 0.31s, valid_score: 0.304100]
Sun 15 Mar 2026 11:29:33 INFO  valid result: 
recall@1 : 0.1219    recall@2 : 0.1942    recall@3 : 0.2403    recall@4 : 0.2817    recall@5 : 0.3172    recall@10 : 0.4474    recall@20 : 0.5943    recall@30 : 0.6576    recall@50 : 0.7282    ndcg@1 : 0.1979    ndcg@2 : 0.2155    ndcg@3 : 0.2298    ndcg@4 : 0.2444    ndcg@5 : 0.2571    ndcg@10 : 0.3041    ndcg@20 : 0.3486    ndcg@30 : 0.3658    ndcg@50 : 0.3828    precision@1 : 0.1979    precision@2 : 0.1609    precision@3 : 0.1381    precision@4 : 0.1244    precision@5 : 0.1133    precision@10 : 0.0865    precision@20 : 0.0606    precision@30 : 0.0461    precision@50 : 0.0314    map@1 : 0.1979    map@2 : 0.191    map@3 : 0.1932    map@4 : 0.1986    map@5 : 0.2038    map@10 : 0.2237    map@20 : 0.2394    map@30 : 0.2447    map@50 : 0.2486
Sun 15 Mar 2026 11:29:33 INFO  Saving current: saved/SCL-Mar-15-2026_11-29-20.pth
Sun 15 Mar 2026 11:29:33 INFO  Saving current best: saved/SCL-Mar-15-2026_11-29-20.pth
Sun 15 Mar 2026 11:29:33 INFO  Running E-step ! 
Sun 15 Mar 2026 11:29:33 INFO  epoch 20 training [time: 0.23s, train_loss1: 5.2744, train_loss2: 0.0335, train_loss3: 0.0104, train_loss4: 0.0029]
Sun 15 Mar 2026 11:29:33 INFO  epoch 20 evaluating [time: 0.26s, valid_score: 0.312400]
Sun 15 Mar 2026 11:29:33 INFO  valid result: 
recall@1 : 0.1264    recall@2 : 0.2013    recall@3 : 0.2566    recall@4 : 0.2969    recall@5 : 0.3349    recall@10 : 0.4577    recall@20 : 0.6056    recall@30 : 0.6757    recall@50 : 0.7483    ndcg@1 : 0.2026    ndcg@2 : 0.2215    ndcg@3 : 0.2408    ndcg@4 : 0.2546    ndcg@5 : 0.2685    ndcg@10 : 0.3124    ndcg@20 : 0.3565    ndcg@30 : 0.3752    ndcg@50 : 0.393    precision@1 : 0.2026    precision@2 : 0.1642    precision@3 : 0.1444    precision@4 : 0.1281    precision@5 : 0.1174    precision@10 : 0.0862    precision@20 : 0.0601    precision@30 : 0.046    precision@50 : 0.0317    map@1 : 0.2026    map@2 : 0.1965    map@3 : 0.2019    map@4 : 0.2071    map@5 : 0.2131    map@10 : 0.2313    map@20 : 0.2462    map@30 : 0.2516    map@50 : 0.2559
Sun 15 Mar 2026 11:29:33 INFO  Saving current: saved/SCL-Mar-15-2026_11-29-20.pth
Sun 15 Mar 2026 11:29:33 INFO  Saving current best: saved/SCL-Mar-15-2026_11-29-20.pth
Sun 15 Mar 2026 11:29:33 INFO  Running E-step ! 
Sun 15 Mar 2026 11:29:34 INFO  epoch 21 training [time: 0.22s, train_loss1: 5.0687, train_loss2: 0.0358, train_loss3: 0.0104, train_loss4: 0.0038]
Sun 15 Mar 2026 11:29:34 INFO  epoch 21 evaluating [time: 0.34s, valid_score: 0.312800]
Sun 15 Mar 2026 11:29:34 INFO  valid result: 
recall@1 : 0.1169    recall@2 : 0.2021    recall@3 : 0.2595    recall@4 : 0.3036    recall@5 : 0.3437    recall@10 : 0.4681    recall@20 : 0.6069    recall@30 : 0.6851    recall@50 : 0.7573    ndcg@1 : 0.1931    ndcg@2 : 0.2191    ndcg@3 : 0.2383    ndcg@4 : 0.2547    ndcg@5 : 0.2694    ndcg@10 : 0.3128    ndcg@20 : 0.3539    ndcg@30 : 0.3747    ndcg@50 : 0.3925    precision@1 : 0.1931    precision@2 : 0.1654    precision@3 : 0.1438    precision@4 : 0.131    precision@5 : 0.1201    precision@10 : 0.0864    precision@20 : 0.0591    precision@30 : 0.0457    precision@50 : 0.0316    map@1 : 0.1931    map@2 : 0.1928    map@3 : 0.198    map@4 : 0.2046    map@5 : 0.2108    map@10 : 0.2286    map@20 : 0.2423    map@30 : 0.2482    map@50 : 0.2524
Sun 15 Mar 2026 11:29:34 INFO  Saving current: saved/SCL-Mar-15-2026_11-29-20.pth
Sun 15 Mar 2026 11:29:34 INFO  Saving current best: saved/SCL-Mar-15-2026_11-29-20.pth
Sun 15 Mar 2026 11:29:34 INFO  Running E-step ! 
Sun 15 Mar 2026 11:29:34 INFO  epoch 22 training [time: 0.23s, train_loss1: 4.7678, train_loss2: 0.0366, train_loss3: 0.0104, train_loss4: 0.0048]
Sun 15 Mar 2026 11:29:35 INFO  epoch 22 evaluating [time: 0.32s, valid_score: 0.317400]
Sun 15 Mar 2026 11:29:35 INFO  valid result: 
recall@1 : 0.1185    recall@2 : 0.2047    recall@3 : 0.2657    recall@4 : 0.3094    recall@5 : 0.3499    recall@10 : 0.4753    recall@20 : 0.608    recall@30 : 0.6889    recall@50 : 0.7649    ndcg@1 : 0.1955    ndcg@2 : 0.2219    ndcg@3 : 0.2423    ndcg@4 : 0.2584    ndcg@5 : 0.2737    ndcg@10 : 0.3174    ndcg@20 : 0.3562    ndcg@30 : 0.3779    ndcg@50 : 0.3967    precision@1 : 0.1955    precision@2 : 0.1672    precision@3 : 0.1456    precision@4 : 0.132    precision@5 : 0.1217    precision@10 : 0.0872    precision@20 : 0.0583    precision@30 : 0.0456    precision@50 : 0.0317    map@1 : 0.1955    map@2 : 0.1956    map@3 : 0.2011    map@4 : 0.2073    map@5 : 0.214    map@10 : 0.2322    map@20 : 0.2448    map@30 : 0.2509    map@50 : 0.2554
Sun 15 Mar 2026 11:29:35 INFO  Saving current: saved/SCL-Mar-15-2026_11-29-20.pth
Sun 15 Mar 2026 11:29:35 INFO  Saving current best: saved/SCL-Mar-15-2026_11-29-20.pth
Sun 15 Mar 2026 11:29:35 INFO  Running E-step ! 
Sun 15 Mar 2026 11:29:35 INFO  epoch 23 training [time: 0.24s, train_loss1: 4.4510, train_loss2: 0.0370, train_loss3: 0.0104, train_loss4: 0.0056]
Sun 15 Mar 2026 11:29:35 INFO  epoch 23 evaluating [time: 0.31s, valid_score: 0.317500]
Sun 15 Mar 2026 11:29:35 INFO  valid result: 
recall@1 : 0.1188    recall@2 : 0.2037    recall@3 : 0.2694    recall@4 : 0.3131    recall@5 : 0.3489    recall@10 : 0.4753    recall@20 : 0.6054    recall@30 : 0.6856    recall@50 : 0.7645    ndcg@1 : 0.1961    ndcg@2 : 0.2216    ndcg@3 : 0.2444    ndcg@4 : 0.26    ndcg@5 : 0.2736    ndcg@10 : 0.3175    ndcg@20 : 0.3554    ndcg@30 : 0.377    ndcg@50 : 0.3963    precision@1 : 0.1961    precision@2 : 0.1669    precision@3 : 0.147    precision@4 : 0.1324    precision@5 : 0.1212    precision@10 : 0.0869    precision@20 : 0.0578    precision@30 : 0.0453    precision@50 : 0.0315    map@1 : 0.1961    map@2 : 0.1956    map@3 : 0.2026    map@4 : 0.2085    map@5 : 0.214    map@10 : 0.2323    map@20 : 0.2447    map@30 : 0.2507    map@50 : 0.2552
Sun 15 Mar 2026 11:29:35 INFO  Saving current: saved/SCL-Mar-15-2026_11-29-20.pth
Sun 15 Mar 2026 11:29:35 INFO  Saving current best: saved/SCL-Mar-15-2026_11-29-20.pth
Sun 15 Mar 2026 11:29:35 INFO  Running E-step ! 
Sun 15 Mar 2026 11:29:35 INFO  epoch 24 training [time: 0.23s, train_loss1: 4.1087, train_loss2: 0.0373, train_loss3: 0.0105, train_loss4: 0.0061]
Sun 15 Mar 2026 11:29:36 INFO  epoch 24 evaluating [time: 0.33s, valid_score: 0.316600]
Sun 15 Mar 2026 11:29:36 INFO  valid result: 
recall@1 : 0.118    recall@2 : 0.2053    recall@3 : 0.2716    recall@4 : 0.3136    recall@5 : 0.3526    recall@10 : 0.4719    recall@20 : 0.603    recall@30 : 0.6823    recall@50 : 0.7646    ndcg@1 : 0.1943    ndcg@2 : 0.2217    ndcg@3 : 0.2452    ndcg@4 : 0.2601    ndcg@5 : 0.275    ndcg@10 : 0.3166    ndcg@20 : 0.3547    ndcg@30 : 0.376    ndcg@50 : 0.3962    precision@1 : 0.1943    precision@2 : 0.1672    precision@3 : 0.1478    precision@4 : 0.1326    precision@5 : 0.1221    precision@10 : 0.0864    precision@20 : 0.0574    precision@30 : 0.045    precision@50 : 0.0315    map@1 : 0.1943    map@2 : 0.1955    map@3 : 0.2033    map@4 : 0.2084    map@5 : 0.2148    map@10 : 0.2322    map@20 : 0.2446    map@30 : 0.2505    map@50 : 0.2551
Sun 15 Mar 2026 11:29:36 INFO  Running E-step ! 
Sun 15 Mar 2026 11:29:36 INFO  epoch 25 training [time: 0.22s, train_loss1: 3.8286, train_loss2: 0.0376, train_loss3: 0.0105, train_loss4: 0.0065]
Sun 15 Mar 2026 11:29:36 INFO  epoch 25 evaluating [time: 0.31s, valid_score: 0.316400]
Sun 15 Mar 2026 11:29:36 INFO  valid result: 
recall@1 : 0.1193    recall@2 : 0.2055    recall@3 : 0.2729    recall@4 : 0.3126    recall@5 : 0.3503    recall@10 : 0.4699    recall@20 : 0.6005    recall@30 : 0.6782    recall@50 : 0.7666    ndcg@1 : 0.1955    ndcg@2 : 0.222    ndcg@3 : 0.2464    ndcg@4 : 0.2601    ndcg@5 : 0.2745    ndcg@10 : 0.3164    ndcg@20 : 0.3543    ndcg@30 : 0.3753    ndcg@50 : 0.3968    precision@1 : 0.1955    precision@2 : 0.1669    precision@3 : 0.1486    precision@4 : 0.1322    precision@5 : 0.1212    precision@10 : 0.0861    precision@20 : 0.057    precision@30 : 0.0447    precision@50 : 0.0315    map@1 : 0.1955    map@2 : 0.1959    map@3 : 0.2043    map@4 : 0.2089    map@5 : 0.215    map@10 : 0.2326    map@20 : 0.2449    map@30 : 0.2507    map@50 : 0.2556
Sun 15 Mar 2026 11:29:36 INFO  Running E-step ! 
Sun 15 Mar 2026 11:29:36 INFO  epoch 26 training [time: 0.25s, train_loss1: 3.6006, train_loss2: 0.0378, train_loss3: 0.0106, train_loss4: 0.0068]
Sun 15 Mar 2026 11:29:37 INFO  epoch 26 evaluating [time: 0.34s, valid_score: 0.315800]
Sun 15 Mar 2026 11:29:37 INFO  valid result: 
recall@1 : 0.1187    recall@2 : 0.2057    recall@3 : 0.2719    recall@4 : 0.3111    recall@5 : 0.3494    recall@10 : 0.4693    recall@20 : 0.5999    recall@30 : 0.6773    recall@50 : 0.7678    ndcg@1 : 0.1949    ndcg@2 : 0.222    ndcg@3 : 0.2458    ndcg@4 : 0.2592    ndcg@5 : 0.2738    ndcg@10 : 0.3158    ndcg@20 : 0.3537    ndcg@30 : 0.3746    ndcg@50 : 0.3964    precision@1 : 0.1949    precision@2 : 0.1672    precision@3 : 0.1482    precision@4 : 0.1317    precision@5 : 0.1209    precision@10 : 0.086    precision@20 : 0.0569    precision@30 : 0.0446    precision@50 : 0.0315    map@1 : 0.1949    map@2 : 0.1959    map@3 : 0.2039    map@4 : 0.2081    map@5 : 0.2144    map@10 : 0.2321    map@20 : 0.2443    map@30 : 0.2501    map@50 : 0.255
Sun 15 Mar 2026 11:29:37 INFO  Running E-step ! 
Sun 15 Mar 2026 11:29:37 INFO  epoch 27 training [time: 0.23s, train_loss1: 3.4601, train_loss2: 0.0381, train_loss3: 0.0106, train_loss4: 0.0069]
Sun 15 Mar 2026 11:29:37 INFO  epoch 27 evaluating [time: 0.29s, valid_score: 0.316100]
Sun 15 Mar 2026 11:29:37 INFO  valid result: 
recall@1 : 0.121    recall@2 : 0.2057    recall@3 : 0.27    recall@4 : 0.3107    recall@5 : 0.3487    recall@10 : 0.4683    recall@20 : 0.5997    recall@30 : 0.6751    recall@50 : 0.7701    ndcg@1 : 0.1967    ndcg@2 : 0.2228    ndcg@3 : 0.2455    ndcg@4 : 0.2596    ndcg@5 : 0.2741    ndcg@10 : 0.3161    ndcg@20 : 0.3543    ndcg@30 : 0.3747    ndcg@50 : 0.3975    precision@1 : 0.1967    precision@2 : 0.1672    precision@3 : 0.1474    precision@4 : 0.1314    precision@5 : 0.1205    precision@10 : 0.0858    precision@20 : 0.057    precision@30 : 0.0445    precision@50 : 0.0316    map@1 : 0.1967    map@2 : 0.197    map@3 : 0.2042    map@4 : 0.209    map@5 : 0.2151    map@10 : 0.2329    map@20 : 0.2452    map@30 : 0.2509    map@50 : 0.2559
Sun 15 Mar 2026 11:29:37 INFO  Running E-step ! 
Sun 15 Mar 2026 11:29:38 INFO  epoch 28 training [time: 0.24s, train_loss1: 3.3685, train_loss2: 0.0383, train_loss3: 0.0106, train_loss4: 0.0070]
Sun 15 Mar 2026 11:29:38 INFO  epoch 28 evaluating [time: 0.34s, valid_score: 0.316000]
Sun 15 Mar 2026 11:29:38 INFO  valid result: 
recall@1 : 0.1207    recall@2 : 0.2055    recall@3 : 0.2694    recall@4 : 0.3106    recall@5 : 0.3475    recall@10 : 0.4685    recall@20 : 0.5997    recall@30 : 0.6728    recall@50 : 0.7733    ndcg@1 : 0.1973    ndcg@2 : 0.2226    ndcg@3 : 0.2452    ndcg@4 : 0.2595    ndcg@5 : 0.2735    ndcg@10 : 0.316    ndcg@20 : 0.3541    ndcg@30 : 0.374    ndcg@50 : 0.3978    precision@1 : 0.1973    precision@2 : 0.1669    precision@3 : 0.1472    precision@4 : 0.1314    precision@5 : 0.1203    precision@10 : 0.0859    precision@20 : 0.0569    precision@30 : 0.0444    precision@50 : 0.0316    map@1 : 0.1973    map@2 : 0.1968    map@3 : 0.2039    map@4 : 0.2086    map@5 : 0.2147    map@10 : 0.2326    map@20 : 0.2449    map@30 : 0.2505    map@50 : 0.2557
Sun 15 Mar 2026 11:29:38 INFO  Running E-step ! 
Sun 15 Mar 2026 11:29:38 INFO  epoch 29 training [time: 0.23s, train_loss1: 3.2655, train_loss2: 0.0385, train_loss3: 0.0106, train_loss4: 0.0070]
Sun 15 Mar 2026 11:29:38 INFO  epoch 29 evaluating [time: 0.30s, valid_score: 0.315400]
Sun 15 Mar 2026 11:29:38 INFO  valid result: 
recall@1 : 0.1191    recall@2 : 0.2055    recall@3 : 0.2691    recall@4 : 0.3103    recall@5 : 0.3464    recall@10 : 0.4685    recall@20 : 0.5996    recall@30 : 0.6727    recall@50 : 0.7733    ndcg@1 : 0.1961    ndcg@2 : 0.2221    ndcg@3 : 0.2444    ndcg@4 : 0.2587    ndcg@5 : 0.2724    ndcg@10 : 0.3154    ndcg@20 : 0.3534    ndcg@30 : 0.3733    ndcg@50 : 0.3972    precision@1 : 0.1961    precision@2 : 0.1669    precision@3 : 0.147    precision@4 : 0.1313    precision@5 : 0.12    precision@10 : 0.0859    precision@20 : 0.0569    precision@30 : 0.0444    precision@50 : 0.0316    map@1 : 0.1961    map@2 : 0.1961    map@3 : 0.203    map@4 : 0.2077    map@5 : 0.2136    map@10 : 0.2317    map@20 : 0.244    map@30 : 0.2496    map@50 : 0.2548
Sun 15 Mar 2026 11:29:38 INFO  Running E-step ! 
Sun 15 Mar 2026 11:29:39 INFO  epoch 30 training [time: 0.23s, train_loss1: 3.2732, train_loss2: 0.0386, train_loss3: 0.0106, train_loss4: 0.0071]
Sun 15 Mar 2026 11:29:39 INFO  epoch 30 evaluating [time: 0.32s, valid_score: 0.315200]
Sun 15 Mar 2026 11:29:39 INFO  valid result: 
recall@1 : 0.1182    recall@2 : 0.2049    recall@3 : 0.2693    recall@4 : 0.3101    recall@5 : 0.3468    recall@10 : 0.4693    recall@20 : 0.6001    recall@30 : 0.6729    recall@50 : 0.7737    ndcg@1 : 0.1955    ndcg@2 : 0.2214    ndcg@3 : 0.2442    ndcg@4 : 0.2583    ndcg@5 : 0.2722    ndcg@10 : 0.3152    ndcg@20 : 0.3532    ndcg@30 : 0.3731    ndcg@50 : 0.3969    precision@1 : 0.1955    precision@2 : 0.1666    precision@3 : 0.1472    precision@4 : 0.1314    precision@5 : 0.1201    precision@10 : 0.0861    precision@20 : 0.057    precision@30 : 0.0444    precision@50 : 0.0316    map@1 : 0.1955    map@2 : 0.1953    map@3 : 0.2025    map@4 : 0.2071    map@5 : 0.2131    map@10 : 0.2312    map@20 : 0.2435    map@30 : 0.2491    map@50 : 0.2542
Sun 15 Mar 2026 11:29:39 INFO  Running E-step ! 
Sun 15 Mar 2026 11:29:39 INFO  epoch 31 training [time: 0.23s, train_loss1: 3.2269, train_loss2: 0.0388, train_loss3: 0.0106, train_loss4: 0.0071]
Sun 15 Mar 2026 11:29:40 INFO  epoch 31 evaluating [time: 0.27s, valid_score: 0.315000]
Sun 15 Mar 2026 11:29:40 INFO  valid result: 
recall@1 : 0.117    recall@2 : 0.2049    recall@3 : 0.2679    recall@4 : 0.3095    recall@5 : 0.347    recall@10 : 0.4698    recall@20 : 0.6007    recall@30 : 0.6722    recall@50 : 0.772    ndcg@1 : 0.1943    ndcg@2 : 0.2209    ndcg@3 : 0.243    ndcg@4 : 0.2575    ndcg@5 : 0.2718    ndcg@10 : 0.315    ndcg@20 : 0.3528    ndcg@30 : 0.3724    ndcg@50 : 0.396    precision@1 : 0.1943    precision@2 : 0.1666    precision@3 : 0.1466    precision@4 : 0.1313    precision@5 : 0.1203    precision@10 : 0.0864    precision@20 : 0.0571    precision@30 : 0.0444    precision@50 : 0.0316    map@1 : 0.1943    map@2 : 0.1947    map@3 : 0.2015    map@4 : 0.2063    map@5 : 0.2125    map@10 : 0.2307    map@20 : 0.2428    map@30 : 0.2483    map@50 : 0.2535
Sun 15 Mar 2026 11:29:40 INFO  Running E-step ! 
Sun 15 Mar 2026 11:29:40 INFO  epoch 32 training [time: 0.42s, train_loss1: 3.1941, train_loss2: 0.0389, train_loss3: 0.0106, train_loss4: 0.0071]
Sun 15 Mar 2026 11:29:40 INFO  epoch 32 evaluating [time: 0.44s, valid_score: 0.314700]
Sun 15 Mar 2026 11:29:40 INFO  valid result: 
recall@1 : 0.1164    recall@2 : 0.2049    recall@3 : 0.2685    recall@4 : 0.3101    recall@5 : 0.3474    recall@10 : 0.4695    recall@20 : 0.5991    recall@30 : 0.6724    recall@50 : 0.7717    ndcg@1 : 0.1937    ndcg@2 : 0.2207    ndcg@3 : 0.2431    ndcg@4 : 0.2576    ndcg@5 : 0.2718    ndcg@10 : 0.3147    ndcg@20 : 0.3522    ndcg@30 : 0.3721    ndcg@50 : 0.3957    precision@1 : 0.1937    precision@2 : 0.1666    precision@3 : 0.1468    precision@4 : 0.1314    precision@5 : 0.1204    precision@10 : 0.0864    precision@20 : 0.0571    precision@30 : 0.0444    precision@50 : 0.0316    map@1 : 0.1937    map@2 : 0.1944    map@3 : 0.2014    map@4 : 0.2062    map@5 : 0.2124    map@10 : 0.2304    map@20 : 0.2425    map@30 : 0.248    map@50 : 0.2532
Sun 15 Mar 2026 11:29:40 INFO  Running E-step ! 
Sun 15 Mar 2026 11:29:41 INFO  epoch 33 training [time: 0.19s, train_loss1: 3.1995, train_loss2: 0.0390, train_loss3: 0.0106, train_loss4: 0.0069]
Sun 15 Mar 2026 11:29:41 INFO  epoch 33 evaluating [time: 0.15s, valid_score: 0.315000]
Sun 15 Mar 2026 11:29:41 INFO  valid result: 
recall@1 : 0.1171    recall@2 : 0.2049    recall@3 : 0.2685    recall@4 : 0.3096    recall@5 : 0.3462    recall@10 : 0.4695    recall@20 : 0.6004    recall@30 : 0.6731    recall@50 : 0.7705    ndcg@1 : 0.1949    ndcg@2 : 0.2211    ndcg@3 : 0.2434    ndcg@4 : 0.2576    ndcg@5 : 0.2715    ndcg@10 : 0.315    ndcg@20 : 0.3529    ndcg@30 : 0.3727    ndcg@50 : 0.3958    precision@1 : 0.1949    precision@2 : 0.1666    precision@3 : 0.1468    precision@4 : 0.131    precision@5 : 0.12    precision@10 : 0.0864    precision@20 : 0.0572    precision@30 : 0.0445    precision@50 : 0.0316    map@1 : 0.1949    map@2 : 0.1949    map@3 : 0.2018    map@4 : 0.2064    map@5 : 0.2124    map@10 : 0.2308    map@20 : 0.2429    map@30 : 0.2485    map@50 : 0.2535
Sun 15 Mar 2026 11:29:41 INFO  Running E-step ! 
Sun 15 Mar 2026 11:29:41 INFO  epoch 34 training [time: 0.22s, train_loss1: 3.1793, train_loss2: 0.0391, train_loss3: 0.0106, train_loss4: 0.0068]
Sun 15 Mar 2026 11:29:41 INFO  epoch 34 evaluating [time: 0.33s, valid_score: 0.314900]
Sun 15 Mar 2026 11:29:41 INFO  valid result: 
recall@1 : 0.1171    recall@2 : 0.2043    recall@3 : 0.269    recall@4 : 0.3093    recall@5 : 0.3463    recall@10 : 0.4693    recall@20 : 0.5998    recall@30 : 0.6723    recall@50 : 0.7672    ndcg@1 : 0.1949    ndcg@2 : 0.2207    ndcg@3 : 0.2436    ndcg@4 : 0.2575    ndcg@5 : 0.2715    ndcg@10 : 0.3149    ndcg@20 : 0.3528    ndcg@30 : 0.3725    ndcg@50 : 0.3952    precision@1 : 0.1949    precision@2 : 0.1663    precision@3 : 0.1472    precision@4 : 0.1311    precision@5 : 0.1199    precision@10 : 0.0864    precision@20 : 0.0573    precision@30 : 0.0445    precision@50 : 0.0316    map@1 : 0.1949    map@2 : 0.1946    map@3 : 0.2019    map@4 : 0.2063    map@5 : 0.2124    map@10 : 0.2307    map@20 : 0.2429    map@30 : 0.2484    map@50 : 0.2535
Sun 15 Mar 2026 11:29:41 INFO  Running E-step ! 
Sun 15 Mar 2026 11:29:42 INFO  epoch 35 training [time: 0.23s, train_loss1: 3.1789, train_loss2: 0.0392, train_loss3: 0.0106, train_loss4: 0.0067]
Sun 15 Mar 2026 11:29:42 INFO  epoch 35 evaluating [time: 0.31s, valid_score: 0.314900]
Sun 15 Mar 2026 11:29:42 INFO  valid result: 
recall@1 : 0.1171    recall@2 : 0.2043    recall@3 : 0.269    recall@4 : 0.3087    recall@5 : 0.3467    recall@10 : 0.4694    recall@20 : 0.5997    recall@30 : 0.6744    recall@50 : 0.7649    ndcg@1 : 0.1949    ndcg@2 : 0.2207    ndcg@3 : 0.2438    ndcg@4 : 0.2573    ndcg@5 : 0.2716    ndcg@10 : 0.3149    ndcg@20 : 0.3527    ndcg@30 : 0.373    ndcg@50 : 0.3948    precision@1 : 0.1949    precision@2 : 0.1663    precision@3 : 0.1474    precision@4 : 0.131    precision@5 : 0.12    precision@10 : 0.0864    precision@20 : 0.0573    precision@30 : 0.0447    precision@50 : 0.0315    map@1 : 0.1949    map@2 : 0.1946    map@3 : 0.202    map@4 : 0.2062    map@5 : 0.2124    map@10 : 0.2307    map@20 : 0.2429    map@30 : 0.2485    map@50 : 0.2535
Sun 15 Mar 2026 11:29:42 INFO  Running E-step ! 
Sun 15 Mar 2026 11:29:42 INFO  epoch 36 training [time: 0.24s, train_loss1: 3.1586, train_loss2: 0.0393, train_loss3: 0.0107, train_loss4: 0.0066]
Sun 15 Mar 2026 11:29:42 INFO  epoch 36 evaluating [time: 0.32s, valid_score: 0.314900]
Sun 15 Mar 2026 11:29:42 INFO  valid result: 
recall@1 : 0.1171    recall@2 : 0.2045    recall@3 : 0.2702    recall@4 : 0.3077    recall@5 : 0.3475    recall@10 : 0.4693    recall@20 : 0.5995    recall@30 : 0.6768    recall@50 : 0.7644    ndcg@1 : 0.1949    ndcg@2 : 0.2209    ndcg@3 : 0.2444    ndcg@4 : 0.2569    ndcg@5 : 0.2721    ndcg@10 : 0.3149    ndcg@20 : 0.3528    ndcg@30 : 0.3736    ndcg@50 : 0.3949    precision@1 : 0.1949    precision@2 : 0.1666    precision@3 : 0.1478    precision@4 : 0.1305    precision@5 : 0.1204    precision@10 : 0.0864    precision@20 : 0.0573    precision@30 : 0.0448    precision@50 : 0.0315    map@1 : 0.1949    map@2 : 0.1947    map@3 : 0.2025    map@4 : 0.206    map@5 : 0.2127    map@10 : 0.2308    map@20 : 0.243    map@30 : 0.2488    map@50 : 0.2536
Sun 15 Mar 2026 11:29:42 INFO  Running E-step ! 
Sun 15 Mar 2026 11:29:43 INFO  epoch 37 training [time: 0.24s, train_loss1: 3.1612, train_loss2: 0.0394, train_loss3: 0.0107, train_loss4: 0.0065]
Sun 15 Mar 2026 11:29:43 INFO  epoch 37 evaluating [time: 0.32s, valid_score: 0.315400]
Sun 15 Mar 2026 11:29:43 INFO  valid result: 
recall@1 : 0.1178    recall@2 : 0.2044    recall@3 : 0.2708    recall@4 : 0.3065    recall@5 : 0.3487    recall@10 : 0.4698    recall@20 : 0.6008    recall@30 : 0.6764    recall@50 : 0.7637    ndcg@1 : 0.1961    ndcg@2 : 0.2211    ndcg@3 : 0.245    ndcg@4 : 0.2566    ndcg@5 : 0.2728    ndcg@10 : 0.3154    ndcg@20 : 0.3535    ndcg@30 : 0.3739    ndcg@50 : 0.3952    precision@1 : 0.1961    precision@2 : 0.1663    precision@3 : 0.148    precision@4 : 0.1301    precision@5 : 0.1206    precision@10 : 0.0864    precision@20 : 0.0575    precision@30 : 0.0448    precision@50 : 0.0316    map@1 : 0.1961    map@2 : 0.1949    map@3 : 0.203    map@4 : 0.206    map@5 : 0.2132    map@10 : 0.2312    map@20 : 0.2435    map@30 : 0.2493    map@50 : 0.2541
Sun 15 Mar 2026 11:29:43 INFO  Running E-step ! 
Sun 15 Mar 2026 11:29:43 INFO  epoch 38 training [time: 0.24s, train_loss1: 3.1772, train_loss2: 0.0395, train_loss3: 0.0107, train_loss4: 0.0063]
Sun 15 Mar 2026 11:29:44 INFO  epoch 38 evaluating [time: 0.32s, valid_score: 0.315200]
Sun 15 Mar 2026 11:29:44 INFO  valid result: 
recall@1 : 0.1172    recall@2 : 0.2044    recall@3 : 0.2709    recall@4 : 0.3065    recall@5 : 0.3475    recall@10 : 0.4698    recall@20 : 0.6011    recall@30 : 0.6762    recall@50 : 0.7638    ndcg@1 : 0.1955    ndcg@2 : 0.2208    ndcg@3 : 0.2449    ndcg@4 : 0.2564    ndcg@5 : 0.2721    ndcg@10 : 0.3152    ndcg@20 : 0.3534    ndcg@30 : 0.3737    ndcg@50 : 0.395    precision@1 : 0.1955    precision@2 : 0.1663    precision@3 : 0.1482    precision@4 : 0.1301    precision@5 : 0.1204    precision@10 : 0.0865    precision@20 : 0.0576    precision@30 : 0.0448    precision@50 : 0.0316    map@1 : 0.1955    map@2 : 0.1946    map@3 : 0.2029    map@4 : 0.2058    map@5 : 0.2127    map@10 : 0.2309    map@20 : 0.2433    map@30 : 0.249    map@50 : 0.2538
Sun 15 Mar 2026 11:29:44 INFO  Running E-step ! 
Sun 15 Mar 2026 11:29:44 INFO  epoch 39 training [time: 0.25s, train_loss1: 3.1515, train_loss2: 0.0396, train_loss3: 0.0107, train_loss4: 0.0061]
Sun 15 Mar 2026 11:29:44 INFO  epoch 39 evaluating [time: 0.32s, valid_score: 0.315200]
Sun 15 Mar 2026 11:29:44 INFO  valid result: 
recall@1 : 0.117    recall@2 : 0.2044    recall@3 : 0.2709    recall@4 : 0.3077    recall@5 : 0.3493    recall@10 : 0.4696    recall@20 : 0.6015    recall@30 : 0.6757    recall@50 : 0.764    ndcg@1 : 0.1949    ndcg@2 : 0.2207    ndcg@3 : 0.2448    ndcg@4 : 0.2568    ndcg@5 : 0.2728    ndcg@10 : 0.3152    ndcg@20 : 0.3536    ndcg@30 : 0.3737    ndcg@50 : 0.3952    precision@1 : 0.1949    precision@2 : 0.1663    precision@3 : 0.1482    precision@4 : 0.1304    precision@5 : 0.1207    precision@10 : 0.0864    precision@20 : 0.0576    precision@30 : 0.0448    precision@50 : 0.0316    map@1 : 0.1949    map@2 : 0.1944    map@3 : 0.2028    map@4 : 0.206    map@5 : 0.2131    map@10 : 0.2309    map@20 : 0.2434    map@30 : 0.2491    map@50 : 0.254
Sun 15 Mar 2026 11:29:44 INFO  Running E-step ! 
Sun 15 Mar 2026 11:29:44 INFO  epoch 40 training [time: 0.23s, train_loss1: 3.0929, train_loss2: 0.0397, train_loss3: 0.0107, train_loss4: 0.0060]
Sun 15 Mar 2026 11:29:45 INFO  epoch 40 evaluating [time: 0.33s, valid_score: 0.315700]
Sun 15 Mar 2026 11:29:45 INFO  valid result: 
recall@1 : 0.1176    recall@2 : 0.2044    recall@3 : 0.2704    recall@4 : 0.3095    recall@5 : 0.3486    recall@10 : 0.4704    recall@20 : 0.6016    recall@30 : 0.6771    recall@50 : 0.7635    ndcg@1 : 0.1955    ndcg@2 : 0.2209    ndcg@3 : 0.2447    ndcg@4 : 0.2578    ndcg@5 : 0.2728    ndcg@10 : 0.3157    ndcg@20 : 0.354    ndcg@30 : 0.3744    ndcg@50 : 0.3954    precision@1 : 0.1955    precision@2 : 0.1663    precision@3 : 0.1478    precision@4 : 0.1308    precision@5 : 0.1206    precision@10 : 0.0865    precision@20 : 0.0577    precision@30 : 0.0449    precision@50 : 0.0316    map@1 : 0.1955    map@2 : 0.1947    map@3 : 0.2029    map@4 : 0.2068    map@5 : 0.2133    map@10 : 0.2314    map@20 : 0.2439    map@30 : 0.2496    map@50 : 0.2544
Sun 15 Mar 2026 11:29:45 INFO  Running E-step ! 
Sun 15 Mar 2026 11:29:45 INFO  epoch 41 training [time: 0.23s, train_loss1: 3.0816, train_loss2: 0.0398, train_loss3: 0.0107, train_loss4: 0.0058]
Sun 15 Mar 2026 11:29:45 INFO  epoch 41 evaluating [time: 0.30s, valid_score: 0.315400]
Sun 15 Mar 2026 11:29:45 INFO  valid result: 
recall@1 : 0.1169    recall@2 : 0.2044    recall@3 : 0.2701    recall@4 : 0.3093    recall@5 : 0.3495    recall@10 : 0.4705    recall@20 : 0.6019    recall@30 : 0.6785    recall@50 : 0.7638    ndcg@1 : 0.1943    ndcg@2 : 0.2206    ndcg@3 : 0.2442    ndcg@4 : 0.2574    ndcg@5 : 0.2727    ndcg@10 : 0.3154    ndcg@20 : 0.3538    ndcg@30 : 0.3745    ndcg@50 : 0.3953    precision@1 : 0.1943    precision@2 : 0.1663    precision@3 : 0.1476    precision@4 : 0.1307    precision@5 : 0.1207    precision@10 : 0.0867    precision@20 : 0.0578    precision@30 : 0.045    precision@50 : 0.0316    map@1 : 0.1943    map@2 : 0.1943    map@3 : 0.2023    map@4 : 0.2063    map@5 : 0.2131    map@10 : 0.231    map@20 : 0.2435    map@30 : 0.2494    map@50 : 0.2541
Sun 15 Mar 2026 11:29:45 INFO  Running E-step ! 
Sun 15 Mar 2026 11:29:46 INFO  epoch 42 training [time: 0.23s, train_loss1: 3.1274, train_loss2: 0.0399, train_loss3: 0.0107, train_loss4: 0.0056]
Sun 15 Mar 2026 11:29:46 INFO  epoch 42 evaluating [time: 0.33s, valid_score: 0.315700]
Sun 15 Mar 2026 11:29:46 INFO  valid result: 
recall@1 : 0.1169    recall@2 : 0.2044    recall@3 : 0.2702    recall@4 : 0.3093    recall@5 : 0.3486    recall@10 : 0.4713    recall@20 : 0.6021    recall@30 : 0.6786    recall@50 : 0.7641    ndcg@1 : 0.1943    ndcg@2 : 0.2206    ndcg@3 : 0.2441    ndcg@4 : 0.2573    ndcg@5 : 0.2724    ndcg@10 : 0.3157    ndcg@20 : 0.354    ndcg@30 : 0.3745    ndcg@50 : 0.3954    precision@1 : 0.1943    precision@2 : 0.1663    precision@3 : 0.1474    precision@4 : 0.1305    precision@5 : 0.1206    precision@10 : 0.0869    precision@20 : 0.0579    precision@30 : 0.045    precision@50 : 0.0317    map@1 : 0.1943    map@2 : 0.1943    map@3 : 0.2022    map@4 : 0.2062    map@5 : 0.2129    map@10 : 0.2312    map@20 : 0.2437    map@30 : 0.2494    map@50 : 0.2542
Sun 15 Mar 2026 11:29:46 INFO  Running E-step ! 
Sun 15 Mar 2026 11:29:46 INFO  epoch 43 training [time: 0.23s, train_loss1: 3.1049, train_loss2: 0.0399, train_loss3: 0.0107, train_loss4: 0.0055]
Sun 15 Mar 2026 11:29:46 INFO  epoch 43 evaluating [time: 0.31s, valid_score: 0.315800]
Sun 15 Mar 2026 11:29:46 INFO  valid result: 
recall@1 : 0.1175    recall@2 : 0.2044    recall@3 : 0.2702    recall@4 : 0.309    recall@5 : 0.3493    recall@10 : 0.4708    recall@20 : 0.6028    recall@30 : 0.6792    recall@50 : 0.765    ndcg@1 : 0.1949    ndcg@2 : 0.2208    ndcg@3 : 0.2443    ndcg@4 : 0.2574    ndcg@5 : 0.273    ndcg@10 : 0.3158    ndcg@20 : 0.3545    ndcg@30 : 0.375    ndcg@50 : 0.3959    precision@1 : 0.1949    precision@2 : 0.1663    precision@3 : 0.1474    precision@4 : 0.1304    precision@5 : 0.1211    precision@10 : 0.0868    precision@20 : 0.058    precision@30 : 0.0451    precision@50 : 0.0317    map@1 : 0.1949    map@2 : 0.1946    map@3 : 0.2025    map@4 : 0.2064    map@5 : 0.2134    map@10 : 0.2315    map@20 : 0.2441    map@30 : 0.2499    map@50 : 0.2546
Sun 15 Mar 2026 11:29:46 INFO  Running E-step ! 
Sun 15 Mar 2026 11:29:47 INFO  epoch 44 training [time: 0.23s, train_loss1: 3.0821, train_loss2: 0.0400, train_loss3: 0.0107, train_loss4: 0.0054]
Sun 15 Mar 2026 11:29:47 INFO  epoch 44 evaluating [time: 0.33s, valid_score: 0.316000]
Sun 15 Mar 2026 11:29:47 INFO  valid result: 
recall@1 : 0.1174    recall@2 : 0.2044    recall@3 : 0.2702    recall@4 : 0.3088    recall@5 : 0.3497    recall@10 : 0.4715    recall@20 : 0.6032    recall@30 : 0.6797    recall@50 : 0.7656    ndcg@1 : 0.1943    ndcg@2 : 0.2207    ndcg@3 : 0.2442    ndcg@4 : 0.2572    ndcg@5 : 0.2732    ndcg@10 : 0.316    ndcg@20 : 0.3546    ndcg@30 : 0.3752    ndcg@50 : 0.3961    precision@1 : 0.1943    precision@2 : 0.1663    precision@3 : 0.1474    precision@4 : 0.1304    precision@5 : 0.1215    precision@10 : 0.0868    precision@20 : 0.0581    precision@30 : 0.0452    precision@50 : 0.0317    map@1 : 0.1943    map@2 : 0.1944    map@3 : 0.2024    map@4 : 0.2063    map@5 : 0.2135    map@10 : 0.2315    map@20 : 0.2442    map@30 : 0.25    map@50 : 0.2547
Sun 15 Mar 2026 11:29:47 INFO  Finished training, best eval result in epoch 23
Sun 15 Mar 2026 11:29:47 INFO  Loading model structure and parameters from saved/SCL-Mar-15-2026_11-29-20.pth
Sun 15 Mar 2026 11:29:47 INFO  best valid : OrderedDict([('recall@1', 0.1188), ('recall@2', 0.2037), ('recall@3', 0.2694), ('recall@4', 0.3131), ('recall@5', 0.3489), ('recall@10', 0.4753), ('recall@20', 0.6054), ('recall@30', 0.6856), ('recall@50', 0.7645), ('ndcg@1', 0.1961), ('ndcg@2', 0.2216), ('ndcg@3', 0.2444), ('ndcg@4', 0.26), ('ndcg@5', 0.2736), ('ndcg@10', 0.3175), ('ndcg@20', 0.3554), ('ndcg@30', 0.377), ('ndcg@50', 0.3963), ('precision@1', 0.1961), ('precision@2', 0.1669), ('precision@3', 0.147), ('precision@4', 0.1324), ('precision@5', 0.1212), ('precision@10', 0.0869), ('precision@20', 0.0578), ('precision@30', 0.0453), ('precision@50', 0.0315), ('map@1', 0.1961), ('map@2', 0.1956), ('map@3', 0.2026), ('map@4', 0.2085), ('map@5', 0.214), ('map@10', 0.2323), ('map@20', 0.2447), ('map@30', 0.2507), ('map@50', 0.2552)])
Sun 15 Mar 2026 11:29:47 INFO  test result: OrderedDict([('recall@1', 0.1347), ('recall@2', 0.2369), ('recall@3', 0.2921), ('recall@4', 0.3327), ('recall@5', 0.3617), ('recall@10', 0.4785), ('recall@20', 0.6143), ('recall@30', 0.6896), ('recall@50', 0.7633), ('ndcg@1', 0.2179), ('ndcg@2', 0.2517), ('ndcg@3', 0.2694), ('ndcg@4', 0.2833), ('ndcg@5', 0.2927), ('ndcg@10', 0.3318), ('ndcg@20', 0.3716), ('ndcg@30', 0.3911), ('ndcg@50', 0.4089), ('precision@1', 0.2179), ('precision@2', 0.1866), ('precision@3', 0.1585), ('precision@4', 0.1394), ('precision@5', 0.1235), ('precision@10', 0.0853), ('precision@20', 0.0581), ('precision@30', 0.0443), ('precision@50', 0.0305), ('map@1', 0.2179), ('map@2', 0.2245), ('map@3', 0.2289), ('map@4', 0.2336), ('map@5', 0.237), ('map@10', 0.252), ('map@20', 0.2643), ('map@30', 0.2696), ('map@50', 0.2736)])
Sun 15 Mar 2026 11:29:47 INFO  training time: 26.2084s
Sun 15 Mar 2026 11:29:47 INFO  result file: results/scl_seed2028.json
