Sun 15 Mar 2026 22:51:18 INFO  
General Hyper Parameters:
gpu_id = 0
use_gpu = True
seed = 2029
state = INFO
reproducibility = True
data_path = ./travel
checkpoint_dir = saved
show_progress = True
save_dataset = False
dataset_save_path = None
save_dataloaders = False
dataloaders_save_path = None
log_wandb = False

Training Hyper Parameters:
epochs = 1000
train_batch_size = 4096
learner = adam
learning_rate = 0.001
train_neg_sample_args = {'distribution': 'uniform', 'sample_num': 1, 'alpha': 1.0, 'dynamic': False, 'candidate_num': 0}
eval_step = 1
stopping_step = 10
clip_grad_norm = None
weight_decay = 0.0
loss_decimal_place = 4

Evaluation Hyper Parameters:
eval_args = {'split': {'RS': [0.8, 0.1, 0.1]}, 'order': 'RO', 'group_by': 'user', 'mode': {'valid': 'full', 'test': 'full'}}
repeatable = False
metrics = ['Recall', 'NDCG', 'Precision', 'MAP']
topk = [1, 2, 3, 4, 5, 10, 20, 30, 50]
valid_metric = NDCG@10
valid_metric_bigger = True
eval_batch_size = 4096
metric_decimal_place = 4

Dataset Hyper Parameters:
field_separator = 	
seq_separator =  
USER_ID_FIELD = user_id
ITEM_ID_FIELD = item_id
RATING_FIELD = rating
TIME_FIELD = timestamp
seq_len = None
LABEL_FIELD = label
threshold = None
NEG_PREFIX = neg_
load_col = {'inter': ['user_id', 'item_id', 'rating'], 'user': ['user_id', 'post_num', 'follower', 'following', 'timestamp']}
unload_col = None
unused_col = None
additional_feat_suffix = None
rm_dup_inter = None
val_interval = {'rating': '[0,inf)'}
filter_inter_by_user_or_item = True
user_inter_num_interval = [0,inf)
item_inter_num_interval = [0,inf)
alias_of_user_id = None
alias_of_item_id = None
alias_of_entity_id = None
alias_of_relation_id = None
preload_weight = None
normalize_field = None
normalize_all = None
ITEM_LIST_LENGTH_FIELD = item_length
LIST_SUFFIX = _list
MAX_ITEM_LIST_LENGTH = 50
POSITION_FIELD = position_id
HEAD_ENTITY_ID_FIELD = head_id
TAIL_ENTITY_ID_FIELD = tail_id
RELATION_ID_FIELD = relation_id
ENTITY_ID_FIELD = entity_id
benchmark_filename = None

Other Hyper Parameters: 
worker = 0
wandb_project = recbole
shuffle = True
require_pow = False
enable_amp = False
enable_scaler = False
transform = None
numerical_features = []
discretization = None
kg_reverse_r = False
entity_kg_num_interval = [0,inf)
relation_kg_num_interval = [0,inf)
MODEL_TYPE = ModelType.GENERAL
embedding_size = 64
n_layers = 3
reg_weight = 0.0001
smt_latent_dim = 64
ssl_temp = 0.1
ssl_reg = 0.0
hyper_layers = 1
alpha = 1
potential_reg = 8e-08
semantic_reg = 8e-08
num_clusters = 10
m_step = 1
warm_up_step = 20
user_feature_path = features/roberta_user.npy
item_feature_path = features/roberta_item.npy
MODEL_INPUT_TYPE = InputType.PAIRWISE
eval_type = EvaluatorType.RANKING
single_spec = True
local_rank = 0
device = cuda
valid_neg_sample_args = {'distribution': 'uniform', 'sample_num': 'none'}
test_neg_sample_args = {'distribution': 'uniform', 'sample_num': 'none'}


Sun 15 Mar 2026 22:51:19 INFO  travel
The number of users: 2010
Average actions of users: 18.721254355400696
The number of items: 247
Average actions of items: 152.890243902439
The number of inters: 37611
The sparsity of the dataset: 92.42431566862047%
Remain Fields: ['user_id', 'item_id', 'rating', 'post_num', 'follower', 'following', 'timestamp']
Sun 15 Mar 2026 22:51:19 INFO  [Training]: train_batch_size = [4096] train_neg_sample_args: [{'distribution': 'uniform', 'sample_num': 1, 'alpha': 1.0, 'dynamic': False, 'candidate_num': 0}]
Sun 15 Mar 2026 22:51:19 INFO  [Evaluation]: eval_batch_size = [4096] eval_args: [{'split': {'RS': [0.8, 0.1, 0.1]}, 'order': 'RO', 'group_by': 'user', 'mode': {'valid': 'full', 'test': 'full'}}]
Sun 15 Mar 2026 22:51:20 INFO  SCL(
  (u_MLP): Linear(in_features=1024, out_features=64, bias=True)
  (i_MLP): Linear(in_features=1024, out_features=64, bias=True)
  (user_embedding): Embedding(2010, 64)
  (item_embedding): Embedding(247, 64)
  (mf_loss): BPRLoss()
  (reg_loss): EmbLoss()
)
Trainable parameters: 144448
Sun 15 Mar 2026 22:51:20 INFO  trainable parameters: 144448
Sun 15 Mar 2026 22:51:21 INFO  Running E-step ! 
Sun 15 Mar 2026 22:51:21 INFO  epoch 0 training [time: 0.53s, train_loss1: 5.5399, train_loss2: 0.0000, train_loss3: 0.0113]
Sun 15 Mar 2026 22:51:21 INFO  epoch 0 evaluating [time: 0.19s, valid_score: 0.196400]
Sun 15 Mar 2026 22:51:21 INFO  valid result: 
recall@1 : 0.0611    recall@2 : 0.1133    recall@3 : 0.1538    recall@4 : 0.1837    recall@5 : 0.2133    recall@10 : 0.3034    recall@20 : 0.4175    recall@30 : 0.4909    recall@50 : 0.6093    ndcg@1 : 0.115    ndcg@2 : 0.1312    ndcg@3 : 0.1443    ndcg@4 : 0.1544    ndcg@5 : 0.1648    ndcg@10 : 0.1964    ndcg@20 : 0.2301    ndcg@30 : 0.2489    ndcg@50 : 0.2758    precision@1 : 0.115    precision@2 : 0.1052    precision@3 : 0.0954    precision@4 : 0.0866    precision@5 : 0.0801    precision@10 : 0.06    precision@20 : 0.0424    precision@30 : 0.0337    precision@50 : 0.0255    map@1 : 0.115    map@2 : 0.1125    map@3 : 0.1151    map@4 : 0.118    map@5 : 0.1221    map@10 : 0.1339    map@20 : 0.1441    map@30 : 0.1487    map@50 : 0.1537
Sun 15 Mar 2026 22:51:21 INFO  Saving current: saved/SCL-Mar-15-2026_22-51-20.pth
Sun 15 Mar 2026 22:51:21 INFO  Saving current best: saved/SCL-Mar-15-2026_22-51-20.pth
Sun 15 Mar 2026 22:51:21 INFO  Running E-step ! 
Sun 15 Mar 2026 22:51:22 INFO  epoch 1 training [time: 0.20s, train_loss1: 5.5241, train_loss2: 0.0000, train_loss3: 0.0112]
Sun 15 Mar 2026 22:51:22 INFO  epoch 1 evaluating [time: 0.15s, valid_score: 0.293400]
Sun 15 Mar 2026 22:51:22 INFO  valid result: 
recall@1 : 0.111    recall@2 : 0.187    recall@3 : 0.2445    recall@4 : 0.2801    recall@5 : 0.3116    recall@10 : 0.4417    recall@20 : 0.5693    recall@30 : 0.6371    recall@50 : 0.7385    ndcg@1 : 0.1728    ndcg@2 : 0.2012    ndcg@3 : 0.223    ndcg@4 : 0.2353    ndcg@5 : 0.2473    ndcg@10 : 0.2934    ndcg@20 : 0.331    ndcg@30 : 0.349    ndcg@50 : 0.3731    precision@1 : 0.1728    precision@2 : 0.1517    precision@3 : 0.1357    precision@4 : 0.1198    precision@5 : 0.1097    precision@10 : 0.0813    precision@20 : 0.0544    precision@30 : 0.0419    precision@50 : 0.0304    map@1 : 0.1728    map@2 : 0.1768    map@3 : 0.1852    map@4 : 0.1893    map@5 : 0.1943    map@10 : 0.2132    map@20 : 0.2253    map@30 : 0.2301    map@50 : 0.2352
Sun 15 Mar 2026 22:51:22 INFO  Saving current: saved/SCL-Mar-15-2026_22-51-20.pth
Sun 15 Mar 2026 22:51:22 INFO  Saving current best: saved/SCL-Mar-15-2026_22-51-20.pth
Sun 15 Mar 2026 22:51:22 INFO  Running E-step ! 
Sun 15 Mar 2026 22:51:22 INFO  epoch 2 training [time: 0.19s, train_loss1: 5.4852, train_loss2: 0.0000, train_loss3: 0.0111]
Sun 15 Mar 2026 22:51:22 INFO  epoch 2 evaluating [time: 0.15s, valid_score: 0.301600]
Sun 15 Mar 2026 22:51:22 INFO  valid result: 
recall@1 : 0.113    recall@2 : 0.1929    recall@3 : 0.2565    recall@4 : 0.2954    recall@5 : 0.3259    recall@10 : 0.4546    recall@20 : 0.5859    recall@30 : 0.6544    recall@50 : 0.755    ndcg@1 : 0.1752    ndcg@2 : 0.2059    ndcg@3 : 0.2307    ndcg@4 : 0.2449    ndcg@5 : 0.2563    ndcg@10 : 0.3016    ndcg@20 : 0.3403    ndcg@30 : 0.3587    ndcg@50 : 0.3827    precision@1 : 0.1752    precision@2 : 0.1552    precision@3 : 0.14    precision@4 : 0.1249    precision@5 : 0.1133    precision@10 : 0.0827    precision@20 : 0.0557    precision@30 : 0.043    precision@50 : 0.031    map@1 : 0.1752    map@2 : 0.181    map@3 : 0.1913    map@4 : 0.1968    map@5 : 0.2017    map@10 : 0.2198    map@20 : 0.2322    map@30 : 0.2374    map@50 : 0.2425
Sun 15 Mar 2026 22:51:22 INFO  Saving current: saved/SCL-Mar-15-2026_22-51-20.pth
Sun 15 Mar 2026 22:51:22 INFO  Saving current best: saved/SCL-Mar-15-2026_22-51-20.pth
Sun 15 Mar 2026 22:51:22 INFO  Running E-step ! 
Sun 15 Mar 2026 22:51:22 INFO  epoch 3 training [time: 0.18s, train_loss1: 5.4131, train_loss2: 0.0000, train_loss3: 0.0110]
Sun 15 Mar 2026 22:51:22 INFO  epoch 3 evaluating [time: 0.15s, valid_score: 0.301700]
Sun 15 Mar 2026 22:51:22 INFO  valid result: 
recall@1 : 0.113    recall@2 : 0.1938    recall@3 : 0.2574    recall@4 : 0.3013    recall@5 : 0.3316    recall@10 : 0.4531    recall@20 : 0.5853    recall@30 : 0.6658    recall@50 : 0.7576    ndcg@1 : 0.1764    ndcg@2 : 0.2067    ndcg@3 : 0.2312    ndcg@4 : 0.248    ndcg@5 : 0.2591    ndcg@10 : 0.3017    ndcg@20 : 0.3408    ndcg@30 : 0.3621    ndcg@50 : 0.3844    precision@1 : 0.1764    precision@2 : 0.1558    precision@3 : 0.14    precision@4 : 0.1271    precision@5 : 0.1145    precision@10 : 0.0822    precision@20 : 0.0556    precision@30 : 0.0436    precision@50 : 0.031    map@1 : 0.1764    map@2 : 0.1821    map@3 : 0.192    map@4 : 0.1988    map@5 : 0.2034    map@10 : 0.2203    map@20 : 0.233    map@30 : 0.2388    map@50 : 0.2437
Sun 15 Mar 2026 22:51:22 INFO  Saving current: saved/SCL-Mar-15-2026_22-51-20.pth
Sun 15 Mar 2026 22:51:22 INFO  Saving current best: saved/SCL-Mar-15-2026_22-51-20.pth
Sun 15 Mar 2026 22:51:22 INFO  Running E-step ! 
Sun 15 Mar 2026 22:51:23 INFO  epoch 4 training [time: 0.19s, train_loss1: 5.3017, train_loss2: 0.0000, train_loss3: 0.0111]
Sun 15 Mar 2026 22:51:23 INFO  epoch 4 evaluating [time: 0.15s, valid_score: 0.302200]
Sun 15 Mar 2026 22:51:23 INFO  valid result: 
recall@1 : 0.1141    recall@2 : 0.195    recall@3 : 0.2575    recall@4 : 0.3005    recall@5 : 0.3304    recall@10 : 0.4529    recall@20 : 0.5839    recall@30 : 0.6764    recall@50 : 0.761    ndcg@1 : 0.1788    ndcg@2 : 0.2081    ndcg@3 : 0.2321    ndcg@4 : 0.2482    ndcg@5 : 0.259    ndcg@10 : 0.3022    ndcg@20 : 0.3411    ndcg@30 : 0.3651    ndcg@50 : 0.3858    precision@1 : 0.1788    precision@2 : 0.1564    precision@3 : 0.1406    precision@4 : 0.1266    precision@5 : 0.1136    precision@10 : 0.0821    precision@20 : 0.0555    precision@30 : 0.0441    precision@50 : 0.0311    map@1 : 0.1788    map@2 : 0.1834    map@3 : 0.193    map@4 : 0.1993    map@5 : 0.2038    map@10 : 0.2209    map@20 : 0.2336    map@30 : 0.2399    map@50 : 0.2446
Sun 15 Mar 2026 22:51:23 INFO  Saving current: saved/SCL-Mar-15-2026_22-51-20.pth
Sun 15 Mar 2026 22:51:23 INFO  Saving current best: saved/SCL-Mar-15-2026_22-51-20.pth
Sun 15 Mar 2026 22:51:23 INFO  Running E-step ! 
Sun 15 Mar 2026 22:51:23 INFO  epoch 5 training [time: 0.19s, train_loss1: 5.1426, train_loss2: 0.0000, train_loss3: 0.0111]
Sun 15 Mar 2026 22:51:23 INFO  epoch 5 evaluating [time: 0.14s, valid_score: 0.302000]
Sun 15 Mar 2026 22:51:23 INFO  valid result: 
recall@1 : 0.1129    recall@2 : 0.1967    recall@3 : 0.2579    recall@4 : 0.3    recall@5 : 0.3325    recall@10 : 0.453    recall@20 : 0.5849    recall@30 : 0.6762    recall@50 : 0.7602    ndcg@1 : 0.1776    ndcg@2 : 0.2088    ndcg@3 : 0.232    ndcg@4 : 0.2477    ndcg@5 : 0.2597    ndcg@10 : 0.302    ndcg@20 : 0.3412    ndcg@30 : 0.3649    ndcg@50 : 0.3855    precision@1 : 0.1776    precision@2 : 0.1573    precision@3 : 0.1406    precision@4 : 0.1263    precision@5 : 0.1142    precision@10 : 0.0819    precision@20 : 0.0557    precision@30 : 0.044    precision@50 : 0.0311    map@1 : 0.1776    map@2 : 0.1837    map@3 : 0.1928    map@4 : 0.1987    map@5 : 0.204    map@10 : 0.2206    map@20 : 0.2334    map@30 : 0.2397    map@50 : 0.2443
Sun 15 Mar 2026 22:51:23 INFO  Running E-step ! 
Sun 15 Mar 2026 22:51:23 INFO  epoch 6 training [time: 0.19s, train_loss1: 4.9568, train_loss2: 0.0000, train_loss3: 0.0111]
Sun 15 Mar 2026 22:51:23 INFO  epoch 6 evaluating [time: 0.15s, valid_score: 0.301800]
Sun 15 Mar 2026 22:51:23 INFO  valid result: 
recall@1 : 0.1129    recall@2 : 0.1969    recall@3 : 0.2573    recall@4 : 0.3    recall@5 : 0.3323    recall@10 : 0.4527    recall@20 : 0.585    recall@30 : 0.6768    recall@50 : 0.7607    ndcg@1 : 0.1776    ndcg@2 : 0.209    ndcg@3 : 0.2318    ndcg@4 : 0.2477    ndcg@5 : 0.2595    ndcg@10 : 0.3018    ndcg@20 : 0.3411    ndcg@30 : 0.3651    ndcg@50 : 0.3856    precision@1 : 0.1776    precision@2 : 0.1576    precision@3 : 0.1404    precision@4 : 0.1263    precision@5 : 0.1141    precision@10 : 0.0818    precision@20 : 0.0556    precision@30 : 0.0442    precision@50 : 0.0311    map@1 : 0.1776    map@2 : 0.1838    map@3 : 0.1926    map@4 : 0.1987    map@5 : 0.2039    map@10 : 0.2205    map@20 : 0.2333    map@30 : 0.2397    map@50 : 0.2443
Sun 15 Mar 2026 22:51:23 INFO  Running E-step ! 
Sun 15 Mar 2026 22:51:24 INFO  epoch 7 training [time: 0.17s, train_loss1: 4.7364, train_loss2: 0.0000, train_loss3: 0.0111]
Sun 15 Mar 2026 22:51:24 INFO  epoch 7 evaluating [time: 0.15s, valid_score: 0.301100]
Sun 15 Mar 2026 22:51:24 INFO  valid result: 
recall@1 : 0.1129    recall@2 : 0.1969    recall@3 : 0.2571    recall@4 : 0.2998    recall@5 : 0.332    recall@10 : 0.4504    recall@20 : 0.5854    recall@30 : 0.6768    recall@50 : 0.7613    ndcg@1 : 0.1776    ndcg@2 : 0.209    ndcg@3 : 0.2316    ndcg@4 : 0.2475    ndcg@5 : 0.2593    ndcg@10 : 0.3011    ndcg@20 : 0.3413    ndcg@30 : 0.3651    ndcg@50 : 0.3857    precision@1 : 0.1776    precision@2 : 0.1576    precision@3 : 0.1402    precision@4 : 0.126    precision@5 : 0.1138    precision@10 : 0.0816    precision@20 : 0.0557    precision@30 : 0.0442    precision@50 : 0.0312    map@1 : 0.1776    map@2 : 0.1838    map@3 : 0.1926    map@4 : 0.1987    map@5 : 0.2038    map@10 : 0.2202    map@20 : 0.2334    map@30 : 0.2397    map@50 : 0.2443
Sun 15 Mar 2026 22:51:24 INFO  Running E-step ! 
Sun 15 Mar 2026 22:51:24 INFO  epoch 8 training [time: 0.17s, train_loss1: 4.4904, train_loss2: 0.0000, train_loss3: 0.0111]
Sun 15 Mar 2026 22:51:24 INFO  epoch 8 evaluating [time: 0.15s, valid_score: 0.301300]
Sun 15 Mar 2026 22:51:24 INFO  valid result: 
recall@1 : 0.1129    recall@2 : 0.1969    recall@3 : 0.2571    recall@4 : 0.2996    recall@5 : 0.3323    recall@10 : 0.451    recall@20 : 0.5848    recall@30 : 0.6779    recall@50 : 0.7622    ndcg@1 : 0.1776    ndcg@2 : 0.209    ndcg@3 : 0.2316    ndcg@4 : 0.2473    ndcg@5 : 0.2595    ndcg@10 : 0.3013    ndcg@20 : 0.3411    ndcg@30 : 0.3653    ndcg@50 : 0.3859    precision@1 : 0.1776    precision@2 : 0.1576    precision@3 : 0.1402    precision@4 : 0.1257    precision@5 : 0.1141    precision@10 : 0.0816    precision@20 : 0.0557    precision@30 : 0.0443    precision@50 : 0.0312    map@1 : 0.1776    map@2 : 0.1838    map@3 : 0.1926    map@4 : 0.1985    map@5 : 0.2038    map@10 : 0.2203    map@20 : 0.2333    map@30 : 0.2397    map@50 : 0.2443
Sun 15 Mar 2026 22:51:24 INFO  Running E-step ! 
Sun 15 Mar 2026 22:51:24 INFO  epoch 9 training [time: 0.18s, train_loss1: 4.2645, train_loss2: 0.0000, train_loss3: 0.0111]
Sun 15 Mar 2026 22:51:24 INFO  epoch 9 evaluating [time: 0.14s, valid_score: 0.301000]
Sun 15 Mar 2026 22:51:24 INFO  valid result: 
recall@1 : 0.1128    recall@2 : 0.1969    recall@3 : 0.2572    recall@4 : 0.2996    recall@5 : 0.3325    recall@10 : 0.4509    recall@20 : 0.5861    recall@30 : 0.6784    recall@50 : 0.7624    ndcg@1 : 0.177    ndcg@2 : 0.2089    ndcg@3 : 0.2317    ndcg@4 : 0.2472    ndcg@5 : 0.2595    ndcg@10 : 0.301    ndcg@20 : 0.3414    ndcg@30 : 0.3653    ndcg@50 : 0.3858    precision@1 : 0.177    precision@2 : 0.1576    precision@3 : 0.1404    precision@4 : 0.1257    precision@5 : 0.1142    precision@10 : 0.0814    precision@20 : 0.0559    precision@30 : 0.0443    precision@50 : 0.0312    map@1 : 0.177    map@2 : 0.1837    map@3 : 0.1925    map@4 : 0.1985    map@5 : 0.2038    map@10 : 0.2201    map@20 : 0.2333    map@30 : 0.2397    map@50 : 0.2442
Sun 15 Mar 2026 22:51:24 INFO  Running E-step ! 
Sun 15 Mar 2026 22:51:25 INFO  epoch 10 training [time: 0.18s, train_loss1: 4.0768, train_loss2: 0.0000, train_loss3: 0.0111]
Sun 15 Mar 2026 22:51:25 INFO  epoch 10 evaluating [time: 0.14s, valid_score: 0.301200]
Sun 15 Mar 2026 22:51:25 INFO  valid result: 
recall@1 : 0.1134    recall@2 : 0.1967    recall@3 : 0.2573    recall@4 : 0.2993    recall@5 : 0.3324    recall@10 : 0.4508    recall@20 : 0.5859    recall@30 : 0.6788    recall@50 : 0.7628    ndcg@1 : 0.1776    ndcg@2 : 0.2091    ndcg@3 : 0.232    ndcg@4 : 0.2474    ndcg@5 : 0.2597    ndcg@10 : 0.3012    ndcg@20 : 0.3415    ndcg@30 : 0.3656    ndcg@50 : 0.3861    precision@1 : 0.1776    precision@2 : 0.1576    precision@3 : 0.1406    precision@4 : 0.1257    precision@5 : 0.1141    precision@10 : 0.0814    precision@20 : 0.0559    precision@30 : 0.0443    precision@50 : 0.0312    map@1 : 0.1776    map@2 : 0.1838    map@3 : 0.1929    map@4 : 0.1986    map@5 : 0.204    map@10 : 0.2203    map@20 : 0.2335    map@30 : 0.2399    map@50 : 0.2444
Sun 15 Mar 2026 22:51:25 INFO  Running E-step ! 
Sun 15 Mar 2026 22:51:25 INFO  epoch 11 training [time: 0.18s, train_loss1: 3.8855, train_loss2: 0.0000, train_loss3: 0.0111]
Sun 15 Mar 2026 22:51:25 INFO  epoch 11 evaluating [time: 0.15s, valid_score: 0.301100]
Sun 15 Mar 2026 22:51:25 INFO  valid result: 
recall@1 : 0.1134    recall@2 : 0.1967    recall@3 : 0.2578    recall@4 : 0.2999    recall@5 : 0.3321    recall@10 : 0.4506    recall@20 : 0.5856    recall@30 : 0.6796    recall@50 : 0.7622    ndcg@1 : 0.1776    ndcg@2 : 0.2091    ndcg@3 : 0.2324    ndcg@4 : 0.2476    ndcg@5 : 0.2596    ndcg@10 : 0.3011    ndcg@20 : 0.3414    ndcg@30 : 0.3658    ndcg@50 : 0.386    precision@1 : 0.1776    precision@2 : 0.1576    precision@3 : 0.141    precision@4 : 0.1257    precision@5 : 0.1139    precision@10 : 0.0813    precision@20 : 0.0558    precision@30 : 0.0443    precision@50 : 0.0312    map@1 : 0.1776    map@2 : 0.1838    map@3 : 0.1931    map@4 : 0.1988    map@5 : 0.2039    map@10 : 0.2204    map@20 : 0.2335    map@30 : 0.24    map@50 : 0.2445
Sun 15 Mar 2026 22:51:25 INFO  Running E-step ! 
Sun 15 Mar 2026 22:51:25 INFO  epoch 12 training [time: 0.18s, train_loss1: 3.7523, train_loss2: 0.0000, train_loss3: 0.0111]
Sun 15 Mar 2026 22:51:25 INFO  epoch 12 evaluating [time: 0.14s, valid_score: 0.301500]
Sun 15 Mar 2026 22:51:25 INFO  valid result: 
recall@1 : 0.1134    recall@2 : 0.1966    recall@3 : 0.2572    recall@4 : 0.2996    recall@5 : 0.3323    recall@10 : 0.4518    recall@20 : 0.586    recall@30 : 0.6806    recall@50 : 0.7623    ndcg@1 : 0.1782    ndcg@2 : 0.209    ndcg@3 : 0.2321    ndcg@4 : 0.2474    ndcg@5 : 0.2597    ndcg@10 : 0.3015    ndcg@20 : 0.3415    ndcg@30 : 0.366    ndcg@50 : 0.3861    precision@1 : 0.1782    precision@2 : 0.1573    precision@3 : 0.1408    precision@4 : 0.1254    precision@5 : 0.1141    precision@10 : 0.0814    precision@20 : 0.0558    precision@30 : 0.0444    precision@50 : 0.0312    map@1 : 0.1782    map@2 : 0.1838    map@3 : 0.193    map@4 : 0.1988    map@5 : 0.2039    map@10 : 0.2205    map@20 : 0.2336    map@30 : 0.24    map@50 : 0.2445
Sun 15 Mar 2026 22:51:25 INFO  Running E-step ! 
Sun 15 Mar 2026 22:51:26 INFO  epoch 13 training [time: 0.18s, train_loss1: 3.6247, train_loss2: 0.0000, train_loss3: 0.0111]
Sun 15 Mar 2026 22:51:26 INFO  epoch 13 evaluating [time: 0.15s, valid_score: 0.301800]
Sun 15 Mar 2026 22:51:26 INFO  valid result: 
recall@1 : 0.1134    recall@2 : 0.1966    recall@3 : 0.2572    recall@4 : 0.299    recall@5 : 0.3317    recall@10 : 0.4527    recall@20 : 0.5853    recall@30 : 0.6804    recall@50 : 0.7618    ndcg@1 : 0.1782    ndcg@2 : 0.209    ndcg@3 : 0.2321    ndcg@4 : 0.2471    ndcg@5 : 0.2594    ndcg@10 : 0.3018    ndcg@20 : 0.3414    ndcg@30 : 0.366    ndcg@50 : 0.386    precision@1 : 0.1782    precision@2 : 0.1573    precision@3 : 0.1408    precision@4 : 0.1253    precision@5 : 0.1139    precision@10 : 0.0816    precision@20 : 0.0558    precision@30 : 0.0444    precision@50 : 0.0312    map@1 : 0.1782    map@2 : 0.1838    map@3 : 0.193    map@4 : 0.1986    map@5 : 0.2038    map@10 : 0.2206    map@20 : 0.2335    map@30 : 0.24    map@50 : 0.2445
Sun 15 Mar 2026 22:51:26 INFO  Running E-step ! 
Sun 15 Mar 2026 22:51:26 INFO  epoch 14 training [time: 0.17s, train_loss1: 3.5171, train_loss2: 0.0000, train_loss3: 0.0111]
Sun 15 Mar 2026 22:51:26 INFO  epoch 14 evaluating [time: 0.14s, valid_score: 0.301200]
Sun 15 Mar 2026 22:51:26 INFO  valid result: 
recall@1 : 0.1128    recall@2 : 0.1966    recall@3 : 0.2572    recall@4 : 0.2987    recall@5 : 0.331    recall@10 : 0.452    recall@20 : 0.5853    recall@30 : 0.6797    recall@50 : 0.7606    ndcg@1 : 0.1776    ndcg@2 : 0.2088    ndcg@3 : 0.2319    ndcg@4 : 0.2467    ndcg@5 : 0.2589    ndcg@10 : 0.3012    ndcg@20 : 0.3411    ndcg@30 : 0.3655    ndcg@50 : 0.3854    precision@1 : 0.1776    precision@2 : 0.1573    precision@3 : 0.1408    precision@4 : 0.1251    precision@5 : 0.1137    precision@10 : 0.0815    precision@20 : 0.0558    precision@30 : 0.0443    precision@50 : 0.0312    map@1 : 0.1776    map@2 : 0.1836    map@3 : 0.1927    map@4 : 0.1982    map@5 : 0.2033    map@10 : 0.2201    map@20 : 0.2331    map@30 : 0.2395    map@50 : 0.244
Sun 15 Mar 2026 22:51:26 INFO  Running E-step ! 
Sun 15 Mar 2026 22:51:26 INFO  epoch 15 training [time: 0.17s, train_loss1: 3.4740, train_loss2: 0.0000, train_loss3: 0.0111]
Sun 15 Mar 2026 22:51:26 INFO  epoch 15 evaluating [time: 0.14s, valid_score: 0.301100]
Sun 15 Mar 2026 22:51:26 INFO  valid result: 
recall@1 : 0.1128    recall@2 : 0.1966    recall@3 : 0.2572    recall@4 : 0.2981    recall@5 : 0.331    recall@10 : 0.4512    recall@20 : 0.5852    recall@30 : 0.6795    recall@50 : 0.7606    ndcg@1 : 0.1776    ndcg@2 : 0.2088    ndcg@3 : 0.2319    ndcg@4 : 0.2465    ndcg@5 : 0.2589    ndcg@10 : 0.3011    ndcg@20 : 0.341    ndcg@30 : 0.3654    ndcg@50 : 0.3854    precision@1 : 0.1776    precision@2 : 0.1573    precision@3 : 0.1408    precision@4 : 0.125    precision@5 : 0.1138    precision@10 : 0.0815    precision@20 : 0.0557    precision@30 : 0.0443    precision@50 : 0.0312    map@1 : 0.1776    map@2 : 0.1836    map@3 : 0.1927    map@4 : 0.1981    map@5 : 0.2033    map@10 : 0.22    map@20 : 0.2331    map@30 : 0.2395    map@50 : 0.244
Sun 15 Mar 2026 22:51:26 INFO  Finished training, best eval result in epoch 4
Sun 15 Mar 2026 22:51:26 INFO  Loading model structure and parameters from saved/SCL-Mar-15-2026_22-51-20.pth
Sun 15 Mar 2026 22:51:27 INFO  best valid : OrderedDict([('recall@1', 0.1141), ('recall@2', 0.195), ('recall@3', 0.2575), ('recall@4', 0.3005), ('recall@5', 0.3304), ('recall@10', 0.4529), ('recall@20', 0.5839), ('recall@30', 0.6764), ('recall@50', 0.761), ('ndcg@1', 0.1788), ('ndcg@2', 0.2081), ('ndcg@3', 0.2321), ('ndcg@4', 0.2482), ('ndcg@5', 0.259), ('ndcg@10', 0.3022), ('ndcg@20', 0.3411), ('ndcg@30', 0.3651), ('ndcg@50', 0.3858), ('precision@1', 0.1788), ('precision@2', 0.1564), ('precision@3', 0.1406), ('precision@4', 0.1266), ('precision@5', 0.1136), ('precision@10', 0.0821), ('precision@20', 0.0555), ('precision@30', 0.0441), ('precision@50', 0.0311), ('map@1', 0.1788), ('map@2', 0.1834), ('map@3', 0.193), ('map@4', 0.1993), ('map@5', 0.2038), ('map@10', 0.2209), ('map@20', 0.2336), ('map@30', 0.2399), ('map@50', 0.2446)])
Sun 15 Mar 2026 22:51:27 INFO  test result: OrderedDict([('recall@1', 0.1467), ('recall@2', 0.2344), ('recall@3', 0.282), ('recall@4', 0.3258), ('recall@5', 0.3571), ('recall@10', 0.4786), ('recall@20', 0.6078), ('recall@30', 0.6945), ('recall@50', 0.7864), ('ndcg@1', 0.2411), ('ndcg@2', 0.2598), ('ndcg@3', 0.2718), ('ndcg@4', 0.2856), ('ndcg@5', 0.2961), ('ndcg@10', 0.3363), ('ndcg@20', 0.373), ('ndcg@30', 0.3952), ('ndcg@50', 0.4173), ('precision@1', 0.2411), ('precision@2', 0.1904), ('precision@3', 0.1583), ('precision@4', 0.1395), ('precision@5', 0.1248), ('precision@10', 0.0864), ('precision@20', 0.0565), ('precision@30', 0.0439), ('precision@50', 0.0312), ('map@1', 0.2411), ('map@2', 0.2343), ('map@3', 0.2334), ('map@4', 0.2377), ('map@5', 0.2417), ('map@10', 0.2566), ('map@20', 0.2679), ('map@30', 0.2736), ('map@50', 0.2786)])
Sun 15 Mar 2026 22:51:27 INFO  training time: 5.8927s
Sun 15 Mar 2026 22:51:27 INFO  result file: results/again2/scl_wo_struct_seed2029.json
