Sun 15 Mar 2026 22:39:05 INFO  
General Hyper Parameters:
gpu_id = 0
use_gpu = True
seed = 2021
state = INFO
reproducibility = True
data_path = ./travel
checkpoint_dir = saved
show_progress = True
save_dataset = False
dataset_save_path = None
save_dataloaders = False
dataloaders_save_path = None
log_wandb = False

Training Hyper Parameters:
epochs = 1000
train_batch_size = 4096
learner = adam
learning_rate = 0.001
train_neg_sample_args = {'distribution': 'uniform', 'sample_num': 1, 'alpha': 1.0, 'dynamic': False, 'candidate_num': 0}
eval_step = 1
stopping_step = 10
clip_grad_norm = None
weight_decay = 0.0
loss_decimal_place = 4

Evaluation Hyper Parameters:
eval_args = {'split': {'RS': [0.8, 0.1, 0.1]}, 'order': 'RO', 'group_by': 'user', 'mode': {'valid': 'full', 'test': 'full'}}
repeatable = False
metrics = ['Recall', 'NDCG', 'Precision', 'MAP']
topk = [1, 2, 3, 4, 5, 10, 20, 30, 50]
valid_metric = NDCG@10
valid_metric_bigger = True
eval_batch_size = 4096
metric_decimal_place = 4

Dataset Hyper Parameters:
field_separator = 	
seq_separator =  
USER_ID_FIELD = user_id
ITEM_ID_FIELD = item_id
RATING_FIELD = rating
TIME_FIELD = timestamp
seq_len = None
LABEL_FIELD = label
threshold = None
NEG_PREFIX = neg_
load_col = {'inter': ['user_id', 'item_id', 'rating'], 'user': ['user_id', 'post_num', 'follower', 'following', 'timestamp']}
unload_col = None
unused_col = None
additional_feat_suffix = None
rm_dup_inter = None
val_interval = {'rating': '[0,inf)'}
filter_inter_by_user_or_item = True
user_inter_num_interval = [0,inf)
item_inter_num_interval = [0,inf)
alias_of_user_id = None
alias_of_item_id = None
alias_of_entity_id = None
alias_of_relation_id = None
preload_weight = None
normalize_field = None
normalize_all = None
ITEM_LIST_LENGTH_FIELD = item_length
LIST_SUFFIX = _list
MAX_ITEM_LIST_LENGTH = 50
POSITION_FIELD = position_id
HEAD_ENTITY_ID_FIELD = head_id
TAIL_ENTITY_ID_FIELD = tail_id
RELATION_ID_FIELD = relation_id
ENTITY_ID_FIELD = entity_id
benchmark_filename = None

Other Hyper Parameters: 
worker = 0
wandb_project = recbole
shuffle = True
require_pow = False
enable_amp = False
enable_scaler = False
transform = None
numerical_features = []
discretization = None
kg_reverse_r = False
entity_kg_num_interval = [0,inf)
relation_kg_num_interval = [0,inf)
MODEL_TYPE = ModelType.GENERAL
embedding_size = 64
n_layers = 3
reg_weight = 0.0001
smt_latent_dim = 64
ssl_temp = 0.1
ssl_reg = 1e-07
hyper_layers = 1
alpha = 1
potential_reg = 8e-08
semantic_reg = 0.0
num_clusters = 10
m_step = 1
warm_up_step = 20
user_feature_path = features/roberta_user.npy
item_feature_path = features/roberta_item.npy
MODEL_INPUT_TYPE = InputType.PAIRWISE
eval_type = EvaluatorType.RANKING
single_spec = True
local_rank = 0
device = cuda
valid_neg_sample_args = {'distribution': 'uniform', 'sample_num': 'none'}
test_neg_sample_args = {'distribution': 'uniform', 'sample_num': 'none'}


Sun 15 Mar 2026 22:39:05 INFO  travel
The number of users: 2010
Average actions of users: 18.721254355400696
The number of items: 247
Average actions of items: 152.890243902439
The number of inters: 37611
The sparsity of the dataset: 92.42431566862047%
Remain Fields: ['user_id', 'item_id', 'rating', 'post_num', 'follower', 'following', 'timestamp']
Sun 15 Mar 2026 22:39:05 INFO  [Training]: train_batch_size = [4096] train_neg_sample_args: [{'distribution': 'uniform', 'sample_num': 1, 'alpha': 1.0, 'dynamic': False, 'candidate_num': 0}]
Sun 15 Mar 2026 22:39:05 INFO  [Evaluation]: eval_batch_size = [4096] eval_args: [{'split': {'RS': [0.8, 0.1, 0.1]}, 'order': 'RO', 'group_by': 'user', 'mode': {'valid': 'full', 'test': 'full'}}]
Sun 15 Mar 2026 22:39:06 INFO  SCL(
  (u_MLP): Linear(in_features=1024, out_features=64, bias=True)
  (i_MLP): Linear(in_features=1024, out_features=64, bias=True)
  (user_embedding): Embedding(2010, 64)
  (item_embedding): Embedding(247, 64)
  (mf_loss): BPRLoss()
  (reg_loss): EmbLoss()
)
Trainable parameters: 144448
Sun 15 Mar 2026 22:39:06 INFO  trainable parameters: 144448
Sun 15 Mar 2026 22:39:07 INFO  Running E-step ! 
Sun 15 Mar 2026 22:39:07 INFO  epoch 0 training [time: 0.47s, train_loss1: 5.5428, train_loss2: 0.0191, train_loss3: 0.0000]
Sun 15 Mar 2026 22:39:07 INFO  epoch 0 evaluating [time: 0.19s, valid_score: 0.033000]
Sun 15 Mar 2026 22:39:07 INFO  valid result: 
recall@1 : 0.0085    recall@2 : 0.0149    recall@3 : 0.0218    recall@4 : 0.0268    recall@5 : 0.0306    recall@10 : 0.0542    recall@20 : 0.0959    recall@30 : 0.142    recall@50 : 0.226    ndcg@1 : 0.0179    ndcg@2 : 0.0195    ndcg@3 : 0.0218    ndcg@4 : 0.0238    ndcg@5 : 0.0251    ndcg@10 : 0.033    ndcg@20 : 0.046    ndcg@30 : 0.0581    ndcg@50 : 0.0776    precision@1 : 0.0179    precision@2 : 0.0167    precision@3 : 0.0155    precision@4 : 0.0149    precision@5 : 0.0141    precision@10 : 0.0121    precision@20 : 0.0117    precision@30 : 0.0114    precision@50 : 0.011    map@1 : 0.0179    map@2 : 0.0161    map@3 : 0.0164    map@4 : 0.0169    map@5 : 0.0173    map@10 : 0.0198    map@20 : 0.0228    map@30 : 0.0251    map@50 : 0.028
Sun 15 Mar 2026 22:39:07 INFO  Saving current: saved/SCL-Mar-15-2026_22-39-06.pth
Sun 15 Mar 2026 22:39:07 INFO  Saving current best: saved/SCL-Mar-15-2026_22-39-06.pth
Sun 15 Mar 2026 22:39:07 INFO  Running E-step ! 
Sun 15 Mar 2026 22:39:08 INFO  epoch 1 training [time: 0.19s, train_loss1: 5.5426, train_loss2: 0.0150, train_loss3: 0.0000]
Sun 15 Mar 2026 22:39:08 INFO  epoch 1 evaluating [time: 0.15s, valid_score: 0.033400]
Sun 15 Mar 2026 22:39:08 INFO  valid result: 
recall@1 : 0.0082    recall@2 : 0.0163    recall@3 : 0.022    recall@4 : 0.0266    recall@5 : 0.0311    recall@10 : 0.0541    recall@20 : 0.0983    recall@30 : 0.1429    recall@50 : 0.23    ndcg@1 : 0.0191    ndcg@2 : 0.0205    ndcg@3 : 0.0225    ndcg@4 : 0.0241    ndcg@5 : 0.0259    ndcg@10 : 0.0334    ndcg@20 : 0.047    ndcg@30 : 0.0586    ndcg@50 : 0.0788    precision@1 : 0.0191    precision@2 : 0.0173    precision@3 : 0.0161    precision@4 : 0.0152    precision@5 : 0.0148    precision@10 : 0.0123    precision@20 : 0.012    precision@30 : 0.0116    precision@50 : 0.0112    map@1 : 0.0191    map@2 : 0.0168    map@3 : 0.0169    map@4 : 0.0171    map@5 : 0.0177    map@10 : 0.02    map@20 : 0.0231    map@30 : 0.0253    map@50 : 0.0283
Sun 15 Mar 2026 22:39:08 INFO  Saving current: saved/SCL-Mar-15-2026_22-39-06.pth
Sun 15 Mar 2026 22:39:08 INFO  Saving current best: saved/SCL-Mar-15-2026_22-39-06.pth
Sun 15 Mar 2026 22:39:08 INFO  Running E-step ! 
Sun 15 Mar 2026 22:39:08 INFO  epoch 2 training [time: 0.19s, train_loss1: 5.5421, train_loss2: 0.0130, train_loss3: 0.0000]
Sun 15 Mar 2026 22:39:08 INFO  epoch 2 evaluating [time: 0.15s, valid_score: 0.035300]
Sun 15 Mar 2026 22:39:08 INFO  valid result: 
recall@1 : 0.0095    recall@2 : 0.0166    recall@3 : 0.0227    recall@4 : 0.0285    recall@5 : 0.0318    recall@10 : 0.0566    recall@20 : 0.103    recall@30 : 0.1462    recall@50 : 0.23    ndcg@1 : 0.0215    ndcg@2 : 0.022    ndcg@3 : 0.0236    ndcg@4 : 0.0258    ndcg@5 : 0.027    ndcg@10 : 0.0353    ndcg@20 : 0.0491    ndcg@30 : 0.0605    ndcg@50 : 0.08    precision@1 : 0.0215    precision@2 : 0.0182    precision@3 : 0.0163    precision@4 : 0.0158    precision@5 : 0.0148    precision@10 : 0.0132    precision@20 : 0.0125    precision@30 : 0.0119    precision@50 : 0.0112    map@1 : 0.0215    map@2 : 0.0185    map@3 : 0.018    map@4 : 0.0185    map@5 : 0.0188    map@10 : 0.0212    map@20 : 0.0245    map@30 : 0.0266    map@50 : 0.0294
Sun 15 Mar 2026 22:39:08 INFO  Saving current: saved/SCL-Mar-15-2026_22-39-06.pth
Sun 15 Mar 2026 22:39:08 INFO  Saving current best: saved/SCL-Mar-15-2026_22-39-06.pth
Sun 15 Mar 2026 22:39:08 INFO  Running E-step ! 
Sun 15 Mar 2026 22:39:08 INFO  epoch 3 training [time: 0.18s, train_loss1: 5.5415, train_loss2: 0.0114, train_loss3: 0.0000]
Sun 15 Mar 2026 22:39:09 INFO  epoch 3 evaluating [time: 0.15s, valid_score: 0.035100]
Sun 15 Mar 2026 22:39:09 INFO  valid result: 
recall@1 : 0.0101    recall@2 : 0.0164    recall@3 : 0.0222    recall@4 : 0.0267    recall@5 : 0.0317    recall@10 : 0.0548    recall@20 : 0.1009    recall@30 : 0.1505    recall@50 : 0.2367    ndcg@1 : 0.0238    ndcg@2 : 0.0229    ndcg@3 : 0.0243    ndcg@4 : 0.0257    ndcg@5 : 0.0273    ndcg@10 : 0.0351    ndcg@20 : 0.0489    ndcg@30 : 0.0619    ndcg@50 : 0.0819    precision@1 : 0.0238    precision@2 : 0.0188    precision@3 : 0.0169    precision@4 : 0.0156    precision@5 : 0.0149    precision@10 : 0.013    precision@20 : 0.0122    precision@30 : 0.0121    precision@50 : 0.0115    map@1 : 0.0238    map@2 : 0.0192    map@3 : 0.0187    map@4 : 0.0187    map@5 : 0.0191    map@10 : 0.0212    map@20 : 0.0246    map@30 : 0.027    map@50 : 0.03
Sun 15 Mar 2026 22:39:09 INFO  Running E-step ! 
Sun 15 Mar 2026 22:39:09 INFO  epoch 4 training [time: 0.18s, train_loss1: 5.5408, train_loss2: 0.0100, train_loss3: 0.0000]
Sun 15 Mar 2026 22:39:09 INFO  epoch 4 evaluating [time: 0.16s, valid_score: 0.036100]
Sun 15 Mar 2026 22:39:09 INFO  valid result: 
recall@1 : 0.0106    recall@2 : 0.0179    recall@3 : 0.0238    recall@4 : 0.027    recall@5 : 0.0309    recall@10 : 0.0561    recall@20 : 0.1063    recall@30 : 0.1555    recall@50 : 0.2359    ndcg@1 : 0.0238    ndcg@2 : 0.0244    ndcg@3 : 0.0261    ndcg@4 : 0.0264    ndcg@5 : 0.0277    ndcg@10 : 0.0361    ndcg@20 : 0.0512    ndcg@30 : 0.0641    ndcg@50 : 0.0829    precision@1 : 0.0238    precision@2 : 0.0203    precision@3 : 0.0185    precision@4 : 0.0159    precision@5 : 0.015    precision@10 : 0.0134    precision@20 : 0.013    precision@30 : 0.0127    precision@50 : 0.0115    map@1 : 0.0238    map@2 : 0.0204    map@3 : 0.0199    map@4 : 0.0194    map@5 : 0.0196    map@10 : 0.022    map@20 : 0.0257    map@30 : 0.0281    map@50 : 0.0309
Sun 15 Mar 2026 22:39:09 INFO  Saving current: saved/SCL-Mar-15-2026_22-39-06.pth
Sun 15 Mar 2026 22:39:09 INFO  Saving current best: saved/SCL-Mar-15-2026_22-39-06.pth
Sun 15 Mar 2026 22:39:09 INFO  Running E-step ! 
Sun 15 Mar 2026 22:39:09 INFO  epoch 5 training [time: 0.18s, train_loss1: 5.5400, train_loss2: 0.0089, train_loss3: 0.0000]
Sun 15 Mar 2026 22:39:09 INFO  epoch 5 evaluating [time: 0.16s, valid_score: 0.037600]
Sun 15 Mar 2026 22:39:09 INFO  valid result: 
recall@1 : 0.0109    recall@2 : 0.0178    recall@3 : 0.0241    recall@4 : 0.0288    recall@5 : 0.0328    recall@10 : 0.0586    recall@20 : 0.1099    recall@30 : 0.1589    recall@50 : 0.238    ndcg@1 : 0.0238    ndcg@2 : 0.0247    ndcg@3 : 0.0266    ndcg@4 : 0.028    ndcg@5 : 0.0289    ndcg@10 : 0.0376    ndcg@20 : 0.053    ndcg@30 : 0.0658    ndcg@50 : 0.0844    precision@1 : 0.0238    precision@2 : 0.0209    precision@3 : 0.0191    precision@4 : 0.0176    precision@5 : 0.0157    precision@10 : 0.0142    precision@20 : 0.0134    precision@30 : 0.0129    precision@50 : 0.0116    map@1 : 0.0238    map@2 : 0.0207    map@3 : 0.0203    map@4 : 0.0203    map@5 : 0.0203    map@10 : 0.0228    map@20 : 0.0265    map@30 : 0.029    map@50 : 0.0317
Sun 15 Mar 2026 22:39:09 INFO  Saving current: saved/SCL-Mar-15-2026_22-39-06.pth
Sun 15 Mar 2026 22:39:09 INFO  Saving current best: saved/SCL-Mar-15-2026_22-39-06.pth
Sun 15 Mar 2026 22:39:09 INFO  Running E-step ! 
Sun 15 Mar 2026 22:39:09 INFO  epoch 6 training [time: 0.18s, train_loss1: 5.5390, train_loss2: 0.0080, train_loss3: 0.0000]
Sun 15 Mar 2026 22:39:10 INFO  epoch 6 evaluating [time: 0.15s, valid_score: 0.041300]
Sun 15 Mar 2026 22:39:10 INFO  valid result: 
recall@1 : 0.0118    recall@2 : 0.0199    recall@3 : 0.0254    recall@4 : 0.0315    recall@5 : 0.036    recall@10 : 0.065    recall@20 : 0.1191    recall@30 : 0.1655    recall@50 : 0.2429    ndcg@1 : 0.0256    ndcg@2 : 0.0266    ndcg@3 : 0.0281    ndcg@4 : 0.0303    ndcg@5 : 0.0315    ndcg@10 : 0.0413    ndcg@20 : 0.0574    ndcg@30 : 0.0694    ndcg@50 : 0.0878    precision@1 : 0.0256    precision@2 : 0.0221    precision@3 : 0.0201    precision@4 : 0.0191    precision@5 : 0.0173    precision@10 : 0.0157    precision@20 : 0.0144    precision@30 : 0.0132    precision@50 : 0.0119    map@1 : 0.0256    map@2 : 0.0222    map@3 : 0.0217    map@4 : 0.022    map@5 : 0.0222    map@10 : 0.0249    map@20 : 0.0288    map@30 : 0.0311    map@50 : 0.0339
Sun 15 Mar 2026 22:39:10 INFO  Saving current: saved/SCL-Mar-15-2026_22-39-06.pth
Sun 15 Mar 2026 22:39:10 INFO  Saving current best: saved/SCL-Mar-15-2026_22-39-06.pth
Sun 15 Mar 2026 22:39:10 INFO  Running E-step ! 
Sun 15 Mar 2026 22:39:10 INFO  epoch 7 training [time: 0.17s, train_loss1: 5.5380, train_loss2: 0.0073, train_loss3: 0.0000]
Sun 15 Mar 2026 22:39:10 INFO  epoch 7 evaluating [time: 0.14s, valid_score: 0.043500]
Sun 15 Mar 2026 22:39:10 INFO  valid result: 
recall@1 : 0.0119    recall@2 : 0.0215    recall@3 : 0.0274    recall@4 : 0.0333    recall@5 : 0.0376    recall@10 : 0.0681    recall@20 : 0.1232    recall@30 : 0.1708    recall@50 : 0.2481    ndcg@1 : 0.0268    ndcg@2 : 0.028    ndcg@3 : 0.0296    ndcg@4 : 0.0319    ndcg@5 : 0.0332    ndcg@10 : 0.0435    ndcg@20 : 0.0601    ndcg@30 : 0.0724    ndcg@50 : 0.0907    precision@1 : 0.0268    precision@2 : 0.0232    precision@3 : 0.0209    precision@4 : 0.0203    precision@5 : 0.0188    precision@10 : 0.0165    precision@20 : 0.015    precision@30 : 0.0137    precision@50 : 0.0122    map@1 : 0.0268    map@2 : 0.0234    map@3 : 0.0228    map@4 : 0.0231    map@5 : 0.0232    map@10 : 0.0262    map@20 : 0.0303    map@30 : 0.0327    map@50 : 0.0355
Sun 15 Mar 2026 22:39:10 INFO  Saving current: saved/SCL-Mar-15-2026_22-39-06.pth
Sun 15 Mar 2026 22:39:10 INFO  Saving current best: saved/SCL-Mar-15-2026_22-39-06.pth
Sun 15 Mar 2026 22:39:10 INFO  Running E-step ! 
Sun 15 Mar 2026 22:39:10 INFO  epoch 8 training [time: 0.20s, train_loss1: 5.5366, train_loss2: 0.0067, train_loss3: 0.0000]
Sun 15 Mar 2026 22:39:10 INFO  epoch 8 evaluating [time: 0.15s, valid_score: 0.049000]
Sun 15 Mar 2026 22:39:10 INFO  valid result: 
recall@1 : 0.0134    recall@2 : 0.0239    recall@3 : 0.0327    recall@4 : 0.0403    recall@5 : 0.0444    recall@10 : 0.0761    recall@20 : 0.13    recall@30 : 0.1783    recall@50 : 0.2544    ndcg@1 : 0.0304    ndcg@2 : 0.0311    ndcg@3 : 0.0345    ndcg@4 : 0.0372    ndcg@5 : 0.0386    ndcg@10 : 0.049    ndcg@20 : 0.0652    ndcg@30 : 0.0777    ndcg@50 : 0.0959    precision@1 : 0.0304    precision@2 : 0.0256    precision@3 : 0.0248    precision@4 : 0.0237    precision@5 : 0.0218    precision@10 : 0.0185    precision@20 : 0.0159    precision@30 : 0.0143    precision@50 : 0.0126    map@1 : 0.0304    map@2 : 0.0259    map@3 : 0.0262    map@4 : 0.0268    map@5 : 0.0269    map@10 : 0.0298    map@20 : 0.0339    map@30 : 0.0362    map@50 : 0.0391
Sun 15 Mar 2026 22:39:10 INFO  Saving current: saved/SCL-Mar-15-2026_22-39-06.pth
Sun 15 Mar 2026 22:39:10 INFO  Saving current best: saved/SCL-Mar-15-2026_22-39-06.pth
Sun 15 Mar 2026 22:39:10 INFO  Running E-step ! 
Sun 15 Mar 2026 22:39:10 INFO  epoch 9 training [time: 0.18s, train_loss1: 5.5349, train_loss2: 0.0062, train_loss3: 0.0000]
Sun 15 Mar 2026 22:39:11 INFO  epoch 9 evaluating [time: 0.15s, valid_score: 0.055700]
Sun 15 Mar 2026 22:39:11 INFO  valid result: 
recall@1 : 0.0159    recall@2 : 0.029    recall@3 : 0.0348    recall@4 : 0.0433    recall@5 : 0.0518    recall@10 : 0.0859    recall@20 : 0.1398    recall@30 : 0.1856    recall@50 : 0.2655    ndcg@1 : 0.0346    ndcg@2 : 0.0376    ndcg@3 : 0.038    ndcg@4 : 0.0417    ndcg@5 : 0.0443    ndcg@10 : 0.0557    ndcg@20 : 0.072    ndcg@30 : 0.0841    ndcg@50 : 0.1031    precision@1 : 0.0346    precision@2 : 0.0316    precision@3 : 0.0264    precision@4 : 0.0267    precision@5 : 0.0246    precision@10 : 0.0206    precision@20 : 0.0172    precision@30 : 0.0151    precision@50 : 0.0132    map@1 : 0.0346    map@2 : 0.0313    map@3 : 0.0295    map@4 : 0.0304    map@5 : 0.0311    map@10 : 0.0343    map@20 : 0.0384    map@30 : 0.0408    map@50 : 0.0438
Sun 15 Mar 2026 22:39:11 INFO  Saving current: saved/SCL-Mar-15-2026_22-39-06.pth
Sun 15 Mar 2026 22:39:11 INFO  Saving current best: saved/SCL-Mar-15-2026_22-39-06.pth
Sun 15 Mar 2026 22:39:11 INFO  Running E-step ! 
Sun 15 Mar 2026 22:39:11 INFO  epoch 10 training [time: 0.21s, train_loss1: 5.5329, train_loss2: 0.0060, train_loss3: 0.0000]
Sun 15 Mar 2026 22:39:11 INFO  epoch 10 evaluating [time: 0.15s, valid_score: 0.064100]
Sun 15 Mar 2026 22:39:11 INFO  valid result: 
recall@1 : 0.0185    recall@2 : 0.0333    recall@3 : 0.0428    recall@4 : 0.0517    recall@5 : 0.06    recall@10 : 0.098    recall@20 : 0.1533    recall@30 : 0.2021    recall@50 : 0.2813    ndcg@1 : 0.0393    ndcg@2 : 0.0429    ndcg@3 : 0.0452    ndcg@4 : 0.0486    ndcg@5 : 0.0511    ndcg@10 : 0.0641    ndcg@20 : 0.0806    ndcg@30 : 0.0935    ndcg@50 : 0.1123    precision@1 : 0.0393    precision@2 : 0.0364    precision@3 : 0.032    precision@4 : 0.0305    precision@5 : 0.0278    precision@10 : 0.0234    precision@20 : 0.0186    precision@30 : 0.0164    precision@50 : 0.014    map@1 : 0.0393    map@2 : 0.0358    map@3 : 0.0349    map@4 : 0.0357    map@5 : 0.0363    map@10 : 0.0399    map@20 : 0.0441    map@30 : 0.0466    map@50 : 0.0497
Sun 15 Mar 2026 22:39:11 INFO  Saving current: saved/SCL-Mar-15-2026_22-39-06.pth
Sun 15 Mar 2026 22:39:11 INFO  Saving current best: saved/SCL-Mar-15-2026_22-39-06.pth
Sun 15 Mar 2026 22:39:11 INFO  Running E-step ! 
Sun 15 Mar 2026 22:39:11 INFO  epoch 11 training [time: 0.19s, train_loss1: 5.5303, train_loss2: 0.0059, train_loss3: 0.0000]
Sun 15 Mar 2026 22:39:11 INFO  epoch 11 evaluating [time: 0.14s, valid_score: 0.073200]
Sun 15 Mar 2026 22:39:11 INFO  valid result: 
recall@1 : 0.0202    recall@2 : 0.0359    recall@3 : 0.0509    recall@4 : 0.0609    recall@5 : 0.0692    recall@10 : 0.1132    recall@20 : 0.1727    recall@30 : 0.2188    recall@50 : 0.3015    ndcg@1 : 0.0435    ndcg@2 : 0.0474    ndcg@3 : 0.0521    ndcg@4 : 0.0554    ndcg@5 : 0.0582    ndcg@10 : 0.0732    ndcg@20 : 0.0909    ndcg@30 : 0.1034    ndcg@50 : 0.1229    precision@1 : 0.0435    precision@2 : 0.0408    precision@3 : 0.0379    precision@4 : 0.035    precision@5 : 0.0321    precision@10 : 0.0266    precision@20 : 0.0207    precision@30 : 0.0179    precision@50 : 0.015    map@1 : 0.0435    map@2 : 0.039    map@3 : 0.0394    map@4 : 0.0399    map@5 : 0.0408    map@10 : 0.0455    map@20 : 0.0499    map@30 : 0.0526    map@50 : 0.0559
Sun 15 Mar 2026 22:39:11 INFO  Saving current: saved/SCL-Mar-15-2026_22-39-06.pth
Sun 15 Mar 2026 22:39:11 INFO  Saving current best: saved/SCL-Mar-15-2026_22-39-06.pth
Sun 15 Mar 2026 22:39:11 INFO  Running E-step ! 
Sun 15 Mar 2026 22:39:12 INFO  epoch 12 training [time: 0.18s, train_loss1: 5.5272, train_loss2: 0.0060, train_loss3: 0.0000]
Sun 15 Mar 2026 22:39:12 INFO  epoch 12 evaluating [time: 0.15s, valid_score: 0.087300]
Sun 15 Mar 2026 22:39:12 INFO  valid result: 
recall@1 : 0.0286    recall@2 : 0.0458    recall@3 : 0.0592    recall@4 : 0.0709    recall@5 : 0.0826    recall@10 : 0.1288    recall@20 : 0.1962    recall@30 : 0.2421    recall@50 : 0.33    ndcg@1 : 0.0596    ndcg@2 : 0.0607    ndcg@3 : 0.063    ndcg@4 : 0.0669    ndcg@5 : 0.0712    ndcg@10 : 0.0873    ndcg@20 : 0.1074    ndcg@30 : 0.1195    ndcg@50 : 0.1403    precision@1 : 0.0596    precision@2 : 0.051    precision@3 : 0.0441    precision@4 : 0.0405    precision@5 : 0.038    precision@10 : 0.0306    precision@20 : 0.0237    precision@30 : 0.0197    precision@50 : 0.0163    map@1 : 0.0596    map@2 : 0.0507    map@3 : 0.0488    map@4 : 0.0498    map@5 : 0.0512    map@10 : 0.0565    map@20 : 0.0617    map@30 : 0.0644    map@50 : 0.0681
Sun 15 Mar 2026 22:39:12 INFO  Saving current: saved/SCL-Mar-15-2026_22-39-06.pth
Sun 15 Mar 2026 22:39:12 INFO  Saving current best: saved/SCL-Mar-15-2026_22-39-06.pth
Sun 15 Mar 2026 22:39:12 INFO  Running E-step ! 
Sun 15 Mar 2026 22:39:12 INFO  epoch 13 training [time: 0.18s, train_loss1: 5.5232, train_loss2: 0.0063, train_loss3: 0.0000]
Sun 15 Mar 2026 22:39:12 INFO  epoch 13 evaluating [time: 0.15s, valid_score: 0.101800]
Sun 15 Mar 2026 22:39:12 INFO  valid result: 
recall@1 : 0.033    recall@2 : 0.0538    recall@3 : 0.0717    recall@4 : 0.0817    recall@5 : 0.097    recall@10 : 0.1497    recall@20 : 0.2255    recall@30 : 0.2752    recall@50 : 0.3608    ndcg@1 : 0.0691    ndcg@2 : 0.0705    ndcg@3 : 0.0744    ndcg@4 : 0.0774    ndcg@5 : 0.083    ndcg@10 : 0.1018    ndcg@20 : 0.1245    ndcg@30 : 0.138    ndcg@50 : 0.1581    precision@1 : 0.0691    precision@2 : 0.0596    precision@3 : 0.0522    precision@4 : 0.0469    precision@5 : 0.0441    precision@10 : 0.0354    precision@20 : 0.0271    precision@30 : 0.0225    precision@50 : 0.0177    map@1 : 0.0691    map@2 : 0.0588    map@3 : 0.0575    map@4 : 0.0578    map@5 : 0.06    map@10 : 0.0665    map@20 : 0.0729    map@30 : 0.0761    map@50 : 0.0797
Sun 15 Mar 2026 22:39:12 INFO  Saving current: saved/SCL-Mar-15-2026_22-39-06.pth
Sun 15 Mar 2026 22:39:12 INFO  Saving current best: saved/SCL-Mar-15-2026_22-39-06.pth
Sun 15 Mar 2026 22:39:12 INFO  Running E-step ! 
Sun 15 Mar 2026 22:39:12 INFO  epoch 14 training [time: 0.18s, train_loss1: 5.5179, train_loss2: 0.0071, train_loss3: 0.0000]
Sun 15 Mar 2026 22:39:12 INFO  epoch 14 evaluating [time: 0.15s, valid_score: 0.121600]
Sun 15 Mar 2026 22:39:12 INFO  valid result: 
recall@1 : 0.0416    recall@2 : 0.0644    recall@3 : 0.0793    recall@4 : 0.0989    recall@5 : 0.1114    recall@10 : 0.1794    recall@20 : 0.2618    recall@30 : 0.3229    recall@50 : 0.4018    ndcg@1 : 0.0852    ndcg@2 : 0.0827    ndcg@3 : 0.0854    ndcg@4 : 0.093    ndcg@5 : 0.0974    ndcg@10 : 0.1216    ndcg@20 : 0.1464    ndcg@30 : 0.1629    ndcg@50 : 0.1814    precision@1 : 0.0852    precision@2 : 0.0676    precision@3 : 0.059    precision@4 : 0.0565    precision@5 : 0.0518    precision@10 : 0.0423    precision@20 : 0.0315    precision@30 : 0.0263    precision@50 : 0.0197    map@1 : 0.0852    map@2 : 0.0696    map@3 : 0.0673    map@4 : 0.0697    map@5 : 0.0712    map@10 : 0.0805    map@20 : 0.0879    map@30 : 0.092    map@50 : 0.0954
Sun 15 Mar 2026 22:39:12 INFO  Saving current: saved/SCL-Mar-15-2026_22-39-06.pth
Sun 15 Mar 2026 22:39:12 INFO  Saving current best: saved/SCL-Mar-15-2026_22-39-06.pth
Sun 15 Mar 2026 22:39:12 INFO  Running E-step ! 
Sun 15 Mar 2026 22:39:13 INFO  epoch 15 training [time: 0.18s, train_loss1: 5.5102, train_loss2: 0.0084, train_loss3: 0.0000]
Sun 15 Mar 2026 22:39:13 INFO  epoch 15 evaluating [time: 0.15s, valid_score: 0.145600]
Sun 15 Mar 2026 22:39:13 INFO  valid result: 
recall@1 : 0.0484    recall@2 : 0.0758    recall@3 : 0.1036    recall@4 : 0.121    recall@5 : 0.138    recall@10 : 0.2136    recall@20 : 0.3105    recall@30 : 0.3584    recall@50 : 0.4594    ndcg@1 : 0.0989    ndcg@2 : 0.0978    ndcg@3 : 0.1071    ndcg@4 : 0.1119    ndcg@5 : 0.1182    ndcg@10 : 0.1456    ndcg@20 : 0.1751    ndcg@30 : 0.1884    ndcg@50 : 0.2116    precision@1 : 0.0989    precision@2 : 0.0805    precision@3 : 0.0761    precision@4 : 0.0673    precision@5 : 0.0628    precision@10 : 0.0501    precision@20 : 0.0371    precision@30 : 0.0293    precision@50 : 0.0223    map@1 : 0.0989    map@2 : 0.0831    map@3 : 0.0843    map@4 : 0.0847    map@5 : 0.0869    map@10 : 0.0978    map@20 : 0.1073    map@30 : 0.1108    map@50 : 0.1153
Sun 15 Mar 2026 22:39:13 INFO  Saving current: saved/SCL-Mar-15-2026_22-39-06.pth
Sun 15 Mar 2026 22:39:13 INFO  Saving current best: saved/SCL-Mar-15-2026_22-39-06.pth
Sun 15 Mar 2026 22:39:13 INFO  Running E-step ! 
Sun 15 Mar 2026 22:39:13 INFO  epoch 16 training [time: 0.20s, train_loss1: 5.4988, train_loss2: 0.0107, train_loss3: 0.0000]
Sun 15 Mar 2026 22:39:13 INFO  epoch 16 evaluating [time: 0.15s, valid_score: 0.178100]
Sun 15 Mar 2026 22:39:13 INFO  valid result: 
recall@1 : 0.0604    recall@2 : 0.0965    recall@3 : 0.1317    recall@4 : 0.153    recall@5 : 0.1727    recall@10 : 0.2604    recall@20 : 0.3578    recall@30 : 0.4227    recall@50 : 0.5216    ndcg@1 : 0.1168    ndcg@2 : 0.1213    ndcg@3 : 0.1322    ndcg@4 : 0.139    ndcg@5 : 0.1462    ndcg@10 : 0.1781    ndcg@20 : 0.2079    ndcg@30 : 0.2255    ndcg@50 : 0.2483    precision@1 : 0.1168    precision@2 : 0.0998    precision@3 : 0.0914    precision@4 : 0.0825    precision@5 : 0.0763    precision@10 : 0.0596    precision@20 : 0.0423    precision@30 : 0.034    precision@50 : 0.025    map@1 : 0.1168    map@2 : 0.1038    map@3 : 0.1053    map@4 : 0.1068    map@5 : 0.1092    map@10 : 0.1228    map@20 : 0.1327    map@30 : 0.1376    map@50 : 0.1421
Sun 15 Mar 2026 22:39:13 INFO  Saving current: saved/SCL-Mar-15-2026_22-39-06.pth
Sun 15 Mar 2026 22:39:13 INFO  Saving current best: saved/SCL-Mar-15-2026_22-39-06.pth
Sun 15 Mar 2026 22:39:13 INFO  Running E-step ! 
Sun 15 Mar 2026 22:39:13 INFO  epoch 17 training [time: 0.17s, train_loss1: 5.4818, train_loss2: 0.0142, train_loss3: 0.0000]
Sun 15 Mar 2026 22:39:13 INFO  epoch 17 evaluating [time: 0.15s, valid_score: 0.210900]
Sun 15 Mar 2026 22:39:13 INFO  valid result: 
recall@1 : 0.0733    recall@2 : 0.1142    recall@3 : 0.1507    recall@4 : 0.1804    recall@5 : 0.204    recall@10 : 0.313    recall@20 : 0.4295    recall@30 : 0.5057    recall@50 : 0.6016    ndcg@1 : 0.1395    ndcg@2 : 0.1411    ndcg@3 : 0.1527    ndcg@4 : 0.1633    ndcg@5 : 0.172    ndcg@10 : 0.2109    ndcg@20 : 0.2463    ndcg@30 : 0.2664    ndcg@50 : 0.2885    precision@1 : 0.1395    precision@2 : 0.1129    precision@3 : 0.1031    precision@4 : 0.0954    precision@5 : 0.0882    precision@10 : 0.0696    precision@20 : 0.0491    precision@30 : 0.0391    precision@50 : 0.0279    map@1 : 0.1395    map@2 : 0.1219    map@3 : 0.1227    map@4 : 0.1263    map@5 : 0.1298    map@10 : 0.1463    map@20 : 0.1584    map@30 : 0.1641    map@50 : 0.1686
Sun 15 Mar 2026 22:39:13 INFO  Saving current: saved/SCL-Mar-15-2026_22-39-06.pth
Sun 15 Mar 2026 22:39:13 INFO  Saving current best: saved/SCL-Mar-15-2026_22-39-06.pth
Sun 15 Mar 2026 22:39:13 INFO  Running E-step ! 
Sun 15 Mar 2026 22:39:14 INFO  epoch 18 training [time: 0.17s, train_loss1: 5.4518, train_loss2: 0.0199, train_loss3: 0.0000]
Sun 15 Mar 2026 22:39:14 INFO  epoch 18 evaluating [time: 0.15s, valid_score: 0.251400]
Sun 15 Mar 2026 22:39:14 INFO  valid result: 
recall@1 : 0.0898    recall@2 : 0.1465    recall@3 : 0.1883    recall@4 : 0.2252    recall@5 : 0.2515    recall@10 : 0.3736    recall@20 : 0.5208    recall@30 : 0.5915    recall@50 : 0.6889    ndcg@1 : 0.1645    ndcg@2 : 0.1708    ndcg@3 : 0.1842    ndcg@4 : 0.1973    ndcg@5 : 0.207    ndcg@10 : 0.2514    ndcg@20 : 0.296    ndcg@30 : 0.3147    ndcg@50 : 0.3369    precision@1 : 0.1645    precision@2 : 0.1341    precision@3 : 0.119    precision@4 : 0.1086    precision@5 : 0.0993    precision@10 : 0.0784    precision@20 : 0.0566    precision@30 : 0.0436    precision@50 : 0.0305    map@1 : 0.1645    map@2 : 0.1485    map@3 : 0.1499    map@4 : 0.1547    map@5 : 0.1586    map@10 : 0.1778    map@20 : 0.1934    map@30 : 0.1988    map@50 : 0.2034
Sun 15 Mar 2026 22:39:14 INFO  Saving current: saved/SCL-Mar-15-2026_22-39-06.pth
Sun 15 Mar 2026 22:39:14 INFO  Saving current best: saved/SCL-Mar-15-2026_22-39-06.pth
Sun 15 Mar 2026 22:39:14 INFO  Running E-step ! 
Sun 15 Mar 2026 22:39:14 INFO  epoch 19 training [time: 0.18s, train_loss1: 5.3941, train_loss2: 0.0277, train_loss3: 0.0000]
Sun 15 Mar 2026 22:39:14 INFO  epoch 19 evaluating [time: 0.16s, valid_score: 0.293000]
Sun 15 Mar 2026 22:39:14 INFO  valid result: 
recall@1 : 0.1178    recall@2 : 0.1916    recall@3 : 0.2399    recall@4 : 0.2772    recall@5 : 0.3061    recall@10 : 0.4247    recall@20 : 0.5904    recall@30 : 0.6582    recall@50 : 0.7361    ndcg@1 : 0.1961    ndcg@2 : 0.2119    ndcg@3 : 0.2267    ndcg@4 : 0.2404    ndcg@5 : 0.2507    ndcg@10 : 0.293    ndcg@20 : 0.3436    ndcg@30 : 0.3619    ndcg@50 : 0.3802    precision@1 : 0.1961    precision@2 : 0.1594    precision@3 : 0.1365    precision@4 : 0.1226    precision@5 : 0.1105    precision@10 : 0.0819    precision@20 : 0.0606    precision@30 : 0.0461    precision@50 : 0.0315    map@1 : 0.1961    map@2 : 0.187    map@3 : 0.1893    map@4 : 0.1944    map@5 : 0.1984    map@10 : 0.2158    map@20 : 0.2337    map@30 : 0.239    map@50 : 0.2432
Sun 15 Mar 2026 22:39:14 INFO  Saving current: saved/SCL-Mar-15-2026_22-39-06.pth
Sun 15 Mar 2026 22:39:14 INFO  Saving current best: saved/SCL-Mar-15-2026_22-39-06.pth
Sun 15 Mar 2026 22:39:14 INFO  Running E-step ! 
Sun 15 Mar 2026 22:39:14 INFO  epoch 20 training [time: 0.22s, train_loss1: 5.2723, train_loss2: 0.0331, train_loss3: 0.0000, train_loss4: 0.0028]
Sun 15 Mar 2026 22:39:15 INFO  epoch 20 evaluating [time: 0.15s, valid_score: 0.307300]
Sun 15 Mar 2026 22:39:15 INFO  valid result: 
recall@1 : 0.1225    recall@2 : 0.2112    recall@3 : 0.2636    recall@4 : 0.3001    recall@5 : 0.3368    recall@10 : 0.4436    recall@20 : 0.6041    recall@30 : 0.6836    recall@50 : 0.7685    ndcg@1 : 0.199    ndcg@2 : 0.2249    ndcg@3 : 0.2425    ndcg@4 : 0.2554    ndcg@5 : 0.2692    ndcg@10 : 0.3073    ndcg@20 : 0.3556    ndcg@30 : 0.3769    ndcg@50 : 0.3969    precision@1 : 0.199    precision@2 : 0.1678    precision@3 : 0.1436    precision@4 : 0.1274    precision@5 : 0.1166    precision@10 : 0.0828    precision@20 : 0.0599    precision@30 : 0.0467    precision@50 : 0.0323    map@1 : 0.199    map@2 : 0.1986    map@3 : 0.2026    map@4 : 0.2071    map@5 : 0.2129    map@10 : 0.2287    map@20 : 0.2449    map@30 : 0.251    map@50 : 0.2556
Sun 15 Mar 2026 22:39:15 INFO  Saving current: saved/SCL-Mar-15-2026_22-39-06.pth
Sun 15 Mar 2026 22:39:15 INFO  Saving current best: saved/SCL-Mar-15-2026_22-39-06.pth
Sun 15 Mar 2026 22:39:15 INFO  Running E-step ! 
Sun 15 Mar 2026 22:39:15 INFO  epoch 21 training [time: 0.19s, train_loss1: 5.0669, train_loss2: 0.0355, train_loss3: 0.0000, train_loss4: 0.0038]
Sun 15 Mar 2026 22:39:15 INFO  epoch 21 evaluating [time: 0.15s, valid_score: 0.316400]
Sun 15 Mar 2026 22:39:15 INFO  valid result: 
recall@1 : 0.1234    recall@2 : 0.2231    recall@3 : 0.2796    recall@4 : 0.318    recall@5 : 0.3485    recall@10 : 0.4592    recall@20 : 0.6036    recall@30 : 0.6863    recall@50 : 0.7718    ndcg@1 : 0.1985    ndcg@2 : 0.2321    ndcg@3 : 0.2523    ndcg@4 : 0.2658    ndcg@5 : 0.2771    ndcg@10 : 0.3164    ndcg@20 : 0.3595    ndcg@30 : 0.3818    ndcg@50 : 0.4023    precision@1 : 0.1985    precision@2 : 0.1734    precision@3 : 0.1492    precision@4 : 0.1314    precision@5 : 0.1185    precision@10 : 0.0838    precision@20 : 0.0586    precision@30 : 0.046    precision@50 : 0.0321    map@1 : 0.1985    map@2 : 0.2047    map@3 : 0.2099    map@4 : 0.2147    map@5 : 0.2196    map@10 : 0.2357    map@20 : 0.2499    map@30 : 0.2562    map@50 : 0.2609
Sun 15 Mar 2026 22:39:15 INFO  Saving current: saved/SCL-Mar-15-2026_22-39-06.pth
Sun 15 Mar 2026 22:39:15 INFO  Saving current best: saved/SCL-Mar-15-2026_22-39-06.pth
Sun 15 Mar 2026 22:39:15 INFO  Running E-step ! 
Sun 15 Mar 2026 22:39:15 INFO  epoch 22 training [time: 0.18s, train_loss1: 4.7826, train_loss2: 0.0365, train_loss3: 0.0000, train_loss4: 0.0047]
Sun 15 Mar 2026 22:39:15 INFO  epoch 22 evaluating [time: 0.15s, valid_score: 0.315500]
Sun 15 Mar 2026 22:39:15 INFO  valid result: 
recall@1 : 0.1199    recall@2 : 0.219    recall@3 : 0.2809    recall@4 : 0.3128    recall@5 : 0.3481    recall@10 : 0.4639    recall@20 : 0.6004    recall@30 : 0.6879    recall@50 : 0.7694    ndcg@1 : 0.1943    ndcg@2 : 0.2279    ndcg@3 : 0.2511    ndcg@4 : 0.2616    ndcg@5 : 0.2748    ndcg@10 : 0.3155    ndcg@20 : 0.356    ndcg@30 : 0.3795    ndcg@50 : 0.3995    precision@1 : 0.1943    precision@2 : 0.1707    precision@3 : 0.1498    precision@4 : 0.1299    precision@5 : 0.118    precision@10 : 0.084    precision@20 : 0.0576    precision@30 : 0.0457    precision@50 : 0.0321    map@1 : 0.1943    map@2 : 0.2005    map@3 : 0.2079    map@4 : 0.211    map@5 : 0.2166    map@10 : 0.2335    map@20 : 0.2465    map@30 : 0.253    map@50 : 0.2578
Sun 15 Mar 2026 22:39:15 INFO  Running E-step ! 
Sun 15 Mar 2026 22:39:15 INFO  epoch 23 training [time: 0.19s, train_loss1: 4.4425, train_loss2: 0.0370, train_loss3: 0.0000, train_loss4: 0.0054]
Sun 15 Mar 2026 22:39:16 INFO  epoch 23 evaluating [time: 0.15s, valid_score: 0.315400]
Sun 15 Mar 2026 22:39:16 INFO  valid result: 
recall@1 : 0.1208    recall@2 : 0.2147    recall@3 : 0.2804    recall@4 : 0.3116    recall@5 : 0.3483    recall@10 : 0.4643    recall@20 : 0.5926    recall@30 : 0.6847    recall@50 : 0.7696    ndcg@1 : 0.1955    ndcg@2 : 0.2259    ndcg@3 : 0.2509    ndcg@4 : 0.261    ndcg@5 : 0.2746    ndcg@10 : 0.3154    ndcg@20 : 0.3537    ndcg@30 : 0.3781    ndcg@50 : 0.399    precision@1 : 0.1955    precision@2 : 0.169    precision@3 : 0.15    precision@4 : 0.1298    precision@5 : 0.1181    precision@10 : 0.0839    precision@20 : 0.0568    precision@30 : 0.0453    precision@50 : 0.032    map@1 : 0.1955    map@2 : 0.199    map@3 : 0.2076    map@4 : 0.2105    map@5 : 0.2161    map@10 : 0.2332    map@20 : 0.2455    map@30 : 0.2521    map@50 : 0.2571
Sun 15 Mar 2026 22:39:16 INFO  Running E-step ! 
Sun 15 Mar 2026 22:39:16 INFO  epoch 24 training [time: 0.19s, train_loss1: 4.1391, train_loss2: 0.0373, train_loss3: 0.0000, train_loss4: 0.0061]
Sun 15 Mar 2026 22:39:16 INFO  epoch 24 evaluating [time: 0.15s, valid_score: 0.314900]
Sun 15 Mar 2026 22:39:16 INFO  valid result: 
recall@1 : 0.1206    recall@2 : 0.2124    recall@3 : 0.2779    recall@4 : 0.3155    recall@5 : 0.3455    recall@10 : 0.4641    recall@20 : 0.5931    recall@30 : 0.6817    recall@50 : 0.771    ndcg@1 : 0.1949    ndcg@2 : 0.2241    ndcg@3 : 0.2492    ndcg@4 : 0.2621    ndcg@5 : 0.273    ndcg@10 : 0.3149    ndcg@20 : 0.3531    ndcg@30 : 0.3765    ndcg@50 : 0.3985    precision@1 : 0.1949    precision@2 : 0.1672    precision@3 : 0.149    precision@4 : 0.131    precision@5 : 0.1173    precision@10 : 0.084    precision@20 : 0.0566    precision@30 : 0.0448    precision@50 : 0.032    map@1 : 0.1949    map@2 : 0.1974    map@3 : 0.2063    map@4 : 0.2107    map@5 : 0.2149    map@10 : 0.2325    map@20 : 0.2447    map@30 : 0.2511    map@50 : 0.2562
Sun 15 Mar 2026 22:39:16 INFO  Running E-step ! 
Sun 15 Mar 2026 22:39:16 INFO  epoch 25 training [time: 0.18s, train_loss1: 3.8519, train_loss2: 0.0376, train_loss3: 0.0000, train_loss4: 0.0062]
Sun 15 Mar 2026 22:39:16 INFO  epoch 25 evaluating [time: 0.14s, valid_score: 0.314800]
Sun 15 Mar 2026 22:39:16 INFO  valid result: 
recall@1 : 0.1198    recall@2 : 0.2118    recall@3 : 0.2775    recall@4 : 0.3166    recall@5 : 0.348    recall@10 : 0.4651    recall@20 : 0.5938    recall@30 : 0.6794    recall@50 : 0.7777    ndcg@1 : 0.1937    ndcg@2 : 0.2234    ndcg@3 : 0.2486    ndcg@4 : 0.2623    ndcg@5 : 0.2735    ndcg@10 : 0.3148    ndcg@20 : 0.3528    ndcg@30 : 0.3755    ndcg@50 : 0.3992    precision@1 : 0.1937    precision@2 : 0.1669    precision@3 : 0.149    precision@4 : 0.1316    precision@5 : 0.1178    precision@10 : 0.0841    precision@20 : 0.0565    precision@30 : 0.0447    precision@50 : 0.032    map@1 : 0.1937    map@2 : 0.1967    map@3 : 0.2057    map@4 : 0.2105    map@5 : 0.2149    map@10 : 0.2321    map@20 : 0.2442    map@30 : 0.2504    map@50 : 0.2558
Sun 15 Mar 2026 22:39:16 INFO  Running E-step ! 
Sun 15 Mar 2026 22:39:16 INFO  epoch 26 training [time: 0.19s, train_loss1: 3.6295, train_loss2: 0.0379, train_loss3: 0.0000, train_loss4: 0.0068]
Sun 15 Mar 2026 22:39:17 INFO  epoch 26 evaluating [time: 0.15s, valid_score: 0.315100]
Sun 15 Mar 2026 22:39:17 INFO  valid result: 
recall@1 : 0.1201    recall@2 : 0.2118    recall@3 : 0.2775    recall@4 : 0.316    recall@5 : 0.3478    recall@10 : 0.4658    recall@20 : 0.5924    recall@30 : 0.6785    recall@50 : 0.7805    ndcg@1 : 0.1937    ndcg@2 : 0.2234    ndcg@3 : 0.2487    ndcg@4 : 0.2622    ndcg@5 : 0.2735    ndcg@10 : 0.3151    ndcg@20 : 0.3524    ndcg@30 : 0.3753    ndcg@50 : 0.3997    precision@1 : 0.1937    precision@2 : 0.1669    precision@3 : 0.149    precision@4 : 0.1316    precision@5 : 0.1178    precision@10 : 0.0843    precision@20 : 0.0563    precision@30 : 0.0446    precision@50 : 0.0321    map@1 : 0.1937    map@2 : 0.1968    map@3 : 0.2058    map@4 : 0.2105    map@5 : 0.215    map@10 : 0.2324    map@20 : 0.2442    map@30 : 0.2504    map@50 : 0.2559
Sun 15 Mar 2026 22:39:17 INFO  Running E-step ! 
Sun 15 Mar 2026 22:39:17 INFO  epoch 27 training [time: 0.19s, train_loss1: 3.4763, train_loss2: 0.0381, train_loss3: 0.0000, train_loss4: 0.0070]
Sun 15 Mar 2026 22:39:17 INFO  epoch 27 evaluating [time: 0.15s, valid_score: 0.313900]
Sun 15 Mar 2026 22:39:17 INFO  valid result: 
recall@1 : 0.1184    recall@2 : 0.2112    recall@3 : 0.2775    recall@4 : 0.3167    recall@5 : 0.3472    recall@10 : 0.4642    recall@20 : 0.5928    recall@30 : 0.6776    recall@50 : 0.7807    ndcg@1 : 0.1919    ndcg@2 : 0.2224    ndcg@3 : 0.248    ndcg@4 : 0.2619    ndcg@5 : 0.2727    ndcg@10 : 0.3139    ndcg@20 : 0.3517    ndcg@30 : 0.3743    ndcg@50 : 0.3989    precision@1 : 0.1919    precision@2 : 0.1666    precision@3 : 0.149    precision@4 : 0.1319    precision@5 : 0.1178    precision@10 : 0.0839    precision@20 : 0.0563    precision@30 : 0.0445    precision@50 : 0.0321    map@1 : 0.1919    map@2 : 0.1956    map@3 : 0.2049    map@4 : 0.2098    map@5 : 0.214    map@10 : 0.2312    map@20 : 0.2432    map@30 : 0.2493    map@50 : 0.2549
Sun 15 Mar 2026 22:39:17 INFO  Running E-step ! 
Sun 15 Mar 2026 22:39:17 INFO  epoch 28 training [time: 0.17s, train_loss1: 3.3910, train_loss2: 0.0383, train_loss3: 0.0000, train_loss4: 0.0069]
Sun 15 Mar 2026 22:39:17 INFO  epoch 28 evaluating [time: 0.14s, valid_score: 0.313900]
Sun 15 Mar 2026 22:39:17 INFO  valid result: 
recall@1 : 0.119    recall@2 : 0.2112    recall@3 : 0.2775    recall@4 : 0.3173    recall@5 : 0.3472    recall@10 : 0.4634    recall@20 : 0.5924    recall@30 : 0.6757    recall@50 : 0.7808    ndcg@1 : 0.1925    ndcg@2 : 0.2226    ndcg@3 : 0.2482    ndcg@4 : 0.2624    ndcg@5 : 0.2729    ndcg@10 : 0.3139    ndcg@20 : 0.3517    ndcg@30 : 0.3741    ndcg@50 : 0.3992    precision@1 : 0.1925    precision@2 : 0.1666    precision@3 : 0.149    precision@4 : 0.132    precision@5 : 0.1179    precision@10 : 0.0838    precision@20 : 0.0562    precision@30 : 0.0444    precision@50 : 0.0321    map@1 : 0.1925    map@2 : 0.1959    map@3 : 0.2052    map@4 : 0.2102    map@5 : 0.2144    map@10 : 0.2314    map@20 : 0.2434    map@30 : 0.2495    map@50 : 0.2552
Sun 15 Mar 2026 22:39:17 INFO  Running E-step ! 
Sun 15 Mar 2026 22:39:17 INFO  epoch 29 training [time: 0.16s, train_loss1: 3.2931, train_loss2: 0.0385, train_loss3: 0.0000, train_loss4: 0.0069]
Sun 15 Mar 2026 22:39:18 INFO  epoch 29 evaluating [time: 0.14s, valid_score: 0.313700]
Sun 15 Mar 2026 22:39:18 INFO  valid result: 
recall@1 : 0.119    recall@2 : 0.2112    recall@3 : 0.2768    recall@4 : 0.3172    recall@5 : 0.3469    recall@10 : 0.4633    recall@20 : 0.592    recall@30 : 0.6741    recall@50 : 0.7811    ndcg@1 : 0.1925    ndcg@2 : 0.2226    ndcg@3 : 0.2478    ndcg@4 : 0.2622    ndcg@5 : 0.2727    ndcg@10 : 0.3137    ndcg@20 : 0.3516    ndcg@30 : 0.3736    ndcg@50 : 0.3992    precision@1 : 0.1925    precision@2 : 0.1666    precision@3 : 0.1486    precision@4 : 0.1319    precision@5 : 0.1178    precision@10 : 0.0838    precision@20 : 0.0561    precision@30 : 0.0443    precision@50 : 0.0321    map@1 : 0.1925    map@2 : 0.1959    map@3 : 0.2049    map@4 : 0.2101    map@5 : 0.2142    map@10 : 0.2313    map@20 : 0.2433    map@30 : 0.2493    map@50 : 0.2551
Sun 15 Mar 2026 22:39:18 INFO  Running E-step ! 
Sun 15 Mar 2026 22:39:18 INFO  epoch 30 training [time: 0.18s, train_loss1: 3.2806, train_loss2: 0.0387, train_loss3: 0.0000, train_loss4: 0.0068]
Sun 15 Mar 2026 22:39:18 INFO  epoch 30 evaluating [time: 0.15s, valid_score: 0.313800]
Sun 15 Mar 2026 22:39:18 INFO  valid result: 
recall@1 : 0.119    recall@2 : 0.211    recall@3 : 0.2768    recall@4 : 0.3172    recall@5 : 0.3469    recall@10 : 0.4635    recall@20 : 0.5917    recall@30 : 0.6751    recall@50 : 0.78    ndcg@1 : 0.1925    ndcg@2 : 0.2224    ndcg@3 : 0.2477    ndcg@4 : 0.2622    ndcg@5 : 0.2727    ndcg@10 : 0.3138    ndcg@20 : 0.3514    ndcg@30 : 0.3738    ndcg@50 : 0.399    precision@1 : 0.1925    precision@2 : 0.1663    precision@3 : 0.1486    precision@4 : 0.1319    precision@5 : 0.1178    precision@10 : 0.0838    precision@20 : 0.0561    precision@30 : 0.0444    precision@50 : 0.0321    map@1 : 0.1925    map@2 : 0.1958    map@3 : 0.2049    map@4 : 0.2101    map@5 : 0.2142    map@10 : 0.2313    map@20 : 0.2432    map@30 : 0.2494    map@50 : 0.2551
Sun 15 Mar 2026 22:39:18 INFO  Running E-step ! 
Sun 15 Mar 2026 22:39:18 INFO  epoch 31 training [time: 0.18s, train_loss1: 3.2627, train_loss2: 0.0389, train_loss3: 0.0000, train_loss4: 0.0067]
Sun 15 Mar 2026 22:39:18 INFO  epoch 31 evaluating [time: 0.14s, valid_score: 0.314000]
Sun 15 Mar 2026 22:39:18 INFO  valid result: 
recall@1 : 0.1193    recall@2 : 0.2112    recall@3 : 0.2769    recall@4 : 0.3173    recall@5 : 0.347    recall@10 : 0.4635    recall@20 : 0.5919    recall@30 : 0.6743    recall@50 : 0.7813    ndcg@1 : 0.1925    ndcg@2 : 0.2227    ndcg@3 : 0.248    ndcg@4 : 0.2624    ndcg@5 : 0.2729    ndcg@10 : 0.314    ndcg@20 : 0.3516    ndcg@30 : 0.3738    ndcg@50 : 0.3995    precision@1 : 0.1925    precision@2 : 0.1666    precision@3 : 0.1488    precision@4 : 0.132    precision@5 : 0.1179    precision@10 : 0.0839    precision@20 : 0.0561    precision@30 : 0.0443    precision@50 : 0.0321    map@1 : 0.1925    map@2 : 0.1961    map@3 : 0.2051    map@4 : 0.2104    map@5 : 0.2144    map@10 : 0.2316    map@20 : 0.2434    map@30 : 0.2496    map@50 : 0.2554
Sun 15 Mar 2026 22:39:18 INFO  Running E-step ! 
Sun 15 Mar 2026 22:39:18 INFO  epoch 32 training [time: 0.18s, train_loss1: 3.2124, train_loss2: 0.0390, train_loss3: 0.0000, train_loss4: 0.0066]
Sun 15 Mar 2026 22:39:19 INFO  epoch 32 evaluating [time: 0.14s, valid_score: 0.313900]
Sun 15 Mar 2026 22:39:19 INFO  valid result: 
recall@1 : 0.1193    recall@2 : 0.2111    recall@3 : 0.2767    recall@4 : 0.3179    recall@5 : 0.3471    recall@10 : 0.4633    recall@20 : 0.5925    recall@30 : 0.6765    recall@50 : 0.7816    ndcg@1 : 0.1925    ndcg@2 : 0.2227    ndcg@3 : 0.2478    ndcg@4 : 0.2625    ndcg@5 : 0.273    ndcg@10 : 0.3139    ndcg@20 : 0.3519    ndcg@30 : 0.3744    ndcg@50 : 0.3996    precision@1 : 0.1925    precision@2 : 0.1666    precision@3 : 0.1486    precision@4 : 0.132    precision@5 : 0.118    precision@10 : 0.0838    precision@20 : 0.0562    precision@30 : 0.0444    precision@50 : 0.0322    map@1 : 0.1925    map@2 : 0.1961    map@3 : 0.205    map@4 : 0.2105    map@5 : 0.2145    map@10 : 0.2315    map@20 : 0.2435    map@30 : 0.2497    map@50 : 0.2554
Sun 15 Mar 2026 22:39:19 INFO  Finished training, best eval result in epoch 21
Sun 15 Mar 2026 22:39:19 INFO  Loading model structure and parameters from saved/SCL-Mar-15-2026_22-39-06.pth
Sun 15 Mar 2026 22:39:19 INFO  best valid : OrderedDict([('recall@1', 0.1234), ('recall@2', 0.2231), ('recall@3', 0.2796), ('recall@4', 0.318), ('recall@5', 0.3485), ('recall@10', 0.4592), ('recall@20', 0.6036), ('recall@30', 0.6863), ('recall@50', 0.7718), ('ndcg@1', 0.1985), ('ndcg@2', 0.2321), ('ndcg@3', 0.2523), ('ndcg@4', 0.2658), ('ndcg@5', 0.2771), ('ndcg@10', 0.3164), ('ndcg@20', 0.3595), ('ndcg@30', 0.3818), ('ndcg@50', 0.4023), ('precision@1', 0.1985), ('precision@2', 0.1734), ('precision@3', 0.1492), ('precision@4', 0.1314), ('precision@5', 0.1185), ('precision@10', 0.0838), ('precision@20', 0.0586), ('precision@30', 0.046), ('precision@50', 0.0321), ('map@1', 0.1985), ('map@2', 0.2047), ('map@3', 0.2099), ('map@4', 0.2147), ('map@5', 0.2196), ('map@10', 0.2357), ('map@20', 0.2499), ('map@30', 0.2562), ('map@50', 0.2609)])
Sun 15 Mar 2026 22:39:19 INFO  test result: OrderedDict([('recall@1', 0.1477), ('recall@2', 0.2375), ('recall@3', 0.2937), ('recall@4', 0.3318), ('recall@5', 0.3716), ('recall@10', 0.479), ('recall@20', 0.622), ('recall@30', 0.6881), ('recall@50', 0.7664), ('ndcg@1', 0.2405), ('ndcg@2', 0.2625), ('ndcg@3', 0.2791), ('ndcg@4', 0.2914), ('ndcg@5', 0.3053), ('ndcg@10', 0.3408), ('ndcg@20', 0.3824), ('ndcg@30', 0.4001), ('ndcg@50', 0.4183), ('precision@1', 0.2405), ('precision@2', 0.194), ('precision@3', 0.164), ('precision@4', 0.1445), ('precision@5', 0.1308), ('precision@10', 0.0881), ('precision@20', 0.0598), ('precision@30', 0.0454), ('precision@50', 0.031), ('map@1', 0.2405), ('map@2', 0.236), ('map@3', 0.2391), ('map@4', 0.2426), ('map@5', 0.2481), ('map@10', 0.2616), ('map@20', 0.2751), ('map@30', 0.2804), ('map@50', 0.2843)])
Sun 15 Mar 2026 22:39:19 INFO  training time: 11.9051s
Sun 15 Mar 2026 22:39:19 INFO  result file: results/again/scl_wo_semantic_seed2021.json
