Sun 15 Mar 2026 18:26:18 INFO  
General Hyper Parameters:
gpu_id = 0
use_gpu = True
seed = 2027
state = INFO
reproducibility = True
data_path = ./travel
checkpoint_dir = saved
show_progress = True
save_dataset = False
dataset_save_path = None
save_dataloaders = False
dataloaders_save_path = None
log_wandb = False

Training Hyper Parameters:
epochs = 1000
train_batch_size = 100
learner = adam
learning_rate = 0.001
train_neg_sample_args = {'distribution': 'uniform', 'sample_num': 1, 'alpha': 1.0, 'dynamic': False, 'candidate_num': 0}
eval_step = 1
stopping_step = 20
clip_grad_norm = None
weight_decay = 0.0
loss_decimal_place = 4

Evaluation Hyper Parameters:
eval_args = {'split': {'RS': [0.8, 0.1, 0.1]}, 'order': 'RO', 'group_by': 'user', 'mode': {'valid': 'full', 'test': 'full'}}
repeatable = False
metrics = ['Recall', 'NDCG', 'Precision', 'MAP']
topk = [1, 2, 3, 4, 5, 10, 20, 30, 50]
valid_metric = NDCG@10
valid_metric_bigger = True
eval_batch_size = 100
metric_decimal_place = 4

Dataset Hyper Parameters:
field_separator = 	
seq_separator =  
USER_ID_FIELD = user_id
ITEM_ID_FIELD = item_id
RATING_FIELD = rating
TIME_FIELD = timestamp
seq_len = None
LABEL_FIELD = label
threshold = None
NEG_PREFIX = neg_
load_col = {'inter': ['user_id', 'item_id', 'rating'], 'user': ['user_id', 'post_num', 'follower', 'following', 'timestamp']}
unload_col = None
unused_col = None
additional_feat_suffix = None
rm_dup_inter = None
val_interval = {'rating': '[0,inf)'}
filter_inter_by_user_or_item = True
user_inter_num_interval = [0,inf)
item_inter_num_interval = [0,inf)
alias_of_user_id = None
alias_of_item_id = None
alias_of_entity_id = None
alias_of_relation_id = None
preload_weight = None
normalize_field = None
normalize_all = None
ITEM_LIST_LENGTH_FIELD = item_length
LIST_SUFFIX = _list
MAX_ITEM_LIST_LENGTH = 50
POSITION_FIELD = position_id
HEAD_ENTITY_ID_FIELD = head_id
TAIL_ENTITY_ID_FIELD = tail_id
RELATION_ID_FIELD = relation_id
ENTITY_ID_FIELD = entity_id
benchmark_filename = None

Other Hyper Parameters: 
worker = 0
wandb_project = recbole
shuffle = True
require_pow = False
enable_amp = False
enable_scaler = False
transform = None
numerical_features = []
discretization = None
kg_reverse_r = False
entity_kg_num_interval = [0,inf)
relation_kg_num_interval = [0,inf)
MODEL_TYPE = ModelType.GENERAL
embedding_size = 64
n_layers = 3
reg_weight = 0.0001
smt_latent_dim = 64
ssl_temp = 0.1
ssl_reg = 0.0
hyper_layers = 1
alpha = 1
potential_reg = 8e-08
semantic_reg = 8e-08
num_clusters = 10
m_step = 1
warm_up_step = 20
user_feature_path = features/roberta_user.npy
item_feature_path = features/roberta_item.npy
MODEL_INPUT_TYPE = InputType.PAIRWISE
eval_type = EvaluatorType.RANKING
single_spec = True
local_rank = 0
device = cuda
valid_neg_sample_args = {'distribution': 'uniform', 'sample_num': 'none'}
test_neg_sample_args = {'distribution': 'uniform', 'sample_num': 'none'}


Sun 15 Mar 2026 18:26:18 INFO  travel
The number of users: 2010
Average actions of users: 18.721254355400696
The number of items: 247
Average actions of items: 152.890243902439
The number of inters: 37611
The sparsity of the dataset: 92.42431566862047%
Remain Fields: ['user_id', 'item_id', 'rating', 'post_num', 'follower', 'following', 'timestamp']
Sun 15 Mar 2026 18:26:19 INFO  [Training]: train_batch_size = [100] train_neg_sample_args: [{'distribution': 'uniform', 'sample_num': 1, 'alpha': 1.0, 'dynamic': False, 'candidate_num': 0}]
Sun 15 Mar 2026 18:26:19 INFO  [Evaluation]: eval_batch_size = [100] eval_args: [{'split': {'RS': [0.8, 0.1, 0.1]}, 'order': 'RO', 'group_by': 'user', 'mode': {'valid': 'full', 'test': 'full'}}]
Sun 15 Mar 2026 18:26:20 INFO  SCL(
  (u_MLP): Linear(in_features=1024, out_features=64, bias=True)
  (i_MLP): Linear(in_features=1024, out_features=64, bias=True)
  (user_embedding): Embedding(2010, 64)
  (item_embedding): Embedding(247, 64)
  (mf_loss): BPRLoss()
  (reg_loss): EmbLoss()
)
Trainable parameters: 144448
Sun 15 Mar 2026 18:26:20 INFO  trainable parameters: 144448
Sun 15 Mar 2026 18:26:21 INFO  Running E-step ! 
Sun 15 Mar 2026 18:26:27 INFO  epoch 0 training [time: 5.38s, train_loss1: 156.6727, train_loss2: 0.0000, train_loss3: 0.0115]
Sun 15 Mar 2026 18:26:28 INFO  epoch 0 evaluating [time: 1.65s, valid_score: 0.302900]
Sun 15 Mar 2026 18:26:28 INFO  valid result: 
recall@1 : 0.1164    recall@2 : 0.2097    recall@3 : 0.2698    recall@4 : 0.3067    recall@5 : 0.337    recall@10 : 0.4429    recall@20 : 0.5778    recall@30 : 0.6535    recall@50 : 0.7577    ndcg@1 : 0.1871    ndcg@2 : 0.2207    ndcg@3 : 0.2419    ndcg@4 : 0.2546    ndcg@5 : 0.2654    ndcg@10 : 0.3029    ndcg@20 : 0.3428    ndcg@30 : 0.3634    ndcg@50 : 0.3884    precision@1 : 0.1871    precision@2 : 0.1672    precision@3 : 0.145    precision@4 : 0.1274    precision@5 : 0.1138    precision@10 : 0.0793    precision@20 : 0.0544    precision@30 : 0.0429    precision@50 : 0.031    map@1 : 0.1871    map@2 : 0.1931    map@3 : 0.2006    map@4 : 0.2047    map@5 : 0.2092    map@10 : 0.2247    map@20 : 0.2375    map@30 : 0.2431    map@50 : 0.2484
Sun 15 Mar 2026 18:26:28 INFO  Saving current: saved/SCL-Mar-15-2026_18-26-20.pth
Sun 15 Mar 2026 18:26:28 INFO  Saving current best: saved/SCL-Mar-15-2026_18-26-20.pth
Sun 15 Mar 2026 18:26:28 INFO  Running E-step ! 
Sun 15 Mar 2026 18:26:33 INFO  epoch 1 training [time: 4.99s, train_loss1: 124.7424, train_loss2: 0.0000, train_loss3: 0.0114]
Sun 15 Mar 2026 18:26:35 INFO  epoch 1 evaluating [time: 1.61s, valid_score: 0.309200]
Sun 15 Mar 2026 18:26:35 INFO  valid result: 
recall@1 : 0.1311    recall@2 : 0.2086    recall@3 : 0.2684    recall@4 : 0.306    recall@5 : 0.339    recall@10 : 0.4455    recall@20 : 0.5784    recall@30 : 0.6528    recall@50 : 0.7552    ndcg@1 : 0.2002    ndcg@2 : 0.2246    ndcg@3 : 0.2461    ndcg@4 : 0.2593    ndcg@5 : 0.2713    ndcg@10 : 0.3092    ndcg@20 : 0.3485    ndcg@30 : 0.3686    ndcg@50 : 0.3932    precision@1 : 0.2002    precision@2 : 0.1663    precision@3 : 0.1442    precision@4 : 0.1271    precision@5 : 0.1145    precision@10 : 0.0801    precision@20 : 0.0546    precision@30 : 0.0427    precision@50 : 0.031    map@1 : 0.2002    map@2 : 0.199    map@3 : 0.2071    map@4 : 0.2115    map@5 : 0.2168    map@10 : 0.2325    map@20 : 0.2452    map@30 : 0.2506    map@50 : 0.2559
Sun 15 Mar 2026 18:26:35 INFO  Saving current: saved/SCL-Mar-15-2026_18-26-20.pth
Sun 15 Mar 2026 18:26:35 INFO  Saving current best: saved/SCL-Mar-15-2026_18-26-20.pth
Sun 15 Mar 2026 18:26:35 INFO  Running E-step ! 
Sun 15 Mar 2026 18:26:40 INFO  epoch 2 training [time: 4.90s, train_loss1: 121.5731, train_loss2: 0.0000, train_loss3: 0.0114]
Sun 15 Mar 2026 18:26:41 INFO  epoch 2 evaluating [time: 1.60s, valid_score: 0.309300]
Sun 15 Mar 2026 18:26:41 INFO  valid result: 
recall@1 : 0.1329    recall@2 : 0.2089    recall@3 : 0.2682    recall@4 : 0.3038    recall@5 : 0.3346    recall@10 : 0.4448    recall@20 : 0.5768    recall@30 : 0.6505    recall@50 : 0.7522    ndcg@1 : 0.2032    ndcg@2 : 0.226    ndcg@3 : 0.247    ndcg@4 : 0.2594    ndcg@5 : 0.2704    ndcg@10 : 0.3093    ndcg@20 : 0.3487    ndcg@30 : 0.3685    ndcg@50 : 0.3929    precision@1 : 0.2032    precision@2 : 0.1666    precision@3 : 0.1444    precision@4 : 0.1271    precision@5 : 0.1138    precision@10 : 0.0797    precision@20 : 0.0547    precision@30 : 0.0428    precision@50 : 0.031    map@1 : 0.2032    map@2 : 0.2005    map@3 : 0.2079    map@4 : 0.2122    map@5 : 0.2167    map@10 : 0.2327    map@20 : 0.2456    map@30 : 0.251    map@50 : 0.2562
Sun 15 Mar 2026 18:26:41 INFO  Saving current: saved/SCL-Mar-15-2026_18-26-20.pth
Sun 15 Mar 2026 18:26:41 INFO  Saving current best: saved/SCL-Mar-15-2026_18-26-20.pth
Sun 15 Mar 2026 18:26:41 INFO  Running E-step ! 
Sun 15 Mar 2026 18:26:46 INFO  epoch 3 training [time: 4.56s, train_loss1: 120.3918, train_loss2: 0.0000, train_loss3: 0.0114]
Sun 15 Mar 2026 18:26:48 INFO  epoch 3 evaluating [time: 1.61s, valid_score: 0.309500]
Sun 15 Mar 2026 18:26:48 INFO  valid result: 
recall@1 : 0.1329    recall@2 : 0.2092    recall@3 : 0.27    recall@4 : 0.3037    recall@5 : 0.3343    recall@10 : 0.4451    recall@20 : 0.5758    recall@30 : 0.6498    recall@50 : 0.7557    ndcg@1 : 0.2032    ndcg@2 : 0.226    ndcg@3 : 0.248    ndcg@4 : 0.2595    ndcg@5 : 0.2702    ndcg@10 : 0.3095    ndcg@20 : 0.3487    ndcg@30 : 0.3686    ndcg@50 : 0.394    precision@1 : 0.2032    precision@2 : 0.1666    precision@3 : 0.1454    precision@4 : 0.1268    precision@5 : 0.1132    precision@10 : 0.0796    precision@20 : 0.0546    precision@30 : 0.0428    precision@50 : 0.0311    map@1 : 0.2032    map@2 : 0.2005    map@3 : 0.2087    map@4 : 0.2121    map@5 : 0.2167    map@10 : 0.2329    map@20 : 0.2458    map@30 : 0.2512    map@50 : 0.2566
Sun 15 Mar 2026 18:26:48 INFO  Saving current: saved/SCL-Mar-15-2026_18-26-20.pth
Sun 15 Mar 2026 18:26:48 INFO  Saving current best: saved/SCL-Mar-15-2026_18-26-20.pth
Sun 15 Mar 2026 18:26:48 INFO  Running E-step ! 
Sun 15 Mar 2026 18:26:52 INFO  epoch 4 training [time: 4.69s, train_loss1: 120.2781, train_loss2: 0.0000, train_loss3: 0.0114]
Sun 15 Mar 2026 18:26:54 INFO  epoch 4 evaluating [time: 1.60s, valid_score: 0.308100]
Sun 15 Mar 2026 18:26:54 INFO  valid result: 
recall@1 : 0.1309    recall@2 : 0.2086    recall@3 : 0.2682    recall@4 : 0.306    recall@5 : 0.338    recall@10 : 0.4431    recall@20 : 0.5778    recall@30 : 0.6528    recall@50 : 0.754    ndcg@1 : 0.1996    ndcg@2 : 0.2243    ndcg@3 : 0.2457    ndcg@4 : 0.2593    ndcg@5 : 0.2707    ndcg@10 : 0.3081    ndcg@20 : 0.3483    ndcg@30 : 0.3685    ndcg@50 : 0.3927    precision@1 : 0.1996    precision@2 : 0.1663    precision@3 : 0.144    precision@4 : 0.1274    precision@5 : 0.1139    precision@10 : 0.0796    precision@20 : 0.0549    precision@30 : 0.043    precision@50 : 0.0311    map@1 : 0.1996    map@2 : 0.1989    map@3 : 0.2069    map@4 : 0.2115    map@5 : 0.2164    map@10 : 0.2319    map@20 : 0.245    map@30 : 0.2505    map@50 : 0.2557
Sun 15 Mar 2026 18:26:54 INFO  Running E-step ! 
Sun 15 Mar 2026 18:26:59 INFO  epoch 5 training [time: 5.28s, train_loss1: 119.3169, train_loss2: 0.0000, train_loss3: 0.0114]
Sun 15 Mar 2026 18:27:01 INFO  epoch 5 evaluating [time: 1.60s, valid_score: 0.308300]
Sun 15 Mar 2026 18:27:01 INFO  valid result: 
recall@1 : 0.1311    recall@2 : 0.2084    recall@3 : 0.2682    recall@4 : 0.3058    recall@5 : 0.3406    recall@10 : 0.4425    recall@20 : 0.579    recall@30 : 0.6494    recall@50 : 0.7435    ndcg@1 : 0.2002    ndcg@2 : 0.2244    ndcg@3 : 0.2459    ndcg@4 : 0.2591    ndcg@5 : 0.2721    ndcg@10 : 0.3083    ndcg@20 : 0.349    ndcg@30 : 0.3681    ndcg@50 : 0.3911    precision@1 : 0.2002    precision@2 : 0.166    precision@3 : 0.1438    precision@4 : 0.1269    precision@5 : 0.1153    precision@10 : 0.0797    precision@20 : 0.055    precision@30 : 0.0428    precision@50 : 0.0309    map@1 : 0.2002    map@2 : 0.1987    map@3 : 0.2068    map@4 : 0.2113    map@5 : 0.2171    map@10 : 0.2322    map@20 : 0.2453    map@30 : 0.2506    map@50 : 0.2557
Sun 15 Mar 2026 18:27:01 INFO  Running E-step ! 
Sun 15 Mar 2026 18:27:05 INFO  epoch 6 training [time: 4.36s, train_loss1: 118.2976, train_loss2: 0.0000, train_loss3: 0.0114]
Sun 15 Mar 2026 18:27:07 INFO  epoch 6 evaluating [time: 1.60s, valid_score: 0.308100]
Sun 15 Mar 2026 18:27:07 INFO  valid result: 
recall@1 : 0.1311    recall@2 : 0.2083    recall@3 : 0.2682    recall@4 : 0.3064    recall@5 : 0.3395    recall@10 : 0.4426    recall@20 : 0.581    recall@30 : 0.6529    recall@50 : 0.7416    ndcg@1 : 0.2002    ndcg@2 : 0.2239    ndcg@3 : 0.2458    ndcg@4 : 0.2593    ndcg@5 : 0.2714    ndcg@10 : 0.3081    ndcg@20 : 0.3494    ndcg@30 : 0.3689    ndcg@50 : 0.3909    precision@1 : 0.2002    precision@2 : 0.1654    precision@3 : 0.1438    precision@4 : 0.1269    precision@5 : 0.1145    precision@10 : 0.0795    precision@20 : 0.0552    precision@30 : 0.0431    precision@50 : 0.0309    map@1 : 0.2002    map@2 : 0.1985    map@3 : 0.2067    map@4 : 0.2113    map@5 : 0.2166    map@10 : 0.2319    map@20 : 0.2454    map@30 : 0.2507    map@50 : 0.2557
Sun 15 Mar 2026 18:27:07 INFO  Running E-step ! 
Sun 15 Mar 2026 18:27:11 INFO  epoch 7 training [time: 4.53s, train_loss1: 116.3725, train_loss2: 0.0000, train_loss3: 0.0115]
Sun 15 Mar 2026 18:27:13 INFO  epoch 7 evaluating [time: 1.61s, valid_score: 0.309100]
Sun 15 Mar 2026 18:27:13 INFO  valid result: 
recall@1 : 0.131    recall@2 : 0.2064    recall@3 : 0.2614    recall@4 : 0.3106    recall@5 : 0.3417    recall@10 : 0.446    recall@20 : 0.5813    recall@30 : 0.6525    recall@50 : 0.7438    ndcg@1 : 0.2008    ndcg@2 : 0.2244    ndcg@3 : 0.2422    ndcg@4 : 0.2609    ndcg@5 : 0.272    ndcg@10 : 0.3091    ndcg@20 : 0.3496    ndcg@30 : 0.369    ndcg@50 : 0.3914    precision@1 : 0.2008    precision@2 : 0.1669    precision@3 : 0.1412    precision@4 : 0.1289    precision@5 : 0.1155    precision@10 : 0.0802    precision@20 : 0.0555    precision@30 : 0.0432    precision@50 : 0.031    map@1 : 0.2008    map@2 : 0.1987    map@3 : 0.2041    map@4 : 0.2115    map@5 : 0.2166    map@10 : 0.2319    map@20 : 0.2453    map@30 : 0.2505    map@50 : 0.2556
Sun 15 Mar 2026 18:27:13 INFO  Running E-step ! 
Sun 15 Mar 2026 18:27:18 INFO  epoch 8 training [time: 4.82s, train_loss1: 115.7126, train_loss2: 0.0000, train_loss3: 0.0115]
Sun 15 Mar 2026 18:27:19 INFO  epoch 8 evaluating [time: 1.61s, valid_score: 0.304900]
Sun 15 Mar 2026 18:27:19 INFO  valid result: 
recall@1 : 0.1148    recall@2 : 0.2095    recall@3 : 0.269    recall@4 : 0.3089    recall@5 : 0.3406    recall@10 : 0.4489    recall@20 : 0.5803    recall@30 : 0.6552    recall@50 : 0.7477    ndcg@1 : 0.1853    ndcg@2 : 0.2209    ndcg@3 : 0.2408    ndcg@4 : 0.2552    ndcg@5 : 0.2667    ndcg@10 : 0.3049    ndcg@20 : 0.3445    ndcg@30 : 0.3647    ndcg@50 : 0.3874    precision@1 : 0.1853    precision@2 : 0.1684    precision@3 : 0.1444    precision@4 : 0.1284    precision@5 : 0.1155    precision@10 : 0.0805    precision@20 : 0.0555    precision@30 : 0.0433    precision@50 : 0.0312    map@1 : 0.1853    map@2 : 0.1928    map@3 : 0.1994    map@4 : 0.2044    map@5 : 0.2094    map@10 : 0.2252    map@20 : 0.2383    map@30 : 0.2438    map@50 : 0.2489
Sun 15 Mar 2026 18:27:19 INFO  Running E-step ! 
Sun 15 Mar 2026 18:27:24 INFO  epoch 9 training [time: 4.89s, train_loss1: 114.9857, train_loss2: 0.0000, train_loss3: 0.0116]
Sun 15 Mar 2026 18:27:26 INFO  epoch 9 evaluating [time: 1.61s, valid_score: 0.305600]
Sun 15 Mar 2026 18:27:26 INFO  valid result: 
recall@1 : 0.114    recall@2 : 0.2093    recall@3 : 0.2666    recall@4 : 0.3074    recall@5 : 0.3408    recall@10 : 0.4517    recall@20 : 0.5837    recall@30 : 0.6583    recall@50 : 0.764    ndcg@1 : 0.1847    ndcg@2 : 0.2201    ndcg@3 : 0.2394    ndcg@4 : 0.2537    ndcg@5 : 0.2664    ndcg@10 : 0.3056    ndcg@20 : 0.3453    ndcg@30 : 0.3655    ndcg@50 : 0.3906    precision@1 : 0.1847    precision@2 : 0.1678    precision@3 : 0.1438    precision@4 : 0.1271    precision@5 : 0.116    precision@10 : 0.0814    precision@20 : 0.056    precision@30 : 0.0437    precision@50 : 0.0316    map@1 : 0.1847    map@2 : 0.1919    map@3 : 0.198    map@4 : 0.2033    map@5 : 0.2089    map@10 : 0.2252    map@20 : 0.2382    map@30 : 0.2438    map@50 : 0.2493
Sun 15 Mar 2026 18:27:26 INFO  Running E-step ! 
Sun 15 Mar 2026 18:27:31 INFO  epoch 10 training [time: 5.01s, train_loss1: 111.9790, train_loss2: 0.0000, train_loss3: 0.0116]
Sun 15 Mar 2026 18:27:33 INFO  epoch 10 evaluating [time: 1.61s, valid_score: 0.305100]
Sun 15 Mar 2026 18:27:33 INFO  valid result: 
recall@1 : 0.1152    recall@2 : 0.2061    recall@3 : 0.2635    recall@4 : 0.3081    recall@5 : 0.3414    recall@10 : 0.4489    recall@20 : 0.5881    recall@30 : 0.6678    recall@50 : 0.7686    ndcg@1 : 0.1889    ndcg@2 : 0.2197    ndcg@3 : 0.2386    ndcg@4 : 0.2545    ndcg@5 : 0.2668    ndcg@10 : 0.3051    ndcg@20 : 0.347    ndcg@30 : 0.3686    ndcg@50 : 0.3924    precision@1 : 0.1889    precision@2 : 0.1672    precision@3 : 0.1434    precision@4 : 0.1281    precision@5 : 0.1161    precision@10 : 0.081    precision@20 : 0.0566    precision@30 : 0.0446    precision@50 : 0.0318    map@1 : 0.1889    map@2 : 0.1919    map@3 : 0.1976    map@4 : 0.2036    map@5 : 0.2091    map@10 : 0.225    map@20 : 0.2389    map@30 : 0.2449    map@50 : 0.2501
Sun 15 Mar 2026 18:27:33 INFO  Running E-step ! 
Sun 15 Mar 2026 18:27:38 INFO  epoch 11 training [time: 5.19s, train_loss1: 111.5739, train_loss2: 0.0000, train_loss3: 0.0116]
Sun 15 Mar 2026 18:27:39 INFO  epoch 11 evaluating [time: 1.62s, valid_score: 0.306400]
Sun 15 Mar 2026 18:27:39 INFO  valid result: 
recall@1 : 0.1145    recall@2 : 0.2114    recall@3 : 0.2689    recall@4 : 0.3052    recall@5 : 0.3415    recall@10 : 0.4511    recall@20 : 0.5953    recall@30 : 0.6788    recall@50 : 0.7736    ndcg@1 : 0.1871    ndcg@2 : 0.2234    ndcg@3 : 0.2421    ndcg@4 : 0.2543    ndcg@5 : 0.2681    ndcg@10 : 0.3064    ndcg@20 : 0.3503    ndcg@30 : 0.3723    ndcg@50 : 0.3949    precision@1 : 0.1871    precision@2 : 0.171    precision@3 : 0.1458    precision@4 : 0.1275    precision@5 : 0.1174    precision@10 : 0.0813    precision@20 : 0.0579    precision@30 : 0.0453    precision@50 : 0.0321    map@1 : 0.1871    map@2 : 0.1949    map@3 : 0.2006    map@4 : 0.2045    map@5 : 0.2105    map@10 : 0.2261    map@20 : 0.2408    map@30 : 0.2468    map@50 : 0.2519
Sun 15 Mar 2026 18:27:39 INFO  Running E-step ! 
Sun 15 Mar 2026 18:27:44 INFO  epoch 12 training [time: 4.63s, train_loss1: 108.6163, train_loss2: 0.0000, train_loss3: 0.0117]
Sun 15 Mar 2026 18:27:46 INFO  epoch 12 evaluating [time: 1.61s, valid_score: 0.307700]
Sun 15 Mar 2026 18:27:46 INFO  valid result: 
recall@1 : 0.1154    recall@2 : 0.2112    recall@3 : 0.2654    recall@4 : 0.3031    recall@5 : 0.3366    recall@10 : 0.4539    recall@20 : 0.6021    recall@30 : 0.6856    recall@50 : 0.7779    ndcg@1 : 0.1913    ndcg@2 : 0.2249    ndcg@3 : 0.2417    ndcg@4 : 0.2544    ndcg@5 : 0.2667    ndcg@10 : 0.3077    ndcg@20 : 0.3527    ndcg@30 : 0.3743    ndcg@50 : 0.3966    precision@1 : 0.1913    precision@2 : 0.1716    precision@3 : 0.1456    precision@4 : 0.1283    precision@5 : 0.1167    precision@10 : 0.0822    precision@20 : 0.0589    precision@30 : 0.0457    precision@50 : 0.0324    map@1 : 0.1913    map@2 : 0.1965    map@3 : 0.2009    map@4 : 0.205    map@5 : 0.2099    map@10 : 0.2267    map@20 : 0.2418    map@30 : 0.2476    map@50 : 0.2527
Sun 15 Mar 2026 18:27:46 INFO  Running E-step ! 
Sun 15 Mar 2026 18:27:51 INFO  epoch 13 training [time: 5.08s, train_loss1: 105.7327, train_loss2: 0.0000, train_loss3: 0.0117]
Sun 15 Mar 2026 18:27:52 INFO  epoch 13 evaluating [time: 1.62s, valid_score: 0.311400]
Sun 15 Mar 2026 18:27:52 INFO  valid result: 
recall@1 : 0.117    recall@2 : 0.2134    recall@3 : 0.2655    recall@4 : 0.3042    recall@5 : 0.3351    recall@10 : 0.4594    recall@20 : 0.6086    recall@30 : 0.687    recall@50 : 0.7805    ndcg@1 : 0.1919    ndcg@2 : 0.2284    ndcg@3 : 0.2444    ndcg@4 : 0.2571    ndcg@5 : 0.2681    ndcg@10 : 0.3114    ndcg@20 : 0.3563    ndcg@30 : 0.3767    ndcg@50 : 0.3992    precision@1 : 0.1919    precision@2 : 0.1755    precision@3 : 0.1486    precision@4 : 0.1308    precision@5 : 0.1179    precision@10 : 0.084    precision@20 : 0.0596    precision@30 : 0.0459    precision@50 : 0.0325    map@1 : 0.1919    map@2 : 0.1998    map@3 : 0.2037    map@4 : 0.2078    map@5 : 0.212    map@10 : 0.2296    map@20 : 0.2447    map@30 : 0.2501    map@50 : 0.2554
Sun 15 Mar 2026 18:27:52 INFO  Saving current: saved/SCL-Mar-15-2026_18-26-20.pth
Sun 15 Mar 2026 18:27:52 INFO  Saving current best: saved/SCL-Mar-15-2026_18-26-20.pth
Sun 15 Mar 2026 18:27:52 INFO  Running E-step ! 
Sun 15 Mar 2026 18:27:56 INFO  epoch 14 training [time: 3.93s, train_loss1: 105.0799, train_loss2: 0.0000, train_loss3: 0.0117]
Sun 15 Mar 2026 18:27:58 INFO  epoch 14 evaluating [time: 1.62s, valid_score: 0.312800]
Sun 15 Mar 2026 18:27:58 INFO  valid result: 
recall@1 : 0.1155    recall@2 : 0.2134    recall@3 : 0.2688    recall@4 : 0.3047    recall@5 : 0.3324    recall@10 : 0.4623    recall@20 : 0.6101    recall@30 : 0.6926    recall@50 : 0.7847    ndcg@1 : 0.1907    ndcg@2 : 0.2294    ndcg@3 : 0.2468    ndcg@4 : 0.2578    ndcg@5 : 0.2669    ndcg@10 : 0.3128    ndcg@20 : 0.3571    ndcg@30 : 0.3786    ndcg@50 : 0.4007    precision@1 : 0.1907    precision@2 : 0.1776    precision@3 : 0.152    precision@4 : 0.132    precision@5 : 0.1172    precision@10 : 0.0852    precision@20 : 0.0597    precision@30 : 0.0464    precision@50 : 0.0327    map@1 : 0.1907    map@2 : 0.2005    map@3 : 0.2053    map@4 : 0.2081    map@5 : 0.2113    map@10 : 0.2304    map@20 : 0.2451    map@30 : 0.251    map@50 : 0.256
Sun 15 Mar 2026 18:27:58 INFO  Saving current: saved/SCL-Mar-15-2026_18-26-20.pth
Sun 15 Mar 2026 18:27:58 INFO  Saving current best: saved/SCL-Mar-15-2026_18-26-20.pth
Sun 15 Mar 2026 18:27:58 INFO  Running E-step ! 
Sun 15 Mar 2026 18:28:02 INFO  epoch 15 training [time: 4.37s, train_loss1: 103.3693, train_loss2: 0.0000, train_loss3: 0.0117]
Sun 15 Mar 2026 18:28:04 INFO  epoch 15 evaluating [time: 1.61s, valid_score: 0.320100]
Sun 15 Mar 2026 18:28:04 INFO  valid result: 
recall@1 : 0.1301    recall@2 : 0.2108    recall@3 : 0.2675    recall@4 : 0.3044    recall@5 : 0.3345    recall@10 : 0.4683    recall@20 : 0.6129    recall@30 : 0.6875    recall@50 : 0.7879    ndcg@1 : 0.2086    ndcg@2 : 0.2321    ndcg@3 : 0.251    ndcg@4 : 0.2625    ndcg@5 : 0.273    ndcg@10 : 0.3201    ndcg@20 : 0.3631    ndcg@30 : 0.3831    ndcg@50 : 0.4068    precision@1 : 0.2086    precision@2 : 0.1737    precision@3 : 0.1512    precision@4 : 0.1314    precision@5 : 0.1181    precision@10 : 0.0867    precision@20 : 0.0599    precision@30 : 0.0463    precision@50 : 0.0328    map@1 : 0.2086    map@2 : 0.2056    map@3 : 0.2108    map@4 : 0.2142    map@5 : 0.2183    map@10 : 0.2379    map@20 : 0.2522    map@30 : 0.2578    map@50 : 0.2631
Sun 15 Mar 2026 18:28:04 INFO  Saving current: saved/SCL-Mar-15-2026_18-26-20.pth
Sun 15 Mar 2026 18:28:04 INFO  Saving current best: saved/SCL-Mar-15-2026_18-26-20.pth
Sun 15 Mar 2026 18:28:04 INFO  Running E-step ! 
Sun 15 Mar 2026 18:28:09 INFO  epoch 16 training [time: 5.15s, train_loss1: 99.9355, train_loss2: 0.0000, train_loss3: 0.0118]
Sun 15 Mar 2026 18:28:11 INFO  epoch 16 evaluating [time: 1.60s, valid_score: 0.322600]
Sun 15 Mar 2026 18:28:11 INFO  valid result: 
recall@1 : 0.1343    recall@2 : 0.2106    recall@3 : 0.266    recall@4 : 0.3056    recall@5 : 0.3362    recall@10 : 0.4695    recall@20 : 0.6138    recall@30 : 0.6845    recall@50 : 0.7881    ndcg@1 : 0.2139    ndcg@2 : 0.2339    ndcg@3 : 0.2516    ndcg@4 : 0.2645    ndcg@5 : 0.2753    ndcg@10 : 0.3226    ndcg@20 : 0.3656    ndcg@30 : 0.3847    ndcg@50 : 0.409    precision@1 : 0.2139    precision@2 : 0.1746    precision@3 : 0.1504    precision@4 : 0.1317    precision@5 : 0.1185    precision@10 : 0.087    precision@20 : 0.0601    precision@30 : 0.0463    precision@50 : 0.0328    map@1 : 0.2139    map@2 : 0.2075    map@3 : 0.2121    map@4 : 0.2165    map@5 : 0.2207    map@10 : 0.2407    map@20 : 0.255    map@30 : 0.2604    map@50 : 0.2658
Sun 15 Mar 2026 18:28:11 INFO  Saving current: saved/SCL-Mar-15-2026_18-26-20.pth
Sun 15 Mar 2026 18:28:11 INFO  Saving current best: saved/SCL-Mar-15-2026_18-26-20.pth
Sun 15 Mar 2026 18:28:11 INFO  Running E-step ! 
Sun 15 Mar 2026 18:28:15 INFO  epoch 17 training [time: 4.51s, train_loss1: 100.7015, train_loss2: 0.0000, train_loss3: 0.0118]
Sun 15 Mar 2026 18:28:17 INFO  epoch 17 evaluating [time: 1.61s, valid_score: 0.323700]
Sun 15 Mar 2026 18:28:17 INFO  valid result: 
recall@1 : 0.1342    recall@2 : 0.2132    recall@3 : 0.2652    recall@4 : 0.3034    recall@5 : 0.3377    recall@10 : 0.471    recall@20 : 0.6156    recall@30 : 0.6802    recall@50 : 0.7891    ndcg@1 : 0.2145    ndcg@2 : 0.2356    ndcg@3 : 0.2514    ndcg@4 : 0.264    ndcg@5 : 0.2766    ndcg@10 : 0.3237    ndcg@20 : 0.3666    ndcg@30 : 0.3844    ndcg@50 : 0.4098    precision@1 : 0.2145    precision@2 : 0.1761    precision@3 : 0.15    precision@4 : 0.1316    precision@5 : 0.12    precision@10 : 0.0877    precision@20 : 0.0602    precision@30 : 0.0461    precision@50 : 0.0329    map@1 : 0.2145    map@2 : 0.209    map@3 : 0.2123    map@4 : 0.2164    map@5 : 0.2217    map@10 : 0.2415    map@20 : 0.2557    map@30 : 0.261    map@50 : 0.2666
Sun 15 Mar 2026 18:28:17 INFO  Saving current: saved/SCL-Mar-15-2026_18-26-20.pth
Sun 15 Mar 2026 18:28:17 INFO  Saving current best: saved/SCL-Mar-15-2026_18-26-20.pth
Sun 15 Mar 2026 18:28:17 INFO  Running E-step ! 
Sun 15 Mar 2026 18:28:21 INFO  epoch 18 training [time: 4.40s, train_loss1: 100.0363, train_loss2: 0.0000, train_loss3: 0.0118]
Sun 15 Mar 2026 18:28:23 INFO  epoch 18 evaluating [time: 1.61s, valid_score: 0.324500]
Sun 15 Mar 2026 18:28:23 INFO  valid result: 
recall@1 : 0.1329    recall@2 : 0.2104    recall@3 : 0.2693    recall@4 : 0.3039    recall@5 : 0.3356    recall@10 : 0.4747    recall@20 : 0.6151    recall@30 : 0.6815    recall@50 : 0.7918    ndcg@1 : 0.2145    ndcg@2 : 0.2337    ndcg@3 : 0.2534    ndcg@4 : 0.2642    ndcg@5 : 0.2756    ndcg@10 : 0.3245    ndcg@20 : 0.3664    ndcg@30 : 0.3845    ndcg@50 : 0.4103    precision@1 : 0.2145    precision@2 : 0.1746    precision@3 : 0.1526    precision@4 : 0.1323    precision@5 : 0.12    precision@10 : 0.0882    precision@20 : 0.0602    precision@30 : 0.0461    precision@50 : 0.0331    map@1 : 0.2145    map@2 : 0.2071    map@3 : 0.213    map@4 : 0.2162    map@5 : 0.2206    map@10 : 0.2413    map@20 : 0.2553    map@30 : 0.2606    map@50 : 0.2662
Sun 15 Mar 2026 18:28:23 INFO  Saving current: saved/SCL-Mar-15-2026_18-26-20.pth
Sun 15 Mar 2026 18:28:23 INFO  Saving current best: saved/SCL-Mar-15-2026_18-26-20.pth
Sun 15 Mar 2026 18:28:23 INFO  Running E-step ! 
Sun 15 Mar 2026 18:28:28 INFO  epoch 19 training [time: 4.75s, train_loss1: 97.9966, train_loss2: 0.0000, train_loss3: 0.0118]
Sun 15 Mar 2026 18:28:29 INFO  epoch 19 evaluating [time: 1.61s, valid_score: 0.326700]
Sun 15 Mar 2026 18:28:29 INFO  valid result: 
recall@1 : 0.1335    recall@2 : 0.2147    recall@3 : 0.2684    recall@4 : 0.3097    recall@5 : 0.3438    recall@10 : 0.4762    recall@20 : 0.6154    recall@30 : 0.685    recall@50 : 0.7933    ndcg@1 : 0.2163    ndcg@2 : 0.2375    ndcg@3 : 0.2539    ndcg@4 : 0.2679    ndcg@5 : 0.2799    ndcg@10 : 0.3267    ndcg@20 : 0.3683    ndcg@30 : 0.3873    ndcg@50 : 0.4125    precision@1 : 0.2163    precision@2 : 0.1779    precision@3 : 0.1522    precision@4 : 0.1347    precision@5 : 0.1215    precision@10 : 0.0884    precision@20 : 0.0603    precision@30 : 0.0464    precision@50 : 0.0331    map@1 : 0.2163    map@2 : 0.2102    map@3 : 0.2136    map@4 : 0.2188    map@5 : 0.2235    map@10 : 0.2433    map@20 : 0.2573    map@30 : 0.2628    map@50 : 0.2684
Sun 15 Mar 2026 18:28:29 INFO  Saving current: saved/SCL-Mar-15-2026_18-26-20.pth
Sun 15 Mar 2026 18:28:29 INFO  Saving current best: saved/SCL-Mar-15-2026_18-26-20.pth
Sun 15 Mar 2026 18:28:29 INFO  Running E-step ! 
Sun 15 Mar 2026 18:28:34 INFO  epoch 20 training [time: 4.50s, train_loss1: 97.4064, train_loss2: 0.0000, train_loss3: 0.0119, train_loss4: 0.0037]
Sun 15 Mar 2026 18:28:35 INFO  epoch 20 evaluating [time: 1.61s, valid_score: 0.327100]
Sun 15 Mar 2026 18:28:35 INFO  valid result: 
recall@1 : 0.1304    recall@2 : 0.2178    recall@3 : 0.2716    recall@4 : 0.3135    recall@5 : 0.3494    recall@10 : 0.4765    recall@20 : 0.6198    recall@30 : 0.6872    recall@50 : 0.7931    ndcg@1 : 0.2104    ndcg@2 : 0.2383    ndcg@3 : 0.2549    ndcg@4 : 0.269    ndcg@5 : 0.2818    ndcg@10 : 0.3271    ndcg@20 : 0.3694    ndcg@30 : 0.388    ndcg@50 : 0.4127    precision@1 : 0.2104    precision@2 : 0.1803    precision@3 : 0.1544    precision@4 : 0.136    precision@5 : 0.1232    precision@10 : 0.0892    precision@20 : 0.0606    precision@30 : 0.0467    precision@50 : 0.0332    map@1 : 0.2104    map@2 : 0.2101    map@3 : 0.2139    map@4 : 0.2191    map@5 : 0.2244    map@10 : 0.2436    map@20 : 0.2576    map@30 : 0.2632    map@50 : 0.2686
Sun 15 Mar 2026 18:28:35 INFO  Saving current: saved/SCL-Mar-15-2026_18-26-20.pth
Sun 15 Mar 2026 18:28:35 INFO  Saving current best: saved/SCL-Mar-15-2026_18-26-20.pth
Sun 15 Mar 2026 18:28:35 INFO  Running E-step ! 
Sun 15 Mar 2026 18:28:41 INFO  epoch 21 training [time: 5.56s, train_loss1: 95.7418, train_loss2: 0.0000, train_loss3: 0.0119, train_loss4: 0.0038]
Sun 15 Mar 2026 18:28:42 INFO  epoch 21 evaluating [time: 1.62s, valid_score: 0.331500]
Sun 15 Mar 2026 18:28:42 INFO  valid result: 
recall@1 : 0.139    recall@2 : 0.2217    recall@3 : 0.2741    recall@4 : 0.3177    recall@5 : 0.3532    recall@10 : 0.4762    recall@20 : 0.6217    recall@30 : 0.6891    recall@50 : 0.7914    ndcg@1 : 0.2217    ndcg@2 : 0.2444    ndcg@3 : 0.2604    ndcg@4 : 0.2755    ndcg@5 : 0.2878    ndcg@10 : 0.3315    ndcg@20 : 0.3746    ndcg@30 : 0.3931    ndcg@50 : 0.4171    precision@1 : 0.2217    precision@2 : 0.1821    precision@3 : 0.1555    precision@4 : 0.1383    precision@5 : 0.1244    precision@10 : 0.0893    precision@20 : 0.0609    precision@30 : 0.0467    precision@50 : 0.0332    map@1 : 0.2217    map@2 : 0.2168    map@3 : 0.22    map@4 : 0.2263    map@5 : 0.2311    map@10 : 0.2495    map@20 : 0.2637    map@30 : 0.2692    map@50 : 0.2746
Sun 15 Mar 2026 18:28:42 INFO  Saving current: saved/SCL-Mar-15-2026_18-26-20.pth
Sun 15 Mar 2026 18:28:42 INFO  Saving current best: saved/SCL-Mar-15-2026_18-26-20.pth
Sun 15 Mar 2026 18:28:42 INFO  Running E-step ! 
Sun 15 Mar 2026 18:28:48 INFO  epoch 22 training [time: 5.20s, train_loss1: 95.2518, train_loss2: 0.0000, train_loss3: 0.0119, train_loss4: 0.0037]
Sun 15 Mar 2026 18:28:49 INFO  epoch 22 evaluating [time: 1.76s, valid_score: 0.334300]
Sun 15 Mar 2026 18:28:49 INFO  valid result: 
recall@1 : 0.1423    recall@2 : 0.2229    recall@3 : 0.278    recall@4 : 0.3202    recall@5 : 0.3568    recall@10 : 0.4785    recall@20 : 0.6232    recall@30 : 0.6936    recall@50 : 0.7897    ndcg@1 : 0.2259    ndcg@2 : 0.2474    ndcg@3 : 0.2645    ndcg@4 : 0.2781    ndcg@5 : 0.2916    ndcg@10 : 0.3343    ndcg@20 : 0.3774    ndcg@30 : 0.3965    ndcg@50 : 0.4193    precision@1 : 0.2259    precision@2 : 0.1841    precision@3 : 0.1581    precision@4 : 0.1381    precision@5 : 0.1265    precision@10 : 0.0893    precision@20 : 0.0611    precision@30 : 0.047    precision@50 : 0.0331    map@1 : 0.2259    map@2 : 0.2198    map@3 : 0.2238    map@4 : 0.2288    map@5 : 0.2346    map@10 : 0.2523    map@20 : 0.2666    map@30 : 0.2723    map@50 : 0.2775
Sun 15 Mar 2026 18:28:49 INFO  Saving current: saved/SCL-Mar-15-2026_18-26-20.pth
Sun 15 Mar 2026 18:28:49 INFO  Saving current best: saved/SCL-Mar-15-2026_18-26-20.pth
Sun 15 Mar 2026 18:28:49 INFO  Running E-step ! 
Sun 15 Mar 2026 18:28:54 INFO  epoch 23 training [time: 4.68s, train_loss1: 93.4449, train_loss2: 0.0000, train_loss3: 0.0119, train_loss4: 0.0036]
Sun 15 Mar 2026 18:28:56 INFO  epoch 23 evaluating [time: 1.61s, valid_score: 0.337800]
Sun 15 Mar 2026 18:28:56 INFO  valid result: 
recall@1 : 0.144    recall@2 : 0.225    recall@3 : 0.283    recall@4 : 0.3274    recall@5 : 0.3599    recall@10 : 0.4825    recall@20 : 0.6278    recall@30 : 0.6971    recall@50 : 0.7949    ndcg@1 : 0.2294    ndcg@2 : 0.2499    ndcg@3 : 0.2686    ndcg@4 : 0.2831    ndcg@5 : 0.2947    ndcg@10 : 0.3378    ndcg@20 : 0.3808    ndcg@30 : 0.3997    ndcg@50 : 0.4228    precision@1 : 0.2294    precision@2 : 0.1856    precision@3 : 0.1607    precision@4 : 0.1409    precision@5 : 0.1273    precision@10 : 0.09    precision@20 : 0.0614    precision@30 : 0.0472    precision@50 : 0.0333    map@1 : 0.2294    map@2 : 0.2223    map@3 : 0.227    map@4 : 0.2326    map@5 : 0.2374    map@10 : 0.2552    map@20 : 0.2694    map@30 : 0.2751    map@50 : 0.2804
Sun 15 Mar 2026 18:28:56 INFO  Saving current: saved/SCL-Mar-15-2026_18-26-20.pth
Sun 15 Mar 2026 18:28:56 INFO  Saving current best: saved/SCL-Mar-15-2026_18-26-20.pth
Sun 15 Mar 2026 18:28:56 INFO  Running E-step ! 
Sun 15 Mar 2026 18:29:01 INFO  epoch 24 training [time: 5.34s, train_loss1: 91.6592, train_loss2: 0.0000, train_loss3: 0.0119, train_loss4: 0.0034]
Sun 15 Mar 2026 18:29:03 INFO  epoch 24 evaluating [time: 1.60s, valid_score: 0.341600]
Sun 15 Mar 2026 18:29:03 INFO  valid result: 
recall@1 : 0.1487    recall@2 : 0.2258    recall@3 : 0.2851    recall@4 : 0.3253    recall@5 : 0.3651    recall@10 : 0.486    recall@20 : 0.6294    recall@30 : 0.6987    recall@50 : 0.7909    ndcg@1 : 0.236    ndcg@2 : 0.2529    ndcg@3 : 0.2721    ndcg@4 : 0.2847    ndcg@5 : 0.2991    ndcg@10 : 0.3416    ndcg@20 : 0.3841    ndcg@30 : 0.4029    ndcg@50 : 0.4249    precision@1 : 0.236    precision@2 : 0.1871    precision@3 : 0.1621    precision@4 : 0.1409    precision@5 : 0.1288    precision@10 : 0.0908    precision@20 : 0.0615    precision@30 : 0.0472    precision@50 : 0.0331    map@1 : 0.236    map@2 : 0.2256    map@3 : 0.2307    map@4 : 0.2352    map@5 : 0.2412    map@10 : 0.259    map@20 : 0.2729    map@30 : 0.2785    map@50 : 0.2836
Sun 15 Mar 2026 18:29:03 INFO  Saving current: saved/SCL-Mar-15-2026_18-26-20.pth
Sun 15 Mar 2026 18:29:03 INFO  Saving current best: saved/SCL-Mar-15-2026_18-26-20.pth
Sun 15 Mar 2026 18:29:03 INFO  Running E-step ! 
Sun 15 Mar 2026 18:29:07 INFO  epoch 25 training [time: 4.68s, train_loss1: 90.1507, train_loss2: 0.0000, train_loss3: 0.0119, train_loss4: 0.0034]
Sun 15 Mar 2026 18:29:09 INFO  epoch 25 evaluating [time: 1.61s, valid_score: 0.341200]
Sun 15 Mar 2026 18:29:09 INFO  valid result: 
recall@1 : 0.1484    recall@2 : 0.225    recall@3 : 0.2863    recall@4 : 0.3254    recall@5 : 0.3647    recall@10 : 0.4861    recall@20 : 0.6317    recall@30 : 0.7002    recall@50 : 0.7913    ndcg@1 : 0.233    ndcg@2 : 0.2524    ndcg@3 : 0.2727    ndcg@4 : 0.2851    ndcg@5 : 0.2988    ndcg@10 : 0.3412    ndcg@20 : 0.3846    ndcg@30 : 0.4032    ndcg@50 : 0.425    precision@1 : 0.233    precision@2 : 0.1874    precision@3 : 0.1633    precision@4 : 0.1427    precision@5 : 0.1291    precision@10 : 0.0904    precision@20 : 0.0618    precision@30 : 0.0473    precision@50 : 0.0332    map@1 : 0.233    map@2 : 0.2254    map@3 : 0.2315    map@4 : 0.2356    map@5 : 0.2412    map@10 : 0.2588    map@20 : 0.2731    map@30 : 0.2788    map@50 : 0.2838
Sun 15 Mar 2026 18:29:09 INFO  Running E-step ! 
Sun 15 Mar 2026 18:29:14 INFO  epoch 26 training [time: 4.65s, train_loss1: 87.7567, train_loss2: 0.0000, train_loss3: 0.0119, train_loss4: 0.0030]
Sun 15 Mar 2026 18:29:15 INFO  epoch 26 evaluating [time: 1.61s, valid_score: 0.343100]
Sun 15 Mar 2026 18:29:15 INFO  valid result: 
recall@1 : 0.1474    recall@2 : 0.2281    recall@3 : 0.2897    recall@4 : 0.3291    recall@5 : 0.3659    recall@10 : 0.4896    recall@20 : 0.6359    recall@30 : 0.7018    recall@50 : 0.7931    ndcg@1 : 0.2336    ndcg@2 : 0.2532    ndcg@3 : 0.2744    ndcg@4 : 0.2873    ndcg@5 : 0.3    ndcg@10 : 0.3431    ndcg@20 : 0.3866    ndcg@30 : 0.4047    ndcg@50 : 0.4264    precision@1 : 0.2336    precision@2 : 0.1877    precision@3 : 0.1649    precision@4 : 0.1444    precision@5 : 0.1297    precision@10 : 0.0911    precision@20 : 0.0621    precision@30 : 0.0475    precision@50 : 0.0332    map@1 : 0.2336    map@2 : 0.2251    map@3 : 0.2324    map@4 : 0.2368    map@5 : 0.2418    map@10 : 0.26    map@20 : 0.2742    map@30 : 0.2798    map@50 : 0.2848
Sun 15 Mar 2026 18:29:15 INFO  Saving current: saved/SCL-Mar-15-2026_18-26-20.pth
Sun 15 Mar 2026 18:29:15 INFO  Saving current best: saved/SCL-Mar-15-2026_18-26-20.pth
Sun 15 Mar 2026 18:29:15 INFO  Running E-step ! 
Sun 15 Mar 2026 18:29:21 INFO  epoch 27 training [time: 5.30s, train_loss1: 87.3020, train_loss2: 0.0000, train_loss3: 0.0119, train_loss4: 0.0032]
Sun 15 Mar 2026 18:29:22 INFO  epoch 27 evaluating [time: 1.61s, valid_score: 0.342900]
Sun 15 Mar 2026 18:29:22 INFO  valid result: 
recall@1 : 0.143    recall@2 : 0.2253    recall@3 : 0.2888    recall@4 : 0.3337    recall@5 : 0.368    recall@10 : 0.4944    recall@20 : 0.6388    recall@30 : 0.7036    recall@50 : 0.796    ndcg@1 : 0.2282    ndcg@2 : 0.2503    ndcg@3 : 0.2721    ndcg@4 : 0.2871    ndcg@5 : 0.2989    ndcg@10 : 0.3429    ndcg@20 : 0.3859    ndcg@30 : 0.4037    ndcg@50 : 0.4257    precision@1 : 0.2282    precision@2 : 0.1871    precision@3 : 0.1649    precision@4 : 0.1453    precision@5 : 0.1302    precision@10 : 0.0918    precision@20 : 0.0624    precision@30 : 0.0476    precision@50 : 0.0333    map@1 : 0.2282    map@2 : 0.2223    map@3 : 0.2296    map@4 : 0.2354    map@5 : 0.2402    map@10 : 0.2585    map@20 : 0.2727    map@30 : 0.2781    map@50 : 0.2832
Sun 15 Mar 2026 18:29:22 INFO  Running E-step ! 
Sun 15 Mar 2026 18:29:28 INFO  epoch 28 training [time: 5.40s, train_loss1: 85.8218, train_loss2: 0.0000, train_loss3: 0.0119, train_loss4: 0.0030]
Sun 15 Mar 2026 18:29:29 INFO  epoch 28 evaluating [time: 1.61s, valid_score: 0.342600]
Sun 15 Mar 2026 18:29:29 INFO  valid result: 
recall@1 : 0.1412    recall@2 : 0.228    recall@3 : 0.2907    recall@4 : 0.3383    recall@5 : 0.3684    recall@10 : 0.4929    recall@20 : 0.6357    recall@30 : 0.7015    recall@50 : 0.795    ndcg@1 : 0.2265    ndcg@2 : 0.2518    ndcg@3 : 0.2726    ndcg@4 : 0.2892    ndcg@5 : 0.2996    ndcg@10 : 0.3426    ndcg@20 : 0.3856    ndcg@30 : 0.4037    ndcg@50 : 0.4259    precision@1 : 0.2265    precision@2 : 0.1898    precision@3 : 0.1655    precision@4 : 0.1469    precision@5 : 0.131    precision@10 : 0.0914    precision@20 : 0.0622    precision@30 : 0.0476    precision@50 : 0.0333    map@1 : 0.2265    map@2 : 0.2238    map@3 : 0.23    map@4 : 0.2367    map@5 : 0.2406    map@10 : 0.2585    map@20 : 0.273    map@30 : 0.2786    map@50 : 0.2837
Sun 15 Mar 2026 18:29:29 INFO  Running E-step ! 
Sun 15 Mar 2026 18:29:34 INFO  epoch 29 training [time: 4.38s, train_loss1: 84.3473, train_loss2: 0.0000, train_loss3: 0.0119, train_loss4: 0.0030]
Sun 15 Mar 2026 18:29:35 INFO  epoch 29 evaluating [time: 1.61s, valid_score: 0.346400]
Sun 15 Mar 2026 18:29:35 INFO  valid result: 
recall@1 : 0.1424    recall@2 : 0.232    recall@3 : 0.2898    recall@4 : 0.3359    recall@5 : 0.3679    recall@10 : 0.5005    recall@20 : 0.6407    recall@30 : 0.7057    recall@50 : 0.7967    ndcg@1 : 0.2259    ndcg@2 : 0.2552    ndcg@3 : 0.2726    ndcg@4 : 0.2888    ndcg@5 : 0.2998    ndcg@10 : 0.3464    ndcg@20 : 0.3882    ndcg@30 : 0.4061    ndcg@50 : 0.4277    precision@1 : 0.2259    precision@2 : 0.1931    precision@3 : 0.1641    precision@4 : 0.1462    precision@5 : 0.1303    precision@10 : 0.0934    precision@20 : 0.0627    precision@30 : 0.0478    precision@50 : 0.0334    map@1 : 0.2259    map@2 : 0.2268    map@3 : 0.2305    map@4 : 0.2368    map@5 : 0.2413    map@10 : 0.2611    map@20 : 0.2751    map@30 : 0.2806    map@50 : 0.2856
Sun 15 Mar 2026 18:29:35 INFO  Saving current: saved/SCL-Mar-15-2026_18-26-20.pth
Sun 15 Mar 2026 18:29:35 INFO  Saving current best: saved/SCL-Mar-15-2026_18-26-20.pth
Sun 15 Mar 2026 18:29:35 INFO  Running E-step ! 
Sun 15 Mar 2026 18:29:40 INFO  epoch 30 training [time: 4.46s, train_loss1: 82.9992, train_loss2: 0.0000, train_loss3: 0.0119, train_loss4: 0.0029]
Sun 15 Mar 2026 18:29:41 INFO  epoch 30 evaluating [time: 1.64s, valid_score: 0.348800]
Sun 15 Mar 2026 18:29:41 INFO  valid result: 
recall@1 : 0.145    recall@2 : 0.2362    recall@3 : 0.2942    recall@4 : 0.3417    recall@5 : 0.3684    recall@10 : 0.5008    recall@20 : 0.6416    recall@30 : 0.7061    recall@50 : 0.7981    ndcg@1 : 0.2288    ndcg@2 : 0.2578    ndcg@3 : 0.2765    ndcg@4 : 0.2932    ndcg@5 : 0.3022    ndcg@10 : 0.3488    ndcg@20 : 0.391    ndcg@30 : 0.4086    ndcg@50 : 0.4304    precision@1 : 0.2288    precision@2 : 0.194    precision@3 : 0.1665    precision@4 : 0.1481    precision@5 : 0.1306    precision@10 : 0.0935    precision@20 : 0.063    precision@30 : 0.0479    precision@50 : 0.0335    map@1 : 0.2288    map@2 : 0.229    map@3 : 0.234    map@4 : 0.2411    map@5 : 0.2445    map@10 : 0.2642    map@20 : 0.2785    map@30 : 0.2838    map@50 : 0.2888
Sun 15 Mar 2026 18:29:41 INFO  Saving current: saved/SCL-Mar-15-2026_18-26-20.pth
Sun 15 Mar 2026 18:29:41 INFO  Saving current best: saved/SCL-Mar-15-2026_18-26-20.pth
Sun 15 Mar 2026 18:29:41 INFO  Running E-step ! 
Sun 15 Mar 2026 18:29:47 INFO  epoch 31 training [time: 5.63s, train_loss1: 81.4635, train_loss2: 0.0000, train_loss3: 0.0119, train_loss4: 0.0031]
Sun 15 Mar 2026 18:29:49 INFO  epoch 31 evaluating [time: 1.62s, valid_score: 0.347100]
Sun 15 Mar 2026 18:29:49 INFO  valid result: 
recall@1 : 0.1388    recall@2 : 0.2294    recall@3 : 0.2959    recall@4 : 0.3438    recall@5 : 0.37    recall@10 : 0.5043    recall@20 : 0.6419    recall@30 : 0.7064    recall@50 : 0.7951    ndcg@1 : 0.2199    ndcg@2 : 0.2506    ndcg@3 : 0.2735    ndcg@4 : 0.2911    ndcg@5 : 0.2998    ndcg@10 : 0.3471    ndcg@20 : 0.3882    ndcg@30 : 0.4059    ndcg@50 : 0.4271    precision@1 : 0.2199    precision@2 : 0.1898    precision@3 : 0.1667    precision@4 : 0.1496    precision@5 : 0.1316    precision@10 : 0.0945    precision@20 : 0.0631    precision@30 : 0.048    precision@50 : 0.0334    map@1 : 0.2199    map@2 : 0.2215    map@3 : 0.2298    map@4 : 0.2375    map@5 : 0.2407    map@10 : 0.2609    map@20 : 0.2746    map@30 : 0.2801    map@50 : 0.285
Sun 15 Mar 2026 18:29:49 INFO  Running E-step ! 
Sun 15 Mar 2026 18:29:54 INFO  epoch 32 training [time: 5.55s, train_loss1: 81.0816, train_loss2: 0.0000, train_loss3: 0.0119, train_loss4: 0.0028]
Sun 15 Mar 2026 18:29:56 INFO  epoch 32 evaluating [time: 1.62s, valid_score: 0.348900]
Sun 15 Mar 2026 18:29:56 INFO  valid result: 
recall@1 : 0.1411    recall@2 : 0.229    recall@3 : 0.2947    recall@4 : 0.3457    recall@5 : 0.3729    recall@10 : 0.5065    recall@20 : 0.6433    recall@30 : 0.7086    recall@50 : 0.7978    ndcg@1 : 0.2217    ndcg@2 : 0.251    ndcg@3 : 0.2735    ndcg@4 : 0.2924    ndcg@5 : 0.3019    ndcg@10 : 0.3489    ndcg@20 : 0.3899    ndcg@30 : 0.4077    ndcg@50 : 0.429    precision@1 : 0.2217    precision@2 : 0.1898    precision@3 : 0.1661    precision@4 : 0.1494    precision@5 : 0.1328    precision@10 : 0.0947    precision@20 : 0.0633    precision@30 : 0.0482    precision@50 : 0.0336    map@1 : 0.2217    map@2 : 0.2226    map@3 : 0.2302    map@4 : 0.2388    map@5 : 0.2426    map@10 : 0.2626    map@20 : 0.2764    map@30 : 0.2819    map@50 : 0.2869
Sun 15 Mar 2026 18:29:56 INFO  Saving current: saved/SCL-Mar-15-2026_18-26-20.pth
Sun 15 Mar 2026 18:29:56 INFO  Saving current best: saved/SCL-Mar-15-2026_18-26-20.pth
Sun 15 Mar 2026 18:29:56 INFO  Running E-step ! 
Sun 15 Mar 2026 18:30:01 INFO  epoch 33 training [time: 5.31s, train_loss1: 78.6829, train_loss2: 0.0000, train_loss3: 0.0119, train_loss4: 0.0028]
Sun 15 Mar 2026 18:30:03 INFO  epoch 33 evaluating [time: 1.61s, valid_score: 0.351300]
Sun 15 Mar 2026 18:30:03 INFO  valid result: 
recall@1 : 0.1437    recall@2 : 0.2358    recall@3 : 0.2938    recall@4 : 0.3446    recall@5 : 0.3723    recall@10 : 0.5078    recall@20 : 0.6457    recall@30 : 0.7104    recall@50 : 0.8    ndcg@1 : 0.2265    ndcg@2 : 0.2568    ndcg@3 : 0.275    ndcg@4 : 0.2938    ndcg@5 : 0.3037    ndcg@10 : 0.3513    ndcg@20 : 0.3927    ndcg@30 : 0.4104    ndcg@50 : 0.4318    precision@1 : 0.2265    precision@2 : 0.194    precision@3 : 0.1655    precision@4 : 0.1491    precision@5 : 0.133    precision@10 : 0.095    precision@20 : 0.0636    precision@30 : 0.0483    precision@50 : 0.0336    map@1 : 0.2265    map@2 : 0.2278    map@3 : 0.2322    map@4 : 0.2409    map@5 : 0.2449    map@10 : 0.2652    map@20 : 0.2792    map@30 : 0.2847    map@50 : 0.2896
Sun 15 Mar 2026 18:30:03 INFO  Saving current: saved/SCL-Mar-15-2026_18-26-20.pth
Sun 15 Mar 2026 18:30:03 INFO  Saving current best: saved/SCL-Mar-15-2026_18-26-20.pth
Sun 15 Mar 2026 18:30:03 INFO  Running E-step ! 
Sun 15 Mar 2026 18:30:08 INFO  epoch 34 training [time: 5.34s, train_loss1: 77.7831, train_loss2: 0.0000, train_loss3: 0.0119, train_loss4: 0.0029]
Sun 15 Mar 2026 18:30:10 INFO  epoch 34 evaluating [time: 1.61s, valid_score: 0.355400]
Sun 15 Mar 2026 18:30:10 INFO  valid result: 
recall@1 : 0.1461    recall@2 : 0.2401    recall@3 : 0.2948    recall@4 : 0.3437    recall@5 : 0.373    recall@10 : 0.5143    recall@20 : 0.6498    recall@30 : 0.7141    recall@50 : 0.8003    ndcg@1 : 0.2288    ndcg@2 : 0.26    ndcg@3 : 0.2774    ndcg@4 : 0.2952    ndcg@5 : 0.3058    ndcg@10 : 0.3554    ndcg@20 : 0.3961    ndcg@30 : 0.4136    ndcg@50 : 0.4343    precision@1 : 0.2288    precision@2 : 0.1961    precision@3 : 0.1669    precision@4 : 0.1496    precision@5 : 0.1337    precision@10 : 0.0963    precision@20 : 0.0641    precision@30 : 0.0485    precision@50 : 0.0336    map@1 : 0.2288    map@2 : 0.2309    map@3 : 0.2354    map@4 : 0.243    map@5 : 0.2472    map@10 : 0.2687    map@20 : 0.2825    map@30 : 0.288    map@50 : 0.2928
Sun 15 Mar 2026 18:30:10 INFO  Saving current: saved/SCL-Mar-15-2026_18-26-20.pth
Sun 15 Mar 2026 18:30:10 INFO  Saving current best: saved/SCL-Mar-15-2026_18-26-20.pth
Sun 15 Mar 2026 18:30:10 INFO  Running E-step ! 
Sun 15 Mar 2026 18:30:15 INFO  epoch 35 training [time: 5.46s, train_loss1: 76.5955, train_loss2: 0.0000, train_loss3: 0.0119, train_loss4: 0.0029]
Sun 15 Mar 2026 18:30:17 INFO  epoch 35 evaluating [time: 1.61s, valid_score: 0.355200]
Sun 15 Mar 2026 18:30:17 INFO  valid result: 
recall@1 : 0.1447    recall@2 : 0.2394    recall@3 : 0.2998    recall@4 : 0.3406    recall@5 : 0.3708    recall@10 : 0.514    recall@20 : 0.6515    recall@30 : 0.7143    recall@50 : 0.7998    ndcg@1 : 0.2288    ndcg@2 : 0.2592    ndcg@3 : 0.2801    ndcg@4 : 0.2936    ndcg@5 : 0.3043    ndcg@10 : 0.3552    ndcg@20 : 0.3964    ndcg@30 : 0.4137    ndcg@50 : 0.4341    precision@1 : 0.2288    precision@2 : 0.1955    precision@3 : 0.1698    precision@4 : 0.1484    precision@5 : 0.1324    precision@10 : 0.0965    precision@20 : 0.0642    precision@30 : 0.0486    precision@50 : 0.0336    map@1 : 0.2288    map@2 : 0.2303    map@3 : 0.2368    map@4 : 0.2418    map@5 : 0.2461    map@10 : 0.2683    map@20 : 0.2824    map@30 : 0.2878    map@50 : 0.2926
Sun 15 Mar 2026 18:30:17 INFO  Running E-step ! 
Sun 15 Mar 2026 18:30:22 INFO  epoch 36 training [time: 5.44s, train_loss1: 73.2031, train_loss2: 0.0000, train_loss3: 0.0118, train_loss4: 0.0028]
Sun 15 Mar 2026 18:30:24 INFO  epoch 36 evaluating [time: 1.61s, valid_score: 0.355400]
Sun 15 Mar 2026 18:30:24 INFO  valid result: 
recall@1 : 0.1469    recall@2 : 0.2349    recall@3 : 0.2965    recall@4 : 0.3359    recall@5 : 0.3693    recall@10 : 0.5151    recall@20 : 0.6508    recall@30 : 0.718    recall@50 : 0.7974    ndcg@1 : 0.2306    ndcg@2 : 0.2566    ndcg@3 : 0.2787    ndcg@4 : 0.2916    ndcg@5 : 0.3033    ndcg@10 : 0.3554    ndcg@20 : 0.396    ndcg@30 : 0.4144    ndcg@50 : 0.4335    precision@1 : 0.2306    precision@2 : 0.1922    precision@3 : 0.1691    precision@4 : 0.1476    precision@5 : 0.1319    precision@10 : 0.097    precision@20 : 0.0642    precision@30 : 0.0489    precision@50 : 0.0336    map@1 : 0.2306    map@2 : 0.2282    map@3 : 0.2357    map@4 : 0.2406    map@5 : 0.2451    map@10 : 0.2683    map@20 : 0.2822    map@30 : 0.2878    map@50 : 0.2924
Sun 15 Mar 2026 18:30:24 INFO  Saving current: saved/SCL-Mar-15-2026_18-26-20.pth
Sun 15 Mar 2026 18:30:24 INFO  Saving current best: saved/SCL-Mar-15-2026_18-26-20.pth
Sun 15 Mar 2026 18:30:24 INFO  Running E-step ! 
Sun 15 Mar 2026 18:30:29 INFO  epoch 37 training [time: 5.31s, train_loss1: 73.3049, train_loss2: 0.0000, train_loss3: 0.0118, train_loss4: 0.0029]
Sun 15 Mar 2026 18:30:31 INFO  epoch 37 evaluating [time: 1.62s, valid_score: 0.357400]
Sun 15 Mar 2026 18:30:31 INFO  valid result: 
recall@1 : 0.1467    recall@2 : 0.2374    recall@3 : 0.2993    recall@4 : 0.3401    recall@5 : 0.3746    recall@10 : 0.5181    recall@20 : 0.6522    recall@30 : 0.7168    recall@50 : 0.7984    ndcg@1 : 0.2306    ndcg@2 : 0.2587    ndcg@3 : 0.2808    ndcg@4 : 0.2943    ndcg@5 : 0.3062    ndcg@10 : 0.3574    ndcg@20 : 0.3976    ndcg@30 : 0.4153    ndcg@50 : 0.435    precision@1 : 0.2306    precision@2 : 0.1946    precision@3 : 0.1704    precision@4 : 0.1493    precision@5 : 0.1331    precision@10 : 0.0973    precision@20 : 0.0644    precision@30 : 0.0489    precision@50 : 0.0337    map@1 : 0.2306    map@2 : 0.2299    map@3 : 0.2376    map@4 : 0.2427    map@5 : 0.2474    map@10 : 0.2698    map@20 : 0.2836    map@30 : 0.2891    map@50 : 0.2938
Sun 15 Mar 2026 18:30:31 INFO  Saving current: saved/SCL-Mar-15-2026_18-26-20.pth
Sun 15 Mar 2026 18:30:31 INFO  Saving current best: saved/SCL-Mar-15-2026_18-26-20.pth
Sun 15 Mar 2026 18:30:31 INFO  Running E-step ! 
Sun 15 Mar 2026 18:30:36 INFO  epoch 38 training [time: 5.07s, train_loss1: 71.8304, train_loss2: 0.0000, train_loss3: 0.0118, train_loss4: 0.0029]
Sun 15 Mar 2026 18:30:38 INFO  epoch 38 evaluating [time: 1.63s, valid_score: 0.357700]
Sun 15 Mar 2026 18:30:38 INFO  valid result: 
recall@1 : 0.1453    recall@2 : 0.238    recall@3 : 0.3087    recall@4 : 0.341    recall@5 : 0.377    recall@10 : 0.5176    recall@20 : 0.6516    recall@30 : 0.7183    recall@50 : 0.7969    ndcg@1 : 0.2288    ndcg@2 : 0.2588    ndcg@3 : 0.2857    ndcg@4 : 0.2949    ndcg@5 : 0.3077    ndcg@10 : 0.3577    ndcg@20 : 0.3981    ndcg@30 : 0.4164    ndcg@50 : 0.4352    precision@1 : 0.2288    precision@2 : 0.1952    precision@3 : 0.1754    precision@4 : 0.1494    precision@5 : 0.1342    precision@10 : 0.0972    precision@20 : 0.0645    precision@30 : 0.0492    precision@50 : 0.0337    map@1 : 0.2288    map@2 : 0.2302    map@3 : 0.2408    map@4 : 0.2432    map@5 : 0.2484    map@10 : 0.2705    map@20 : 0.2844    map@30 : 0.29    map@50 : 0.2944
Sun 15 Mar 2026 18:30:38 INFO  Saving current: saved/SCL-Mar-15-2026_18-26-20.pth
Sun 15 Mar 2026 18:30:38 INFO  Saving current best: saved/SCL-Mar-15-2026_18-26-20.pth
Sun 15 Mar 2026 18:30:38 INFO  Running E-step ! 
Sun 15 Mar 2026 18:30:43 INFO  epoch 39 training [time: 4.92s, train_loss1: 70.9471, train_loss2: 0.0000, train_loss3: 0.0118, train_loss4: 0.0029]
Sun 15 Mar 2026 18:30:44 INFO  epoch 39 evaluating [time: 1.63s, valid_score: 0.357200]
Sun 15 Mar 2026 18:30:44 INFO  valid result: 
recall@1 : 0.1414    recall@2 : 0.2401    recall@3 : 0.3059    recall@4 : 0.3451    recall@5 : 0.3782    recall@10 : 0.5187    recall@20 : 0.6521    recall@30 : 0.7181    recall@50 : 0.7934    ndcg@1 : 0.2235    ndcg@2 : 0.2582    ndcg@3 : 0.2826    ndcg@4 : 0.2952    ndcg@5 : 0.3071    ndcg@10 : 0.3572    ndcg@20 : 0.3973    ndcg@30 : 0.4152    ndcg@50 : 0.4338    precision@1 : 0.2235    precision@2 : 0.1961    precision@3 : 0.1736    precision@4 : 0.1506    precision@5 : 0.1349    precision@10 : 0.0975    precision@20 : 0.0647    precision@30 : 0.049    precision@50 : 0.0337    map@1 : 0.2235    map@2 : 0.2287    map@3 : 0.2378    map@4 : 0.2424    map@5 : 0.2471    map@10 : 0.2692    map@20 : 0.2832    map@30 : 0.2886    map@50 : 0.2932
Sun 15 Mar 2026 18:30:44 INFO  Running E-step ! 
Sun 15 Mar 2026 18:30:50 INFO  epoch 40 training [time: 5.65s, train_loss1: 69.1984, train_loss2: 0.0000, train_loss3: 0.0118, train_loss4: 0.0029]
Sun 15 Mar 2026 18:30:51 INFO  epoch 40 evaluating [time: 1.64s, valid_score: 0.356500]
Sun 15 Mar 2026 18:30:51 INFO  valid result: 
recall@1 : 0.1425    recall@2 : 0.2372    recall@3 : 0.3047    recall@4 : 0.3464    recall@5 : 0.3808    recall@10 : 0.5162    recall@20 : 0.6516    recall@30 : 0.7194    recall@50 : 0.7953    ndcg@1 : 0.2247    ndcg@2 : 0.2567    ndcg@3 : 0.2809    ndcg@4 : 0.2954    ndcg@5 : 0.3081    ndcg@10 : 0.3565    ndcg@20 : 0.3972    ndcg@30 : 0.4155    ndcg@50 : 0.4342    precision@1 : 0.2247    precision@2 : 0.1943    precision@3 : 0.1712    precision@4 : 0.1505    precision@5 : 0.1359    precision@10 : 0.0973    precision@20 : 0.0647    precision@30 : 0.0491    precision@50 : 0.0338    map@1 : 0.2247    map@2 : 0.2274    map@3 : 0.2366    map@4 : 0.2423    map@5 : 0.2474    map@10 : 0.269    map@20 : 0.2832    map@30 : 0.2887    map@50 : 0.2933
Sun 15 Mar 2026 18:30:51 INFO  Running E-step ! 
Sun 15 Mar 2026 18:30:57 INFO  epoch 41 training [time: 5.73s, train_loss1: 66.8088, train_loss2: 0.0000, train_loss3: 0.0118, train_loss4: 0.0024]
Sun 15 Mar 2026 18:30:59 INFO  epoch 41 evaluating [time: 1.62s, valid_score: 0.359600]
Sun 15 Mar 2026 18:30:59 INFO  valid result: 
recall@1 : 0.1445    recall@2 : 0.2382    recall@3 : 0.304    recall@4 : 0.3443    recall@5 : 0.3795    recall@10 : 0.5221    recall@20 : 0.6515    recall@30 : 0.7203    recall@50 : 0.7945    ndcg@1 : 0.2294    ndcg@2 : 0.2592    ndcg@3 : 0.2825    ndcg@4 : 0.296    ndcg@5 : 0.3089    ndcg@10 : 0.3596    ndcg@20 : 0.3988    ndcg@30 : 0.4173    ndcg@50 : 0.4355    precision@1 : 0.2294    precision@2 : 0.1964    precision@3 : 0.172    precision@4 : 0.1506    precision@5 : 0.136    precision@10 : 0.0982    precision@20 : 0.065    precision@30 : 0.0492    precision@50 : 0.0338    map@1 : 0.2294    map@2 : 0.2296    map@3 : 0.2384    map@4 : 0.2434    map@5 : 0.2485    map@10 : 0.271    map@20 : 0.2847    map@30 : 0.2902    map@50 : 0.2947
Sun 15 Mar 2026 18:30:59 INFO  Saving current: saved/SCL-Mar-15-2026_18-26-20.pth
Sun 15 Mar 2026 18:30:59 INFO  Saving current best: saved/SCL-Mar-15-2026_18-26-20.pth
Sun 15 Mar 2026 18:30:59 INFO  Running E-step ! 
Sun 15 Mar 2026 18:31:04 INFO  epoch 42 training [time: 5.64s, train_loss1: 66.5313, train_loss2: 0.0000, train_loss3: 0.0118, train_loss4: 0.0025]
Sun 15 Mar 2026 18:31:06 INFO  epoch 42 evaluating [time: 1.63s, valid_score: 0.361600]
Sun 15 Mar 2026 18:31:06 INFO  valid result: 
recall@1 : 0.1494    recall@2 : 0.2368    recall@3 : 0.3036    recall@4 : 0.3462    recall@5 : 0.3813    recall@10 : 0.5224    recall@20 : 0.6531    recall@30 : 0.7193    recall@50 : 0.7939    ndcg@1 : 0.236    ndcg@2 : 0.26    ndcg@3 : 0.2836    ndcg@4 : 0.2985    ndcg@5 : 0.3113    ndcg@10 : 0.3616    ndcg@20 : 0.401    ndcg@30 : 0.4189    ndcg@50 : 0.4374    precision@1 : 0.236    precision@2 : 0.1952    precision@3 : 0.1714    precision@4 : 0.1514    precision@5 : 0.1362    precision@10 : 0.0982    precision@20 : 0.065    precision@30 : 0.0491    precision@50 : 0.0338    map@1 : 0.236    map@2 : 0.2312    map@3 : 0.2402    map@4 : 0.2461    map@5 : 0.2511    map@10 : 0.2735    map@20 : 0.2872    map@30 : 0.2926    map@50 : 0.2972
Sun 15 Mar 2026 18:31:06 INFO  Saving current: saved/SCL-Mar-15-2026_18-26-20.pth
Sun 15 Mar 2026 18:31:06 INFO  Saving current best: saved/SCL-Mar-15-2026_18-26-20.pth
Sun 15 Mar 2026 18:31:06 INFO  Running E-step ! 
Sun 15 Mar 2026 18:31:12 INFO  epoch 43 training [time: 5.68s, train_loss1: 66.9266, train_loss2: 0.0000, train_loss3: 0.0118, train_loss4: 0.0024]
Sun 15 Mar 2026 18:31:13 INFO  epoch 43 evaluating [time: 1.63s, valid_score: 0.361300]
Sun 15 Mar 2026 18:31:13 INFO  valid result: 
recall@1 : 0.1492    recall@2 : 0.2419    recall@3 : 0.2986    recall@4 : 0.3449    recall@5 : 0.3826    recall@10 : 0.5206    recall@20 : 0.6532    recall@30 : 0.7217    recall@50 : 0.7969    ndcg@1 : 0.236    ndcg@2 : 0.2633    ndcg@3 : 0.2818    ndcg@4 : 0.2983    ndcg@5 : 0.3125    ndcg@10 : 0.3613    ndcg@20 : 0.4015    ndcg@30 : 0.4199    ndcg@50 : 0.4384    precision@1 : 0.236    precision@2 : 0.1985    precision@3 : 0.1696    precision@4 : 0.1512    precision@5 : 0.1375    precision@10 : 0.0977    precision@20 : 0.065    precision@30 : 0.0493    precision@50 : 0.0339    map@1 : 0.236    map@2 : 0.2338    map@3 : 0.2391    map@4 : 0.2461    map@5 : 0.2522    map@10 : 0.2737    map@20 : 0.2879    map@30 : 0.2933    map@50 : 0.2979
Sun 15 Mar 2026 18:31:13 INFO  Running E-step ! 
Sun 15 Mar 2026 18:31:19 INFO  epoch 44 training [time: 5.55s, train_loss1: 63.8899, train_loss2: 0.0000, train_loss3: 0.0118, train_loss4: 0.0024]
Sun 15 Mar 2026 18:31:21 INFO  epoch 44 evaluating [time: 1.62s, valid_score: 0.362800]
Sun 15 Mar 2026 18:31:21 INFO  valid result: 
recall@1 : 0.1505    recall@2 : 0.2428    recall@3 : 0.3017    recall@4 : 0.3457    recall@5 : 0.385    recall@10 : 0.5223    recall@20 : 0.6522    recall@30 : 0.7224    recall@50 : 0.7977    ndcg@1 : 0.236    ndcg@2 : 0.2643    ndcg@3 : 0.2838    ndcg@4 : 0.2994    ndcg@5 : 0.3142    ndcg@10 : 0.3628    ndcg@20 : 0.4024    ndcg@30 : 0.4212    ndcg@50 : 0.4397    precision@1 : 0.236    precision@2 : 0.199    precision@3 : 0.171    precision@4 : 0.1514    precision@5 : 0.1381    precision@10 : 0.0977    precision@20 : 0.0649    precision@30 : 0.0493    precision@50 : 0.0339    map@1 : 0.236    map@2 : 0.2347    map@3 : 0.2406    map@4 : 0.247    map@5 : 0.2536    map@10 : 0.2751    map@20 : 0.2892    map@30 : 0.2947    map@50 : 0.2993
Sun 15 Mar 2026 18:31:21 INFO  Saving current: saved/SCL-Mar-15-2026_18-26-20.pth
Sun 15 Mar 2026 18:31:21 INFO  Saving current best: saved/SCL-Mar-15-2026_18-26-20.pth
Sun 15 Mar 2026 18:31:21 INFO  Running E-step ! 
Sun 15 Mar 2026 18:31:26 INFO  epoch 45 training [time: 5.53s, train_loss1: 63.3313, train_loss2: 0.0000, train_loss3: 0.0118, train_loss4: 0.0024]
Sun 15 Mar 2026 18:31:28 INFO  epoch 45 evaluating [time: 1.62s, valid_score: 0.362400]
Sun 15 Mar 2026 18:31:28 INFO  valid result: 
recall@1 : 0.1512    recall@2 : 0.2396    recall@3 : 0.3024    recall@4 : 0.3485    recall@5 : 0.385    recall@10 : 0.5198    recall@20 : 0.6526    recall@30 : 0.722    recall@50 : 0.7969    ndcg@1 : 0.239    ndcg@2 : 0.2626    ndcg@3 : 0.2836    ndcg@4 : 0.3002    ndcg@5 : 0.3143    ndcg@10 : 0.3624    ndcg@20 : 0.4025    ndcg@30 : 0.4212    ndcg@50 : 0.4397    precision@1 : 0.239    precision@2 : 0.197    precision@3 : 0.1702    precision@4 : 0.1514    precision@5 : 0.1383    precision@10 : 0.0978    precision@20 : 0.0649    precision@30 : 0.0494    precision@50 : 0.0339    map@1 : 0.239    map@2 : 0.2339    map@3 : 0.2404    map@4 : 0.2474    map@5 : 0.2538    map@10 : 0.2752    map@20 : 0.2894    map@30 : 0.2949    map@50 : 0.2995
Sun 15 Mar 2026 18:31:28 INFO  Running E-step ! 
Sun 15 Mar 2026 18:31:33 INFO  epoch 46 training [time: 5.24s, train_loss1: 63.2644, train_loss2: 0.0000, train_loss3: 0.0118, train_loss4: 0.0023]
Sun 15 Mar 2026 18:31:35 INFO  epoch 46 evaluating [time: 1.62s, valid_score: 0.361600]
Sun 15 Mar 2026 18:31:35 INFO  valid result: 
recall@1 : 0.1506    recall@2 : 0.2376    recall@3 : 0.3059    recall@4 : 0.3525    recall@5 : 0.3863    recall@10 : 0.5186    recall@20 : 0.6528    recall@30 : 0.722    recall@50 : 0.7977    ndcg@1 : 0.2372    ndcg@2 : 0.2609    ndcg@3 : 0.2854    ndcg@4 : 0.3015    ndcg@5 : 0.3143    ndcg@10 : 0.3616    ndcg@20 : 0.4025    ndcg@30 : 0.4209    ndcg@50 : 0.4396    precision@1 : 0.2372    precision@2 : 0.1961    precision@3 : 0.1726    precision@4 : 0.1518    precision@5 : 0.1378    precision@10 : 0.0973    precision@20 : 0.065    precision@30 : 0.0493    precision@50 : 0.0339    map@1 : 0.2372    map@2 : 0.232    map@3 : 0.2412    map@4 : 0.248    map@5 : 0.2538    map@10 : 0.2746    map@20 : 0.2892    map@30 : 0.2946    map@50 : 0.2992
Sun 15 Mar 2026 18:31:35 INFO  Running E-step ! 
Sun 15 Mar 2026 18:31:40 INFO  epoch 47 training [time: 5.63s, train_loss1: 60.2209, train_loss2: 0.0000, train_loss3: 0.0118, train_loss4: 0.0024]
Sun 15 Mar 2026 18:31:42 INFO  epoch 47 evaluating [time: 1.62s, valid_score: 0.362500]
Sun 15 Mar 2026 18:31:42 INFO  valid result: 
recall@1 : 0.1501    recall@2 : 0.2392    recall@3 : 0.3044    recall@4 : 0.3514    recall@5 : 0.3879    recall@10 : 0.5201    recall@20 : 0.6519    recall@30 : 0.722    recall@50 : 0.7977    ndcg@1 : 0.239    ndcg@2 : 0.2621    ndcg@3 : 0.2852    ndcg@4 : 0.3017    ndcg@5 : 0.3152    ndcg@10 : 0.3625    ndcg@20 : 0.4023    ndcg@30 : 0.4211    ndcg@50 : 0.4398    precision@1 : 0.239    precision@2 : 0.1967    precision@3 : 0.1726    precision@4 : 0.1529    precision@5 : 0.1384    precision@10 : 0.098    precision@20 : 0.0648    precision@30 : 0.0493    precision@50 : 0.0339    map@1 : 0.239    map@2 : 0.2329    map@3 : 0.2413    map@4 : 0.2484    map@5 : 0.2544    map@10 : 0.2752    map@20 : 0.2893    map@30 : 0.2948    map@50 : 0.2994
Sun 15 Mar 2026 18:31:42 INFO  Running E-step ! 
Sun 15 Mar 2026 18:31:47 INFO  epoch 48 training [time: 4.97s, train_loss1: 59.6748, train_loss2: 0.0000, train_loss3: 0.0118, train_loss4: 0.0022]
Sun 15 Mar 2026 18:31:48 INFO  epoch 48 evaluating [time: 1.61s, valid_score: 0.360500]
Sun 15 Mar 2026 18:31:48 INFO  valid result: 
recall@1 : 0.1504    recall@2 : 0.2384    recall@3 : 0.3031    recall@4 : 0.3516    recall@5 : 0.3898    recall@10 : 0.514    recall@20 : 0.651    recall@30 : 0.72    recall@50 : 0.7989    ndcg@1 : 0.2378    ndcg@2 : 0.2617    ndcg@3 : 0.284    ndcg@4 : 0.3013    ndcg@5 : 0.3158    ndcg@10 : 0.3605    ndcg@20 : 0.4017    ndcg@30 : 0.4203    ndcg@50 : 0.4397    precision@1 : 0.2378    precision@2 : 0.197    precision@3 : 0.1712    precision@4 : 0.1526    precision@5 : 0.139    precision@10 : 0.0974    precision@20 : 0.0646    precision@30 : 0.0492    precision@50 : 0.034    map@1 : 0.2378    map@2 : 0.2327    map@3 : 0.2404    map@4 : 0.248    map@5 : 0.2547    map@10 : 0.2746    map@20 : 0.289    map@30 : 0.2945    map@50 : 0.2992
Sun 15 Mar 2026 18:31:48 INFO  Running E-step ! 
Sun 15 Mar 2026 18:31:54 INFO  epoch 49 training [time: 5.26s, train_loss1: 59.6508, train_loss2: 0.0000, train_loss3: 0.0117, train_loss4: 0.0022]
Sun 15 Mar 2026 18:31:55 INFO  epoch 49 evaluating [time: 1.61s, valid_score: 0.361400]
Sun 15 Mar 2026 18:31:55 INFO  valid result: 
recall@1 : 0.1539    recall@2 : 0.2415    recall@3 : 0.3022    recall@4 : 0.3537    recall@5 : 0.3845    recall@10 : 0.5118    recall@20 : 0.6558    recall@30 : 0.7185    recall@50 : 0.799    ndcg@1 : 0.2402    ndcg@2 : 0.2651    ndcg@3 : 0.2849    ndcg@4 : 0.3038    ndcg@5 : 0.3152    ndcg@10 : 0.3614    ndcg@20 : 0.4044    ndcg@30 : 0.4217    ndcg@50 : 0.4412    precision@1 : 0.2402    precision@2 : 0.199    precision@3 : 0.1706    precision@4 : 0.1532    precision@5 : 0.1374    precision@10 : 0.0972    precision@20 : 0.0649    precision@30 : 0.0492    precision@50 : 0.034    map@1 : 0.2402    map@2 : 0.236    map@3 : 0.242    map@4 : 0.2507    map@5 : 0.2557    map@10 : 0.2764    map@20 : 0.2913    map@30 : 0.2966    map@50 : 0.3013
Sun 15 Mar 2026 18:31:55 INFO  Running E-step ! 
Sun 15 Mar 2026 18:32:01 INFO  epoch 50 training [time: 5.26s, train_loss1: 59.1299, train_loss2: 0.0000, train_loss3: 0.0117, train_loss4: 0.0021]
Sun 15 Mar 2026 18:32:02 INFO  epoch 50 evaluating [time: 1.61s, valid_score: 0.363200]
Sun 15 Mar 2026 18:32:02 INFO  valid result: 
recall@1 : 0.1567    recall@2 : 0.2449    recall@3 : 0.3039    recall@4 : 0.3539    recall@5 : 0.3866    recall@10 : 0.5131    recall@20 : 0.6507    recall@30 : 0.7206    recall@50 : 0.7981    ndcg@1 : 0.2426    ndcg@2 : 0.2678    ndcg@3 : 0.2869    ndcg@4 : 0.3055    ndcg@5 : 0.3174    ndcg@10 : 0.3632    ndcg@20 : 0.4046    ndcg@30 : 0.4236    ndcg@50 : 0.4426    precision@1 : 0.2426    precision@2 : 0.2002    precision@3 : 0.1706    precision@4 : 0.1533    precision@5 : 0.1375    precision@10 : 0.0971    precision@20 : 0.0645    precision@30 : 0.0493    precision@50 : 0.0339    map@1 : 0.2426    map@2 : 0.2388    map@3 : 0.2441    map@4 : 0.2525    map@5 : 0.2577    map@10 : 0.2783    map@20 : 0.2929    map@30 : 0.2985    map@50 : 0.3032
Sun 15 Mar 2026 18:32:02 INFO  Saving current: saved/SCL-Mar-15-2026_18-26-20.pth
Sun 15 Mar 2026 18:32:02 INFO  Saving current best: saved/SCL-Mar-15-2026_18-26-20.pth
Sun 15 Mar 2026 18:32:02 INFO  Running E-step ! 
Sun 15 Mar 2026 18:32:08 INFO  epoch 51 training [time: 5.45s, train_loss1: 57.0848, train_loss2: 0.0000, train_loss3: 0.0117, train_loss4: 0.0024]
Sun 15 Mar 2026 18:32:09 INFO  epoch 51 evaluating [time: 1.61s, valid_score: 0.362200]
Sun 15 Mar 2026 18:32:09 INFO  valid result: 
recall@1 : 0.1539    recall@2 : 0.2443    recall@3 : 0.304    recall@4 : 0.3561    recall@5 : 0.3904    recall@10 : 0.5124    recall@20 : 0.651    recall@30 : 0.7221    recall@50 : 0.7997    ndcg@1 : 0.2384    ndcg@2 : 0.2662    ndcg@3 : 0.2863    ndcg@4 : 0.305    ndcg@5 : 0.3182    ndcg@10 : 0.3622    ndcg@20 : 0.404    ndcg@30 : 0.4231    ndcg@50 : 0.442    precision@1 : 0.2384    precision@2 : 0.1996    precision@3 : 0.1716    precision@4 : 0.1535    precision@5 : 0.1393    precision@10 : 0.0971    precision@20 : 0.0647    precision@30 : 0.0494    precision@50 : 0.034    map@1 : 0.2384    map@2 : 0.2375    map@3 : 0.2429    map@4 : 0.2517    map@5 : 0.2576    map@10 : 0.2773    map@20 : 0.292    map@30 : 0.2976    map@50 : 0.3022
Sun 15 Mar 2026 18:32:09 INFO  Running E-step ! 
Sun 15 Mar 2026 18:32:15 INFO  epoch 52 training [time: 5.52s, train_loss1: 57.0185, train_loss2: 0.0000, train_loss3: 0.0117, train_loss4: 0.0027]
Sun 15 Mar 2026 18:32:16 INFO  epoch 52 evaluating [time: 1.62s, valid_score: 0.362800]
Sun 15 Mar 2026 18:32:16 INFO  valid result: 
recall@1 : 0.154    recall@2 : 0.2454    recall@3 : 0.3044    recall@4 : 0.3539    recall@5 : 0.3934    recall@10 : 0.5136    recall@20 : 0.6492    recall@30 : 0.7174    recall@50 : 0.8006    ndcg@1 : 0.2378    ndcg@2 : 0.2668    ndcg@3 : 0.2865    ndcg@4 : 0.3047    ndcg@5 : 0.3195    ndcg@10 : 0.3628    ndcg@20 : 0.4034    ndcg@30 : 0.4222    ndcg@50 : 0.4424    precision@1 : 0.2378    precision@2 : 0.1999    precision@3 : 0.1718    precision@4 : 0.1541    precision@5 : 0.1402    precision@10 : 0.0974    precision@20 : 0.0643    precision@30 : 0.0492    precision@50 : 0.034    map@1 : 0.2378    map@2 : 0.2378    map@3 : 0.2435    map@4 : 0.2516    map@5 : 0.2585    map@10 : 0.2777    map@20 : 0.292    map@30 : 0.2977    map@50 : 0.3025
Sun 15 Mar 2026 18:32:16 INFO  Running E-step ! 
Sun 15 Mar 2026 18:32:22 INFO  epoch 53 training [time: 5.29s, train_loss1: 55.2357, train_loss2: 0.0000, train_loss3: 0.0117, train_loss4: 0.0022]
Sun 15 Mar 2026 18:32:23 INFO  epoch 53 evaluating [time: 1.60s, valid_score: 0.362100]
Sun 15 Mar 2026 18:32:23 INFO  valid result: 
recall@1 : 0.1539    recall@2 : 0.2471    recall@3 : 0.3041    recall@4 : 0.3533    recall@5 : 0.3928    recall@10 : 0.5111    recall@20 : 0.648    recall@30 : 0.7193    recall@50 : 0.8021    ndcg@1 : 0.2384    ndcg@2 : 0.2682    ndcg@3 : 0.2865    ndcg@4 : 0.3047    ndcg@5 : 0.3195    ndcg@10 : 0.3621    ndcg@20 : 0.4032    ndcg@30 : 0.4225    ndcg@50 : 0.4425    precision@1 : 0.2384    precision@2 : 0.2011    precision@3 : 0.1712    precision@4 : 0.1538    precision@5 : 0.14    precision@10 : 0.0971    precision@20 : 0.0643    precision@30 : 0.0493    precision@50 : 0.034    map@1 : 0.2384    map@2 : 0.2388    map@3 : 0.2437    map@4 : 0.2517    map@5 : 0.2588    map@10 : 0.2774    map@20 : 0.2919    map@30 : 0.2977    map@50 : 0.3024
Sun 15 Mar 2026 18:32:23 INFO  Running E-step ! 
Sun 15 Mar 2026 18:32:29 INFO  epoch 54 training [time: 5.18s, train_loss1: 54.1394, train_loss2: 0.0000, train_loss3: 0.0117, train_loss4: 0.0022]
Sun 15 Mar 2026 18:32:30 INFO  epoch 54 evaluating [time: 1.61s, valid_score: 0.360100]
Sun 15 Mar 2026 18:32:30 INFO  valid result: 
recall@1 : 0.1507    recall@2 : 0.2479    recall@3 : 0.3023    recall@4 : 0.3547    recall@5 : 0.3893    recall@10 : 0.5093    recall@20 : 0.6462    recall@30 : 0.7155    recall@50 : 0.8011    ndcg@1 : 0.233    ndcg@2 : 0.2682    ndcg@3 : 0.2843    ndcg@4 : 0.3037    ndcg@5 : 0.3168    ndcg@10 : 0.3601    ndcg@20 : 0.4012    ndcg@30 : 0.42    ndcg@50 : 0.4406    precision@1 : 0.233    precision@2 : 0.2035    precision@3 : 0.1702    precision@4 : 0.1535    precision@5 : 0.1391    precision@10 : 0.097    precision@20 : 0.0642    precision@30 : 0.049    precision@50 : 0.034    map@1 : 0.233    map@2 : 0.2384    map@3 : 0.2416    map@4 : 0.2504    map@5 : 0.2563    map@10 : 0.2756    map@20 : 0.29    map@30 : 0.2956    map@50 : 0.3005
Sun 15 Mar 2026 18:32:30 INFO  Running E-step ! 
Sun 15 Mar 2026 18:32:36 INFO  epoch 55 training [time: 5.64s, train_loss1: 53.2771, train_loss2: 0.0000, train_loss3: 0.0117, train_loss4: 0.0021]
Sun 15 Mar 2026 18:32:37 INFO  epoch 55 evaluating [time: 1.61s, valid_score: 0.359400]
Sun 15 Mar 2026 18:32:37 INFO  valid result: 
recall@1 : 0.1522    recall@2 : 0.2465    recall@3 : 0.3015    recall@4 : 0.3515    recall@5 : 0.3891    recall@10 : 0.5071    recall@20 : 0.6459    recall@30 : 0.7159    recall@50 : 0.8016    ndcg@1 : 0.2348    ndcg@2 : 0.2683    ndcg@3 : 0.2845    ndcg@4 : 0.3024    ndcg@5 : 0.3165    ndcg@10 : 0.3594    ndcg@20 : 0.4012    ndcg@30 : 0.4201    ndcg@50 : 0.4408    precision@1 : 0.2348    precision@2 : 0.2035    precision@3 : 0.1702    precision@4 : 0.1521    precision@5 : 0.138    precision@10 : 0.0965    precision@20 : 0.0642    precision@30 : 0.0491    precision@50 : 0.034    map@1 : 0.2348    map@2 : 0.2387    map@3 : 0.2419    map@4 : 0.2497    map@5 : 0.256    map@10 : 0.2753    map@20 : 0.29    map@30 : 0.2957    map@50 : 0.3006
Sun 15 Mar 2026 18:32:37 INFO  Running E-step ! 
Sun 15 Mar 2026 18:32:43 INFO  epoch 56 training [time: 5.55s, train_loss1: 52.7834, train_loss2: 0.0000, train_loss3: 0.0117, train_loss4: 0.0020]
Sun 15 Mar 2026 18:32:45 INFO  epoch 56 evaluating [time: 1.61s, valid_score: 0.360300]
Sun 15 Mar 2026 18:32:45 INFO  valid result: 
recall@1 : 0.1525    recall@2 : 0.2491    recall@3 : 0.305    recall@4 : 0.3502    recall@5 : 0.3877    recall@10 : 0.5086    recall@20 : 0.6432    recall@30 : 0.7177    recall@50 : 0.8018    ndcg@1 : 0.2306    ndcg@2 : 0.2688    ndcg@3 : 0.2858    ndcg@4 : 0.3021    ndcg@5 : 0.3159    ndcg@10 : 0.3603    ndcg@20 : 0.4007    ndcg@30 : 0.4206    ndcg@50 : 0.4408    precision@1 : 0.2306    precision@2 : 0.2038    precision@3 : 0.1706    precision@4 : 0.1517    precision@5 : 0.1372    precision@10 : 0.0973    precision@20 : 0.0642    precision@30 : 0.0492    precision@50 : 0.0339    map@1 : 0.2306    map@2 : 0.2396    map@3 : 0.2431    map@4 : 0.25    map@5 : 0.2563    map@10 : 0.2764    map@20 : 0.2906    map@30 : 0.2965    map@50 : 0.3012
Sun 15 Mar 2026 18:32:45 INFO  Running E-step ! 
Sun 15 Mar 2026 18:32:50 INFO  epoch 57 training [time: 5.56s, train_loss1: 52.6079, train_loss2: 0.0000, train_loss3: 0.0117, train_loss4: 0.0023]
Sun 15 Mar 2026 18:32:52 INFO  epoch 57 evaluating [time: 1.61s, valid_score: 0.358400]
Sun 15 Mar 2026 18:32:52 INFO  valid result: 
recall@1 : 0.1506    recall@2 : 0.2466    recall@3 : 0.3062    recall@4 : 0.3496    recall@5 : 0.3918    recall@10 : 0.505    recall@20 : 0.6457    recall@30 : 0.7166    recall@50 : 0.8007    ndcg@1 : 0.23    ndcg@2 : 0.266    ndcg@3 : 0.2856    ndcg@4 : 0.3009    ndcg@5 : 0.3168    ndcg@10 : 0.3584    ndcg@20 : 0.4004    ndcg@30 : 0.4196    ndcg@50 : 0.4398    precision@1 : 0.23    precision@2 : 0.2011    precision@3 : 0.1714    precision@4 : 0.1515    precision@5 : 0.1385    precision@10 : 0.0969    precision@20 : 0.0643    precision@30 : 0.0491    precision@50 : 0.0339    map@1 : 0.23    map@2 : 0.2373    map@3 : 0.2424    map@4 : 0.2488    map@5 : 0.256    map@10 : 0.2749    map@20 : 0.2896    map@30 : 0.2953    map@50 : 0.3
Sun 15 Mar 2026 18:32:52 INFO  Running E-step ! 
Sun 15 Mar 2026 18:32:57 INFO  epoch 58 training [time: 5.65s, train_loss1: 50.9529, train_loss2: 0.0000, train_loss3: 0.0117, train_loss4: 0.0023]
Sun 15 Mar 2026 18:32:59 INFO  epoch 58 evaluating [time: 1.62s, valid_score: 0.361400]
Sun 15 Mar 2026 18:32:59 INFO  valid result: 
recall@1 : 0.1554    recall@2 : 0.25    recall@3 : 0.3065    recall@4 : 0.3508    recall@5 : 0.3932    recall@10 : 0.506    recall@20 : 0.6468    recall@30 : 0.7151    recall@50 : 0.8028    ndcg@1 : 0.2354    ndcg@2 : 0.2705    ndcg@3 : 0.2882    ndcg@4 : 0.3041    ndcg@5 : 0.3201    ndcg@10 : 0.3614    ndcg@20 : 0.4033    ndcg@30 : 0.4219    ndcg@50 : 0.4429    precision@1 : 0.2354    precision@2 : 0.2038    precision@3 : 0.1718    precision@4 : 0.1526    precision@5 : 0.1395    precision@10 : 0.0974    precision@20 : 0.0643    precision@30 : 0.0491    precision@50 : 0.034    map@1 : 0.2354    map@2 : 0.2418    map@3 : 0.2458    map@4 : 0.2523    map@5 : 0.2596    map@10 : 0.2784    map@20 : 0.2929    map@30 : 0.2986    map@50 : 0.3035
Sun 15 Mar 2026 18:32:59 INFO  Running E-step ! 
Sun 15 Mar 2026 18:33:04 INFO  epoch 59 training [time: 5.21s, train_loss1: 51.2510, train_loss2: 0.0000, train_loss3: 0.0117, train_loss4: 0.0023]
Sun 15 Mar 2026 18:33:06 INFO  epoch 59 evaluating [time: 1.61s, valid_score: 0.358900]
Sun 15 Mar 2026 18:33:06 INFO  valid result: 
recall@1 : 0.1543    recall@2 : 0.2492    recall@3 : 0.3059    recall@4 : 0.3496    recall@5 : 0.3882    recall@10 : 0.5019    recall@20 : 0.6454    recall@30 : 0.7137    recall@50 : 0.8016    ndcg@1 : 0.233    ndcg@2 : 0.2693    ndcg@3 : 0.2877    ndcg@4 : 0.3024    ndcg@5 : 0.3171    ndcg@10 : 0.3589    ndcg@20 : 0.4018    ndcg@30 : 0.4204    ndcg@50 : 0.4414    precision@1 : 0.233    precision@2 : 0.2035    precision@3 : 0.1728    precision@4 : 0.1511    precision@5 : 0.1379    precision@10 : 0.0962    precision@20 : 0.0641    precision@30 : 0.0489    precision@50 : 0.0339    map@1 : 0.233    map@2 : 0.2403    map@3 : 0.2449    map@4 : 0.2506    map@5 : 0.2573    map@10 : 0.2765    map@20 : 0.2914    map@30 : 0.2971    map@50 : 0.302
Sun 15 Mar 2026 18:33:06 INFO  Running E-step ! 
Sun 15 Mar 2026 18:33:11 INFO  epoch 60 training [time: 5.53s, train_loss1: 49.7746, train_loss2: 0.0000, train_loss3: 0.0117, train_loss4: 0.0022]
Sun 15 Mar 2026 18:33:13 INFO  epoch 60 evaluating [time: 1.63s, valid_score: 0.358900]
Sun 15 Mar 2026 18:33:13 INFO  valid result: 
recall@1 : 0.1504    recall@2 : 0.2533    recall@3 : 0.3068    recall@4 : 0.3497    recall@5 : 0.3886    recall@10 : 0.5049    recall@20 : 0.6449    recall@30 : 0.7154    recall@50 : 0.801    ndcg@1 : 0.23    ndcg@2 : 0.2711    ndcg@3 : 0.2872    ndcg@4 : 0.3022    ndcg@5 : 0.3166    ndcg@10 : 0.3589    ndcg@20 : 0.4009    ndcg@30 : 0.42    ndcg@50 : 0.4404    precision@1 : 0.23    precision@2 : 0.2065    precision@3 : 0.1726    precision@4 : 0.1523    precision@5 : 0.138    precision@10 : 0.0964    precision@20 : 0.0641    precision@30 : 0.0491    precision@50 : 0.0339    map@1 : 0.23    map@2 : 0.2412    map@3 : 0.244    map@4 : 0.2502    map@5 : 0.2569    map@10 : 0.2757    map@20 : 0.2904    map@30 : 0.2962    map@50 : 0.3009
Sun 15 Mar 2026 18:33:13 INFO  Running E-step ! 
Sun 15 Mar 2026 18:33:18 INFO  epoch 61 training [time: 5.33s, train_loss1: 48.7765, train_loss2: 0.0000, train_loss3: 0.0117, train_loss4: 0.0025]
Sun 15 Mar 2026 18:33:20 INFO  epoch 61 evaluating [time: 1.62s, valid_score: 0.360200]
Sun 15 Mar 2026 18:33:20 INFO  valid result: 
recall@1 : 0.1563    recall@2 : 0.2511    recall@3 : 0.3083    recall@4 : 0.3461    recall@5 : 0.3861    recall@10 : 0.5042    recall@20 : 0.6461    recall@30 : 0.714    recall@50 : 0.8032    ndcg@1 : 0.236    ndcg@2 : 0.2715    ndcg@3 : 0.2899    ndcg@4 : 0.3026    ndcg@5 : 0.3173    ndcg@10 : 0.3602    ndcg@20 : 0.4026    ndcg@30 : 0.4211    ndcg@50 : 0.4421    precision@1 : 0.236    precision@2 : 0.2047    precision@3 : 0.1732    precision@4 : 0.1511    precision@5 : 0.1372    precision@10 : 0.0964    precision@20 : 0.0642    precision@30 : 0.049    precision@50 : 0.0339    map@1 : 0.236    map@2 : 0.2427    map@3 : 0.2472    map@4 : 0.2519    map@5 : 0.2584    map@10 : 0.2777    map@20 : 0.2924    map@30 : 0.298    map@50 : 0.3028
Sun 15 Mar 2026 18:33:20 INFO  Running E-step ! 
Sun 15 Mar 2026 18:33:25 INFO  epoch 62 training [time: 4.46s, train_loss1: 47.4800, train_loss2: 0.0000, train_loss3: 0.0117, train_loss4: 0.0026]
Sun 15 Mar 2026 18:33:26 INFO  epoch 62 evaluating [time: 1.62s, valid_score: 0.360600]
Sun 15 Mar 2026 18:33:26 INFO  valid result: 
recall@1 : 0.1581    recall@2 : 0.2501    recall@3 : 0.3028    recall@4 : 0.3436    recall@5 : 0.3833    recall@10 : 0.5047    recall@20 : 0.6463    recall@30 : 0.7117    recall@50 : 0.802    ndcg@1 : 0.239    ndcg@2 : 0.2712    ndcg@3 : 0.2874    ndcg@4 : 0.3013    ndcg@5 : 0.316    ndcg@10 : 0.3606    ndcg@20 : 0.4028    ndcg@30 : 0.4206    ndcg@50 : 0.4421    precision@1 : 0.239    precision@2 : 0.2035    precision@3 : 0.1708    precision@4 : 0.15    precision@5 : 0.1361    precision@10 : 0.0967    precision@20 : 0.0642    precision@30 : 0.0488    precision@50 : 0.0339    map@1 : 0.239    map@2 : 0.2427    map@3 : 0.2454    map@4 : 0.251    map@5 : 0.2576    map@10 : 0.2779    map@20 : 0.2925    map@30 : 0.298    map@50 : 0.3029
Sun 15 Mar 2026 18:33:26 INFO  Running E-step ! 
Sun 15 Mar 2026 18:33:32 INFO  epoch 63 training [time: 5.45s, train_loss1: 46.0004, train_loss2: 0.0000, train_loss3: 0.0117, train_loss4: 0.0025]
Sun 15 Mar 2026 18:33:33 INFO  epoch 63 evaluating [time: 1.62s, valid_score: 0.359400]
Sun 15 Mar 2026 18:33:33 INFO  valid result: 
recall@1 : 0.1597    recall@2 : 0.2477    recall@3 : 0.3    recall@4 : 0.3425    recall@5 : 0.3831    recall@10 : 0.5011    recall@20 : 0.6426    recall@30 : 0.7116    recall@50 : 0.8029    ndcg@1 : 0.2431    ndcg@2 : 0.271    ndcg@3 : 0.2864    ndcg@4 : 0.3014    ndcg@5 : 0.3164    ndcg@10 : 0.3594    ndcg@20 : 0.4021    ndcg@30 : 0.4208    ndcg@50 : 0.4422    precision@1 : 0.2431    precision@2 : 0.2023    precision@3 : 0.1694    precision@4 : 0.1505    precision@5 : 0.1367    precision@10 : 0.0957    precision@20 : 0.0641    precision@30 : 0.0488    precision@50 : 0.0339    map@1 : 0.2431    map@2 : 0.2428    map@3 : 0.245    map@4 : 0.2512    map@5 : 0.2579    map@10 : 0.2773    map@20 : 0.2924    map@30 : 0.298    map@50 : 0.3029
Sun 15 Mar 2026 18:33:33 INFO  Running E-step ! 
Sun 15 Mar 2026 18:33:38 INFO  epoch 64 training [time: 5.17s, train_loss1: 45.5700, train_loss2: 0.0000, train_loss3: 0.0117, train_loss4: 0.0030]
Sun 15 Mar 2026 18:33:40 INFO  epoch 64 evaluating [time: 1.62s, valid_score: 0.360800]
Sun 15 Mar 2026 18:33:40 INFO  valid result: 
recall@1 : 0.1594    recall@2 : 0.2476    recall@3 : 0.3044    recall@4 : 0.3433    recall@5 : 0.3811    recall@10 : 0.5036    recall@20 : 0.643    recall@30 : 0.7102    recall@50 : 0.8006    ndcg@1 : 0.2431    ndcg@2 : 0.2713    ndcg@3 : 0.2891    ndcg@4 : 0.3021    ndcg@5 : 0.3159    ndcg@10 : 0.3608    ndcg@20 : 0.4027    ndcg@30 : 0.4209    ndcg@50 : 0.4423    precision@1 : 0.2431    precision@2 : 0.2029    precision@3 : 0.172    precision@4 : 0.1506    precision@5 : 0.136    precision@10 : 0.0964    precision@20 : 0.0642    precision@30 : 0.0487    precision@50 : 0.0338    map@1 : 0.2431    map@2 : 0.2428    map@3 : 0.2466    map@4 : 0.2518    map@5 : 0.258    map@10 : 0.2783    map@20 : 0.2931    map@30 : 0.2985    map@50 : 0.3034
Sun 15 Mar 2026 18:33:40 INFO  Running E-step ! 
Sun 15 Mar 2026 18:33:46 INFO  epoch 65 training [time: 5.52s, train_loss1: 45.6157, train_loss2: 0.0000, train_loss3: 0.0117, train_loss4: 0.0028]
Sun 15 Mar 2026 18:33:47 INFO  epoch 65 evaluating [time: 1.61s, valid_score: 0.361200]
Sun 15 Mar 2026 18:33:47 INFO  valid result: 
recall@1 : 0.1612    recall@2 : 0.2508    recall@3 : 0.3017    recall@4 : 0.3452    recall@5 : 0.3819    recall@10 : 0.5026    recall@20 : 0.644    recall@30 : 0.7112    recall@50 : 0.7992    ndcg@1 : 0.2437    ndcg@2 : 0.2734    ndcg@3 : 0.2882    ndcg@4 : 0.3035    ndcg@5 : 0.3172    ndcg@10 : 0.3612    ndcg@20 : 0.4037    ndcg@30 : 0.4219    ndcg@50 : 0.4427    precision@1 : 0.2437    precision@2 : 0.2041    precision@3 : 0.17    precision@4 : 0.1509    precision@5 : 0.1366    precision@10 : 0.096    precision@20 : 0.0642    precision@30 : 0.0488    precision@50 : 0.0337    map@1 : 0.2437    map@2 : 0.2446    map@3 : 0.247    map@4 : 0.2532    map@5 : 0.2594    map@10 : 0.2793    map@20 : 0.2943    map@30 : 0.2997    map@50 : 0.3045
Sun 15 Mar 2026 18:33:47 INFO  Running E-step ! 
Sun 15 Mar 2026 18:33:53 INFO  epoch 66 training [time: 5.56s, train_loss1: 44.2564, train_loss2: 0.0000, train_loss3: 0.0117, train_loss4: 0.0028]
Sun 15 Mar 2026 18:33:54 INFO  epoch 66 evaluating [time: 1.63s, valid_score: 0.360000]
Sun 15 Mar 2026 18:33:54 INFO  valid result: 
recall@1 : 0.1581    recall@2 : 0.2494    recall@3 : 0.3019    recall@4 : 0.3449    recall@5 : 0.3816    recall@10 : 0.5031    recall@20 : 0.6429    recall@30 : 0.7121    recall@50 : 0.799    ndcg@1 : 0.2402    ndcg@2 : 0.2706    ndcg@3 : 0.2867    ndcg@4 : 0.3017    ndcg@5 : 0.3153    ndcg@10 : 0.36    ndcg@20 : 0.402    ndcg@30 : 0.4206    ndcg@50 : 0.4413    precision@1 : 0.2402    precision@2 : 0.2023    precision@3 : 0.1698    precision@4 : 0.1505    precision@5 : 0.136    precision@10 : 0.0964    precision@20 : 0.0642    precision@30 : 0.0487    precision@50 : 0.0338    map@1 : 0.2402    map@2 : 0.2415    map@3 : 0.2447    map@4 : 0.2511    map@5 : 0.257    map@10 : 0.2776    map@20 : 0.2924    map@30 : 0.2979    map@50 : 0.3026
Sun 15 Mar 2026 18:33:54 INFO  Running E-step ! 
Sun 15 Mar 2026 18:33:59 INFO  epoch 67 training [time: 4.48s, train_loss1: 44.2481, train_loss2: 0.0000, train_loss3: 0.0117, train_loss4: 0.0029]
Sun 15 Mar 2026 18:34:01 INFO  epoch 67 evaluating [time: 1.62s, valid_score: 0.358500]
Sun 15 Mar 2026 18:34:01 INFO  valid result: 
recall@1 : 0.1591    recall@2 : 0.247    recall@3 : 0.3006    recall@4 : 0.3421    recall@5 : 0.3779    recall@10 : 0.4997    recall@20 : 0.6386    recall@30 : 0.7103    recall@50 : 0.8    ndcg@1 : 0.2402    ndcg@2 : 0.2693    ndcg@3 : 0.286    ndcg@4 : 0.2999    ndcg@5 : 0.3135    ndcg@10 : 0.3585    ndcg@20 : 0.4001    ndcg@30 : 0.4195    ndcg@50 : 0.4407    precision@1 : 0.2402    precision@2 : 0.2008    precision@3 : 0.1694    precision@4 : 0.1485    precision@5 : 0.135    precision@10 : 0.096    precision@20 : 0.0636    precision@30 : 0.0486    precision@50 : 0.0338    map@1 : 0.2402    map@2 : 0.2408    map@3 : 0.2447    map@4 : 0.25    map@5 : 0.2561    map@10 : 0.2768    map@20 : 0.2913    map@30 : 0.2972    map@50 : 0.302
Sun 15 Mar 2026 18:34:01 INFO  Running E-step ! 
Sun 15 Mar 2026 18:34:05 INFO  epoch 68 training [time: 4.44s, train_loss1: 42.4494, train_loss2: 0.0000, train_loss3: 0.0117, train_loss4: 0.0027]
Sun 15 Mar 2026 18:34:07 INFO  epoch 68 evaluating [time: 1.62s, valid_score: 0.358800]
Sun 15 Mar 2026 18:34:07 INFO  valid result: 
recall@1 : 0.1575    recall@2 : 0.2443    recall@3 : 0.3024    recall@4 : 0.3445    recall@5 : 0.3819    recall@10 : 0.502    recall@20 : 0.6399    recall@30 : 0.7139    recall@50 : 0.8008    ndcg@1 : 0.2396    ndcg@2 : 0.2649    ndcg@3 : 0.2857    ndcg@4 : 0.3002    ndcg@5 : 0.3145    ndcg@10 : 0.3588    ndcg@20 : 0.4002    ndcg@30 : 0.4201    ndcg@50 : 0.4408    precision@1 : 0.2396    precision@2 : 0.1961    precision@3 : 0.1702    precision@4 : 0.1497    precision@5 : 0.1362    precision@10 : 0.0964    precision@20 : 0.0637    precision@30 : 0.0488    precision@50 : 0.0338    map@1 : 0.2396    map@2 : 0.2372    map@3 : 0.2437    map@4 : 0.2497    map@5 : 0.2562    map@10 : 0.2766    map@20 : 0.2911    map@30 : 0.2971    map@50 : 0.3018
Sun 15 Mar 2026 18:34:07 INFO  Running E-step ! 
Sun 15 Mar 2026 18:34:12 INFO  epoch 69 training [time: 5.36s, train_loss1: 41.8212, train_loss2: 0.0000, train_loss3: 0.0117, train_loss4: 0.0027]
Sun 15 Mar 2026 18:34:14 INFO  epoch 69 evaluating [time: 1.62s, valid_score: 0.357500]
Sun 15 Mar 2026 18:34:14 INFO  valid result: 
recall@1 : 0.1577    recall@2 : 0.2428    recall@3 : 0.3025    recall@4 : 0.3441    recall@5 : 0.3775    recall@10 : 0.5001    recall@20 : 0.6407    recall@30 : 0.7128    recall@50 : 0.801    ndcg@1 : 0.2402    ndcg@2 : 0.2642    ndcg@3 : 0.2857    ndcg@4 : 0.2997    ndcg@5 : 0.3123    ndcg@10 : 0.3575    ndcg@20 : 0.3995    ndcg@30 : 0.4191    ndcg@50 : 0.44    precision@1 : 0.2402    precision@2 : 0.1952    precision@3 : 0.1702    precision@4 : 0.1493    precision@5 : 0.1347    precision@10 : 0.0958    precision@20 : 0.0635    precision@30 : 0.0488    precision@50 : 0.0338    map@1 : 0.2402    map@2 : 0.2367    map@3 : 0.2437    map@4 : 0.2493    map@5 : 0.2548    map@10 : 0.2757    map@20 : 0.2903    map@30 : 0.2962    map@50 : 0.301
Sun 15 Mar 2026 18:34:14 INFO  Running E-step ! 
Sun 15 Mar 2026 18:34:19 INFO  epoch 70 training [time: 5.10s, train_loss1: 41.5262, train_loss2: 0.0000, train_loss3: 0.0117, train_loss4: 0.0026]
Sun 15 Mar 2026 18:34:20 INFO  epoch 70 evaluating [time: 1.63s, valid_score: 0.354700]
Sun 15 Mar 2026 18:34:20 INFO  valid result: 
recall@1 : 0.1526    recall@2 : 0.2435    recall@3 : 0.2988    recall@4 : 0.3421    recall@5 : 0.381    recall@10 : 0.4975    recall@20 : 0.6387    recall@30 : 0.7151    recall@50 : 0.7986    ndcg@1 : 0.2336    ndcg@2 : 0.2634    ndcg@3 : 0.2816    ndcg@4 : 0.2963    ndcg@5 : 0.3114    ndcg@10 : 0.3547    ndcg@20 : 0.3968    ndcg@30 : 0.4172    ndcg@50 : 0.4372    precision@1 : 0.2336    precision@2 : 0.1967    precision@3 : 0.1683    precision@4 : 0.1478    precision@5 : 0.1354    precision@10 : 0.0956    precision@20 : 0.0636    precision@30 : 0.0488    precision@50 : 0.0337    map@1 : 0.2336    map@2 : 0.235    map@3 : 0.2395    map@4 : 0.2456    map@5 : 0.2525    map@10 : 0.2726    map@20 : 0.2872    map@30 : 0.2932    map@50 : 0.2978
Sun 15 Mar 2026 18:34:20 INFO  Running E-step ! 
Sun 15 Mar 2026 18:34:25 INFO  epoch 71 training [time: 4.63s, train_loss1: 41.7458, train_loss2: 0.0000, train_loss3: 0.0117, train_loss4: 0.0026]
Sun 15 Mar 2026 18:34:27 INFO  epoch 71 evaluating [time: 1.63s, valid_score: 0.355600]
Sun 15 Mar 2026 18:34:27 INFO  valid result: 
recall@1 : 0.1548    recall@2 : 0.2446    recall@3 : 0.298    recall@4 : 0.3426    recall@5 : 0.38    recall@10 : 0.4987    recall@20 : 0.6398    recall@30 : 0.7156    recall@50 : 0.797    ndcg@1 : 0.236    ndcg@2 : 0.2642    ndcg@3 : 0.2817    ndcg@4 : 0.2973    ndcg@5 : 0.3119    ndcg@10 : 0.3556    ndcg@20 : 0.3979    ndcg@30 : 0.4181    ndcg@50 : 0.4376    precision@1 : 0.236    precision@2 : 0.1961    precision@3 : 0.1675    precision@4 : 0.1478    precision@5 : 0.1353    precision@10 : 0.0956    precision@20 : 0.0636    precision@30 : 0.0489    precision@50 : 0.0337    map@1 : 0.236    map@2 : 0.2358    map@3 : 0.2402    map@4 : 0.247    map@5 : 0.2535    map@10 : 0.2738    map@20 : 0.2884    map@30 : 0.2943    map@50 : 0.2989
Sun 15 Mar 2026 18:34:27 INFO  Finished training, best eval result in epoch 50
Sun 15 Mar 2026 18:34:27 INFO  Loading model structure and parameters from saved/SCL-Mar-15-2026_18-26-20.pth
Sun 15 Mar 2026 18:34:28 INFO  best valid : OrderedDict([('recall@1', 0.1567), ('recall@2', 0.2449), ('recall@3', 0.3039), ('recall@4', 0.3539), ('recall@5', 0.3866), ('recall@10', 0.5131), ('recall@20', 0.6507), ('recall@30', 0.7206), ('recall@50', 0.7981), ('ndcg@1', 0.2426), ('ndcg@2', 0.2678), ('ndcg@3', 0.2869), ('ndcg@4', 0.3055), ('ndcg@5', 0.3174), ('ndcg@10', 0.3632), ('ndcg@20', 0.4046), ('ndcg@30', 0.4236), ('ndcg@50', 0.4426), ('precision@1', 0.2426), ('precision@2', 0.2002), ('precision@3', 0.1706), ('precision@4', 0.1533), ('precision@5', 0.1375), ('precision@10', 0.0971), ('precision@20', 0.0645), ('precision@30', 0.0493), ('precision@50', 0.0339), ('map@1', 0.2426), ('map@2', 0.2388), ('map@3', 0.2441), ('map@4', 0.2525), ('map@5', 0.2577), ('map@10', 0.2783), ('map@20', 0.2929), ('map@30', 0.2985), ('map@50', 0.3032)])
Sun 15 Mar 2026 18:34:28 INFO  test result: OrderedDict([('recall@1', 0.1789), ('recall@2', 0.2696), ('recall@3', 0.3286), ('recall@4', 0.3754), ('recall@5', 0.4027), ('recall@10', 0.532), ('recall@20', 0.6727), ('recall@30', 0.7403), ('recall@50', 0.8237), ('ndcg@1', 0.3054), ('ndcg@2', 0.3165), ('ndcg@3', 0.3293), ('ndcg@4', 0.3424), ('ndcg@5', 0.3508), ('ndcg@10', 0.3933), ('ndcg@20', 0.4339), ('ndcg@30', 0.4517), ('ndcg@50', 0.4704), ('precision@1', 0.3054), ('precision@2', 0.2397), ('precision@3', 0.2016), ('precision@4', 0.1756), ('precision@5', 0.1554), ('precision@10', 0.1052), ('precision@20', 0.0678), ('precision@30', 0.0505), ('precision@50', 0.0338), ('map@1', 0.3054), ('map@2', 0.2891), ('map@3', 0.2878), ('map@4', 0.2907), ('map@5', 0.2937), ('map@10', 0.3105), ('map@20', 0.3246), ('map@30', 0.3301), ('map@50', 0.3342)])
Sun 15 Mar 2026 18:34:28 INFO  training time: 485.4346s
Sun 15 Mar 2026 18:34:28 INFO  result file: results/scl_wo_struct_seed2027.json
