Mon 16 Mar 2026 13:04:22 INFO  
General Hyper Parameters:
gpu_id = 0
use_gpu = True
seed = 2023
state = INFO
reproducibility = True
data_path = ./travel
checkpoint_dir = saved
show_progress = True
save_dataset = False
dataset_save_path = None
save_dataloaders = False
dataloaders_save_path = None
log_wandb = False

Training Hyper Parameters:
epochs = 1000
train_batch_size = 4096
learner = adam
learning_rate = 0.001
train_neg_sample_args = {'distribution': 'uniform', 'sample_num': 1, 'alpha': 1.0, 'dynamic': False, 'candidate_num': 0}
eval_step = 1
stopping_step = 10
clip_grad_norm = None
weight_decay = 0.0
loss_decimal_place = 4

Evaluation Hyper Parameters:
eval_args = {'split': {'RS': [0.8, 0.1, 0.1]}, 'order': 'RO', 'group_by': 'user', 'mode': {'valid': 'full', 'test': 'full'}}
repeatable = False
metrics = ['Recall', 'NDCG', 'Precision', 'MAP']
topk = [1, 2, 3, 4, 5, 10, 20, 30, 50]
valid_metric = NDCG@10
valid_metric_bigger = True
eval_batch_size = 4096
metric_decimal_place = 4

Dataset Hyper Parameters:
field_separator = 	
seq_separator =  
USER_ID_FIELD = user_id
ITEM_ID_FIELD = item_id
RATING_FIELD = rating
TIME_FIELD = timestamp
seq_len = None
LABEL_FIELD = label
threshold = None
NEG_PREFIX = neg_
load_col = {'inter': ['user_id', 'item_id', 'rating'], 'user': ['user_id', 'post_num', 'follower', 'following', 'timestamp']}
unload_col = None
unused_col = None
additional_feat_suffix = None
rm_dup_inter = None
val_interval = {'rating': '[0,inf)'}
filter_inter_by_user_or_item = True
user_inter_num_interval = [0,inf)
item_inter_num_interval = [0,inf)
alias_of_user_id = None
alias_of_item_id = None
alias_of_entity_id = None
alias_of_relation_id = None
preload_weight = None
normalize_field = None
normalize_all = None
ITEM_LIST_LENGTH_FIELD = item_length
LIST_SUFFIX = _list
MAX_ITEM_LIST_LENGTH = 50
POSITION_FIELD = position_id
HEAD_ENTITY_ID_FIELD = head_id
TAIL_ENTITY_ID_FIELD = tail_id
RELATION_ID_FIELD = relation_id
ENTITY_ID_FIELD = entity_id
benchmark_filename = None

Other Hyper Parameters: 
worker = 0
wandb_project = recbole
shuffle = True
require_pow = False
enable_amp = False
enable_scaler = False
transform = None
numerical_features = []
discretization = None
kg_reverse_r = False
entity_kg_num_interval = [0,inf)
relation_kg_num_interval = [0,inf)
MODEL_TYPE = ModelType.GENERAL
stoping_step = 20
embedding_size = 64
n_layers = 3
reg_weight = 0.0001
smt_latent_dim = 64
ssl_temp = 0.1
ssl_reg = 0.0
hyper_layers = 1
alpha = 1
potential_reg = 8e-08
semantic_reg = 8e-08
num_clusters = 10
m_step = 1
warm_up_step = 20
user_feature_path = features/roberta_user.npy
item_feature_path = features/roberta_item.npy
MODEL_INPUT_TYPE = InputType.PAIRWISE
eval_type = EvaluatorType.RANKING
single_spec = True
local_rank = 0
device = cuda
valid_neg_sample_args = {'distribution': 'uniform', 'sample_num': 'none'}
test_neg_sample_args = {'distribution': 'uniform', 'sample_num': 'none'}


Mon 16 Mar 2026 13:04:23 INFO  travel
The number of users: 2010
Average actions of users: 18.721254355400696
The number of items: 247
Average actions of items: 152.890243902439
The number of inters: 37611
The sparsity of the dataset: 92.42431566862047%
Remain Fields: ['user_id', 'item_id', 'rating', 'post_num', 'follower', 'following', 'timestamp']
Mon 16 Mar 2026 13:04:23 INFO  [Training]: train_batch_size = [4096] train_neg_sample_args: [{'distribution': 'uniform', 'sample_num': 1, 'alpha': 1.0, 'dynamic': False, 'candidate_num': 0}]
Mon 16 Mar 2026 13:04:23 INFO  [Evaluation]: eval_batch_size = [4096] eval_args: [{'split': {'RS': [0.8, 0.1, 0.1]}, 'order': 'RO', 'group_by': 'user', 'mode': {'valid': 'full', 'test': 'full'}}]
Mon 16 Mar 2026 13:04:24 INFO  SCL(
  (u_MLP): Linear(in_features=1024, out_features=64, bias=True)
  (i_MLP): Linear(in_features=1024, out_features=64, bias=True)
  (user_embedding): Embedding(2010, 64)
  (item_embedding): Embedding(247, 64)
  (mf_loss): BPRLoss()
  (reg_loss): EmbLoss()
)
Trainable parameters: 144448
Mon 16 Mar 2026 13:04:24 INFO  trainable parameters: 144448
Mon 16 Mar 2026 13:04:25 INFO  Running E-step ! 
Mon 16 Mar 2026 13:04:25 INFO  epoch 0 training [time: 0.51s, train_loss1: 5.5398, train_loss2: 0.0000, train_loss3: 0.0115]
Mon 16 Mar 2026 13:04:26 INFO  epoch 0 evaluating [time: 0.26s, valid_score: 0.210200]
Mon 16 Mar 2026 13:04:26 INFO  valid result: 
recall@1 : 0.0854    recall@2 : 0.1293    recall@3 : 0.1657    recall@4 : 0.1921    recall@5 : 0.2177    recall@10 : 0.3065    recall@20 : 0.4084    recall@30 : 0.4864    recall@50 : 0.6051    ndcg@1 : 0.146    ndcg@2 : 0.1525    ndcg@3 : 0.1629    ndcg@4 : 0.1711    ndcg@5 : 0.1797    ndcg@10 : 0.2102    ndcg@20 : 0.24    ndcg@30 : 0.2602    ndcg@50 : 0.287    precision@1 : 0.146    precision@2 : 0.1165    precision@3 : 0.1005    precision@4 : 0.0894    precision@5 : 0.0813    precision@10 : 0.059    precision@20 : 0.0407    precision@30 : 0.033    precision@50 : 0.0251    map@1 : 0.146    map@2 : 0.1342    map@3 : 0.1348    map@4 : 0.1365    map@5 : 0.1395    map@10 : 0.1508    map@20 : 0.1595    map@30 : 0.1643    map@50 : 0.1693
Mon 16 Mar 2026 13:04:26 INFO  Saving current: saved/SCL-Mar-16-2026_13-04-24.pth
Mon 16 Mar 2026 13:04:26 INFO  Saving current best: saved/SCL-Mar-16-2026_13-04-24.pth
Mon 16 Mar 2026 13:04:26 INFO  Running E-step ! 
Mon 16 Mar 2026 13:04:26 INFO  epoch 1 training [time: 0.21s, train_loss1: 5.5234, train_loss2: 0.0000, train_loss3: 0.0113]
Mon 16 Mar 2026 13:04:26 INFO  epoch 1 evaluating [time: 0.23s, valid_score: 0.296600]
Mon 16 Mar 2026 13:04:26 INFO  valid result: 
recall@1 : 0.1199    recall@2 : 0.1992    recall@3 : 0.2468    recall@4 : 0.2859    recall@5 : 0.317    recall@10 : 0.4329    recall@20 : 0.5769    recall@30 : 0.6441    recall@50 : 0.7397    ndcg@1 : 0.1949    ndcg@2 : 0.2179    ndcg@3 : 0.2319    ndcg@4 : 0.2449    ndcg@5 : 0.2556    ndcg@10 : 0.2966    ndcg@20 : 0.338    ndcg@30 : 0.3554    ndcg@50 : 0.3784    precision@1 : 0.1949    precision@2 : 0.1633    precision@3 : 0.1371    precision@4 : 0.1214    precision@5 : 0.1095    precision@10 : 0.0798    precision@20 : 0.0541    precision@30 : 0.0413    precision@50 : 0.0298    map@1 : 0.1949    map@2 : 0.1919    map@3 : 0.1941    map@4 : 0.1979    map@5 : 0.2022    map@10 : 0.2188    map@20 : 0.2316    map@30 : 0.2361    map@50 : 0.241
Mon 16 Mar 2026 13:04:26 INFO  Saving current: saved/SCL-Mar-16-2026_13-04-24.pth
Mon 16 Mar 2026 13:04:26 INFO  Saving current best: saved/SCL-Mar-16-2026_13-04-24.pth
Mon 16 Mar 2026 13:04:26 INFO  Running E-step ! 
Mon 16 Mar 2026 13:04:26 INFO  epoch 2 training [time: 0.19s, train_loss1: 5.4843, train_loss2: 0.0000, train_loss3: 0.0113]
Mon 16 Mar 2026 13:04:26 INFO  epoch 2 evaluating [time: 0.22s, valid_score: 0.305600]
Mon 16 Mar 2026 13:04:26 INFO  valid result: 
recall@1 : 0.1251    recall@2 : 0.2014    recall@3 : 0.2539    recall@4 : 0.2926    recall@5 : 0.3321    recall@10 : 0.4466    recall@20 : 0.5868    recall@30 : 0.6585    recall@50 : 0.7574    ndcg@1 : 0.2002    ndcg@2 : 0.2206    ndcg@3 : 0.2384    ndcg@4 : 0.2512    ndcg@5 : 0.2653    ndcg@10 : 0.3056    ndcg@20 : 0.3455    ndcg@30 : 0.3646    ndcg@50 : 0.3883    precision@1 : 0.2002    precision@2 : 0.1639    precision@3 : 0.1416    precision@4 : 0.125    precision@5 : 0.1143    precision@10 : 0.0821    precision@20 : 0.0547    precision@30 : 0.0425    precision@50 : 0.0306    map@1 : 0.2002    map@2 : 0.1949    map@3 : 0.1993    map@4 : 0.2034    map@5 : 0.2095    map@10 : 0.2257    map@20 : 0.2382    map@30 : 0.2432    map@50 : 0.2482
Mon 16 Mar 2026 13:04:26 INFO  Saving current: saved/SCL-Mar-16-2026_13-04-24.pth
Mon 16 Mar 2026 13:04:26 INFO  Saving current best: saved/SCL-Mar-16-2026_13-04-24.pth
Mon 16 Mar 2026 13:04:26 INFO  Running E-step ! 
Mon 16 Mar 2026 13:04:27 INFO  epoch 3 training [time: 0.16s, train_loss1: 5.4120, train_loss2: 0.0000, train_loss3: 0.0113]
Mon 16 Mar 2026 13:04:27 INFO  epoch 3 evaluating [time: 0.22s, valid_score: 0.304800]
Mon 16 Mar 2026 13:04:27 INFO  valid result: 
recall@1 : 0.1238    recall@2 : 0.2028    recall@3 : 0.256    recall@4 : 0.2969    recall@5 : 0.3339    recall@10 : 0.4438    recall@20 : 0.588    recall@30 : 0.6633    recall@50 : 0.7634    ndcg@1 : 0.1996    ndcg@2 : 0.2202    ndcg@3 : 0.239    ndcg@4 : 0.2526    ndcg@5 : 0.2658    ndcg@10 : 0.3048    ndcg@20 : 0.346    ndcg@30 : 0.3659    ndcg@50 : 0.3902    precision@1 : 0.1996    precision@2 : 0.1633    precision@3 : 0.1422    precision@4 : 0.1254    precision@5 : 0.1143    precision@10 : 0.0813    precision@20 : 0.0547    precision@30 : 0.0427    precision@50 : 0.0309    map@1 : 0.1996    map@2 : 0.1941    map@3 : 0.1992    map@4 : 0.2039    map@5 : 0.2093    map@10 : 0.2254    map@20 : 0.2384    map@30 : 0.2436    map@50 : 0.2489
Mon 16 Mar 2026 13:04:27 INFO  Running E-step ! 
Mon 16 Mar 2026 13:04:27 INFO  epoch 4 training [time: 0.18s, train_loss1: 5.3019, train_loss2: 0.0000, train_loss3: 0.0113]
Mon 16 Mar 2026 13:04:27 INFO  epoch 4 evaluating [time: 0.21s, valid_score: 0.306600]
Mon 16 Mar 2026 13:04:27 INFO  valid result: 
recall@1 : 0.1234    recall@2 : 0.2032    recall@3 : 0.2573    recall@4 : 0.2978    recall@5 : 0.3315    recall@10 : 0.4492    recall@20 : 0.586    recall@30 : 0.6711    recall@50 : 0.7649    ndcg@1 : 0.1996    ndcg@2 : 0.2208    ndcg@3 : 0.2396    ndcg@4 : 0.2532    ndcg@5 : 0.2651    ndcg@10 : 0.3066    ndcg@20 : 0.3459    ndcg@30 : 0.3681    ndcg@50 : 0.3911    precision@1 : 0.1996    precision@2 : 0.1642    precision@3 : 0.1428    precision@4 : 0.126    precision@5 : 0.1142    precision@10 : 0.082    precision@20 : 0.0546    precision@30 : 0.0431    precision@50 : 0.0311    map@1 : 0.1996    map@2 : 0.1946    map@3 : 0.1996    map@4 : 0.2043    map@5 : 0.2091    map@10 : 0.2262    map@20 : 0.2386    map@30 : 0.2443    map@50 : 0.2494
Mon 16 Mar 2026 13:04:27 INFO  Saving current: saved/SCL-Mar-16-2026_13-04-24.pth
Mon 16 Mar 2026 13:04:27 INFO  Saving current best: saved/SCL-Mar-16-2026_13-04-24.pth
Mon 16 Mar 2026 13:04:27 INFO  Running E-step ! 
Mon 16 Mar 2026 13:04:27 INFO  epoch 5 training [time: 0.18s, train_loss1: 5.1455, train_loss2: 0.0000, train_loss3: 0.0114]
Mon 16 Mar 2026 13:04:28 INFO  epoch 5 evaluating [time: 0.23s, valid_score: 0.307000]
Mon 16 Mar 2026 13:04:28 INFO  valid result: 
recall@1 : 0.1234    recall@2 : 0.2038    recall@3 : 0.2573    recall@4 : 0.2978    recall@5 : 0.332    recall@10 : 0.4498    recall@20 : 0.5855    recall@30 : 0.6677    recall@50 : 0.7691    ndcg@1 : 0.199    ndcg@2 : 0.2205    ndcg@3 : 0.2394    ndcg@4 : 0.2531    ndcg@5 : 0.2654    ndcg@10 : 0.307    ndcg@20 : 0.3459    ndcg@30 : 0.3676    ndcg@50 : 0.3922    precision@1 : 0.199    precision@2 : 0.1636    precision@3 : 0.1426    precision@4 : 0.126    precision@5 : 0.1145    precision@10 : 0.0824    precision@20 : 0.0546    precision@30 : 0.043    precision@50 : 0.0313    map@1 : 0.199    map@2 : 0.1943    map@3 : 0.1995    map@4 : 0.2042    map@5 : 0.2093    map@10 : 0.2265    map@20 : 0.2388    map@30 : 0.2445    map@50 : 0.2499
Mon 16 Mar 2026 13:04:28 INFO  Saving current: saved/SCL-Mar-16-2026_13-04-24.pth
Mon 16 Mar 2026 13:04:28 INFO  Saving current best: saved/SCL-Mar-16-2026_13-04-24.pth
Mon 16 Mar 2026 13:04:28 INFO  Running E-step ! 
Mon 16 Mar 2026 13:04:28 INFO  epoch 6 training [time: 0.20s, train_loss1: 4.9542, train_loss2: 0.0000, train_loss3: 0.0114]
Mon 16 Mar 2026 13:04:28 INFO  epoch 6 evaluating [time: 0.23s, valid_score: 0.307300]
Mon 16 Mar 2026 13:04:28 INFO  valid result: 
recall@1 : 0.1242    recall@2 : 0.2038    recall@3 : 0.2565    recall@4 : 0.2976    recall@5 : 0.3306    recall@10 : 0.4502    recall@20 : 0.5873    recall@30 : 0.6681    recall@50 : 0.7692    ndcg@1 : 0.2002    ndcg@2 : 0.2208    ndcg@3 : 0.2393    ndcg@4 : 0.2532    ndcg@5 : 0.2649    ndcg@10 : 0.3073    ndcg@20 : 0.3466    ndcg@30 : 0.368    ndcg@50 : 0.3925    precision@1 : 0.2002    precision@2 : 0.1636    precision@3 : 0.1422    precision@4 : 0.1257    precision@5 : 0.1139    precision@10 : 0.0823    precision@20 : 0.0547    precision@30 : 0.0431    precision@50 : 0.0312    map@1 : 0.2002    map@2 : 0.1946    map@3 : 0.1996    map@4 : 0.2044    map@5 : 0.2091    map@10 : 0.2268    map@20 : 0.2393    map@30 : 0.2449    map@50 : 0.2502
Mon 16 Mar 2026 13:04:28 INFO  Saving current: saved/SCL-Mar-16-2026_13-04-24.pth
Mon 16 Mar 2026 13:04:28 INFO  Saving current best: saved/SCL-Mar-16-2026_13-04-24.pth
Mon 16 Mar 2026 13:04:28 INFO  Running E-step ! 
Mon 16 Mar 2026 13:04:28 INFO  epoch 7 training [time: 0.19s, train_loss1: 4.7398, train_loss2: 0.0000, train_loss3: 0.0114]
Mon 16 Mar 2026 13:04:29 INFO  epoch 7 evaluating [time: 0.22s, valid_score: 0.307500]
Mon 16 Mar 2026 13:04:29 INFO  valid result: 
recall@1 : 0.1243    recall@2 : 0.2038    recall@3 : 0.2565    recall@4 : 0.2981    recall@5 : 0.3301    recall@10 : 0.4506    recall@20 : 0.5876    recall@30 : 0.6693    recall@50 : 0.7688    ndcg@1 : 0.2008    ndcg@2 : 0.221    ndcg@3 : 0.2393    ndcg@4 : 0.2535    ndcg@5 : 0.2648    ndcg@10 : 0.3075    ndcg@20 : 0.3469    ndcg@30 : 0.3684    ndcg@50 : 0.3926    precision@1 : 0.2008    precision@2 : 0.1636    precision@3 : 0.142    precision@4 : 0.126    precision@5 : 0.1137    precision@10 : 0.0823    precision@20 : 0.0549    precision@30 : 0.0431    precision@50 : 0.0312    map@1 : 0.2008    map@2 : 0.1947    map@3 : 0.1997    map@4 : 0.2047    map@5 : 0.2091    map@10 : 0.2269    map@20 : 0.2395    map@30 : 0.2451    map@50 : 0.2504
Mon 16 Mar 2026 13:04:29 INFO  Saving current: saved/SCL-Mar-16-2026_13-04-24.pth
Mon 16 Mar 2026 13:04:29 INFO  Saving current best: saved/SCL-Mar-16-2026_13-04-24.pth
Mon 16 Mar 2026 13:04:29 INFO  Running E-step ! 
Mon 16 Mar 2026 13:04:29 INFO  epoch 8 training [time: 0.18s, train_loss1: 4.5105, train_loss2: 0.0000, train_loss3: 0.0114]
Mon 16 Mar 2026 13:04:29 INFO  epoch 8 evaluating [time: 0.23s, valid_score: 0.307000]
Mon 16 Mar 2026 13:04:29 INFO  valid result: 
recall@1 : 0.1243    recall@2 : 0.2038    recall@3 : 0.2566    recall@4 : 0.2986    recall@5 : 0.3298    recall@10 : 0.449    recall@20 : 0.5875    recall@30 : 0.6701    recall@50 : 0.7675    ndcg@1 : 0.2008    ndcg@2 : 0.221    ndcg@3 : 0.2394    ndcg@4 : 0.2539    ndcg@5 : 0.2646    ndcg@10 : 0.307    ndcg@20 : 0.3469    ndcg@30 : 0.3686    ndcg@50 : 0.3923    precision@1 : 0.2008    precision@2 : 0.1636    precision@3 : 0.1422    precision@4 : 0.1265    precision@5 : 0.1135    precision@10 : 0.0821    precision@20 : 0.0549    precision@30 : 0.0432    precision@50 : 0.0312    map@1 : 0.2008    map@2 : 0.1947    map@3 : 0.1997    map@4 : 0.2049    map@5 : 0.2091    map@10 : 0.2268    map@20 : 0.2395    map@30 : 0.2452    map@50 : 0.2504
Mon 16 Mar 2026 13:04:29 INFO  Running E-step ! 
Mon 16 Mar 2026 13:04:29 INFO  epoch 9 training [time: 0.18s, train_loss1: 4.2996, train_loss2: 0.0000, train_loss3: 0.0115]
Mon 16 Mar 2026 13:04:29 INFO  epoch 9 evaluating [time: 0.23s, valid_score: 0.307000]
Mon 16 Mar 2026 13:04:29 INFO  valid result: 
recall@1 : 0.1243    recall@2 : 0.2038    recall@3 : 0.2566    recall@4 : 0.2982    recall@5 : 0.3304    recall@10 : 0.449    recall@20 : 0.5876    recall@30 : 0.67    recall@50 : 0.7668    ndcg@1 : 0.2008    ndcg@2 : 0.221    ndcg@3 : 0.2394    ndcg@4 : 0.2538    ndcg@5 : 0.2648    ndcg@10 : 0.307    ndcg@20 : 0.347    ndcg@30 : 0.3687    ndcg@50 : 0.3922    precision@1 : 0.2008    precision@2 : 0.1636    precision@3 : 0.1422    precision@4 : 0.1265    precision@5 : 0.1136    precision@10 : 0.0821    precision@20 : 0.0549    precision@30 : 0.0432    precision@50 : 0.0312    map@1 : 0.2008    map@2 : 0.1947    map@3 : 0.1997    map@4 : 0.2048    map@5 : 0.2092    map@10 : 0.2268    map@20 : 0.2395    map@30 : 0.2452    map@50 : 0.2504
Mon 16 Mar 2026 13:04:29 INFO  Running E-step ! 
Mon 16 Mar 2026 13:04:30 INFO  epoch 10 training [time: 0.18s, train_loss1: 4.0691, train_loss2: 0.0000, train_loss3: 0.0115]
Mon 16 Mar 2026 13:04:30 INFO  epoch 10 evaluating [time: 0.24s, valid_score: 0.307400]
Mon 16 Mar 2026 13:04:30 INFO  valid result: 
recall@1 : 0.1243    recall@2 : 0.2038    recall@3 : 0.256    recall@4 : 0.2982    recall@5 : 0.331    recall@10 : 0.4503    recall@20 : 0.5874    recall@30 : 0.6703    recall@50 : 0.7664    ndcg@1 : 0.2008    ndcg@2 : 0.221    ndcg@3 : 0.2391    ndcg@4 : 0.2537    ndcg@5 : 0.2651    ndcg@10 : 0.3074    ndcg@20 : 0.3469    ndcg@30 : 0.3688    ndcg@50 : 0.3922    precision@1 : 0.2008    precision@2 : 0.1636    precision@3 : 0.142    precision@4 : 0.1265    precision@5 : 0.1139    precision@10 : 0.0823    precision@20 : 0.0549    precision@30 : 0.0433    precision@50 : 0.0311    map@1 : 0.2008    map@2 : 0.1947    map@3 : 0.1995    map@4 : 0.2048    map@5 : 0.2094    map@10 : 0.2269    map@20 : 0.2395    map@30 : 0.2453    map@50 : 0.2504
Mon 16 Mar 2026 13:04:30 INFO  Running E-step ! 
Mon 16 Mar 2026 13:04:30 INFO  epoch 11 training [time: 0.20s, train_loss1: 3.9016, train_loss2: 0.0000, train_loss3: 0.0115]
Mon 16 Mar 2026 13:04:30 INFO  epoch 11 evaluating [time: 0.22s, valid_score: 0.306900]
Mon 16 Mar 2026 13:04:30 INFO  valid result: 
recall@1 : 0.1237    recall@2 : 0.2032    recall@3 : 0.2554    recall@4 : 0.2981    recall@5 : 0.3306    recall@10 : 0.4497    recall@20 : 0.5869    recall@30 : 0.6693    recall@50 : 0.7651    ndcg@1 : 0.2002    ndcg@2 : 0.2204    ndcg@3 : 0.2385    ndcg@4 : 0.2534    ndcg@5 : 0.2646    ndcg@10 : 0.3069    ndcg@20 : 0.3464    ndcg@30 : 0.3682    ndcg@50 : 0.3915    precision@1 : 0.2002    precision@2 : 0.1633    precision@3 : 0.1418    precision@4 : 0.1266    precision@5 : 0.1139    precision@10 : 0.0822    precision@20 : 0.0549    precision@30 : 0.0433    precision@50 : 0.0311    map@1 : 0.2002    map@2 : 0.1941    map@3 : 0.1989    map@4 : 0.2044    map@5 : 0.2088    map@10 : 0.2264    map@20 : 0.239    map@30 : 0.2448    map@50 : 0.2498
Mon 16 Mar 2026 13:04:30 INFO  Running E-step ! 
Mon 16 Mar 2026 13:04:30 INFO  epoch 12 training [time: 0.18s, train_loss1: 3.7495, train_loss2: 0.0000, train_loss3: 0.0115]
Mon 16 Mar 2026 13:04:31 INFO  epoch 12 evaluating [time: 0.22s, valid_score: 0.306900]
Mon 16 Mar 2026 13:04:31 INFO  valid result: 
recall@1 : 0.1237    recall@2 : 0.2032    recall@3 : 0.2554    recall@4 : 0.2979    recall@5 : 0.3306    recall@10 : 0.4497    recall@20 : 0.5872    recall@30 : 0.669    recall@50 : 0.7648    ndcg@1 : 0.2002    ndcg@2 : 0.2204    ndcg@3 : 0.2385    ndcg@4 : 0.2533    ndcg@5 : 0.2646    ndcg@10 : 0.3069    ndcg@20 : 0.3465    ndcg@30 : 0.3682    ndcg@50 : 0.3914    precision@1 : 0.2002    precision@2 : 0.1633    precision@3 : 0.1418    precision@4 : 0.1265    precision@5 : 0.1139    precision@10 : 0.0822    precision@20 : 0.055    precision@30 : 0.0433    precision@50 : 0.0311    map@1 : 0.2002    map@2 : 0.1941    map@3 : 0.1989    map@4 : 0.2043    map@5 : 0.2088    map@10 : 0.2264    map@20 : 0.239    map@30 : 0.2448    map@50 : 0.2498
Mon 16 Mar 2026 13:04:31 INFO  Running E-step ! 
Mon 16 Mar 2026 13:04:31 INFO  epoch 13 training [time: 0.19s, train_loss1: 3.6144, train_loss2: 0.0000, train_loss3: 0.0115]
Mon 16 Mar 2026 13:04:31 INFO  epoch 13 evaluating [time: 0.22s, valid_score: 0.306800]
Mon 16 Mar 2026 13:04:31 INFO  valid result: 
recall@1 : 0.1237    recall@2 : 0.2032    recall@3 : 0.2554    recall@4 : 0.2981    recall@5 : 0.3306    recall@10 : 0.4496    recall@20 : 0.5866    recall@30 : 0.6696    recall@50 : 0.7641    ndcg@1 : 0.2002    ndcg@2 : 0.2204    ndcg@3 : 0.2385    ndcg@4 : 0.2534    ndcg@5 : 0.2646    ndcg@10 : 0.3068    ndcg@20 : 0.3464    ndcg@30 : 0.3684    ndcg@50 : 0.3913    precision@1 : 0.2002    precision@2 : 0.1633    precision@3 : 0.1418    precision@4 : 0.1266    precision@5 : 0.1138    precision@10 : 0.0822    precision@20 : 0.055    precision@30 : 0.0434    precision@50 : 0.0311    map@1 : 0.2002    map@2 : 0.1941    map@3 : 0.1989    map@4 : 0.2044    map@5 : 0.2088    map@10 : 0.2264    map@20 : 0.239    map@30 : 0.2448    map@50 : 0.2498
Mon 16 Mar 2026 13:04:31 INFO  Running E-step ! 
Mon 16 Mar 2026 13:04:31 INFO  epoch 14 training [time: 0.20s, train_loss1: 3.5427, train_loss2: 0.0000, train_loss3: 0.0115]
Mon 16 Mar 2026 13:04:32 INFO  epoch 14 evaluating [time: 0.23s, valid_score: 0.306800]
Mon 16 Mar 2026 13:04:32 INFO  valid result: 
recall@1 : 0.1237    recall@2 : 0.2032    recall@3 : 0.2554    recall@4 : 0.2976    recall@5 : 0.3306    recall@10 : 0.4496    recall@20 : 0.5868    recall@30 : 0.6699    recall@50 : 0.7641    ndcg@1 : 0.2002    ndcg@2 : 0.2204    ndcg@3 : 0.2385    ndcg@4 : 0.2531    ndcg@5 : 0.2645    ndcg@10 : 0.3068    ndcg@20 : 0.3465    ndcg@30 : 0.3683    ndcg@50 : 0.3913    precision@1 : 0.2002    precision@2 : 0.1633    precision@3 : 0.1418    precision@4 : 0.1263    precision@5 : 0.1138    precision@10 : 0.0822    precision@20 : 0.055    precision@30 : 0.0433    precision@50 : 0.0311    map@1 : 0.2002    map@2 : 0.1941    map@3 : 0.1989    map@4 : 0.2042    map@5 : 0.2087    map@10 : 0.2263    map@20 : 0.239    map@30 : 0.2448    map@50 : 0.2498
Mon 16 Mar 2026 13:04:32 INFO  Running E-step ! 
Mon 16 Mar 2026 13:04:32 INFO  epoch 15 training [time: 0.18s, train_loss1: 3.4811, train_loss2: 0.0000, train_loss3: 0.0115]
Mon 16 Mar 2026 13:04:32 INFO  epoch 15 evaluating [time: 0.24s, valid_score: 0.307000]
Mon 16 Mar 2026 13:04:32 INFO  valid result: 
recall@1 : 0.1237    recall@2 : 0.2032    recall@3 : 0.2555    recall@4 : 0.2976    recall@5 : 0.3307    recall@10 : 0.4501    recall@20 : 0.5868    recall@30 : 0.6696    recall@50 : 0.7629    ndcg@1 : 0.2002    ndcg@2 : 0.2204    ndcg@3 : 0.2387    ndcg@4 : 0.2531    ndcg@5 : 0.2647    ndcg@10 : 0.307    ndcg@20 : 0.3465    ndcg@30 : 0.3683    ndcg@50 : 0.3911    precision@1 : 0.2002    precision@2 : 0.1633    precision@3 : 0.142    precision@4 : 0.1263    precision@5 : 0.1141    precision@10 : 0.0823    precision@20 : 0.055    precision@30 : 0.0433    precision@50 : 0.0311    map@1 : 0.2002    map@2 : 0.1941    map@3 : 0.199    map@4 : 0.2042    map@5 : 0.2089    map@10 : 0.2264    map@20 : 0.239    map@30 : 0.2448    map@50 : 0.2498
Mon 16 Mar 2026 13:04:32 INFO  Running E-step ! 
Mon 16 Mar 2026 13:04:32 INFO  epoch 16 training [time: 0.19s, train_loss1: 3.4045, train_loss2: 0.0000, train_loss3: 0.0115]
Mon 16 Mar 2026 13:04:32 INFO  epoch 16 evaluating [time: 0.23s, valid_score: 0.306500]
Mon 16 Mar 2026 13:04:32 INFO  valid result: 
recall@1 : 0.1237    recall@2 : 0.2032    recall@3 : 0.256    recall@4 : 0.2978    recall@5 : 0.33    recall@10 : 0.4486    recall@20 : 0.5863    recall@30 : 0.6695    recall@50 : 0.7627    ndcg@1 : 0.2002    ndcg@2 : 0.2204    ndcg@3 : 0.2388    ndcg@4 : 0.2533    ndcg@5 : 0.2644    ndcg@10 : 0.3065    ndcg@20 : 0.3464    ndcg@30 : 0.3683    ndcg@50 : 0.3911    precision@1 : 0.2002    precision@2 : 0.1633    precision@3 : 0.142    precision@4 : 0.1263    precision@5 : 0.1138    precision@10 : 0.0821    precision@20 : 0.055    precision@30 : 0.0433    precision@50 : 0.0311    map@1 : 0.2002    map@2 : 0.1941    map@3 : 0.1991    map@4 : 0.2043    map@5 : 0.2086    map@10 : 0.2262    map@20 : 0.239    map@30 : 0.2448    map@50 : 0.2498
Mon 16 Mar 2026 13:04:32 INFO  Running E-step ! 
Mon 16 Mar 2026 13:04:33 INFO  epoch 17 training [time: 0.21s, train_loss1: 3.3683, train_loss2: 0.0000, train_loss3: 0.0115]
Mon 16 Mar 2026 13:04:33 INFO  epoch 17 evaluating [time: 0.23s, valid_score: 0.306600]
Mon 16 Mar 2026 13:04:33 INFO  valid result: 
recall@1 : 0.1237    recall@2 : 0.2035    recall@3 : 0.2558    recall@4 : 0.2978    recall@5 : 0.3298    recall@10 : 0.4486    recall@20 : 0.5862    recall@30 : 0.6711    recall@50 : 0.7629    ndcg@1 : 0.2002    ndcg@2 : 0.2206    ndcg@3 : 0.2387    ndcg@4 : 0.2533    ndcg@5 : 0.2644    ndcg@10 : 0.3066    ndcg@20 : 0.3463    ndcg@30 : 0.3687    ndcg@50 : 0.3912    precision@1 : 0.2002    precision@2 : 0.1636    precision@3 : 0.1418    precision@4 : 0.1263    precision@5 : 0.1137    precision@10 : 0.0821    precision@20 : 0.055    precision@30 : 0.0434    precision@50 : 0.0311    map@1 : 0.2002    map@2 : 0.1943    map@3 : 0.199    map@4 : 0.2043    map@5 : 0.2086    map@10 : 0.2262    map@20 : 0.239    map@30 : 0.2449    map@50 : 0.2498
Mon 16 Mar 2026 13:04:33 INFO  Running E-step ! 
Mon 16 Mar 2026 13:04:33 INFO  epoch 18 training [time: 0.20s, train_loss1: 3.3402, train_loss2: 0.0000, train_loss3: 0.0115]
Mon 16 Mar 2026 13:04:33 INFO  epoch 18 evaluating [time: 0.23s, valid_score: 0.306600]
Mon 16 Mar 2026 13:04:33 INFO  valid result: 
recall@1 : 0.1237    recall@2 : 0.2035    recall@3 : 0.2558    recall@4 : 0.2978    recall@5 : 0.3298    recall@10 : 0.4486    recall@20 : 0.5864    recall@30 : 0.6717    recall@50 : 0.7634    ndcg@1 : 0.2002    ndcg@2 : 0.2206    ndcg@3 : 0.2387    ndcg@4 : 0.2533    ndcg@5 : 0.2644    ndcg@10 : 0.3066    ndcg@20 : 0.3464    ndcg@30 : 0.3688    ndcg@50 : 0.3912    precision@1 : 0.2002    precision@2 : 0.1636    precision@3 : 0.1418    precision@4 : 0.1263    precision@5 : 0.1137    precision@10 : 0.0821    precision@20 : 0.055    precision@30 : 0.0435    precision@50 : 0.0311    map@1 : 0.2002    map@2 : 0.1943    map@3 : 0.199    map@4 : 0.2043    map@5 : 0.2086    map@10 : 0.2262    map@20 : 0.239    map@30 : 0.245    map@50 : 0.2498
Mon 16 Mar 2026 13:04:33 INFO  Finished training, best eval result in epoch 7
Mon 16 Mar 2026 13:04:33 INFO  Loading model structure and parameters from saved/SCL-Mar-16-2026_13-04-24.pth
Mon 16 Mar 2026 13:04:34 INFO  best valid : OrderedDict([('recall@1', 0.1243), ('recall@2', 0.2038), ('recall@3', 0.2565), ('recall@4', 0.2981), ('recall@5', 0.3301), ('recall@10', 0.4506), ('recall@20', 0.5876), ('recall@30', 0.6693), ('recall@50', 0.7688), ('ndcg@1', 0.2008), ('ndcg@2', 0.221), ('ndcg@3', 0.2393), ('ndcg@4', 0.2535), ('ndcg@5', 0.2648), ('ndcg@10', 0.3075), ('ndcg@20', 0.3469), ('ndcg@30', 0.3684), ('ndcg@50', 0.3926), ('precision@1', 0.2008), ('precision@2', 0.1636), ('precision@3', 0.142), ('precision@4', 0.126), ('precision@5', 0.1137), ('precision@10', 0.0823), ('precision@20', 0.0549), ('precision@30', 0.0431), ('precision@50', 0.0312), ('map@1', 0.2008), ('map@2', 0.1947), ('map@3', 0.1997), ('map@4', 0.2047), ('map@5', 0.2091), ('map@10', 0.2269), ('map@20', 0.2395), ('map@30', 0.2451), ('map@50', 0.2504)])
Mon 16 Mar 2026 13:04:34 INFO  test result: OrderedDict([('recall@1', 0.1431), ('recall@2', 0.2353), ('recall@3', 0.2821), ('recall@4', 0.3286), ('recall@5', 0.3623), ('recall@10', 0.4835), ('recall@20', 0.6073), ('recall@30', 0.7058), ('recall@50', 0.7921), ('ndcg@1', 0.2312), ('ndcg@2', 0.2558), ('ndcg@3', 0.2689), ('ndcg@4', 0.2844), ('ndcg@5', 0.296), ('ndcg@10', 0.3371), ('ndcg@20', 0.3732), ('ndcg@30', 0.398), ('ndcg@50', 0.4184), ('precision@1', 0.2312), ('precision@2', 0.1877), ('precision@3', 0.157), ('precision@4', 0.1395), ('precision@5', 0.1253), ('precision@10', 0.087), ('precision@20', 0.0572), ('precision@30', 0.0449), ('precision@50', 0.0313), ('map@1', 0.2312), ('map@2', 0.2292), ('map@3', 0.23), ('map@4', 0.2353), ('map@5', 0.2397), ('map@10', 0.2558), ('map@20', 0.2674), ('map@30', 0.2738), ('map@50', 0.2784)])
Mon 16 Mar 2026 13:04:34 INFO  training time: 8.6337s
Mon 16 Mar 2026 13:04:34 INFO  result file: results/again3/scl_wo_struct_seed2023.json
