Mon 16 Mar 2026 08:32:46 INFO  
General Hyper Parameters:
gpu_id = 0
use_gpu = True
seed = 2020
state = INFO
reproducibility = True
data_path = ./travel
checkpoint_dir = saved
show_progress = True
save_dataset = False
dataset_save_path = None
save_dataloaders = False
dataloaders_save_path = None
log_wandb = False

Training Hyper Parameters:
epochs = 1000
train_batch_size = 4096
learner = adam
learning_rate = 0.001
train_neg_sample_args = {'distribution': 'uniform', 'sample_num': 1, 'alpha': 1.0, 'dynamic': False, 'candidate_num': 0}
eval_step = 1
stopping_step = 10
clip_grad_norm = None
weight_decay = 0.0
loss_decimal_place = 4

Evaluation Hyper Parameters:
eval_args = {'split': {'RS': [0.8, 0.1, 0.1]}, 'order': 'RO', 'group_by': 'user', 'mode': {'valid': 'full', 'test': 'full'}}
repeatable = False
metrics = ['Recall', 'NDCG', 'Precision', 'MAP']
topk = [1, 2, 3, 4, 5, 10, 20, 30, 50]
valid_metric = NDCG@10
valid_metric_bigger = True
eval_batch_size = 4096
metric_decimal_place = 4

Dataset Hyper Parameters:
field_separator = 	
seq_separator =  
USER_ID_FIELD = user_id
ITEM_ID_FIELD = item_id
RATING_FIELD = rating
TIME_FIELD = timestamp
seq_len = None
LABEL_FIELD = label
threshold = None
NEG_PREFIX = neg_
load_col = {'inter': ['user_id', 'item_id', 'rating'], 'user': ['user_id', 'post_num', 'follower', 'following', 'timestamp']}
unload_col = None
unused_col = None
additional_feat_suffix = None
rm_dup_inter = None
val_interval = {'rating': '[0,inf)'}
filter_inter_by_user_or_item = True
user_inter_num_interval = [0,inf)
item_inter_num_interval = [0,inf)
alias_of_user_id = None
alias_of_item_id = None
alias_of_entity_id = None
alias_of_relation_id = None
preload_weight = None
normalize_field = None
normalize_all = None
ITEM_LIST_LENGTH_FIELD = item_length
LIST_SUFFIX = _list
MAX_ITEM_LIST_LENGTH = 50
POSITION_FIELD = position_id
HEAD_ENTITY_ID_FIELD = head_id
TAIL_ENTITY_ID_FIELD = tail_id
RELATION_ID_FIELD = relation_id
ENTITY_ID_FIELD = entity_id
benchmark_filename = None

Other Hyper Parameters: 
worker = 0
wandb_project = recbole
shuffle = True
require_pow = False
enable_amp = False
enable_scaler = False
transform = None
numerical_features = []
discretization = None
kg_reverse_r = False
entity_kg_num_interval = [0,inf)
relation_kg_num_interval = [0,inf)
MODEL_TYPE = ModelType.GENERAL
stoping_step = 10
embedding_size = 64
n_layers = 3
reg_weight = 0.0001
smt_latent_dim = 64
ssl_temp = 0.1
ssl_reg = 1e-07
hyper_layers = 1
alpha = 1
potential_reg = 8e-08
semantic_reg = 0.0
num_clusters = 10
m_step = 1
warm_up_step = 20
user_feature_path = features/roberta_user.npy
item_feature_path = features/roberta_item.npy
MODEL_INPUT_TYPE = InputType.PAIRWISE
eval_type = EvaluatorType.RANKING
single_spec = True
local_rank = 0
device = cuda
valid_neg_sample_args = {'distribution': 'uniform', 'sample_num': 'none'}
test_neg_sample_args = {'distribution': 'uniform', 'sample_num': 'none'}


Mon 16 Mar 2026 08:32:46 INFO  travel
The number of users: 2010
Average actions of users: 18.721254355400696
The number of items: 247
Average actions of items: 152.890243902439
The number of inters: 37611
The sparsity of the dataset: 92.42431566862047%
Remain Fields: ['user_id', 'item_id', 'rating', 'post_num', 'follower', 'following', 'timestamp']
Mon 16 Mar 2026 08:32:46 INFO  [Training]: train_batch_size = [4096] train_neg_sample_args: [{'distribution': 'uniform', 'sample_num': 1, 'alpha': 1.0, 'dynamic': False, 'candidate_num': 0}]
Mon 16 Mar 2026 08:32:46 INFO  [Evaluation]: eval_batch_size = [4096] eval_args: [{'split': {'RS': [0.8, 0.1, 0.1]}, 'order': 'RO', 'group_by': 'user', 'mode': {'valid': 'full', 'test': 'full'}}]
Mon 16 Mar 2026 08:32:47 INFO  SCL(
  (u_MLP): Linear(in_features=1024, out_features=64, bias=True)
  (i_MLP): Linear(in_features=1024, out_features=64, bias=True)
  (user_embedding): Embedding(2010, 64)
  (item_embedding): Embedding(247, 64)
  (mf_loss): BPRLoss()
  (reg_loss): EmbLoss()
)
Trainable parameters: 144448
Mon 16 Mar 2026 08:32:47 INFO  trainable parameters: 144448
Mon 16 Mar 2026 08:32:48 INFO  Running E-step ! 
Mon 16 Mar 2026 08:32:49 INFO  epoch 0 training [time: 0.49s, train_loss1: 5.5429, train_loss2: 0.0191, train_loss3: 0.0000]
Mon 16 Mar 2026 08:32:49 INFO  epoch 0 evaluating [time: 0.19s, valid_score: 0.027800]
Mon 16 Mar 2026 08:32:49 INFO  valid result: 
recall@1 : 0.0056    recall@2 : 0.0105    recall@3 : 0.0164    recall@4 : 0.0208    recall@5 : 0.0258    recall@10 : 0.0478    recall@20 : 0.0963    recall@30 : 0.1442    recall@50 : 0.235    ndcg@1 : 0.0143    ndcg@2 : 0.014    ndcg@3 : 0.0159    ndcg@4 : 0.0179    ndcg@5 : 0.02    ndcg@10 : 0.0278    ndcg@20 : 0.0422    ndcg@30 : 0.0549    ndcg@50 : 0.0759    precision@1 : 0.0143    precision@2 : 0.0116    precision@3 : 0.0113    precision@4 : 0.0121    precision@5 : 0.012    precision@10 : 0.0107    precision@20 : 0.011    precision@30 : 0.0112    precision@50 : 0.0112    map@1 : 0.0143    map@2 : 0.0116    map@3 : 0.0118    map@4 : 0.0122    map@5 : 0.013    map@10 : 0.0156    map@20 : 0.019    map@30 : 0.0214    map@50 : 0.0245
Mon 16 Mar 2026 08:32:49 INFO  Saving current: saved/SCL-Mar-16-2026_08-32-47.pth
Mon 16 Mar 2026 08:32:49 INFO  Saving current best: saved/SCL-Mar-16-2026_08-32-47.pth
Mon 16 Mar 2026 08:32:49 INFO  Running E-step ! 
Mon 16 Mar 2026 08:32:49 INFO  epoch 1 training [time: 0.18s, train_loss1: 5.5427, train_loss2: 0.0149, train_loss3: 0.0000]
Mon 16 Mar 2026 08:32:49 INFO  epoch 1 evaluating [time: 0.15s, valid_score: 0.028800]
Mon 16 Mar 2026 08:32:49 INFO  valid result: 
recall@1 : 0.0055    recall@2 : 0.0112    recall@3 : 0.0169    recall@4 : 0.0221    recall@5 : 0.0285    recall@10 : 0.0498    recall@20 : 0.0981    recall@30 : 0.1417    recall@50 : 0.2347    ndcg@1 : 0.0137    ndcg@2 : 0.0143    ndcg@3 : 0.0162    ndcg@4 : 0.0185    ndcg@5 : 0.0213    ndcg@10 : 0.0288    ndcg@20 : 0.0431    ndcg@30 : 0.0546    ndcg@50 : 0.0762    precision@1 : 0.0137    precision@2 : 0.0119    precision@3 : 0.0117    precision@4 : 0.0122    precision@5 : 0.0129    precision@10 : 0.0112    precision@20 : 0.0111    precision@30 : 0.011    precision@50 : 0.0112    map@1 : 0.0137    map@2 : 0.0118    map@3 : 0.012    map@4 : 0.0126    map@5 : 0.0136    map@10 : 0.0161    map@20 : 0.0195    map@30 : 0.0217    map@50 : 0.0248
Mon 16 Mar 2026 08:32:49 INFO  Saving current: saved/SCL-Mar-16-2026_08-32-47.pth
Mon 16 Mar 2026 08:32:49 INFO  Saving current best: saved/SCL-Mar-16-2026_08-32-47.pth
Mon 16 Mar 2026 08:32:49 INFO  Running E-step ! 
Mon 16 Mar 2026 08:32:49 INFO  epoch 2 training [time: 0.19s, train_loss1: 5.5421, train_loss2: 0.0131, train_loss3: 0.0000]
Mon 16 Mar 2026 08:32:49 INFO  epoch 2 evaluating [time: 0.15s, valid_score: 0.030100]
Mon 16 Mar 2026 08:32:49 INFO  valid result: 
recall@1 : 0.0053    recall@2 : 0.0125    recall@3 : 0.0186    recall@4 : 0.0239    recall@5 : 0.0319    recall@10 : 0.0514    recall@20 : 0.1035    recall@30 : 0.1475    recall@50 : 0.2388    ndcg@1 : 0.0137    ndcg@2 : 0.0155    ndcg@3 : 0.0176    ndcg@4 : 0.0197    ndcg@5 : 0.0233    ndcg@10 : 0.0301    ndcg@20 : 0.0453    ndcg@30 : 0.0569    ndcg@50 : 0.0779    precision@1 : 0.0137    precision@2 : 0.0131    precision@3 : 0.0127    precision@4 : 0.013    precision@5 : 0.0141    precision@10 : 0.0118    precision@20 : 0.0117    precision@30 : 0.0114    precision@50 : 0.0113    map@1 : 0.0137    map@2 : 0.0127    map@3 : 0.0129    map@4 : 0.0134    map@5 : 0.0148    map@10 : 0.0169    map@20 : 0.0205    map@30 : 0.0227    map@50 : 0.0258
Mon 16 Mar 2026 08:32:49 INFO  Saving current: saved/SCL-Mar-16-2026_08-32-47.pth
Mon 16 Mar 2026 08:32:49 INFO  Saving current best: saved/SCL-Mar-16-2026_08-32-47.pth
Mon 16 Mar 2026 08:32:49 INFO  Running E-step ! 
Mon 16 Mar 2026 08:32:50 INFO  epoch 3 training [time: 0.18s, train_loss1: 5.5415, train_loss2: 0.0115, train_loss3: 0.0000]
Mon 16 Mar 2026 08:32:50 INFO  epoch 3 evaluating [time: 0.15s, valid_score: 0.032500]
Mon 16 Mar 2026 08:32:50 INFO  valid result: 
recall@1 : 0.0063    recall@2 : 0.0137    recall@3 : 0.0198    recall@4 : 0.0256    recall@5 : 0.0333    recall@10 : 0.0556    recall@20 : 0.1044    recall@30 : 0.1503    recall@50 : 0.2389    ndcg@1 : 0.0137    ndcg@2 : 0.0169    ndcg@3 : 0.0189    ndcg@4 : 0.021    ndcg@5 : 0.0244    ndcg@10 : 0.0325    ndcg@20 : 0.047    ndcg@30 : 0.0591    ndcg@50 : 0.0794    precision@1 : 0.0137    precision@2 : 0.0146    precision@3 : 0.0135    precision@4 : 0.0133    precision@5 : 0.0142    precision@10 : 0.0127    precision@20 : 0.0122    precision@30 : 0.0119    precision@50 : 0.0113    map@1 : 0.0137    map@2 : 0.0139    map@3 : 0.0141    map@4 : 0.0147    map@5 : 0.0159    map@10 : 0.0186    map@20 : 0.022    map@30 : 0.0243    map@50 : 0.0273
Mon 16 Mar 2026 08:32:50 INFO  Saving current: saved/SCL-Mar-16-2026_08-32-47.pth
Mon 16 Mar 2026 08:32:50 INFO  Saving current best: saved/SCL-Mar-16-2026_08-32-47.pth
Mon 16 Mar 2026 08:32:50 INFO  Running E-step ! 
Mon 16 Mar 2026 08:32:50 INFO  epoch 4 training [time: 0.18s, train_loss1: 5.5409, train_loss2: 0.0102, train_loss3: 0.0000]
Mon 16 Mar 2026 08:32:50 INFO  epoch 4 evaluating [time: 0.14s, valid_score: 0.034800]
Mon 16 Mar 2026 08:32:50 INFO  valid result: 
recall@1 : 0.0062    recall@2 : 0.016    recall@3 : 0.0227    recall@4 : 0.0291    recall@5 : 0.0349    recall@10 : 0.0591    recall@20 : 0.1085    recall@30 : 0.1526    recall@50 : 0.2436    ndcg@1 : 0.0155    ndcg@2 : 0.0199    ndcg@3 : 0.0214    ndcg@4 : 0.024    ndcg@5 : 0.0261    ndcg@10 : 0.0348    ndcg@20 : 0.0494    ndcg@30 : 0.0612    ndcg@50 : 0.0819    precision@1 : 0.0155    precision@2 : 0.0179    precision@3 : 0.0153    precision@4 : 0.0153    precision@5 : 0.0147    precision@10 : 0.0133    precision@20 : 0.0124    precision@30 : 0.0121    precision@50 : 0.0115    map@1 : 0.0155    map@2 : 0.0161    map@3 : 0.0158    map@4 : 0.0165    map@5 : 0.0172    map@10 : 0.0199    map@20 : 0.0234    map@30 : 0.0256    map@50 : 0.0287
Mon 16 Mar 2026 08:32:50 INFO  Saving current: saved/SCL-Mar-16-2026_08-32-47.pth
Mon 16 Mar 2026 08:32:50 INFO  Saving current best: saved/SCL-Mar-16-2026_08-32-47.pth
Mon 16 Mar 2026 08:32:50 INFO  Running E-step ! 
Mon 16 Mar 2026 08:32:50 INFO  epoch 5 training [time: 0.17s, train_loss1: 5.5401, train_loss2: 0.0091, train_loss3: 0.0000]
Mon 16 Mar 2026 08:32:51 INFO  epoch 5 evaluating [time: 0.15s, valid_score: 0.035800]
Mon 16 Mar 2026 08:32:51 INFO  valid result: 
recall@1 : 0.0062    recall@2 : 0.0149    recall@3 : 0.0217    recall@4 : 0.0303    recall@5 : 0.0369    recall@10 : 0.0611    recall@20 : 0.1127    recall@30 : 0.1535    recall@50 : 0.239    ndcg@1 : 0.0155    ndcg@2 : 0.0194    ndcg@3 : 0.0212    ndcg@4 : 0.0247    ndcg@5 : 0.0275    ndcg@10 : 0.0358    ndcg@20 : 0.051    ndcg@30 : 0.0621    ndcg@50 : 0.0819    precision@1 : 0.0155    precision@2 : 0.0176    precision@3 : 0.0157    precision@4 : 0.0164    precision@5 : 0.0163    precision@10 : 0.0139    precision@20 : 0.013    precision@30 : 0.0124    precision@50 : 0.0116    map@1 : 0.0155    map@2 : 0.0156    map@3 : 0.0156    map@4 : 0.0168    map@5 : 0.0177    map@10 : 0.0203    map@20 : 0.0239    map@30 : 0.026    map@50 : 0.029
Mon 16 Mar 2026 08:32:51 INFO  Saving current: saved/SCL-Mar-16-2026_08-32-47.pth
Mon 16 Mar 2026 08:32:51 INFO  Saving current best: saved/SCL-Mar-16-2026_08-32-47.pth
Mon 16 Mar 2026 08:32:51 INFO  Running E-step ! 
Mon 16 Mar 2026 08:32:51 INFO  epoch 6 training [time: 0.18s, train_loss1: 5.5393, train_loss2: 0.0082, train_loss3: 0.0000]
Mon 16 Mar 2026 08:32:51 INFO  epoch 6 evaluating [time: 0.14s, valid_score: 0.040100]
Mon 16 Mar 2026 08:32:51 INFO  valid result: 
recall@1 : 0.0076    recall@2 : 0.0167    recall@3 : 0.0267    recall@4 : 0.0328    recall@5 : 0.0398    recall@10 : 0.0687    recall@20 : 0.1152    recall@30 : 0.1584    recall@50 : 0.2485    ndcg@1 : 0.0179    ndcg@2 : 0.0213    ndcg@3 : 0.0252    ndcg@4 : 0.0276    ndcg@5 : 0.0301    ndcg@10 : 0.0401    ndcg@20 : 0.0542    ndcg@30 : 0.0658    ndcg@50 : 0.0865    precision@1 : 0.0179    precision@2 : 0.0188    precision@3 : 0.0189    precision@4 : 0.0179    precision@5 : 0.017    precision@10 : 0.0154    precision@20 : 0.0136    precision@30 : 0.0128    precision@50 : 0.012    map@1 : 0.0179    map@2 : 0.0176    map@3 : 0.0186    map@4 : 0.0193    map@5 : 0.0201    map@10 : 0.0231    map@20 : 0.0264    map@30 : 0.0286    map@50 : 0.0318
Mon 16 Mar 2026 08:32:51 INFO  Saving current: saved/SCL-Mar-16-2026_08-32-47.pth
Mon 16 Mar 2026 08:32:51 INFO  Saving current best: saved/SCL-Mar-16-2026_08-32-47.pth
Mon 16 Mar 2026 08:32:51 INFO  Running E-step ! 
Mon 16 Mar 2026 08:32:51 INFO  epoch 7 training [time: 0.18s, train_loss1: 5.5382, train_loss2: 0.0074, train_loss3: 0.0000]
Mon 16 Mar 2026 08:32:51 INFO  epoch 7 evaluating [time: 0.15s, valid_score: 0.043100]
Mon 16 Mar 2026 08:32:51 INFO  valid result: 
recall@1 : 0.0102    recall@2 : 0.0213    recall@3 : 0.0274    recall@4 : 0.0338    recall@5 : 0.0409    recall@10 : 0.0707    recall@20 : 0.1181    recall@30 : 0.1682    recall@50 : 0.2573    ndcg@1 : 0.0221    ndcg@2 : 0.026    ndcg@3 : 0.0277    ndcg@4 : 0.03    ndcg@5 : 0.0327    ndcg@10 : 0.0431    ndcg@20 : 0.0576    ndcg@30 : 0.0706    ndcg@50 : 0.0913    precision@1 : 0.0221    precision@2 : 0.0223    precision@3 : 0.0197    precision@4 : 0.0185    precision@5 : 0.0179    precision@10 : 0.0159    precision@20 : 0.0142    precision@30 : 0.0134    precision@50 : 0.0124    map@1 : 0.0221    map@2 : 0.0219    map@3 : 0.0213    map@4 : 0.0219    map@5 : 0.0228    map@10 : 0.0259    map@20 : 0.0294    map@30 : 0.0319    map@50 : 0.0351
Mon 16 Mar 2026 08:32:51 INFO  Saving current: saved/SCL-Mar-16-2026_08-32-47.pth
Mon 16 Mar 2026 08:32:51 INFO  Saving current best: saved/SCL-Mar-16-2026_08-32-47.pth
Mon 16 Mar 2026 08:32:51 INFO  Running E-step ! 
Mon 16 Mar 2026 08:32:51 INFO  epoch 8 training [time: 0.17s, train_loss1: 5.5368, train_loss2: 0.0069, train_loss3: 0.0000]
Mon 16 Mar 2026 08:32:52 INFO  epoch 8 evaluating [time: 0.15s, valid_score: 0.047600]
Mon 16 Mar 2026 08:32:52 INFO  valid result: 
recall@1 : 0.014    recall@2 : 0.0231    recall@3 : 0.0302    recall@4 : 0.0388    recall@5 : 0.0467    recall@10 : 0.0755    recall@20 : 0.1283    recall@30 : 0.1719    recall@50 : 0.266    ndcg@1 : 0.028    ndcg@2 : 0.0299    ndcg@3 : 0.0316    ndcg@4 : 0.0349    ndcg@5 : 0.0377    ndcg@10 : 0.0476    ndcg@20 : 0.0639    ndcg@30 : 0.0754    ndcg@50 : 0.0973    precision@1 : 0.028    precision@2 : 0.025    precision@3 : 0.0219    precision@4 : 0.021    precision@5 : 0.0199    precision@10 : 0.0167    precision@20 : 0.0154    precision@30 : 0.014    precision@50 : 0.013    map@1 : 0.028    map@2 : 0.0258    map@3 : 0.0248    map@4 : 0.0259    map@5 : 0.0269    map@10 : 0.0297    map@20 : 0.0336    map@30 : 0.0359    map@50 : 0.0393
Mon 16 Mar 2026 08:32:52 INFO  Saving current: saved/SCL-Mar-16-2026_08-32-47.pth
Mon 16 Mar 2026 08:32:52 INFO  Saving current best: saved/SCL-Mar-16-2026_08-32-47.pth
Mon 16 Mar 2026 08:32:52 INFO  Running E-step ! 
Mon 16 Mar 2026 08:32:52 INFO  epoch 9 training [time: 0.20s, train_loss1: 5.5353, train_loss2: 0.0064, train_loss3: 0.0000]
Mon 16 Mar 2026 08:32:52 INFO  epoch 9 evaluating [time: 0.15s, valid_score: 0.052900]
Mon 16 Mar 2026 08:32:52 INFO  valid result: 
recall@1 : 0.0148    recall@2 : 0.0256    recall@3 : 0.0331    recall@4 : 0.0437    recall@5 : 0.052    recall@10 : 0.0844    recall@20 : 0.1367    recall@30 : 0.181    recall@50 : 0.2786    ndcg@1 : 0.0304    ndcg@2 : 0.0328    ndcg@3 : 0.0344    ndcg@4 : 0.0384    ndcg@5 : 0.0418    ndcg@10 : 0.0529    ndcg@20 : 0.069    ndcg@30 : 0.081    ndcg@50 : 0.1036    precision@1 : 0.0304    precision@2 : 0.0274    precision@3 : 0.0236    precision@4 : 0.0231    precision@5 : 0.0225    precision@10 : 0.0192    precision@20 : 0.0165    precision@30 : 0.0149    precision@50 : 0.0137    map@1 : 0.0304    map@2 : 0.0282    map@3 : 0.0272    map@4 : 0.0286    map@5 : 0.0298    map@10 : 0.0329    map@20 : 0.0367    map@30 : 0.0393    map@50 : 0.0429
Mon 16 Mar 2026 08:32:52 INFO  Saving current: saved/SCL-Mar-16-2026_08-32-47.pth
Mon 16 Mar 2026 08:32:52 INFO  Saving current best: saved/SCL-Mar-16-2026_08-32-47.pth
Mon 16 Mar 2026 08:32:52 INFO  Running E-step ! 
Mon 16 Mar 2026 08:32:52 INFO  epoch 10 training [time: 0.16s, train_loss1: 5.5334, train_loss2: 0.0061, train_loss3: 0.0000]
Mon 16 Mar 2026 08:32:52 INFO  epoch 10 evaluating [time: 0.15s, valid_score: 0.060700]
Mon 16 Mar 2026 08:32:52 INFO  valid result: 
recall@1 : 0.0179    recall@2 : 0.0296    recall@3 : 0.0404    recall@4 : 0.0495    recall@5 : 0.0557    recall@10 : 0.0951    recall@20 : 0.1505    recall@30 : 0.1979    recall@50 : 0.2876    ndcg@1 : 0.0352    ndcg@2 : 0.0372    ndcg@3 : 0.0409    ndcg@4 : 0.0445    ndcg@5 : 0.0467    ndcg@10 : 0.0607    ndcg@20 : 0.0774    ndcg@30 : 0.0902    ndcg@50 : 0.1114    precision@1 : 0.0352    precision@2 : 0.0304    precision@3 : 0.0282    precision@4 : 0.0267    precision@5 : 0.0248    precision@10 : 0.022    precision@20 : 0.018    precision@30 : 0.0162    precision@50 : 0.0143    map@1 : 0.0352    map@2 : 0.0322    map@3 : 0.0323    map@4 : 0.0334    map@5 : 0.0339    map@10 : 0.0382    map@20 : 0.0424    map@30 : 0.0451    map@50 : 0.0486
Mon 16 Mar 2026 08:32:52 INFO  Saving current: saved/SCL-Mar-16-2026_08-32-47.pth
Mon 16 Mar 2026 08:32:52 INFO  Saving current best: saved/SCL-Mar-16-2026_08-32-47.pth
Mon 16 Mar 2026 08:32:52 INFO  Running E-step ! 
Mon 16 Mar 2026 08:32:52 INFO  epoch 11 training [time: 0.16s, train_loss1: 5.5311, train_loss2: 0.0060, train_loss3: 0.0000]
Mon 16 Mar 2026 08:32:53 INFO  epoch 11 evaluating [time: 0.14s, valid_score: 0.067900]
Mon 16 Mar 2026 08:32:53 INFO  valid result: 
recall@1 : 0.0188    recall@2 : 0.0342    recall@3 : 0.0442    recall@4 : 0.0551    recall@5 : 0.0647    recall@10 : 0.1057    recall@20 : 0.1645    recall@30 : 0.2168    recall@50 : 0.3066    ndcg@1 : 0.0393    ndcg@2 : 0.0424    ndcg@3 : 0.0452    ndcg@4 : 0.0495    ndcg@5 : 0.0533    ndcg@10 : 0.0679    ndcg@20 : 0.0857    ndcg@30 : 0.0997    ndcg@50 : 0.1209    precision@1 : 0.0393    precision@2 : 0.0355    precision@3 : 0.0314    precision@4 : 0.0301    precision@5 : 0.0293    precision@10 : 0.0248    precision@20 : 0.0198    precision@30 : 0.0178    precision@50 : 0.0152    map@1 : 0.0393    map@2 : 0.0361    map@3 : 0.0354    map@4 : 0.0367    map@5 : 0.038    map@10 : 0.0426    map@20 : 0.0473    map@30 : 0.0503    map@50 : 0.0539
Mon 16 Mar 2026 08:32:53 INFO  Saving current: saved/SCL-Mar-16-2026_08-32-47.pth
Mon 16 Mar 2026 08:32:53 INFO  Saving current best: saved/SCL-Mar-16-2026_08-32-47.pth
Mon 16 Mar 2026 08:32:53 INFO  Running E-step ! 
Mon 16 Mar 2026 08:32:53 INFO  epoch 12 training [time: 0.15s, train_loss1: 5.5283, train_loss2: 0.0060, train_loss3: 0.0000]
Mon 16 Mar 2026 08:32:53 INFO  epoch 12 evaluating [time: 0.14s, valid_score: 0.078700]
Mon 16 Mar 2026 08:32:53 INFO  valid result: 
recall@1 : 0.0219    recall@2 : 0.04    recall@3 : 0.0544    recall@4 : 0.0671    recall@5 : 0.0784    recall@10 : 0.1194    recall@20 : 0.1837    recall@30 : 0.2355    recall@50 : 0.3336    ndcg@1 : 0.0477    ndcg@2 : 0.0503    ndcg@3 : 0.0548    ndcg@4 : 0.0594    ndcg@5 : 0.064    ndcg@10 : 0.0787    ndcg@20 : 0.0985    ndcg@30 : 0.1125    ndcg@50 : 0.1352    precision@1 : 0.0477    precision@2 : 0.042    precision@3 : 0.0385    precision@4 : 0.0361    precision@5 : 0.0354    precision@10 : 0.0284    precision@20 : 0.0225    precision@30 : 0.0196    precision@50 : 0.0165    map@1 : 0.0477    map@2 : 0.0423    map@3 : 0.0427    map@4 : 0.0441    map@5 : 0.0456    map@10 : 0.0502    map@20 : 0.0558    map@30 : 0.0589    map@50 : 0.0629
Mon 16 Mar 2026 08:32:53 INFO  Saving current: saved/SCL-Mar-16-2026_08-32-47.pth
Mon 16 Mar 2026 08:32:53 INFO  Saving current best: saved/SCL-Mar-16-2026_08-32-47.pth
Mon 16 Mar 2026 08:32:53 INFO  Running E-step ! 
Mon 16 Mar 2026 08:32:53 INFO  epoch 13 training [time: 0.17s, train_loss1: 5.5244, train_loss2: 0.0063, train_loss3: 0.0000]
Mon 16 Mar 2026 08:32:53 INFO  epoch 13 evaluating [time: 0.15s, valid_score: 0.096500]
Mon 16 Mar 2026 08:32:53 INFO  valid result: 
recall@1 : 0.0299    recall@2 : 0.0482    recall@3 : 0.0678    recall@4 : 0.0852    recall@5 : 0.0981    recall@10 : 0.1436    recall@20 : 0.2104    recall@30 : 0.2644    recall@50 : 0.3591    ndcg@1 : 0.0638    ndcg@2 : 0.0628    ndcg@3 : 0.0691    ndcg@4 : 0.0755    ndcg@5 : 0.0803    ndcg@10 : 0.0965    ndcg@20 : 0.117    ndcg@30 : 0.1315    ndcg@50 : 0.1538    precision@1 : 0.0638    precision@2 : 0.0515    precision@3 : 0.0483    precision@4 : 0.046    precision@5 : 0.0435    precision@10 : 0.0338    precision@20 : 0.0255    precision@30 : 0.0218    precision@50 : 0.0179    map@1 : 0.0638    map@2 : 0.0539    map@3 : 0.0545    map@4 : 0.0562    map@5 : 0.0579    map@10 : 0.0632    map@20 : 0.0692    map@30 : 0.0726    map@50 : 0.0766
Mon 16 Mar 2026 08:32:53 INFO  Saving current: saved/SCL-Mar-16-2026_08-32-47.pth
Mon 16 Mar 2026 08:32:53 INFO  Saving current best: saved/SCL-Mar-16-2026_08-32-47.pth
Mon 16 Mar 2026 08:32:53 INFO  Running E-step ! 
Mon 16 Mar 2026 08:32:53 INFO  epoch 14 training [time: 0.17s, train_loss1: 5.5194, train_loss2: 0.0070, train_loss3: 0.0000]
Mon 16 Mar 2026 08:32:54 INFO  epoch 14 evaluating [time: 0.15s, valid_score: 0.115000]
Mon 16 Mar 2026 08:32:54 INFO  valid result: 
recall@1 : 0.0359    recall@2 : 0.0621    recall@3 : 0.0805    recall@4 : 0.0989    recall@5 : 0.1163    recall@10 : 0.1693    recall@20 : 0.2478    recall@30 : 0.3048    recall@50 : 0.3984    ndcg@1 : 0.0727    ndcg@2 : 0.0779    ndcg@3 : 0.0823    ndcg@4 : 0.0889    ndcg@5 : 0.0954    ndcg@10 : 0.115    ndcg@20 : 0.1387    ndcg@30 : 0.1539    ndcg@50 : 0.1762    precision@1 : 0.0727    precision@2 : 0.0653    precision@3 : 0.057    precision@4 : 0.0541    precision@5 : 0.0513    precision@10 : 0.0398    precision@20 : 0.0299    precision@30 : 0.0249    precision@50 : 0.0198    map@1 : 0.0727    map@2 : 0.0663    map@3 : 0.0655    map@4 : 0.067    map@5 : 0.0695    map@10 : 0.0768    map@20 : 0.0839    map@30 : 0.0876    map@50 : 0.0918
Mon 16 Mar 2026 08:32:54 INFO  Saving current: saved/SCL-Mar-16-2026_08-32-47.pth
Mon 16 Mar 2026 08:32:54 INFO  Saving current best: saved/SCL-Mar-16-2026_08-32-47.pth
Mon 16 Mar 2026 08:32:54 INFO  Running E-step ! 
Mon 16 Mar 2026 08:32:54 INFO  epoch 15 training [time: 0.17s, train_loss1: 5.5125, train_loss2: 0.0083, train_loss3: 0.0000]
Mon 16 Mar 2026 08:32:54 INFO  epoch 15 evaluating [time: 0.15s, valid_score: 0.137200]
Mon 16 Mar 2026 08:32:54 INFO  valid result: 
recall@1 : 0.0431    recall@2 : 0.0747    recall@3 : 0.1034    recall@4 : 0.1239    recall@5 : 0.1397    recall@10 : 0.1996    recall@20 : 0.2908    recall@30 : 0.3576    recall@50 : 0.4512    ndcg@1 : 0.0864    ndcg@2 : 0.0931    ndcg@3 : 0.1026    ndcg@4 : 0.1091    ndcg@5 : 0.1144    ndcg@10 : 0.1372    ndcg@20 : 0.1648    ndcg@30 : 0.1827    ndcg@50 : 0.2049    precision@1 : 0.0864    precision@2 : 0.0781    precision@3 : 0.0727    precision@4 : 0.0662    precision@5 : 0.06    precision@10 : 0.0467    precision@20 : 0.0347    precision@30 : 0.0289    precision@50 : 0.0222    map@1 : 0.0864    map@2 : 0.0796    map@3 : 0.081    map@4 : 0.0822    map@5 : 0.0842    map@10 : 0.0935    map@20 : 0.1019    map@30 : 0.1066    map@50 : 0.111
Mon 16 Mar 2026 08:32:54 INFO  Saving current: saved/SCL-Mar-16-2026_08-32-47.pth
Mon 16 Mar 2026 08:32:54 INFO  Saving current best: saved/SCL-Mar-16-2026_08-32-47.pth
Mon 16 Mar 2026 08:32:54 INFO  Running E-step ! 
Mon 16 Mar 2026 08:32:54 INFO  epoch 16 training [time: 0.18s, train_loss1: 5.5021, train_loss2: 0.0103, train_loss3: 0.0000]
Mon 16 Mar 2026 08:32:54 INFO  epoch 16 evaluating [time: 0.15s, valid_score: 0.167900]
Mon 16 Mar 2026 08:32:54 INFO  valid result: 
recall@1 : 0.0534    recall@2 : 0.09    recall@3 : 0.122    recall@4 : 0.1462    recall@5 : 0.1692    recall@10 : 0.2479    recall@20 : 0.3522    recall@30 : 0.42    recall@50 : 0.5169    ndcg@1 : 0.1043    ndcg@2 : 0.113    ndcg@3 : 0.1228    ndcg@4 : 0.1305    ndcg@5 : 0.1391    ndcg@10 : 0.1679    ndcg@20 : 0.1993    ndcg@30 : 0.2175    ndcg@50 : 0.2401    precision@1 : 0.1043    precision@2 : 0.0948    precision@3 : 0.087    precision@4 : 0.0793    precision@5 : 0.074    precision@10 : 0.0572    precision@20 : 0.0411    precision@30 : 0.0333    precision@50 : 0.0247    map@1 : 0.1043    map@2 : 0.097    map@3 : 0.098    map@4 : 0.0997    map@5 : 0.1033    map@10 : 0.115    map@20 : 0.1251    map@30 : 0.1301    map@50 : 0.1347
Mon 16 Mar 2026 08:32:54 INFO  Saving current: saved/SCL-Mar-16-2026_08-32-47.pth
Mon 16 Mar 2026 08:32:54 INFO  Saving current best: saved/SCL-Mar-16-2026_08-32-47.pth
Mon 16 Mar 2026 08:32:54 INFO  Running E-step ! 
Mon 16 Mar 2026 08:32:54 INFO  epoch 17 training [time: 0.18s, train_loss1: 5.4858, train_loss2: 0.0137, train_loss3: 0.0000]
Mon 16 Mar 2026 08:32:55 INFO  epoch 17 evaluating [time: 0.14s, valid_score: 0.207700]
Mon 16 Mar 2026 08:32:55 INFO  valid result: 
recall@1 : 0.0663    recall@2 : 0.1135    recall@3 : 0.1518    recall@4 : 0.1819    recall@5 : 0.2134    recall@10 : 0.3098    recall@20 : 0.4201    recall@30 : 0.4971    recall@50 : 0.6036    ndcg@1 : 0.1335    ndcg@2 : 0.1401    ndcg@3 : 0.1517    ndcg@4 : 0.1612    ndcg@5 : 0.1728    ndcg@10 : 0.2077    ndcg@20 : 0.2416    ndcg@30 : 0.2621    ndcg@50 : 0.2863    precision@1 : 0.1335    precision@2 : 0.1153    precision@3 : 0.1057    precision@4 : 0.0956    precision@5 : 0.0899    precision@10 : 0.0678    precision@20 : 0.0478    precision@30 : 0.0384    precision@50 : 0.0278    map@1 : 0.1335    map@2 : 0.1207    map@3 : 0.1217    map@4 : 0.1241    map@5 : 0.1289    map@10 : 0.144    map@20 : 0.1555    map@30 : 0.1612    map@50 : 0.1662
Mon 16 Mar 2026 08:32:55 INFO  Saving current: saved/SCL-Mar-16-2026_08-32-47.pth
Mon 16 Mar 2026 08:32:55 INFO  Saving current best: saved/SCL-Mar-16-2026_08-32-47.pth
Mon 16 Mar 2026 08:32:55 INFO  Running E-step ! 
Mon 16 Mar 2026 08:32:55 INFO  epoch 18 training [time: 0.20s, train_loss1: 5.4589, train_loss2: 0.0188, train_loss3: 0.0000]
Mon 16 Mar 2026 08:32:55 INFO  epoch 18 evaluating [time: 0.15s, valid_score: 0.249800]
Mon 16 Mar 2026 08:32:55 INFO  valid result: 
recall@1 : 0.079    recall@2 : 0.1361    recall@3 : 0.1845    recall@4 : 0.2197    recall@5 : 0.2584    recall@10 : 0.3866    recall@20 : 0.5092    recall@30 : 0.5836    recall@50 : 0.6745    ndcg@1 : 0.1478    ndcg@2 : 0.16    ndcg@3 : 0.1769    ndcg@4 : 0.1894    ndcg@5 : 0.2042    ndcg@10 : 0.2498    ndcg@20 : 0.2869    ndcg@30 : 0.3067    ndcg@50 : 0.328    precision@1 : 0.1478    precision@2 : 0.1281    precision@3 : 0.1196    precision@4 : 0.1094    precision@5 : 0.1033    precision@10 : 0.0794    precision@20 : 0.0544    precision@30 : 0.0426    precision@50 : 0.03    map@1 : 0.1478    map@2 : 0.1389    map@3 : 0.143    map@4 : 0.1475    map@5 : 0.1544    map@10 : 0.1741    map@20 : 0.1866    map@30 : 0.1923    map@50 : 0.197
Mon 16 Mar 2026 08:32:55 INFO  Saving current: saved/SCL-Mar-16-2026_08-32-47.pth
Mon 16 Mar 2026 08:32:55 INFO  Saving current best: saved/SCL-Mar-16-2026_08-32-47.pth
Mon 16 Mar 2026 08:32:55 INFO  Running E-step ! 
Mon 16 Mar 2026 08:32:55 INFO  epoch 19 training [time: 0.17s, train_loss1: 5.4058, train_loss2: 0.0266, train_loss3: 0.0000]
Mon 16 Mar 2026 08:32:55 INFO  epoch 19 evaluating [time: 0.15s, valid_score: 0.288300]
Mon 16 Mar 2026 08:32:55 INFO  valid result: 
recall@1 : 0.108    recall@2 : 0.1736    recall@3 : 0.2208    recall@4 : 0.2579    recall@5 : 0.2955    recall@10 : 0.4397    recall@20 : 0.5809    recall@30 : 0.6509    recall@50 : 0.7265    ndcg@1 : 0.1818    ndcg@2 : 0.1964    ndcg@3 : 0.2112    ndcg@4 : 0.2238    ndcg@5 : 0.2373    ndcg@10 : 0.2883    ndcg@20 : 0.3319    ndcg@30 : 0.3507    ndcg@50 : 0.3687    precision@1 : 0.1818    precision@2 : 0.149    precision@3 : 0.1305    precision@4 : 0.117    precision@5 : 0.1072    precision@10 : 0.0834    precision@20 : 0.0587    precision@30 : 0.0452    precision@50 : 0.0312    map@1 : 0.1818    map@2 : 0.174    map@3 : 0.176    map@4 : 0.18    map@5 : 0.1858    map@10 : 0.2066    map@20 : 0.2222    map@30 : 0.2277    map@50 : 0.2319
Mon 16 Mar 2026 08:32:55 INFO  Saving current: saved/SCL-Mar-16-2026_08-32-47.pth
Mon 16 Mar 2026 08:32:55 INFO  Saving current best: saved/SCL-Mar-16-2026_08-32-47.pth
Mon 16 Mar 2026 08:32:55 INFO  Running E-step ! 
Mon 16 Mar 2026 08:32:55 INFO  epoch 20 training [time: 0.17s, train_loss1: 5.2914, train_loss2: 0.0328, train_loss3: 0.0000, train_loss4: 0.0032]
Mon 16 Mar 2026 08:32:56 INFO  epoch 20 evaluating [time: 0.15s, valid_score: 0.301000]
Mon 16 Mar 2026 08:32:56 INFO  valid result: 
recall@1 : 0.1129    recall@2 : 0.1966    recall@3 : 0.2508    recall@4 : 0.293    recall@5 : 0.3254    recall@10 : 0.4493    recall@20 : 0.61    recall@30 : 0.6715    recall@50 : 0.7469    ndcg@1 : 0.1877    ndcg@2 : 0.2124    ndcg@3 : 0.231    ndcg@4 : 0.2458    ndcg@5 : 0.2572    ndcg@10 : 0.301    ndcg@20 : 0.3495    ndcg@30 : 0.3662    ndcg@50 : 0.3846    precision@1 : 0.1877    precision@2 : 0.1597    precision@3 : 0.1406    precision@4 : 0.1259    precision@5 : 0.1132    precision@10 : 0.0819    precision@20 : 0.0594    precision@30 : 0.0452    precision@50 : 0.0314    map@1 : 0.1877    map@2 : 0.1867    map@3 : 0.1917    map@4 : 0.1969    map@5 : 0.2012    map@10 : 0.2194    map@20 : 0.2359    map@30 : 0.2408    map@50 : 0.2452
Mon 16 Mar 2026 08:32:56 INFO  Saving current: saved/SCL-Mar-16-2026_08-32-47.pth
Mon 16 Mar 2026 08:32:56 INFO  Saving current best: saved/SCL-Mar-16-2026_08-32-47.pth
Mon 16 Mar 2026 08:32:56 INFO  Running E-step ! 
Mon 16 Mar 2026 08:32:56 INFO  epoch 21 training [time: 0.18s, train_loss1: 5.0870, train_loss2: 0.0356, train_loss3: 0.0000, train_loss4: 0.0040]
Mon 16 Mar 2026 08:32:56 INFO  epoch 21 evaluating [time: 0.15s, valid_score: 0.306200]
Mon 16 Mar 2026 08:32:56 INFO  valid result: 
recall@1 : 0.1086    recall@2 : 0.1966    recall@3 : 0.2644    recall@4 : 0.3047    recall@5 : 0.3413    recall@10 : 0.4645    recall@20 : 0.609    recall@30 : 0.6886    recall@50 : 0.7577    ndcg@1 : 0.1824    ndcg@2 : 0.2111    ndcg@3 : 0.2358    ndcg@4 : 0.2495    ndcg@5 : 0.263    ndcg@10 : 0.3062    ndcg@20 : 0.3495    ndcg@30 : 0.3707    ndcg@50 : 0.3877    precision@1 : 0.1824    precision@2 : 0.1606    precision@3 : 0.1444    precision@4 : 0.1274    precision@5 : 0.1163    precision@10 : 0.0829    precision@20 : 0.0581    precision@30 : 0.0454    precision@50 : 0.0313    map@1 : 0.1824    map@2 : 0.1849    map@3 : 0.1939    map@4 : 0.1985    map@5 : 0.2039    map@10 : 0.2217    map@20 : 0.2361    map@30 : 0.242    map@50 : 0.2459
Mon 16 Mar 2026 08:32:56 INFO  Saving current: saved/SCL-Mar-16-2026_08-32-47.pth
Mon 16 Mar 2026 08:32:56 INFO  Saving current best: saved/SCL-Mar-16-2026_08-32-47.pth
Mon 16 Mar 2026 08:32:56 INFO  Running E-step ! 
Mon 16 Mar 2026 08:32:56 INFO  epoch 22 training [time: 0.19s, train_loss1: 4.7920, train_loss2: 0.0366, train_loss3: 0.0000, train_loss4: 0.0048]
Mon 16 Mar 2026 08:32:56 INFO  epoch 22 evaluating [time: 0.15s, valid_score: 0.307800]
Mon 16 Mar 2026 08:32:56 INFO  valid result: 
recall@1 : 0.1079    recall@2 : 0.2    recall@3 : 0.2661    recall@4 : 0.3067    recall@5 : 0.3489    recall@10 : 0.4683    recall@20 : 0.6016    recall@30 : 0.689    recall@50 : 0.7528    ndcg@1 : 0.1812    ndcg@2 : 0.2124    ndcg@3 : 0.2362    ndcg@4 : 0.2504    ndcg@5 : 0.266    ndcg@10 : 0.3078    ndcg@20 : 0.3478    ndcg@30 : 0.371    ndcg@50 : 0.3869    precision@1 : 0.1812    precision@2 : 0.1615    precision@3 : 0.1436    precision@4 : 0.1277    precision@5 : 0.1174    precision@10 : 0.0827    precision@20 : 0.0569    precision@30 : 0.0451    precision@50 : 0.0309    map@1 : 0.1812    map@2 : 0.1856    map@3 : 0.1939    map@4 : 0.1989    map@5 : 0.2056    map@10 : 0.2228    map@20 : 0.2358    map@30 : 0.2423    map@50 : 0.2459
Mon 16 Mar 2026 08:32:56 INFO  Saving current: saved/SCL-Mar-16-2026_08-32-47.pth
Mon 16 Mar 2026 08:32:56 INFO  Saving current best: saved/SCL-Mar-16-2026_08-32-47.pth
Mon 16 Mar 2026 08:32:56 INFO  Running E-step ! 
Mon 16 Mar 2026 08:32:56 INFO  epoch 23 training [time: 0.17s, train_loss1: 4.4383, train_loss2: 0.0371, train_loss3: 0.0000, train_loss4: 0.0057]
Mon 16 Mar 2026 08:32:57 INFO  epoch 23 evaluating [time: 0.15s, valid_score: 0.306500]
Mon 16 Mar 2026 08:32:57 INFO  valid result: 
recall@1 : 0.1054    recall@2 : 0.2    recall@3 : 0.2644    recall@4 : 0.3074    recall@5 : 0.3465    recall@10 : 0.469    recall@20 : 0.5935    recall@30 : 0.6828    recall@50 : 0.7531    ndcg@1 : 0.1788    ndcg@2 : 0.2113    ndcg@3 : 0.2342    ndcg@4 : 0.2497    ndcg@5 : 0.2639    ndcg@10 : 0.3065    ndcg@20 : 0.3439    ndcg@30 : 0.3679    ndcg@50 : 0.385    precision@1 : 0.1788    precision@2 : 0.1612    precision@3 : 0.1424    precision@4 : 0.1281    precision@5 : 0.1167    precision@10 : 0.0823    precision@20 : 0.0557    precision@30 : 0.0447    precision@50 : 0.0307    map@1 : 0.1788    map@2 : 0.1843    map@3 : 0.1923    map@4 : 0.1978    map@5 : 0.2038    map@10 : 0.2211    map@20 : 0.2333    map@30 : 0.24    map@50 : 0.2438
Mon 16 Mar 2026 08:32:57 INFO  Running E-step ! 
Mon 16 Mar 2026 08:32:57 INFO  epoch 24 training [time: 0.17s, train_loss1: 4.0865, train_loss2: 0.0375, train_loss3: 0.0000, train_loss4: 0.0064]
Mon 16 Mar 2026 08:32:57 INFO  epoch 24 evaluating [time: 0.15s, valid_score: 0.305200]
Mon 16 Mar 2026 08:32:57 INFO  valid result: 
recall@1 : 0.1016    recall@2 : 0.1986    recall@3 : 0.264    recall@4 : 0.3071    recall@5 : 0.3454    recall@10 : 0.4705    recall@20 : 0.5923    recall@30 : 0.6786    recall@50 : 0.763    ndcg@1 : 0.1746    ndcg@2 : 0.2084    ndcg@3 : 0.2322    ndcg@4 : 0.2478    ndcg@5 : 0.2616    ndcg@10 : 0.3052    ndcg@20 : 0.3416    ndcg@30 : 0.3648    ndcg@50 : 0.3848    precision@1 : 0.1746    precision@2 : 0.1597    precision@3 : 0.142    precision@4 : 0.128    precision@5 : 0.1161    precision@10 : 0.0826    precision@20 : 0.0552    precision@30 : 0.0442    precision@50 : 0.0309    map@1 : 0.1746    map@2 : 0.181    map@3 : 0.1898    map@4 : 0.1955    map@5 : 0.2012    map@10 : 0.219    map@20 : 0.2308    map@30 : 0.2373    map@50 : 0.2415
Mon 16 Mar 2026 08:32:57 INFO  Running E-step ! 
Mon 16 Mar 2026 08:32:57 INFO  epoch 25 training [time: 0.18s, train_loss1: 3.7963, train_loss2: 0.0378, train_loss3: 0.0000, train_loss4: 0.0070]
Mon 16 Mar 2026 08:32:57 INFO  epoch 25 evaluating [time: 0.15s, valid_score: 0.304700]
Mon 16 Mar 2026 08:32:57 INFO  valid result: 
recall@1 : 0.101    recall@2 : 0.1991    recall@3 : 0.2636    recall@4 : 0.3056    recall@5 : 0.3446    recall@10 : 0.4701    recall@20 : 0.5921    recall@30 : 0.6728    recall@50 : 0.7679    ndcg@1 : 0.1734    ndcg@2 : 0.2082    ndcg@3 : 0.2315    ndcg@4 : 0.2469    ndcg@5 : 0.2609    ndcg@10 : 0.3047    ndcg@20 : 0.341    ndcg@30 : 0.3628    ndcg@50 : 0.385    precision@1 : 0.1734    precision@2 : 0.1597    precision@3 : 0.1414    precision@4 : 0.1275    precision@5 : 0.1159    precision@10 : 0.0826    precision@20 : 0.0551    precision@30 : 0.0438    precision@50 : 0.031    map@1 : 0.1734    map@2 : 0.1807    map@3 : 0.1892    map@4 : 0.1947    map@5 : 0.2006    map@10 : 0.2185    map@20 : 0.2303    map@30 : 0.2363    map@50 : 0.241
Mon 16 Mar 2026 08:32:57 INFO  Running E-step ! 
Mon 16 Mar 2026 08:32:58 INFO  epoch 26 training [time: 0.19s, train_loss1: 3.5826, train_loss2: 0.0381, train_loss3: 0.0000, train_loss4: 0.0073]
Mon 16 Mar 2026 08:32:58 INFO  epoch 26 evaluating [time: 0.15s, valid_score: 0.304900]
Mon 16 Mar 2026 08:32:58 INFO  valid result: 
recall@1 : 0.101    recall@2 : 0.1991    recall@3 : 0.2636    recall@4 : 0.3054    recall@5 : 0.3446    recall@10 : 0.4708    recall@20 : 0.5911    recall@30 : 0.6714    recall@50 : 0.7704    ndcg@1 : 0.1734    ndcg@2 : 0.2082    ndcg@3 : 0.2315    ndcg@4 : 0.2467    ndcg@5 : 0.2608    ndcg@10 : 0.3049    ndcg@20 : 0.3406    ndcg@30 : 0.3622    ndcg@50 : 0.3854    precision@1 : 0.1734    precision@2 : 0.1597    precision@3 : 0.1414    precision@4 : 0.1272    precision@5 : 0.1157    precision@10 : 0.0827    precision@20 : 0.0549    precision@30 : 0.0435    precision@50 : 0.031    map@1 : 0.1734    map@2 : 0.1807    map@3 : 0.1892    map@4 : 0.1946    map@5 : 0.2005    map@10 : 0.2186    map@20 : 0.2301    map@30 : 0.2361    map@50 : 0.2409
Mon 16 Mar 2026 08:32:58 INFO  Running E-step ! 
Mon 16 Mar 2026 08:32:58 INFO  epoch 27 training [time: 0.18s, train_loss1: 3.4128, train_loss2: 0.0383, train_loss3: 0.0000, train_loss4: 0.0073]
Mon 16 Mar 2026 08:32:58 INFO  epoch 27 evaluating [time: 0.15s, valid_score: 0.304800]
Mon 16 Mar 2026 08:32:58 INFO  valid result: 
recall@1 : 0.1016    recall@2 : 0.1991    recall@3 : 0.2636    recall@4 : 0.3054    recall@5 : 0.344    recall@10 : 0.4699    recall@20 : 0.591    recall@30 : 0.6701    recall@50 : 0.7688    ndcg@1 : 0.174    ndcg@2 : 0.2084    ndcg@3 : 0.2317    ndcg@4 : 0.2469    ndcg@5 : 0.2608    ndcg@10 : 0.3048    ndcg@20 : 0.3407    ndcg@30 : 0.362    ndcg@50 : 0.3853    precision@1 : 0.174    precision@2 : 0.1597    precision@3 : 0.1414    precision@4 : 0.1272    precision@5 : 0.1156    precision@10 : 0.0825    precision@20 : 0.0549    precision@30 : 0.0434    precision@50 : 0.031    map@1 : 0.174    map@2 : 0.181    map@3 : 0.1895    map@4 : 0.1949    map@5 : 0.2007    map@10 : 0.2188    map@20 : 0.2303    map@30 : 0.2362    map@50 : 0.2411
Mon 16 Mar 2026 08:32:58 INFO  Running E-step ! 
Mon 16 Mar 2026 08:32:58 INFO  epoch 28 training [time: 0.17s, train_loss1: 3.3039, train_loss2: 0.0385, train_loss3: 0.0000, train_loss4: 0.0075]
Mon 16 Mar 2026 08:32:58 INFO  epoch 28 evaluating [time: 0.15s, valid_score: 0.304800]
Mon 16 Mar 2026 08:32:58 INFO  valid result: 
recall@1 : 0.1016    recall@2 : 0.1991    recall@3 : 0.2636    recall@4 : 0.3053    recall@5 : 0.3434    recall@10 : 0.4699    recall@20 : 0.591    recall@30 : 0.67    recall@50 : 0.7682    ndcg@1 : 0.174    ndcg@2 : 0.2084    ndcg@3 : 0.2317    ndcg@4 : 0.2468    ndcg@5 : 0.2606    ndcg@10 : 0.3048    ndcg@20 : 0.3406    ndcg@30 : 0.3619    ndcg@50 : 0.3851    precision@1 : 0.174    precision@2 : 0.1597    precision@3 : 0.1414    precision@4 : 0.1271    precision@5 : 0.1155    precision@10 : 0.0825    precision@20 : 0.0549    precision@30 : 0.0434    precision@50 : 0.0309    map@1 : 0.174    map@2 : 0.181    map@3 : 0.1895    map@4 : 0.1949    map@5 : 0.2006    map@10 : 0.2187    map@20 : 0.2302    map@30 : 0.2361    map@50 : 0.241
Mon 16 Mar 2026 08:32:58 INFO  Running E-step ! 
Mon 16 Mar 2026 08:32:59 INFO  epoch 29 training [time: 0.17s, train_loss1: 3.2584, train_loss2: 0.0387, train_loss3: 0.0000, train_loss4: 0.0076]
Mon 16 Mar 2026 08:32:59 INFO  epoch 29 evaluating [time: 0.14s, valid_score: 0.304500]
Mon 16 Mar 2026 08:32:59 INFO  valid result: 
recall@1 : 0.101    recall@2 : 0.1992    recall@3 : 0.2636    recall@4 : 0.3054    recall@5 : 0.3433    recall@10 : 0.4698    recall@20 : 0.5911    recall@30 : 0.6698    recall@50 : 0.7676    ndcg@1 : 0.1734    ndcg@2 : 0.2084    ndcg@3 : 0.2315    ndcg@4 : 0.2467    ndcg@5 : 0.2603    ndcg@10 : 0.3045    ndcg@20 : 0.3404    ndcg@30 : 0.3617    ndcg@50 : 0.3848    precision@1 : 0.1734    precision@2 : 0.16    precision@3 : 0.1414    precision@4 : 0.1272    precision@5 : 0.1154    precision@10 : 0.0825    precision@20 : 0.0549    precision@30 : 0.0434    precision@50 : 0.0309    map@1 : 0.1734    map@2 : 0.1809    map@3 : 0.1892    map@4 : 0.1947    map@5 : 0.2003    map@10 : 0.2184    map@20 : 0.2299    map@30 : 0.2358    map@50 : 0.2407
Mon 16 Mar 2026 08:32:59 INFO  Running E-step ! 
Mon 16 Mar 2026 08:32:59 INFO  epoch 30 training [time: 0.16s, train_loss1: 3.1972, train_loss2: 0.0389, train_loss3: 0.0000, train_loss4: 0.0076]
Mon 16 Mar 2026 08:32:59 INFO  epoch 30 evaluating [time: 0.14s, valid_score: 0.305300]
Mon 16 Mar 2026 08:32:59 INFO  valid result: 
recall@1 : 0.1024    recall@2 : 0.1993    recall@3 : 0.2636    recall@4 : 0.3054    recall@5 : 0.3435    recall@10 : 0.4704    recall@20 : 0.5912    recall@30 : 0.6704    recall@50 : 0.7675    ndcg@1 : 0.1752    ndcg@2 : 0.2092    ndcg@3 : 0.2321    ndcg@4 : 0.2473    ndcg@5 : 0.261    ndcg@10 : 0.3053    ndcg@20 : 0.3411    ndcg@30 : 0.3624    ndcg@50 : 0.3853    precision@1 : 0.1752    precision@2 : 0.1603    precision@3 : 0.1414    precision@4 : 0.1272    precision@5 : 0.1155    precision@10 : 0.0825    precision@20 : 0.055    precision@30 : 0.0434    precision@50 : 0.0309    map@1 : 0.1752    map@2 : 0.1818    map@3 : 0.1899    map@4 : 0.1954    map@5 : 0.2011    map@10 : 0.2192    map@20 : 0.2307    map@30 : 0.2366    map@50 : 0.2414
Mon 16 Mar 2026 08:32:59 INFO  Running E-step ! 
Mon 16 Mar 2026 08:32:59 INFO  epoch 31 training [time: 0.18s, train_loss1: 3.1885, train_loss2: 0.0390, train_loss3: 0.0000, train_loss4: 0.0076]
Mon 16 Mar 2026 08:32:59 INFO  epoch 31 evaluating [time: 0.15s, valid_score: 0.305400]
Mon 16 Mar 2026 08:32:59 INFO  valid result: 
recall@1 : 0.1024    recall@2 : 0.1993    recall@3 : 0.2636    recall@4 : 0.3054    recall@5 : 0.3435    recall@10 : 0.4706    recall@20 : 0.5932    recall@30 : 0.6709    recall@50 : 0.7677    ndcg@1 : 0.1752    ndcg@2 : 0.2092    ndcg@3 : 0.2321    ndcg@4 : 0.2473    ndcg@5 : 0.261    ndcg@10 : 0.3054    ndcg@20 : 0.3417    ndcg@30 : 0.3626    ndcg@50 : 0.3854    precision@1 : 0.1752    precision@2 : 0.1603    precision@3 : 0.1414    precision@4 : 0.1272    precision@5 : 0.1155    precision@10 : 0.0826    precision@20 : 0.0552    precision@30 : 0.0435    precision@50 : 0.031    map@1 : 0.1752    map@2 : 0.1818    map@3 : 0.1899    map@4 : 0.1954    map@5 : 0.2011    map@10 : 0.2193    map@20 : 0.2309    map@30 : 0.2366    map@50 : 0.2415
Mon 16 Mar 2026 08:32:59 INFO  Running E-step ! 
Mon 16 Mar 2026 08:32:59 INFO  epoch 32 training [time: 0.19s, train_loss1: 3.1969, train_loss2: 0.0392, train_loss3: 0.0000, train_loss4: 0.0076]
Mon 16 Mar 2026 08:33:00 INFO  epoch 32 evaluating [time: 0.15s, valid_score: 0.305800]
Mon 16 Mar 2026 08:33:00 INFO  valid result: 
recall@1 : 0.103    recall@2 : 0.1993    recall@3 : 0.2636    recall@4 : 0.3054    recall@5 : 0.3435    recall@10 : 0.4712    recall@20 : 0.5923    recall@30 : 0.6715    recall@50 : 0.7653    ndcg@1 : 0.1758    ndcg@2 : 0.2095    ndcg@3 : 0.2323    ndcg@4 : 0.2475    ndcg@5 : 0.2612    ndcg@10 : 0.3058    ndcg@20 : 0.3417    ndcg@30 : 0.3631    ndcg@50 : 0.3852    precision@1 : 0.1758    precision@2 : 0.1603    precision@3 : 0.1414    precision@4 : 0.1272    precision@5 : 0.1155    precision@10 : 0.0827    precision@20 : 0.0552    precision@30 : 0.0436    precision@50 : 0.0309    map@1 : 0.1758    map@2 : 0.1821    map@3 : 0.1902    map@4 : 0.1957    map@5 : 0.2014    map@10 : 0.2196    map@20 : 0.2311    map@30 : 0.237    map@50 : 0.2417
Mon 16 Mar 2026 08:33:00 INFO  Running E-step ! 
Mon 16 Mar 2026 08:33:00 INFO  epoch 33 training [time: 0.19s, train_loss1: 3.1671, train_loss2: 0.0393, train_loss3: 0.0000, train_loss4: 0.0075]
Mon 16 Mar 2026 08:33:00 INFO  epoch 33 evaluating [time: 0.15s, valid_score: 0.306400]
Mon 16 Mar 2026 08:33:00 INFO  valid result: 
recall@1 : 0.1047    recall@2 : 0.1993    recall@3 : 0.2638    recall@4 : 0.3051    recall@5 : 0.3431    recall@10 : 0.4712    recall@20 : 0.5926    recall@30 : 0.6724    recall@50 : 0.7647    ndcg@1 : 0.1776    ndcg@2 : 0.2101    ndcg@3 : 0.2331    ndcg@4 : 0.248    ndcg@5 : 0.2617    ndcg@10 : 0.3064    ndcg@20 : 0.3425    ndcg@30 : 0.3639    ndcg@50 : 0.3857    precision@1 : 0.1776    precision@2 : 0.1603    precision@3 : 0.1416    precision@4 : 0.1271    precision@5 : 0.1153    precision@10 : 0.0827    precision@20 : 0.0553    precision@30 : 0.0437    precision@50 : 0.0309    map@1 : 0.1776    map@2 : 0.183    map@3 : 0.1912    map@4 : 0.1964    map@5 : 0.2021    map@10 : 0.2205    map@20 : 0.2321    map@30 : 0.238    map@50 : 0.2426
Mon 16 Mar 2026 08:33:00 INFO  Finished training, best eval result in epoch 22
Mon 16 Mar 2026 08:33:00 INFO  Loading model structure and parameters from saved/SCL-Mar-16-2026_08-32-47.pth
Mon 16 Mar 2026 08:33:00 INFO  best valid : OrderedDict([('recall@1', 0.1079), ('recall@2', 0.2), ('recall@3', 0.2661), ('recall@4', 0.3067), ('recall@5', 0.3489), ('recall@10', 0.4683), ('recall@20', 0.6016), ('recall@30', 0.689), ('recall@50', 0.7528), ('ndcg@1', 0.1812), ('ndcg@2', 0.2124), ('ndcg@3', 0.2362), ('ndcg@4', 0.2504), ('ndcg@5', 0.266), ('ndcg@10', 0.3078), ('ndcg@20', 0.3478), ('ndcg@30', 0.371), ('ndcg@50', 0.3869), ('precision@1', 0.1812), ('precision@2', 0.1615), ('precision@3', 0.1436), ('precision@4', 0.1277), ('precision@5', 0.1174), ('precision@10', 0.0827), ('precision@20', 0.0569), ('precision@30', 0.0451), ('precision@50', 0.0309), ('map@1', 0.1812), ('map@2', 0.1856), ('map@3', 0.1939), ('map@4', 0.1989), ('map@5', 0.2056), ('map@10', 0.2228), ('map@20', 0.2358), ('map@30', 0.2423), ('map@50', 0.2459)])
Mon 16 Mar 2026 08:33:00 INFO  test result: OrderedDict([('recall@1', 0.143), ('recall@2', 0.2432), ('recall@3', 0.2862), ('recall@4', 0.3247), ('recall@5', 0.3524), ('recall@10', 0.4646), ('recall@20', 0.6002), ('recall@30', 0.685), ('recall@50', 0.7497), ('ndcg@1', 0.2328), ('ndcg@2', 0.2631), ('ndcg@3', 0.273), ('ndcg@4', 0.2851), ('ndcg@5', 0.2946), ('ndcg@10', 0.332), ('ndcg@20', 0.3712), ('ndcg@30', 0.3933), ('ndcg@50', 0.4095), ('precision@1', 0.2328), ('precision@2', 0.1948), ('precision@3', 0.1596), ('precision@4', 0.1397), ('precision@5', 0.125), ('precision@10', 0.086), ('precision@20', 0.0578), ('precision@30', 0.0448), ('precision@50', 0.0307), ('map@1', 0.2328), ('map@2', 0.2349), ('map@3', 0.2328), ('map@4', 0.2363), ('map@5', 0.2398), ('map@10', 0.2543), ('map@20', 0.2669), ('map@30', 0.2729), ('map@50', 0.2768)])
Mon 16 Mar 2026 08:33:00 INFO  training time: 11.9589s
Mon 16 Mar 2026 08:33:00 INFO  result file: results/again3/scl_wo_semantic_seed2020.json
