Sun 15 Mar 2026 19:22:10 INFO  
General Hyper Parameters:
gpu_id = 0
use_gpu = True
seed = 2024
state = INFO
reproducibility = True
data_path = ./travel
checkpoint_dir = saved
show_progress = True
save_dataset = False
dataset_save_path = None
save_dataloaders = False
dataloaders_save_path = None
log_wandb = False

Training Hyper Parameters:
epochs = 1000
train_batch_size = 100
learner = adam
learning_rate = 0.001
train_neg_sample_args = {'distribution': 'uniform', 'sample_num': 1, 'alpha': 1.0, 'dynamic': False, 'candidate_num': 0}
eval_step = 1
stopping_step = 20
clip_grad_norm = None
weight_decay = 0.0
loss_decimal_place = 4

Evaluation Hyper Parameters:
eval_args = {'split': {'RS': [0.8, 0.1, 0.1]}, 'order': 'RO', 'group_by': 'user', 'mode': {'valid': 'full', 'test': 'full'}}
repeatable = False
metrics = ['Recall', 'NDCG', 'Precision', 'MAP']
topk = [1, 2, 3, 4, 5, 10, 20, 30, 50]
valid_metric = NDCG@10
valid_metric_bigger = True
eval_batch_size = 100
metric_decimal_place = 4

Dataset Hyper Parameters:
field_separator = 	
seq_separator =  
USER_ID_FIELD = user_id
ITEM_ID_FIELD = item_id
RATING_FIELD = rating
TIME_FIELD = timestamp
seq_len = None
LABEL_FIELD = label
threshold = None
NEG_PREFIX = neg_
load_col = {'inter': ['user_id', 'item_id', 'rating'], 'user': ['user_id', 'post_num', 'follower', 'following', 'timestamp']}
unload_col = None
unused_col = None
additional_feat_suffix = None
rm_dup_inter = None
val_interval = {'rating': '[0,inf)'}
filter_inter_by_user_or_item = True
user_inter_num_interval = [0,inf)
item_inter_num_interval = [0,inf)
alias_of_user_id = None
alias_of_item_id = None
alias_of_entity_id = None
alias_of_relation_id = None
preload_weight = None
normalize_field = None
normalize_all = None
ITEM_LIST_LENGTH_FIELD = item_length
LIST_SUFFIX = _list
MAX_ITEM_LIST_LENGTH = 50
POSITION_FIELD = position_id
HEAD_ENTITY_ID_FIELD = head_id
TAIL_ENTITY_ID_FIELD = tail_id
RELATION_ID_FIELD = relation_id
ENTITY_ID_FIELD = entity_id
benchmark_filename = None

Other Hyper Parameters: 
worker = 0
wandb_project = recbole
shuffle = True
require_pow = False
enable_amp = False
enable_scaler = False
transform = None
numerical_features = []
discretization = None
kg_reverse_r = False
entity_kg_num_interval = [0,inf)
relation_kg_num_interval = [0,inf)
MODEL_TYPE = ModelType.GENERAL
embedding_size = 64
n_layers = 3
reg_weight = 0.0001
smt_latent_dim = 64
ssl_temp = 0.1
ssl_reg = 1e-07
hyper_layers = 1
alpha = 1
potential_reg = 8e-08
semantic_reg = 0.0
num_clusters = 10
m_step = 1
warm_up_step = 20
user_feature_path = features/roberta_user.npy
item_feature_path = features/roberta_item.npy
MODEL_INPUT_TYPE = InputType.PAIRWISE
eval_type = EvaluatorType.RANKING
single_spec = True
local_rank = 0
device = cuda
valid_neg_sample_args = {'distribution': 'uniform', 'sample_num': 'none'}
test_neg_sample_args = {'distribution': 'uniform', 'sample_num': 'none'}


Sun 15 Mar 2026 19:22:10 INFO  travel
The number of users: 2010
Average actions of users: 18.721254355400696
The number of items: 247
Average actions of items: 152.890243902439
The number of inters: 37611
The sparsity of the dataset: 92.42431566862047%
Remain Fields: ['user_id', 'item_id', 'rating', 'post_num', 'follower', 'following', 'timestamp']
Sun 15 Mar 2026 19:22:10 INFO  [Training]: train_batch_size = [100] train_neg_sample_args: [{'distribution': 'uniform', 'sample_num': 1, 'alpha': 1.0, 'dynamic': False, 'candidate_num': 0}]
Sun 15 Mar 2026 19:22:10 INFO  [Evaluation]: eval_batch_size = [100] eval_args: [{'split': {'RS': [0.8, 0.1, 0.1]}, 'order': 'RO', 'group_by': 'user', 'mode': {'valid': 'full', 'test': 'full'}}]
Sun 15 Mar 2026 19:22:12 INFO  SCL(
  (u_MLP): Linear(in_features=1024, out_features=64, bias=True)
  (i_MLP): Linear(in_features=1024, out_features=64, bias=True)
  (user_embedding): Embedding(2010, 64)
  (item_embedding): Embedding(247, 64)
  (mf_loss): BPRLoss()
  (reg_loss): EmbLoss()
)
Trainable parameters: 144448
Sun 15 Mar 2026 19:22:12 INFO  trainable parameters: 144448
Sun 15 Mar 2026 19:22:13 INFO  Running E-step ! 
Sun 15 Mar 2026 19:22:18 INFO  epoch 0 training [time: 5.18s, train_loss1: 158.6195, train_loss2: 0.0388, train_loss3: 0.0000]
Sun 15 Mar 2026 19:22:20 INFO  epoch 0 evaluating [time: 1.64s, valid_score: 0.316300]
Sun 15 Mar 2026 19:22:20 INFO  valid result: 
recall@1 : 0.1239    recall@2 : 0.2063    recall@3 : 0.2642    recall@4 : 0.3139    recall@5 : 0.3461    recall@10 : 0.4765    recall@20 : 0.601    recall@30 : 0.6757    recall@50 : 0.7653    ndcg@1 : 0.1925    ndcg@2 : 0.2196    ndcg@3 : 0.2405    ndcg@4 : 0.2594    ndcg@5 : 0.2712    ndcg@10 : 0.3163    ndcg@20 : 0.3536    ndcg@30 : 0.3738    ndcg@50 : 0.3955    precision@1 : 0.1925    precision@2 : 0.1627    precision@3 : 0.1414    precision@4 : 0.1287    precision@5 : 0.1164    precision@10 : 0.0834    precision@20 : 0.0561    precision@30 : 0.0439    precision@50 : 0.0311    map@1 : 0.1925    map@2 : 0.195    map@3 : 0.2017    map@4 : 0.2097    map@5 : 0.2145    map@10 : 0.2322    map@20 : 0.2444    map@30 : 0.25    map@50 : 0.2547
Sun 15 Mar 2026 19:22:20 INFO  Saving current: saved/SCL-Mar-15-2026_19-22-12.pth
Sun 15 Mar 2026 19:22:20 INFO  Saving current best: saved/SCL-Mar-15-2026_19-22-12.pth
Sun 15 Mar 2026 19:22:20 INFO  Running E-step ! 
Sun 15 Mar 2026 19:22:24 INFO  epoch 1 training [time: 4.58s, train_loss1: 124.0757, train_loss2: 0.0408, train_loss3: 0.0000]
Sun 15 Mar 2026 19:22:26 INFO  epoch 1 evaluating [time: 1.59s, valid_score: 0.315900]
Sun 15 Mar 2026 19:22:26 INFO  valid result: 
recall@1 : 0.1233    recall@2 : 0.2063    recall@3 : 0.2642    recall@4 : 0.3141    recall@5 : 0.3461    recall@10 : 0.4753    recall@20 : 0.6013    recall@30 : 0.6669    recall@50 : 0.763    ndcg@1 : 0.1919    ndcg@2 : 0.2194    ndcg@3 : 0.2401    ndcg@4 : 0.2593    ndcg@5 : 0.2711    ndcg@10 : 0.3159    ndcg@20 : 0.3537    ndcg@30 : 0.3719    ndcg@50 : 0.3947    precision@1 : 0.1919    precision@2 : 0.1627    precision@3 : 0.1412    precision@4 : 0.129    precision@5 : 0.1167    precision@10 : 0.0835    precision@20 : 0.0563    precision@30 : 0.0436    precision@50 : 0.0311    map@1 : 0.1919    map@2 : 0.1947    map@3 : 0.2012    map@4 : 0.2094    map@5 : 0.2144    map@10 : 0.2319    map@20 : 0.2444    map@30 : 0.2496    map@50 : 0.2545
Sun 15 Mar 2026 19:22:26 INFO  Running E-step ! 
Sun 15 Mar 2026 19:22:30 INFO  epoch 2 training [time: 4.58s, train_loss1: 122.0671, train_loss2: 0.0423, train_loss3: 0.0000]
Sun 15 Mar 2026 19:22:32 INFO  epoch 2 evaluating [time: 1.59s, valid_score: 0.315700]
Sun 15 Mar 2026 19:22:32 INFO  valid result: 
recall@1 : 0.1234    recall@2 : 0.2057    recall@3 : 0.265    recall@4 : 0.313    recall@5 : 0.3469    recall@10 : 0.474    recall@20 : 0.6019    recall@30 : 0.6637    recall@50 : 0.7609    ndcg@1 : 0.1925    ndcg@2 : 0.2191    ndcg@3 : 0.2406    ndcg@4 : 0.259    ndcg@5 : 0.2717    ndcg@10 : 0.3157    ndcg@20 : 0.354    ndcg@30 : 0.3711    ndcg@50 : 0.3942    precision@1 : 0.1925    precision@2 : 0.1624    precision@3 : 0.1418    precision@4 : 0.129    precision@5 : 0.1175    precision@10 : 0.0838    precision@20 : 0.0566    precision@30 : 0.0434    precision@50 : 0.031    map@1 : 0.1925    map@2 : 0.1947    map@3 : 0.2017    map@4 : 0.2092    map@5 : 0.2146    map@10 : 0.2319    map@20 : 0.2446    map@30 : 0.2494    map@50 : 0.2544
Sun 15 Mar 2026 19:22:32 INFO  Running E-step ! 
Sun 15 Mar 2026 19:22:37 INFO  epoch 3 training [time: 4.63s, train_loss1: 122.0370, train_loss2: 0.0440, train_loss3: 0.0000]
Sun 15 Mar 2026 19:22:38 INFO  epoch 3 evaluating [time: 1.58s, valid_score: 0.313500]
Sun 15 Mar 2026 19:22:38 INFO  valid result: 
recall@1 : 0.1236    recall@2 : 0.2048    recall@3 : 0.2685    recall@4 : 0.3161    recall@5 : 0.3461    recall@10 : 0.4669    recall@20 : 0.6    recall@30 : 0.6649    recall@50 : 0.7582    ndcg@1 : 0.1937    ndcg@2 : 0.218    ndcg@3 : 0.2424    ndcg@4 : 0.2604    ndcg@5 : 0.2719    ndcg@10 : 0.3135    ndcg@20 : 0.3534    ndcg@30 : 0.3714    ndcg@50 : 0.3934    precision@1 : 0.1937    precision@2 : 0.1606    precision@3 : 0.1432    precision@4 : 0.1295    precision@5 : 0.1178    precision@10 : 0.0827    precision@20 : 0.0565    precision@30 : 0.0437    precision@50 : 0.0309    map@1 : 0.1937    map@2 : 0.1938    map@3 : 0.2027    map@4 : 0.2102    map@5 : 0.2147    map@10 : 0.2312    map@20 : 0.2443    map@30 : 0.2494    map@50 : 0.2541
Sun 15 Mar 2026 19:22:38 INFO  Running E-step ! 
Sun 15 Mar 2026 19:22:43 INFO  epoch 4 training [time: 4.53s, train_loss1: 121.1144, train_loss2: 0.0454, train_loss3: 0.0000]
Sun 15 Mar 2026 19:22:44 INFO  epoch 4 evaluating [time: 1.58s, valid_score: 0.313000]
Sun 15 Mar 2026 19:22:44 INFO  valid result: 
recall@1 : 0.1236    recall@2 : 0.2052    recall@3 : 0.2618    recall@4 : 0.3124    recall@5 : 0.3483    recall@10 : 0.4661    recall@20 : 0.5999    recall@30 : 0.663    recall@50 : 0.7541    ndcg@1 : 0.1937    ndcg@2 : 0.2193    ndcg@3 : 0.2393    ndcg@4 : 0.2586    ndcg@5 : 0.2724    ndcg@10 : 0.313    ndcg@20 : 0.3531    ndcg@30 : 0.3705    ndcg@50 : 0.3924    precision@1 : 0.1937    precision@2 : 0.1627    precision@3 : 0.141    precision@4 : 0.1289    precision@5 : 0.1187    precision@10 : 0.0827    precision@20 : 0.0566    precision@30 : 0.0435    precision@50 : 0.0309    map@1 : 0.1937    map@2 : 0.1949    map@3 : 0.2004    map@4 : 0.2089    map@5 : 0.2148    map@10 : 0.2308    map@20 : 0.244    map@30 : 0.2489    map@50 : 0.2537
Sun 15 Mar 2026 19:22:44 INFO  Running E-step ! 
Sun 15 Mar 2026 19:22:49 INFO  epoch 5 training [time: 4.36s, train_loss1: 119.0996, train_loss2: 0.0465, train_loss3: 0.0000]
Sun 15 Mar 2026 19:22:50 INFO  epoch 5 evaluating [time: 1.59s, valid_score: 0.314200]
Sun 15 Mar 2026 19:22:50 INFO  valid result: 
recall@1 : 0.1238    recall@2 : 0.2061    recall@3 : 0.2652    recall@4 : 0.3163    recall@5 : 0.3483    recall@10 : 0.4679    recall@20 : 0.6001    recall@30 : 0.6617    recall@50 : 0.7487    ndcg@1 : 0.1937    ndcg@2 : 0.2196    ndcg@3 : 0.241    ndcg@4 : 0.2607    ndcg@5 : 0.273    ndcg@10 : 0.3142    ndcg@20 : 0.3537    ndcg@30 : 0.3708    ndcg@50 : 0.3919    precision@1 : 0.1937    precision@2 : 0.1627    precision@3 : 0.1418    precision@4 : 0.1299    precision@5 : 0.1188    precision@10 : 0.083    precision@20 : 0.0566    precision@30 : 0.0434    precision@50 : 0.0308    map@1 : 0.1937    map@2 : 0.1953    map@3 : 0.2018    map@4 : 0.2104    map@5 : 0.2156    map@10 : 0.2318    map@20 : 0.2448    map@30 : 0.2496    map@50 : 0.2543
Sun 15 Mar 2026 19:22:50 INFO  Running E-step ! 
Sun 15 Mar 2026 19:22:55 INFO  epoch 6 training [time: 4.71s, train_loss1: 117.9539, train_loss2: 0.0477, train_loss3: 0.0000]
Sun 15 Mar 2026 19:22:57 INFO  epoch 6 evaluating [time: 1.58s, valid_score: 0.314600]
Sun 15 Mar 2026 19:22:57 INFO  valid result: 
recall@1 : 0.1236    recall@2 : 0.2055    recall@3 : 0.2658    recall@4 : 0.3155    recall@5 : 0.349    recall@10 : 0.4702    recall@20 : 0.5984    recall@30 : 0.6614    recall@50 : 0.7508    ndcg@1 : 0.1931    ndcg@2 : 0.2188    ndcg@3 : 0.2411    ndcg@4 : 0.2602    ndcg@5 : 0.2731    ndcg@10 : 0.3146    ndcg@20 : 0.3529    ndcg@30 : 0.3705    ndcg@50 : 0.3921    precision@1 : 0.1931    precision@2 : 0.1618    precision@3 : 0.142    precision@4 : 0.1296    precision@5 : 0.119    precision@10 : 0.0833    precision@20 : 0.0563    precision@30 : 0.0435    precision@50 : 0.0309    map@1 : 0.1931    map@2 : 0.1944    map@3 : 0.2017    map@4 : 0.21    map@5 : 0.2154    map@10 : 0.2317    map@20 : 0.2443    map@30 : 0.2493    map@50 : 0.2541
Sun 15 Mar 2026 19:22:57 INFO  Running E-step ! 
Sun 15 Mar 2026 19:23:01 INFO  epoch 7 training [time: 4.57s, train_loss1: 116.6260, train_loss2: 0.0487, train_loss3: 0.0000]
Sun 15 Mar 2026 19:23:03 INFO  epoch 7 evaluating [time: 1.59s, valid_score: 0.314300]
Sun 15 Mar 2026 19:23:03 INFO  valid result: 
recall@1 : 0.1259    recall@2 : 0.2047    recall@3 : 0.2642    recall@4 : 0.3124    recall@5 : 0.3481    recall@10 : 0.4685    recall@20 : 0.5979    recall@30 : 0.6598    recall@50 : 0.7534    ndcg@1 : 0.1931    ndcg@2 : 0.2192    ndcg@3 : 0.2409    ndcg@4 : 0.2593    ndcg@5 : 0.2729    ndcg@10 : 0.3143    ndcg@20 : 0.3531    ndcg@30 : 0.3706    ndcg@50 : 0.393    precision@1 : 0.1931    precision@2 : 0.1615    precision@3 : 0.1416    precision@4 : 0.1286    precision@5 : 0.1185    precision@10 : 0.083    precision@20 : 0.0562    precision@30 : 0.0435    precision@50 : 0.031    map@1 : 0.1931    map@2 : 0.195    map@3 : 0.2022    map@4 : 0.21    map@5 : 0.216    map@10 : 0.2321    map@20 : 0.245    map@30 : 0.2501    map@50 : 0.255
Sun 15 Mar 2026 19:23:03 INFO  Running E-step ! 
Sun 15 Mar 2026 19:23:07 INFO  epoch 8 training [time: 4.36s, train_loss1: 116.5084, train_loss2: 0.0496, train_loss3: 0.0000]
Sun 15 Mar 2026 19:23:09 INFO  epoch 8 evaluating [time: 1.58s, valid_score: 0.309900]
Sun 15 Mar 2026 19:23:09 INFO  valid result: 
recall@1 : 0.1132    recall@2 : 0.2044    recall@3 : 0.2638    recall@4 : 0.3169    recall@5 : 0.3492    recall@10 : 0.469    recall@20 : 0.6019    recall@30 : 0.6656    recall@50 : 0.7545    ndcg@1 : 0.18    ndcg@2 : 0.2146    ndcg@3 : 0.2361    ndcg@4 : 0.2564    ndcg@5 : 0.2689    ndcg@10 : 0.3099    ndcg@20 : 0.3498    ndcg@30 : 0.3676    ndcg@50 : 0.3889    precision@1 : 0.18    precision@2 : 0.1618    precision@3 : 0.142    precision@4 : 0.1295    precision@5 : 0.1186    precision@10 : 0.0831    precision@20 : 0.0568    precision@30 : 0.0439    precision@50 : 0.031    map@1 : 0.18    map@2 : 0.1889    map@3 : 0.1957    map@4 : 0.2047    map@5 : 0.2101    map@10 : 0.226    map@20 : 0.2393    map@30 : 0.2443    map@50 : 0.249
Sun 15 Mar 2026 19:23:09 INFO  Running E-step ! 
Sun 15 Mar 2026 19:23:13 INFO  epoch 9 training [time: 4.44s, train_loss1: 114.8544, train_loss2: 0.0503, train_loss3: 0.0000]
Sun 15 Mar 2026 19:23:15 INFO  epoch 9 evaluating [time: 1.58s, valid_score: 0.311700]
Sun 15 Mar 2026 19:23:15 INFO  valid result: 
recall@1 : 0.1182    recall@2 : 0.2045    recall@3 : 0.2622    recall@4 : 0.3143    recall@5 : 0.3505    recall@10 : 0.4679    recall@20 : 0.6036    recall@30 : 0.6675    recall@50 : 0.7524    ndcg@1 : 0.1871    ndcg@2 : 0.2173    ndcg@3 : 0.2377    ndcg@4 : 0.2575    ndcg@5 : 0.2715    ndcg@10 : 0.3117    ndcg@20 : 0.3525    ndcg@30 : 0.3704    ndcg@50 : 0.3908    precision@1 : 0.1871    precision@2 : 0.163    precision@3 : 0.1418    precision@4 : 0.1295    precision@5 : 0.1194    precision@10 : 0.0831    precision@20 : 0.0572    precision@30 : 0.0442    precision@50 : 0.031    map@1 : 0.1871    map@2 : 0.1922    map@3 : 0.198    map@4 : 0.2067    map@5 : 0.2128    map@10 : 0.2285    map@20 : 0.2419    map@30 : 0.2472    map@50 : 0.2517
Sun 15 Mar 2026 19:23:15 INFO  Running E-step ! 
Sun 15 Mar 2026 19:23:18 INFO  epoch 10 training [time: 3.56s, train_loss1: 114.6510, train_loss2: 0.0509, train_loss3: 0.0000]
Sun 15 Mar 2026 19:23:20 INFO  epoch 10 evaluating [time: 1.58s, valid_score: 0.316600]
Sun 15 Mar 2026 19:23:20 INFO  valid result: 
recall@1 : 0.1276    recall@2 : 0.2052    recall@3 : 0.2673    recall@4 : 0.3165    recall@5 : 0.348    recall@10 : 0.4708    recall@20 : 0.6069    recall@30 : 0.6729    recall@50 : 0.7601    ndcg@1 : 0.1979    ndcg@2 : 0.221    ndcg@3 : 0.2441    ndcg@4 : 0.2624    ndcg@5 : 0.2745    ndcg@10 : 0.3166    ndcg@20 : 0.3578    ndcg@30 : 0.3762    ndcg@50 : 0.3971    precision@1 : 0.1979    precision@2 : 0.1627    precision@3 : 0.144    precision@4 : 0.1299    precision@5 : 0.1186    precision@10 : 0.0835    precision@20 : 0.0577    precision@30 : 0.0447    precision@50 : 0.0313    map@1 : 0.1979    map@2 : 0.197    map@3 : 0.2047    map@4 : 0.2124    map@5 : 0.2177    map@10 : 0.2341    map@20 : 0.2477    map@30 : 0.2532    map@50 : 0.2577
Sun 15 Mar 2026 19:23:20 INFO  Saving current: saved/SCL-Mar-15-2026_19-22-12.pth
Sun 15 Mar 2026 19:23:20 INFO  Saving current best: saved/SCL-Mar-15-2026_19-22-12.pth
Sun 15 Mar 2026 19:23:20 INFO  Running E-step ! 
Sun 15 Mar 2026 19:23:24 INFO  epoch 11 training [time: 3.92s, train_loss1: 113.0529, train_loss2: 0.0512, train_loss3: 0.0000]
Sun 15 Mar 2026 19:23:25 INFO  epoch 11 evaluating [time: 1.59s, valid_score: 0.318600]
Sun 15 Mar 2026 19:23:25 INFO  valid result: 
recall@1 : 0.1277    recall@2 : 0.2055    recall@3 : 0.2663    recall@4 : 0.3176    recall@5 : 0.3505    recall@10 : 0.474    recall@20 : 0.6115    recall@30 : 0.6805    recall@50 : 0.7686    ndcg@1 : 0.2002    ndcg@2 : 0.2222    ndcg@3 : 0.2444    ndcg@4 : 0.2638    ndcg@5 : 0.2762    ndcg@10 : 0.3186    ndcg@20 : 0.3602    ndcg@30 : 0.3793    ndcg@50 : 0.4001    precision@1 : 0.2002    precision@2 : 0.1639    precision@3 : 0.1444    precision@4 : 0.1316    precision@5 : 0.12    precision@10 : 0.0844    precision@20 : 0.0583    precision@30 : 0.0453    precision@50 : 0.0316    map@1 : 0.2002    map@2 : 0.1982    map@3 : 0.2048    map@4 : 0.2131    map@5 : 0.2184    map@10 : 0.235    map@20 : 0.2491    map@30 : 0.2546    map@50 : 0.2592
Sun 15 Mar 2026 19:23:25 INFO  Saving current: saved/SCL-Mar-15-2026_19-22-12.pth
Sun 15 Mar 2026 19:23:25 INFO  Saving current best: saved/SCL-Mar-15-2026_19-22-12.pth
Sun 15 Mar 2026 19:23:25 INFO  Running E-step ! 
Sun 15 Mar 2026 19:23:30 INFO  epoch 12 training [time: 4.44s, train_loss1: 110.6341, train_loss2: 0.0507, train_loss3: 0.0000]
Sun 15 Mar 2026 19:23:31 INFO  epoch 12 evaluating [time: 1.58s, valid_score: 0.320400]
Sun 15 Mar 2026 19:23:31 INFO  valid result: 
recall@1 : 0.127    recall@2 : 0.205    recall@3 : 0.2678    recall@4 : 0.3178    recall@5 : 0.3514    recall@10 : 0.478    recall@20 : 0.6151    recall@30 : 0.688    recall@50 : 0.7687    ndcg@1 : 0.1985    ndcg@2 : 0.2213    ndcg@3 : 0.245    ndcg@4 : 0.2637    ndcg@5 : 0.2767    ndcg@10 : 0.3204    ndcg@20 : 0.362    ndcg@30 : 0.3819    ndcg@50 : 0.4013    precision@1 : 0.1985    precision@2 : 0.1636    precision@3 : 0.1458    precision@4 : 0.1316    precision@5 : 0.1209    precision@10 : 0.0856    precision@20 : 0.059    precision@30 : 0.0457    precision@50 : 0.0318    map@1 : 0.1985    map@2 : 0.1971    map@3 : 0.205    map@4 : 0.2129    map@5 : 0.2185    map@10 : 0.2359    map@20 : 0.25    map@30 : 0.2559    map@50 : 0.2602
Sun 15 Mar 2026 19:23:31 INFO  Saving current: saved/SCL-Mar-15-2026_19-22-12.pth
Sun 15 Mar 2026 19:23:31 INFO  Saving current best: saved/SCL-Mar-15-2026_19-22-12.pth
Sun 15 Mar 2026 19:23:31 INFO  Running E-step ! 
Sun 15 Mar 2026 19:23:36 INFO  epoch 13 training [time: 4.43s, train_loss1: 106.8806, train_loss2: 0.0500, train_loss3: 0.0000]
Sun 15 Mar 2026 19:23:38 INFO  epoch 13 evaluating [time: 1.59s, valid_score: 0.322000]
Sun 15 Mar 2026 19:23:38 INFO  valid result: 
recall@1 : 0.1262    recall@2 : 0.2045    recall@3 : 0.2686    recall@4 : 0.32    recall@5 : 0.3541    recall@10 : 0.4818    recall@20 : 0.6199    recall@30 : 0.6903    recall@50 : 0.7767    ndcg@1 : 0.1979    ndcg@2 : 0.2212    ndcg@3 : 0.2459    ndcg@4 : 0.2652    ndcg@5 : 0.2783    ndcg@10 : 0.322    ndcg@20 : 0.3639    ndcg@30 : 0.3833    ndcg@50 : 0.4038    precision@1 : 0.1979    precision@2 : 0.1639    precision@3 : 0.1476    precision@4 : 0.1338    precision@5 : 0.1226    precision@10 : 0.0862    precision@20 : 0.0595    precision@30 : 0.0461    precision@50 : 0.0321    map@1 : 0.1979    map@2 : 0.1968    map@3 : 0.2055    map@4 : 0.2139    map@5 : 0.2196    map@10 : 0.2369    map@20 : 0.2511    map@30 : 0.2569    map@50 : 0.2614
Sun 15 Mar 2026 19:23:38 INFO  Saving current: saved/SCL-Mar-15-2026_19-22-12.pth
Sun 15 Mar 2026 19:23:38 INFO  Saving current best: saved/SCL-Mar-15-2026_19-22-12.pth
Sun 15 Mar 2026 19:23:38 INFO  Running E-step ! 
Sun 15 Mar 2026 19:23:42 INFO  epoch 14 training [time: 4.54s, train_loss1: 105.2742, train_loss2: 0.0492, train_loss3: 0.0000]
Sun 15 Mar 2026 19:23:44 INFO  epoch 14 evaluating [time: 1.59s, valid_score: 0.326000]
Sun 15 Mar 2026 19:23:44 INFO  valid result: 
recall@1 : 0.1273    recall@2 : 0.2112    recall@3 : 0.2701    recall@4 : 0.3192    recall@5 : 0.3596    recall@10 : 0.4865    recall@20 : 0.6217    recall@30 : 0.6964    recall@50 : 0.7777    ndcg@1 : 0.1996    ndcg@2 : 0.2271    ndcg@3 : 0.2489    ndcg@4 : 0.2673    ndcg@5 : 0.2822    ndcg@10 : 0.326    ndcg@20 : 0.367    ndcg@30 : 0.3875    ndcg@50 : 0.4071    precision@1 : 0.1996    precision@2 : 0.1695    precision@3 : 0.1494    precision@4 : 0.1354    precision@5 : 0.1242    precision@10 : 0.0874    precision@20 : 0.0598    precision@30 : 0.0466    precision@50 : 0.0323    map@1 : 0.1996    map@2 : 0.2011    map@3 : 0.2084    map@4 : 0.2164    map@5 : 0.2228    map@10 : 0.2403    map@20 : 0.2543    map@30 : 0.2605    map@50 : 0.2649
Sun 15 Mar 2026 19:23:44 INFO  Saving current: saved/SCL-Mar-15-2026_19-22-12.pth
Sun 15 Mar 2026 19:23:44 INFO  Saving current best: saved/SCL-Mar-15-2026_19-22-12.pth
Sun 15 Mar 2026 19:23:44 INFO  Running E-step ! 
Sun 15 Mar 2026 19:23:48 INFO  epoch 15 training [time: 4.17s, train_loss1: 104.7115, train_loss2: 0.0486, train_loss3: 0.0000]
Sun 15 Mar 2026 19:23:49 INFO  epoch 15 evaluating [time: 1.59s, valid_score: 0.329500]
Sun 15 Mar 2026 19:23:49 INFO  valid result: 
recall@1 : 0.13    recall@2 : 0.2107    recall@3 : 0.2704    recall@4 : 0.3227    recall@5 : 0.3646    recall@10 : 0.4903    recall@20 : 0.6249    recall@30 : 0.6992    recall@50 : 0.7849    ndcg@1 : 0.2044    ndcg@2 : 0.229    ndcg@3 : 0.2501    ndcg@4 : 0.2703    ndcg@5 : 0.286    ndcg@10 : 0.3295    ndcg@20 : 0.3702    ndcg@30 : 0.3906    ndcg@50 : 0.411    precision@1 : 0.2044    precision@2 : 0.1704    precision@3 : 0.1494    precision@4 : 0.1371    precision@5 : 0.1266    precision@10 : 0.0885    precision@20 : 0.0601    precision@30 : 0.0468    precision@50 : 0.0325    map@1 : 0.2044    map@2 : 0.2035    map@3 : 0.2096    map@4 : 0.2186    map@5 : 0.2258    map@10 : 0.2436    map@20 : 0.2573    map@30 : 0.2635    map@50 : 0.268
Sun 15 Mar 2026 19:23:49 INFO  Saving current: saved/SCL-Mar-15-2026_19-22-12.pth
Sun 15 Mar 2026 19:23:49 INFO  Saving current best: saved/SCL-Mar-15-2026_19-22-12.pth
Sun 15 Mar 2026 19:23:49 INFO  Running E-step ! 
Sun 15 Mar 2026 19:23:53 INFO  epoch 16 training [time: 3.80s, train_loss1: 101.3291, train_loss2: 0.0478, train_loss3: 0.0000]
Sun 15 Mar 2026 19:23:55 INFO  epoch 16 evaluating [time: 1.59s, valid_score: 0.330800]
Sun 15 Mar 2026 19:23:55 INFO  valid result: 
recall@1 : 0.1267    recall@2 : 0.2156    recall@3 : 0.2707    recall@4 : 0.3253    recall@5 : 0.3665    recall@10 : 0.493    recall@20 : 0.6296    recall@30 : 0.7041    recall@50 : 0.7882    ndcg@1 : 0.202    ndcg@2 : 0.2311    ndcg@3 : 0.2502    ndcg@4 : 0.2713    ndcg@5 : 0.2867    ndcg@10 : 0.3308    ndcg@20 : 0.3719    ndcg@30 : 0.3922    ndcg@50 : 0.4122    precision@1 : 0.202    precision@2 : 0.1737    precision@3 : 0.1502    precision@4 : 0.1384    precision@5 : 0.1275    precision@10 : 0.0893    precision@20 : 0.0606    precision@30 : 0.0471    precision@50 : 0.0326    map@1 : 0.202    map@2 : 0.2043    map@3 : 0.2095    map@4 : 0.219    map@5 : 0.2258    map@10 : 0.2442    map@20 : 0.2581    map@30 : 0.2641    map@50 : 0.2686
Sun 15 Mar 2026 19:23:55 INFO  Saving current: saved/SCL-Mar-15-2026_19-22-12.pth
Sun 15 Mar 2026 19:23:55 INFO  Saving current best: saved/SCL-Mar-15-2026_19-22-12.pth
Sun 15 Mar 2026 19:23:55 INFO  Running E-step ! 
Sun 15 Mar 2026 19:23:59 INFO  epoch 17 training [time: 3.75s, train_loss1: 100.6502, train_loss2: 0.0471, train_loss3: 0.0000]
Sun 15 Mar 2026 19:24:00 INFO  epoch 17 evaluating [time: 1.59s, valid_score: 0.333900]
Sun 15 Mar 2026 19:24:00 INFO  valid result: 
recall@1 : 0.1288    recall@2 : 0.2198    recall@3 : 0.2732    recall@4 : 0.3247    recall@5 : 0.3665    recall@10 : 0.4959    recall@20 : 0.6315    recall@30 : 0.7057    recall@50 : 0.791    ndcg@1 : 0.2074    ndcg@2 : 0.2367    ndcg@3 : 0.2542    ndcg@4 : 0.2732    ndcg@5 : 0.2888    ndcg@10 : 0.3339    ndcg@20 : 0.3747    ndcg@30 : 0.3948    ndcg@50 : 0.4151    precision@1 : 0.2074    precision@2 : 0.1782    precision@3 : 0.1528    precision@4 : 0.1389    precision@5 : 0.128    precision@10 : 0.0899    precision@20 : 0.0608    precision@30 : 0.047    precision@50 : 0.0327    map@1 : 0.2074    map@2 : 0.2089    map@3 : 0.213    map@4 : 0.2212    map@5 : 0.2282    map@10 : 0.2471    map@20 : 0.2608    map@30 : 0.2667    map@50 : 0.2714
Sun 15 Mar 2026 19:24:00 INFO  Saving current: saved/SCL-Mar-15-2026_19-22-12.pth
Sun 15 Mar 2026 19:24:00 INFO  Saving current best: saved/SCL-Mar-15-2026_19-22-12.pth
Sun 15 Mar 2026 19:24:00 INFO  Running E-step ! 
Sun 15 Mar 2026 19:24:04 INFO  epoch 18 training [time: 3.75s, train_loss1: 98.5878, train_loss2: 0.0465, train_loss3: 0.0000]
Sun 15 Mar 2026 19:24:06 INFO  epoch 18 evaluating [time: 1.59s, valid_score: 0.334300]
Sun 15 Mar 2026 19:24:06 INFO  valid result: 
recall@1 : 0.1295    recall@2 : 0.2133    recall@3 : 0.2742    recall@4 : 0.3261    recall@5 : 0.3702    recall@10 : 0.4972    recall@20 : 0.6327    recall@30 : 0.7061    recall@50 : 0.7953    ndcg@1 : 0.2086    ndcg@2 : 0.2326    ndcg@3 : 0.2548    ndcg@4 : 0.2736    ndcg@5 : 0.2899    ndcg@10 : 0.3343    ndcg@20 : 0.3751    ndcg@30 : 0.3952    ndcg@50 : 0.4163    precision@1 : 0.2086    precision@2 : 0.1743    precision@3 : 0.1549    precision@4 : 0.1399    precision@5 : 0.129    precision@10 : 0.0902    precision@20 : 0.0609    precision@30 : 0.0472    precision@50 : 0.0329    map@1 : 0.2086    map@2 : 0.2055    map@3 : 0.213    map@4 : 0.221    map@5 : 0.2283    map@10 : 0.2471    map@20 : 0.2609    map@30 : 0.2668    map@50 : 0.2716
Sun 15 Mar 2026 19:24:06 INFO  Saving current: saved/SCL-Mar-15-2026_19-22-12.pth
Sun 15 Mar 2026 19:24:06 INFO  Saving current best: saved/SCL-Mar-15-2026_19-22-12.pth
Sun 15 Mar 2026 19:24:06 INFO  Running E-step ! 
Sun 15 Mar 2026 19:24:10 INFO  epoch 19 training [time: 4.01s, train_loss1: 96.9789, train_loss2: 0.0459, train_loss3: 0.0000]
Sun 15 Mar 2026 19:24:11 INFO  epoch 19 evaluating [time: 1.58s, valid_score: 0.334700]
Sun 15 Mar 2026 19:24:11 INFO  valid result: 
recall@1 : 0.1285    recall@2 : 0.2133    recall@3 : 0.2755    recall@4 : 0.3257    recall@5 : 0.369    recall@10 : 0.4989    recall@20 : 0.6348    recall@30 : 0.7057    recall@50 : 0.7989    ndcg@1 : 0.2092    ndcg@2 : 0.2334    ndcg@3 : 0.2553    ndcg@4 : 0.2737    ndcg@5 : 0.2894    ndcg@10 : 0.3347    ndcg@20 : 0.3757    ndcg@30 : 0.3947    ndcg@50 : 0.4168    precision@1 : 0.2092    precision@2 : 0.1755    precision@3 : 0.1553    precision@4 : 0.1403    precision@5 : 0.1288    precision@10 : 0.0906    precision@20 : 0.0614    precision@30 : 0.0471    precision@50 : 0.033    map@1 : 0.2092    map@2 : 0.2062    map@3 : 0.2131    map@4 : 0.2211    map@5 : 0.228    map@10 : 0.2471    map@20 : 0.2609    map@30 : 0.2664    map@50 : 0.2715
Sun 15 Mar 2026 19:24:11 INFO  Saving current: saved/SCL-Mar-15-2026_19-22-12.pth
Sun 15 Mar 2026 19:24:11 INFO  Saving current best: saved/SCL-Mar-15-2026_19-22-12.pth
Sun 15 Mar 2026 19:24:11 INFO  Running E-step ! 
Sun 15 Mar 2026 19:24:15 INFO  epoch 20 training [time: 4.28s, train_loss1: 95.8527, train_loss2: 0.0454, train_loss3: 0.0000, train_loss4: 0.0037]
Sun 15 Mar 2026 19:24:17 INFO  epoch 20 evaluating [time: 1.59s, valid_score: 0.334900]
Sun 15 Mar 2026 19:24:17 INFO  valid result: 
recall@1 : 0.124    recall@2 : 0.2154    recall@3 : 0.2769    recall@4 : 0.3332    recall@5 : 0.3721    recall@10 : 0.5005    recall@20 : 0.6353    recall@30 : 0.7072    recall@50 : 0.8014    ndcg@1 : 0.205    ndcg@2 : 0.2335    ndcg@3 : 0.2549    ndcg@4 : 0.2757    ndcg@5 : 0.2898    ndcg@10 : 0.3349    ndcg@20 : 0.3753    ndcg@30 : 0.3949    ndcg@50 : 0.4171    precision@1 : 0.205    precision@2 : 0.1773    precision@3 : 0.1561    precision@4 : 0.1423    precision@5 : 0.1293    precision@10 : 0.0914    precision@20 : 0.0616    precision@30 : 0.0474    precision@50 : 0.0332    map@1 : 0.205    map@2 : 0.2053    map@3 : 0.2123    map@4 : 0.2213    map@5 : 0.2274    map@10 : 0.2465    map@20 : 0.2601    map@30 : 0.2658    map@50 : 0.2709
Sun 15 Mar 2026 19:24:17 INFO  Saving current: saved/SCL-Mar-15-2026_19-22-12.pth
Sun 15 Mar 2026 19:24:17 INFO  Saving current best: saved/SCL-Mar-15-2026_19-22-12.pth
Sun 15 Mar 2026 19:24:17 INFO  Running E-step ! 
Sun 15 Mar 2026 19:24:22 INFO  epoch 21 training [time: 5.38s, train_loss1: 94.0333, train_loss2: 0.0447, train_loss3: 0.0000, train_loss4: 0.0032]
Sun 15 Mar 2026 19:24:24 INFO  epoch 21 evaluating [time: 1.59s, valid_score: 0.334100]
Sun 15 Mar 2026 19:24:24 INFO  valid result: 
recall@1 : 0.1245    recall@2 : 0.2162    recall@3 : 0.2756    recall@4 : 0.3324    recall@5 : 0.3733    recall@10 : 0.4972    recall@20 : 0.6307    recall@30 : 0.707    recall@50 : 0.7989    ndcg@1 : 0.2044    ndcg@2 : 0.2344    ndcg@3 : 0.2543    ndcg@4 : 0.2759    ndcg@5 : 0.2908    ndcg@10 : 0.3341    ndcg@20 : 0.3742    ndcg@30 : 0.3948    ndcg@50 : 0.4166    precision@1 : 0.2044    precision@2 : 0.1782    precision@3 : 0.1555    precision@4 : 0.1432    precision@5 : 0.1306    precision@10 : 0.0914    precision@20 : 0.0613    precision@30 : 0.0475    precision@50 : 0.0332    map@1 : 0.2044    map@2 : 0.2063    map@3 : 0.2121    map@4 : 0.222    map@5 : 0.2285    map@10 : 0.2467    map@20 : 0.2603    map@30 : 0.2662    map@50 : 0.2712
Sun 15 Mar 2026 19:24:24 INFO  Running E-step ! 
Sun 15 Mar 2026 19:24:29 INFO  epoch 22 training [time: 5.17s, train_loss1: 90.9547, train_loss2: 0.0442, train_loss3: 0.0000, train_loss4: 0.0036]
Sun 15 Mar 2026 19:24:31 INFO  epoch 22 evaluating [time: 1.69s, valid_score: 0.335700]
Sun 15 Mar 2026 19:24:31 INFO  valid result: 
recall@1 : 0.1252    recall@2 : 0.2181    recall@3 : 0.2776    recall@4 : 0.3326    recall@5 : 0.3717    recall@10 : 0.4977    recall@20 : 0.6296    recall@30 : 0.7087    recall@50 : 0.7985    ndcg@1 : 0.2062    ndcg@2 : 0.2368    ndcg@3 : 0.2569    ndcg@4 : 0.2771    ndcg@5 : 0.2913    ndcg@10 : 0.3357    ndcg@20 : 0.3752    ndcg@30 : 0.3964    ndcg@50 : 0.4178    precision@1 : 0.2062    precision@2 : 0.1806    precision@3 : 0.1581    precision@4 : 0.1436    precision@5 : 0.1306    precision@10 : 0.0922    precision@20 : 0.0614    precision@30 : 0.0477    precision@50 : 0.0332    map@1 : 0.2062    map@2 : 0.2089    map@3 : 0.2142    map@4 : 0.2231    map@5 : 0.2291    map@10 : 0.2481    map@20 : 0.2614    map@30 : 0.2675    map@50 : 0.2725
Sun 15 Mar 2026 19:24:31 INFO  Saving current: saved/SCL-Mar-15-2026_19-22-12.pth
Sun 15 Mar 2026 19:24:31 INFO  Saving current best: saved/SCL-Mar-15-2026_19-22-12.pth
Sun 15 Mar 2026 19:24:31 INFO  Running E-step ! 
Sun 15 Mar 2026 19:24:36 INFO  epoch 23 training [time: 4.66s, train_loss1: 90.0667, train_loss2: 0.0436, train_loss3: 0.0000, train_loss4: 0.0034]
Sun 15 Mar 2026 19:24:37 INFO  epoch 23 evaluating [time: 1.59s, valid_score: 0.336400]
Sun 15 Mar 2026 19:24:37 INFO  valid result: 
recall@1 : 0.1271    recall@2 : 0.2185    recall@3 : 0.2783    recall@4 : 0.3252    recall@5 : 0.3692    recall@10 : 0.4983    recall@20 : 0.628    recall@30 : 0.7043    recall@50 : 0.7948    ndcg@1 : 0.208    ndcg@2 : 0.2374    ndcg@3 : 0.2583    ndcg@4 : 0.2747    ndcg@5 : 0.2911    ndcg@10 : 0.3364    ndcg@20 : 0.3755    ndcg@30 : 0.3962    ndcg@50 : 0.4177    precision@1 : 0.208    precision@2 : 0.1803    precision@3 : 0.1595    precision@4 : 0.1418    precision@5 : 0.1308    precision@10 : 0.0922    precision@20 : 0.0614    precision@30 : 0.0476    precision@50 : 0.0332    map@1 : 0.208    map@2 : 0.2102    map@3 : 0.2158    map@4 : 0.2224    map@5 : 0.2295    map@10 : 0.2492    map@20 : 0.2624    map@30 : 0.2685    map@50 : 0.2735
Sun 15 Mar 2026 19:24:37 INFO  Saving current: saved/SCL-Mar-15-2026_19-22-12.pth
Sun 15 Mar 2026 19:24:37 INFO  Saving current best: saved/SCL-Mar-15-2026_19-22-12.pth
Sun 15 Mar 2026 19:24:37 INFO  Running E-step ! 
Sun 15 Mar 2026 19:24:42 INFO  epoch 24 training [time: 5.10s, train_loss1: 88.7722, train_loss2: 0.0431, train_loss3: 0.0000, train_loss4: 0.0031]
Sun 15 Mar 2026 19:24:44 INFO  epoch 24 evaluating [time: 1.59s, valid_score: 0.337700]
Sun 15 Mar 2026 19:24:44 INFO  valid result: 
recall@1 : 0.1251    recall@2 : 0.2191    recall@3 : 0.2786    recall@4 : 0.3288    recall@5 : 0.3717    recall@10 : 0.5018    recall@20 : 0.631    recall@30 : 0.7044    recall@50 : 0.7963    ndcg@1 : 0.2056    ndcg@2 : 0.2369    ndcg@3 : 0.2577    ndcg@4 : 0.2761    ndcg@5 : 0.2916    ndcg@10 : 0.3377    ndcg@20 : 0.3766    ndcg@30 : 0.3965    ndcg@50 : 0.4183    precision@1 : 0.2056    precision@2 : 0.1806    precision@3 : 0.1595    precision@4 : 0.1438    precision@5 : 0.1315    precision@10 : 0.0931    precision@20 : 0.062    precision@30 : 0.0478    precision@50 : 0.0333    map@1 : 0.2056    map@2 : 0.2093    map@3 : 0.2149    map@4 : 0.2225    map@5 : 0.2293    map@10 : 0.2494    map@20 : 0.2626    map@30 : 0.2685    map@50 : 0.2735
Sun 15 Mar 2026 19:24:44 INFO  Saving current: saved/SCL-Mar-15-2026_19-22-12.pth
Sun 15 Mar 2026 19:24:44 INFO  Saving current best: saved/SCL-Mar-15-2026_19-22-12.pth
Sun 15 Mar 2026 19:24:44 INFO  Running E-step ! 
Sun 15 Mar 2026 19:24:48 INFO  epoch 25 training [time: 4.07s, train_loss1: 88.0546, train_loss2: 0.0427, train_loss3: 0.0000, train_loss4: 0.0034]
Sun 15 Mar 2026 19:24:50 INFO  epoch 25 evaluating [time: 1.59s, valid_score: 0.339100]
Sun 15 Mar 2026 19:24:50 INFO  valid result: 
recall@1 : 0.1252    recall@2 : 0.2194    recall@3 : 0.2799    recall@4 : 0.3328    recall@5 : 0.3737    recall@10 : 0.5032    recall@20 : 0.6335    recall@30 : 0.7062    recall@50 : 0.7986    ndcg@1 : 0.2086    ndcg@2 : 0.2376    ndcg@3 : 0.2588    ndcg@4 : 0.2785    ndcg@5 : 0.2931    ndcg@10 : 0.3391    ndcg@20 : 0.3784    ndcg@30 : 0.398    ndcg@50 : 0.4198    precision@1 : 0.2086    precision@2 : 0.1806    precision@3 : 0.1601    precision@4 : 0.1456    precision@5 : 0.1323    precision@10 : 0.0937    precision@20 : 0.0623    precision@30 : 0.0479    precision@50 : 0.0334    map@1 : 0.2086    map@2 : 0.2095    map@3 : 0.2157    map@4 : 0.2239    map@5 : 0.2303    map@10 : 0.2503    map@20 : 0.2637    map@30 : 0.2696    map@50 : 0.2746
Sun 15 Mar 2026 19:24:50 INFO  Saving current: saved/SCL-Mar-15-2026_19-22-12.pth
Sun 15 Mar 2026 19:24:50 INFO  Saving current best: saved/SCL-Mar-15-2026_19-22-12.pth
Sun 15 Mar 2026 19:24:50 INFO  Running E-step ! 
Sun 15 Mar 2026 19:24:54 INFO  epoch 26 training [time: 4.08s, train_loss1: 86.0682, train_loss2: 0.0421, train_loss3: 0.0000, train_loss4: 0.0035]
Sun 15 Mar 2026 19:24:55 INFO  epoch 26 evaluating [time: 1.59s, valid_score: 0.338700]
Sun 15 Mar 2026 19:24:55 INFO  valid result: 
recall@1 : 0.1237    recall@2 : 0.215    recall@3 : 0.2788    recall@4 : 0.3311    recall@5 : 0.3768    recall@10 : 0.5063    recall@20 : 0.6356    recall@30 : 0.7073    recall@50 : 0.7966    ndcg@1 : 0.205    ndcg@2 : 0.2331    ndcg@3 : 0.2566    ndcg@4 : 0.2762    ndcg@5 : 0.2931    ndcg@10 : 0.3387    ndcg@20 : 0.3778    ndcg@30 : 0.3974    ndcg@50 : 0.4186    precision@1 : 0.205    precision@2 : 0.1767    precision@3 : 0.1595    precision@4 : 0.145    precision@5 : 0.1336    precision@10 : 0.094    precision@20 : 0.0626    precision@30 : 0.0481    precision@50 : 0.0334    map@1 : 0.205    map@2 : 0.2062    map@3 : 0.2137    map@4 : 0.222    map@5 : 0.2296    map@10 : 0.2493    map@20 : 0.2628    map@30 : 0.2686    map@50 : 0.2736
Sun 15 Mar 2026 19:24:55 INFO  Running E-step ! 
Sun 15 Mar 2026 19:24:59 INFO  epoch 27 training [time: 3.66s, train_loss1: 85.9318, train_loss2: 0.0415, train_loss3: 0.0000, train_loss4: 0.0032]
Sun 15 Mar 2026 19:25:01 INFO  epoch 27 evaluating [time: 1.60s, valid_score: 0.342100]
Sun 15 Mar 2026 19:25:01 INFO  valid result: 
recall@1 : 0.1289    recall@2 : 0.2202    recall@3 : 0.2798    recall@4 : 0.3341    recall@5 : 0.3787    recall@10 : 0.5062    recall@20 : 0.6397    recall@30 : 0.7104    recall@50 : 0.7981    ndcg@1 : 0.2133    ndcg@2 : 0.2393    ndcg@3 : 0.2603    ndcg@4 : 0.2805    ndcg@5 : 0.2972    ndcg@10 : 0.3421    ndcg@20 : 0.3825    ndcg@30 : 0.4015    ndcg@50 : 0.4225    precision@1 : 0.2133    precision@2 : 0.1806    precision@3 : 0.1605    precision@4 : 0.146    precision@5 : 0.1346    precision@10 : 0.094    precision@20 : 0.0632    precision@30 : 0.0483    precision@50 : 0.0335    map@1 : 0.2133    map@2 : 0.212    map@3 : 0.2177    map@4 : 0.2264    map@5 : 0.2337    map@10 : 0.2531    map@20 : 0.2671    map@30 : 0.2728    map@50 : 0.2777
Sun 15 Mar 2026 19:25:01 INFO  Saving current: saved/SCL-Mar-15-2026_19-22-12.pth
Sun 15 Mar 2026 19:25:01 INFO  Saving current best: saved/SCL-Mar-15-2026_19-22-12.pth
Sun 15 Mar 2026 19:25:01 INFO  Running E-step ! 
Sun 15 Mar 2026 19:25:05 INFO  epoch 28 training [time: 4.30s, train_loss1: 84.1058, train_loss2: 0.0410, train_loss3: 0.0000, train_loss4: 0.0026]
Sun 15 Mar 2026 19:25:06 INFO  epoch 28 evaluating [time: 1.60s, valid_score: 0.345000]
Sun 15 Mar 2026 19:25:06 INFO  valid result: 
recall@1 : 0.1307    recall@2 : 0.222    recall@3 : 0.2887    recall@4 : 0.3377    recall@5 : 0.3808    recall@10 : 0.5086    recall@20 : 0.6384    recall@30 : 0.7107    recall@50 : 0.8012    ndcg@1 : 0.2145    ndcg@2 : 0.2407    ndcg@3 : 0.2655    ndcg@4 : 0.2838    ndcg@5 : 0.2995    ndcg@10 : 0.345    ndcg@20 : 0.384    ndcg@30 : 0.4037    ndcg@50 : 0.4252    precision@1 : 0.2145    precision@2 : 0.1815    precision@3 : 0.1631    precision@4 : 0.1475    precision@5 : 0.1347    precision@10 : 0.0948    precision@20 : 0.0629    precision@30 : 0.0484    precision@50 : 0.0336    map@1 : 0.2145    map@2 : 0.2132    map@3 : 0.2218    map@4 : 0.2293    map@5 : 0.2361    map@10 : 0.256    map@20 : 0.2695    map@30 : 0.2754    map@50 : 0.2805
Sun 15 Mar 2026 19:25:06 INFO  Saving current: saved/SCL-Mar-15-2026_19-22-12.pth
Sun 15 Mar 2026 19:25:06 INFO  Saving current best: saved/SCL-Mar-15-2026_19-22-12.pth
Sun 15 Mar 2026 19:25:06 INFO  Running E-step ! 
Sun 15 Mar 2026 19:25:12 INFO  epoch 29 training [time: 5.23s, train_loss1: 82.9571, train_loss2: 0.0404, train_loss3: 0.0000, train_loss4: 0.0031]
Sun 15 Mar 2026 19:25:13 INFO  epoch 29 evaluating [time: 1.60s, valid_score: 0.346500]
Sun 15 Mar 2026 19:25:13 INFO  valid result: 
recall@1 : 0.1303    recall@2 : 0.2242    recall@3 : 0.2896    recall@4 : 0.342    recall@5 : 0.385    recall@10 : 0.511    recall@20 : 0.6417    recall@30 : 0.7124    recall@50 : 0.8013    ndcg@1 : 0.2122    ndcg@2 : 0.2414    ndcg@3 : 0.2661    ndcg@4 : 0.2861    ndcg@5 : 0.3019    ndcg@10 : 0.3465    ndcg@20 : 0.3857    ndcg@30 : 0.405    ndcg@50 : 0.4263    precision@1 : 0.2122    precision@2 : 0.1827    precision@3 : 0.1641    precision@4 : 0.1496    precision@5 : 0.1366    precision@10 : 0.0954    precision@20 : 0.0631    precision@30 : 0.0484    precision@50 : 0.0337    map@1 : 0.2122    map@2 : 0.2131    map@3 : 0.2219    map@4 : 0.2307    map@5 : 0.2378    map@10 : 0.2573    map@20 : 0.2708    map@30 : 0.2766    map@50 : 0.2816
Sun 15 Mar 2026 19:25:13 INFO  Saving current: saved/SCL-Mar-15-2026_19-22-12.pth
Sun 15 Mar 2026 19:25:13 INFO  Saving current best: saved/SCL-Mar-15-2026_19-22-12.pth
Sun 15 Mar 2026 19:25:13 INFO  Running E-step ! 
Sun 15 Mar 2026 19:25:18 INFO  epoch 30 training [time: 5.03s, train_loss1: 80.1509, train_loss2: 0.0399, train_loss3: 0.0000, train_loss4: 0.0032]
Sun 15 Mar 2026 19:25:20 INFO  epoch 30 evaluating [time: 1.60s, valid_score: 0.347600]
Sun 15 Mar 2026 19:25:20 INFO  valid result: 
recall@1 : 0.1327    recall@2 : 0.2236    recall@3 : 0.2935    recall@4 : 0.343    recall@5 : 0.3837    recall@10 : 0.5116    recall@20 : 0.6394    recall@30 : 0.7132    recall@50 : 0.801    ndcg@1 : 0.2128    ndcg@2 : 0.2422    ndcg@3 : 0.2685    ndcg@4 : 0.287    ndcg@5 : 0.3022    ndcg@10 : 0.3476    ndcg@20 : 0.3863    ndcg@30 : 0.4063    ndcg@50 : 0.4273    precision@1 : 0.2128    precision@2 : 0.1833    precision@3 : 0.1653    precision@4 : 0.149    precision@5 : 0.1359    precision@10 : 0.0954    precision@20 : 0.063    precision@30 : 0.0485    precision@50 : 0.0337    map@1 : 0.2128    map@2 : 0.2142    map@3 : 0.2242    map@4 : 0.2319    map@5 : 0.2388    map@10 : 0.2587    map@20 : 0.2721    map@30 : 0.2782    map@50 : 0.2832
Sun 15 Mar 2026 19:25:20 INFO  Saving current: saved/SCL-Mar-15-2026_19-22-12.pth
Sun 15 Mar 2026 19:25:20 INFO  Saving current best: saved/SCL-Mar-15-2026_19-22-12.pth
Sun 15 Mar 2026 19:25:20 INFO  Running E-step ! 
Sun 15 Mar 2026 19:25:24 INFO  epoch 31 training [time: 4.39s, train_loss1: 78.8428, train_loss2: 0.0394, train_loss3: 0.0000, train_loss4: 0.0023]
Sun 15 Mar 2026 19:25:26 INFO  epoch 31 evaluating [time: 1.60s, valid_score: 0.351400]
Sun 15 Mar 2026 19:25:26 INFO  valid result: 
recall@1 : 0.136    recall@2 : 0.227    recall@3 : 0.2961    recall@4 : 0.3403    recall@5 : 0.3871    recall@10 : 0.5165    recall@20 : 0.6404    recall@30 : 0.7164    recall@50 : 0.7995    ndcg@1 : 0.2175    ndcg@2 : 0.2465    ndcg@3 : 0.2718    ndcg@4 : 0.2882    ndcg@5 : 0.3056    ndcg@10 : 0.3514    ndcg@20 : 0.3889    ndcg@30 : 0.4094    ndcg@50 : 0.4295    precision@1 : 0.2175    precision@2 : 0.1862    precision@3 : 0.1665    precision@4 : 0.1488    precision@5 : 0.1367    precision@10 : 0.0962    precision@20 : 0.0632    precision@30 : 0.0486    precision@50 : 0.0337    map@1 : 0.2175    map@2 : 0.2183    map@3 : 0.2272    map@4 : 0.2339    map@5 : 0.2415    map@10 : 0.2619    map@20 : 0.275    map@30 : 0.2811    map@50 : 0.286
Sun 15 Mar 2026 19:25:26 INFO  Saving current: saved/SCL-Mar-15-2026_19-22-12.pth
Sun 15 Mar 2026 19:25:26 INFO  Saving current best: saved/SCL-Mar-15-2026_19-22-12.pth
Sun 15 Mar 2026 19:25:26 INFO  Running E-step ! 
Sun 15 Mar 2026 19:25:31 INFO  epoch 32 training [time: 5.19s, train_loss1: 78.1541, train_loss2: 0.0389, train_loss3: 0.0000, train_loss4: 0.0025]
Sun 15 Mar 2026 19:25:33 INFO  epoch 32 evaluating [time: 1.60s, valid_score: 0.351500]
Sun 15 Mar 2026 19:25:33 INFO  valid result: 
recall@1 : 0.1375    recall@2 : 0.2284    recall@3 : 0.2983    recall@4 : 0.3447    recall@5 : 0.3851    recall@10 : 0.5142    recall@20 : 0.6423    recall@30 : 0.7177    recall@50 : 0.7984    ndcg@1 : 0.2199    ndcg@2 : 0.249    ndcg@3 : 0.2738    ndcg@4 : 0.2912    ndcg@5 : 0.3059    ndcg@10 : 0.3515    ndcg@20 : 0.3904    ndcg@30 : 0.4108    ndcg@50 : 0.4304    precision@1 : 0.2199    precision@2 : 0.1889    precision@3 : 0.1675    precision@4 : 0.15    precision@5 : 0.1361    precision@10 : 0.0955    precision@20 : 0.0633    precision@30 : 0.0488    precision@50 : 0.0337    map@1 : 0.2199    map@2 : 0.2204    map@3 : 0.2295    map@4 : 0.2365    map@5 : 0.2428    map@10 : 0.2628    map@20 : 0.2763    map@30 : 0.2825    map@50 : 0.2873
Sun 15 Mar 2026 19:25:33 INFO  Saving current: saved/SCL-Mar-15-2026_19-22-12.pth
Sun 15 Mar 2026 19:25:33 INFO  Saving current best: saved/SCL-Mar-15-2026_19-22-12.pth
Sun 15 Mar 2026 19:25:33 INFO  Running E-step ! 
Sun 15 Mar 2026 19:25:38 INFO  epoch 33 training [time: 4.99s, train_loss1: 76.8116, train_loss2: 0.0383, train_loss3: 0.0000, train_loss4: 0.0027]
Sun 15 Mar 2026 19:25:39 INFO  epoch 33 evaluating [time: 1.60s, valid_score: 0.352300]
Sun 15 Mar 2026 19:25:39 INFO  valid result: 
recall@1 : 0.1347    recall@2 : 0.2297    recall@3 : 0.2952    recall@4 : 0.3457    recall@5 : 0.3868    recall@10 : 0.5183    recall@20 : 0.6439    recall@30 : 0.7195    recall@50 : 0.8015    ndcg@1 : 0.2157    ndcg@2 : 0.2487    ndcg@3 : 0.2711    ndcg@4 : 0.2905    ndcg@5 : 0.3059    ndcg@10 : 0.3523    ndcg@20 : 0.3901    ndcg@30 : 0.4105    ndcg@50 : 0.4303    precision@1 : 0.2157    precision@2 : 0.1892    precision@3 : 0.1657    precision@4 : 0.1508    precision@5 : 0.1377    precision@10 : 0.0968    precision@20 : 0.0634    precision@30 : 0.0489    precision@50 : 0.0338    map@1 : 0.2157    map@2 : 0.2195    map@3 : 0.2264    map@4 : 0.235    map@5 : 0.2416    map@10 : 0.2621    map@20 : 0.2754    map@30 : 0.2815    map@50 : 0.2863
Sun 15 Mar 2026 19:25:39 INFO  Saving current: saved/SCL-Mar-15-2026_19-22-12.pth
Sun 15 Mar 2026 19:25:39 INFO  Saving current best: saved/SCL-Mar-15-2026_19-22-12.pth
Sun 15 Mar 2026 19:25:39 INFO  Running E-step ! 
Sun 15 Mar 2026 19:25:44 INFO  epoch 34 training [time: 4.98s, train_loss1: 75.3781, train_loss2: 0.0379, train_loss3: 0.0000, train_loss4: 0.0027]
Sun 15 Mar 2026 19:25:46 INFO  epoch 34 evaluating [time: 1.59s, valid_score: 0.354100]
Sun 15 Mar 2026 19:25:46 INFO  valid result: 
recall@1 : 0.1394    recall@2 : 0.2312    recall@3 : 0.2942    recall@4 : 0.3453    recall@5 : 0.3819    recall@10 : 0.5188    recall@20 : 0.6456    recall@30 : 0.7207    recall@50 : 0.8014    ndcg@1 : 0.2199    ndcg@2 : 0.251    ndcg@3 : 0.2724    ndcg@4 : 0.2918    ndcg@5 : 0.3054    ndcg@10 : 0.3541    ndcg@20 : 0.3924    ndcg@30 : 0.4125    ndcg@50 : 0.432    precision@1 : 0.2199    precision@2 : 0.1898    precision@3 : 0.1651    precision@4 : 0.1499    precision@5 : 0.1359    precision@10 : 0.097    precision@20 : 0.0639    precision@30 : 0.049    precision@50 : 0.0337    map@1 : 0.2199    map@2 : 0.2227    map@3 : 0.229    map@4 : 0.237    map@5 : 0.2426    map@10 : 0.2645    map@20 : 0.278    map@30 : 0.284    map@50 : 0.2887
Sun 15 Mar 2026 19:25:46 INFO  Saving current: saved/SCL-Mar-15-2026_19-22-12.pth
Sun 15 Mar 2026 19:25:46 INFO  Saving current best: saved/SCL-Mar-15-2026_19-22-12.pth
Sun 15 Mar 2026 19:25:46 INFO  Running E-step ! 
Sun 15 Mar 2026 19:25:51 INFO  epoch 35 training [time: 5.23s, train_loss1: 74.7221, train_loss2: 0.0372, train_loss3: 0.0000, train_loss4: 0.0025]
Sun 15 Mar 2026 19:25:53 INFO  epoch 35 evaluating [time: 1.59s, valid_score: 0.357100]
Sun 15 Mar 2026 19:25:53 INFO  valid result: 
recall@1 : 0.1395    recall@2 : 0.2342    recall@3 : 0.2969    recall@4 : 0.3478    recall@5 : 0.3872    recall@10 : 0.523    recall@20 : 0.6457    recall@30 : 0.7206    recall@50 : 0.8006    ndcg@1 : 0.2205    ndcg@2 : 0.2541    ndcg@3 : 0.275    ndcg@4 : 0.2943    ndcg@5 : 0.3086    ndcg@10 : 0.3571    ndcg@20 : 0.3939    ndcg@30 : 0.414    ndcg@50 : 0.4335    precision@1 : 0.2205    precision@2 : 0.1934    precision@3 : 0.1673    precision@4 : 0.1517    precision@5 : 0.1372    precision@10 : 0.0981    precision@20 : 0.0639    precision@30 : 0.049    precision@50 : 0.0337    map@1 : 0.2205    map@2 : 0.2251    map@3 : 0.2308    map@4 : 0.2389    map@5 : 0.2451    map@10 : 0.2668    map@20 : 0.2797    map@30 : 0.2857    map@50 : 0.2904
Sun 15 Mar 2026 19:25:53 INFO  Saving current: saved/SCL-Mar-15-2026_19-22-12.pth
Sun 15 Mar 2026 19:25:53 INFO  Saving current best: saved/SCL-Mar-15-2026_19-22-12.pth
Sun 15 Mar 2026 19:25:53 INFO  Running E-step ! 
Sun 15 Mar 2026 19:25:58 INFO  epoch 36 training [time: 5.33s, train_loss1: 74.0161, train_loss2: 0.0366, train_loss3: 0.0000, train_loss4: 0.0029]
Sun 15 Mar 2026 19:26:00 INFO  epoch 36 evaluating [time: 1.59s, valid_score: 0.356300]
Sun 15 Mar 2026 19:26:00 INFO  valid result: 
recall@1 : 0.1394    recall@2 : 0.2316    recall@3 : 0.2982    recall@4 : 0.3497    recall@5 : 0.386    recall@10 : 0.5214    recall@20 : 0.6458    recall@30 : 0.7239    recall@50 : 0.8032    ndcg@1 : 0.2211    ndcg@2 : 0.2517    ndcg@3 : 0.275    ndcg@4 : 0.295    ndcg@5 : 0.3077    ndcg@10 : 0.3563    ndcg@20 : 0.3938    ndcg@30 : 0.4145    ndcg@50 : 0.4338    precision@1 : 0.2211    precision@2 : 0.1907    precision@3 : 0.1673    precision@4 : 0.1526    precision@5 : 0.1366    precision@10 : 0.098    precision@20 : 0.064    precision@30 : 0.0491    precision@50 : 0.0338    map@1 : 0.2211    map@2 : 0.2232    map@3 : 0.2308    map@4 : 0.2393    map@5 : 0.2445    map@10 : 0.2662    map@20 : 0.2793    map@30 : 0.2855    map@50 : 0.2902
Sun 15 Mar 2026 19:26:00 INFO  Running E-step ! 
Sun 15 Mar 2026 19:26:04 INFO  epoch 37 training [time: 4.37s, train_loss1: 72.3826, train_loss2: 0.0362, train_loss3: 0.0000, train_loss4: 0.0028]
Sun 15 Mar 2026 19:26:06 INFO  epoch 37 evaluating [time: 1.59s, valid_score: 0.358300]
Sun 15 Mar 2026 19:26:06 INFO  valid result: 
recall@1 : 0.1416    recall@2 : 0.2342    recall@3 : 0.2968    recall@4 : 0.3474    recall@5 : 0.3889    recall@10 : 0.5235    recall@20 : 0.6506    recall@30 : 0.7227    recall@50 : 0.8053    ndcg@1 : 0.2253    ndcg@2 : 0.2544    ndcg@3 : 0.2754    ndcg@4 : 0.2952    ndcg@5 : 0.31    ndcg@10 : 0.3583    ndcg@20 : 0.3964    ndcg@30 : 0.4157    ndcg@50 : 0.4357    precision@1 : 0.2253    precision@2 : 0.1922    precision@3 : 0.1663    precision@4 : 0.1521    precision@5 : 0.1372    precision@10 : 0.0982    precision@20 : 0.0644    precision@30 : 0.0492    precision@50 : 0.0339    map@1 : 0.2253    map@2 : 0.2256    map@3 : 0.2316    map@4 : 0.2398    map@5 : 0.2462    map@10 : 0.268    map@20 : 0.2812    map@30 : 0.2871    map@50 : 0.2919
Sun 15 Mar 2026 19:26:06 INFO  Saving current: saved/SCL-Mar-15-2026_19-22-12.pth
Sun 15 Mar 2026 19:26:06 INFO  Saving current best: saved/SCL-Mar-15-2026_19-22-12.pth
Sun 15 Mar 2026 19:26:06 INFO  Running E-step ! 
Sun 15 Mar 2026 19:26:11 INFO  epoch 38 training [time: 5.12s, train_loss1: 70.9679, train_loss2: 0.0357, train_loss3: 0.0000, train_loss4: 0.0025]
Sun 15 Mar 2026 19:26:12 INFO  epoch 38 evaluating [time: 1.58s, valid_score: 0.358200]
Sun 15 Mar 2026 19:26:12 INFO  valid result: 
recall@1 : 0.1395    recall@2 : 0.2358    recall@3 : 0.2955    recall@4 : 0.3468    recall@5 : 0.3916    recall@10 : 0.5235    recall@20 : 0.6494    recall@30 : 0.7233    recall@50 : 0.8064    ndcg@1 : 0.2241    ndcg@2 : 0.2548    ndcg@3 : 0.2746    ndcg@4 : 0.2941    ndcg@5 : 0.311    ndcg@10 : 0.3582    ndcg@20 : 0.3961    ndcg@30 : 0.4159    ndcg@50 : 0.4358    precision@1 : 0.2241    precision@2 : 0.1931    precision@3 : 0.1665    precision@4 : 0.1514    precision@5 : 0.139    precision@10 : 0.0984    precision@20 : 0.0644    precision@30 : 0.0493    precision@50 : 0.0339    map@1 : 0.2241    map@2 : 0.2253    map@3 : 0.2305    map@4 : 0.2387    map@5 : 0.2465    map@10 : 0.2678    map@20 : 0.281    map@30 : 0.2869    map@50 : 0.2917
Sun 15 Mar 2026 19:26:12 INFO  Running E-step ! 
Sun 15 Mar 2026 19:26:17 INFO  epoch 39 training [time: 4.39s, train_loss1: 69.2185, train_loss2: 0.0351, train_loss3: 0.0000, train_loss4: 0.0027]
Sun 15 Mar 2026 19:26:18 INFO  epoch 39 evaluating [time: 1.59s, valid_score: 0.359200]
Sun 15 Mar 2026 19:26:18 INFO  valid result: 
recall@1 : 0.1405    recall@2 : 0.2375    recall@3 : 0.2964    recall@4 : 0.3519    recall@5 : 0.3942    recall@10 : 0.5236    recall@20 : 0.6532    recall@30 : 0.7236    recall@50 : 0.8067    ndcg@1 : 0.2259    ndcg@2 : 0.257    ndcg@3 : 0.276    ndcg@4 : 0.2972    ndcg@5 : 0.3129    ndcg@10 : 0.3592    ndcg@20 : 0.3982    ndcg@30 : 0.4172    ndcg@50 : 0.4372    precision@1 : 0.2259    precision@2 : 0.1952    precision@3 : 0.1675    precision@4 : 0.1529    precision@5 : 0.1393    precision@10 : 0.0982    precision@20 : 0.0646    precision@30 : 0.0493    precision@50 : 0.034    map@1 : 0.2259    map@2 : 0.2271    map@3 : 0.2315    map@4 : 0.241    map@5 : 0.2481    map@10 : 0.2687    map@20 : 0.2825    map@30 : 0.2883    map@50 : 0.2931
Sun 15 Mar 2026 19:26:18 INFO  Saving current: saved/SCL-Mar-15-2026_19-22-12.pth
Sun 15 Mar 2026 19:26:18 INFO  Saving current best: saved/SCL-Mar-15-2026_19-22-12.pth
Sun 15 Mar 2026 19:26:18 INFO  Running E-step ! 
Sun 15 Mar 2026 19:26:23 INFO  epoch 40 training [time: 4.37s, train_loss1: 68.6424, train_loss2: 0.0347, train_loss3: 0.0000, train_loss4: 0.0025]
Sun 15 Mar 2026 19:26:24 INFO  epoch 40 evaluating [time: 1.59s, valid_score: 0.358600]
Sun 15 Mar 2026 19:26:24 INFO  valid result: 
recall@1 : 0.1407    recall@2 : 0.2397    recall@3 : 0.2986    recall@4 : 0.3544    recall@5 : 0.3976    recall@10 : 0.5207    recall@20 : 0.6555    recall@30 : 0.7239    recall@50 : 0.8081    ndcg@1 : 0.2217    ndcg@2 : 0.2578    ndcg@3 : 0.2773    ndcg@4 : 0.2988    ndcg@5 : 0.3147    ndcg@10 : 0.3586    ndcg@20 : 0.3991    ndcg@30 : 0.4176    ndcg@50 : 0.4379    precision@1 : 0.2217    precision@2 : 0.1961    precision@3 : 0.1691    precision@4 : 0.1544    precision@5 : 0.1404    precision@10 : 0.0977    precision@20 : 0.0647    precision@30 : 0.0493    precision@50 : 0.0341    map@1 : 0.2217    map@2 : 0.2277    map@3 : 0.2328    map@4 : 0.2425    map@5 : 0.2497    map@10 : 0.2693    map@20 : 0.2834    map@30 : 0.2892    map@50 : 0.294
Sun 15 Mar 2026 19:26:24 INFO  Running E-step ! 
Sun 15 Mar 2026 19:26:29 INFO  epoch 41 training [time: 4.39s, train_loss1: 67.6866, train_loss2: 0.0343, train_loss3: 0.0000, train_loss4: 0.0026]
Sun 15 Mar 2026 19:26:30 INFO  epoch 41 evaluating [time: 1.60s, valid_score: 0.361900]
Sun 15 Mar 2026 19:26:30 INFO  valid result: 
recall@1 : 0.1428    recall@2 : 0.2405    recall@3 : 0.3032    recall@4 : 0.3519    recall@5 : 0.3992    recall@10 : 0.5264    recall@20 : 0.657    recall@30 : 0.7266    recall@50 : 0.811    ndcg@1 : 0.2253    ndcg@2 : 0.2586    ndcg@3 : 0.2806    ndcg@4 : 0.2991    ndcg@5 : 0.3168    ndcg@10 : 0.3619    ndcg@20 : 0.4013    ndcg@30 : 0.4202    ndcg@50 : 0.4402    precision@1 : 0.2253    precision@2 : 0.1961    precision@3 : 0.1708    precision@4 : 0.1539    precision@5 : 0.1412    precision@10 : 0.0986    precision@20 : 0.0651    precision@30 : 0.0497    precision@50 : 0.0341    map@1 : 0.2253    map@2 : 0.229    map@3 : 0.2355    map@4 : 0.2435    map@5 : 0.2517    map@10 : 0.2717    map@20 : 0.2857    map@30 : 0.2915    map@50 : 0.2962
Sun 15 Mar 2026 19:26:30 INFO  Saving current: saved/SCL-Mar-15-2026_19-22-12.pth
Sun 15 Mar 2026 19:26:30 INFO  Saving current best: saved/SCL-Mar-15-2026_19-22-12.pth
Sun 15 Mar 2026 19:26:30 INFO  Running E-step ! 
Sun 15 Mar 2026 19:26:35 INFO  epoch 42 training [time: 5.06s, train_loss1: 65.7599, train_loss2: 0.0339, train_loss3: 0.0000, train_loss4: 0.0025]
Sun 15 Mar 2026 19:26:37 INFO  epoch 42 evaluating [time: 1.60s, valid_score: 0.361000]
Sun 15 Mar 2026 19:26:37 INFO  valid result: 
recall@1 : 0.1442    recall@2 : 0.2407    recall@3 : 0.3029    recall@4 : 0.3524    recall@5 : 0.4018    recall@10 : 0.5213    recall@20 : 0.6579    recall@30 : 0.7247    recall@50 : 0.8091    ndcg@1 : 0.2265    ndcg@2 : 0.2596    ndcg@3 : 0.2815    ndcg@4 : 0.3005    ndcg@5 : 0.3187    ndcg@10 : 0.361    ndcg@20 : 0.4018    ndcg@30 : 0.42    ndcg@50 : 0.4403    precision@1 : 0.2265    precision@2 : 0.1967    precision@3 : 0.1716    precision@4 : 0.1552    precision@5 : 0.1424    precision@10 : 0.0981    precision@20 : 0.065    precision@30 : 0.0494    precision@50 : 0.0341    map@1 : 0.2265    map@2 : 0.2299    map@3 : 0.237    map@4 : 0.2453    map@5 : 0.2535    map@10 : 0.2723    map@20 : 0.2865    map@30 : 0.2922    map@50 : 0.2969
Sun 15 Mar 2026 19:26:37 INFO  Running E-step ! 
Sun 15 Mar 2026 19:26:42 INFO  epoch 43 training [time: 5.30s, train_loss1: 65.9520, train_loss2: 0.0334, train_loss3: 0.0000, train_loss4: 0.0025]
Sun 15 Mar 2026 19:26:44 INFO  epoch 43 evaluating [time: 1.60s, valid_score: 0.362800]
Sun 15 Mar 2026 19:26:44 INFO  valid result: 
recall@1 : 0.1451    recall@2 : 0.2431    recall@3 : 0.3062    recall@4 : 0.3539    recall@5 : 0.3999    recall@10 : 0.5228    recall@20 : 0.6545    recall@30 : 0.7265    recall@50 : 0.8106    ndcg@1 : 0.2271    ndcg@2 : 0.2621    ndcg@3 : 0.2843    ndcg@4 : 0.3021    ndcg@5 : 0.3189    ndcg@10 : 0.3628    ndcg@20 : 0.4023    ndcg@30 : 0.4218    ndcg@50 : 0.442    precision@1 : 0.2271    precision@2 : 0.199    precision@3 : 0.174    precision@4 : 0.1557    precision@5 : 0.142    precision@10 : 0.0986    precision@20 : 0.0648    precision@30 : 0.0496    precision@50 : 0.0342    map@1 : 0.2271    map@2 : 0.2318    map@3 : 0.2395    map@4 : 0.247    map@5 : 0.2544    map@10 : 0.274    map@20 : 0.2879    map@30 : 0.2939    map@50 : 0.2987
Sun 15 Mar 2026 19:26:44 INFO  Saving current: saved/SCL-Mar-15-2026_19-22-12.pth
Sun 15 Mar 2026 19:26:44 INFO  Saving current best: saved/SCL-Mar-15-2026_19-22-12.pth
Sun 15 Mar 2026 19:26:44 INFO  Running E-step ! 
Sun 15 Mar 2026 19:26:49 INFO  epoch 44 training [time: 4.66s, train_loss1: 63.6216, train_loss2: 0.0330, train_loss3: 0.0000, train_loss4: 0.0027]
Sun 15 Mar 2026 19:26:50 INFO  epoch 44 evaluating [time: 1.60s, valid_score: 0.364800]
Sun 15 Mar 2026 19:26:50 INFO  valid result: 
recall@1 : 0.1479    recall@2 : 0.2424    recall@3 : 0.3098    recall@4 : 0.3566    recall@5 : 0.3982    recall@10 : 0.5246    recall@20 : 0.6559    recall@30 : 0.7262    recall@50 : 0.8127    ndcg@1 : 0.233    ndcg@2 : 0.2634    ndcg@3 : 0.2875    ndcg@4 : 0.3049    ndcg@5 : 0.3198    ndcg@10 : 0.3648    ndcg@20 : 0.4043    ndcg@30 : 0.4232    ndcg@50 : 0.4438    precision@1 : 0.233    precision@2 : 0.1987    precision@3 : 0.1754    precision@4 : 0.1564    precision@5 : 0.1415    precision@10 : 0.0988    precision@20 : 0.065    precision@30 : 0.0495    precision@50 : 0.0342    map@1 : 0.233    map@2 : 0.2336    map@3 : 0.2421    map@4 : 0.2494    map@5 : 0.2559    map@10 : 0.276    map@20 : 0.2897    map@30 : 0.2956    map@50 : 0.3004
Sun 15 Mar 2026 19:26:50 INFO  Saving current: saved/SCL-Mar-15-2026_19-22-12.pth
Sun 15 Mar 2026 19:26:50 INFO  Saving current best: saved/SCL-Mar-15-2026_19-22-12.pth
Sun 15 Mar 2026 19:26:50 INFO  Running E-step ! 
Sun 15 Mar 2026 19:26:55 INFO  epoch 45 training [time: 4.77s, train_loss1: 63.1531, train_loss2: 0.0325, train_loss3: 0.0000, train_loss4: 0.0028]
Sun 15 Mar 2026 19:26:57 INFO  epoch 45 evaluating [time: 1.60s, valid_score: 0.367000]
Sun 15 Mar 2026 19:26:57 INFO  valid result: 
recall@1 : 0.1549    recall@2 : 0.243    recall@3 : 0.3076    recall@4 : 0.3554    recall@5 : 0.3964    recall@10 : 0.523    recall@20 : 0.6579    recall@30 : 0.7257    recall@50 : 0.813    ndcg@1 : 0.2396    ndcg@2 : 0.2662    ndcg@3 : 0.2893    ndcg@4 : 0.3065    ndcg@5 : 0.3217    ndcg@10 : 0.367    ndcg@20 : 0.4072    ndcg@30 : 0.4256    ndcg@50 : 0.4465    precision@1 : 0.2396    precision@2 : 0.199    precision@3 : 0.1752    precision@4 : 0.1554    precision@5 : 0.1414    precision@10 : 0.0988    precision@20 : 0.0651    precision@30 : 0.0495    precision@50 : 0.0342    map@1 : 0.2396    map@2 : 0.237    map@3 : 0.2451    map@4 : 0.2523    map@5 : 0.2592    map@10 : 0.2794    map@20 : 0.2933    map@30 : 0.299    map@50 : 0.3039
Sun 15 Mar 2026 19:26:57 INFO  Saving current: saved/SCL-Mar-15-2026_19-22-12.pth
Sun 15 Mar 2026 19:26:57 INFO  Saving current best: saved/SCL-Mar-15-2026_19-22-12.pth
Sun 15 Mar 2026 19:26:57 INFO  Running E-step ! 
Sun 15 Mar 2026 19:27:02 INFO  epoch 46 training [time: 4.92s, train_loss1: 62.0616, train_loss2: 0.0321, train_loss3: 0.0000, train_loss4: 0.0029]
Sun 15 Mar 2026 19:27:03 INFO  epoch 46 evaluating [time: 1.60s, valid_score: 0.365300]
Sun 15 Mar 2026 19:27:03 INFO  valid result: 
recall@1 : 0.1521    recall@2 : 0.2436    recall@3 : 0.308    recall@4 : 0.3557    recall@5 : 0.4    recall@10 : 0.5207    recall@20 : 0.6562    recall@30 : 0.7249    recall@50 : 0.8148    ndcg@1 : 0.2342    ndcg@2 : 0.2636    ndcg@3 : 0.2878    ndcg@4 : 0.3051    ndcg@5 : 0.3216    ndcg@10 : 0.3653    ndcg@20 : 0.406    ndcg@30 : 0.4247    ndcg@50 : 0.446    precision@1 : 0.2342    precision@2 : 0.197    precision@3 : 0.1752    precision@4 : 0.1552    precision@5 : 0.1417    precision@10 : 0.0985    precision@20 : 0.065    precision@30 : 0.0495    precision@50 : 0.0343    map@1 : 0.2342    map@2 : 0.2345    map@3 : 0.2434    map@4 : 0.251    map@5 : 0.2584    map@10 : 0.2781    map@20 : 0.2923    map@30 : 0.2981    map@50 : 0.3031
Sun 15 Mar 2026 19:27:03 INFO  Running E-step ! 
Sun 15 Mar 2026 19:27:08 INFO  epoch 47 training [time: 5.09s, train_loss1: 60.5391, train_loss2: 0.0317, train_loss3: 0.0000, train_loss4: 0.0027]
Sun 15 Mar 2026 19:27:10 INFO  epoch 47 evaluating [time: 1.60s, valid_score: 0.365500]
Sun 15 Mar 2026 19:27:10 INFO  valid result: 
recall@1 : 0.1551    recall@2 : 0.2428    recall@3 : 0.309    recall@4 : 0.3568    recall@5 : 0.3958    recall@10 : 0.5191    recall@20 : 0.6564    recall@30 : 0.7248    recall@50 : 0.8157    ndcg@1 : 0.2378    ndcg@2 : 0.2652    ndcg@3 : 0.2897    ndcg@4 : 0.3066    ndcg@5 : 0.3208    ndcg@10 : 0.3655    ndcg@20 : 0.4068    ndcg@30 : 0.4255    ndcg@50 : 0.4471    precision@1 : 0.2378    precision@2 : 0.1982    precision@3 : 0.1756    precision@4 : 0.1549    precision@5 : 0.1399    precision@10 : 0.0982    precision@20 : 0.065    precision@30 : 0.0495    precision@50 : 0.0343    map@1 : 0.2378    map@2 : 0.2367    map@3 : 0.2453    map@4 : 0.2527    map@5 : 0.2589    map@10 : 0.279    map@20 : 0.2934    map@30 : 0.2993    map@50 : 0.3043
Sun 15 Mar 2026 19:27:10 INFO  Running E-step ! 
Sun 15 Mar 2026 19:27:15 INFO  epoch 48 training [time: 4.61s, train_loss1: 59.8043, train_loss2: 0.0314, train_loss3: 0.0000, train_loss4: 0.0026]
Sun 15 Mar 2026 19:27:16 INFO  epoch 48 evaluating [time: 1.60s, valid_score: 0.366300]
Sun 15 Mar 2026 19:27:16 INFO  valid result: 
recall@1 : 0.1557    recall@2 : 0.243    recall@3 : 0.3095    recall@4 : 0.3551    recall@5 : 0.3992    recall@10 : 0.5201    recall@20 : 0.6573    recall@30 : 0.7265    recall@50 : 0.8162    ndcg@1 : 0.2414    ndcg@2 : 0.2672    ndcg@3 : 0.2904    ndcg@4 : 0.3065    ndcg@5 : 0.3229    ndcg@10 : 0.3663    ndcg@20 : 0.4076    ndcg@30 : 0.4264    ndcg@50 : 0.4478    precision@1 : 0.2414    precision@2 : 0.1999    precision@3 : 0.175    precision@4 : 0.1546    precision@5 : 0.1412    precision@10 : 0.0981    precision@20 : 0.065    precision@30 : 0.0495    precision@50 : 0.0344    map@1 : 0.2414    map@2 : 0.2385    map@3 : 0.2458    map@4 : 0.2526    map@5 : 0.2602    map@10 : 0.2794    map@20 : 0.2938    map@30 : 0.2997    map@50 : 0.3047
Sun 15 Mar 2026 19:27:16 INFO  Running E-step ! 
Sun 15 Mar 2026 19:27:21 INFO  epoch 49 training [time: 4.82s, train_loss1: 60.3938, train_loss2: 0.0310, train_loss3: 0.0000, train_loss4: 0.0026]
Sun 15 Mar 2026 19:27:23 INFO  epoch 49 evaluating [time: 1.60s, valid_score: 0.366100]
Sun 15 Mar 2026 19:27:23 INFO  valid result: 
recall@1 : 0.1557    recall@2 : 0.2419    recall@3 : 0.3077    recall@4 : 0.3563    recall@5 : 0.399    recall@10 : 0.5205    recall@20 : 0.6549    recall@30 : 0.7278    recall@50 : 0.8166    ndcg@1 : 0.2396    ndcg@2 : 0.2642    ndcg@3 : 0.2891    ndcg@4 : 0.307    ndcg@5 : 0.3226    ndcg@10 : 0.3661    ndcg@20 : 0.4066    ndcg@30 : 0.4263    ndcg@50 : 0.4474    precision@1 : 0.2396    precision@2 : 0.1961    precision@3 : 0.175    precision@4 : 0.156    precision@5 : 0.1417    precision@10 : 0.0982    precision@20 : 0.0649    precision@30 : 0.0496    precision@50 : 0.0344    map@1 : 0.2396    map@2 : 0.2354    map@3 : 0.2447    map@4 : 0.2528    map@5 : 0.26    map@10 : 0.2793    map@20 : 0.2934    map@30 : 0.2995    map@50 : 0.3044
Sun 15 Mar 2026 19:27:23 INFO  Running E-step ! 
Sun 15 Mar 2026 19:27:27 INFO  epoch 50 training [time: 4.82s, train_loss1: 58.0792, train_loss2: 0.0307, train_loss3: 0.0000, train_loss4: 0.0023]
Sun 15 Mar 2026 19:27:29 INFO  epoch 50 evaluating [time: 1.60s, valid_score: 0.368800]
Sun 15 Mar 2026 19:27:29 INFO  valid result: 
recall@1 : 0.1583    recall@2 : 0.2443    recall@3 : 0.3111    recall@4 : 0.3577    recall@5 : 0.3992    recall@10 : 0.5231    recall@20 : 0.657    recall@30 : 0.7286    recall@50 : 0.816    ndcg@1 : 0.2437    ndcg@2 : 0.267    ndcg@3 : 0.2922    ndcg@4 : 0.3093    ndcg@5 : 0.3246    ndcg@10 : 0.3688    ndcg@20 : 0.4092    ndcg@30 : 0.4286    ndcg@50 : 0.4493    precision@1 : 0.2437    precision@2 : 0.1982    precision@3 : 0.176    precision@4 : 0.1566    precision@5 : 0.1422    precision@10 : 0.0987    precision@20 : 0.0651    precision@30 : 0.0497    precision@50 : 0.0343    map@1 : 0.2437    map@2 : 0.2382    map@3 : 0.2475    map@4 : 0.2551    map@5 : 0.2622    map@10 : 0.2818    map@20 : 0.296    map@30 : 0.3019    map@50 : 0.3068
Sun 15 Mar 2026 19:27:29 INFO  Saving current: saved/SCL-Mar-15-2026_19-22-12.pth
Sun 15 Mar 2026 19:27:29 INFO  Saving current best: saved/SCL-Mar-15-2026_19-22-12.pth
Sun 15 Mar 2026 19:27:29 INFO  Running E-step ! 
Sun 15 Mar 2026 19:27:34 INFO  epoch 51 training [time: 4.92s, train_loss1: 57.8161, train_loss2: 0.0303, train_loss3: 0.0000, train_loss4: 0.0025]
Sun 15 Mar 2026 19:27:36 INFO  epoch 51 evaluating [time: 1.60s, valid_score: 0.368400]
Sun 15 Mar 2026 19:27:36 INFO  valid result: 
recall@1 : 0.1578    recall@2 : 0.2405    recall@3 : 0.3102    recall@4 : 0.3583    recall@5 : 0.3991    recall@10 : 0.5239    recall@20 : 0.6553    recall@30 : 0.7313    recall@50 : 0.8169    ndcg@1 : 0.2443    ndcg@2 : 0.2642    ndcg@3 : 0.2914    ndcg@4 : 0.309    ndcg@5 : 0.3236    ndcg@10 : 0.3684    ndcg@20 : 0.408    ndcg@30 : 0.4285    ndcg@50 : 0.4487    precision@1 : 0.2443    precision@2 : 0.1952    precision@3 : 0.1762    precision@4 : 0.157    precision@5 : 0.1416    precision@10 : 0.0987    precision@20 : 0.0648    precision@30 : 0.0499    precision@50 : 0.0343    map@1 : 0.2443    map@2 : 0.236    map@3 : 0.2465    map@4 : 0.2545    map@5 : 0.261    map@10 : 0.281    map@20 : 0.2948    map@30 : 0.3011    map@50 : 0.3058
Sun 15 Mar 2026 19:27:36 INFO  Running E-step ! 
Sun 15 Mar 2026 19:27:41 INFO  epoch 52 training [time: 5.30s, train_loss1: 55.8830, train_loss2: 0.0300, train_loss3: 0.0000, train_loss4: 0.0024]
Sun 15 Mar 2026 19:27:42 INFO  epoch 52 evaluating [time: 1.60s, valid_score: 0.369800]
Sun 15 Mar 2026 19:27:42 INFO  valid result: 
recall@1 : 0.1579    recall@2 : 0.2438    recall@3 : 0.3093    recall@4 : 0.3592    recall@5 : 0.3993    recall@10 : 0.5266    recall@20 : 0.6572    recall@30 : 0.7372    recall@50 : 0.8175    ndcg@1 : 0.2449    ndcg@2 : 0.2668    ndcg@3 : 0.2912    ndcg@4 : 0.3099    ndcg@5 : 0.3243    ndcg@10 : 0.3698    ndcg@20 : 0.4092    ndcg@30 : 0.4304    ndcg@50 : 0.4498    precision@1 : 0.2449    precision@2 : 0.1976    precision@3 : 0.1754    precision@4 : 0.1576    precision@5 : 0.142    precision@10 : 0.099    precision@20 : 0.065    precision@30 : 0.0501    precision@50 : 0.0344    map@1 : 0.2449    map@2 : 0.2378    map@3 : 0.2463    map@4 : 0.255    map@5 : 0.2616    map@10 : 0.2818    map@20 : 0.2956    map@30 : 0.3019    map@50 : 0.3066
Sun 15 Mar 2026 19:27:42 INFO  Saving current: saved/SCL-Mar-15-2026_19-22-12.pth
Sun 15 Mar 2026 19:27:42 INFO  Saving current best: saved/SCL-Mar-15-2026_19-22-12.pth
Sun 15 Mar 2026 19:27:42 INFO  Running E-step ! 
Sun 15 Mar 2026 19:27:48 INFO  epoch 53 training [time: 5.14s, train_loss1: 55.7566, train_loss2: 0.0298, train_loss3: 0.0000, train_loss4: 0.0024]
Sun 15 Mar 2026 19:27:49 INFO  epoch 53 evaluating [time: 1.60s, valid_score: 0.369300]
Sun 15 Mar 2026 19:27:49 INFO  valid result: 
recall@1 : 0.1581    recall@2 : 0.2443    recall@3 : 0.3079    recall@4 : 0.3561    recall@5 : 0.3964    recall@10 : 0.5251    recall@20 : 0.6564    recall@30 : 0.7352    recall@50 : 0.8167    ndcg@1 : 0.2437    ndcg@2 : 0.2686    ndcg@3 : 0.291    ndcg@4 : 0.3087    ndcg@5 : 0.3232    ndcg@10 : 0.3693    ndcg@20 : 0.4086    ndcg@30 : 0.4297    ndcg@50 : 0.4492    precision@1 : 0.2437    precision@2 : 0.2005    precision@3 : 0.1754    precision@4 : 0.1566    precision@5 : 0.1414    precision@10 : 0.0992    precision@20 : 0.0648    precision@30 : 0.05    precision@50 : 0.0343    map@1 : 0.2437    map@2 : 0.2391    map@3 : 0.2469    map@4 : 0.2546    map@5 : 0.2612    map@10 : 0.2818    map@20 : 0.2953    map@30 : 0.3018    map@50 : 0.3064
Sun 15 Mar 2026 19:27:49 INFO  Running E-step ! 
Sun 15 Mar 2026 19:27:54 INFO  epoch 54 training [time: 4.70s, train_loss1: 53.8441, train_loss2: 0.0294, train_loss3: 0.0000, train_loss4: 0.0024]
Sun 15 Mar 2026 19:27:56 INFO  epoch 54 evaluating [time: 1.60s, valid_score: 0.371100]
Sun 15 Mar 2026 19:27:56 INFO  valid result: 
recall@1 : 0.161    recall@2 : 0.2477    recall@3 : 0.3083    recall@4 : 0.3591    recall@5 : 0.3989    recall@10 : 0.5247    recall@20 : 0.6548    recall@30 : 0.7344    recall@50 : 0.8188    ndcg@1 : 0.2485    ndcg@2 : 0.2718    ndcg@3 : 0.2927    ndcg@4 : 0.3117    ndcg@5 : 0.3264    ndcg@10 : 0.3711    ndcg@20 : 0.4101    ndcg@30 : 0.4314    ndcg@50 : 0.4514    precision@1 : 0.2485    precision@2 : 0.2017    precision@3 : 0.1752    precision@4 : 0.1576    precision@5 : 0.1427    precision@10 : 0.0993    precision@20 : 0.0648    precision@30 : 0.05    precision@50 : 0.0343    map@1 : 0.2485    map@2 : 0.2424    map@3 : 0.2487    map@4 : 0.2575    map@5 : 0.2642    map@10 : 0.2839    map@20 : 0.2976    map@30 : 0.304    map@50 : 0.3087
Sun 15 Mar 2026 19:27:56 INFO  Saving current: saved/SCL-Mar-15-2026_19-22-12.pth
Sun 15 Mar 2026 19:27:56 INFO  Saving current best: saved/SCL-Mar-15-2026_19-22-12.pth
Sun 15 Mar 2026 19:27:56 INFO  Running E-step ! 
Sun 15 Mar 2026 19:28:00 INFO  epoch 55 training [time: 4.70s, train_loss1: 54.3537, train_loss2: 0.0290, train_loss3: 0.0000, train_loss4: 0.0025]
Sun 15 Mar 2026 19:28:02 INFO  epoch 55 evaluating [time: 1.60s, valid_score: 0.369500]
Sun 15 Mar 2026 19:28:02 INFO  valid result: 
recall@1 : 0.1622    recall@2 : 0.2434    recall@3 : 0.3066    recall@4 : 0.361    recall@5 : 0.3992    recall@10 : 0.5206    recall@20 : 0.6526    recall@30 : 0.7366    recall@50 : 0.8206    ndcg@1 : 0.2497    ndcg@2 : 0.2688    ndcg@3 : 0.2918    ndcg@4 : 0.3125    ndcg@5 : 0.3263    ndcg@10 : 0.3695    ndcg@20 : 0.4092    ndcg@30 : 0.4315    ndcg@50 : 0.4512    precision@1 : 0.2497    precision@2 : 0.1987    precision@3 : 0.175    precision@4 : 0.1585    precision@5 : 0.1427    precision@10 : 0.0987    precision@20 : 0.0647    precision@30 : 0.0501    precision@50 : 0.0343    map@1 : 0.2497    map@2 : 0.2399    map@3 : 0.2483    map@4 : 0.2577    map@5 : 0.2641    map@10 : 0.2831    map@20 : 0.2971    map@30 : 0.3037    map@50 : 0.3083
Sun 15 Mar 2026 19:28:02 INFO  Running E-step ! 
Sun 15 Mar 2026 19:28:06 INFO  epoch 56 training [time: 4.38s, train_loss1: 52.3259, train_loss2: 0.0288, train_loss3: 0.0000, train_loss4: 0.0026]
Sun 15 Mar 2026 19:28:08 INFO  epoch 56 evaluating [time: 1.60s, valid_score: 0.367400]
Sun 15 Mar 2026 19:28:08 INFO  valid result: 
recall@1 : 0.1578    recall@2 : 0.2476    recall@3 : 0.3054    recall@4 : 0.3573    recall@5 : 0.3973    recall@10 : 0.5194    recall@20 : 0.6524    recall@30 : 0.739    recall@50 : 0.8237    ndcg@1 : 0.2414    ndcg@2 : 0.2699    ndcg@3 : 0.2897    ndcg@4 : 0.3094    ndcg@5 : 0.3239    ndcg@10 : 0.3674    ndcg@20 : 0.4074    ndcg@30 : 0.4302    ndcg@50 : 0.45    precision@1 : 0.2414    precision@2 : 0.202    precision@3 : 0.1742    precision@4 : 0.1573    precision@5 : 0.1421    precision@10 : 0.0987    precision@20 : 0.0647    precision@30 : 0.0503    precision@50 : 0.0344    map@1 : 0.2414    map@2 : 0.2397    map@3 : 0.2462    map@4 : 0.255    map@5 : 0.2616    map@10 : 0.2808    map@20 : 0.295    map@30 : 0.3017    map@50 : 0.3062
Sun 15 Mar 2026 19:28:08 INFO  Running E-step ! 
Sun 15 Mar 2026 19:28:12 INFO  epoch 57 training [time: 4.54s, train_loss1: 52.1704, train_loss2: 0.0285, train_loss3: 0.0000, train_loss4: 0.0026]
Sun 15 Mar 2026 19:28:14 INFO  epoch 57 evaluating [time: 1.60s, valid_score: 0.368300]
Sun 15 Mar 2026 19:28:14 INFO  valid result: 
recall@1 : 0.159    recall@2 : 0.2456    recall@3 : 0.308    recall@4 : 0.3583    recall@5 : 0.398    recall@10 : 0.5207    recall@20 : 0.6517    recall@30 : 0.7386    recall@50 : 0.8239    ndcg@1 : 0.2437    ndcg@2 : 0.2685    ndcg@3 : 0.2911    ndcg@4 : 0.3101    ndcg@5 : 0.3249    ndcg@10 : 0.3683    ndcg@20 : 0.4079    ndcg@30 : 0.4306    ndcg@50 : 0.4506    precision@1 : 0.2437    precision@2 : 0.1996    precision@3 : 0.1752    precision@4 : 0.1575    precision@5 : 0.1429    precision@10 : 0.0989    precision@20 : 0.0648    precision@30 : 0.0501    precision@50 : 0.0344    map@1 : 0.2437    map@2 : 0.239    map@3 : 0.2473    map@4 : 0.2558    map@5 : 0.2627    map@10 : 0.2819    map@20 : 0.2958    map@30 : 0.3024    map@50 : 0.307
Sun 15 Mar 2026 19:28:14 INFO  Running E-step ! 
Sun 15 Mar 2026 19:28:19 INFO  epoch 58 training [time: 5.37s, train_loss1: 51.2786, train_loss2: 0.0282, train_loss3: 0.0000, train_loss4: 0.0026]
Sun 15 Mar 2026 19:28:21 INFO  epoch 58 evaluating [time: 1.61s, valid_score: 0.367500]
Sun 15 Mar 2026 19:28:21 INFO  valid result: 
recall@1 : 0.1572    recall@2 : 0.2429    recall@3 : 0.3122    recall@4 : 0.3589    recall@5 : 0.3933    recall@10 : 0.5199    recall@20 : 0.6535    recall@30 : 0.7384    recall@50 : 0.825    ndcg@1 : 0.2426    ndcg@2 : 0.2666    ndcg@3 : 0.2928    ndcg@4 : 0.3101    ndcg@5 : 0.3224    ndcg@10 : 0.3675    ndcg@20 : 0.4074    ndcg@30 : 0.4297    ndcg@50 : 0.45    precision@1 : 0.2426    precision@2 : 0.199    precision@3 : 0.1774    precision@4 : 0.1584    precision@5 : 0.1418    precision@10 : 0.0989    precision@20 : 0.0647    precision@30 : 0.0501    precision@50 : 0.0344    map@1 : 0.2426    map@2 : 0.2375    map@3 : 0.248    map@4 : 0.2552    map@5 : 0.2609    map@10 : 0.2808    map@20 : 0.2947    map@30 : 0.3013    map@50 : 0.3059
Sun 15 Mar 2026 19:28:21 INFO  Running E-step ! 
Sun 15 Mar 2026 19:28:25 INFO  epoch 59 training [time: 4.19s, train_loss1: 50.8913, train_loss2: 0.0280, train_loss3: 0.0000, train_loss4: 0.0027]
Sun 15 Mar 2026 19:28:27 INFO  epoch 59 evaluating [time: 1.60s, valid_score: 0.365600]
Sun 15 Mar 2026 19:28:27 INFO  valid result: 
recall@1 : 0.1538    recall@2 : 0.2414    recall@3 : 0.3094    recall@4 : 0.3588    recall@5 : 0.3959    recall@10 : 0.52    recall@20 : 0.6518    recall@30 : 0.7338    recall@50 : 0.8248    ndcg@1 : 0.2366    ndcg@2 : 0.2638    ndcg@3 : 0.2891    ndcg@4 : 0.3077    ndcg@5 : 0.3214    ndcg@10 : 0.3656    ndcg@20 : 0.4053    ndcg@30 : 0.4269    ndcg@50 : 0.4481    precision@1 : 0.2366    precision@2 : 0.1982    precision@3 : 0.1752    precision@4 : 0.1573    precision@5 : 0.1423    precision@10 : 0.0987    precision@20 : 0.0648    precision@30 : 0.0499    precision@50 : 0.0344    map@1 : 0.2366    map@2 : 0.2345    map@3 : 0.2445    map@4 : 0.2523    map@5 : 0.2591    map@10 : 0.2786    map@20 : 0.2926    map@30 : 0.2988    map@50 : 0.3037
Sun 15 Mar 2026 19:28:27 INFO  Running E-step ! 
Sun 15 Mar 2026 19:28:31 INFO  epoch 60 training [time: 4.37s, train_loss1: 49.7039, train_loss2: 0.0278, train_loss3: 0.0000, train_loss4: 0.0025]
Sun 15 Mar 2026 19:28:33 INFO  epoch 60 evaluating [time: 1.60s, valid_score: 0.367000]
Sun 15 Mar 2026 19:28:33 INFO  valid result: 
recall@1 : 0.1569    recall@2 : 0.2407    recall@3 : 0.3101    recall@4 : 0.3595    recall@5 : 0.397    recall@10 : 0.5217    recall@20 : 0.6542    recall@30 : 0.7377    recall@50 : 0.8245    ndcg@1 : 0.2402    ndcg@2 : 0.2641    ndcg@3 : 0.2902    ndcg@4 : 0.3089    ndcg@5 : 0.3229    ndcg@10 : 0.367    ndcg@20 : 0.4069    ndcg@30 : 0.4288    ndcg@50 : 0.4491    precision@1 : 0.2402    precision@2 : 0.1973    precision@3 : 0.175    precision@4 : 0.157    precision@5 : 0.1422    precision@10 : 0.0988    precision@20 : 0.0648    precision@30 : 0.05    precision@50 : 0.0343    map@1 : 0.2402    map@2 : 0.2355    map@3 : 0.2457    map@4 : 0.2537    map@5 : 0.2606    map@10 : 0.2801    map@20 : 0.2941    map@30 : 0.3004    map@50 : 0.3051
Sun 15 Mar 2026 19:28:33 INFO  Running E-step ! 
Sun 15 Mar 2026 19:28:37 INFO  epoch 61 training [time: 4.58s, train_loss1: 49.8540, train_loss2: 0.0276, train_loss3: 0.0000, train_loss4: 0.0027]
Sun 15 Mar 2026 19:28:39 INFO  epoch 61 evaluating [time: 1.60s, valid_score: 0.367000]
Sun 15 Mar 2026 19:28:39 INFO  valid result: 
recall@1 : 0.159    recall@2 : 0.2388    recall@3 : 0.3074    recall@4 : 0.3596    recall@5 : 0.3963    recall@10 : 0.5203    recall@20 : 0.6501    recall@30 : 0.7359    recall@50 : 0.824    ndcg@1 : 0.2402    ndcg@2 : 0.2637    ndcg@3 : 0.2893    ndcg@4 : 0.3092    ndcg@5 : 0.3231    ndcg@10 : 0.367    ndcg@20 : 0.406    ndcg@30 : 0.4285    ndcg@50 : 0.4491    precision@1 : 0.2402    precision@2 : 0.1967    precision@3 : 0.1742    precision@4 : 0.1573    precision@5 : 0.1428    precision@10 : 0.0987    precision@20 : 0.0646    precision@30 : 0.0499    precision@50 : 0.0343    map@1 : 0.2402    map@2 : 0.2358    map@3 : 0.2456    map@4 : 0.2543    map@5 : 0.2613    map@10 : 0.2806    map@20 : 0.2943    map@30 : 0.3008    map@50 : 0.3056
Sun 15 Mar 2026 19:28:39 INFO  Running E-step ! 
Sun 15 Mar 2026 19:28:44 INFO  epoch 62 training [time: 4.89s, train_loss1: 46.8545, train_loss2: 0.0274, train_loss3: 0.0000, train_loss4: 0.0025]
Sun 15 Mar 2026 19:28:45 INFO  epoch 62 evaluating [time: 1.60s, valid_score: 0.369400]
Sun 15 Mar 2026 19:28:45 INFO  valid result: 
recall@1 : 0.1617    recall@2 : 0.2405    recall@3 : 0.3131    recall@4 : 0.3637    recall@5 : 0.4011    recall@10 : 0.5211    recall@20 : 0.6526    recall@30 : 0.7354    recall@50 : 0.8243    ndcg@1 : 0.2437    ndcg@2 : 0.2649    ndcg@3 : 0.2937    ndcg@4 : 0.3128    ndcg@5 : 0.327    ndcg@10 : 0.3694    ndcg@20 : 0.409    ndcg@30 : 0.4307    ndcg@50 : 0.4515    precision@1 : 0.2437    precision@2 : 0.1964    precision@3 : 0.1772    precision@4 : 0.1591    precision@5 : 0.1443    precision@10 : 0.0989    precision@20 : 0.0649    precision@30 : 0.0499    precision@50 : 0.0343    map@1 : 0.2437    map@2 : 0.2376    map@3 : 0.2496    map@4 : 0.2578    map@5 : 0.265    map@10 : 0.2836    map@20 : 0.2975    map@30 : 0.3038    map@50 : 0.3086
Sun 15 Mar 2026 19:28:45 INFO  Running E-step ! 
Sun 15 Mar 2026 19:28:50 INFO  epoch 63 training [time: 4.87s, train_loss1: 46.8462, train_loss2: 0.0272, train_loss3: 0.0000, train_loss4: 0.0027]
Sun 15 Mar 2026 19:28:52 INFO  epoch 63 evaluating [time: 1.60s, valid_score: 0.367700]
Sun 15 Mar 2026 19:28:52 INFO  valid result: 
recall@1 : 0.1593    recall@2 : 0.2392    recall@3 : 0.3105    recall@4 : 0.3618    recall@5 : 0.3999    recall@10 : 0.5205    recall@20 : 0.6529    recall@30 : 0.7354    recall@50 : 0.8248    ndcg@1 : 0.2384    ndcg@2 : 0.2633    ndcg@3 : 0.2907    ndcg@4 : 0.3103    ndcg@5 : 0.3248    ndcg@10 : 0.3677    ndcg@20 : 0.4075    ndcg@30 : 0.429    ndcg@50 : 0.4498    precision@1 : 0.2384    precision@2 : 0.1964    precision@3 : 0.1754    precision@4 : 0.1582    precision@5 : 0.1435    precision@10 : 0.0989    precision@20 : 0.065    precision@30 : 0.0499    precision@50 : 0.0343    map@1 : 0.2384    map@2 : 0.2355    map@3 : 0.2467    map@4 : 0.2553    map@5 : 0.2626    map@10 : 0.2816    map@20 : 0.2956    map@30 : 0.3017    map@50 : 0.3065
Sun 15 Mar 2026 19:28:52 INFO  Running E-step ! 
Sun 15 Mar 2026 19:28:57 INFO  epoch 64 training [time: 5.38s, train_loss1: 46.4971, train_loss2: 0.0270, train_loss3: 0.0000, train_loss4: 0.0027]
Sun 15 Mar 2026 19:28:59 INFO  epoch 64 evaluating [time: 1.60s, valid_score: 0.368700]
Sun 15 Mar 2026 19:28:59 INFO  valid result: 
recall@1 : 0.1588    recall@2 : 0.2409    recall@3 : 0.3123    recall@4 : 0.3656    recall@5 : 0.4029    recall@10 : 0.5216    recall@20 : 0.6525    recall@30 : 0.7342    recall@50 : 0.8253    ndcg@1 : 0.2414    ndcg@2 : 0.2648    ndcg@3 : 0.2928    ndcg@4 : 0.313    ndcg@5 : 0.3268    ndcg@10 : 0.3687    ndcg@20 : 0.4082    ndcg@30 : 0.4296    ndcg@50 : 0.4508    precision@1 : 0.2414    precision@2 : 0.197    precision@3 : 0.1774    precision@4 : 0.1602    precision@5 : 0.1445    precision@10 : 0.099    precision@20 : 0.0649    precision@30 : 0.0498    precision@50 : 0.0343    map@1 : 0.2414    map@2 : 0.237    map@3 : 0.2484    map@4 : 0.2574    map@5 : 0.2642    map@10 : 0.2824    map@20 : 0.2962    map@30 : 0.3025    map@50 : 0.3073
Sun 15 Mar 2026 19:28:59 INFO  Running E-step ! 
Sun 15 Mar 2026 19:29:04 INFO  epoch 65 training [time: 5.31s, train_loss1: 45.9097, train_loss2: 0.0267, train_loss3: 0.0000, train_loss4: 0.0025]
Sun 15 Mar 2026 19:29:06 INFO  epoch 65 evaluating [time: 1.59s, valid_score: 0.367400]
Sun 15 Mar 2026 19:29:06 INFO  valid result: 
recall@1 : 0.1575    recall@2 : 0.2399    recall@3 : 0.3083    recall@4 : 0.3674    recall@5 : 0.4014    recall@10 : 0.5209    recall@20 : 0.6524    recall@30 : 0.7318    recall@50 : 0.8221    ndcg@1 : 0.2396    ndcg@2 : 0.2634    ndcg@3 : 0.2897    ndcg@4 : 0.3127    ndcg@5 : 0.3253    ndcg@10 : 0.3674    ndcg@20 : 0.407    ndcg@30 : 0.4278    ndcg@50 : 0.449    precision@1 : 0.2396    precision@2 : 0.1961    precision@3 : 0.175    precision@4 : 0.1605    precision@5 : 0.1443    precision@10 : 0.0989    precision@20 : 0.0648    precision@30 : 0.0496    precision@50 : 0.0343    map@1 : 0.2396    map@2 : 0.2358    map@3 : 0.246    map@4 : 0.2566    map@5 : 0.2627    map@10 : 0.281    map@20 : 0.2949    map@30 : 0.301    map@50 : 0.3058
Sun 15 Mar 2026 19:29:06 INFO  Running E-step ! 
Sun 15 Mar 2026 19:29:11 INFO  epoch 66 training [time: 5.35s, train_loss1: 44.4552, train_loss2: 0.0265, train_loss3: 0.0000, train_loss4: 0.0025]
Sun 15 Mar 2026 19:29:13 INFO  epoch 66 evaluating [time: 1.59s, valid_score: 0.367900]
Sun 15 Mar 2026 19:29:13 INFO  valid result: 
recall@1 : 0.1577    recall@2 : 0.2424    recall@3 : 0.309    recall@4 : 0.3652    recall@5 : 0.4    recall@10 : 0.5202    recall@20 : 0.6528    recall@30 : 0.7346    recall@50 : 0.8219    ndcg@1 : 0.242    ndcg@2 : 0.2667    ndcg@3 : 0.2913    ndcg@4 : 0.3128    ndcg@5 : 0.3252    ndcg@10 : 0.3679    ndcg@20 : 0.4077    ndcg@30 : 0.4291    ndcg@50 : 0.4496    precision@1 : 0.242    precision@2 : 0.1993    precision@3 : 0.176    precision@4 : 0.1602    precision@5 : 0.1434    precision@10 : 0.0989    precision@20 : 0.0647    precision@30 : 0.0498    precision@50 : 0.0342    map@1 : 0.242    map@2 : 0.2385    map@3 : 0.2474    map@4 : 0.2573    map@5 : 0.2629    map@10 : 0.2815    map@20 : 0.2955    map@30 : 0.3017    map@50 : 0.3064
Sun 15 Mar 2026 19:29:13 INFO  Running E-step ! 
Sun 15 Mar 2026 19:29:17 INFO  epoch 67 training [time: 4.52s, train_loss1: 42.6997, train_loss2: 0.0264, train_loss3: 0.0000, train_loss4: 0.0026]
Sun 15 Mar 2026 19:29:19 INFO  epoch 67 evaluating [time: 1.60s, valid_score: 0.368600]
Sun 15 Mar 2026 19:29:19 INFO  valid result: 
recall@1 : 0.1587    recall@2 : 0.2441    recall@3 : 0.308    recall@4 : 0.366    recall@5 : 0.405    recall@10 : 0.5203    recall@20 : 0.6537    recall@30 : 0.7336    recall@50 : 0.8232    ndcg@1 : 0.2408    ndcg@2 : 0.2675    ndcg@3 : 0.291    ndcg@4 : 0.3133    ndcg@5 : 0.3276    ndcg@10 : 0.3686    ndcg@20 : 0.4086    ndcg@30 : 0.4295    ndcg@50 : 0.4506    precision@1 : 0.2408    precision@2 : 0.1996    precision@3 : 0.1756    precision@4 : 0.1603    precision@5 : 0.1447    precision@10 : 0.0991    precision@20 : 0.0648    precision@30 : 0.0496    precision@50 : 0.0343    map@1 : 0.2408    map@2 : 0.239    map@3 : 0.2475    map@4 : 0.2581    map@5 : 0.2645    map@10 : 0.2826    map@20 : 0.2966    map@30 : 0.3027    map@50 : 0.3075
Sun 15 Mar 2026 19:29:19 INFO  Running E-step ! 
Sun 15 Mar 2026 19:29:24 INFO  epoch 68 training [time: 5.39s, train_loss1: 43.9240, train_loss2: 0.0263, train_loss3: 0.0000, train_loss4: 0.0027]
Sun 15 Mar 2026 19:29:26 INFO  epoch 68 evaluating [time: 1.61s, valid_score: 0.365100]
Sun 15 Mar 2026 19:29:26 INFO  valid result: 
recall@1 : 0.1558    recall@2 : 0.2403    recall@3 : 0.3065    recall@4 : 0.3595    recall@5 : 0.397    recall@10 : 0.5171    recall@20 : 0.6506    recall@30 : 0.7303    recall@50 : 0.8262    ndcg@1 : 0.2378    ndcg@2 : 0.264    ndcg@3 : 0.2889    ndcg@4 : 0.3086    ndcg@5 : 0.3225    ndcg@10 : 0.3651    ndcg@20 : 0.4049    ndcg@30 : 0.426    ndcg@50 : 0.4481    precision@1 : 0.2378    precision@2 : 0.1976    precision@3 : 0.176    precision@4 : 0.1578    precision@5 : 0.1428    precision@10 : 0.0986    precision@20 : 0.0645    precision@30 : 0.0496    precision@50 : 0.0343    map@1 : 0.2378    map@2 : 0.236    map@3 : 0.245    map@4 : 0.254    map@5 : 0.2604    map@10 : 0.2791    map@20 : 0.293    map@30 : 0.2992    map@50 : 0.3041
Sun 15 Mar 2026 19:29:26 INFO  Running E-step ! 
Sun 15 Mar 2026 19:29:31 INFO  epoch 69 training [time: 5.13s, train_loss1: 42.5635, train_loss2: 0.0261, train_loss3: 0.0000, train_loss4: 0.0027]
Sun 15 Mar 2026 19:29:33 INFO  epoch 69 evaluating [time: 1.60s, valid_score: 0.364800]
Sun 15 Mar 2026 19:29:33 INFO  valid result: 
recall@1 : 0.1563    recall@2 : 0.2418    recall@3 : 0.3084    recall@4 : 0.3584    recall@5 : 0.3964    recall@10 : 0.515    recall@20 : 0.6513    recall@30 : 0.7305    recall@50 : 0.8218    ndcg@1 : 0.2372    ndcg@2 : 0.2649    ndcg@3 : 0.2908    ndcg@4 : 0.3088    ndcg@5 : 0.3228    ndcg@10 : 0.3648    ndcg@20 : 0.4054    ndcg@30 : 0.4265    ndcg@50 : 0.4476    precision@1 : 0.2372    precision@2 : 0.1985    precision@3 : 0.1776    precision@4 : 0.1579    precision@5 : 0.1428    precision@10 : 0.0983    precision@20 : 0.0645    precision@30 : 0.0497    precision@50 : 0.0342    map@1 : 0.2372    map@2 : 0.2369    map@3 : 0.2469    map@4 : 0.2546    map@5 : 0.261    map@10 : 0.2795    map@20 : 0.2936    map@30 : 0.2999    map@50 : 0.3046
Sun 15 Mar 2026 19:29:33 INFO  Running E-step ! 
Sun 15 Mar 2026 19:29:38 INFO  epoch 70 training [time: 5.42s, train_loss1: 41.8231, train_loss2: 0.0259, train_loss3: 0.0000, train_loss4: 0.0027]
Sun 15 Mar 2026 19:29:40 INFO  epoch 70 evaluating [time: 1.60s, valid_score: 0.365600]
Sun 15 Mar 2026 19:29:40 INFO  valid result: 
recall@1 : 0.1569    recall@2 : 0.2435    recall@3 : 0.308    recall@4 : 0.3574    recall@5 : 0.3931    recall@10 : 0.5163    recall@20 : 0.6532    recall@30 : 0.7332    recall@50 : 0.8243    ndcg@1 : 0.2396    ndcg@2 : 0.2675    ndcg@3 : 0.2905    ndcg@4 : 0.3088    ndcg@5 : 0.3219    ndcg@10 : 0.3656    ndcg@20 : 0.4064    ndcg@30 : 0.4276    ndcg@50 : 0.4487    precision@1 : 0.2396    precision@2 : 0.2011    precision@3 : 0.176    precision@4 : 0.1575    precision@5 : 0.1418    precision@10 : 0.0984    precision@20 : 0.0646    precision@30 : 0.0497    precision@50 : 0.0342    map@1 : 0.2396    map@2 : 0.2396    map@3 : 0.2468    map@4 : 0.2547    map@5 : 0.2607    map@10 : 0.28    map@20 : 0.2942    map@30 : 0.3004    map@50 : 0.3052
Sun 15 Mar 2026 19:29:40 INFO  Running E-step ! 
Sun 15 Mar 2026 19:29:44 INFO  epoch 71 training [time: 4.33s, train_loss1: 41.3944, train_loss2: 0.0258, train_loss3: 0.0000, train_loss4: 0.0027]
Sun 15 Mar 2026 19:29:46 INFO  epoch 71 evaluating [time: 1.61s, valid_score: 0.362300]
Sun 15 Mar 2026 19:29:46 INFO  valid result: 
recall@1 : 0.1537    recall@2 : 0.2395    recall@3 : 0.3061    recall@4 : 0.354    recall@5 : 0.3904    recall@10 : 0.5132    recall@20 : 0.6493    recall@30 : 0.7287    recall@50 : 0.8226    ndcg@1 : 0.2348    ndcg@2 : 0.2625    ndcg@3 : 0.2877    ndcg@4 : 0.3051    ndcg@5 : 0.3187    ndcg@10 : 0.3623    ndcg@20 : 0.4028    ndcg@30 : 0.4239    ndcg@50 : 0.4457    precision@1 : 0.2348    precision@2 : 0.1973    precision@3 : 0.1756    precision@4 : 0.1563    precision@5 : 0.1415    precision@10 : 0.0982    precision@20 : 0.0643    precision@30 : 0.0495    precision@50 : 0.0342    map@1 : 0.2348    map@2 : 0.2344    map@3 : 0.2436    map@4 : 0.2508    map@5 : 0.2573    map@10 : 0.2766    map@20 : 0.2907    map@30 : 0.297    map@50 : 0.3019
Sun 15 Mar 2026 19:29:46 INFO  Running E-step ! 
Sun 15 Mar 2026 19:29:50 INFO  epoch 72 training [time: 4.03s, train_loss1: 40.0412, train_loss2: 0.0255, train_loss3: 0.0000, train_loss4: 0.0027]
Sun 15 Mar 2026 19:29:51 INFO  epoch 72 evaluating [time: 1.61s, valid_score: 0.361800]
Sun 15 Mar 2026 19:29:51 INFO  valid result: 
recall@1 : 0.1537    recall@2 : 0.2379    recall@3 : 0.3036    recall@4 : 0.3551    recall@5 : 0.3932    recall@10 : 0.5123    recall@20 : 0.6475    recall@30 : 0.7295    recall@50 : 0.8222    ndcg@1 : 0.2354    ndcg@2 : 0.2624    ndcg@3 : 0.287    ndcg@4 : 0.3054    ndcg@5 : 0.3193    ndcg@10 : 0.3618    ndcg@20 : 0.402    ndcg@30 : 0.4236    ndcg@50 : 0.4452    precision@1 : 0.2354    precision@2 : 0.1976    precision@3 : 0.1758    precision@4 : 0.1566    precision@5 : 0.1412    precision@10 : 0.0981    precision@20 : 0.0642    precision@30 : 0.0495    precision@50 : 0.0342    map@1 : 0.2354    map@2 : 0.2351    map@3 : 0.2432    map@4 : 0.251    map@5 : 0.2574    map@10 : 0.2763    map@20 : 0.2902    map@30 : 0.2966    map@50 : 0.3015
Sun 15 Mar 2026 19:29:51 INFO  Running E-step ! 
Sun 15 Mar 2026 19:29:56 INFO  epoch 73 training [time: 5.07s, train_loss1: 39.7674, train_loss2: 0.0254, train_loss3: 0.0000, train_loss4: 0.0028]
Sun 15 Mar 2026 19:29:58 INFO  epoch 73 evaluating [time: 1.60s, valid_score: 0.362300]
Sun 15 Mar 2026 19:29:58 INFO  valid result: 
recall@1 : 0.1543    recall@2 : 0.2394    recall@3 : 0.3015    recall@4 : 0.3524    recall@5 : 0.3905    recall@10 : 0.5144    recall@20 : 0.6461    recall@30 : 0.7308    recall@50 : 0.8196    ndcg@1 : 0.2366    ndcg@2 : 0.2639    ndcg@3 : 0.2855    ndcg@4 : 0.3041    ndcg@5 : 0.3183    ndcg@10 : 0.3623    ndcg@20 : 0.4016    ndcg@30 : 0.4238    ndcg@50 : 0.4447    precision@1 : 0.2366    precision@2 : 0.1985    precision@3 : 0.1736    precision@4 : 0.1549    precision@5 : 0.1408    precision@10 : 0.0982    precision@20 : 0.064    precision@30 : 0.0495    precision@50 : 0.0341    map@1 : 0.2366    map@2 : 0.2358    map@3 : 0.2426    map@4 : 0.2501    map@5 : 0.2568    map@10 : 0.2763    map@20 : 0.29    map@30 : 0.2965    map@50 : 0.3012
Sun 15 Mar 2026 19:29:58 INFO  Running E-step ! 
Sun 15 Mar 2026 19:30:03 INFO  epoch 74 training [time: 5.29s, train_loss1: 39.4182, train_loss2: 0.0253, train_loss3: 0.0000, train_loss4: 0.0031]
Sun 15 Mar 2026 19:30:05 INFO  epoch 74 evaluating [time: 1.60s, valid_score: 0.362800]
Sun 15 Mar 2026 19:30:05 INFO  valid result: 
recall@1 : 0.1571    recall@2 : 0.2408    recall@3 : 0.3066    recall@4 : 0.3543    recall@5 : 0.3923    recall@10 : 0.5094    recall@20 : 0.6445    recall@30 : 0.7293    recall@50 : 0.8222    ndcg@1 : 0.2402    ndcg@2 : 0.2656    ndcg@3 : 0.2895    ndcg@4 : 0.3063    ndcg@5 : 0.3206    ndcg@10 : 0.3628    ndcg@20 : 0.403    ndcg@30 : 0.4253    ndcg@50 : 0.4469    precision@1 : 0.2402    precision@2 : 0.1985    precision@3 : 0.1756    precision@4 : 0.1554    precision@5 : 0.141    precision@10 : 0.098    precision@20 : 0.0639    precision@30 : 0.0495    precision@50 : 0.0342    map@1 : 0.2402    map@2 : 0.2381    map@3 : 0.2462    map@4 : 0.2528    map@5 : 0.2595    map@10 : 0.2784    map@20 : 0.2924    map@30 : 0.2988    map@50 : 0.3037
Sun 15 Mar 2026 19:30:05 INFO  Running E-step ! 
Sun 15 Mar 2026 19:30:09 INFO  epoch 75 training [time: 4.51s, train_loss1: 38.9306, train_loss2: 0.0251, train_loss3: 0.0000, train_loss4: 0.0027]
Sun 15 Mar 2026 19:30:11 INFO  epoch 75 evaluating [time: 1.60s, valid_score: 0.362100]
Sun 15 Mar 2026 19:30:11 INFO  valid result: 
recall@1 : 0.1545    recall@2 : 0.2417    recall@3 : 0.3053    recall@4 : 0.3537    recall@5 : 0.3917    recall@10 : 0.5106    recall@20 : 0.6436    recall@30 : 0.7282    recall@50 : 0.8204    ndcg@1 : 0.2372    ndcg@2 : 0.2655    ndcg@3 : 0.288    ndcg@4 : 0.3052    ndcg@5 : 0.3193    ndcg@10 : 0.3621    ndcg@20 : 0.4018    ndcg@30 : 0.4239    ndcg@50 : 0.4454    precision@1 : 0.2372    precision@2 : 0.1996    precision@3 : 0.175    precision@4 : 0.1554    precision@5 : 0.1406    precision@10 : 0.0979    precision@20 : 0.064    precision@30 : 0.0494    precision@50 : 0.0341    map@1 : 0.2372    map@2 : 0.2375    map@3 : 0.2448    map@4 : 0.2517    map@5 : 0.2583    map@10 : 0.2772    map@20 : 0.291    map@30 : 0.2974    map@50 : 0.3022
Sun 15 Mar 2026 19:30:11 INFO  Finished training, best eval result in epoch 54
Sun 15 Mar 2026 19:30:11 INFO  Loading model structure and parameters from saved/SCL-Mar-15-2026_19-22-12.pth
Sun 15 Mar 2026 19:30:13 INFO  best valid : OrderedDict([('recall@1', 0.161), ('recall@2', 0.2477), ('recall@3', 0.3083), ('recall@4', 0.3591), ('recall@5', 0.3989), ('recall@10', 0.5247), ('recall@20', 0.6548), ('recall@30', 0.7344), ('recall@50', 0.8188), ('ndcg@1', 0.2485), ('ndcg@2', 0.2718), ('ndcg@3', 0.2927), ('ndcg@4', 0.3117), ('ndcg@5', 0.3264), ('ndcg@10', 0.3711), ('ndcg@20', 0.4101), ('ndcg@30', 0.4314), ('ndcg@50', 0.4514), ('precision@1', 0.2485), ('precision@2', 0.2017), ('precision@3', 0.1752), ('precision@4', 0.1576), ('precision@5', 0.1427), ('precision@10', 0.0993), ('precision@20', 0.0648), ('precision@30', 0.05), ('precision@50', 0.0343), ('map@1', 0.2485), ('map@2', 0.2424), ('map@3', 0.2487), ('map@4', 0.2575), ('map@5', 0.2642), ('map@10', 0.2839), ('map@20', 0.2976), ('map@30', 0.304), ('map@50', 0.3087)])
Sun 15 Mar 2026 19:30:13 INFO  test result: OrderedDict([('recall@1', 0.183), ('recall@2', 0.2723), ('recall@3', 0.3337), ('recall@4', 0.3822), ('recall@5', 0.4216), ('recall@10', 0.5353), ('recall@20', 0.6679), ('recall@30', 0.7365), ('recall@50', 0.8126), ('ndcg@1', 0.3076), ('ndcg@2', 0.3153), ('ndcg@3', 0.331), ('ndcg@4', 0.345), ('ndcg@5', 0.3582), ('ndcg@10', 0.3969), ('ndcg@20', 0.4348), ('ndcg@30', 0.4527), ('ndcg@50', 0.4702), ('precision@1', 0.3076), ('precision@2', 0.2361), ('precision@3', 0.2), ('precision@4', 0.1734), ('precision@5', 0.1554), ('precision@10', 0.1047), ('precision@20', 0.0669), ('precision@30', 0.05), ('precision@50', 0.0335), ('map@1', 0.3076), ('map@2', 0.2874), ('map@3', 0.2884), ('map@4', 0.2919), ('map@5', 0.2966), ('map@10', 0.3129), ('map@20', 0.3262), ('map@30', 0.3316), ('map@50', 0.3355)])
Sun 15 Mar 2026 19:30:13 INFO  training time: 478.2648s
Sun 15 Mar 2026 19:30:13 INFO  result file: results/scl_wo_semantic_seed2024.json
