Sun 15 Mar 2026 13:57:26 INFO  
General Hyper Parameters:
gpu_id = 0
use_gpu = True
seed = 2025
state = INFO
reproducibility = True
data_path = ./travel
checkpoint_dir = saved
show_progress = True
save_dataset = False
dataset_save_path = None
save_dataloaders = False
dataloaders_save_path = None
log_wandb = False

Training Hyper Parameters:
epochs = 1000
train_batch_size = 100
learner = adam
learning_rate = 0.001
train_neg_sample_args = {'distribution': 'uniform', 'sample_num': 1, 'alpha': 1.0, 'dynamic': False, 'candidate_num': 0}
eval_step = 1
stopping_step = 20
clip_grad_norm = None
weight_decay = 0.0
loss_decimal_place = 4

Evaluation Hyper Parameters:
eval_args = {'split': {'RS': [0.8, 0.1, 0.1]}, 'order': 'RO', 'group_by': 'user', 'mode': {'valid': 'full', 'test': 'full'}}
repeatable = False
metrics = ['Recall', 'NDCG', 'Precision', 'MAP']
topk = [1, 2, 3, 4, 5, 10, 20, 30, 50]
valid_metric = NDCG@10
valid_metric_bigger = True
eval_batch_size = 100
metric_decimal_place = 4

Dataset Hyper Parameters:
field_separator = 	
seq_separator =  
USER_ID_FIELD = user_id
ITEM_ID_FIELD = item_id
RATING_FIELD = rating
TIME_FIELD = timestamp
seq_len = None
LABEL_FIELD = label
threshold = None
NEG_PREFIX = neg_
load_col = {'inter': ['user_id', 'item_id', 'rating'], 'user': ['user_id', 'post_num', 'follower', 'following', 'timestamp']}
unload_col = None
unused_col = None
additional_feat_suffix = None
rm_dup_inter = None
val_interval = {'rating': '[0,inf)'}
filter_inter_by_user_or_item = True
user_inter_num_interval = [0,inf)
item_inter_num_interval = [0,inf)
alias_of_user_id = None
alias_of_item_id = None
alias_of_entity_id = None
alias_of_relation_id = None
preload_weight = None
normalize_field = None
normalize_all = None
ITEM_LIST_LENGTH_FIELD = item_length
LIST_SUFFIX = _list
MAX_ITEM_LIST_LENGTH = 50
POSITION_FIELD = position_id
HEAD_ENTITY_ID_FIELD = head_id
TAIL_ENTITY_ID_FIELD = tail_id
RELATION_ID_FIELD = relation_id
ENTITY_ID_FIELD = entity_id
benchmark_filename = None

Other Hyper Parameters: 
worker = 0
wandb_project = recbole
shuffle = True
require_pow = False
enable_amp = False
enable_scaler = False
transform = None
numerical_features = []
discretization = None
kg_reverse_r = False
entity_kg_num_interval = [0,inf)
relation_kg_num_interval = [0,inf)
MODEL_TYPE = ModelType.GENERAL
embedding_size = 64
n_layers = 3
reg_weight = 0.0001
smt_latent_dim = 64
ssl_temp = 0.1
ssl_reg = 1e-07
hyper_layers = 1
alpha = 1
potential_reg = 8e-08
semantic_reg = 8e-08
num_clusters = 5
m_step = 1
warm_up_step = 20
user_feature_path = features/roberta_user.npy
item_feature_path = features/roberta_item.npy
MODEL_INPUT_TYPE = InputType.PAIRWISE
eval_type = EvaluatorType.RANKING
single_spec = True
local_rank = 0
device = cuda
valid_neg_sample_args = {'distribution': 'uniform', 'sample_num': 'none'}
test_neg_sample_args = {'distribution': 'uniform', 'sample_num': 'none'}


Sun 15 Mar 2026 13:57:27 INFO  travel
The number of users: 2010
Average actions of users: 18.721254355400696
The number of items: 247
Average actions of items: 152.890243902439
The number of inters: 37611
The sparsity of the dataset: 92.42431566862047%
Remain Fields: ['user_id', 'item_id', 'rating', 'post_num', 'follower', 'following', 'timestamp']
Sun 15 Mar 2026 13:57:27 INFO  [Training]: train_batch_size = [100] train_neg_sample_args: [{'distribution': 'uniform', 'sample_num': 1, 'alpha': 1.0, 'dynamic': False, 'candidate_num': 0}]
Sun 15 Mar 2026 13:57:27 INFO  [Evaluation]: eval_batch_size = [100] eval_args: [{'split': {'RS': [0.8, 0.1, 0.1]}, 'order': 'RO', 'group_by': 'user', 'mode': {'valid': 'full', 'test': 'full'}}]
Sun 15 Mar 2026 13:57:28 INFO  SCL(
  (u_MLP): Linear(in_features=1024, out_features=64, bias=True)
  (i_MLP): Linear(in_features=1024, out_features=64, bias=True)
  (user_embedding): Embedding(2010, 64)
  (item_embedding): Embedding(247, 64)
  (mf_loss): BPRLoss()
  (reg_loss): EmbLoss()
)
Trainable parameters: 275648
Sun 15 Mar 2026 13:57:28 INFO  trainable parameters: 275648
Sun 15 Mar 2026 13:57:29 INFO  Running E-step ! 
Sun 15 Mar 2026 13:57:34 INFO  epoch 0 training [time: 5.11s, train_loss1: 157.0523, train_loss2: 0.0387, train_loss3: 0.0081]
Sun 15 Mar 2026 13:57:36 INFO  epoch 0 evaluating [time: 1.65s, valid_score: 0.306800]
Sun 15 Mar 2026 13:57:36 INFO  valid result: 
recall@1 : 0.1265    recall@2 : 0.2065    recall@3 : 0.2634    recall@4 : 0.2987    recall@5 : 0.3285    recall@10 : 0.4464    recall@20 : 0.5792    recall@30 : 0.667    recall@50 : 0.7627    ndcg@1 : 0.2014    ndcg@2 : 0.2233    ndcg@3 : 0.243    ndcg@4 : 0.2551    ndcg@5 : 0.266    ndcg@10 : 0.3068    ndcg@20 : 0.3455    ndcg@30 : 0.3681    ndcg@50 : 0.3912    precision@1 : 0.2014    precision@2 : 0.1648    precision@3 : 0.1424    precision@4 : 0.125    precision@5 : 0.113    precision@10 : 0.0818    precision@20 : 0.0551    precision@30 : 0.0434    precision@50 : 0.0311    map@1 : 0.2014    map@2 : 0.1983    map@3 : 0.2044    map@4 : 0.2082    map@5 : 0.2127    map@10 : 0.2284    map@20 : 0.2407    map@30 : 0.2466    map@50 : 0.2516
Sun 15 Mar 2026 13:57:36 INFO  Saving current: saved/SCL-Mar-15-2026_13-57-28.pth
Sun 15 Mar 2026 13:57:36 INFO  Saving current best: saved/SCL-Mar-15-2026_13-57-28.pth
Sun 15 Mar 2026 13:57:36 INFO  Running E-step ! 
Sun 15 Mar 2026 13:57:41 INFO  epoch 1 training [time: 4.70s, train_loss1: 123.6499, train_loss2: 0.0405, train_loss3: 0.0081]
Sun 15 Mar 2026 13:57:42 INFO  epoch 1 evaluating [time: 1.59s, valid_score: 0.298000]
Sun 15 Mar 2026 13:57:42 INFO  valid result: 
recall@1 : 0.1078    recall@2 : 0.2019    recall@3 : 0.2614    recall@4 : 0.2968    recall@5 : 0.3256    recall@10 : 0.4441    recall@20 : 0.5808    recall@30 : 0.6568    recall@50 : 0.7615    ndcg@1 : 0.1806    ndcg@2 : 0.2115    ndcg@3 : 0.2342    ndcg@4 : 0.2465    ndcg@5 : 0.257    ndcg@10 : 0.298    ndcg@20 : 0.3379    ndcg@30 : 0.3581    ndcg@50 : 0.3828    precision@1 : 0.1806    precision@2 : 0.1594    precision@3 : 0.1416    precision@4 : 0.125    precision@5 : 0.1129    precision@10 : 0.0816    precision@20 : 0.0554    precision@30 : 0.0432    precision@50 : 0.0311    map@1 : 0.1806    map@2 : 0.1853    map@3 : 0.1933    map@4 : 0.1976    map@5 : 0.2017    map@10 : 0.2174    map@20 : 0.2303    map@30 : 0.2359    map@50 : 0.2411
Sun 15 Mar 2026 13:57:42 INFO  Running E-step ! 
Sun 15 Mar 2026 13:57:47 INFO  epoch 2 training [time: 4.78s, train_loss1: 123.1890, train_loss2: 0.0416, train_loss3: 0.0081]
Sun 15 Mar 2026 13:57:49 INFO  epoch 2 evaluating [time: 1.59s, valid_score: 0.297900]
Sun 15 Mar 2026 13:57:49 INFO  valid result: 
recall@1 : 0.1079    recall@2 : 0.2027    recall@3 : 0.2605    recall@4 : 0.2939    recall@5 : 0.3253    recall@10 : 0.4435    recall@20 : 0.5828    recall@30 : 0.658    recall@50 : 0.7599    ndcg@1 : 0.1812    ndcg@2 : 0.2122    ndcg@3 : 0.2339    ndcg@4 : 0.2452    ndcg@5 : 0.2569    ndcg@10 : 0.2979    ndcg@20 : 0.3384    ndcg@30 : 0.3585    ndcg@50 : 0.3825    precision@1 : 0.1812    precision@2 : 0.16    precision@3 : 0.1412    precision@4 : 0.1237    precision@5 : 0.1131    precision@10 : 0.0819    precision@20 : 0.0556    precision@30 : 0.0433    precision@50 : 0.0311    map@1 : 0.1812    map@2 : 0.1859    map@3 : 0.1931    map@4 : 0.197    map@5 : 0.2016    map@10 : 0.2175    map@20 : 0.2305    map@30 : 0.236    map@50 : 0.241
Sun 15 Mar 2026 13:57:49 INFO  Running E-step ! 
Sun 15 Mar 2026 13:57:54 INFO  epoch 3 training [time: 4.70s, train_loss1: 121.0491, train_loss2: 0.0432, train_loss3: 0.0081]
Sun 15 Mar 2026 13:57:55 INFO  epoch 3 evaluating [time: 1.58s, valid_score: 0.297400]
Sun 15 Mar 2026 13:57:55 INFO  valid result: 
recall@1 : 0.1074    recall@2 : 0.2024    recall@3 : 0.2598    recall@4 : 0.2947    recall@5 : 0.3265    recall@10 : 0.4428    recall@20 : 0.5802    recall@30 : 0.6535    recall@50 : 0.7526    ndcg@1 : 0.1788    ndcg@2 : 0.2126    ndcg@3 : 0.2332    ndcg@4 : 0.2453    ndcg@5 : 0.2571    ndcg@10 : 0.2974    ndcg@20 : 0.3375    ndcg@30 : 0.357    ndcg@50 : 0.3806    precision@1 : 0.1788    precision@2 : 0.1615    precision@3 : 0.1406    precision@4 : 0.1243    precision@5 : 0.1131    precision@10 : 0.0819    precision@20 : 0.0558    precision@30 : 0.0432    precision@50 : 0.031    map@1 : 0.1788    map@2 : 0.1861    map@3 : 0.1928    map@4 : 0.1968    map@5 : 0.2015    map@10 : 0.2171    map@20 : 0.23    map@30 : 0.2354    map@50 : 0.2404
Sun 15 Mar 2026 13:57:55 INFO  Running E-step ! 
Sun 15 Mar 2026 13:58:00 INFO  epoch 4 training [time: 4.52s, train_loss1: 120.7135, train_loss2: 0.0445, train_loss3: 0.0081]
Sun 15 Mar 2026 13:58:01 INFO  epoch 4 evaluating [time: 1.59s, valid_score: 0.304200]
Sun 15 Mar 2026 13:58:01 INFO  valid result: 
recall@1 : 0.1255    recall@2 : 0.2045    recall@3 : 0.2619    recall@4 : 0.3009    recall@5 : 0.3257    recall@10 : 0.4402    recall@20 : 0.5807    recall@30 : 0.6514    recall@50 : 0.7583    ndcg@1 : 0.1985    ndcg@2 : 0.2212    ndcg@3 : 0.2415    ndcg@4 : 0.2551    ndcg@5 : 0.264    ndcg@10 : 0.3042    ndcg@20 : 0.3453    ndcg@30 : 0.3639    ndcg@50 : 0.389    precision@1 : 0.1985    precision@2 : 0.1633    precision@3 : 0.1416    precision@4 : 0.1251    precision@5 : 0.1124    precision@10 : 0.0819    precision@20 : 0.0561    precision@30 : 0.043    precision@50 : 0.0311    map@1 : 0.1985    map@2 : 0.1967    map@3 : 0.2031    map@4 : 0.2077    map@5 : 0.2111    map@10 : 0.2267    map@20 : 0.24    map@30 : 0.2451    map@50 : 0.2503
Sun 15 Mar 2026 13:58:01 INFO  Running E-step ! 
Sun 15 Mar 2026 13:58:06 INFO  epoch 5 training [time: 4.44s, train_loss1: 119.0468, train_loss2: 0.0458, train_loss3: 0.0081]
Sun 15 Mar 2026 13:58:07 INFO  epoch 5 evaluating [time: 1.60s, valid_score: 0.300400]
Sun 15 Mar 2026 13:58:07 INFO  valid result: 
recall@1 : 0.1138    recall@2 : 0.2053    recall@3 : 0.262    recall@4 : 0.3009    recall@5 : 0.3276    recall@10 : 0.4419    recall@20 : 0.582    recall@30 : 0.6511    recall@50 : 0.7462    ndcg@1 : 0.1859    ndcg@2 : 0.2172    ndcg@3 : 0.2373    ndcg@4 : 0.2511    ndcg@5 : 0.261    ndcg@10 : 0.3004    ndcg@20 : 0.3413    ndcg@30 : 0.3597    ndcg@50 : 0.3826    precision@1 : 0.1859    precision@2 : 0.1636    precision@3 : 0.1418    precision@4 : 0.1259    precision@5 : 0.1138    precision@10 : 0.0819    precision@20 : 0.0561    precision@30 : 0.0431    precision@50 : 0.0309    map@1 : 0.1859    map@2 : 0.1912    map@3 : 0.1974    map@4 : 0.2023    map@5 : 0.2061    map@10 : 0.2211    map@20 : 0.2344    map@30 : 0.2394    map@50 : 0.2444
Sun 15 Mar 2026 13:58:07 INFO  Running E-step ! 
Sun 15 Mar 2026 13:58:12 INFO  epoch 6 training [time: 4.46s, train_loss1: 118.2627, train_loss2: 0.0473, train_loss3: 0.0081]
Sun 15 Mar 2026 13:58:13 INFO  epoch 6 evaluating [time: 1.60s, valid_score: 0.300300]
Sun 15 Mar 2026 13:58:13 INFO  valid result: 
recall@1 : 0.1144    recall@2 : 0.2046    recall@3 : 0.2614    recall@4 : 0.3001    recall@5 : 0.3273    recall@10 : 0.4414    recall@20 : 0.5806    recall@30 : 0.6529    recall@50 : 0.7469    ndcg@1 : 0.1865    ndcg@2 : 0.2168    ndcg@3 : 0.2373    ndcg@4 : 0.2508    ndcg@5 : 0.261    ndcg@10 : 0.3003    ndcg@20 : 0.341    ndcg@30 : 0.3602    ndcg@50 : 0.3828    precision@1 : 0.1865    precision@2 : 0.163    precision@3 : 0.1418    precision@4 : 0.1254    precision@5 : 0.1139    precision@10 : 0.0818    precision@20 : 0.056    precision@30 : 0.0433    precision@50 : 0.0309    map@1 : 0.1865    map@2 : 0.1909    map@3 : 0.1974    map@4 : 0.2022    map@5 : 0.2062    map@10 : 0.2213    map@20 : 0.2344    map@30 : 0.2397    map@50 : 0.2445
Sun 15 Mar 2026 13:58:13 INFO  Running E-step ! 
Sun 15 Mar 2026 13:58:18 INFO  epoch 7 training [time: 4.63s, train_loss1: 116.2922, train_loss2: 0.0485, train_loss3: 0.0081]
Sun 15 Mar 2026 13:58:20 INFO  epoch 7 evaluating [time: 1.59s, valid_score: 0.298100]
Sun 15 Mar 2026 13:58:20 INFO  valid result: 
recall@1 : 0.1079    recall@2 : 0.2042    recall@3 : 0.262    recall@4 : 0.2988    recall@5 : 0.3258    recall@10 : 0.4422    recall@20 : 0.584    recall@30 : 0.6538    recall@50 : 0.749    ndcg@1 : 0.18    ndcg@2 : 0.214    ndcg@3 : 0.2349    ndcg@4 : 0.2477    ndcg@5 : 0.2578    ndcg@10 : 0.2981    ndcg@20 : 0.3397    ndcg@30 : 0.3581    ndcg@50 : 0.381    precision@1 : 0.18    precision@2 : 0.1624    precision@3 : 0.1418    precision@4 : 0.1251    precision@5 : 0.1133    precision@10 : 0.082    precision@20 : 0.0565    precision@30 : 0.0433    precision@50 : 0.031    map@1 : 0.18    map@2 : 0.1873    map@3 : 0.1939    map@4 : 0.1985    map@5 : 0.2026    map@10 : 0.2181    map@20 : 0.2315    map@30 : 0.2366    map@50 : 0.2415
Sun 15 Mar 2026 13:58:20 INFO  Running E-step ! 
Sun 15 Mar 2026 13:58:24 INFO  epoch 8 training [time: 4.65s, train_loss1: 117.3481, train_loss2: 0.0495, train_loss3: 0.0081]
Sun 15 Mar 2026 13:58:26 INFO  epoch 8 evaluating [time: 1.61s, valid_score: 0.298100]
Sun 15 Mar 2026 13:58:26 INFO  valid result: 
recall@1 : 0.1086    recall@2 : 0.2049    recall@3 : 0.2625    recall@4 : 0.2996    recall@5 : 0.3289    recall@10 : 0.44    recall@20 : 0.5841    recall@30 : 0.6564    recall@50 : 0.7526    ndcg@1 : 0.1818    ndcg@2 : 0.2154    ndcg@3 : 0.236    ndcg@4 : 0.2488    ndcg@5 : 0.2598    ndcg@10 : 0.2981    ndcg@20 : 0.3403    ndcg@30 : 0.3595    ndcg@50 : 0.3826    precision@1 : 0.1818    precision@2 : 0.1636    precision@3 : 0.1426    precision@4 : 0.1257    precision@5 : 0.1147    precision@10 : 0.0816    precision@20 : 0.0564    precision@30 : 0.0436    precision@50 : 0.0311    map@1 : 0.1818    map@2 : 0.1885    map@3 : 0.1951    map@4 : 0.1995    map@5 : 0.2039    map@10 : 0.2184    map@20 : 0.2322    map@30 : 0.2376    map@50 : 0.2425
Sun 15 Mar 2026 13:58:26 INFO  Running E-step ! 
Sun 15 Mar 2026 13:58:31 INFO  epoch 9 training [time: 4.63s, train_loss1: 115.8580, train_loss2: 0.0506, train_loss3: 0.0081]
Sun 15 Mar 2026 13:58:32 INFO  epoch 9 evaluating [time: 1.60s, valid_score: 0.301100]
Sun 15 Mar 2026 13:58:32 INFO  valid result: 
recall@1 : 0.1157    recall@2 : 0.2053    recall@3 : 0.262    recall@4 : 0.2988    recall@5 : 0.3269    recall@10 : 0.4405    recall@20 : 0.5851    recall@30 : 0.6643    recall@50 : 0.7523    ndcg@1 : 0.1895    ndcg@2 : 0.2184    ndcg@3 : 0.2387    ndcg@4 : 0.2512    ndcg@5 : 0.2619    ndcg@10 : 0.3011    ndcg@20 : 0.3437    ndcg@30 : 0.3646    ndcg@50 : 0.3858    precision@1 : 0.1895    precision@2 : 0.1639    precision@3 : 0.1426    precision@4 : 0.1256    precision@5 : 0.1147    precision@10 : 0.0818    precision@20 : 0.0568    precision@30 : 0.0441    precision@50 : 0.0312    map@1 : 0.1895    map@2 : 0.1923    map@3 : 0.1987    map@4 : 0.203    map@5 : 0.2071    map@10 : 0.2222    map@20 : 0.2363    map@30 : 0.2419    map@50 : 0.2466
Sun 15 Mar 2026 13:58:32 INFO  Running E-step ! 
Sun 15 Mar 2026 13:58:37 INFO  epoch 10 training [time: 4.76s, train_loss1: 114.4536, train_loss2: 0.0510, train_loss3: 0.0081]
Sun 15 Mar 2026 13:58:38 INFO  epoch 10 evaluating [time: 1.59s, valid_score: 0.301300]
Sun 15 Mar 2026 13:58:38 INFO  valid result: 
recall@1 : 0.1095    recall@2 : 0.2077    recall@3 : 0.2634    recall@4 : 0.3046    recall@5 : 0.3269    recall@10 : 0.4448    recall@20 : 0.5892    recall@30 : 0.6682    recall@50 : 0.7567    ndcg@1 : 0.1836    ndcg@2 : 0.2187    ndcg@3 : 0.238    ndcg@4 : 0.2527    ndcg@5 : 0.2607    ndcg@10 : 0.3013    ndcg@20 : 0.3439    ndcg@30 : 0.3649    ndcg@50 : 0.3859    precision@1 : 0.1836    precision@2 : 0.1666    precision@3 : 0.1442    precision@4 : 0.1287    precision@5 : 0.1151    precision@10 : 0.0827    precision@20 : 0.0574    precision@30 : 0.0447    precision@50 : 0.0314    map@1 : 0.1836    map@2 : 0.1913    map@3 : 0.197    map@4 : 0.2024    map@5 : 0.2053    map@10 : 0.221    map@20 : 0.235    map@30 : 0.2407    map@50 : 0.2454
Sun 15 Mar 2026 13:58:38 INFO  Running E-step ! 
Sun 15 Mar 2026 13:58:43 INFO  epoch 11 training [time: 4.70s, train_loss1: 112.3904, train_loss2: 0.0509, train_loss3: 0.0081]
Sun 15 Mar 2026 13:58:45 INFO  epoch 11 evaluating [time: 1.60s, valid_score: 0.305200]
Sun 15 Mar 2026 13:58:45 INFO  valid result: 
recall@1 : 0.1182    recall@2 : 0.2077    recall@3 : 0.2645    recall@4 : 0.3011    recall@5 : 0.3305    recall@10 : 0.4462    recall@20 : 0.5931    recall@30 : 0.6776    recall@50 : 0.7717    ndcg@1 : 0.1937    ndcg@2 : 0.2225    ndcg@3 : 0.2419    ndcg@4 : 0.2543    ndcg@5 : 0.2652    ndcg@10 : 0.3052    ndcg@20 : 0.3485    ndcg@30 : 0.371    ndcg@50 : 0.3928    precision@1 : 0.1937    precision@2 : 0.1672    precision@3 : 0.1446    precision@4 : 0.1274    precision@5 : 0.1159    precision@10 : 0.083    precision@20 : 0.0578    precision@30 : 0.0454    precision@50 : 0.0317    map@1 : 0.1937    map@2 : 0.1956    map@3 : 0.2016    map@4 : 0.2055    map@5 : 0.2099    map@10 : 0.2255    map@20 : 0.2399    map@30 : 0.2461    map@50 : 0.2507
Sun 15 Mar 2026 13:58:45 INFO  Running E-step ! 
Sun 15 Mar 2026 13:58:49 INFO  epoch 12 training [time: 4.43s, train_loss1: 109.4336, train_loss2: 0.0502, train_loss3: 0.0081]
Sun 15 Mar 2026 13:58:51 INFO  epoch 12 evaluating [time: 1.60s, valid_score: 0.309700]
Sun 15 Mar 2026 13:58:51 INFO  valid result: 
recall@1 : 0.1258    recall@2 : 0.2088    recall@3 : 0.2663    recall@4 : 0.3009    recall@5 : 0.3329    recall@10 : 0.4488    recall@20 : 0.5998    recall@30 : 0.6844    recall@50 : 0.7737    ndcg@1 : 0.2032    ndcg@2 : 0.2269    ndcg@3 : 0.2465    ndcg@4 : 0.2578    ndcg@5 : 0.2696    ndcg@10 : 0.3097    ndcg@20 : 0.3542    ndcg@30 : 0.3766    ndcg@50 : 0.3975    precision@1 : 0.2032    precision@2 : 0.169    precision@3 : 0.1464    precision@4 : 0.128    precision@5 : 0.1166    precision@10 : 0.084    precision@20 : 0.0586    precision@30 : 0.046    precision@50 : 0.032    map@1 : 0.2032    map@2 : 0.2005    map@3 : 0.2063    map@4 : 0.2096    map@5 : 0.2145    map@10 : 0.2302    map@20 : 0.245    map@30 : 0.2513    map@50 : 0.2558
Sun 15 Mar 2026 13:58:51 INFO  Saving current: saved/SCL-Mar-15-2026_13-57-28.pth
Sun 15 Mar 2026 13:58:51 INFO  Saving current best: saved/SCL-Mar-15-2026_13-57-28.pth
Sun 15 Mar 2026 13:58:51 INFO  Running E-step ! 
Sun 15 Mar 2026 13:58:55 INFO  epoch 13 training [time: 4.42s, train_loss1: 107.8929, train_loss2: 0.0494, train_loss3: 0.0081]
Sun 15 Mar 2026 13:58:57 INFO  epoch 13 evaluating [time: 1.60s, valid_score: 0.307600]
Sun 15 Mar 2026 13:58:57 INFO  valid result: 
recall@1 : 0.1191    recall@2 : 0.2075    recall@3 : 0.2652    recall@4 : 0.3012    recall@5 : 0.3339    recall@10 : 0.4497    recall@20 : 0.6033    recall@30 : 0.6891    recall@50 : 0.7775    ndcg@1 : 0.1943    ndcg@2 : 0.2224    ndcg@3 : 0.2428    ndcg@4 : 0.2551    ndcg@5 : 0.2672    ndcg@10 : 0.3076    ndcg@20 : 0.3531    ndcg@30 : 0.3755    ndcg@50 : 0.3963    precision@1 : 0.1943    precision@2 : 0.1669    precision@3 : 0.146    precision@4 : 0.1284    precision@5 : 0.1173    precision@10 : 0.0846    precision@20 : 0.0594    precision@30 : 0.0463    precision@50 : 0.0322    map@1 : 0.1943    map@2 : 0.1962    map@3 : 0.2021    map@4 : 0.2063    map@5 : 0.2112    map@10 : 0.2273    map@20 : 0.2427    map@30 : 0.2488    map@50 : 0.2533
Sun 15 Mar 2026 13:58:57 INFO  Running E-step ! 
Sun 15 Mar 2026 13:59:02 INFO  epoch 14 training [time: 4.97s, train_loss1: 106.2316, train_loss2: 0.0485, train_loss3: 0.0081]
Sun 15 Mar 2026 13:59:03 INFO  epoch 14 evaluating [time: 1.59s, valid_score: 0.310800]
Sun 15 Mar 2026 13:59:03 INFO  valid result: 
recall@1 : 0.1227    recall@2 : 0.2073    recall@3 : 0.2642    recall@4 : 0.3032    recall@5 : 0.3349    recall@10 : 0.4528    recall@20 : 0.6043    recall@30 : 0.6913    recall@50 : 0.7893    ndcg@1 : 0.199    ndcg@2 : 0.2233    ndcg@3 : 0.2434    ndcg@4 : 0.2576    ndcg@5 : 0.269    ndcg@10 : 0.3108    ndcg@20 : 0.3555    ndcg@30 : 0.3781    ndcg@50 : 0.4008    precision@1 : 0.199    precision@2 : 0.1663    precision@3 : 0.1454    precision@4 : 0.1299    precision@5 : 0.1174    precision@10 : 0.0858    precision@20 : 0.0597    precision@30 : 0.0464    precision@50 : 0.0326    map@1 : 0.199    map@2 : 0.1973    map@3 : 0.2029    map@4 : 0.2086    map@5 : 0.2134    map@10 : 0.2303    map@20 : 0.2455    map@30 : 0.2515    map@50 : 0.2564
Sun 15 Mar 2026 13:59:03 INFO  Saving current: saved/SCL-Mar-15-2026_13-57-28.pth
Sun 15 Mar 2026 13:59:03 INFO  Saving current best: saved/SCL-Mar-15-2026_13-57-28.pth
Sun 15 Mar 2026 13:59:03 INFO  Running E-step ! 
Sun 15 Mar 2026 13:59:08 INFO  epoch 15 training [time: 4.84s, train_loss1: 102.9924, train_loss2: 0.0478, train_loss3: 0.0081]
Sun 15 Mar 2026 13:59:10 INFO  epoch 15 evaluating [time: 1.60s, valid_score: 0.311700]
Sun 15 Mar 2026 13:59:10 INFO  valid result: 
recall@1 : 0.1226    recall@2 : 0.2088    recall@3 : 0.2585    recall@4 : 0.3035    recall@5 : 0.3362    recall@10 : 0.4556    recall@20 : 0.6081    recall@30 : 0.6904    recall@50 : 0.7915    ndcg@1 : 0.199    ndcg@2 : 0.2238    ndcg@3 : 0.2403    ndcg@4 : 0.2572    ndcg@5 : 0.2688    ndcg@10 : 0.3117    ndcg@20 : 0.3564    ndcg@30 : 0.378    ndcg@50 : 0.4014    precision@1 : 0.199    precision@2 : 0.1669    precision@3 : 0.1428    precision@4 : 0.1296    precision@5 : 0.1168    precision@10 : 0.0866    precision@20 : 0.0599    precision@30 : 0.0465    precision@50 : 0.0327    map@1 : 0.199    map@2 : 0.1974    map@3 : 0.2005    map@4 : 0.2079    map@5 : 0.2127    map@10 : 0.2306    map@20 : 0.2457    map@30 : 0.2516    map@50 : 0.2567
Sun 15 Mar 2026 13:59:10 INFO  Saving current: saved/SCL-Mar-15-2026_13-57-28.pth
Sun 15 Mar 2026 13:59:10 INFO  Saving current best: saved/SCL-Mar-15-2026_13-57-28.pth
Sun 15 Mar 2026 13:59:10 INFO  Running E-step ! 
Sun 15 Mar 2026 13:59:15 INFO  epoch 16 training [time: 4.83s, train_loss1: 101.4995, train_loss2: 0.0469, train_loss3: 0.0081]
Sun 15 Mar 2026 13:59:16 INFO  epoch 16 evaluating [time: 1.60s, valid_score: 0.313300]
Sun 15 Mar 2026 13:59:16 INFO  valid result: 
recall@1 : 0.1251    recall@2 : 0.208    recall@3 : 0.2608    recall@4 : 0.3037    recall@5 : 0.3349    recall@10 : 0.4563    recall@20 : 0.6102    recall@30 : 0.6904    recall@50 : 0.7942    ndcg@1 : 0.2014    ndcg@2 : 0.2257    ndcg@3 : 0.2424    ndcg@4 : 0.2584    ndcg@5 : 0.2695    ndcg@10 : 0.3133    ndcg@20 : 0.3582    ndcg@30 : 0.3792    ndcg@50 : 0.4033    precision@1 : 0.2014    precision@2 : 0.1687    precision@3 : 0.1434    precision@4 : 0.1298    precision@5 : 0.1169    precision@10 : 0.0872    precision@20 : 0.0601    precision@30 : 0.0464    precision@50 : 0.0328    map@1 : 0.2014    map@2 : 0.1992    map@3 : 0.2023    map@4 : 0.2091    map@5 : 0.2139    map@10 : 0.2322    map@20 : 0.2473    map@30 : 0.2532    map@50 : 0.2583
Sun 15 Mar 2026 13:59:16 INFO  Saving current: saved/SCL-Mar-15-2026_13-57-28.pth
Sun 15 Mar 2026 13:59:16 INFO  Saving current best: saved/SCL-Mar-15-2026_13-57-28.pth
Sun 15 Mar 2026 13:59:16 INFO  Running E-step ! 
Sun 15 Mar 2026 13:59:21 INFO  epoch 17 training [time: 4.68s, train_loss1: 100.6319, train_loss2: 0.0463, train_loss3: 0.0081]
Sun 15 Mar 2026 13:59:23 INFO  epoch 17 evaluating [time: 1.59s, valid_score: 0.312100]
Sun 15 Mar 2026 13:59:23 INFO  valid result: 
recall@1 : 0.1206    recall@2 : 0.2058    recall@3 : 0.2629    recall@4 : 0.3052    recall@5 : 0.3364    recall@10 : 0.457    recall@20 : 0.61    recall@30 : 0.6915    recall@50 : 0.7987    ndcg@1 : 0.1973    ndcg@2 : 0.2218    ndcg@3 : 0.242    ndcg@4 : 0.2577    ndcg@5 : 0.2683    ndcg@10 : 0.3121    ndcg@20 : 0.3569    ndcg@30 : 0.3782    ndcg@50 : 0.403    precision@1 : 0.1973    precision@2 : 0.1663    precision@3 : 0.1456    precision@4 : 0.1313    precision@5 : 0.1169    precision@10 : 0.0872    precision@20 : 0.0602    precision@30 : 0.0465    precision@50 : 0.033    map@1 : 0.1973    map@2 : 0.1953    map@3 : 0.2007    map@4 : 0.2073    map@5 : 0.2116    map@10 : 0.2303    map@20 : 0.2454    map@30 : 0.2513    map@50 : 0.2566
Sun 15 Mar 2026 13:59:23 INFO  Running E-step ! 
Sun 15 Mar 2026 13:59:27 INFO  epoch 18 training [time: 4.50s, train_loss1: 99.1751, train_loss2: 0.0458, train_loss3: 0.0082]
Sun 15 Mar 2026 13:59:29 INFO  epoch 18 evaluating [time: 1.60s, valid_score: 0.312700]
Sun 15 Mar 2026 13:59:29 INFO  valid result: 
recall@1 : 0.1158    recall@2 : 0.2097    recall@3 : 0.2643    recall@4 : 0.3077    recall@5 : 0.3404    recall@10 : 0.4605    recall@20 : 0.6138    recall@30 : 0.6913    recall@50 : 0.7972    ndcg@1 : 0.1931    ndcg@2 : 0.2237    ndcg@3 : 0.2418    ndcg@4 : 0.258    ndcg@5 : 0.2697    ndcg@10 : 0.3127    ndcg@20 : 0.3575    ndcg@30 : 0.3777    ndcg@50 : 0.4024    precision@1 : 0.1931    precision@2 : 0.1698    precision@3 : 0.1462    precision@4 : 0.1324    precision@5 : 0.1194    precision@10 : 0.0878    precision@20 : 0.0605    precision@30 : 0.0465    precision@50 : 0.033    map@1 : 0.1931    map@2 : 0.1959    map@3 : 0.1999    map@4 : 0.2062    map@5 : 0.2114    map@10 : 0.2297    map@20 : 0.2447    map@30 : 0.2503    map@50 : 0.2557
Sun 15 Mar 2026 13:59:29 INFO  Running E-step ! 
Sun 15 Mar 2026 13:59:33 INFO  epoch 19 training [time: 4.75s, train_loss1: 96.6140, train_loss2: 0.0452, train_loss3: 0.0082]
Sun 15 Mar 2026 13:59:35 INFO  epoch 19 evaluating [time: 1.62s, valid_score: 0.314100]
Sun 15 Mar 2026 13:59:35 INFO  valid result: 
recall@1 : 0.1172    recall@2 : 0.2103    recall@3 : 0.2631    recall@4 : 0.3072    recall@5 : 0.3388    recall@10 : 0.4623    recall@20 : 0.6134    recall@30 : 0.6929    recall@50 : 0.8003    ndcg@1 : 0.1961    ndcg@2 : 0.2251    ndcg@3 : 0.2423    ndcg@4 : 0.2586    ndcg@5 : 0.2699    ndcg@10 : 0.3141    ndcg@20 : 0.3581    ndcg@30 : 0.3791    ndcg@50 : 0.4041    precision@1 : 0.1961    precision@2 : 0.1704    precision@3 : 0.1466    precision@4 : 0.1327    precision@5 : 0.1195    precision@10 : 0.0882    precision@20 : 0.0603    precision@30 : 0.0466    precision@50 : 0.0332    map@1 : 0.1961    map@2 : 0.197    map@3 : 0.2004    map@4 : 0.207    map@5 : 0.2119    map@10 : 0.2308    map@20 : 0.2455    map@30 : 0.2514    map@50 : 0.2568
Sun 15 Mar 2026 13:59:35 INFO  Saving current: saved/SCL-Mar-15-2026_13-57-28.pth
Sun 15 Mar 2026 13:59:35 INFO  Saving current best: saved/SCL-Mar-15-2026_13-57-28.pth
Sun 15 Mar 2026 13:59:35 INFO  Running E-step ! 
Sun 15 Mar 2026 13:59:40 INFO  epoch 20 training [time: 4.80s, train_loss1: 96.7590, train_loss2: 0.0445, train_loss3: 0.0082, train_loss4: 0.0028]
Sun 15 Mar 2026 13:59:42 INFO  epoch 20 evaluating [time: 1.61s, valid_score: 0.314000]
Sun 15 Mar 2026 13:59:42 INFO  valid result: 
recall@1 : 0.1152    recall@2 : 0.2126    recall@3 : 0.2646    recall@4 : 0.3075    recall@5 : 0.3402    recall@10 : 0.4621    recall@20 : 0.6165    recall@30 : 0.6925    recall@50 : 0.8012    ndcg@1 : 0.1943    ndcg@2 : 0.2261    ndcg@3 : 0.2429    ndcg@4 : 0.2586    ndcg@5 : 0.2707    ndcg@10 : 0.314    ndcg@20 : 0.3592    ndcg@30 : 0.3794    ndcg@50 : 0.4047    precision@1 : 0.1943    precision@2 : 0.1722    precision@3 : 0.1478    precision@4 : 0.1335    precision@5 : 0.1212    precision@10 : 0.0881    precision@20 : 0.0605    precision@30 : 0.0467    precision@50 : 0.0332    map@1 : 0.1943    map@2 : 0.1971    map@3 : 0.2001    map@4 : 0.2065    map@5 : 0.2119    map@10 : 0.2304    map@20 : 0.2457    map@30 : 0.2514    map@50 : 0.2569
Sun 15 Mar 2026 13:59:42 INFO  Running E-step ! 
Sun 15 Mar 2026 13:59:47 INFO  epoch 21 training [time: 5.47s, train_loss1: 93.9857, train_loss2: 0.0440, train_loss3: 0.0082, train_loss4: 0.0035]
Sun 15 Mar 2026 13:59:49 INFO  epoch 21 evaluating [time: 1.61s, valid_score: 0.319400]
Sun 15 Mar 2026 13:59:49 INFO  valid result: 
recall@1 : 0.1324    recall@2 : 0.2062    recall@3 : 0.2647    recall@4 : 0.3085    recall@5 : 0.3407    recall@10 : 0.4602    recall@20 : 0.6184    recall@30 : 0.698    recall@50 : 0.7965    ndcg@1 : 0.2139    ndcg@2 : 0.2292    ndcg@3 : 0.2492    ndcg@4 : 0.2652    ndcg@5 : 0.2771    ndcg@10 : 0.3194    ndcg@20 : 0.3658    ndcg@30 : 0.3869    ndcg@50 : 0.4102    precision@1 : 0.2139    precision@2 : 0.1698    precision@3 : 0.1486    precision@4 : 0.1344    precision@5 : 0.1222    precision@10 : 0.088    precision@20 : 0.0608    precision@30 : 0.0471    precision@50 : 0.0332    map@1 : 0.2139    map@2 : 0.2032    map@3 : 0.2084    map@4 : 0.2147    map@5 : 0.22    map@10 : 0.2382    map@20 : 0.2539    map@30 : 0.2599    map@50 : 0.265
Sun 15 Mar 2026 13:59:49 INFO  Saving current: saved/SCL-Mar-15-2026_13-57-28.pth
Sun 15 Mar 2026 13:59:49 INFO  Saving current best: saved/SCL-Mar-15-2026_13-57-28.pth
Sun 15 Mar 2026 13:59:49 INFO  Running E-step ! 
Sun 15 Mar 2026 13:59:53 INFO  epoch 22 training [time: 4.74s, train_loss1: 91.8688, train_loss2: 0.0434, train_loss3: 0.0082, train_loss4: 0.0030]
Sun 15 Mar 2026 13:59:55 INFO  epoch 22 evaluating [time: 1.72s, valid_score: 0.318700]
Sun 15 Mar 2026 13:59:55 INFO  valid result: 
recall@1 : 0.1299    recall@2 : 0.2028    recall@3 : 0.2626    recall@4 : 0.3072    recall@5 : 0.3363    recall@10 : 0.4632    recall@20 : 0.6201    recall@30 : 0.6991    recall@50 : 0.7989    ndcg@1 : 0.211    ndcg@2 : 0.225    ndcg@3 : 0.2466    ndcg@4 : 0.2634    ndcg@5 : 0.2737    ndcg@10 : 0.3187    ndcg@20 : 0.3647    ndcg@30 : 0.3856    ndcg@50 : 0.4092    precision@1 : 0.211    precision@2 : 0.1663    precision@3 : 0.148    precision@4 : 0.135    precision@5 : 0.1212    precision@10 : 0.0885    precision@20 : 0.061    precision@30 : 0.0472    precision@50 : 0.0333    map@1 : 0.211    map@2 : 0.1998    map@3 : 0.2059    map@4 : 0.2128    map@5 : 0.2169    map@10 : 0.2365    map@20 : 0.252    map@30 : 0.2579    map@50 : 0.2632
Sun 15 Mar 2026 13:59:55 INFO  Running E-step ! 
Sun 15 Mar 2026 14:00:00 INFO  epoch 23 training [time: 5.29s, train_loss1: 91.9787, train_loss2: 0.0429, train_loss3: 0.0082, train_loss4: 0.0035]
Sun 15 Mar 2026 14:00:02 INFO  epoch 23 evaluating [time: 1.60s, valid_score: 0.319400]
Sun 15 Mar 2026 14:00:02 INFO  valid result: 
recall@1 : 0.1232    recall@2 : 0.2098    recall@3 : 0.2618    recall@4 : 0.3085    recall@5 : 0.3395    recall@10 : 0.4685    recall@20 : 0.6208    recall@30 : 0.7018    recall@50 : 0.8061    ndcg@1 : 0.2038    ndcg@2 : 0.2291    ndcg@3 : 0.2452    ndcg@4 : 0.2628    ndcg@5 : 0.274    ndcg@10 : 0.3194    ndcg@20 : 0.3643    ndcg@30 : 0.3857    ndcg@50 : 0.4101    precision@1 : 0.2038    precision@2 : 0.1737    precision@3 : 0.149    precision@4 : 0.1359    precision@5 : 0.1228    precision@10 : 0.0892    precision@20 : 0.0612    precision@30 : 0.0474    precision@50 : 0.0335    map@1 : 0.2038    map@2 : 0.2014    map@3 : 0.2036    map@4 : 0.211    map@5 : 0.2156    map@10 : 0.2354    map@20 : 0.2506    map@30 : 0.2567    map@50 : 0.2621
Sun 15 Mar 2026 14:00:02 INFO  Saving current: saved/SCL-Mar-15-2026_13-57-28.pth
Sun 15 Mar 2026 14:00:02 INFO  Saving current best: saved/SCL-Mar-15-2026_13-57-28.pth
Sun 15 Mar 2026 14:00:02 INFO  Running E-step ! 
Sun 15 Mar 2026 14:00:07 INFO  epoch 24 training [time: 5.35s, train_loss1: 89.9133, train_loss2: 0.0423, train_loss3: 0.0082, train_loss4: 0.0031]
Sun 15 Mar 2026 14:00:09 INFO  epoch 24 evaluating [time: 1.60s, valid_score: 0.318400]
Sun 15 Mar 2026 14:00:09 INFO  valid result: 
recall@1 : 0.1199    recall@2 : 0.2096    recall@3 : 0.2641    recall@4 : 0.3066    recall@5 : 0.3379    recall@10 : 0.4684    recall@20 : 0.6241    recall@30 : 0.7024    recall@50 : 0.8062    ndcg@1 : 0.2008    ndcg@2 : 0.2281    ndcg@3 : 0.2455    ndcg@4 : 0.2608    ndcg@5 : 0.2722    ndcg@10 : 0.3184    ndcg@20 : 0.364    ndcg@30 : 0.3849    ndcg@50 : 0.4093    precision@1 : 0.2008    precision@2 : 0.174    precision@3 : 0.1504    precision@4 : 0.1353    precision@5 : 0.1224    precision@10 : 0.0896    precision@20 : 0.0614    precision@30 : 0.0476    precision@50 : 0.0336    map@1 : 0.2008    map@2 : 0.1999    map@3 : 0.203    map@4 : 0.209    map@5 : 0.2137    map@10 : 0.234    map@20 : 0.2493    map@30 : 0.2554    map@50 : 0.2608
Sun 15 Mar 2026 14:00:09 INFO  Running E-step ! 
Sun 15 Mar 2026 14:00:14 INFO  epoch 25 training [time: 5.48s, train_loss1: 88.7522, train_loss2: 0.0416, train_loss3: 0.0082, train_loss4: 0.0032]
Sun 15 Mar 2026 14:00:16 INFO  epoch 25 evaluating [time: 1.60s, valid_score: 0.316600]
Sun 15 Mar 2026 14:00:16 INFO  valid result: 
recall@1 : 0.1201    recall@2 : 0.2076    recall@3 : 0.2616    recall@4 : 0.3064    recall@5 : 0.337    recall@10 : 0.4649    recall@20 : 0.622    recall@30 : 0.7052    recall@50 : 0.8092    ndcg@1 : 0.2008    ndcg@2 : 0.2269    ndcg@3 : 0.2441    ndcg@4 : 0.2604    ndcg@5 : 0.2717    ndcg@10 : 0.3166    ndcg@20 : 0.3628    ndcg@30 : 0.3849    ndcg@50 : 0.4093    precision@1 : 0.2008    precision@2 : 0.1731    precision@3 : 0.15    precision@4 : 0.1354    precision@5 : 0.1226    precision@10 : 0.0887    precision@20 : 0.0612    precision@30 : 0.0478    precision@50 : 0.0337    map@1 : 0.2008    map@2 : 0.1992    map@3 : 0.2018    map@4 : 0.2084    map@5 : 0.2132    map@10 : 0.2329    map@20 : 0.2485    map@30 : 0.2548    map@50 : 0.2602
Sun 15 Mar 2026 14:00:16 INFO  Running E-step ! 
Sun 15 Mar 2026 14:00:21 INFO  epoch 26 training [time: 5.27s, train_loss1: 87.9479, train_loss2: 0.0410, train_loss3: 0.0082, train_loss4: 0.0025]
Sun 15 Mar 2026 14:00:23 INFO  epoch 26 evaluating [time: 1.60s, valid_score: 0.322900]
Sun 15 Mar 2026 14:00:23 INFO  valid result: 
recall@1 : 0.1276    recall@2 : 0.211    recall@3 : 0.2656    recall@4 : 0.3089    recall@5 : 0.3374    recall@10 : 0.4715    recall@20 : 0.6243    recall@30 : 0.706    recall@50 : 0.8078    ndcg@1 : 0.211    ndcg@2 : 0.2335    ndcg@3 : 0.2501    ndcg@4 : 0.2655    ndcg@5 : 0.2759    ndcg@10 : 0.3229    ndcg@20 : 0.3677    ndcg@30 : 0.3895    ndcg@50 : 0.4133    precision@1 : 0.211    precision@2 : 0.1773    precision@3 : 0.1522    precision@4 : 0.1368    precision@5 : 0.1232    precision@10 : 0.0897    precision@20 : 0.0615    precision@30 : 0.048    precision@50 : 0.0337    map@1 : 0.211    map@2 : 0.2058    map@3 : 0.208    map@4 : 0.214    map@5 : 0.2181    map@10 : 0.2388    map@20 : 0.2538    map@30 : 0.2601    map@50 : 0.2654
Sun 15 Mar 2026 14:00:23 INFO  Saving current: saved/SCL-Mar-15-2026_13-57-28.pth
Sun 15 Mar 2026 14:00:23 INFO  Saving current best: saved/SCL-Mar-15-2026_13-57-28.pth
Sun 15 Mar 2026 14:00:23 INFO  Running E-step ! 
Sun 15 Mar 2026 14:00:28 INFO  epoch 27 training [time: 5.14s, train_loss1: 85.3993, train_loss2: 0.0404, train_loss3: 0.0082, train_loss4: 0.0025]
Sun 15 Mar 2026 14:00:30 INFO  epoch 27 evaluating [time: 1.59s, valid_score: 0.324600]
Sun 15 Mar 2026 14:00:30 INFO  valid result: 
recall@1 : 0.1352    recall@2 : 0.2083    recall@3 : 0.2658    recall@4 : 0.3074    recall@5 : 0.3362    recall@10 : 0.4684    recall@20 : 0.6247    recall@30 : 0.7094    recall@50 : 0.8125    ndcg@1 : 0.2199    ndcg@2 : 0.2331    ndcg@3 : 0.2527    ndcg@4 : 0.2673    ndcg@5 : 0.2777    ndcg@10 : 0.3246    ndcg@20 : 0.3704    ndcg@30 : 0.393    ndcg@50 : 0.4169    precision@1 : 0.2199    precision@2 : 0.1731    precision@3 : 0.1524    precision@4 : 0.1363    precision@5 : 0.1226    precision@10 : 0.0899    precision@20 : 0.0616    precision@30 : 0.0483    precision@50 : 0.0338    map@1 : 0.2199    map@2 : 0.2072    map@3 : 0.2113    map@4 : 0.2169    map@5 : 0.2212    map@10 : 0.2418    map@20 : 0.2571    map@30 : 0.2637    map@50 : 0.2689
Sun 15 Mar 2026 14:00:30 INFO  Saving current: saved/SCL-Mar-15-2026_13-57-28.pth
Sun 15 Mar 2026 14:00:30 INFO  Saving current best: saved/SCL-Mar-15-2026_13-57-28.pth
Sun 15 Mar 2026 14:00:30 INFO  Running E-step ! 
Sun 15 Mar 2026 14:00:35 INFO  epoch 28 training [time: 5.52s, train_loss1: 85.3622, train_loss2: 0.0398, train_loss3: 0.0082, train_loss4: 0.0028]
Sun 15 Mar 2026 14:00:37 INFO  epoch 28 evaluating [time: 1.60s, valid_score: 0.324000]
Sun 15 Mar 2026 14:00:37 INFO  valid result: 
recall@1 : 0.1302    recall@2 : 0.2128    recall@3 : 0.2651    recall@4 : 0.3096    recall@5 : 0.3348    recall@10 : 0.4705    recall@20 : 0.6268    recall@30 : 0.7066    recall@50 : 0.8096    ndcg@1 : 0.2163    ndcg@2 : 0.2339    ndcg@3 : 0.2513    ndcg@4 : 0.2677    ndcg@5 : 0.2761    ndcg@10 : 0.324    ndcg@20 : 0.37    ndcg@30 : 0.3915    ndcg@50 : 0.4153    precision@1 : 0.2163    precision@2 : 0.1746    precision@3 : 0.1524    precision@4 : 0.1383    precision@5 : 0.1226    precision@10 : 0.0897    precision@20 : 0.0619    precision@30 : 0.0482    precision@50 : 0.0338    map@1 : 0.2163    map@2 : 0.2065    map@3 : 0.2097    map@4 : 0.2161    map@5 : 0.2192    map@10 : 0.2404    map@20 : 0.2558    map@30 : 0.2622    map@50 : 0.2674
Sun 15 Mar 2026 14:00:37 INFO  Running E-step ! 
Sun 15 Mar 2026 14:00:42 INFO  epoch 29 training [time: 5.23s, train_loss1: 83.2504, train_loss2: 0.0393, train_loss3: 0.0082, train_loss4: 0.0026]
Sun 15 Mar 2026 14:00:44 INFO  epoch 29 evaluating [time: 1.60s, valid_score: 0.325300]
Sun 15 Mar 2026 14:00:44 INFO  valid result: 
recall@1 : 0.1298    recall@2 : 0.214    recall@3 : 0.2699    recall@4 : 0.3109    recall@5 : 0.3378    recall@10 : 0.4729    recall@20 : 0.6238    recall@30 : 0.705    recall@50 : 0.8039    ndcg@1 : 0.2145    ndcg@2 : 0.2342    ndcg@3 : 0.2538    ndcg@4 : 0.2682    ndcg@5 : 0.2779    ndcg@10 : 0.3253    ndcg@20 : 0.37    ndcg@30 : 0.3918    ndcg@50 : 0.415    precision@1 : 0.2145    precision@2 : 0.1749    precision@3 : 0.1549    precision@4 : 0.1383    precision@5 : 0.1238    precision@10 : 0.09    precision@20 : 0.0618    precision@30 : 0.0482    precision@50 : 0.0338    map@1 : 0.2145    map@2 : 0.2069    map@3 : 0.2117    map@4 : 0.2168    map@5 : 0.2211    map@10 : 0.2415    map@20 : 0.2566    map@30 : 0.263    map@50 : 0.2683
Sun 15 Mar 2026 14:00:44 INFO  Saving current: saved/SCL-Mar-15-2026_13-57-28.pth
Sun 15 Mar 2026 14:00:44 INFO  Saving current best: saved/SCL-Mar-15-2026_13-57-28.pth
Sun 15 Mar 2026 14:00:44 INFO  Running E-step ! 
Sun 15 Mar 2026 14:00:49 INFO  epoch 30 training [time: 5.08s, train_loss1: 81.2087, train_loss2: 0.0386, train_loss3: 0.0082, train_loss4: 0.0029]
Sun 15 Mar 2026 14:00:50 INFO  epoch 30 evaluating [time: 1.61s, valid_score: 0.329800]
Sun 15 Mar 2026 14:00:50 INFO  valid result: 
recall@1 : 0.1369    recall@2 : 0.2163    recall@3 : 0.2718    recall@4 : 0.3109    recall@5 : 0.3432    recall@10 : 0.4756    recall@20 : 0.6264    recall@30 : 0.704    recall@50 : 0.8022    ndcg@1 : 0.2229    ndcg@2 : 0.2389    ndcg@3 : 0.2573    ndcg@4 : 0.2711    ndcg@5 : 0.283    ndcg@10 : 0.3298    ndcg@20 : 0.3744    ndcg@30 : 0.3954    ndcg@50 : 0.4185    precision@1 : 0.2229    precision@2 : 0.177    precision@3 : 0.1545    precision@4 : 0.1375    precision@5 : 0.1247    precision@10 : 0.0908    precision@20 : 0.0622    precision@30 : 0.0483    precision@50 : 0.0338    map@1 : 0.2229    map@2 : 0.2125    map@3 : 0.2164    map@4 : 0.2211    map@5 : 0.2262    map@10 : 0.2467    map@20 : 0.2618    map@30 : 0.268    map@50 : 0.2732
Sun 15 Mar 2026 14:00:50 INFO  Saving current: saved/SCL-Mar-15-2026_13-57-28.pth
Sun 15 Mar 2026 14:00:50 INFO  Saving current best: saved/SCL-Mar-15-2026_13-57-28.pth
Sun 15 Mar 2026 14:00:50 INFO  Running E-step ! 
Sun 15 Mar 2026 14:00:55 INFO  epoch 31 training [time: 4.76s, train_loss1: 80.3600, train_loss2: 0.0382, train_loss3: 0.0082, train_loss4: 0.0024]
Sun 15 Mar 2026 14:00:57 INFO  epoch 31 evaluating [time: 1.61s, valid_score: 0.331100]
Sun 15 Mar 2026 14:00:57 INFO  valid result: 
recall@1 : 0.1367    recall@2 : 0.2203    recall@3 : 0.2733    recall@4 : 0.3131    recall@5 : 0.3474    recall@10 : 0.4759    recall@20 : 0.6255    recall@30 : 0.7034    recall@50 : 0.8035    ndcg@1 : 0.2229    ndcg@2 : 0.2421    ndcg@3 : 0.2589    ndcg@4 : 0.2728    ndcg@5 : 0.2856    ndcg@10 : 0.3311    ndcg@20 : 0.3755    ndcg@30 : 0.3966    ndcg@50 : 0.4201    precision@1 : 0.2229    precision@2 : 0.1806    precision@3 : 0.1557    precision@4 : 0.1383    precision@5 : 0.1262    precision@10 : 0.0908    precision@20 : 0.0621    precision@30 : 0.0482    precision@50 : 0.0338    map@1 : 0.2229    map@2 : 0.2148    map@3 : 0.2174    map@4 : 0.2222    map@5 : 0.228    map@10 : 0.248    map@20 : 0.2631    map@30 : 0.2694    map@50 : 0.2747
Sun 15 Mar 2026 14:00:57 INFO  Saving current: saved/SCL-Mar-15-2026_13-57-28.pth
Sun 15 Mar 2026 14:00:57 INFO  Saving current best: saved/SCL-Mar-15-2026_13-57-28.pth
Sun 15 Mar 2026 14:00:57 INFO  Running E-step ! 
Sun 15 Mar 2026 14:01:01 INFO  epoch 32 training [time: 4.46s, train_loss1: 78.2339, train_loss2: 0.0377, train_loss3: 0.0083, train_loss4: 0.0026]
Sun 15 Mar 2026 14:01:03 INFO  epoch 32 evaluating [time: 1.63s, valid_score: 0.332700]
Sun 15 Mar 2026 14:01:03 INFO  valid result: 
recall@1 : 0.1371    recall@2 : 0.2233    recall@3 : 0.2726    recall@4 : 0.3169    recall@5 : 0.3469    recall@10 : 0.4782    recall@20 : 0.6281    recall@30 : 0.7059    recall@50 : 0.8065    ndcg@1 : 0.2229    ndcg@2 : 0.2441    ndcg@3 : 0.259    ndcg@4 : 0.2749    ndcg@5 : 0.2859    ndcg@10 : 0.3327    ndcg@20 : 0.3775    ndcg@30 : 0.3982    ndcg@50 : 0.4217    precision@1 : 0.2229    precision@2 : 0.1821    precision@3 : 0.1551    precision@4 : 0.1393    precision@5 : 0.1257    precision@10 : 0.0914    precision@20 : 0.0627    precision@30 : 0.0484    precision@50 : 0.0339    map@1 : 0.2229    map@2 : 0.2168    map@3 : 0.2179    map@4 : 0.224    map@5 : 0.2288    map@10 : 0.2494    map@20 : 0.2648    map@30 : 0.2709    map@50 : 0.2762
Sun 15 Mar 2026 14:01:03 INFO  Saving current: saved/SCL-Mar-15-2026_13-57-28.pth
Sun 15 Mar 2026 14:01:03 INFO  Saving current best: saved/SCL-Mar-15-2026_13-57-28.pth
Sun 15 Mar 2026 14:01:03 INFO  Running E-step ! 
Sun 15 Mar 2026 14:01:07 INFO  epoch 33 training [time: 4.42s, train_loss1: 78.5592, train_loss2: 0.0372, train_loss3: 0.0083, train_loss4: 0.0020]
Sun 15 Mar 2026 14:01:09 INFO  epoch 33 evaluating [time: 1.64s, valid_score: 0.334000]
Sun 15 Mar 2026 14:01:09 INFO  valid result: 
recall@1 : 0.1394    recall@2 : 0.2217    recall@3 : 0.2727    recall@4 : 0.3157    recall@5 : 0.3481    recall@10 : 0.4799    recall@20 : 0.6285    recall@30 : 0.7084    recall@50 : 0.8073    ndcg@1 : 0.2247    ndcg@2 : 0.2434    ndcg@3 : 0.26    ndcg@4 : 0.2747    ndcg@5 : 0.2867    ndcg@10 : 0.334    ndcg@20 : 0.3783    ndcg@30 : 0.3994    ndcg@50 : 0.4225    precision@1 : 0.2247    precision@2 : 0.1806    precision@3 : 0.1559    precision@4 : 0.1384    precision@5 : 0.1255    precision@10 : 0.0919    precision@20 : 0.0628    precision@30 : 0.0485    precision@50 : 0.0339    map@1 : 0.2247    map@2 : 0.216    map@3 : 0.2186    map@4 : 0.224    map@5 : 0.2293    map@10 : 0.2504    map@20 : 0.2656    map@30 : 0.2717    map@50 : 0.277
Sun 15 Mar 2026 14:01:09 INFO  Saving current: saved/SCL-Mar-15-2026_13-57-28.pth
Sun 15 Mar 2026 14:01:09 INFO  Saving current best: saved/SCL-Mar-15-2026_13-57-28.pth
Sun 15 Mar 2026 14:01:09 INFO  Running E-step ! 
Sun 15 Mar 2026 14:01:14 INFO  epoch 34 training [time: 5.32s, train_loss1: 77.6370, train_loss2: 0.0367, train_loss3: 0.0083, train_loss4: 0.0015]
Sun 15 Mar 2026 14:01:16 INFO  epoch 34 evaluating [time: 1.60s, valid_score: 0.335100]
Sun 15 Mar 2026 14:01:16 INFO  valid result: 
recall@1 : 0.1395    recall@2 : 0.2232    recall@3 : 0.2771    recall@4 : 0.3182    recall@5 : 0.3547    recall@10 : 0.4797    recall@20 : 0.6319    recall@30 : 0.71    recall@50 : 0.8061    ndcg@1 : 0.2241    ndcg@2 : 0.2449    ndcg@3 : 0.2623    ndcg@4 : 0.2767    ndcg@5 : 0.2904    ndcg@10 : 0.3351    ndcg@20 : 0.3805    ndcg@30 : 0.4014    ndcg@50 : 0.4239    precision@1 : 0.2241    precision@2 : 0.1827    precision@3 : 0.1579    precision@4 : 0.14    precision@5 : 0.128    precision@10 : 0.0915    precision@20 : 0.063    precision@30 : 0.0487    precision@50 : 0.0339    map@1 : 0.2241    map@2 : 0.2178    map@3 : 0.2204    map@4 : 0.2256    map@5 : 0.232    map@10 : 0.252    map@20 : 0.2676    map@30 : 0.2738    map@50 : 0.2789
Sun 15 Mar 2026 14:01:16 INFO  Saving current: saved/SCL-Mar-15-2026_13-57-28.pth
Sun 15 Mar 2026 14:01:16 INFO  Saving current best: saved/SCL-Mar-15-2026_13-57-28.pth
Sun 15 Mar 2026 14:01:16 INFO  Running E-step ! 
Sun 15 Mar 2026 14:01:21 INFO  epoch 35 training [time: 4.91s, train_loss1: 74.2468, train_loss2: 0.0363, train_loss3: 0.0083, train_loss4: 0.0016]
Sun 15 Mar 2026 14:01:22 INFO  epoch 35 evaluating [time: 1.62s, valid_score: 0.337700]
Sun 15 Mar 2026 14:01:22 INFO  valid result: 
recall@1 : 0.1437    recall@2 : 0.2229    recall@3 : 0.2775    recall@4 : 0.3219    recall@5 : 0.3541    recall@10 : 0.4821    recall@20 : 0.6329    recall@30 : 0.7118    recall@50 : 0.8106    ndcg@1 : 0.2294    ndcg@2 : 0.2467    ndcg@3 : 0.2642    ndcg@4 : 0.2802    ndcg@5 : 0.2919    ndcg@10 : 0.3377    ndcg@20 : 0.3828    ndcg@30 : 0.4038    ndcg@50 : 0.4268    precision@1 : 0.2294    precision@2 : 0.183    precision@3 : 0.1579    precision@4 : 0.1415    precision@5 : 0.1277    precision@10 : 0.0918    precision@20 : 0.0631    precision@30 : 0.0488    precision@50 : 0.034    map@1 : 0.2294    map@2 : 0.2205    map@3 : 0.223    map@4 : 0.229    map@5 : 0.2342    map@10 : 0.2547    map@20 : 0.2702    map@30 : 0.2765    map@50 : 0.2817
Sun 15 Mar 2026 14:01:22 INFO  Saving current: saved/SCL-Mar-15-2026_13-57-28.pth
Sun 15 Mar 2026 14:01:22 INFO  Saving current best: saved/SCL-Mar-15-2026_13-57-28.pth
Sun 15 Mar 2026 14:01:22 INFO  Running E-step ! 
Sun 15 Mar 2026 14:01:27 INFO  epoch 36 training [time: 4.87s, train_loss1: 74.2453, train_loss2: 0.0358, train_loss3: 0.0083, train_loss4: 0.0021]
Sun 15 Mar 2026 14:01:29 INFO  epoch 36 evaluating [time: 1.60s, valid_score: 0.339800]
Sun 15 Mar 2026 14:01:29 INFO  valid result: 
recall@1 : 0.1434    recall@2 : 0.2255    recall@3 : 0.2796    recall@4 : 0.3278    recall@5 : 0.3586    recall@10 : 0.4861    recall@20 : 0.6361    recall@30 : 0.7117    recall@50 : 0.8144    ndcg@1 : 0.2271    ndcg@2 : 0.2488    ndcg@3 : 0.2658    ndcg@4 : 0.2833    ndcg@5 : 0.2945    ndcg@10 : 0.3398    ndcg@20 : 0.3848    ndcg@30 : 0.405    ndcg@50 : 0.4288    precision@1 : 0.2271    precision@2 : 0.1859    precision@3 : 0.1597    precision@4 : 0.1435    precision@5 : 0.1291    precision@10 : 0.0921    precision@20 : 0.0636    precision@30 : 0.0488    precision@50 : 0.0341    map@1 : 0.2271    map@2 : 0.2218    map@3 : 0.2238    map@4 : 0.2309    map@5 : 0.2359    map@10 : 0.2563    map@20 : 0.2718    map@30 : 0.2778    map@50 : 0.2831
Sun 15 Mar 2026 14:01:29 INFO  Saving current: saved/SCL-Mar-15-2026_13-57-28.pth
Sun 15 Mar 2026 14:01:29 INFO  Saving current best: saved/SCL-Mar-15-2026_13-57-28.pth
Sun 15 Mar 2026 14:01:29 INFO  Running E-step ! 
Sun 15 Mar 2026 14:01:34 INFO  epoch 37 training [time: 5.51s, train_loss1: 73.3078, train_loss2: 0.0354, train_loss3: 0.0083, train_loss4: 0.0021]
Sun 15 Mar 2026 14:01:36 INFO  epoch 37 evaluating [time: 1.60s, valid_score: 0.340000]
Sun 15 Mar 2026 14:01:36 INFO  valid result: 
recall@1 : 0.1459    recall@2 : 0.2269    recall@3 : 0.2798    recall@4 : 0.3264    recall@5 : 0.3575    recall@10 : 0.483    recall@20 : 0.6347    recall@30 : 0.7129    recall@50 : 0.8128    ndcg@1 : 0.2306    ndcg@2 : 0.2506    ndcg@3 : 0.267    ndcg@4 : 0.2839    ndcg@5 : 0.2951    ndcg@10 : 0.34    ndcg@20 : 0.3854    ndcg@30 : 0.4063    ndcg@50 : 0.4295    precision@1 : 0.2306    precision@2 : 0.1865    precision@3 : 0.1593    precision@4 : 0.143    precision@5 : 0.1287    precision@10 : 0.0918    precision@20 : 0.0633    precision@30 : 0.0489    precision@50 : 0.0341    map@1 : 0.2306    map@2 : 0.2239    map@3 : 0.2257    map@4 : 0.2324    map@5 : 0.2371    map@10 : 0.2576    map@20 : 0.273    map@30 : 0.2792    map@50 : 0.2844
Sun 15 Mar 2026 14:01:36 INFO  Saving current: saved/SCL-Mar-15-2026_13-57-28.pth
Sun 15 Mar 2026 14:01:36 INFO  Saving current best: saved/SCL-Mar-15-2026_13-57-28.pth
Sun 15 Mar 2026 14:01:36 INFO  Running E-step ! 
Sun 15 Mar 2026 14:01:41 INFO  epoch 38 training [time: 5.20s, train_loss1: 72.7663, train_loss2: 0.0348, train_loss3: 0.0083, train_loss4: 0.0020]
Sun 15 Mar 2026 14:01:43 INFO  epoch 38 evaluating [time: 1.59s, valid_score: 0.340700]
Sun 15 Mar 2026 14:01:43 INFO  valid result: 
recall@1 : 0.1464    recall@2 : 0.2296    recall@3 : 0.2865    recall@4 : 0.3252    recall@5 : 0.3584    recall@10 : 0.4822    recall@20 : 0.6359    recall@30 : 0.7158    recall@50 : 0.8131    ndcg@1 : 0.23    ndcg@2 : 0.2534    ndcg@3 : 0.2711    ndcg@4 : 0.2841    ndcg@5 : 0.2965    ndcg@10 : 0.3407    ndcg@20 : 0.3869    ndcg@30 : 0.408    ndcg@50 : 0.4307    precision@1 : 0.23    precision@2 : 0.1895    precision@3 : 0.1623    precision@4 : 0.1423    precision@5 : 0.129    precision@10 : 0.0914    precision@20 : 0.0636    precision@30 : 0.049    precision@50 : 0.0341    map@1 : 0.23    map@2 : 0.2263    map@3 : 0.2291    map@4 : 0.2335    map@5 : 0.2387    map@10 : 0.2588    map@20 : 0.2746    map@30 : 0.2808    map@50 : 0.286
Sun 15 Mar 2026 14:01:43 INFO  Saving current: saved/SCL-Mar-15-2026_13-57-28.pth
Sun 15 Mar 2026 14:01:43 INFO  Saving current best: saved/SCL-Mar-15-2026_13-57-28.pth
Sun 15 Mar 2026 14:01:43 INFO  Running E-step ! 
Sun 15 Mar 2026 14:01:48 INFO  epoch 39 training [time: 4.69s, train_loss1: 70.7098, train_loss2: 0.0343, train_loss3: 0.0083, train_loss4: 0.0023]
Sun 15 Mar 2026 14:01:49 INFO  epoch 39 evaluating [time: 1.61s, valid_score: 0.341200]
Sun 15 Mar 2026 14:01:49 INFO  valid result: 
recall@1 : 0.1436    recall@2 : 0.2328    recall@3 : 0.2858    recall@4 : 0.3277    recall@5 : 0.359    recall@10 : 0.4843    recall@20 : 0.6387    recall@30 : 0.7162    recall@50 : 0.8178    ndcg@1 : 0.2277    ndcg@2 : 0.254    ndcg@3 : 0.2701    ndcg@4 : 0.2847    ndcg@5 : 0.2963    ndcg@10 : 0.3412    ndcg@20 : 0.3874    ndcg@30 : 0.4079    ndcg@50 : 0.4314    precision@1 : 0.2277    precision@2 : 0.1904    precision@3 : 0.1619    precision@4 : 0.1433    precision@5 : 0.1296    precision@10 : 0.0921    precision@20 : 0.0639    precision@30 : 0.0491    precision@50 : 0.0342    map@1 : 0.2277    map@2 : 0.2262    map@3 : 0.2279    map@4 : 0.2333    map@5 : 0.2381    map@10 : 0.2585    map@20 : 0.2744    map@30 : 0.2805    map@50 : 0.2857
Sun 15 Mar 2026 14:01:49 INFO  Saving current: saved/SCL-Mar-15-2026_13-57-28.pth
Sun 15 Mar 2026 14:01:49 INFO  Saving current best: saved/SCL-Mar-15-2026_13-57-28.pth
Sun 15 Mar 2026 14:01:49 INFO  Running E-step ! 
Sun 15 Mar 2026 14:01:53 INFO  epoch 40 training [time: 4.29s, train_loss1: 71.8936, train_loss2: 0.0338, train_loss3: 0.0083, train_loss4: 0.0016]
Sun 15 Mar 2026 14:01:55 INFO  epoch 40 evaluating [time: 1.61s, valid_score: 0.342900]
Sun 15 Mar 2026 14:01:55 INFO  valid result: 
recall@1 : 0.1445    recall@2 : 0.2359    recall@3 : 0.2906    recall@4 : 0.3297    recall@5 : 0.361    recall@10 : 0.4851    recall@20 : 0.6387    recall@30 : 0.7171    recall@50 : 0.8193    ndcg@1 : 0.23    ndcg@2 : 0.2576    ndcg@3 : 0.2745    ndcg@4 : 0.2869    ndcg@5 : 0.2984    ndcg@10 : 0.3429    ndcg@20 : 0.389    ndcg@30 : 0.4098    ndcg@50 : 0.4336    precision@1 : 0.23    precision@2 : 0.1943    precision@3 : 0.1655    precision@4 : 0.1436    precision@5 : 0.1294    precision@10 : 0.092    precision@20 : 0.0639    precision@30 : 0.049    precision@50 : 0.0343    map@1 : 0.23    map@2 : 0.2288    map@3 : 0.2318    map@4 : 0.2354    map@5 : 0.2404    map@10 : 0.2603    map@20 : 0.2762    map@30 : 0.2824    map@50 : 0.2877
Sun 15 Mar 2026 14:01:55 INFO  Saving current: saved/SCL-Mar-15-2026_13-57-28.pth
Sun 15 Mar 2026 14:01:55 INFO  Saving current best: saved/SCL-Mar-15-2026_13-57-28.pth
Sun 15 Mar 2026 14:01:55 INFO  Running E-step ! 
Sun 15 Mar 2026 14:02:01 INFO  epoch 41 training [time: 5.47s, train_loss1: 67.5607, train_loss2: 0.0335, train_loss3: 0.0083, train_loss4: 0.0015]
Sun 15 Mar 2026 14:02:02 INFO  epoch 41 evaluating [time: 1.61s, valid_score: 0.344400]
Sun 15 Mar 2026 14:02:02 INFO  valid result: 
recall@1 : 0.1461    recall@2 : 0.2355    recall@3 : 0.2902    recall@4 : 0.3305    recall@5 : 0.3636    recall@10 : 0.4871    recall@20 : 0.6397    recall@30 : 0.7193    recall@50 : 0.8201    ndcg@1 : 0.2312    ndcg@2 : 0.2582    ndcg@3 : 0.2748    ndcg@4 : 0.288    ndcg@5 : 0.3002    ndcg@10 : 0.3444    ndcg@20 : 0.39    ndcg@30 : 0.411    ndcg@50 : 0.4343    precision@1 : 0.2312    precision@2 : 0.1946    precision@3 : 0.1653    precision@4 : 0.1444    precision@5 : 0.1305    precision@10 : 0.0927    precision@20 : 0.0642    precision@30 : 0.0493    precision@50 : 0.0343    map@1 : 0.2312    map@2 : 0.2302    map@3 : 0.2325    map@4 : 0.2364    map@5 : 0.2421    map@10 : 0.2617    map@20 : 0.2774    map@30 : 0.2836    map@50 : 0.2888
Sun 15 Mar 2026 14:02:02 INFO  Saving current: saved/SCL-Mar-15-2026_13-57-28.pth
Sun 15 Mar 2026 14:02:02 INFO  Saving current best: saved/SCL-Mar-15-2026_13-57-28.pth
Sun 15 Mar 2026 14:02:02 INFO  Running E-step ! 
Sun 15 Mar 2026 14:02:07 INFO  epoch 42 training [time: 4.73s, train_loss1: 67.2598, train_loss2: 0.0330, train_loss3: 0.0083, train_loss4: 0.0016]
Sun 15 Mar 2026 14:02:09 INFO  epoch 42 evaluating [time: 1.62s, valid_score: 0.345600]
Sun 15 Mar 2026 14:02:09 INFO  valid result: 
recall@1 : 0.1481    recall@2 : 0.2351    recall@3 : 0.2918    recall@4 : 0.3308    recall@5 : 0.3663    recall@10 : 0.4869    recall@20 : 0.6409    recall@30 : 0.7198    recall@50 : 0.8205    ndcg@1 : 0.2324    ndcg@2 : 0.2582    ndcg@3 : 0.276    ndcg@4 : 0.289    ndcg@5 : 0.3024    ndcg@10 : 0.3456    ndcg@20 : 0.3915    ndcg@30 : 0.4124    ndcg@50 : 0.4356    precision@1 : 0.2324    precision@2 : 0.194    precision@3 : 0.1659    precision@4 : 0.145    precision@5 : 0.1319    precision@10 : 0.0931    precision@20 : 0.0642    precision@30 : 0.0494    precision@50 : 0.0344    map@1 : 0.2324    map@2 : 0.2305    map@3 : 0.2337    map@4 : 0.2376    map@5 : 0.2438    map@10 : 0.2632    map@20 : 0.279    map@30 : 0.2851    map@50 : 0.2903
Sun 15 Mar 2026 14:02:09 INFO  Saving current: saved/SCL-Mar-15-2026_13-57-28.pth
Sun 15 Mar 2026 14:02:09 INFO  Saving current best: saved/SCL-Mar-15-2026_13-57-28.pth
Sun 15 Mar 2026 14:02:09 INFO  Running E-step ! 
Sun 15 Mar 2026 14:02:14 INFO  epoch 43 training [time: 5.34s, train_loss1: 66.5504, train_loss2: 0.0327, train_loss3: 0.0082, train_loss4: 0.0016]
Sun 15 Mar 2026 14:02:15 INFO  epoch 43 evaluating [time: 1.61s, valid_score: 0.346600]
Sun 15 Mar 2026 14:02:15 INFO  valid result: 
recall@1 : 0.1486    recall@2 : 0.2342    recall@3 : 0.293    recall@4 : 0.3343    recall@5 : 0.3678    recall@10 : 0.4887    recall@20 : 0.6432    recall@30 : 0.7221    recall@50 : 0.8218    ndcg@1 : 0.2336    ndcg@2 : 0.2565    ndcg@3 : 0.2767    ndcg@4 : 0.2907    ndcg@5 : 0.3033    ndcg@10 : 0.3466    ndcg@20 : 0.3925    ndcg@30 : 0.4135    ndcg@50 : 0.4365    precision@1 : 0.2336    precision@2 : 0.1913    precision@3 : 0.1663    precision@4 : 0.1462    precision@5 : 0.1325    precision@10 : 0.0934    precision@20 : 0.0643    precision@30 : 0.0495    precision@50 : 0.0344    map@1 : 0.2336    map@2 : 0.2293    map@3 : 0.2345    map@4 : 0.239    map@5 : 0.2449    map@10 : 0.2643    map@20 : 0.2799    map@30 : 0.2861    map@50 : 0.2912
Sun 15 Mar 2026 14:02:16 INFO  Saving current: saved/SCL-Mar-15-2026_13-57-28.pth
Sun 15 Mar 2026 14:02:16 INFO  Saving current best: saved/SCL-Mar-15-2026_13-57-28.pth
Sun 15 Mar 2026 14:02:16 INFO  Running E-step ! 
Sun 15 Mar 2026 14:02:20 INFO  epoch 44 training [time: 4.24s, train_loss1: 63.8388, train_loss2: 0.0323, train_loss3: 0.0082, train_loss4: 0.0016]
Sun 15 Mar 2026 14:02:21 INFO  epoch 44 evaluating [time: 1.61s, valid_score: 0.346200]
Sun 15 Mar 2026 14:02:21 INFO  valid result: 
recall@1 : 0.1455    recall@2 : 0.2362    recall@3 : 0.2949    recall@4 : 0.3363    recall@5 : 0.3692    recall@10 : 0.4895    recall@20 : 0.6412    recall@30 : 0.723    recall@50 : 0.821    ndcg@1 : 0.2282    ndcg@2 : 0.2567    ndcg@3 : 0.2767    ndcg@4 : 0.291    ndcg@5 : 0.3035    ndcg@10 : 0.3462    ndcg@20 : 0.3915    ndcg@30 : 0.4132    ndcg@50 : 0.436    precision@1 : 0.2282    precision@2 : 0.1931    precision@3 : 0.1671    precision@4 : 0.1472    precision@5 : 0.1337    precision@10 : 0.0934    precision@20 : 0.0642    precision@30 : 0.0496    precision@50 : 0.0344    map@1 : 0.2282    map@2 : 0.2285    map@3 : 0.234    map@4 : 0.2387    map@5 : 0.2446    map@10 : 0.2637    map@20 : 0.2793    map@30 : 0.2857    map@50 : 0.2908
Sun 15 Mar 2026 14:02:21 INFO  Running E-step ! 
Sun 15 Mar 2026 14:02:27 INFO  epoch 45 training [time: 5.28s, train_loss1: 64.3688, train_loss2: 0.0318, train_loss3: 0.0082, train_loss4: 0.0016]
Sun 15 Mar 2026 14:02:28 INFO  epoch 45 evaluating [time: 1.62s, valid_score: 0.346600]
Sun 15 Mar 2026 14:02:28 INFO  valid result: 
recall@1 : 0.1422    recall@2 : 0.2345    recall@3 : 0.2942    recall@4 : 0.3375    recall@5 : 0.3755    recall@10 : 0.4936    recall@20 : 0.6423    recall@30 : 0.7222    recall@50 : 0.8235    ndcg@1 : 0.2277    ndcg@2 : 0.2542    ndcg@3 : 0.275    ndcg@4 : 0.2901    ndcg@5 : 0.3047    ndcg@10 : 0.3466    ndcg@20 : 0.3907    ndcg@30 : 0.4119    ndcg@50 : 0.4355    precision@1 : 0.2277    precision@2 : 0.1913    precision@3 : 0.1669    precision@4 : 0.1473    precision@5 : 0.135    precision@10 : 0.0943    precision@20 : 0.0642    precision@30 : 0.0494    precision@50 : 0.0345    map@1 : 0.2277    map@2 : 0.2259    map@3 : 0.2317    map@4 : 0.2371    map@5 : 0.2442    map@10 : 0.2627    map@20 : 0.2777    map@30 : 0.2839    map@50 : 0.2893
Sun 15 Mar 2026 14:02:28 INFO  Saving current: saved/SCL-Mar-15-2026_13-57-28.pth
Sun 15 Mar 2026 14:02:28 INFO  Saving current best: saved/SCL-Mar-15-2026_13-57-28.pth
Sun 15 Mar 2026 14:02:28 INFO  Running E-step ! 
Sun 15 Mar 2026 14:02:34 INFO  epoch 46 training [time: 5.24s, train_loss1: 63.1653, train_loss2: 0.0315, train_loss3: 0.0082, train_loss4: 0.0017]
Sun 15 Mar 2026 14:02:35 INFO  epoch 46 evaluating [time: 1.62s, valid_score: 0.345800]
Sun 15 Mar 2026 14:02:35 INFO  valid result: 
recall@1 : 0.1419    recall@2 : 0.2347    recall@3 : 0.2904    recall@4 : 0.3364    recall@5 : 0.3741    recall@10 : 0.4912    recall@20 : 0.646    recall@30 : 0.7215    recall@50 : 0.8245    ndcg@1 : 0.2265    ndcg@2 : 0.2551    ndcg@3 : 0.2734    ndcg@4 : 0.2895    ndcg@5 : 0.3037    ndcg@10 : 0.3458    ndcg@20 : 0.3916    ndcg@30 : 0.4117    ndcg@50 : 0.4356    precision@1 : 0.2265    precision@2 : 0.1931    precision@3 : 0.1665    precision@4 : 0.1475    precision@5 : 0.1346    precision@10 : 0.0944    precision@20 : 0.0647    precision@30 : 0.0495    precision@50 : 0.0345    map@1 : 0.2265    map@2 : 0.2271    map@3 : 0.2313    map@4 : 0.2369    map@5 : 0.2436    map@10 : 0.2624    map@20 : 0.278    map@30 : 0.284    map@50 : 0.2893
Sun 15 Mar 2026 14:02:35 INFO  Running E-step ! 
Sun 15 Mar 2026 14:02:41 INFO  epoch 47 training [time: 5.48s, train_loss1: 60.5784, train_loss2: 0.0311, train_loss3: 0.0082, train_loss4: 0.0016]
Sun 15 Mar 2026 14:02:42 INFO  epoch 47 evaluating [time: 1.62s, valid_score: 0.346600]
Sun 15 Mar 2026 14:02:42 INFO  valid result: 
recall@1 : 0.1434    recall@2 : 0.2351    recall@3 : 0.2851    recall@4 : 0.335    recall@5 : 0.3754    recall@10 : 0.4929    recall@20 : 0.6455    recall@30 : 0.7245    recall@50 : 0.8236    ndcg@1 : 0.2282    ndcg@2 : 0.2554    ndcg@3 : 0.2709    ndcg@4 : 0.2892    ndcg@5 : 0.3045    ndcg@10 : 0.3466    ndcg@20 : 0.3918    ndcg@30 : 0.4126    ndcg@50 : 0.4357    precision@1 : 0.2282    precision@2 : 0.1925    precision@3 : 0.1637    precision@4 : 0.1475    precision@5 : 0.1352    precision@10 : 0.0948    precision@20 : 0.0647    precision@30 : 0.0496    precision@50 : 0.0345    map@1 : 0.2282    map@2 : 0.2277    map@3 : 0.2298    map@4 : 0.237    map@5 : 0.2441    map@10 : 0.2628    map@20 : 0.2783    map@30 : 0.2844    map@50 : 0.2897
Sun 15 Mar 2026 14:02:42 INFO  Saving current: saved/SCL-Mar-15-2026_13-57-28.pth
Sun 15 Mar 2026 14:02:42 INFO  Saving current best: saved/SCL-Mar-15-2026_13-57-28.pth
Sun 15 Mar 2026 14:02:42 INFO  Running E-step ! 
Sun 15 Mar 2026 14:02:47 INFO  epoch 48 training [time: 4.98s, train_loss1: 60.6044, train_loss2: 0.0308, train_loss3: 0.0082, train_loss4: 0.0016]
Sun 15 Mar 2026 14:02:49 INFO  epoch 48 evaluating [time: 1.65s, valid_score: 0.346200]
Sun 15 Mar 2026 14:02:49 INFO  valid result: 
recall@1 : 0.1431    recall@2 : 0.2332    recall@3 : 0.2865    recall@4 : 0.3316    recall@5 : 0.3742    recall@10 : 0.4936    recall@20 : 0.642    recall@30 : 0.7258    recall@50 : 0.8263    ndcg@1 : 0.2265    ndcg@2 : 0.2539    ndcg@3 : 0.2708    ndcg@4 : 0.2868    ndcg@5 : 0.3035    ndcg@10 : 0.3462    ndcg@20 : 0.3904    ndcg@30 : 0.4123    ndcg@50 : 0.4357    precision@1 : 0.2265    precision@2 : 0.1919    precision@3 : 0.1635    precision@4 : 0.1456    precision@5 : 0.1349    precision@10 : 0.0949    precision@20 : 0.0644    precision@30 : 0.0497    precision@50 : 0.0346    map@1 : 0.2265    map@2 : 0.2263    map@3 : 0.2296    map@4 : 0.2355    map@5 : 0.2435    map@10 : 0.2624    map@20 : 0.2776    map@30 : 0.284    map@50 : 0.2894
Sun 15 Mar 2026 14:02:49 INFO  Running E-step ! 
Sun 15 Mar 2026 14:02:54 INFO  epoch 49 training [time: 4.70s, train_loss1: 58.9121, train_loss2: 0.0304, train_loss3: 0.0082, train_loss4: 0.0016]
Sun 15 Mar 2026 14:02:55 INFO  epoch 49 evaluating [time: 1.61s, valid_score: 0.347600]
Sun 15 Mar 2026 14:02:55 INFO  valid result: 
recall@1 : 0.1443    recall@2 : 0.2322    recall@3 : 0.2841    recall@4 : 0.3335    recall@5 : 0.3755    recall@10 : 0.4964    recall@20 : 0.6444    recall@30 : 0.7305    recall@50 : 0.8263    ndcg@1 : 0.2282    ndcg@2 : 0.2541    ndcg@3 : 0.2701    ndcg@4 : 0.2882    ndcg@5 : 0.3043    ndcg@10 : 0.3476    ndcg@20 : 0.3918    ndcg@30 : 0.414    ndcg@50 : 0.4366    precision@1 : 0.2282    precision@2 : 0.1916    precision@3 : 0.1633    precision@4 : 0.1468    precision@5 : 0.1354    precision@10 : 0.0955    precision@20 : 0.0647    precision@30 : 0.0499    precision@50 : 0.0347    map@1 : 0.2282    map@2 : 0.2262    map@3 : 0.2294    map@4 : 0.2365    map@5 : 0.2439    map@10 : 0.2631    map@20 : 0.2785    map@30 : 0.2848    map@50 : 0.29
Sun 15 Mar 2026 14:02:55 INFO  Saving current: saved/SCL-Mar-15-2026_13-57-28.pth
Sun 15 Mar 2026 14:02:55 INFO  Saving current best: saved/SCL-Mar-15-2026_13-57-28.pth
Sun 15 Mar 2026 14:02:55 INFO  Running E-step ! 
Sun 15 Mar 2026 14:03:00 INFO  epoch 50 training [time: 5.20s, train_loss1: 58.3922, train_loss2: 0.0300, train_loss3: 0.0082, train_loss4: 0.0019]
Sun 15 Mar 2026 14:03:02 INFO  epoch 50 evaluating [time: 1.61s, valid_score: 0.344900]
Sun 15 Mar 2026 14:03:02 INFO  valid result: 
recall@1 : 0.1409    recall@2 : 0.23    recall@3 : 0.2844    recall@4 : 0.3316    recall@5 : 0.3731    recall@10 : 0.4929    recall@20 : 0.6414    recall@30 : 0.7292    recall@50 : 0.8249    ndcg@1 : 0.2235    ndcg@2 : 0.2509    ndcg@3 : 0.2688    ndcg@4 : 0.2859    ndcg@5 : 0.3015    ndcg@10 : 0.3449    ndcg@20 : 0.3892    ndcg@30 : 0.412    ndcg@50 : 0.4345    precision@1 : 0.2235    precision@2 : 0.1901    precision@3 : 0.1637    precision@4 : 0.1465    precision@5 : 0.1343    precision@10 : 0.0952    precision@20 : 0.0645    precision@30 : 0.0498    precision@50 : 0.0346    map@1 : 0.2235    map@2 : 0.2236    map@3 : 0.2279    map@4 : 0.2344    map@5 : 0.2412    map@10 : 0.2608    map@20 : 0.2763    map@30 : 0.2828    map@50 : 0.288
Sun 15 Mar 2026 14:03:02 INFO  Running E-step ! 
Sun 15 Mar 2026 14:03:07 INFO  epoch 51 training [time: 5.27s, train_loss1: 57.6188, train_loss2: 0.0297, train_loss3: 0.0082, train_loss4: 0.0020]
Sun 15 Mar 2026 14:03:09 INFO  epoch 51 evaluating [time: 1.66s, valid_score: 0.347200]
Sun 15 Mar 2026 14:03:09 INFO  valid result: 
recall@1 : 0.1439    recall@2 : 0.2302    recall@3 : 0.2854    recall@4 : 0.335    recall@5 : 0.3725    recall@10 : 0.4952    recall@20 : 0.6423    recall@30 : 0.7298    recall@50 : 0.8246    ndcg@1 : 0.2282    ndcg@2 : 0.2522    ndcg@3 : 0.2712    ndcg@4 : 0.2888    ndcg@5 : 0.3028    ndcg@10 : 0.3472    ndcg@20 : 0.3909    ndcg@30 : 0.4137    ndcg@50 : 0.436    precision@1 : 0.2282    precision@2 : 0.1895    precision@3 : 0.1651    precision@4 : 0.1476    precision@5 : 0.1341    precision@10 : 0.0956    precision@20 : 0.0645    precision@30 : 0.0498    precision@50 : 0.0346    map@1 : 0.2282    map@2 : 0.2251    map@3 : 0.2303    map@4 : 0.2371    map@5 : 0.2433    map@10 : 0.263    map@20 : 0.2782    map@30 : 0.2847    map@50 : 0.2899
Sun 15 Mar 2026 14:03:09 INFO  Running E-step ! 
Sun 15 Mar 2026 14:03:14 INFO  epoch 52 training [time: 5.31s, train_loss1: 56.3602, train_loss2: 0.0295, train_loss3: 0.0082, train_loss4: 0.0021]
Sun 15 Mar 2026 14:03:16 INFO  epoch 52 evaluating [time: 1.62s, valid_score: 0.345400]
Sun 15 Mar 2026 14:03:16 INFO  valid result: 
recall@1 : 0.1441    recall@2 : 0.228    recall@3 : 0.2844    recall@4 : 0.3333    recall@5 : 0.3707    recall@10 : 0.491    recall@20 : 0.6447    recall@30 : 0.7301    recall@50 : 0.8254    ndcg@1 : 0.23    ndcg@2 : 0.252    ndcg@3 : 0.2705    ndcg@4 : 0.288    ndcg@5 : 0.3018    ndcg@10 : 0.3454    ndcg@20 : 0.3911    ndcg@30 : 0.4134    ndcg@50 : 0.4358    precision@1 : 0.23    precision@2 : 0.1895    precision@3 : 0.1641    precision@4 : 0.1472    precision@5 : 0.1336    precision@10 : 0.0949    precision@20 : 0.0646    precision@30 : 0.0498    precision@50 : 0.0346    map@1 : 0.23    map@2 : 0.2251    map@3 : 0.2298    map@4 : 0.2364    map@5 : 0.2426    map@10 : 0.2618    map@20 : 0.2777    map@30 : 0.2842    map@50 : 0.2893
Sun 15 Mar 2026 14:03:16 INFO  Running E-step ! 
Sun 15 Mar 2026 14:03:22 INFO  epoch 53 training [time: 5.60s, train_loss1: 55.5840, train_loss2: 0.0293, train_loss3: 0.0082, train_loss4: 0.0019]
Sun 15 Mar 2026 14:03:23 INFO  epoch 53 evaluating [time: 1.62s, valid_score: 0.345600]
Sun 15 Mar 2026 14:03:23 INFO  valid result: 
recall@1 : 0.1444    recall@2 : 0.2279    recall@3 : 0.2867    recall@4 : 0.3339    recall@5 : 0.3707    recall@10 : 0.4914    recall@20 : 0.6483    recall@30 : 0.7273    recall@50 : 0.8233    ndcg@1 : 0.23    ndcg@2 : 0.2521    ndcg@3 : 0.2714    ndcg@4 : 0.2882    ndcg@5 : 0.3019    ndcg@10 : 0.3456    ndcg@20 : 0.392    ndcg@30 : 0.4129    ndcg@50 : 0.4353    precision@1 : 0.23    precision@2 : 0.1898    precision@3 : 0.1641    precision@4 : 0.1469    precision@5 : 0.1336    precision@10 : 0.0949    precision@20 : 0.0649    precision@30 : 0.0497    precision@50 : 0.0345    map@1 : 0.23    map@2 : 0.2254    map@3 : 0.2303    map@4 : 0.2367    map@5 : 0.2427    map@10 : 0.2621    map@20 : 0.278    map@30 : 0.2842    map@50 : 0.2894
Sun 15 Mar 2026 14:03:23 INFO  Running E-step ! 
Sun 15 Mar 2026 14:03:28 INFO  epoch 54 training [time: 5.31s, train_loss1: 54.7392, train_loss2: 0.0290, train_loss3: 0.0082, train_loss4: 0.0019]
Sun 15 Mar 2026 14:03:30 INFO  epoch 54 evaluating [time: 1.62s, valid_score: 0.346500]
Sun 15 Mar 2026 14:03:30 INFO  valid result: 
recall@1 : 0.1445    recall@2 : 0.2311    recall@3 : 0.2895    recall@4 : 0.3356    recall@5 : 0.373    recall@10 : 0.4911    recall@20 : 0.6463    recall@30 : 0.7293    recall@50 : 0.8249    ndcg@1 : 0.2318    ndcg@2 : 0.2547    ndcg@3 : 0.2737    ndcg@4 : 0.2901    ndcg@5 : 0.3041    ndcg@10 : 0.3465    ndcg@20 : 0.3925    ndcg@30 : 0.4142    ndcg@50 : 0.4367    precision@1 : 0.2318    precision@2 : 0.1919    precision@3 : 0.1659    precision@4 : 0.1482    precision@5 : 0.1348    precision@10 : 0.0948    precision@20 : 0.0647    precision@30 : 0.0498    precision@50 : 0.0346    map@1 : 0.2318    map@2 : 0.2279    map@3 : 0.2322    map@4 : 0.2386    map@5 : 0.2446    map@10 : 0.2633    map@20 : 0.2791    map@30 : 0.2856    map@50 : 0.2907
Sun 15 Mar 2026 14:03:30 INFO  Running E-step ! 
Sun 15 Mar 2026 14:03:35 INFO  epoch 55 training [time: 4.67s, train_loss1: 53.8228, train_loss2: 0.0287, train_loss3: 0.0082, train_loss4: 0.0022]
Sun 15 Mar 2026 14:03:36 INFO  epoch 55 evaluating [time: 1.60s, valid_score: 0.346400]
Sun 15 Mar 2026 14:03:36 INFO  valid result: 
recall@1 : 0.1458    recall@2 : 0.2309    recall@3 : 0.2849    recall@4 : 0.3368    recall@5 : 0.3706    recall@10 : 0.4916    recall@20 : 0.6489    recall@30 : 0.7273    recall@50 : 0.8247    ndcg@1 : 0.2324    ndcg@2 : 0.2544    ndcg@3 : 0.2718    ndcg@4 : 0.2907    ndcg@5 : 0.3033    ndcg@10 : 0.3464    ndcg@20 : 0.3929    ndcg@30 : 0.4137    ndcg@50 : 0.4365    precision@1 : 0.2324    precision@2 : 0.1913    precision@3 : 0.1643    precision@4 : 0.1484    precision@5 : 0.1344    precision@10 : 0.0946    precision@20 : 0.0647    precision@30 : 0.0496    precision@50 : 0.0346    map@1 : 0.2324    map@2 : 0.2277    map@3 : 0.2313    map@4 : 0.2388    map@5 : 0.2443    map@10 : 0.2634    map@20 : 0.2793    map@30 : 0.2854    map@50 : 0.2906
Sun 15 Mar 2026 14:03:36 INFO  Running E-step ! 
Sun 15 Mar 2026 14:03:41 INFO  epoch 56 training [time: 4.92s, train_loss1: 53.1093, train_loss2: 0.0285, train_loss3: 0.0082, train_loss4: 0.0028]
Sun 15 Mar 2026 14:03:43 INFO  epoch 56 evaluating [time: 1.60s, valid_score: 0.347600]
Sun 15 Mar 2026 14:03:43 INFO  valid result: 
recall@1 : 0.1437    recall@2 : 0.2337    recall@3 : 0.2884    recall@4 : 0.3354    recall@5 : 0.3735    recall@10 : 0.4942    recall@20 : 0.6488    recall@30 : 0.7279    recall@50 : 0.823    ndcg@1 : 0.2306    ndcg@2 : 0.2556    ndcg@3 : 0.2733    ndcg@4 : 0.2901    ndcg@5 : 0.3045    ndcg@10 : 0.3476    ndcg@20 : 0.3933    ndcg@30 : 0.4141    ndcg@50 : 0.4365    precision@1 : 0.2306    precision@2 : 0.1931    precision@3 : 0.1659    precision@4 : 0.1484    precision@5 : 0.1355    precision@10 : 0.0955    precision@20 : 0.0648    precision@30 : 0.0497    precision@50 : 0.0346    map@1 : 0.2306    map@2 : 0.2284    map@3 : 0.2323    map@4 : 0.2384    map@5 : 0.2448    map@10 : 0.264    map@20 : 0.2795    map@30 : 0.2857    map@50 : 0.2909
Sun 15 Mar 2026 14:03:43 INFO  Saving current: saved/SCL-Mar-15-2026_13-57-28.pth
Sun 15 Mar 2026 14:03:43 INFO  Saving current best: saved/SCL-Mar-15-2026_13-57-28.pth
Sun 15 Mar 2026 14:03:43 INFO  Running E-step ! 
Sun 15 Mar 2026 14:03:48 INFO  epoch 57 training [time: 5.55s, train_loss1: 52.0192, train_loss2: 0.0282, train_loss3: 0.0082, train_loss4: 0.0020]
Sun 15 Mar 2026 14:03:50 INFO  epoch 57 evaluating [time: 1.62s, valid_score: 0.348900]
Sun 15 Mar 2026 14:03:50 INFO  valid result: 
recall@1 : 0.1453    recall@2 : 0.2337    recall@3 : 0.2879    recall@4 : 0.338    recall@5 : 0.3709    recall@10 : 0.4967    recall@20 : 0.6479    recall@30 : 0.7263    recall@50 : 0.8218    ndcg@1 : 0.233    ndcg@2 : 0.2571    ndcg@3 : 0.2739    ndcg@4 : 0.2922    ndcg@5 : 0.3039    ndcg@10 : 0.3489    ndcg@20 : 0.3937    ndcg@30 : 0.4144    ndcg@50 : 0.4368    precision@1 : 0.233    precision@2 : 0.1946    precision@3 : 0.1659    precision@4 : 0.1497    precision@5 : 0.1341    precision@10 : 0.0955    precision@20 : 0.0647    precision@30 : 0.0496    precision@50 : 0.0345    map@1 : 0.233    map@2 : 0.2299    map@3 : 0.233    map@4 : 0.2402    map@5 : 0.245    map@10 : 0.2648    map@20 : 0.2802    map@30 : 0.2864    map@50 : 0.2915
Sun 15 Mar 2026 14:03:50 INFO  Saving current: saved/SCL-Mar-15-2026_13-57-28.pth
Sun 15 Mar 2026 14:03:50 INFO  Saving current best: saved/SCL-Mar-15-2026_13-57-28.pth
Sun 15 Mar 2026 14:03:50 INFO  Running E-step ! 
Sun 15 Mar 2026 14:03:55 INFO  epoch 58 training [time: 5.30s, train_loss1: 50.7830, train_loss2: 0.0280, train_loss3: 0.0082, train_loss4: 0.0025]
Sun 15 Mar 2026 14:03:57 INFO  epoch 58 evaluating [time: 1.61s, valid_score: 0.348900]
Sun 15 Mar 2026 14:03:57 INFO  valid result: 
recall@1 : 0.1468    recall@2 : 0.2313    recall@3 : 0.2837    recall@4 : 0.3349    recall@5 : 0.3702    recall@10 : 0.4975    recall@20 : 0.6492    recall@30 : 0.7248    recall@50 : 0.82    ndcg@1 : 0.2336    ndcg@2 : 0.2551    ndcg@3 : 0.2721    ndcg@4 : 0.2905    ndcg@5 : 0.3035    ndcg@10 : 0.3489    ndcg@20 : 0.3938    ndcg@30 : 0.4139    ndcg@50 : 0.4362    precision@1 : 0.2336    precision@2 : 0.1919    precision@3 : 0.1649    precision@4 : 0.1487    precision@5 : 0.1343    precision@10 : 0.096    precision@20 : 0.0649    precision@30 : 0.0497    precision@50 : 0.0345    map@1 : 0.2336    map@2 : 0.2291    map@3 : 0.2324    map@4 : 0.2393    map@5 : 0.2449    map@10 : 0.2649    map@20 : 0.2803    map@30 : 0.2863    map@50 : 0.2914
Sun 15 Mar 2026 14:03:57 INFO  Saving current: saved/SCL-Mar-15-2026_13-57-28.pth
Sun 15 Mar 2026 14:03:57 INFO  Saving current best: saved/SCL-Mar-15-2026_13-57-28.pth
Sun 15 Mar 2026 14:03:57 INFO  Running E-step ! 
Sun 15 Mar 2026 14:04:02 INFO  epoch 59 training [time: 5.28s, train_loss1: 49.5156, train_loss2: 0.0278, train_loss3: 0.0082, train_loss4: 0.0023]
Sun 15 Mar 2026 14:04:04 INFO  epoch 59 evaluating [time: 1.60s, valid_score: 0.346200]
Sun 15 Mar 2026 14:04:04 INFO  valid result: 
recall@1 : 0.1423    recall@2 : 0.2297    recall@3 : 0.2859    recall@4 : 0.335    recall@5 : 0.3713    recall@10 : 0.4947    recall@20 : 0.6474    recall@30 : 0.7264    recall@50 : 0.8172    ndcg@1 : 0.2282    ndcg@2 : 0.2533    ndcg@3 : 0.2714    ndcg@4 : 0.2889    ndcg@5 : 0.3023    ndcg@10 : 0.3462    ndcg@20 : 0.3916    ndcg@30 : 0.4125    ndcg@50 : 0.4339    precision@1 : 0.2282    precision@2 : 0.1925    precision@3 : 0.1657    precision@4 : 0.1488    precision@5 : 0.1347    precision@10 : 0.0953    precision@20 : 0.0647    precision@30 : 0.0497    precision@50 : 0.0344    map@1 : 0.2282    map@2 : 0.2265    map@3 : 0.2304    map@4 : 0.237    map@5 : 0.2429    map@10 : 0.2621    map@20 : 0.2778    map@30 : 0.284    map@50 : 0.2889
Sun 15 Mar 2026 14:04:04 INFO  Running E-step ! 
Sun 15 Mar 2026 14:04:09 INFO  epoch 60 training [time: 5.23s, train_loss1: 49.6346, train_loss2: 0.0276, train_loss3: 0.0082, train_loss4: 0.0024]
Sun 15 Mar 2026 14:04:11 INFO  epoch 60 evaluating [time: 1.60s, valid_score: 0.346100]
Sun 15 Mar 2026 14:04:11 INFO  valid result: 
recall@1 : 0.1436    recall@2 : 0.2301    recall@3 : 0.2837    recall@4 : 0.3334    recall@5 : 0.368    recall@10 : 0.4934    recall@20 : 0.645    recall@30 : 0.7262    recall@50 : 0.8184    ndcg@1 : 0.2282    ndcg@2 : 0.2549    ndcg@3 : 0.2711    ndcg@4 : 0.2886    ndcg@5 : 0.3013    ndcg@10 : 0.3461    ndcg@20 : 0.3912    ndcg@30 : 0.4126    ndcg@50 : 0.4344    precision@1 : 0.2282    precision@2 : 0.194    precision@3 : 0.1657    precision@4 : 0.1482    precision@5 : 0.1338    precision@10 : 0.0954    precision@20 : 0.0645    precision@30 : 0.0497    precision@50 : 0.0344    map@1 : 0.2282    map@2 : 0.2275    map@3 : 0.2303    map@4 : 0.2371    map@5 : 0.2426    map@10 : 0.2622    map@20 : 0.2779    map@30 : 0.2842    map@50 : 0.2893
Sun 15 Mar 2026 14:04:11 INFO  Running E-step ! 
Sun 15 Mar 2026 14:04:16 INFO  epoch 61 training [time: 5.03s, train_loss1: 48.4723, train_loss2: 0.0274, train_loss3: 0.0082, train_loss4: 0.0025]
Sun 15 Mar 2026 14:04:17 INFO  epoch 61 evaluating [time: 1.61s, valid_score: 0.346500]
Sun 15 Mar 2026 14:04:17 INFO  valid result: 
recall@1 : 0.1441    recall@2 : 0.2297    recall@3 : 0.2843    recall@4 : 0.3244    recall@5 : 0.3658    recall@10 : 0.4957    recall@20 : 0.6422    recall@30 : 0.7256    recall@50 : 0.8195    ndcg@1 : 0.2253    ndcg@2 : 0.2544    ndcg@3 : 0.2712    ndcg@4 : 0.2847    ndcg@5 : 0.2999    ndcg@10 : 0.3465    ndcg@20 : 0.3903    ndcg@30 : 0.4122    ndcg@50 : 0.4342    precision@1 : 0.2253    precision@2 : 0.1943    precision@3 : 0.1657    precision@4 : 0.1462    precision@5 : 0.1333    precision@10 : 0.0956    precision@20 : 0.0645    precision@30 : 0.0497    precision@50 : 0.0344    map@1 : 0.2253    map@2 : 0.2272    map@3 : 0.2308    map@4 : 0.235    map@5 : 0.2418    map@10 : 0.2624    map@20 : 0.2778    map@30 : 0.2842    map@50 : 0.2893
Sun 15 Mar 2026 14:04:17 INFO  Running E-step ! 
Sun 15 Mar 2026 14:04:23 INFO  epoch 62 training [time: 5.38s, train_loss1: 47.2764, train_loss2: 0.0273, train_loss3: 0.0082, train_loss4: 0.0024]
Sun 15 Mar 2026 14:04:24 INFO  epoch 62 evaluating [time: 1.60s, valid_score: 0.345500]
Sun 15 Mar 2026 14:04:24 INFO  valid result: 
recall@1 : 0.1451    recall@2 : 0.2276    recall@3 : 0.2828    recall@4 : 0.3252    recall@5 : 0.3652    recall@10 : 0.4928    recall@20 : 0.6418    recall@30 : 0.7247    recall@50 : 0.822    ndcg@1 : 0.2277    ndcg@2 : 0.253    ndcg@3 : 0.27    ndcg@4 : 0.2848    ndcg@5 : 0.2999    ndcg@10 : 0.3455    ndcg@20 : 0.3901    ndcg@30 : 0.4118    ndcg@50 : 0.4345    precision@1 : 0.2277    precision@2 : 0.1919    precision@3 : 0.1641    precision@4 : 0.146    precision@5 : 0.1337    precision@10 : 0.0951    precision@20 : 0.0643    precision@30 : 0.0496    precision@50 : 0.0345    map@1 : 0.2277    map@2 : 0.226    map@3 : 0.2294    map@4 : 0.2347    map@5 : 0.2415    map@10 : 0.262    map@20 : 0.2775    map@30 : 0.2838    map@50 : 0.2891
Sun 15 Mar 2026 14:04:24 INFO  Running E-step ! 
Sun 15 Mar 2026 14:04:30 INFO  epoch 63 training [time: 5.58s, train_loss1: 47.5788, train_loss2: 0.0270, train_loss3: 0.0082, train_loss4: 0.0024]
Sun 15 Mar 2026 14:04:32 INFO  epoch 63 evaluating [time: 1.60s, valid_score: 0.344400]
Sun 15 Mar 2026 14:04:32 INFO  valid result: 
recall@1 : 0.1445    recall@2 : 0.2246    recall@3 : 0.2808    recall@4 : 0.3285    recall@5 : 0.367    recall@10 : 0.4907    recall@20 : 0.6452    recall@30 : 0.7244    recall@50 : 0.8195    ndcg@1 : 0.2282    ndcg@2 : 0.2506    ndcg@3 : 0.2683    ndcg@4 : 0.2857    ndcg@5 : 0.3001    ndcg@10 : 0.3444    ndcg@20 : 0.3905    ndcg@30 : 0.4112    ndcg@50 : 0.4335    precision@1 : 0.2282    precision@2 : 0.1901    precision@3 : 0.1629    precision@4 : 0.1472    precision@5 : 0.1343    precision@10 : 0.0948    precision@20 : 0.0648    precision@30 : 0.0496    precision@50 : 0.0344    map@1 : 0.2282    map@2 : 0.2238    map@3 : 0.2276    map@4 : 0.2345    map@5 : 0.2413    map@10 : 0.261    map@20 : 0.277    map@30 : 0.2831    map@50 : 0.2882
Sun 15 Mar 2026 14:04:32 INFO  Running E-step ! 
Sun 15 Mar 2026 14:04:36 INFO  epoch 64 training [time: 4.11s, train_loss1: 46.4911, train_loss2: 0.0269, train_loss3: 0.0082, train_loss4: 0.0026]
Sun 15 Mar 2026 14:04:37 INFO  epoch 64 evaluating [time: 1.61s, valid_score: 0.343800]
Sun 15 Mar 2026 14:04:37 INFO  valid result: 
recall@1 : 0.1434    recall@2 : 0.2245    recall@3 : 0.2792    recall@4 : 0.3288    recall@5 : 0.3643    recall@10 : 0.4911    recall@20 : 0.6449    recall@30 : 0.7238    recall@50 : 0.8193    ndcg@1 : 0.2277    ndcg@2 : 0.2504    ndcg@3 : 0.2673    ndcg@4 : 0.2853    ndcg@5 : 0.2984    ndcg@10 : 0.3438    ndcg@20 : 0.3896    ndcg@30 : 0.4103    ndcg@50 : 0.4326    precision@1 : 0.2277    precision@2 : 0.1904    precision@3 : 0.1627    precision@4 : 0.1469    precision@5 : 0.1331    precision@10 : 0.0949    precision@20 : 0.0647    precision@30 : 0.0495    precision@50 : 0.0344    map@1 : 0.2277    map@2 : 0.2232    map@3 : 0.2265    map@4 : 0.2339    map@5 : 0.2398    map@10 : 0.2599    map@20 : 0.2758    map@30 : 0.2819    map@50 : 0.287
Sun 15 Mar 2026 14:04:37 INFO  Running E-step ! 
Sun 15 Mar 2026 14:04:42 INFO  epoch 65 training [time: 4.40s, train_loss1: 45.3471, train_loss2: 0.0268, train_loss3: 0.0082, train_loss4: 0.0026]
Sun 15 Mar 2026 14:04:43 INFO  epoch 65 evaluating [time: 1.60s, valid_score: 0.343500]
Sun 15 Mar 2026 14:04:43 INFO  valid result: 
recall@1 : 0.1409    recall@2 : 0.2257    recall@3 : 0.2822    recall@4 : 0.3266    recall@5 : 0.3639    recall@10 : 0.4923    recall@20 : 0.6445    recall@30 : 0.7196    recall@50 : 0.8191    ndcg@1 : 0.2229    ndcg@2 : 0.2502    ndcg@3 : 0.2681    ndcg@4 : 0.2837    ndcg@5 : 0.2975    ndcg@10 : 0.3435    ndcg@20 : 0.3888    ndcg@30 : 0.4086    ndcg@50 : 0.4319    precision@1 : 0.2229    precision@2 : 0.1913    precision@3 : 0.1641    precision@4 : 0.1465    precision@5 : 0.1334    precision@10 : 0.0951    precision@20 : 0.0647    precision@30 : 0.0493    precision@50 : 0.0344    map@1 : 0.2229    map@2 : 0.2233    map@3 : 0.2271    map@4 : 0.2328    map@5 : 0.239    map@10 : 0.2594    map@20 : 0.2752    map@30 : 0.2811    map@50 : 0.2864
Sun 15 Mar 2026 14:04:43 INFO  Running E-step ! 
Sun 15 Mar 2026 14:04:49 INFO  epoch 66 training [time: 5.25s, train_loss1: 44.4322, train_loss2: 0.0266, train_loss3: 0.0082, train_loss4: 0.0027]
Sun 15 Mar 2026 14:04:50 INFO  epoch 66 evaluating [time: 1.62s, valid_score: 0.341700]
Sun 15 Mar 2026 14:04:50 INFO  valid result: 
recall@1 : 0.1387    recall@2 : 0.2265    recall@3 : 0.2812    recall@4 : 0.3226    recall@5 : 0.3611    recall@10 : 0.4909    recall@20 : 0.641    recall@30 : 0.7211    recall@50 : 0.8177    ndcg@1 : 0.2211    ndcg@2 : 0.2497    ndcg@3 : 0.2672    ndcg@4 : 0.281    ndcg@5 : 0.2957    ndcg@10 : 0.3417    ndcg@20 : 0.3867    ndcg@30 : 0.4077    ndcg@50 : 0.4304    precision@1 : 0.2211    precision@2 : 0.1916    precision@3 : 0.1643    precision@4 : 0.145    precision@5 : 0.1334    precision@10 : 0.0944    precision@20 : 0.0643    precision@30 : 0.0493    precision@50 : 0.0344    map@1 : 0.2211    map@2 : 0.222    map@3 : 0.2257    map@4 : 0.2303    map@5 : 0.2372    map@10 : 0.2574    map@20 : 0.2733    map@30 : 0.2793    map@50 : 0.2846
Sun 15 Mar 2026 14:04:50 INFO  Running E-step ! 
Sun 15 Mar 2026 14:04:56 INFO  epoch 67 training [time: 5.53s, train_loss1: 43.2935, train_loss2: 0.0263, train_loss3: 0.0082, train_loss4: 0.0025]
Sun 15 Mar 2026 14:04:57 INFO  epoch 67 evaluating [time: 1.62s, valid_score: 0.342100]
Sun 15 Mar 2026 14:04:57 INFO  valid result: 
recall@1 : 0.1371    recall@2 : 0.2271    recall@3 : 0.2806    recall@4 : 0.3227    recall@5 : 0.3638    recall@10 : 0.4925    recall@20 : 0.6447    recall@30 : 0.7255    recall@50 : 0.8196    ndcg@1 : 0.2229    ndcg@2 : 0.2498    ndcg@3 : 0.2667    ndcg@4 : 0.281    ndcg@5 : 0.2965    ndcg@10 : 0.3421    ndcg@20 : 0.3876    ndcg@30 : 0.4088    ndcg@50 : 0.4308    precision@1 : 0.2229    precision@2 : 0.1913    precision@3 : 0.1641    precision@4 : 0.1454    precision@5 : 0.134    precision@10 : 0.0948    precision@20 : 0.0647    precision@30 : 0.0496    precision@50 : 0.0344    map@1 : 0.2229    map@2 : 0.2214    map@3 : 0.2248    map@4 : 0.2299    map@5 : 0.2371    map@10 : 0.2572    map@20 : 0.273    map@30 : 0.2792    map@50 : 0.2842
Sun 15 Mar 2026 14:04:57 INFO  Running E-step ! 
Sun 15 Mar 2026 14:05:02 INFO  epoch 68 training [time: 4.80s, train_loss1: 43.3567, train_loss2: 0.0262, train_loss3: 0.0082, train_loss4: 0.0026]
Sun 15 Mar 2026 14:05:04 INFO  epoch 68 evaluating [time: 1.62s, valid_score: 0.342900]
Sun 15 Mar 2026 14:05:04 INFO  valid result: 
recall@1 : 0.1403    recall@2 : 0.2268    recall@3 : 0.2778    recall@4 : 0.3202    recall@5 : 0.3605    recall@10 : 0.4923    recall@20 : 0.6416    recall@30 : 0.7215    recall@50 : 0.817    ndcg@1 : 0.2235    ndcg@2 : 0.2511    ndcg@3 : 0.2658    ndcg@4 : 0.2807    ndcg@5 : 0.2957    ndcg@10 : 0.3429    ndcg@20 : 0.3869    ndcg@30 : 0.4079    ndcg@50 : 0.4304    precision@1 : 0.2235    precision@2 : 0.1925    precision@3 : 0.1621    precision@4 : 0.1448    precision@5 : 0.1328    precision@10 : 0.0954    precision@20 : 0.0642    precision@30 : 0.0493    precision@50 : 0.0343    map@1 : 0.2235    map@2 : 0.2241    map@3 : 0.2257    map@4 : 0.2309    map@5 : 0.2377    map@10 : 0.2587    map@20 : 0.2738    map@30 : 0.28    map@50 : 0.2851
Sun 15 Mar 2026 14:05:04 INFO  Running E-step ! 
Sun 15 Mar 2026 14:05:08 INFO  epoch 69 training [time: 4.38s, train_loss1: 42.4726, train_loss2: 0.0260, train_loss3: 0.0082, train_loss4: 0.0026]
Sun 15 Mar 2026 14:05:10 INFO  epoch 69 evaluating [time: 1.61s, valid_score: 0.341600]
Sun 15 Mar 2026 14:05:10 INFO  valid result: 
recall@1 : 0.1397    recall@2 : 0.2247    recall@3 : 0.2788    recall@4 : 0.3173    recall@5 : 0.3592    recall@10 : 0.4905    recall@20 : 0.6402    recall@30 : 0.7212    recall@50 : 0.8175    ndcg@1 : 0.2241    ndcg@2 : 0.2494    ndcg@3 : 0.2656    ndcg@4 : 0.279    ndcg@5 : 0.2945    ndcg@10 : 0.3416    ndcg@20 : 0.386    ndcg@30 : 0.4072    ndcg@50 : 0.4299    precision@1 : 0.2241    precision@2 : 0.1907    precision@3 : 0.1623    precision@4 : 0.1438    precision@5 : 0.1323    precision@10 : 0.0948    precision@20 : 0.064    precision@30 : 0.0492    precision@50 : 0.0344    map@1 : 0.2241    map@2 : 0.222    map@3 : 0.225    map@4 : 0.2294    map@5 : 0.2363    map@10 : 0.2573    map@20 : 0.2726    map@30 : 0.2788    map@50 : 0.284
Sun 15 Mar 2026 14:05:10 INFO  Running E-step ! 
Sun 15 Mar 2026 14:05:15 INFO  epoch 70 training [time: 5.08s, train_loss1: 42.0997, train_loss2: 0.0259, train_loss3: 0.0082, train_loss4: 0.0026]
Sun 15 Mar 2026 14:05:16 INFO  epoch 70 evaluating [time: 1.61s, valid_score: 0.339900]
Sun 15 Mar 2026 14:05:16 INFO  valid result: 
recall@1 : 0.1385    recall@2 : 0.2199    recall@3 : 0.2739    recall@4 : 0.32    recall@5 : 0.3544    recall@10 : 0.491    recall@20 : 0.6353    recall@30 : 0.7191    recall@50 : 0.8126    ndcg@1 : 0.2223    ndcg@2 : 0.2451    ndcg@3 : 0.2615    ndcg@4 : 0.2782    ndcg@5 : 0.291    ndcg@10 : 0.3399    ndcg@20 : 0.3826    ndcg@30 : 0.4047    ndcg@50 : 0.4268    precision@1 : 0.2223    precision@2 : 0.1865    precision@3 : 0.1595    precision@4 : 0.1439    precision@5 : 0.1309    precision@10 : 0.095    precision@20 : 0.0635    precision@30 : 0.0492    precision@50 : 0.0342    map@1 : 0.2223    map@2 : 0.2186    map@3 : 0.2215    map@4 : 0.2279    map@5 : 0.2335    map@10 : 0.2551    map@20 : 0.2699    map@30 : 0.2763    map@50 : 0.2814
Sun 15 Mar 2026 14:05:16 INFO  Running E-step ! 
Sun 15 Mar 2026 14:05:22 INFO  epoch 71 training [time: 5.27s, train_loss1: 40.6295, train_loss2: 0.0257, train_loss3: 0.0082, train_loss4: 0.0030]
Sun 15 Mar 2026 14:05:23 INFO  epoch 71 evaluating [time: 1.61s, valid_score: 0.339500]
Sun 15 Mar 2026 14:05:23 INFO  valid result: 
recall@1 : 0.1371    recall@2 : 0.2234    recall@3 : 0.2709    recall@4 : 0.323    recall@5 : 0.353    recall@10 : 0.4907    recall@20 : 0.6327    recall@30 : 0.7155    recall@50 : 0.8143    ndcg@1 : 0.2205    ndcg@2 : 0.2478    ndcg@3 : 0.2597    ndcg@4 : 0.2793    ndcg@5 : 0.2902    ndcg@10 : 0.3395    ndcg@20 : 0.3819    ndcg@30 : 0.4038    ndcg@50 : 0.4269    precision@1 : 0.2205    precision@2 : 0.1904    precision@3 : 0.1579    precision@4 : 0.1447    precision@5 : 0.13    precision@10 : 0.0948    precision@20 : 0.0634    precision@30 : 0.049    precision@50 : 0.0343    map@1 : 0.2205    map@2 : 0.2204    map@3 : 0.2202    map@4 : 0.2281    map@5 : 0.2327    map@10 : 0.2546    map@20 : 0.2694    map@30 : 0.2758    map@50 : 0.2811
Sun 15 Mar 2026 14:05:23 INFO  Running E-step ! 
Sun 15 Mar 2026 14:05:29 INFO  epoch 72 training [time: 5.58s, train_loss1: 40.1750, train_loss2: 0.0256, train_loss3: 0.0082, train_loss4: 0.0029]
Sun 15 Mar 2026 14:05:31 INFO  epoch 72 evaluating [time: 1.61s, valid_score: 0.338500]
Sun 15 Mar 2026 14:05:31 INFO  valid result: 
recall@1 : 0.1391    recall@2 : 0.2164    recall@3 : 0.2692    recall@4 : 0.3149    recall@5 : 0.3519    recall@10 : 0.4898    recall@20 : 0.6315    recall@30 : 0.7132    recall@50 : 0.8141    ndcg@1 : 0.2247    ndcg@2 : 0.243    ndcg@3 : 0.2592    ndcg@4 : 0.2755    ndcg@5 : 0.2891    ndcg@10 : 0.3385    ndcg@20 : 0.3808    ndcg@30 : 0.4023    ndcg@50 : 0.426    precision@1 : 0.2247    precision@2 : 0.1838    precision@3 : 0.1581    precision@4 : 0.1423    precision@5 : 0.1299    precision@10 : 0.0946    precision@20 : 0.0633    precision@30 : 0.0489    precision@50 : 0.0342    map@1 : 0.2247    map@2 : 0.2172    map@3 : 0.2197    map@4 : 0.2257    map@5 : 0.2315    map@10 : 0.2536    map@20 : 0.2684    map@30 : 0.2746    map@50 : 0.28
Sun 15 Mar 2026 14:05:31 INFO  Running E-step ! 
Sun 15 Mar 2026 14:05:36 INFO  epoch 73 training [time: 5.69s, train_loss1: 38.8839, train_loss2: 0.0254, train_loss3: 0.0082, train_loss4: 0.0030]
Sun 15 Mar 2026 14:05:38 INFO  epoch 73 evaluating [time: 1.61s, valid_score: 0.339000]
Sun 15 Mar 2026 14:05:38 INFO  valid result: 
recall@1 : 0.1386    recall@2 : 0.2221    recall@3 : 0.272    recall@4 : 0.314    recall@5 : 0.3513    recall@10 : 0.4889    recall@20 : 0.6313    recall@30 : 0.7189    recall@50 : 0.8143    ndcg@1 : 0.2229    ndcg@2 : 0.2469    ndcg@3 : 0.261    ndcg@4 : 0.2758    ndcg@5 : 0.2897    ndcg@10 : 0.339    ndcg@20 : 0.3816    ndcg@30 : 0.4045    ndcg@50 : 0.4269    precision@1 : 0.2229    precision@2 : 0.188    precision@3 : 0.1589    precision@4 : 0.1418    precision@5 : 0.13    precision@10 : 0.0945    precision@20 : 0.0634    precision@30 : 0.0492    precision@50 : 0.0343    map@1 : 0.2229    map@2 : 0.2195    map@3 : 0.2208    map@4 : 0.2263    map@5 : 0.2324    map@10 : 0.2545    map@20 : 0.2694    map@30 : 0.2759    map@50 : 0.2811
Sun 15 Mar 2026 14:05:38 INFO  Running E-step ! 
Sun 15 Mar 2026 14:05:43 INFO  epoch 74 training [time: 5.32s, train_loss1: 39.2754, train_loss2: 0.0253, train_loss3: 0.0082, train_loss4: 0.0027]
Sun 15 Mar 2026 14:05:45 INFO  epoch 74 evaluating [time: 1.62s, valid_score: 0.338900]
Sun 15 Mar 2026 14:05:45 INFO  valid result: 
recall@1 : 0.1388    recall@2 : 0.2189    recall@3 : 0.2741    recall@4 : 0.3094    recall@5 : 0.352    recall@10 : 0.4892    recall@20 : 0.6344    recall@30 : 0.714    recall@50 : 0.8133    ndcg@1 : 0.2241    ndcg@2 : 0.2453    ndcg@3 : 0.2624    ndcg@4 : 0.2739    ndcg@5 : 0.2896    ndcg@10 : 0.3389    ndcg@20 : 0.3823    ndcg@30 : 0.4031    ndcg@50 : 0.4265    precision@1 : 0.2241    precision@2 : 0.1868    precision@3 : 0.1605    precision@4 : 0.1411    precision@5 : 0.1299    precision@10 : 0.0945    precision@20 : 0.0638    precision@30 : 0.0489    precision@50 : 0.0343    map@1 : 0.2241    map@2 : 0.2187    map@3 : 0.2223    map@4 : 0.2257    map@5 : 0.2327    map@10 : 0.2545    map@20 : 0.2696    map@30 : 0.2756    map@50 : 0.281
Sun 15 Mar 2026 14:05:45 INFO  Running E-step ! 
Sun 15 Mar 2026 14:05:49 INFO  epoch 75 training [time: 4.63s, train_loss1: 38.2569, train_loss2: 0.0252, train_loss3: 0.0082, train_loss4: 0.0029]
Sun 15 Mar 2026 14:05:51 INFO  epoch 75 evaluating [time: 1.61s, valid_score: 0.338400]
Sun 15 Mar 2026 14:05:51 INFO  valid result: 
recall@1 : 0.138    recall@2 : 0.2185    recall@3 : 0.27    recall@4 : 0.3109    recall@5 : 0.3511    recall@10 : 0.4901    recall@20 : 0.6316    recall@30 : 0.7142    recall@50 : 0.8121    ndcg@1 : 0.2259    ndcg@2 : 0.2445    ndcg@3 : 0.2599    ndcg@4 : 0.274    ndcg@5 : 0.2887    ndcg@10 : 0.3384    ndcg@20 : 0.3808    ndcg@30 : 0.4024    ndcg@50 : 0.4254    precision@1 : 0.2259    precision@2 : 0.1853    precision@3 : 0.1587    precision@4 : 0.1414    precision@5 : 0.1294    precision@10 : 0.0945    precision@20 : 0.0636    precision@30 : 0.049    precision@50 : 0.0343    map@1 : 0.2259    map@2 : 0.218    map@3 : 0.2201    map@4 : 0.225    map@5 : 0.2312    map@10 : 0.2534    map@20 : 0.2682    map@30 : 0.2744    map@50 : 0.2797
Sun 15 Mar 2026 14:05:51 INFO  Running E-step ! 
Sun 15 Mar 2026 14:05:56 INFO  epoch 76 training [time: 4.73s, train_loss1: 38.2683, train_loss2: 0.0251, train_loss3: 0.0082, train_loss4: 0.0031]
Sun 15 Mar 2026 14:05:57 INFO  epoch 76 evaluating [time: 1.61s, valid_score: 0.338000]
Sun 15 Mar 2026 14:05:57 INFO  valid result: 
recall@1 : 0.1382    recall@2 : 0.2154    recall@3 : 0.2688    recall@4 : 0.309    recall@5 : 0.3505    recall@10 : 0.4892    recall@20 : 0.6292    recall@30 : 0.713    recall@50 : 0.814    ndcg@1 : 0.2282    ndcg@2 : 0.2428    ndcg@3 : 0.2591    ndcg@4 : 0.2731    ndcg@5 : 0.2884    ndcg@10 : 0.338    ndcg@20 : 0.3797    ndcg@30 : 0.4015    ndcg@50 : 0.4252    precision@1 : 0.2282    precision@2 : 0.1836    precision@3 : 0.1583    precision@4 : 0.1412    precision@5 : 0.13    precision@10 : 0.0949    precision@20 : 0.0634    precision@30 : 0.0487    precision@50 : 0.0343    map@1 : 0.2282    map@2 : 0.2172    map@3 : 0.2191    map@4 : 0.2242    map@5 : 0.2312    map@10 : 0.2529    map@20 : 0.2675    map@30 : 0.2737    map@50 : 0.2791
Sun 15 Mar 2026 14:05:57 INFO  Running E-step ! 
Sun 15 Mar 2026 14:06:03 INFO  epoch 77 training [time: 5.20s, train_loss1: 37.1520, train_loss2: 0.0250, train_loss3: 0.0082, train_loss4: 0.0030]
Sun 15 Mar 2026 14:06:04 INFO  epoch 77 evaluating [time: 1.61s, valid_score: 0.339000]
Sun 15 Mar 2026 14:06:04 INFO  valid result: 
recall@1 : 0.1386    recall@2 : 0.2175    recall@3 : 0.2687    recall@4 : 0.3106    recall@5 : 0.3516    recall@10 : 0.4911    recall@20 : 0.6308    recall@30 : 0.7145    recall@50 : 0.8127    ndcg@1 : 0.2277    ndcg@2 : 0.2444    ndcg@3 : 0.2599    ndcg@4 : 0.2741    ndcg@5 : 0.2895    ndcg@10 : 0.339    ndcg@20 : 0.3805    ndcg@30 : 0.4023    ndcg@50 : 0.4255    precision@1 : 0.2277    precision@2 : 0.185    precision@3 : 0.1591    precision@4 : 0.1415    precision@5 : 0.1306    precision@10 : 0.0951    precision@20 : 0.0634    precision@30 : 0.0488    precision@50 : 0.0343    map@1 : 0.2277    map@2 : 0.2178    map@3 : 0.2204    map@4 : 0.2252    map@5 : 0.232    map@10 : 0.2536    map@20 : 0.2682    map@30 : 0.2743    map@50 : 0.2797
Sun 15 Mar 2026 14:06:04 INFO  Running E-step ! 
Sun 15 Mar 2026 14:06:10 INFO  epoch 78 training [time: 5.41s, train_loss1: 36.3421, train_loss2: 0.0248, train_loss3: 0.0082, train_loss4: 0.0031]
Sun 15 Mar 2026 14:06:11 INFO  epoch 78 evaluating [time: 1.62s, valid_score: 0.339100]
Sun 15 Mar 2026 14:06:11 INFO  valid result: 
recall@1 : 0.1355    recall@2 : 0.2142    recall@3 : 0.2695    recall@4 : 0.3158    recall@5 : 0.353    recall@10 : 0.495    recall@20 : 0.6309    recall@30 : 0.7142    recall@50 : 0.8103    ndcg@1 : 0.2235    ndcg@2 : 0.2413    ndcg@3 : 0.2588    ndcg@4 : 0.2753    ndcg@5 : 0.2887    ndcg@10 : 0.3391    ndcg@20 : 0.3797    ndcg@30 : 0.4015    ndcg@50 : 0.4241    precision@1 : 0.2235    precision@2 : 0.1838    precision@3 : 0.1597    precision@4 : 0.1441    precision@5 : 0.1308    precision@10 : 0.0954    precision@20 : 0.0634    precision@30 : 0.0489    precision@50 : 0.0342    map@1 : 0.2235    map@2 : 0.2153    map@3 : 0.219    map@4 : 0.2252    map@5 : 0.2307    map@10 : 0.2528    map@20 : 0.267    map@30 : 0.2733    map@50 : 0.2785
Sun 15 Mar 2026 14:06:11 INFO  Running E-step ! 
Sun 15 Mar 2026 14:06:17 INFO  epoch 79 training [time: 5.26s, train_loss1: 37.0494, train_loss2: 0.0248, train_loss3: 0.0082, train_loss4: 0.0032]
Sun 15 Mar 2026 14:06:18 INFO  epoch 79 evaluating [time: 1.62s, valid_score: 0.336900]
Sun 15 Mar 2026 14:06:18 INFO  valid result: 
recall@1 : 0.134    recall@2 : 0.216    recall@3 : 0.2602    recall@4 : 0.3124    recall@5 : 0.3508    recall@10 : 0.4928    recall@20 : 0.627    recall@30 : 0.7128    recall@50 : 0.8096    ndcg@1 : 0.2223    ndcg@2 : 0.242    ndcg@3 : 0.2531    ndcg@4 : 0.2723    ndcg@5 : 0.2863    ndcg@10 : 0.3369    ndcg@20 : 0.3769    ndcg@30 : 0.3992    ndcg@50 : 0.4221    precision@1 : 0.2223    precision@2 : 0.1847    precision@3 : 0.1549    precision@4 : 0.142    precision@5 : 0.1297    precision@10 : 0.0951    precision@20 : 0.0629    precision@30 : 0.0486    precision@50 : 0.0341    map@1 : 0.2223    map@2 : 0.2157    map@3 : 0.2144    map@4 : 0.2223    map@5 : 0.2286    map@10 : 0.2506    map@20 : 0.2646    map@30 : 0.2709    map@50 : 0.2763
Sun 15 Mar 2026 14:06:18 INFO  Finished training, best eval result in epoch 58
Sun 15 Mar 2026 14:06:18 INFO  Loading model structure and parameters from saved/SCL-Mar-15-2026_13-57-28.pth
Sun 15 Mar 2026 14:06:20 INFO  best valid : OrderedDict([('recall@1', 0.1468), ('recall@2', 0.2313), ('recall@3', 0.2837), ('recall@4', 0.3349), ('recall@5', 0.3702), ('recall@10', 0.4975), ('recall@20', 0.6492), ('recall@30', 0.7248), ('recall@50', 0.82), ('ndcg@1', 0.2336), ('ndcg@2', 0.2551), ('ndcg@3', 0.2721), ('ndcg@4', 0.2905), ('ndcg@5', 0.3035), ('ndcg@10', 0.3489), ('ndcg@20', 0.3938), ('ndcg@30', 0.4139), ('ndcg@50', 0.4362), ('precision@1', 0.2336), ('precision@2', 0.1919), ('precision@3', 0.1649), ('precision@4', 0.1487), ('precision@5', 0.1343), ('precision@10', 0.096), ('precision@20', 0.0649), ('precision@30', 0.0497), ('precision@50', 0.0345), ('map@1', 0.2336), ('map@2', 0.2291), ('map@3', 0.2324), ('map@4', 0.2393), ('map@5', 0.2449), ('map@10', 0.2649), ('map@20', 0.2803), ('map@30', 0.2863), ('map@50', 0.2914)])
Sun 15 Mar 2026 14:06:20 INFO  test result: OrderedDict([('recall@1', 0.183), ('recall@2', 0.263), ('recall@3', 0.3275), ('recall@4', 0.3738), ('recall@5', 0.4041), ('recall@10', 0.5218), ('recall@20', 0.6557), ('recall@30', 0.7316), ('recall@50', 0.8164), ('ndcg@1', 0.3054), ('ndcg@2', 0.3115), ('ndcg@3', 0.3267), ('ndcg@4', 0.3411), ('ndcg@5', 0.3509), ('ndcg@10', 0.3899), ('ndcg@20', 0.4281), ('ndcg@30', 0.4478), ('ndcg@50', 0.4671), ('precision@1', 0.3054), ('precision@2', 0.2358), ('precision@3', 0.1981), ('precision@4', 0.1742), ('precision@5', 0.1547), ('precision@10', 0.1034), ('precision@20', 0.0659), ('precision@30', 0.0496), ('precision@50', 0.0335), ('map@1', 0.3054), ('map@2', 0.2856), ('map@3', 0.2859), ('map@4', 0.2911), ('map@5', 0.2948), ('map@10', 0.3104), ('map@20', 0.3234), ('map@30', 0.3291), ('map@50', 0.3333)])
Sun 15 Mar 2026 14:06:20 INFO  training time: 528.8834s
Sun 15 Mar 2026 14:06:20 INFO  result file: results/scl_seed2025.json
