Sun 15 Mar 2026 18:59:39 INFO  
General Hyper Parameters:
gpu_id = 0
use_gpu = True
seed = 2026
state = INFO
reproducibility = True
data_path = ./travel
checkpoint_dir = saved
show_progress = True
save_dataset = False
dataset_save_path = None
save_dataloaders = False
dataloaders_save_path = None
log_wandb = False

Training Hyper Parameters:
epochs = 1000
train_batch_size = 100
learner = adam
learning_rate = 0.001
train_neg_sample_args = {'distribution': 'uniform', 'sample_num': 1, 'alpha': 1.0, 'dynamic': False, 'candidate_num': 0}
eval_step = 1
stopping_step = 20
clip_grad_norm = None
weight_decay = 0.0
loss_decimal_place = 4

Evaluation Hyper Parameters:
eval_args = {'split': {'RS': [0.8, 0.1, 0.1]}, 'order': 'RO', 'group_by': 'user', 'mode': {'valid': 'full', 'test': 'full'}}
repeatable = False
metrics = ['Recall', 'NDCG', 'Precision', 'MAP']
topk = [1, 2, 3, 4, 5, 10, 20, 30, 50]
valid_metric = NDCG@10
valid_metric_bigger = True
eval_batch_size = 100
metric_decimal_place = 4

Dataset Hyper Parameters:
field_separator = 	
seq_separator =  
USER_ID_FIELD = user_id
ITEM_ID_FIELD = item_id
RATING_FIELD = rating
TIME_FIELD = timestamp
seq_len = None
LABEL_FIELD = label
threshold = None
NEG_PREFIX = neg_
load_col = {'inter': ['user_id', 'item_id', 'rating'], 'user': ['user_id', 'post_num', 'follower', 'following', 'timestamp']}
unload_col = None
unused_col = None
additional_feat_suffix = None
rm_dup_inter = None
val_interval = {'rating': '[0,inf)'}
filter_inter_by_user_or_item = True
user_inter_num_interval = [0,inf)
item_inter_num_interval = [0,inf)
alias_of_user_id = None
alias_of_item_id = None
alias_of_entity_id = None
alias_of_relation_id = None
preload_weight = None
normalize_field = None
normalize_all = None
ITEM_LIST_LENGTH_FIELD = item_length
LIST_SUFFIX = _list
MAX_ITEM_LIST_LENGTH = 50
POSITION_FIELD = position_id
HEAD_ENTITY_ID_FIELD = head_id
TAIL_ENTITY_ID_FIELD = tail_id
RELATION_ID_FIELD = relation_id
ENTITY_ID_FIELD = entity_id
benchmark_filename = None

Other Hyper Parameters: 
worker = 0
wandb_project = recbole
shuffle = True
require_pow = False
enable_amp = False
enable_scaler = False
transform = None
numerical_features = []
discretization = None
kg_reverse_r = False
entity_kg_num_interval = [0,inf)
relation_kg_num_interval = [0,inf)
MODEL_TYPE = ModelType.GENERAL
embedding_size = 64
n_layers = 3
reg_weight = 0.0001
smt_latent_dim = 64
ssl_temp = 0.1
ssl_reg = 1e-07
hyper_layers = 1
alpha = 1
potential_reg = 0.0
semantic_reg = 8e-08
num_clusters = 10
m_step = 1
warm_up_step = 20
user_feature_path = features/roberta_user.npy
item_feature_path = features/roberta_item.npy
MODEL_INPUT_TYPE = InputType.PAIRWISE
eval_type = EvaluatorType.RANKING
single_spec = True
local_rank = 0
device = cuda
valid_neg_sample_args = {'distribution': 'uniform', 'sample_num': 'none'}
test_neg_sample_args = {'distribution': 'uniform', 'sample_num': 'none'}


Sun 15 Mar 2026 18:59:39 INFO  travel
The number of users: 2010
Average actions of users: 18.721254355400696
The number of items: 247
Average actions of items: 152.890243902439
The number of inters: 37611
The sparsity of the dataset: 92.42431566862047%
Remain Fields: ['user_id', 'item_id', 'rating', 'post_num', 'follower', 'following', 'timestamp']
Sun 15 Mar 2026 18:59:39 INFO  [Training]: train_batch_size = [100] train_neg_sample_args: [{'distribution': 'uniform', 'sample_num': 1, 'alpha': 1.0, 'dynamic': False, 'candidate_num': 0}]
Sun 15 Mar 2026 18:59:39 INFO  [Evaluation]: eval_batch_size = [100] eval_args: [{'split': {'RS': [0.8, 0.1, 0.1]}, 'order': 'RO', 'group_by': 'user', 'mode': {'valid': 'full', 'test': 'full'}}]
Sun 15 Mar 2026 18:59:41 INFO  SCL(
  (u_MLP): Linear(in_features=1024, out_features=64, bias=True)
  (i_MLP): Linear(in_features=1024, out_features=64, bias=True)
  (user_embedding): Embedding(2010, 64)
  (item_embedding): Embedding(247, 64)
  (mf_loss): BPRLoss()
  (reg_loss): EmbLoss()
)
Trainable parameters: 144448
Sun 15 Mar 2026 18:59:41 INFO  trainable parameters: 144448
Sun 15 Mar 2026 18:59:42 INFO  Running E-step ! 
Sun 15 Mar 2026 18:59:47 INFO  epoch 0 training [time: 4.77s, train_loss1: 158.3570, train_loss2: 0.0387, train_loss3: 0.0113]
Sun 15 Mar 2026 18:59:48 INFO  epoch 0 evaluating [time: 1.62s, valid_score: 0.301600]
Sun 15 Mar 2026 18:59:48 INFO  valid result: 
recall@1 : 0.1114    recall@2 : 0.1946    recall@3 : 0.2571    recall@4 : 0.2986    recall@5 : 0.3394    recall@10 : 0.4523    recall@20 : 0.5833    recall@30 : 0.6682    recall@50 : 0.7705    ndcg@1 : 0.1824    ndcg@2 : 0.2094    ndcg@3 : 0.2325    ndcg@4 : 0.2468    ndcg@5 : 0.2624    ndcg@10 : 0.3016    ndcg@20 : 0.3403    ndcg@30 : 0.3627    ndcg@50 : 0.3874    precision@1 : 0.1824    precision@2 : 0.1597    precision@3 : 0.143    precision@4 : 0.1257    precision@5 : 0.1161    precision@10 : 0.081    precision@20 : 0.055    precision@30 : 0.0435    precision@50 : 0.0315    map@1 : 0.1824    map@2 : 0.1837    map@3 : 0.1912    map@4 : 0.1965    map@5 : 0.2035    map@10 : 0.2194    map@20 : 0.2318    map@30 : 0.2378    map@50 : 0.2432
Sun 15 Mar 2026 18:59:48 INFO  Saving current: saved/SCL-Mar-15-2026_18-59-41.pth
Sun 15 Mar 2026 18:59:48 INFO  Saving current best: saved/SCL-Mar-15-2026_18-59-41.pth
Sun 15 Mar 2026 18:59:48 INFO  Running E-step ! 
Sun 15 Mar 2026 18:59:52 INFO  epoch 1 training [time: 3.78s, train_loss1: 124.0371, train_loss2: 0.0407, train_loss3: 0.0112]
Sun 15 Mar 2026 18:59:54 INFO  epoch 1 evaluating [time: 1.58s, valid_score: 0.303900]
Sun 15 Mar 2026 18:59:54 INFO  valid result: 
recall@1 : 0.1123    recall@2 : 0.1975    recall@3 : 0.2635    recall@4 : 0.3036    recall@5 : 0.3409    recall@10 : 0.4531    recall@20 : 0.5865    recall@30 : 0.656    recall@50 : 0.7686    ndcg@1 : 0.1841    ndcg@2 : 0.2123    ndcg@3 : 0.2365    ndcg@4 : 0.2506    ndcg@5 : 0.2648    ndcg@10 : 0.3039    ndcg@20 : 0.3432    ndcg@30 : 0.3619    ndcg@50 : 0.3887    precision@1 : 0.1841    precision@2 : 0.1624    precision@3 : 0.145    precision@4 : 0.1277    precision@5 : 0.1172    precision@10 : 0.0816    precision@20 : 0.0555    precision@30 : 0.043    precision@50 : 0.0315    map@1 : 0.1841    map@2 : 0.1864    map@3 : 0.1945    map@4 : 0.1997    map@5 : 0.2061    map@10 : 0.2219    map@20 : 0.2345    map@30 : 0.2397    map@50 : 0.2455
Sun 15 Mar 2026 18:59:54 INFO  Saving current: saved/SCL-Mar-15-2026_18-59-41.pth
Sun 15 Mar 2026 18:59:54 INFO  Saving current best: saved/SCL-Mar-15-2026_18-59-41.pth
Sun 15 Mar 2026 18:59:54 INFO  Running E-step ! 
Sun 15 Mar 2026 18:59:58 INFO  epoch 2 training [time: 4.54s, train_loss1: 123.0201, train_loss2: 0.0422, train_loss3: 0.0112]
Sun 15 Mar 2026 19:00:00 INFO  epoch 2 evaluating [time: 1.58s, valid_score: 0.306400]
Sun 15 Mar 2026 19:00:00 INFO  valid result: 
recall@1 : 0.1123    recall@2 : 0.1975    recall@3 : 0.2634    recall@4 : 0.304    recall@5 : 0.3422    recall@10 : 0.4606    recall@20 : 0.5881    recall@30 : 0.6529    recall@50 : 0.7573    ndcg@1 : 0.1841    ndcg@2 : 0.2123    ndcg@3 : 0.2366    ndcg@4 : 0.2508    ndcg@5 : 0.2656    ndcg@10 : 0.3064    ndcg@20 : 0.3443    ndcg@30 : 0.3618    ndcg@50 : 0.3871    precision@1 : 0.1841    precision@2 : 0.1624    precision@3 : 0.1454    precision@4 : 0.1278    precision@5 : 0.1181    precision@10 : 0.0827    precision@20 : 0.056    precision@30 : 0.0429    precision@50 : 0.0314    map@1 : 0.1841    map@2 : 0.1864    map@3 : 0.1947    map@4 : 0.2    map@5 : 0.2067    map@10 : 0.223    map@20 : 0.2353    map@30 : 0.2402    map@50 : 0.2458
Sun 15 Mar 2026 19:00:00 INFO  Saving current: saved/SCL-Mar-15-2026_18-59-41.pth
Sun 15 Mar 2026 19:00:00 INFO  Saving current best: saved/SCL-Mar-15-2026_18-59-41.pth
Sun 15 Mar 2026 19:00:00 INFO  Running E-step ! 
Sun 15 Mar 2026 19:00:04 INFO  epoch 3 training [time: 4.64s, train_loss1: 119.2984, train_loss2: 0.0435, train_loss3: 0.0112]
Sun 15 Mar 2026 19:00:06 INFO  epoch 3 evaluating [time: 1.58s, valid_score: 0.304900]
Sun 15 Mar 2026 19:00:06 INFO  valid result: 
recall@1 : 0.1123    recall@2 : 0.1967    recall@3 : 0.2623    recall@4 : 0.303    recall@5 : 0.3405    recall@10 : 0.4567    recall@20 : 0.588    recall@30 : 0.6546    recall@50 : 0.7555    ndcg@1 : 0.1841    ndcg@2 : 0.2115    ndcg@3 : 0.2356    ndcg@4 : 0.2502    ndcg@5 : 0.2645    ndcg@10 : 0.3049    ndcg@20 : 0.3438    ndcg@30 : 0.3618    ndcg@50 : 0.3862    precision@1 : 0.1841    precision@2 : 0.1615    precision@3 : 0.1444    precision@4 : 0.1277    precision@5 : 0.1173    precision@10 : 0.0823    precision@20 : 0.056    precision@30 : 0.0431    precision@50 : 0.0313    map@1 : 0.1841    map@2 : 0.1858    map@3 : 0.194    map@4 : 0.1995    map@5 : 0.2058    map@10 : 0.2222    map@20 : 0.2347    map@30 : 0.2397    map@50 : 0.2451
Sun 15 Mar 2026 19:00:06 INFO  Running E-step ! 
Sun 15 Mar 2026 19:00:10 INFO  epoch 4 training [time: 3.94s, train_loss1: 120.6177, train_loss2: 0.0447, train_loss3: 0.0112]
Sun 15 Mar 2026 19:00:11 INFO  epoch 4 evaluating [time: 1.58s, valid_score: 0.307200]
Sun 15 Mar 2026 19:00:11 INFO  valid result: 
recall@1 : 0.1135    recall@2 : 0.1986    recall@3 : 0.2634    recall@4 : 0.305    recall@5 : 0.3382    recall@10 : 0.461    recall@20 : 0.5888    recall@30 : 0.6555    recall@50 : 0.7527    ndcg@1 : 0.1847    ndcg@2 : 0.2129    ndcg@3 : 0.237    ndcg@4 : 0.2515    ndcg@5 : 0.2643    ndcg@10 : 0.3072    ndcg@20 : 0.345    ndcg@30 : 0.363    ndcg@50 : 0.3865    precision@1 : 0.1847    precision@2 : 0.1624    precision@3 : 0.1452    precision@4 : 0.1277    precision@5 : 0.1167    precision@10 : 0.0831    precision@20 : 0.0562    precision@30 : 0.0432    precision@50 : 0.0312    map@1 : 0.1847    map@2 : 0.187    map@3 : 0.1953    map@4 : 0.2009    map@5 : 0.2065    map@10 : 0.2239    map@20 : 0.2362    map@30 : 0.2411    map@50 : 0.2463
Sun 15 Mar 2026 19:00:11 INFO  Saving current: saved/SCL-Mar-15-2026_18-59-41.pth
Sun 15 Mar 2026 19:00:11 INFO  Saving current best: saved/SCL-Mar-15-2026_18-59-41.pth
Sun 15 Mar 2026 19:00:11 INFO  Running E-step ! 
Sun 15 Mar 2026 19:00:16 INFO  epoch 5 training [time: 4.74s, train_loss1: 119.8923, train_loss2: 0.0462, train_loss3: 0.0113]
Sun 15 Mar 2026 19:00:18 INFO  epoch 5 evaluating [time: 1.58s, valid_score: 0.307100]
Sun 15 Mar 2026 19:00:18 INFO  valid result: 
recall@1 : 0.1135    recall@2 : 0.1987    recall@3 : 0.2634    recall@4 : 0.305    recall@5 : 0.3385    recall@10 : 0.4611    recall@20 : 0.5877    recall@30 : 0.654    recall@50 : 0.751    ndcg@1 : 0.1853    ndcg@2 : 0.2135    ndcg@3 : 0.237    ndcg@4 : 0.2517    ndcg@5 : 0.2647    ndcg@10 : 0.3071    ndcg@20 : 0.3448    ndcg@30 : 0.3625    ndcg@50 : 0.3862    precision@1 : 0.1853    precision@2 : 0.163    precision@3 : 0.145    precision@4 : 0.1278    precision@5 : 0.117    precision@10 : 0.0831    precision@20 : 0.0562    precision@30 : 0.0431    precision@50 : 0.0312    map@1 : 0.1853    map@2 : 0.1876    map@3 : 0.1955    map@4 : 0.2011    map@5 : 0.2068    map@10 : 0.2239    map@20 : 0.2361    map@30 : 0.241    map@50 : 0.2463
Sun 15 Mar 2026 19:00:18 INFO  Running E-step ! 
Sun 15 Mar 2026 19:00:22 INFO  epoch 6 training [time: 4.53s, train_loss1: 119.0853, train_loss2: 0.0472, train_loss3: 0.0113]
Sun 15 Mar 2026 19:00:24 INFO  epoch 6 evaluating [time: 1.59s, valid_score: 0.304500]
Sun 15 Mar 2026 19:00:24 INFO  valid result: 
recall@1 : 0.1123    recall@2 : 0.1966    recall@3 : 0.2631    recall@4 : 0.3028    recall@5 : 0.3378    recall@10 : 0.4565    recall@20 : 0.5869    recall@30 : 0.6513    recall@50 : 0.7537    ndcg@1 : 0.1841    ndcg@2 : 0.2112    ndcg@3 : 0.2363    ndcg@4 : 0.2503    ndcg@5 : 0.2632    ndcg@10 : 0.3045    ndcg@20 : 0.3434    ndcg@30 : 0.3607    ndcg@50 : 0.3854    precision@1 : 0.1841    precision@2 : 0.1612    precision@3 : 0.1454    precision@4 : 0.128    precision@5 : 0.116    precision@10 : 0.0825    precision@20 : 0.0562    precision@30 : 0.043    precision@50 : 0.0312    map@1 : 0.1841    map@2 : 0.1855    map@3 : 0.1945    map@4 : 0.1995    map@5 : 0.2051    map@10 : 0.2216    map@20 : 0.2344    map@30 : 0.2392    map@50 : 0.2447
Sun 15 Mar 2026 19:00:24 INFO  Running E-step ! 
Sun 15 Mar 2026 19:00:29 INFO  epoch 7 training [time: 4.61s, train_loss1: 118.6378, train_loss2: 0.0484, train_loss3: 0.0113]
Sun 15 Mar 2026 19:00:30 INFO  epoch 7 evaluating [time: 1.59s, valid_score: 0.306000]
Sun 15 Mar 2026 19:00:30 INFO  valid result: 
recall@1 : 0.1127    recall@2 : 0.1962    recall@3 : 0.2633    recall@4 : 0.3046    recall@5 : 0.3398    recall@10 : 0.4589    recall@20 : 0.5887    recall@30 : 0.6521    recall@50 : 0.7563    ndcg@1 : 0.1847    ndcg@2 : 0.2117    ndcg@3 : 0.2368    ndcg@4 : 0.2511    ndcg@5 : 0.2644    ndcg@10 : 0.306    ndcg@20 : 0.3443    ndcg@30 : 0.3616    ndcg@50 : 0.3867    precision@1 : 0.1847    precision@2 : 0.1618    precision@3 : 0.146    precision@4 : 0.128    precision@5 : 0.1169    precision@10 : 0.0831    precision@20 : 0.0562    precision@30 : 0.0431    precision@50 : 0.0314    map@1 : 0.1847    map@2 : 0.1859    map@3 : 0.1948    map@4 : 0.1999    map@5 : 0.206    map@10 : 0.2226    map@20 : 0.2352    map@30 : 0.2401    map@50 : 0.2456
Sun 15 Mar 2026 19:00:30 INFO  Running E-step ! 
Sun 15 Mar 2026 19:00:34 INFO  epoch 8 training [time: 4.09s, train_loss1: 116.1280, train_loss2: 0.0491, train_loss3: 0.0113]
Sun 15 Mar 2026 19:00:36 INFO  epoch 8 evaluating [time: 1.58s, valid_score: 0.305900]
Sun 15 Mar 2026 19:00:36 INFO  valid result: 
recall@1 : 0.1117    recall@2 : 0.1963    recall@3 : 0.263    recall@4 : 0.3031    recall@5 : 0.3384    recall@10 : 0.4606    recall@20 : 0.5861    recall@30 : 0.649    recall@50 : 0.7576    ndcg@1 : 0.183    ndcg@2 : 0.2116    ndcg@3 : 0.2363    ndcg@4 : 0.2499    ndcg@5 : 0.2636    ndcg@10 : 0.3059    ndcg@20 : 0.3435    ndcg@30 : 0.3606    ndcg@50 : 0.3866    precision@1 : 0.183    precision@2 : 0.1624    precision@3 : 0.146    precision@4 : 0.1274    precision@5 : 0.1172    precision@10 : 0.083    precision@20 : 0.0564    precision@30 : 0.0431    precision@50 : 0.0315    map@1 : 0.183    map@2 : 0.1859    map@3 : 0.1942    map@4 : 0.1992    map@5 : 0.2053    map@10 : 0.2221    map@20 : 0.2346    map@30 : 0.2394    map@50 : 0.2451
Sun 15 Mar 2026 19:00:36 INFO  Running E-step ! 
Sun 15 Mar 2026 19:00:40 INFO  epoch 9 training [time: 4.48s, train_loss1: 116.0166, train_loss2: 0.0501, train_loss3: 0.0113]
Sun 15 Mar 2026 19:00:42 INFO  epoch 9 evaluating [time: 1.58s, valid_score: 0.305800]
Sun 15 Mar 2026 19:00:42 INFO  valid result: 
recall@1 : 0.1116    recall@2 : 0.1956    recall@3 : 0.2611    recall@4 : 0.3021    recall@5 : 0.3349    recall@10 : 0.4618    recall@20 : 0.5877    recall@30 : 0.6572    recall@50 : 0.758    ndcg@1 : 0.1824    ndcg@2 : 0.2112    ndcg@3 : 0.235    ndcg@4 : 0.2498    ndcg@5 : 0.262    ndcg@10 : 0.3058    ndcg@20 : 0.3434    ndcg@30 : 0.3622    ndcg@50 : 0.3864    precision@1 : 0.1824    precision@2 : 0.1624    precision@3 : 0.145    precision@4 : 0.1284    precision@5 : 0.1163    precision@10 : 0.0836    precision@20 : 0.0565    precision@30 : 0.0437    precision@50 : 0.0315    map@1 : 0.1824    map@2 : 0.1853    map@3 : 0.1936    map@4 : 0.1988    map@5 : 0.2042    map@10 : 0.2217    map@20 : 0.2341    map@30 : 0.2393    map@50 : 0.2447
Sun 15 Mar 2026 19:00:42 INFO  Running E-step ! 
Sun 15 Mar 2026 19:00:46 INFO  epoch 10 training [time: 4.49s, train_loss1: 113.2354, train_loss2: 0.0502, train_loss3: 0.0113]
Sun 15 Mar 2026 19:00:48 INFO  epoch 10 evaluating [time: 1.60s, valid_score: 0.306400]
Sun 15 Mar 2026 19:00:48 INFO  valid result: 
recall@1 : 0.1121    recall@2 : 0.1953    recall@3 : 0.262    recall@4 : 0.3029    recall@5 : 0.3356    recall@10 : 0.4606    recall@20 : 0.5896    recall@30 : 0.6642    recall@50 : 0.7596    ndcg@1 : 0.1841    ndcg@2 : 0.2117    ndcg@3 : 0.2369    ndcg@4 : 0.2509    ndcg@5 : 0.2627    ndcg@10 : 0.3064    ndcg@20 : 0.3448    ndcg@30 : 0.3651    ndcg@50 : 0.388    precision@1 : 0.1841    precision@2 : 0.1627    precision@3 : 0.1476    precision@4 : 0.1293    precision@5 : 0.1163    precision@10 : 0.0839    precision@20 : 0.0568    precision@30 : 0.0444    precision@50 : 0.0317    map@1 : 0.1841    map@2 : 0.1855    map@3 : 0.1946    map@4 : 0.1995    map@5 : 0.2046    map@10 : 0.2222    map@20 : 0.235    map@30 : 0.2407    map@50 : 0.2458
Sun 15 Mar 2026 19:00:48 INFO  Running E-step ! 
Sun 15 Mar 2026 19:00:53 INFO  epoch 11 training [time: 4.62s, train_loss1: 112.0240, train_loss2: 0.0502, train_loss3: 0.0113]
Sun 15 Mar 2026 19:00:54 INFO  epoch 11 evaluating [time: 1.59s, valid_score: 0.306900]
Sun 15 Mar 2026 19:00:54 INFO  valid result: 
recall@1 : 0.1126    recall@2 : 0.1958    recall@3 : 0.2602    recall@4 : 0.3052    recall@5 : 0.3344    recall@10 : 0.4603    recall@20 : 0.5968    recall@30 : 0.6746    recall@50 : 0.7655    ndcg@1 : 0.1847    ndcg@2 : 0.2129    ndcg@3 : 0.2366    ndcg@4 : 0.2522    ndcg@5 : 0.2626    ndcg@10 : 0.3069    ndcg@20 : 0.3475    ndcg@30 : 0.3683    ndcg@50 : 0.3903    precision@1 : 0.1847    precision@2 : 0.1639    precision@3 : 0.1474    precision@4 : 0.1301    precision@5 : 0.1163    precision@10 : 0.0842    precision@20 : 0.0577    precision@30 : 0.0451    precision@50 : 0.0319    map@1 : 0.1847    map@2 : 0.1864    map@3 : 0.1944    map@4 : 0.2002    map@5 : 0.2046    map@10 : 0.2229    map@20 : 0.2363    map@30 : 0.2422    map@50 : 0.2472
Sun 15 Mar 2026 19:00:54 INFO  Running E-step ! 
Sun 15 Mar 2026 19:00:58 INFO  epoch 12 training [time: 4.23s, train_loss1: 110.7748, train_loss2: 0.0499, train_loss3: 0.0113]
Sun 15 Mar 2026 19:01:00 INFO  epoch 12 evaluating [time: 1.59s, valid_score: 0.311900]
Sun 15 Mar 2026 19:01:00 INFO  valid result: 
recall@1 : 0.1203    recall@2 : 0.1982    recall@3 : 0.262    recall@4 : 0.3006    recall@5 : 0.338    recall@10 : 0.464    recall@20 : 0.6015    recall@30 : 0.6797    recall@50 : 0.7711    ndcg@1 : 0.1937    ndcg@2 : 0.2187    ndcg@3 : 0.2412    ndcg@4 : 0.2538    ndcg@5 : 0.2674    ndcg@10 : 0.3119    ndcg@20 : 0.3528    ndcg@30 : 0.3737    ndcg@50 : 0.3959    precision@1 : 0.1937    precision@2 : 0.1672    precision@3 : 0.1488    precision@4 : 0.1292    precision@5 : 0.1174    precision@10 : 0.0849    precision@20 : 0.0583    precision@30 : 0.0455    precision@50 : 0.0322    map@1 : 0.1937    map@2 : 0.1926    map@3 : 0.1994    map@4 : 0.2035    map@5 : 0.2096    map@10 : 0.2282    map@20 : 0.2417    map@30 : 0.2477    map@50 : 0.2528
Sun 15 Mar 2026 19:01:00 INFO  Saving current: saved/SCL-Mar-15-2026_18-59-41.pth
Sun 15 Mar 2026 19:01:00 INFO  Saving current best: saved/SCL-Mar-15-2026_18-59-41.pth
Sun 15 Mar 2026 19:01:00 INFO  Running E-step ! 
Sun 15 Mar 2026 19:01:05 INFO  epoch 13 training [time: 4.73s, train_loss1: 107.8977, train_loss2: 0.0493, train_loss3: 0.0113]
Sun 15 Mar 2026 19:01:06 INFO  epoch 13 evaluating [time: 1.58s, valid_score: 0.314200]
Sun 15 Mar 2026 19:01:06 INFO  valid result: 
recall@1 : 0.1216    recall@2 : 0.1981    recall@3 : 0.264    recall@4 : 0.3    recall@5 : 0.343    recall@10 : 0.4671    recall@20 : 0.6045    recall@30 : 0.6851    recall@50 : 0.7806    ndcg@1 : 0.1961    ndcg@2 : 0.2192    ndcg@3 : 0.2431    ndcg@4 : 0.2546    ndcg@5 : 0.2703    ndcg@10 : 0.3142    ndcg@20 : 0.3552    ndcg@30 : 0.3766    ndcg@50 : 0.3997    precision@1 : 0.1961    precision@2 : 0.1669    precision@3 : 0.1504    precision@4 : 0.1299    precision@5 : 0.1191    precision@10 : 0.086    precision@20 : 0.0588    precision@30 : 0.0458    precision@50 : 0.0326    map@1 : 0.1961    map@2 : 0.1934    map@3 : 0.201    map@4 : 0.2044    map@5 : 0.2117    map@10 : 0.2301    map@20 : 0.2438    map@30 : 0.2498    map@50 : 0.2552
Sun 15 Mar 2026 19:01:06 INFO  Saving current: saved/SCL-Mar-15-2026_18-59-41.pth
Sun 15 Mar 2026 19:01:06 INFO  Saving current best: saved/SCL-Mar-15-2026_18-59-41.pth
Sun 15 Mar 2026 19:01:06 INFO  Running E-step ! 
Sun 15 Mar 2026 19:01:10 INFO  epoch 14 training [time: 3.58s, train_loss1: 104.5423, train_loss2: 0.0485, train_loss3: 0.0113]
Sun 15 Mar 2026 19:01:12 INFO  epoch 14 evaluating [time: 1.59s, valid_score: 0.317000]
Sun 15 Mar 2026 19:01:12 INFO  valid result: 
recall@1 : 0.1241    recall@2 : 0.1993    recall@3 : 0.262    recall@4 : 0.3047    recall@5 : 0.3324    recall@10 : 0.4713    recall@20 : 0.6135    recall@30 : 0.6927    recall@50 : 0.7844    ndcg@1 : 0.2002    ndcg@2 : 0.2218    ndcg@3 : 0.2437    ndcg@4 : 0.2583    ndcg@5 : 0.2676    ndcg@10 : 0.317    ndcg@20 : 0.3592    ndcg@30 : 0.3803    ndcg@50 : 0.4025    precision@1 : 0.2002    precision@2 : 0.1687    precision@3 : 0.1502    precision@4 : 0.1323    precision@5 : 0.1169    precision@10 : 0.087    precision@20 : 0.0598    precision@30 : 0.0465    precision@50 : 0.0328    map@1 : 0.2002    map@2 : 0.1959    map@3 : 0.2021    map@4 : 0.2077    map@5 : 0.2112    map@10 : 0.2322    map@20 : 0.2465    map@30 : 0.2524    map@50 : 0.2576
Sun 15 Mar 2026 19:01:12 INFO  Saving current: saved/SCL-Mar-15-2026_18-59-41.pth
Sun 15 Mar 2026 19:01:12 INFO  Saving current best: saved/SCL-Mar-15-2026_18-59-41.pth
Sun 15 Mar 2026 19:01:12 INFO  Running E-step ! 
Sun 15 Mar 2026 19:01:16 INFO  epoch 15 training [time: 4.32s, train_loss1: 102.9225, train_loss2: 0.0478, train_loss3: 0.0113]
Sun 15 Mar 2026 19:01:18 INFO  epoch 15 evaluating [time: 1.58s, valid_score: 0.319000]
Sun 15 Mar 2026 19:01:18 INFO  valid result: 
recall@1 : 0.1235    recall@2 : 0.2004    recall@3 : 0.2626    recall@4 : 0.3068    recall@5 : 0.3379    recall@10 : 0.4741    recall@20 : 0.6175    recall@30 : 0.696    recall@50 : 0.7888    ndcg@1 : 0.1996    ndcg@2 : 0.2223    ndcg@3 : 0.2442    ndcg@4 : 0.2591    ndcg@5 : 0.2699    ndcg@10 : 0.319    ndcg@20 : 0.3611    ndcg@30 : 0.3821    ndcg@50 : 0.4045    precision@1 : 0.1996    precision@2 : 0.169    precision@3 : 0.1508    precision@4 : 0.1329    precision@5 : 0.1186    precision@10 : 0.0886    precision@20 : 0.0601    precision@30 : 0.0468    precision@50 : 0.033    map@1 : 0.1996    map@2 : 0.1965    map@3 : 0.2025    map@4 : 0.208    map@5 : 0.2125    map@10 : 0.2338    map@20 : 0.2479    map@30 : 0.2539    map@50 : 0.2591
Sun 15 Mar 2026 19:01:18 INFO  Saving current: saved/SCL-Mar-15-2026_18-59-41.pth
Sun 15 Mar 2026 19:01:18 INFO  Saving current best: saved/SCL-Mar-15-2026_18-59-41.pth
Sun 15 Mar 2026 19:01:18 INFO  Running E-step ! 
Sun 15 Mar 2026 19:01:22 INFO  epoch 16 training [time: 4.43s, train_loss1: 100.7826, train_loss2: 0.0472, train_loss3: 0.0113]
Sun 15 Mar 2026 19:01:24 INFO  epoch 16 evaluating [time: 1.59s, valid_score: 0.321300]
Sun 15 Mar 2026 19:01:24 INFO  valid result: 
recall@1 : 0.1233    recall@2 : 0.2048    recall@3 : 0.2714    recall@4 : 0.306    recall@5 : 0.3442    recall@10 : 0.4761    recall@20 : 0.6178    recall@30 : 0.7011    recall@50 : 0.7886    ndcg@1 : 0.1996    ndcg@2 : 0.225    ndcg@3 : 0.2492    ndcg@4 : 0.2597    ndcg@5 : 0.274    ndcg@10 : 0.3213    ndcg@20 : 0.3629    ndcg@30 : 0.3853    ndcg@50 : 0.4064    precision@1 : 0.1996    precision@2 : 0.1713    precision@3 : 0.1542    precision@4 : 0.1322    precision@5 : 0.1209    precision@10 : 0.0891    precision@20 : 0.0601    precision@30 : 0.0472    precision@50 : 0.033    map@1 : 0.1996    map@2 : 0.1983    map@3 : 0.206    map@4 : 0.2091    map@5 : 0.2155    map@10 : 0.2362    map@20 : 0.2501    map@30 : 0.2565    map@50 : 0.2615
Sun 15 Mar 2026 19:01:24 INFO  Saving current: saved/SCL-Mar-15-2026_18-59-41.pth
Sun 15 Mar 2026 19:01:24 INFO  Saving current best: saved/SCL-Mar-15-2026_18-59-41.pth
Sun 15 Mar 2026 19:01:24 INFO  Running E-step ! 
Sun 15 Mar 2026 19:01:28 INFO  epoch 17 training [time: 4.42s, train_loss1: 99.5041, train_loss2: 0.0465, train_loss3: 0.0113]
Sun 15 Mar 2026 19:01:30 INFO  epoch 17 evaluating [time: 1.58s, valid_score: 0.323300]
Sun 15 Mar 2026 19:01:30 INFO  valid result: 
recall@1 : 0.1226    recall@2 : 0.2054    recall@3 : 0.2694    recall@4 : 0.3083    recall@5 : 0.3468    recall@10 : 0.4812    recall@20 : 0.617    recall@30 : 0.7014    recall@50 : 0.7913    ndcg@1 : 0.199    ndcg@2 : 0.2246    ndcg@3 : 0.248    ndcg@4 : 0.2606    ndcg@5 : 0.275    ndcg@10 : 0.3233    ndcg@20 : 0.3633    ndcg@30 : 0.3856    ndcg@50 : 0.4074    precision@1 : 0.199    precision@2 : 0.1707    precision@3 : 0.1536    precision@4 : 0.1333    precision@5 : 0.1219    precision@10 : 0.0902    precision@20 : 0.0604    precision@30 : 0.0471    precision@50 : 0.0331    map@1 : 0.199    map@2 : 0.1974    map@3 : 0.2051    map@4 : 0.2096    map@5 : 0.2161    map@10 : 0.237    map@20 : 0.2505    map@30 : 0.2569    map@50 : 0.2619
Sun 15 Mar 2026 19:01:30 INFO  Saving current: saved/SCL-Mar-15-2026_18-59-41.pth
Sun 15 Mar 2026 19:01:30 INFO  Saving current best: saved/SCL-Mar-15-2026_18-59-41.pth
Sun 15 Mar 2026 19:01:30 INFO  Running E-step ! 
Sun 15 Mar 2026 19:01:34 INFO  epoch 18 training [time: 4.47s, train_loss1: 97.5490, train_loss2: 0.0457, train_loss3: 0.0114]
Sun 15 Mar 2026 19:01:36 INFO  epoch 18 evaluating [time: 1.58s, valid_score: 0.322700]
Sun 15 Mar 2026 19:01:36 INFO  valid result: 
recall@1 : 0.1193    recall@2 : 0.2026    recall@3 : 0.2695    recall@4 : 0.3105    recall@5 : 0.3438    recall@10 : 0.4834    recall@20 : 0.6234    recall@30 : 0.7057    recall@50 : 0.7946    ndcg@1 : 0.1949    ndcg@2 : 0.2208    ndcg@3 : 0.246    ndcg@4 : 0.2603    ndcg@5 : 0.2724    ndcg@10 : 0.3227    ndcg@20 : 0.3637    ndcg@30 : 0.3854    ndcg@50 : 0.4071    precision@1 : 0.1949    precision@2 : 0.1681    precision@3 : 0.1532    precision@4 : 0.135    precision@5 : 0.1219    precision@10 : 0.0911    precision@20 : 0.061    precision@30 : 0.0473    precision@50 : 0.0333    map@1 : 0.1949    map@2 : 0.194    map@3 : 0.2027    map@4 : 0.2082    map@5 : 0.2134    map@10 : 0.2355    map@20 : 0.2493    map@30 : 0.2554    map@50 : 0.2606
Sun 15 Mar 2026 19:01:36 INFO  Running E-step ! 
Sun 15 Mar 2026 19:01:40 INFO  epoch 19 training [time: 4.45s, train_loss1: 97.3326, train_loss2: 0.0451, train_loss3: 0.0114]
Sun 15 Mar 2026 19:01:42 INFO  epoch 19 evaluating [time: 1.58s, valid_score: 0.323400]
Sun 15 Mar 2026 19:01:42 INFO  valid result: 
recall@1 : 0.117    recall@2 : 0.2032    recall@3 : 0.2646    recall@4 : 0.3097    recall@5 : 0.3459    recall@10 : 0.4882    recall@20 : 0.6234    recall@30 : 0.7073    recall@50 : 0.7965    ndcg@1 : 0.1931    ndcg@2 : 0.2214    ndcg@3 : 0.243    ndcg@4 : 0.2595    ndcg@5 : 0.2728    ndcg@10 : 0.3234    ndcg@20 : 0.3634    ndcg@30 : 0.3855    ndcg@50 : 0.4072    precision@1 : 0.1931    precision@2 : 0.1701    precision@3 : 0.1514    precision@4 : 0.1359    precision@5 : 0.1236    precision@10 : 0.0915    precision@20 : 0.0611    precision@30 : 0.0476    precision@50 : 0.0334    map@1 : 0.1931    map@2 : 0.1941    map@3 : 0.2002    map@4 : 0.2071    map@5 : 0.213    map@10 : 0.2349    map@20 : 0.2485    map@30 : 0.2548    map@50 : 0.2599
Sun 15 Mar 2026 19:01:42 INFO  Saving current: saved/SCL-Mar-15-2026_18-59-41.pth
Sun 15 Mar 2026 19:01:42 INFO  Saving current best: saved/SCL-Mar-15-2026_18-59-41.pth
Sun 15 Mar 2026 19:01:42 INFO  Running E-step ! 
Sun 15 Mar 2026 19:01:46 INFO  epoch 20 training [time: 4.37s, train_loss1: 95.0707, train_loss2: 0.0446, train_loss3: 0.0114, train_loss4: 0.0000]
Sun 15 Mar 2026 19:01:48 INFO  epoch 20 evaluating [time: 1.58s, valid_score: 0.323000]
Sun 15 Mar 2026 19:01:48 INFO  valid result: 
recall@1 : 0.117    recall@2 : 0.2033    recall@3 : 0.2637    recall@4 : 0.3079    recall@5 : 0.3466    recall@10 : 0.4859    recall@20 : 0.6245    recall@30 : 0.7109    recall@50 : 0.796    ndcg@1 : 0.1955    ndcg@2 : 0.223    ndcg@3 : 0.2435    ndcg@4 : 0.2594    ndcg@5 : 0.2731    ndcg@10 : 0.323    ndcg@20 : 0.3638    ndcg@30 : 0.3867    ndcg@50 : 0.4074    precision@1 : 0.1955    precision@2 : 0.1716    precision@3 : 0.1524    precision@4 : 0.1365    precision@5 : 0.1232    precision@10 : 0.0912    precision@20 : 0.0612    precision@30 : 0.0479    precision@50 : 0.0334    map@1 : 0.1955    map@2 : 0.1958    map@3 : 0.2005    map@4 : 0.2069    map@5 : 0.213    map@10 : 0.2346    map@20 : 0.2485    map@30 : 0.255    map@50 : 0.2599
Sun 15 Mar 2026 19:01:48 INFO  Running E-step ! 
Sun 15 Mar 2026 19:01:52 INFO  epoch 21 training [time: 4.52s, train_loss1: 93.4988, train_loss2: 0.0441, train_loss3: 0.0114, train_loss4: 0.0000]
Sun 15 Mar 2026 19:01:54 INFO  epoch 21 evaluating [time: 1.58s, valid_score: 0.324400]
Sun 15 Mar 2026 19:01:54 INFO  valid result: 
recall@1 : 0.115    recall@2 : 0.2048    recall@3 : 0.266    recall@4 : 0.3116    recall@5 : 0.3505    recall@10 : 0.4894    recall@20 : 0.6263    recall@30 : 0.7116    recall@50 : 0.7989    ndcg@1 : 0.1919    ndcg@2 : 0.2212    ndcg@3 : 0.2438    ndcg@4 : 0.2601    ndcg@5 : 0.2743    ndcg@10 : 0.3244    ndcg@20 : 0.3646    ndcg@30 : 0.3873    ndcg@50 : 0.4084    precision@1 : 0.1919    precision@2 : 0.1704    precision@3 : 0.1536    precision@4 : 0.1372    precision@5 : 0.1248    precision@10 : 0.0923    precision@20 : 0.0615    precision@30 : 0.0479    precision@50 : 0.0335    map@1 : 0.1919    map@2 : 0.1932    map@3 : 0.1999    map@4 : 0.2066    map@5 : 0.2134    map@10 : 0.2353    map@20 : 0.249    map@30 : 0.2554    map@50 : 0.2604
Sun 15 Mar 2026 19:01:54 INFO  Saving current: saved/SCL-Mar-15-2026_18-59-41.pth
Sun 15 Mar 2026 19:01:54 INFO  Saving current best: saved/SCL-Mar-15-2026_18-59-41.pth
Sun 15 Mar 2026 19:01:54 INFO  Running E-step ! 
Sun 15 Mar 2026 19:01:59 INFO  epoch 22 training [time: 5.13s, train_loss1: 92.3136, train_loss2: 0.0435, train_loss3: 0.0114, train_loss4: 0.0000]
Sun 15 Mar 2026 19:02:01 INFO  epoch 22 evaluating [time: 1.70s, valid_score: 0.326400]
Sun 15 Mar 2026 19:02:01 INFO  valid result: 
recall@1 : 0.1195    recall@2 : 0.2117    recall@3 : 0.2707    recall@4 : 0.3118    recall@5 : 0.3478    recall@10 : 0.486    recall@20 : 0.6265    recall@30 : 0.7091    recall@50 : 0.7991    ndcg@1 : 0.1979    ndcg@2 : 0.2282    ndcg@3 : 0.2486    ndcg@4 : 0.2633    ndcg@5 : 0.2765    ndcg@10 : 0.3264    ndcg@20 : 0.3676    ndcg@30 : 0.3898    ndcg@50 : 0.4114    precision@1 : 0.1979    precision@2 : 0.1755    precision@3 : 0.1545    precision@4 : 0.1375    precision@5 : 0.1246    precision@10 : 0.092    precision@20 : 0.0615    precision@30 : 0.048    precision@50 : 0.0336    map@1 : 0.1979    map@2 : 0.1996    map@3 : 0.2052    map@4 : 0.2107    map@5 : 0.2167    map@10 : 0.2388    map@20 : 0.2528    map@30 : 0.2593    map@50 : 0.2643
Sun 15 Mar 2026 19:02:01 INFO  Saving current: saved/SCL-Mar-15-2026_18-59-41.pth
Sun 15 Mar 2026 19:02:01 INFO  Saving current best: saved/SCL-Mar-15-2026_18-59-41.pth
Sun 15 Mar 2026 19:02:01 INFO  Running E-step ! 
Sun 15 Mar 2026 19:02:06 INFO  epoch 23 training [time: 5.33s, train_loss1: 89.8053, train_loss2: 0.0429, train_loss3: 0.0114, train_loss4: 0.0000]
Sun 15 Mar 2026 19:02:08 INFO  epoch 23 evaluating [time: 1.59s, valid_score: 0.329500]
Sun 15 Mar 2026 19:02:08 INFO  valid result: 
recall@1 : 0.1203    recall@2 : 0.2125    recall@3 : 0.2721    recall@4 : 0.318    recall@5 : 0.3513    recall@10 : 0.4916    recall@20 : 0.6317    recall@30 : 0.7105    recall@50 : 0.803    ndcg@1 : 0.2008    ndcg@2 : 0.2296    ndcg@3 : 0.2501    ndcg@4 : 0.2669    ndcg@5 : 0.2787    ndcg@10 : 0.3295    ndcg@20 : 0.3707    ndcg@30 : 0.3919    ndcg@50 : 0.4141    precision@1 : 0.2008    precision@2 : 0.1761    precision@3 : 0.1551    precision@4 : 0.1399    precision@5 : 0.125    precision@10 : 0.0927    precision@20 : 0.0621    precision@30 : 0.0481    precision@50 : 0.0338    map@1 : 0.2008    map@2 : 0.2011    map@3 : 0.2065    map@4 : 0.2133    map@5 : 0.2185    map@10 : 0.2409    map@20 : 0.2549    map@30 : 0.2611    map@50 : 0.2662
Sun 15 Mar 2026 19:02:08 INFO  Saving current: saved/SCL-Mar-15-2026_18-59-41.pth
Sun 15 Mar 2026 19:02:08 INFO  Saving current best: saved/SCL-Mar-15-2026_18-59-41.pth
Sun 15 Mar 2026 19:02:08 INFO  Running E-step ! 
Sun 15 Mar 2026 19:02:13 INFO  epoch 24 training [time: 5.30s, train_loss1: 89.6283, train_loss2: 0.0424, train_loss3: 0.0114, train_loss4: 0.0000]
Sun 15 Mar 2026 19:02:14 INFO  epoch 24 evaluating [time: 1.58s, valid_score: 0.328300]
Sun 15 Mar 2026 19:02:14 INFO  valid result: 
recall@1 : 0.1198    recall@2 : 0.2115    recall@3 : 0.2715    recall@4 : 0.3155    recall@5 : 0.3509    recall@10 : 0.4894    recall@20 : 0.6281    recall@30 : 0.709    recall@50 : 0.8038    ndcg@1 : 0.1985    ndcg@2 : 0.2276    ndcg@3 : 0.2494    ndcg@4 : 0.2654    ndcg@5 : 0.2783    ndcg@10 : 0.3283    ndcg@20 : 0.3692    ndcg@30 : 0.3909    ndcg@50 : 0.4135    precision@1 : 0.1985    precision@2 : 0.174    precision@3 : 0.1555    precision@4 : 0.1396    precision@5 : 0.1259    precision@10 : 0.0927    precision@20 : 0.0619    precision@30 : 0.048    precision@50 : 0.0338    map@1 : 0.1985    map@2 : 0.1996    map@3 : 0.2059    map@4 : 0.2122    map@5 : 0.2181    map@10 : 0.2401    map@20 : 0.2543    map@30 : 0.2605    map@50 : 0.2657
Sun 15 Mar 2026 19:02:14 INFO  Running E-step ! 
Sun 15 Mar 2026 19:02:19 INFO  epoch 25 training [time: 4.40s, train_loss1: 87.9088, train_loss2: 0.0416, train_loss3: 0.0114, train_loss4: 0.0000]
Sun 15 Mar 2026 19:02:20 INFO  epoch 25 evaluating [time: 1.58s, valid_score: 0.330800]
Sun 15 Mar 2026 19:02:20 INFO  valid result: 
recall@1 : 0.1245    recall@2 : 0.2144    recall@3 : 0.27    recall@4 : 0.3183    recall@5 : 0.3503    recall@10 : 0.4896    recall@20 : 0.6288    recall@30 : 0.7072    recall@50 : 0.7998    ndcg@1 : 0.205    ndcg@2 : 0.2323    ndcg@3 : 0.2517    ndcg@4 : 0.269    ndcg@5 : 0.2804    ndcg@10 : 0.3308    ndcg@20 : 0.3718    ndcg@30 : 0.3927    ndcg@50 : 0.415    precision@1 : 0.205    precision@2 : 0.177    precision@3 : 0.1561    precision@4 : 0.1403    precision@5 : 0.1256    precision@10 : 0.093    precision@20 : 0.0621    precision@30 : 0.0479    precision@50 : 0.0337    map@1 : 0.205    map@2 : 0.2041    map@3 : 0.2088    map@4 : 0.2157    map@5 : 0.2207    map@10 : 0.2431    map@20 : 0.2572    map@30 : 0.2632    map@50 : 0.2685
Sun 15 Mar 2026 19:02:20 INFO  Saving current: saved/SCL-Mar-15-2026_18-59-41.pth
Sun 15 Mar 2026 19:02:20 INFO  Saving current best: saved/SCL-Mar-15-2026_18-59-41.pth
Sun 15 Mar 2026 19:02:20 INFO  Running E-step ! 
Sun 15 Mar 2026 19:02:26 INFO  epoch 26 training [time: 5.24s, train_loss1: 87.0034, train_loss2: 0.0411, train_loss3: 0.0114, train_loss4: 0.0000]
Sun 15 Mar 2026 19:02:27 INFO  epoch 26 evaluating [time: 1.58s, valid_score: 0.330800]
Sun 15 Mar 2026 19:02:27 INFO  valid result: 
recall@1 : 0.1249    recall@2 : 0.2138    recall@3 : 0.271    recall@4 : 0.3187    recall@5 : 0.355    recall@10 : 0.4874    recall@20 : 0.631    recall@30 : 0.7095    recall@50 : 0.7998    ndcg@1 : 0.2062    ndcg@2 : 0.2329    ndcg@3 : 0.252    ndcg@4 : 0.2695    ndcg@5 : 0.2829    ndcg@10 : 0.3308    ndcg@20 : 0.3736    ndcg@30 : 0.3945    ndcg@50 : 0.4162    precision@1 : 0.2062    precision@2 : 0.1782    precision@3 : 0.1559    precision@4 : 0.1406    precision@5 : 0.1275    precision@10 : 0.0924    precision@20 : 0.0625    precision@30 : 0.0482    precision@50 : 0.0337    map@1 : 0.2062    map@2 : 0.2046    map@3 : 0.209    map@4 : 0.216    map@5 : 0.2222    map@10 : 0.2436    map@20 : 0.2585    map@30 : 0.2645    map@50 : 0.2696
Sun 15 Mar 2026 19:02:27 INFO  Saving current: saved/SCL-Mar-15-2026_18-59-41.pth
Sun 15 Mar 2026 19:02:27 INFO  Saving current best: saved/SCL-Mar-15-2026_18-59-41.pth
Sun 15 Mar 2026 19:02:27 INFO  Running E-step ! 
Sun 15 Mar 2026 19:02:32 INFO  epoch 27 training [time: 4.50s, train_loss1: 86.0795, train_loss2: 0.0405, train_loss3: 0.0114, train_loss4: 0.0000]
Sun 15 Mar 2026 19:02:33 INFO  epoch 27 evaluating [time: 1.58s, valid_score: 0.332900]
Sun 15 Mar 2026 19:02:33 INFO  valid result: 
recall@1 : 0.1248    recall@2 : 0.2132    recall@3 : 0.2764    recall@4 : 0.3199    recall@5 : 0.3531    recall@10 : 0.4922    recall@20 : 0.6315    recall@30 : 0.7116    recall@50 : 0.7994    ndcg@1 : 0.2062    ndcg@2 : 0.2323    ndcg@3 : 0.2548    ndcg@4 : 0.2701    ndcg@5 : 0.2823    ndcg@10 : 0.3329    ndcg@20 : 0.3743    ndcg@30 : 0.3954    ndcg@50 : 0.4166    precision@1 : 0.2062    precision@2 : 0.1776    precision@3 : 0.1585    precision@4 : 0.1408    precision@5 : 0.1268    precision@10 : 0.0937    precision@20 : 0.0627    precision@30 : 0.0483    precision@50 : 0.0337    map@1 : 0.2062    map@2 : 0.204    map@3 : 0.2108    map@4 : 0.2165    map@5 : 0.2218    map@10 : 0.2448    map@20 : 0.2591    map@30 : 0.2651    map@50 : 0.2701
Sun 15 Mar 2026 19:02:33 INFO  Saving current: saved/SCL-Mar-15-2026_18-59-41.pth
Sun 15 Mar 2026 19:02:33 INFO  Saving current best: saved/SCL-Mar-15-2026_18-59-41.pth
Sun 15 Mar 2026 19:02:33 INFO  Running E-step ! 
Sun 15 Mar 2026 19:02:37 INFO  epoch 28 training [time: 3.74s, train_loss1: 83.7923, train_loss2: 0.0401, train_loss3: 0.0114, train_loss4: 0.0000]
Sun 15 Mar 2026 19:02:39 INFO  epoch 28 evaluating [time: 1.59s, valid_score: 0.332900]
Sun 15 Mar 2026 19:02:39 INFO  valid result: 
recall@1 : 0.1244    recall@2 : 0.2176    recall@3 : 0.2776    recall@4 : 0.3241    recall@5 : 0.3563    recall@10 : 0.4909    recall@20 : 0.6344    recall@30 : 0.7149    recall@50 : 0.7976    ndcg@1 : 0.2038    ndcg@2 : 0.2354    ndcg@3 : 0.2552    ndcg@4 : 0.2723    ndcg@5 : 0.2845    ndcg@10 : 0.3329    ndcg@20 : 0.3758    ndcg@30 : 0.3973    ndcg@50 : 0.4171    precision@1 : 0.2038    precision@2 : 0.1812    precision@3 : 0.1577    precision@4 : 0.1418    precision@5 : 0.1284    precision@10 : 0.093    precision@20 : 0.063    precision@30 : 0.0487    precision@50 : 0.0336    map@1 : 0.2038    map@2 : 0.2062    map@3 : 0.2113    map@4 : 0.2181    map@5 : 0.2237    map@10 : 0.2453    map@20 : 0.2603    map@30 : 0.2665    map@50 : 0.2712
Sun 15 Mar 2026 19:02:39 INFO  Saving current: saved/SCL-Mar-15-2026_18-59-41.pth
Sun 15 Mar 2026 19:02:39 INFO  Saving current best: saved/SCL-Mar-15-2026_18-59-41.pth
Sun 15 Mar 2026 19:02:39 INFO  Running E-step ! 
Sun 15 Mar 2026 19:02:43 INFO  epoch 29 training [time: 4.37s, train_loss1: 81.0658, train_loss2: 0.0397, train_loss3: 0.0114, train_loss4: 0.0000]
Sun 15 Mar 2026 19:02:45 INFO  epoch 29 evaluating [time: 1.58s, valid_score: 0.336500]
Sun 15 Mar 2026 19:02:45 INFO  valid result: 
recall@1 : 0.1282    recall@2 : 0.2186    recall@3 : 0.2776    recall@4 : 0.3238    recall@5 : 0.3578    recall@10 : 0.4956    recall@20 : 0.635    recall@30 : 0.7145    recall@50 : 0.7985    ndcg@1 : 0.2128    ndcg@2 : 0.2393    ndcg@3 : 0.2578    ndcg@4 : 0.2743    ndcg@5 : 0.2872    ndcg@10 : 0.3365    ndcg@20 : 0.3781    ndcg@30 : 0.3993    ndcg@50 : 0.4195    precision@1 : 0.2128    precision@2 : 0.1833    precision@3 : 0.1583    precision@4 : 0.1415    precision@5 : 0.1287    precision@10 : 0.0939    precision@20 : 0.0631    precision@30 : 0.0486    precision@50 : 0.0336    map@1 : 0.2128    map@2 : 0.2105    map@3 : 0.2144    map@4 : 0.2204    map@5 : 0.2263    map@10 : 0.2482    map@20 : 0.2628    map@30 : 0.269    map@50 : 0.2737
Sun 15 Mar 2026 19:02:45 INFO  Saving current: saved/SCL-Mar-15-2026_18-59-41.pth
Sun 15 Mar 2026 19:02:45 INFO  Saving current best: saved/SCL-Mar-15-2026_18-59-41.pth
Sun 15 Mar 2026 19:02:45 INFO  Running E-step ! 
Sun 15 Mar 2026 19:02:49 INFO  epoch 30 training [time: 4.40s, train_loss1: 81.2231, train_loss2: 0.0391, train_loss3: 0.0114, train_loss4: 0.0000]
Sun 15 Mar 2026 19:02:51 INFO  epoch 30 evaluating [time: 1.59s, valid_score: 0.338000]
Sun 15 Mar 2026 19:02:51 INFO  valid result: 
recall@1 : 0.1294    recall@2 : 0.2163    recall@3 : 0.2805    recall@4 : 0.3232    recall@5 : 0.3604    recall@10 : 0.4971    recall@20 : 0.6393    recall@30 : 0.7163    recall@50 : 0.7992    ndcg@1 : 0.2157    ndcg@2 : 0.2396    ndcg@3 : 0.2601    ndcg@4 : 0.2751    ndcg@5 : 0.2889    ndcg@10 : 0.338    ndcg@20 : 0.3804    ndcg@30 : 0.4009    ndcg@50 : 0.4209    precision@1 : 0.2157    precision@2 : 0.1836    precision@3 : 0.1603    precision@4 : 0.1424    precision@5 : 0.1296    precision@10 : 0.0942    precision@20 : 0.0635    precision@30 : 0.0488    precision@50 : 0.0337    map@1 : 0.2157    map@2 : 0.2111    map@3 : 0.2159    map@4 : 0.2213    map@5 : 0.2277    map@10 : 0.2495    map@20 : 0.2644    map@30 : 0.2703    map@50 : 0.2751
Sun 15 Mar 2026 19:02:51 INFO  Saving current: saved/SCL-Mar-15-2026_18-59-41.pth
Sun 15 Mar 2026 19:02:51 INFO  Saving current best: saved/SCL-Mar-15-2026_18-59-41.pth
Sun 15 Mar 2026 19:02:51 INFO  Running E-step ! 
Sun 15 Mar 2026 19:02:55 INFO  epoch 31 training [time: 4.38s, train_loss1: 79.2753, train_loss2: 0.0385, train_loss3: 0.0114, train_loss4: 0.0000]
Sun 15 Mar 2026 19:02:57 INFO  epoch 31 evaluating [time: 1.59s, valid_score: 0.337700]
Sun 15 Mar 2026 19:02:57 INFO  valid result: 
recall@1 : 0.1299    recall@2 : 0.2086    recall@3 : 0.2801    recall@4 : 0.3262    recall@5 : 0.3642    recall@10 : 0.4971    recall@20 : 0.6411    recall@30 : 0.7177    recall@50 : 0.8017    ndcg@1 : 0.2145    ndcg@2 : 0.2342    ndcg@3 : 0.2589    ndcg@4 : 0.2758    ndcg@5 : 0.2897    ndcg@10 : 0.3377    ndcg@20 : 0.3805    ndcg@30 : 0.4011    ndcg@50 : 0.4212    precision@1 : 0.2145    precision@2 : 0.1791    precision@3 : 0.1603    precision@4 : 0.1441    precision@5 : 0.1304    precision@10 : 0.0945    precision@20 : 0.0636    precision@30 : 0.049    precision@50 : 0.0338    map@1 : 0.2145    map@2 : 0.2068    map@3 : 0.2146    map@4 : 0.2215    map@5 : 0.2277    map@10 : 0.2491    map@20 : 0.2642    map@30 : 0.2703    map@50 : 0.275
Sun 15 Mar 2026 19:02:57 INFO  Running E-step ! 
Sun 15 Mar 2026 19:03:01 INFO  epoch 32 training [time: 4.40s, train_loss1: 78.3230, train_loss2: 0.0381, train_loss3: 0.0114, train_loss4: 0.0000]
Sun 15 Mar 2026 19:03:03 INFO  epoch 32 evaluating [time: 1.59s, valid_score: 0.340200]
Sun 15 Mar 2026 19:03:03 INFO  valid result: 
recall@1 : 0.1298    recall@2 : 0.2171    recall@3 : 0.2807    recall@4 : 0.3272    recall@5 : 0.3653    recall@10 : 0.5007    recall@20 : 0.6433    recall@30 : 0.718    recall@50 : 0.8056    ndcg@1 : 0.2145    ndcg@2 : 0.2399    ndcg@3 : 0.2606    ndcg@4 : 0.2777    ndcg@5 : 0.2915    ndcg@10 : 0.3402    ndcg@20 : 0.3828    ndcg@30 : 0.403    ndcg@50 : 0.4238    precision@1 : 0.2145    precision@2 : 0.1844    precision@3 : 0.1605    precision@4 : 0.145    precision@5 : 0.131    precision@10 : 0.0949    precision@20 : 0.064    precision@30 : 0.0491    precision@50 : 0.0339    map@1 : 0.2145    map@2 : 0.2111    map@3 : 0.2165    map@4 : 0.2232    map@5 : 0.2294    map@10 : 0.2512    map@20 : 0.2663    map@30 : 0.2723    map@50 : 0.2772
Sun 15 Mar 2026 19:03:03 INFO  Saving current: saved/SCL-Mar-15-2026_18-59-41.pth
Sun 15 Mar 2026 19:03:03 INFO  Saving current best: saved/SCL-Mar-15-2026_18-59-41.pth
Sun 15 Mar 2026 19:03:03 INFO  Running E-step ! 
Sun 15 Mar 2026 19:03:07 INFO  epoch 33 training [time: 4.41s, train_loss1: 77.0670, train_loss2: 0.0376, train_loss3: 0.0114, train_loss4: 0.0000]
Sun 15 Mar 2026 19:03:09 INFO  epoch 33 evaluating [time: 1.59s, valid_score: 0.343800]
Sun 15 Mar 2026 19:03:09 INFO  valid result: 
recall@1 : 0.1333    recall@2 : 0.2239    recall@3 : 0.2831    recall@4 : 0.3283    recall@5 : 0.3711    recall@10 : 0.502    recall@20 : 0.6476    recall@30 : 0.7197    recall@50 : 0.8048    ndcg@1 : 0.2193    ndcg@2 : 0.2462    ndcg@3 : 0.2644    ndcg@4 : 0.2809    ndcg@5 : 0.2965    ndcg@10 : 0.3438    ndcg@20 : 0.3871    ndcg@30 : 0.4068    ndcg@50 : 0.4269    precision@1 : 0.2193    precision@2 : 0.1889    precision@3 : 0.1623    precision@4 : 0.1457    precision@5 : 0.1327    precision@10 : 0.0954    precision@20 : 0.0643    precision@30 : 0.0493    precision@50 : 0.0339    map@1 : 0.2193    map@2 : 0.2166    map@3 : 0.2206    map@4 : 0.2265    map@5 : 0.2338    map@10 : 0.255    map@20 : 0.2704    map@30 : 0.2763    map@50 : 0.281
Sun 15 Mar 2026 19:03:09 INFO  Saving current: saved/SCL-Mar-15-2026_18-59-41.pth
Sun 15 Mar 2026 19:03:09 INFO  Saving current best: saved/SCL-Mar-15-2026_18-59-41.pth
Sun 15 Mar 2026 19:03:09 INFO  Running E-step ! 
Sun 15 Mar 2026 19:03:14 INFO  epoch 34 training [time: 5.29s, train_loss1: 76.8872, train_loss2: 0.0371, train_loss3: 0.0114, train_loss4: 0.0000]
Sun 15 Mar 2026 19:03:16 INFO  epoch 34 evaluating [time: 1.59s, valid_score: 0.343700]
Sun 15 Mar 2026 19:03:16 INFO  valid result: 
recall@1 : 0.1297    recall@2 : 0.2229    recall@3 : 0.2844    recall@4 : 0.3317    recall@5 : 0.3722    recall@10 : 0.5064    recall@20 : 0.649    recall@30 : 0.7243    recall@50 : 0.806    ndcg@1 : 0.2128    ndcg@2 : 0.2427    ndcg@3 : 0.263    ndcg@4 : 0.2803    ndcg@5 : 0.2955    ndcg@10 : 0.3437    ndcg@20 : 0.3863    ndcg@30 : 0.4067    ndcg@50 : 0.426    precision@1 : 0.2128    precision@2 : 0.1865    precision@3 : 0.1623    precision@4 : 0.146    precision@5 : 0.1335    precision@10 : 0.0959    precision@20 : 0.0644    precision@30 : 0.0495    precision@50 : 0.0339    map@1 : 0.2128    map@2 : 0.2136    map@3 : 0.2185    map@4 : 0.2252    map@5 : 0.2325    map@10 : 0.254    map@20 : 0.2692    map@30 : 0.2754    map@50 : 0.2798
Sun 15 Mar 2026 19:03:16 INFO  Running E-step ! 
Sun 15 Mar 2026 19:03:20 INFO  epoch 35 training [time: 4.58s, train_loss1: 75.3506, train_loss2: 0.0367, train_loss3: 0.0114, train_loss4: 0.0000]
Sun 15 Mar 2026 19:03:22 INFO  epoch 35 evaluating [time: 1.59s, valid_score: 0.345600]
Sun 15 Mar 2026 19:03:22 INFO  valid result: 
recall@1 : 0.1308    recall@2 : 0.2242    recall@3 : 0.2859    recall@4 : 0.3352    recall@5 : 0.3723    recall@10 : 0.5083    recall@20 : 0.6502    recall@30 : 0.7225    recall@50 : 0.8069    ndcg@1 : 0.2139    ndcg@2 : 0.2438    ndcg@3 : 0.265    ndcg@4 : 0.2829    ndcg@5 : 0.2965    ndcg@10 : 0.3456    ndcg@20 : 0.3877    ndcg@30 : 0.4076    ndcg@50 : 0.4275    precision@1 : 0.2139    precision@2 : 0.1868    precision@3 : 0.1643    precision@4 : 0.1476    precision@5 : 0.1334    precision@10 : 0.0967    precision@20 : 0.0644    precision@30 : 0.0495    precision@50 : 0.034    map@1 : 0.2139    map@2 : 0.2147    map@3 : 0.2206    map@4 : 0.2276    map@5 : 0.2338    map@10 : 0.2558    map@20 : 0.2708    map@30 : 0.2769    map@50 : 0.2814
Sun 15 Mar 2026 19:03:22 INFO  Saving current: saved/SCL-Mar-15-2026_18-59-41.pth
Sun 15 Mar 2026 19:03:22 INFO  Saving current best: saved/SCL-Mar-15-2026_18-59-41.pth
Sun 15 Mar 2026 19:03:22 INFO  Running E-step ! 
Sun 15 Mar 2026 19:03:27 INFO  epoch 36 training [time: 5.32s, train_loss1: 72.8946, train_loss2: 0.0364, train_loss3: 0.0114, train_loss4: 0.0000]
Sun 15 Mar 2026 19:03:29 INFO  epoch 36 evaluating [time: 1.58s, valid_score: 0.347600]
Sun 15 Mar 2026 19:03:29 INFO  valid result: 
recall@1 : 0.1326    recall@2 : 0.2253    recall@3 : 0.287    recall@4 : 0.3368    recall@5 : 0.3753    recall@10 : 0.5109    recall@20 : 0.6512    recall@30 : 0.724    recall@50 : 0.8075    ndcg@1 : 0.2157    ndcg@2 : 0.2455    ndcg@3 : 0.2666    ndcg@4 : 0.2847    ndcg@5 : 0.2991    ndcg@10 : 0.3476    ndcg@20 : 0.3895    ndcg@30 : 0.4093    ndcg@50 : 0.429    precision@1 : 0.2157    precision@2 : 0.1877    precision@3 : 0.1651    precision@4 : 0.1487    precision@5 : 0.1349    precision@10 : 0.0971    precision@20 : 0.0648    precision@30 : 0.0496    precision@50 : 0.034    map@1 : 0.2157    map@2 : 0.2166    map@3 : 0.2225    map@4 : 0.2297    map@5 : 0.2362    map@10 : 0.2579    map@20 : 0.2729    map@30 : 0.2788    map@50 : 0.2834
Sun 15 Mar 2026 19:03:29 INFO  Saving current: saved/SCL-Mar-15-2026_18-59-41.pth
Sun 15 Mar 2026 19:03:29 INFO  Saving current best: saved/SCL-Mar-15-2026_18-59-41.pth
Sun 15 Mar 2026 19:03:29 INFO  Running E-step ! 
Sun 15 Mar 2026 19:03:34 INFO  epoch 37 training [time: 5.23s, train_loss1: 71.9411, train_loss2: 0.0359, train_loss3: 0.0114, train_loss4: 0.0000]
Sun 15 Mar 2026 19:03:36 INFO  epoch 37 evaluating [time: 1.59s, valid_score: 0.347600]
Sun 15 Mar 2026 19:03:36 INFO  valid result: 
recall@1 : 0.1341    recall@2 : 0.2288    recall@3 : 0.287    recall@4 : 0.336    recall@5 : 0.3741    recall@10 : 0.5071    recall@20 : 0.6527    recall@30 : 0.7284    recall@50 : 0.8084    ndcg@1 : 0.2187    ndcg@2 : 0.2485    ndcg@3 : 0.2673    ndcg@4 : 0.2856    ndcg@5 : 0.2999    ndcg@10 : 0.3476    ndcg@20 : 0.3911    ndcg@30 : 0.4117    ndcg@50 : 0.4305    precision@1 : 0.2187    precision@2 : 0.1895    precision@3 : 0.1645    precision@4 : 0.1487    precision@5 : 0.1354    precision@10 : 0.0966    precision@20 : 0.0649    precision@30 : 0.0499    precision@50 : 0.034    map@1 : 0.2187    map@2 : 0.219    map@3 : 0.2231    map@4 : 0.2306    map@5 : 0.2373    map@10 : 0.2587    map@20 : 0.2743    map@30 : 0.2805    map@50 : 0.2848
Sun 15 Mar 2026 19:03:36 INFO  Saving current: saved/SCL-Mar-15-2026_18-59-41.pth
Sun 15 Mar 2026 19:03:36 INFO  Saving current best: saved/SCL-Mar-15-2026_18-59-41.pth
Sun 15 Mar 2026 19:03:36 INFO  Running E-step ! 
Sun 15 Mar 2026 19:03:40 INFO  epoch 38 training [time: 4.06s, train_loss1: 72.0006, train_loss2: 0.0355, train_loss3: 0.0114, train_loss4: 0.0000]
Sun 15 Mar 2026 19:03:41 INFO  epoch 38 evaluating [time: 1.59s, valid_score: 0.346700]
Sun 15 Mar 2026 19:03:41 INFO  valid result: 
recall@1 : 0.134    recall@2 : 0.2264    recall@3 : 0.2883    recall@4 : 0.3386    recall@5 : 0.3756    recall@10 : 0.5043    recall@20 : 0.6534    recall@30 : 0.7285    recall@50 : 0.8102    ndcg@1 : 0.2175    ndcg@2 : 0.247    ndcg@3 : 0.2682    ndcg@4 : 0.2865    ndcg@5 : 0.3005    ndcg@10 : 0.3467    ndcg@20 : 0.3915    ndcg@30 : 0.4119    ndcg@50 : 0.4311    precision@1 : 0.2175    precision@2 : 0.1889    precision@3 : 0.1663    precision@4 : 0.1493    precision@5 : 0.1359    precision@10 : 0.0959    precision@20 : 0.065    precision@30 : 0.0499    precision@50 : 0.0341    map@1 : 0.2175    map@2 : 0.2175    map@3 : 0.2239    map@4 : 0.2312    map@5 : 0.2375    map@10 : 0.2582    map@20 : 0.2743    map@30 : 0.2805    map@50 : 0.285
Sun 15 Mar 2026 19:03:41 INFO  Running E-step ! 
Sun 15 Mar 2026 19:03:46 INFO  epoch 39 training [time: 4.28s, train_loss1: 69.6084, train_loss2: 0.0351, train_loss3: 0.0114, train_loss4: 0.0000]
Sun 15 Mar 2026 19:03:47 INFO  epoch 39 evaluating [time: 1.59s, valid_score: 0.349500]
Sun 15 Mar 2026 19:03:47 INFO  valid result: 
recall@1 : 0.1365    recall@2 : 0.2291    recall@3 : 0.289    recall@4 : 0.3364    recall@5 : 0.3764    recall@10 : 0.5082    recall@20 : 0.6541    recall@30 : 0.7292    recall@50 : 0.8119    ndcg@1 : 0.2199    ndcg@2 : 0.2495    ndcg@3 : 0.27    ndcg@4 : 0.287    ndcg@5 : 0.3023    ndcg@10 : 0.3495    ndcg@20 : 0.3934    ndcg@30 : 0.4136    ndcg@50 : 0.4332    precision@1 : 0.2199    precision@2 : 0.191    precision@3 : 0.1671    precision@4 : 0.1491    precision@5 : 0.1366    precision@10 : 0.0966    precision@20 : 0.0652    precision@30 : 0.0499    precision@50 : 0.0342    map@1 : 0.2199    map@2 : 0.2196    map@3 : 0.2257    map@4 : 0.2323    map@5 : 0.2394    map@10 : 0.2607    map@20 : 0.2765    map@30 : 0.2826    map@50 : 0.2872
Sun 15 Mar 2026 19:03:47 INFO  Saving current: saved/SCL-Mar-15-2026_18-59-41.pth
Sun 15 Mar 2026 19:03:47 INFO  Saving current best: saved/SCL-Mar-15-2026_18-59-41.pth
Sun 15 Mar 2026 19:03:47 INFO  Running E-step ! 
Sun 15 Mar 2026 19:03:51 INFO  epoch 40 training [time: 4.11s, train_loss1: 69.9402, train_loss2: 0.0346, train_loss3: 0.0114, train_loss4: 0.0000]
Sun 15 Mar 2026 19:03:53 INFO  epoch 40 evaluating [time: 1.59s, valid_score: 0.349000]
Sun 15 Mar 2026 19:03:53 INFO  valid result: 
recall@1 : 0.134    recall@2 : 0.2273    recall@3 : 0.2917    recall@4 : 0.34    recall@5 : 0.375    recall@10 : 0.5087    recall@20 : 0.6537    recall@30 : 0.7312    recall@50 : 0.8086    ndcg@1 : 0.2175    ndcg@2 : 0.2469    ndcg@3 : 0.2701    ndcg@4 : 0.2877    ndcg@5 : 0.3011    ndcg@10 : 0.349    ndcg@20 : 0.3926    ndcg@30 : 0.4135    ndcg@50 : 0.432    precision@1 : 0.2175    precision@2 : 0.1889    precision@3 : 0.1683    precision@4 : 0.1508    precision@5 : 0.1368    precision@10 : 0.0968    precision@20 : 0.0649    precision@30 : 0.05    precision@50 : 0.0341    map@1 : 0.2175    map@2 : 0.2169    map@3 : 0.2249    map@4 : 0.2321    map@5 : 0.2383    map@10 : 0.26    map@20 : 0.2756    map@30 : 0.282    map@50 : 0.2863
Sun 15 Mar 2026 19:03:53 INFO  Running E-step ! 
Sun 15 Mar 2026 19:03:57 INFO  epoch 41 training [time: 4.05s, train_loss1: 68.1749, train_loss2: 0.0342, train_loss3: 0.0114, train_loss4: 0.0000]
Sun 15 Mar 2026 19:03:58 INFO  epoch 41 evaluating [time: 1.59s, valid_score: 0.349300]
Sun 15 Mar 2026 19:03:58 INFO  valid result: 
recall@1 : 0.132    recall@2 : 0.2272    recall@3 : 0.2934    recall@4 : 0.3429    recall@5 : 0.3813    recall@10 : 0.5098    recall@20 : 0.6537    recall@30 : 0.7322    recall@50 : 0.8109    ndcg@1 : 0.2157    ndcg@2 : 0.2464    ndcg@3 : 0.27    ndcg@4 : 0.2887    ndcg@5 : 0.3032    ndcg@10 : 0.3493    ndcg@20 : 0.3925    ndcg@30 : 0.4135    ndcg@50 : 0.4323    precision@1 : 0.2157    precision@2 : 0.1892    precision@3 : 0.1687    precision@4 : 0.1526    precision@5 : 0.1385    precision@10 : 0.0974    precision@20 : 0.0651    precision@30 : 0.0501    precision@50 : 0.0341    map@1 : 0.2157    map@2 : 0.2163    map@3 : 0.2244    map@4 : 0.2324    map@5 : 0.2391    map@10 : 0.26    map@20 : 0.2753    map@30 : 0.2817    map@50 : 0.2861
Sun 15 Mar 2026 19:03:58 INFO  Running E-step ! 
Sun 15 Mar 2026 19:04:03 INFO  epoch 42 training [time: 4.46s, train_loss1: 65.8366, train_loss2: 0.0339, train_loss3: 0.0114, train_loss4: 0.0000]
Sun 15 Mar 2026 19:04:05 INFO  epoch 42 evaluating [time: 1.59s, valid_score: 0.351200]
Sun 15 Mar 2026 19:04:05 INFO  valid result: 
recall@1 : 0.1357    recall@2 : 0.227    recall@3 : 0.2916    recall@4 : 0.3415    recall@5 : 0.3822    recall@10 : 0.5102    recall@20 : 0.6543    recall@30 : 0.7322    recall@50 : 0.81    ndcg@1 : 0.2217    ndcg@2 : 0.2487    ndcg@3 : 0.2706    ndcg@4 : 0.2895    ndcg@5 : 0.3052    ndcg@10 : 0.3512    ndcg@20 : 0.3942    ndcg@30 : 0.4152    ndcg@50 : 0.4336    precision@1 : 0.2217    precision@2 : 0.1901    precision@3 : 0.1675    precision@4 : 0.1518    precision@5 : 0.1392    precision@10 : 0.0977    precision@20 : 0.0651    precision@30 : 0.0501    precision@50 : 0.0341    map@1 : 0.2217    map@2 : 0.2187    map@3 : 0.226    map@4 : 0.2337    map@5 : 0.2412    map@10 : 0.2621    map@20 : 0.2773    map@30 : 0.2837    map@50 : 0.288
Sun 15 Mar 2026 19:04:05 INFO  Saving current: saved/SCL-Mar-15-2026_18-59-41.pth
Sun 15 Mar 2026 19:04:05 INFO  Saving current best: saved/SCL-Mar-15-2026_18-59-41.pth
Sun 15 Mar 2026 19:04:05 INFO  Running E-step ! 
Sun 15 Mar 2026 19:04:09 INFO  epoch 43 training [time: 3.96s, train_loss1: 66.6073, train_loss2: 0.0334, train_loss3: 0.0114, train_loss4: 0.0000]
Sun 15 Mar 2026 19:04:10 INFO  epoch 43 evaluating [time: 1.60s, valid_score: 0.353200]
Sun 15 Mar 2026 19:04:10 INFO  valid result: 
recall@1 : 0.1382    recall@2 : 0.228    recall@3 : 0.2925    recall@4 : 0.3444    recall@5 : 0.3852    recall@10 : 0.5123    recall@20 : 0.655    recall@30 : 0.7332    recall@50 : 0.8109    ndcg@1 : 0.2235    ndcg@2 : 0.25    ndcg@3 : 0.2728    ndcg@4 : 0.292    ndcg@5 : 0.3072    ndcg@10 : 0.3532    ndcg@20 : 0.3957    ndcg@30 : 0.4168    ndcg@50 : 0.4353    precision@1 : 0.2235    precision@2 : 0.1907    precision@3 : 0.1694    precision@4 : 0.1526    precision@5 : 0.139    precision@10 : 0.0981    precision@20 : 0.0651    precision@30 : 0.0501    precision@50 : 0.0341    map@1 : 0.2235    map@2 : 0.2202    map@3 : 0.2287    map@4 : 0.2363    map@5 : 0.2432    map@10 : 0.2643    map@20 : 0.2793    map@30 : 0.2857    map@50 : 0.2901
Sun 15 Mar 2026 19:04:10 INFO  Saving current: saved/SCL-Mar-15-2026_18-59-41.pth
Sun 15 Mar 2026 19:04:10 INFO  Saving current best: saved/SCL-Mar-15-2026_18-59-41.pth
Sun 15 Mar 2026 19:04:10 INFO  Running E-step ! 
Sun 15 Mar 2026 19:04:15 INFO  epoch 44 training [time: 5.28s, train_loss1: 64.0695, train_loss2: 0.0331, train_loss3: 0.0114, train_loss4: 0.0000]
Sun 15 Mar 2026 19:04:17 INFO  epoch 44 evaluating [time: 1.59s, valid_score: 0.354500]
Sun 15 Mar 2026 19:04:17 INFO  valid result: 
recall@1 : 0.142    recall@2 : 0.2291    recall@3 : 0.2941    recall@4 : 0.3411    recall@5 : 0.3818    recall@10 : 0.5117    recall@20 : 0.6537    recall@30 : 0.7339    recall@50 : 0.8117    ndcg@1 : 0.2288    ndcg@2 : 0.2534    ndcg@3 : 0.2751    ndcg@4 : 0.292    ndcg@5 : 0.3076    ndcg@10 : 0.3545    ndcg@20 : 0.3969    ndcg@30 : 0.4184    ndcg@50 : 0.4368    precision@1 : 0.2288    precision@2 : 0.1928    precision@3 : 0.1691    precision@4 : 0.1508    precision@5 : 0.1383    precision@10 : 0.0983    precision@20 : 0.0653    precision@30 : 0.0503    precision@50 : 0.0341    map@1 : 0.2288    map@2 : 0.2238    map@3 : 0.231    map@4 : 0.2375    map@5 : 0.2446    map@10 : 0.2657    map@20 : 0.2809    map@30 : 0.2874    map@50 : 0.2918
Sun 15 Mar 2026 19:04:17 INFO  Saving current: saved/SCL-Mar-15-2026_18-59-41.pth
Sun 15 Mar 2026 19:04:17 INFO  Saving current best: saved/SCL-Mar-15-2026_18-59-41.pth
Sun 15 Mar 2026 19:04:17 INFO  Running E-step ! 
Sun 15 Mar 2026 19:04:22 INFO  epoch 45 training [time: 4.72s, train_loss1: 62.8343, train_loss2: 0.0328, train_loss3: 0.0114, train_loss4: 0.0000]
Sun 15 Mar 2026 19:04:23 INFO  epoch 45 evaluating [time: 1.59s, valid_score: 0.356300]
Sun 15 Mar 2026 19:04:23 INFO  valid result: 
recall@1 : 0.142    recall@2 : 0.2339    recall@3 : 0.2945    recall@4 : 0.3448    recall@5 : 0.382    recall@10 : 0.5137    recall@20 : 0.6572    recall@30 : 0.7337    recall@50 : 0.8107    ndcg@1 : 0.2294    ndcg@2 : 0.2571    ndcg@3 : 0.2762    ndcg@4 : 0.2948    ndcg@5 : 0.3086    ndcg@10 : 0.3563    ndcg@20 : 0.3989    ndcg@30 : 0.4196    ndcg@50 : 0.438    precision@1 : 0.2294    precision@2 : 0.1967    precision@3 : 0.1696    precision@4 : 0.1526    precision@5 : 0.138    precision@10 : 0.0985    precision@20 : 0.0654    precision@30 : 0.0503    precision@50 : 0.0341    map@1 : 0.2294    map@2 : 0.2266    map@3 : 0.2318    map@4 : 0.2393    map@5 : 0.2457    map@10 : 0.2674    map@20 : 0.2824    map@30 : 0.2887    map@50 : 0.2931
Sun 15 Mar 2026 19:04:23 INFO  Saving current: saved/SCL-Mar-15-2026_18-59-41.pth
Sun 15 Mar 2026 19:04:23 INFO  Saving current best: saved/SCL-Mar-15-2026_18-59-41.pth
Sun 15 Mar 2026 19:04:23 INFO  Running E-step ! 
Sun 15 Mar 2026 19:04:27 INFO  epoch 46 training [time: 4.04s, train_loss1: 62.4485, train_loss2: 0.0323, train_loss3: 0.0114, train_loss4: 0.0000]
Sun 15 Mar 2026 19:04:29 INFO  epoch 46 evaluating [time: 1.59s, valid_score: 0.358000]
Sun 15 Mar 2026 19:04:29 INFO  valid result: 
recall@1 : 0.1461    recall@2 : 0.2367    recall@3 : 0.2941    recall@4 : 0.3448    recall@5 : 0.3815    recall@10 : 0.5128    recall@20 : 0.6559    recall@30 : 0.7333    recall@50 : 0.8139    ndcg@1 : 0.2354    ndcg@2 : 0.2606    ndcg@3 : 0.2779    ndcg@4 : 0.297    ndcg@5 : 0.3103    ndcg@10 : 0.358    ndcg@20 : 0.4006    ndcg@30 : 0.4216    ndcg@50 : 0.4406    precision@1 : 0.2354    precision@2 : 0.1985    precision@3 : 0.1694    precision@4 : 0.153    precision@5 : 0.1378    precision@10 : 0.0986    precision@20 : 0.0653    precision@30 : 0.0503    precision@50 : 0.0342    map@1 : 0.2354    map@2 : 0.2303    map@3 : 0.234    map@4 : 0.2419    map@5 : 0.2479    map@10 : 0.2698    map@20 : 0.2848    map@30 : 0.2912    map@50 : 0.2957
Sun 15 Mar 2026 19:04:29 INFO  Saving current: saved/SCL-Mar-15-2026_18-59-41.pth
Sun 15 Mar 2026 19:04:29 INFO  Saving current best: saved/SCL-Mar-15-2026_18-59-41.pth
Sun 15 Mar 2026 19:04:29 INFO  Running E-step ! 
Sun 15 Mar 2026 19:04:33 INFO  epoch 47 training [time: 4.32s, train_loss1: 61.2616, train_loss2: 0.0319, train_loss3: 0.0114, train_loss4: 0.0000]
Sun 15 Mar 2026 19:04:35 INFO  epoch 47 evaluating [time: 1.59s, valid_score: 0.359500]
Sun 15 Mar 2026 19:04:35 INFO  valid result: 
recall@1 : 0.1478    recall@2 : 0.2385    recall@3 : 0.298    recall@4 : 0.3448    recall@5 : 0.383    recall@10 : 0.5136    recall@20 : 0.6585    recall@30 : 0.734    recall@50 : 0.8151    ndcg@1 : 0.2378    ndcg@2 : 0.2625    ndcg@3 : 0.2811    ndcg@4 : 0.2981    ndcg@5 : 0.3123    ndcg@10 : 0.3595    ndcg@20 : 0.4025    ndcg@30 : 0.423    ndcg@50 : 0.4422    precision@1 : 0.2378    precision@2 : 0.199    precision@3 : 0.1718    precision@4 : 0.153    precision@5 : 0.1385    precision@10 : 0.0986    precision@20 : 0.0655    precision@30 : 0.0503    precision@50 : 0.0343    map@1 : 0.2378    map@2 : 0.2324    map@3 : 0.2367    map@4 : 0.2435    map@5 : 0.2502    map@10 : 0.2715    map@20 : 0.2867    map@30 : 0.2929    map@50 : 0.2974
Sun 15 Mar 2026 19:04:35 INFO  Saving current: saved/SCL-Mar-15-2026_18-59-41.pth
Sun 15 Mar 2026 19:04:35 INFO  Saving current best: saved/SCL-Mar-15-2026_18-59-41.pth
Sun 15 Mar 2026 19:04:35 INFO  Running E-step ! 
Sun 15 Mar 2026 19:04:40 INFO  epoch 48 training [time: 4.84s, train_loss1: 59.7726, train_loss2: 0.0315, train_loss3: 0.0114, train_loss4: 0.0000]
Sun 15 Mar 2026 19:04:41 INFO  epoch 48 evaluating [time: 1.60s, valid_score: 0.359200]
Sun 15 Mar 2026 19:04:41 INFO  valid result: 
recall@1 : 0.1477    recall@2 : 0.2382    recall@3 : 0.2983    recall@4 : 0.3447    recall@5 : 0.3837    recall@10 : 0.5127    recall@20 : 0.6581    recall@30 : 0.7342    recall@50 : 0.8153    ndcg@1 : 0.239    ndcg@2 : 0.263    ndcg@3 : 0.2814    ndcg@4 : 0.2978    ndcg@5 : 0.3126    ndcg@10 : 0.3592    ndcg@20 : 0.4025    ndcg@30 : 0.4232    ndcg@50 : 0.4424    precision@1 : 0.239    precision@2 : 0.1996    precision@3 : 0.1718    precision@4 : 0.1521    precision@5 : 0.1386    precision@10 : 0.0983    precision@20 : 0.0655    precision@30 : 0.0503    precision@50 : 0.0343    map@1 : 0.239    map@2 : 0.2333    map@3 : 0.2371    map@4 : 0.2436    map@5 : 0.2507    map@10 : 0.2715    map@20 : 0.2868    map@30 : 0.2932    map@50 : 0.2978
Sun 15 Mar 2026 19:04:41 INFO  Running E-step ! 
Sun 15 Mar 2026 19:04:47 INFO  epoch 49 training [time: 5.18s, train_loss1: 59.3665, train_loss2: 0.0312, train_loss3: 0.0114, train_loss4: 0.0000]
Sun 15 Mar 2026 19:04:48 INFO  epoch 49 evaluating [time: 1.60s, valid_score: 0.361000]
Sun 15 Mar 2026 19:04:48 INFO  valid result: 
recall@1 : 0.1471    recall@2 : 0.2373    recall@3 : 0.2989    recall@4 : 0.3505    recall@5 : 0.3843    recall@10 : 0.5173    recall@20 : 0.6583    recall@30 : 0.7355    recall@50 : 0.8159    ndcg@1 : 0.2372    ndcg@2 : 0.2612    ndcg@3 : 0.2814    ndcg@4 : 0.3002    ndcg@5 : 0.313    ndcg@10 : 0.361    ndcg@20 : 0.4032    ndcg@30 : 0.4239    ndcg@50 : 0.4428    precision@1 : 0.2372    precision@2 : 0.1976    precision@3 : 0.1724    precision@4 : 0.1541    precision@5 : 0.1395    precision@10 : 0.0995    precision@20 : 0.0659    precision@30 : 0.0505    precision@50 : 0.0343    map@1 : 0.2372    map@2 : 0.2317    map@3 : 0.2366    map@4 : 0.2447    map@5 : 0.2507    map@10 : 0.2724    map@20 : 0.2873    map@30 : 0.2936    map@50 : 0.298
Sun 15 Mar 2026 19:04:48 INFO  Saving current: saved/SCL-Mar-15-2026_18-59-41.pth
Sun 15 Mar 2026 19:04:48 INFO  Saving current best: saved/SCL-Mar-15-2026_18-59-41.pth
Sun 15 Mar 2026 19:04:48 INFO  Running E-step ! 
Sun 15 Mar 2026 19:04:53 INFO  epoch 50 training [time: 5.04s, train_loss1: 58.2074, train_loss2: 0.0309, train_loss3: 0.0114, train_loss4: 0.0000]
Sun 15 Mar 2026 19:04:55 INFO  epoch 50 evaluating [time: 1.59s, valid_score: 0.360100]
Sun 15 Mar 2026 19:04:55 INFO  valid result: 
recall@1 : 0.1443    recall@2 : 0.2346    recall@3 : 0.2998    recall@4 : 0.3516    recall@5 : 0.3856    recall@10 : 0.5181    recall@20 : 0.6595    recall@30 : 0.7339    recall@50 : 0.8181    ndcg@1 : 0.2336    ndcg@2 : 0.2595    ndcg@3 : 0.2805    ndcg@4 : 0.2997    ndcg@5 : 0.3121    ndcg@10 : 0.3601    ndcg@20 : 0.4024    ndcg@30 : 0.4226    ndcg@50 : 0.4422    precision@1 : 0.2336    precision@2 : 0.1979    precision@3 : 0.1726    precision@4 : 0.1551    precision@5 : 0.1395    precision@10 : 0.0995    precision@20 : 0.0658    precision@30 : 0.0504    precision@50 : 0.0344    map@1 : 0.2336    map@2 : 0.2294    map@3 : 0.235    map@4 : 0.2436    map@5 : 0.249    map@10 : 0.2708    map@20 : 0.2858    map@30 : 0.2921    map@50 : 0.2966
Sun 15 Mar 2026 19:04:55 INFO  Running E-step ! 
Sun 15 Mar 2026 19:05:00 INFO  epoch 51 training [time: 5.41s, train_loss1: 56.6214, train_loss2: 0.0307, train_loss3: 0.0114, train_loss4: 0.0000]
Sun 15 Mar 2026 19:05:02 INFO  epoch 51 evaluating [time: 1.59s, valid_score: 0.361000]
Sun 15 Mar 2026 19:05:02 INFO  valid result: 
recall@1 : 0.1462    recall@2 : 0.2371    recall@3 : 0.2976    recall@4 : 0.3526    recall@5 : 0.3866    recall@10 : 0.5186    recall@20 : 0.6587    recall@30 : 0.7331    recall@50 : 0.8181    ndcg@1 : 0.2348    ndcg@2 : 0.2607    ndcg@3 : 0.2803    ndcg@4 : 0.3008    ndcg@5 : 0.3131    ndcg@10 : 0.361    ndcg@20 : 0.403    ndcg@30 : 0.4231    ndcg@50 : 0.4431    precision@1 : 0.2348    precision@2 : 0.1979    precision@3 : 0.1718    precision@4 : 0.1551    precision@5 : 0.1393    precision@10 : 0.0995    precision@20 : 0.0659    precision@30 : 0.0504    precision@50 : 0.0345    map@1 : 0.2348    map@2 : 0.2309    map@3 : 0.2358    map@4 : 0.2452    map@5 : 0.2503    map@10 : 0.272    map@20 : 0.287    map@30 : 0.2931    map@50 : 0.2978
Sun 15 Mar 2026 19:05:02 INFO  Saving current: saved/SCL-Mar-15-2026_18-59-41.pth
Sun 15 Mar 2026 19:05:02 INFO  Saving current best: saved/SCL-Mar-15-2026_18-59-41.pth
Sun 15 Mar 2026 19:05:02 INFO  Running E-step ! 
Sun 15 Mar 2026 19:05:07 INFO  epoch 52 training [time: 4.96s, train_loss1: 55.9483, train_loss2: 0.0303, train_loss3: 0.0114, train_loss4: 0.0000]
Sun 15 Mar 2026 19:05:08 INFO  epoch 52 evaluating [time: 1.59s, valid_score: 0.361400]
Sun 15 Mar 2026 19:05:08 INFO  valid result: 
recall@1 : 0.1451    recall@2 : 0.2385    recall@3 : 0.2991    recall@4 : 0.3507    recall@5 : 0.3855    recall@10 : 0.5203    recall@20 : 0.6608    recall@30 : 0.7376    recall@50 : 0.8181    ndcg@1 : 0.2354    ndcg@2 : 0.2614    ndcg@3 : 0.2814    ndcg@4 : 0.3003    ndcg@5 : 0.3131    ndcg@10 : 0.3614    ndcg@20 : 0.4035    ndcg@30 : 0.4241    ndcg@50 : 0.4431    precision@1 : 0.2354    precision@2 : 0.199    precision@3 : 0.1732    precision@4 : 0.1551    precision@5 : 0.1398    precision@10 : 0.0996    precision@20 : 0.0659    precision@30 : 0.0506    precision@50 : 0.0345    map@1 : 0.2354    map@2 : 0.2311    map@3 : 0.2363    map@4 : 0.2445    map@5 : 0.25    map@10 : 0.2719    map@20 : 0.2869    map@30 : 0.2932    map@50 : 0.2976
Sun 15 Mar 2026 19:05:08 INFO  Saving current: saved/SCL-Mar-15-2026_18-59-41.pth
Sun 15 Mar 2026 19:05:08 INFO  Saving current best: saved/SCL-Mar-15-2026_18-59-41.pth
Sun 15 Mar 2026 19:05:08 INFO  Running E-step ! 
Sun 15 Mar 2026 19:05:13 INFO  epoch 53 training [time: 4.78s, train_loss1: 56.1178, train_loss2: 0.0300, train_loss3: 0.0114, train_loss4: 0.0000]
Sun 15 Mar 2026 19:05:15 INFO  epoch 53 evaluating [time: 1.60s, valid_score: 0.360200]
Sun 15 Mar 2026 19:05:15 INFO  valid result: 
recall@1 : 0.1449    recall@2 : 0.2354    recall@3 : 0.2962    recall@4 : 0.3482    recall@5 : 0.3809    recall@10 : 0.5194    recall@20 : 0.6604    recall@30 : 0.7351    recall@50 : 0.8156    ndcg@1 : 0.2348    ndcg@2 : 0.2598    ndcg@3 : 0.2803    ndcg@4 : 0.2985    ndcg@5 : 0.31    ndcg@10 : 0.3602    ndcg@20 : 0.4024    ndcg@30 : 0.4225    ndcg@50 : 0.4415    precision@1 : 0.2348    precision@2 : 0.1979    precision@3 : 0.1736    precision@4 : 0.1541    precision@5 : 0.1375    precision@10 : 0.0993    precision@20 : 0.0658    precision@30 : 0.0504    precision@50 : 0.0344    map@1 : 0.2348    map@2 : 0.2299    map@3 : 0.2354    map@4 : 0.2433    map@5 : 0.2478    map@10 : 0.2708    map@20 : 0.2858    map@30 : 0.292    map@50 : 0.2964
Sun 15 Mar 2026 19:05:15 INFO  Running E-step ! 
Sun 15 Mar 2026 19:05:19 INFO  epoch 54 training [time: 4.37s, train_loss1: 54.4228, train_loss2: 0.0297, train_loss3: 0.0114, train_loss4: 0.0000]
Sun 15 Mar 2026 19:05:21 INFO  epoch 54 evaluating [time: 1.60s, valid_score: 0.359700]
Sun 15 Mar 2026 19:05:21 INFO  valid result: 
recall@1 : 0.1444    recall@2 : 0.2374    recall@3 : 0.2978    recall@4 : 0.3471    recall@5 : 0.3793    recall@10 : 0.5188    recall@20 : 0.6609    recall@30 : 0.7362    recall@50 : 0.8183    ndcg@1 : 0.2342    ndcg@2 : 0.2606    ndcg@3 : 0.2811    ndcg@4 : 0.2985    ndcg@5 : 0.3096    ndcg@10 : 0.3597    ndcg@20 : 0.4023    ndcg@30 : 0.4226    ndcg@50 : 0.4418    precision@1 : 0.2342    precision@2 : 0.1985    precision@3 : 0.174    precision@4 : 0.1545    precision@5 : 0.1377    precision@10 : 0.099    precision@20 : 0.0658    precision@30 : 0.0504    precision@50 : 0.0344    map@1 : 0.2342    map@2 : 0.2306    map@3 : 0.2361    map@4 : 0.2436    map@5 : 0.2479    map@10 : 0.2706    map@20 : 0.2858    map@30 : 0.2919    map@50 : 0.2964
Sun 15 Mar 2026 19:05:21 INFO  Running E-step ! 
Sun 15 Mar 2026 19:05:26 INFO  epoch 55 training [time: 4.92s, train_loss1: 52.8695, train_loss2: 0.0295, train_loss3: 0.0114, train_loss4: 0.0000]
Sun 15 Mar 2026 19:05:27 INFO  epoch 55 evaluating [time: 1.59s, valid_score: 0.358900]
Sun 15 Mar 2026 19:05:27 INFO  valid result: 
recall@1 : 0.1409    recall@2 : 0.2376    recall@3 : 0.3008    recall@4 : 0.3468    recall@5 : 0.3808    recall@10 : 0.5192    recall@20 : 0.6604    recall@30 : 0.734    recall@50 : 0.8182    ndcg@1 : 0.2306    ndcg@2 : 0.2599    ndcg@3 : 0.2815    ndcg@4 : 0.2974    ndcg@5 : 0.3095    ndcg@10 : 0.3589    ndcg@20 : 0.4013    ndcg@30 : 0.4212    ndcg@50 : 0.4409    precision@1 : 0.2306    precision@2 : 0.199    precision@3 : 0.1754    precision@4 : 0.1548    precision@5 : 0.1386    precision@10 : 0.099    precision@20 : 0.0657    precision@30 : 0.0503    precision@50 : 0.0344    map@1 : 0.2306    map@2 : 0.229    map@3 : 0.2354    map@4 : 0.2422    map@5 : 0.2469    map@10 : 0.2692    map@20 : 0.2843    map@30 : 0.2904    map@50 : 0.295
Sun 15 Mar 2026 19:05:27 INFO  Running E-step ! 
Sun 15 Mar 2026 19:05:32 INFO  epoch 56 training [time: 4.95s, train_loss1: 52.5639, train_loss2: 0.0293, train_loss3: 0.0114, train_loss4: 0.0000]
Sun 15 Mar 2026 19:05:34 INFO  epoch 56 evaluating [time: 1.59s, valid_score: 0.357800]
Sun 15 Mar 2026 19:05:34 INFO  valid result: 
recall@1 : 0.1404    recall@2 : 0.2349    recall@3 : 0.3005    recall@4 : 0.347    recall@5 : 0.3771    recall@10 : 0.5181    recall@20 : 0.6612    recall@30 : 0.7322    recall@50 : 0.8192    ndcg@1 : 0.2294    ndcg@2 : 0.2581    ndcg@3 : 0.2806    ndcg@4 : 0.2968    ndcg@5 : 0.3069    ndcg@10 : 0.3578    ndcg@20 : 0.4007    ndcg@30 : 0.4199    ndcg@50 : 0.4404    precision@1 : 0.2294    precision@2 : 0.1979    precision@3 : 0.175    precision@4 : 0.1545    precision@5 : 0.1367    precision@10 : 0.0989    precision@20 : 0.0658    precision@30 : 0.0502    precision@50 : 0.0345    map@1 : 0.2294    map@2 : 0.2275    map@3 : 0.2344    map@4 : 0.2413    map@5 : 0.2449    map@10 : 0.268    map@20 : 0.2833    map@30 : 0.2892    map@50 : 0.294
Sun 15 Mar 2026 19:05:34 INFO  Running E-step ! 
Sun 15 Mar 2026 19:05:38 INFO  epoch 57 training [time: 4.49s, train_loss1: 51.9539, train_loss2: 0.0290, train_loss3: 0.0114, train_loss4: 0.0000]
Sun 15 Mar 2026 19:05:40 INFO  epoch 57 evaluating [time: 1.60s, valid_score: 0.358100]
Sun 15 Mar 2026 19:05:40 INFO  valid result: 
recall@1 : 0.1379    recall@2 : 0.2342    recall@3 : 0.3046    recall@4 : 0.3468    recall@5 : 0.378    recall@10 : 0.5221    recall@20 : 0.6609    recall@30 : 0.7356    recall@50 : 0.8195    ndcg@1 : 0.2271    ndcg@2 : 0.2565    ndcg@3 : 0.2811    ndcg@4 : 0.2958    ndcg@5 : 0.3065    ndcg@10 : 0.3581    ndcg@20 : 0.3996    ndcg@30 : 0.4198    ndcg@50 : 0.4396    precision@1 : 0.2271    precision@2 : 0.1973    precision@3 : 0.1752    precision@4 : 0.1542    precision@5 : 0.1371    precision@10 : 0.0994    precision@20 : 0.0656    precision@30 : 0.0503    precision@50 : 0.0345    map@1 : 0.2271    map@2 : 0.2257    map@3 : 0.2342    map@4 : 0.2402    map@5 : 0.2441    map@10 : 0.2674    map@20 : 0.2821    map@30 : 0.2883    map@50 : 0.2929
Sun 15 Mar 2026 19:05:40 INFO  Running E-step ! 
Sun 15 Mar 2026 19:05:44 INFO  epoch 58 training [time: 4.05s, train_loss1: 50.5034, train_loss2: 0.0286, train_loss3: 0.0114, train_loss4: 0.0000]
Sun 15 Mar 2026 19:05:46 INFO  epoch 58 evaluating [time: 1.60s, valid_score: 0.358900]
Sun 15 Mar 2026 19:05:46 INFO  valid result: 
recall@1 : 0.1413    recall@2 : 0.2348    recall@3 : 0.3023    recall@4 : 0.3457    recall@5 : 0.3778    recall@10 : 0.521    recall@20 : 0.6598    recall@30 : 0.7365    recall@50 : 0.8186    ndcg@1 : 0.2306    ndcg@2 : 0.2587    ndcg@3 : 0.282    ndcg@4 : 0.2965    ndcg@5 : 0.3078    ndcg@10 : 0.3589    ndcg@20 : 0.4005    ndcg@30 : 0.421    ndcg@50 : 0.4405    precision@1 : 0.2306    precision@2 : 0.1985    precision@3 : 0.1754    precision@4 : 0.1538    precision@5 : 0.1372    precision@10 : 0.0992    precision@20 : 0.0656    precision@30 : 0.0503    precision@50 : 0.0344    map@1 : 0.2306    map@2 : 0.2282    map@3 : 0.2356    map@4 : 0.2416    map@5 : 0.2458    map@10 : 0.2687    map@20 : 0.2835    map@30 : 0.2897    map@50 : 0.2944
Sun 15 Mar 2026 19:05:46 INFO  Running E-step ! 
Sun 15 Mar 2026 19:05:50 INFO  epoch 59 training [time: 4.37s, train_loss1: 49.3532, train_loss2: 0.0284, train_loss3: 0.0114, train_loss4: 0.0000]
Sun 15 Mar 2026 19:05:52 INFO  epoch 59 evaluating [time: 1.59s, valid_score: 0.357700]
Sun 15 Mar 2026 19:05:52 INFO  valid result: 
recall@1 : 0.1385    recall@2 : 0.2365    recall@3 : 0.2997    recall@4 : 0.3477    recall@5 : 0.3758    recall@10 : 0.5212    recall@20 : 0.6586    recall@30 : 0.7355    recall@50 : 0.8195    ndcg@1 : 0.2271    ndcg@2 : 0.2574    ndcg@3 : 0.2793    ndcg@4 : 0.2962    ndcg@5 : 0.306    ndcg@10 : 0.3577    ndcg@20 : 0.3989    ndcg@30 : 0.4195    ndcg@50 : 0.4394    precision@1 : 0.2271    precision@2 : 0.1976    precision@3 : 0.1736    precision@4 : 0.1544    precision@5 : 0.1368    precision@10 : 0.0991    precision@20 : 0.0654    precision@30 : 0.0502    precision@50 : 0.0345    map@1 : 0.2271    map@2 : 0.2265    map@3 : 0.2329    map@4 : 0.2403    map@5 : 0.244    map@10 : 0.2672    map@20 : 0.2819    map@30 : 0.2881    map@50 : 0.2928
Sun 15 Mar 2026 19:05:52 INFO  Running E-step ! 
Sun 15 Mar 2026 19:05:56 INFO  epoch 60 training [time: 4.44s, train_loss1: 49.9723, train_loss2: 0.0281, train_loss3: 0.0114, train_loss4: 0.0000]
Sun 15 Mar 2026 19:05:58 INFO  epoch 60 evaluating [time: 1.60s, valid_score: 0.356600]
Sun 15 Mar 2026 19:05:58 INFO  valid result: 
recall@1 : 0.137    recall@2 : 0.2351    recall@3 : 0.2989    recall@4 : 0.3502    recall@5 : 0.3765    recall@10 : 0.52    recall@20 : 0.6531    recall@30 : 0.734    recall@50 : 0.8182    ndcg@1 : 0.2247    ndcg@2 : 0.2561    ndcg@3 : 0.2773    ndcg@4 : 0.2963    ndcg@5 : 0.3053    ndcg@10 : 0.3566    ndcg@20 : 0.3965    ndcg@30 : 0.4182    ndcg@50 : 0.4381    precision@1 : 0.2247    precision@2 : 0.1973    precision@3 : 0.172    precision@4 : 0.1549    precision@5 : 0.1366    precision@10 : 0.0991    precision@20 : 0.065    precision@30 : 0.0501    precision@50 : 0.0344    map@1 : 0.2247    map@2 : 0.2254    map@3 : 0.2313    map@4 : 0.2399    map@5 : 0.2432    map@10 : 0.2662    map@20 : 0.2804    map@30 : 0.2869    map@50 : 0.2916
Sun 15 Mar 2026 19:05:58 INFO  Running E-step ! 
Sun 15 Mar 2026 19:06:03 INFO  epoch 61 training [time: 5.05s, train_loss1: 48.4729, train_loss2: 0.0279, train_loss3: 0.0114, train_loss4: 0.0000]
Sun 15 Mar 2026 19:06:04 INFO  epoch 61 evaluating [time: 1.60s, valid_score: 0.356300]
Sun 15 Mar 2026 19:06:04 INFO  valid result: 
recall@1 : 0.1384    recall@2 : 0.2319    recall@3 : 0.3009    recall@4 : 0.3509    recall@5 : 0.3789    recall@10 : 0.5179    recall@20 : 0.653    recall@30 : 0.7337    recall@50 : 0.8167    ndcg@1 : 0.2265    ndcg@2 : 0.2544    ndcg@3 : 0.2789    ndcg@4 : 0.2969    ndcg@5 : 0.3064    ndcg@10 : 0.3563    ndcg@20 : 0.3969    ndcg@30 : 0.4184    ndcg@50 : 0.4382    precision@1 : 0.2265    precision@2 : 0.1949    precision@3 : 0.1736    precision@4 : 0.1551    precision@5 : 0.1369    precision@10 : 0.0989    precision@20 : 0.065    precision@30 : 0.0501    precision@50 : 0.0344    map@1 : 0.2265    map@2 : 0.2247    map@3 : 0.2326    map@4 : 0.2405    map@5 : 0.2441    map@10 : 0.2664    map@20 : 0.2809    map@30 : 0.2874    map@50 : 0.2921
Sun 15 Mar 2026 19:06:04 INFO  Running E-step ! 
Sun 15 Mar 2026 19:06:09 INFO  epoch 62 training [time: 4.75s, train_loss1: 48.3919, train_loss2: 0.0277, train_loss3: 0.0114, train_loss4: 0.0000]
Sun 15 Mar 2026 19:06:11 INFO  epoch 62 evaluating [time: 1.60s, valid_score: 0.355700]
Sun 15 Mar 2026 19:06:11 INFO  valid result: 
recall@1 : 0.1397    recall@2 : 0.2312    recall@3 : 0.3006    recall@4 : 0.3479    recall@5 : 0.3785    recall@10 : 0.5151    recall@20 : 0.6543    recall@30 : 0.7353    recall@50 : 0.8153    ndcg@1 : 0.2288    ndcg@2 : 0.2545    ndcg@3 : 0.2792    ndcg@4 : 0.2961    ndcg@5 : 0.3068    ndcg@10 : 0.3557    ndcg@20 : 0.3976    ndcg@30 : 0.419    ndcg@50 : 0.4383    precision@1 : 0.2288    precision@2 : 0.1943    precision@3 : 0.1734    precision@4 : 0.1545    precision@5 : 0.1373    precision@10 : 0.0985    precision@20 : 0.065    precision@30 : 0.0501    precision@50 : 0.0344    map@1 : 0.2288    map@2 : 0.2248    map@3 : 0.2328    map@4 : 0.2403    map@5 : 0.2443    map@10 : 0.2663    map@20 : 0.2813    map@30 : 0.2876    map@50 : 0.2923
Sun 15 Mar 2026 19:06:11 INFO  Running E-step ! 
Sun 15 Mar 2026 19:06:16 INFO  epoch 63 training [time: 5.18s, train_loss1: 46.8405, train_loss2: 0.0276, train_loss3: 0.0114, train_loss4: 0.0000]
Sun 15 Mar 2026 19:06:17 INFO  epoch 63 evaluating [time: 1.59s, valid_score: 0.356100]
Sun 15 Mar 2026 19:06:17 INFO  valid result: 
recall@1 : 0.1411    recall@2 : 0.2332    recall@3 : 0.3029    recall@4 : 0.3471    recall@5 : 0.3796    recall@10 : 0.5135    recall@20 : 0.6555    recall@30 : 0.7342    recall@50 : 0.8178    ndcg@1 : 0.2312    ndcg@2 : 0.2575    ndcg@3 : 0.2815    ndcg@4 : 0.297    ndcg@5 : 0.3084    ndcg@10 : 0.3561    ndcg@20 : 0.3986    ndcg@30 : 0.4196    ndcg@50 : 0.4396    precision@1 : 0.2312    precision@2 : 0.1973    precision@3 : 0.1744    precision@4 : 0.1545    precision@5 : 0.1378    precision@10 : 0.0982    precision@20 : 0.065    precision@30 : 0.05    precision@50 : 0.0344    map@1 : 0.2312    map@2 : 0.2277    map@3 : 0.235    map@4 : 0.2415    map@5 : 0.2458    map@10 : 0.2671    map@20 : 0.2823    map@30 : 0.2885    map@50 : 0.2934
Sun 15 Mar 2026 19:06:17 INFO  Running E-step ! 
Sun 15 Mar 2026 19:06:22 INFO  epoch 64 training [time: 4.82s, train_loss1: 45.6310, train_loss2: 0.0274, train_loss3: 0.0114, train_loss4: 0.0000]
Sun 15 Mar 2026 19:06:24 INFO  epoch 64 evaluating [time: 1.60s, valid_score: 0.355200]
Sun 15 Mar 2026 19:06:24 INFO  valid result: 
recall@1 : 0.1406    recall@2 : 0.2316    recall@3 : 0.2996    recall@4 : 0.344    recall@5 : 0.3793    recall@10 : 0.5138    recall@20 : 0.6563    recall@30 : 0.7302    recall@50 : 0.8184    ndcg@1 : 0.2294    ndcg@2 : 0.2552    ndcg@3 : 0.2784    ndcg@4 : 0.294    ndcg@5 : 0.307    ndcg@10 : 0.3552    ndcg@20 : 0.3976    ndcg@30 : 0.4175    ndcg@50 : 0.4386    precision@1 : 0.2294    precision@2 : 0.1949    precision@3 : 0.1716    precision@4 : 0.1518    precision@5 : 0.1371    precision@10 : 0.0983    precision@20 : 0.0651    precision@30 : 0.0498    precision@50 : 0.0345    map@1 : 0.2294    map@2 : 0.2256    map@3 : 0.2325    map@4 : 0.2388    map@5 : 0.2443    map@10 : 0.2659    map@20 : 0.281    map@30 : 0.287    map@50 : 0.2919
Sun 15 Mar 2026 19:06:24 INFO  Running E-step ! 
Sun 15 Mar 2026 19:06:28 INFO  epoch 65 training [time: 4.45s, train_loss1: 45.3655, train_loss2: 0.0272, train_loss3: 0.0114, train_loss4: 0.0000]
Sun 15 Mar 2026 19:06:30 INFO  epoch 65 evaluating [time: 1.59s, valid_score: 0.353800]
Sun 15 Mar 2026 19:06:30 INFO  valid result: 
recall@1 : 0.1379    recall@2 : 0.2293    recall@3 : 0.3015    recall@4 : 0.3444    recall@5 : 0.3803    recall@10 : 0.5138    recall@20 : 0.6544    recall@30 : 0.7293    recall@50 : 0.8155    ndcg@1 : 0.2259    ndcg@2 : 0.2523    ndcg@3 : 0.2779    ndcg@4 : 0.2923    ndcg@5 : 0.3058    ndcg@10 : 0.3538    ndcg@20 : 0.3958    ndcg@30 : 0.4158    ndcg@50 : 0.4365    precision@1 : 0.2259    precision@2 : 0.1934    precision@3 : 0.1722    precision@4 : 0.1509    precision@5 : 0.1367    precision@10 : 0.0982    precision@20 : 0.0649    precision@30 : 0.0496    precision@50 : 0.0343    map@1 : 0.2259    map@2 : 0.2227    map@3 : 0.2313    map@4 : 0.2368    map@5 : 0.2427    map@10 : 0.2642    map@20 : 0.2792    map@30 : 0.2851    map@50 : 0.2901
Sun 15 Mar 2026 19:06:30 INFO  Running E-step ! 
Sun 15 Mar 2026 19:06:34 INFO  epoch 66 training [time: 4.12s, train_loss1: 44.5038, train_loss2: 0.0270, train_loss3: 0.0114, train_loss4: 0.0000]
Sun 15 Mar 2026 19:06:36 INFO  epoch 66 evaluating [time: 1.60s, valid_score: 0.355200]
Sun 15 Mar 2026 19:06:36 INFO  valid result: 
recall@1 : 0.1406    recall@2 : 0.2329    recall@3 : 0.3012    recall@4 : 0.3469    recall@5 : 0.379    recall@10 : 0.513    recall@20 : 0.6547    recall@30 : 0.7301    recall@50 : 0.8165    ndcg@1 : 0.2294    ndcg@2 : 0.2561    ndcg@3 : 0.2795    ndcg@4 : 0.2955    ndcg@5 : 0.3071    ndcg@10 : 0.3552    ndcg@20 : 0.3977    ndcg@30 : 0.4179    ndcg@50 : 0.4386    precision@1 : 0.2294    precision@2 : 0.1958    precision@3 : 0.1724    precision@4 : 0.1524    precision@5 : 0.1365    precision@10 : 0.0977    precision@20 : 0.0648    precision@30 : 0.0497    precision@50 : 0.0344    map@1 : 0.2294    map@2 : 0.2257    map@3 : 0.2329    map@4 : 0.2398    map@5 : 0.2447    map@10 : 0.2662    map@20 : 0.2814    map@30 : 0.2874    map@50 : 0.2923
Sun 15 Mar 2026 19:06:36 INFO  Running E-step ! 
Sun 15 Mar 2026 19:06:40 INFO  epoch 67 training [time: 4.22s, train_loss1: 43.7922, train_loss2: 0.0268, train_loss3: 0.0114, train_loss4: 0.0000]
Sun 15 Mar 2026 19:06:42 INFO  epoch 67 evaluating [time: 1.60s, valid_score: 0.353600]
Sun 15 Mar 2026 19:06:42 INFO  valid result: 
recall@1 : 0.1412    recall@2 : 0.2333    recall@3 : 0.2986    recall@4 : 0.3462    recall@5 : 0.3757    recall@10 : 0.508    recall@20 : 0.6518    recall@30 : 0.7271    recall@50 : 0.8175    ndcg@1 : 0.23    ndcg@2 : 0.257    ndcg@3 : 0.2781    ndcg@4 : 0.2952    ndcg@5 : 0.3056    ndcg@10 : 0.3536    ndcg@20 : 0.3965    ndcg@30 : 0.4168    ndcg@50 : 0.4382    precision@1 : 0.23    precision@2 : 0.1964    precision@3 : 0.1706    precision@4 : 0.1521    precision@5 : 0.1353    precision@10 : 0.0971    precision@20 : 0.0645    precision@30 : 0.0495    precision@50 : 0.0344    map@1 : 0.23    map@2 : 0.2269    map@3 : 0.2322    map@4 : 0.2397    map@5 : 0.2441    map@10 : 0.2655    map@20 : 0.2808    map@30 : 0.2868    map@50 : 0.2919
Sun 15 Mar 2026 19:06:42 INFO  Running E-step ! 
Sun 15 Mar 2026 19:06:46 INFO  epoch 68 training [time: 4.06s, train_loss1: 42.7106, train_loss2: 0.0266, train_loss3: 0.0114, train_loss4: 0.0000]
Sun 15 Mar 2026 19:06:47 INFO  epoch 68 evaluating [time: 1.59s, valid_score: 0.354900]
Sun 15 Mar 2026 19:06:47 INFO  valid result: 
recall@1 : 0.1402    recall@2 : 0.2357    recall@3 : 0.2996    recall@4 : 0.35    recall@5 : 0.3806    recall@10 : 0.511    recall@20 : 0.6535    recall@30 : 0.7282    recall@50 : 0.8165    ndcg@1 : 0.2277    ndcg@2 : 0.258    ndcg@3 : 0.2783    ndcg@4 : 0.2972    ndcg@5 : 0.3079    ndcg@10 : 0.3549    ndcg@20 : 0.3976    ndcg@30 : 0.4177    ndcg@50 : 0.4386    precision@1 : 0.2277    precision@2 : 0.1976    precision@3 : 0.1708    precision@4 : 0.1544    precision@5 : 0.1371    precision@10 : 0.0974    precision@20 : 0.0648    precision@30 : 0.0497    precision@50 : 0.0344    map@1 : 0.2277    map@2 : 0.2277    map@3 : 0.2322    map@4 : 0.2409    map@5 : 0.2452    map@10 : 0.2663    map@20 : 0.2816    map@30 : 0.2876    map@50 : 0.2925
Sun 15 Mar 2026 19:06:47 INFO  Running E-step ! 
Sun 15 Mar 2026 19:06:52 INFO  epoch 69 training [time: 4.38s, train_loss1: 42.5040, train_loss2: 0.0265, train_loss3: 0.0114, train_loss4: 0.0000]
Sun 15 Mar 2026 19:06:53 INFO  epoch 69 evaluating [time: 1.60s, valid_score: 0.353400]
Sun 15 Mar 2026 19:06:53 INFO  valid result: 
recall@1 : 0.1396    recall@2 : 0.2321    recall@3 : 0.2937    recall@4 : 0.3475    recall@5 : 0.3772    recall@10 : 0.5115    recall@20 : 0.6511    recall@30 : 0.7262    recall@50 : 0.8167    ndcg@1 : 0.2271    ndcg@2 : 0.2543    ndcg@3 : 0.2739    ndcg@4 : 0.2944    ndcg@5 : 0.305    ndcg@10 : 0.3534    ndcg@20 : 0.3951    ndcg@30 : 0.4154    ndcg@50 : 0.4367    precision@1 : 0.2271    precision@2 : 0.1937    precision@3 : 0.1675    precision@4 : 0.1526    precision@5 : 0.136    precision@10 : 0.0973    precision@20 : 0.0646    precision@30 : 0.0496    precision@50 : 0.0344    map@1 : 0.2271    map@2 : 0.225    map@3 : 0.2288    map@4 : 0.2383    map@5 : 0.2428    map@10 : 0.2645    map@20 : 0.2794    map@30 : 0.2854    map@50 : 0.2904
Sun 15 Mar 2026 19:06:53 INFO  Running E-step ! 
Sun 15 Mar 2026 19:06:57 INFO  epoch 70 training [time: 4.33s, train_loss1: 43.0314, train_loss2: 0.0264, train_loss3: 0.0114, train_loss4: 0.0000]
Sun 15 Mar 2026 19:06:59 INFO  epoch 70 evaluating [time: 1.59s, valid_score: 0.351400]
Sun 15 Mar 2026 19:06:59 INFO  valid result: 
recall@1 : 0.1413    recall@2 : 0.2282    recall@3 : 0.2922    recall@4 : 0.3436    recall@5 : 0.3735    recall@10 : 0.5079    recall@20 : 0.6472    recall@30 : 0.7241    recall@50 : 0.8148    ndcg@1 : 0.2288    ndcg@2 : 0.2525    ndcg@3 : 0.273    ndcg@4 : 0.2925    ndcg@5 : 0.303    ndcg@10 : 0.3514    ndcg@20 : 0.3933    ndcg@30 : 0.4139    ndcg@50 : 0.4352    precision@1 : 0.2288    precision@2 : 0.1916    precision@3 : 0.1661    precision@4 : 0.1512    precision@5 : 0.1346    precision@10 : 0.0965    precision@20 : 0.0643    precision@30 : 0.0494    precision@50 : 0.0342    map@1 : 0.2288    map@2 : 0.2235    map@3 : 0.2283    map@4 : 0.2373    map@5 : 0.2416    map@10 : 0.263    map@20 : 0.278    map@30 : 0.2841    map@50 : 0.289
Sun 15 Mar 2026 19:06:59 INFO  Running E-step ! 
Sun 15 Mar 2026 19:07:04 INFO  epoch 71 training [time: 5.12s, train_loss1: 42.0929, train_loss2: 0.0262, train_loss3: 0.0114, train_loss4: 0.0000]
Sun 15 Mar 2026 19:07:06 INFO  epoch 71 evaluating [time: 1.58s, valid_score: 0.349400]
Sun 15 Mar 2026 19:07:06 INFO  valid result: 
recall@1 : 0.1394    recall@2 : 0.2274    recall@3 : 0.288    recall@4 : 0.3428    recall@5 : 0.3724    recall@10 : 0.5043    recall@20 : 0.6465    recall@30 : 0.7257    recall@50 : 0.8139    ndcg@1 : 0.2277    ndcg@2 : 0.2513    ndcg@3 : 0.2699    ndcg@4 : 0.2905    ndcg@5 : 0.3012    ndcg@10 : 0.3494    ndcg@20 : 0.3919    ndcg@30 : 0.4129    ndcg@50 : 0.4339    precision@1 : 0.2277    precision@2 : 0.191    precision@3 : 0.1645    precision@4 : 0.1496    precision@5 : 0.1338    precision@10 : 0.0965    precision@20 : 0.0642    precision@30 : 0.0494    precision@50 : 0.0342    map@1 : 0.2277    map@2 : 0.2223    map@3 : 0.2258    map@4 : 0.2349    map@5 : 0.2396    map@10 : 0.2613    map@20 : 0.2764    map@30 : 0.2825    map@50 : 0.2875
Sun 15 Mar 2026 19:07:06 INFO  Running E-step ! 
Sun 15 Mar 2026 19:07:11 INFO  epoch 72 training [time: 5.13s, train_loss1: 40.3773, train_loss2: 0.0260, train_loss3: 0.0114, train_loss4: 0.0000]
Sun 15 Mar 2026 19:07:13 INFO  epoch 72 evaluating [time: 1.59s, valid_score: 0.351800]
Sun 15 Mar 2026 19:07:13 INFO  valid result: 
recall@1 : 0.1411    recall@2 : 0.2299    recall@3 : 0.2911    recall@4 : 0.3403    recall@5 : 0.374    recall@10 : 0.5091    recall@20 : 0.6459    recall@30 : 0.7229    recall@50 : 0.8147    ndcg@1 : 0.2277    ndcg@2 : 0.2538    ndcg@3 : 0.2725    ndcg@4 : 0.2905    ndcg@5 : 0.3032    ndcg@10 : 0.3518    ndcg@20 : 0.3926    ndcg@30 : 0.4133    ndcg@50 : 0.435    precision@1 : 0.2277    precision@2 : 0.1931    precision@3 : 0.1659    precision@4 : 0.1488    precision@5 : 0.1349    precision@10 : 0.097    precision@20 : 0.064    precision@30 : 0.0493    precision@50 : 0.0343    map@1 : 0.2277    map@2 : 0.2242    map@3 : 0.2282    map@4 : 0.2357    map@5 : 0.2414    map@10 : 0.2631    map@20 : 0.2776    map@30 : 0.2838    map@50 : 0.2888
Sun 15 Mar 2026 19:07:13 INFO  Running E-step ! 
Sun 15 Mar 2026 19:07:17 INFO  epoch 73 training [time: 4.83s, train_loss1: 40.2370, train_loss2: 0.0258, train_loss3: 0.0114, train_loss4: 0.0000]
Sun 15 Mar 2026 19:07:19 INFO  epoch 73 evaluating [time: 1.59s, valid_score: 0.350400]
Sun 15 Mar 2026 19:07:19 INFO  valid result: 
recall@1 : 0.1389    recall@2 : 0.2306    recall@3 : 0.2882    recall@4 : 0.3384    recall@5 : 0.3712    recall@10 : 0.5088    recall@20 : 0.6462    recall@30 : 0.7222    recall@50 : 0.8147    ndcg@1 : 0.2271    ndcg@2 : 0.2537    ndcg@3 : 0.2707    ndcg@4 : 0.2892    ndcg@5 : 0.301    ndcg@10 : 0.3504    ndcg@20 : 0.3916    ndcg@30 : 0.412    ndcg@50 : 0.4339    precision@1 : 0.2271    precision@2 : 0.1931    precision@3 : 0.1651    precision@4 : 0.1487    precision@5 : 0.1338    precision@10 : 0.0968    precision@20 : 0.0642    precision@30 : 0.0492    precision@50 : 0.0343    map@1 : 0.2271    map@2 : 0.2238    map@3 : 0.2265    map@4 : 0.2343    map@5 : 0.2393    map@10 : 0.2614    map@20 : 0.2762    map@30 : 0.2821    map@50 : 0.2872
Sun 15 Mar 2026 19:07:19 INFO  Finished training, best eval result in epoch 52
Sun 15 Mar 2026 19:07:19 INFO  Loading model structure and parameters from saved/SCL-Mar-15-2026_18-59-41.pth
Sun 15 Mar 2026 19:07:21 INFO  best valid : OrderedDict([('recall@1', 0.1451), ('recall@2', 0.2385), ('recall@3', 0.2991), ('recall@4', 0.3507), ('recall@5', 0.3855), ('recall@10', 0.5203), ('recall@20', 0.6608), ('recall@30', 0.7376), ('recall@50', 0.8181), ('ndcg@1', 0.2354), ('ndcg@2', 0.2614), ('ndcg@3', 0.2814), ('ndcg@4', 0.3003), ('ndcg@5', 0.3131), ('ndcg@10', 0.3614), ('ndcg@20', 0.4035), ('ndcg@30', 0.4241), ('ndcg@50', 0.4431), ('precision@1', 0.2354), ('precision@2', 0.199), ('precision@3', 0.1732), ('precision@4', 0.1551), ('precision@5', 0.1398), ('precision@10', 0.0996), ('precision@20', 0.0659), ('precision@30', 0.0506), ('precision@50', 0.0345), ('map@1', 0.2354), ('map@2', 0.2311), ('map@3', 0.2363), ('map@4', 0.2445), ('map@5', 0.25), ('map@10', 0.2719), ('map@20', 0.2869), ('map@30', 0.2932), ('map@50', 0.2976)])
Sun 15 Mar 2026 19:07:21 INFO  test result: OrderedDict([('recall@1', 0.1746), ('recall@2', 0.2626), ('recall@3', 0.3215), ('recall@4', 0.3599), ('recall@5', 0.3959), ('recall@10', 0.5225), ('recall@20', 0.6638), ('recall@30', 0.7339), ('recall@50', 0.8168), ('ndcg@1', 0.2955), ('ndcg@2', 0.3062), ('ndcg@3', 0.3209), ('ndcg@4', 0.3307), ('ndcg@5', 0.3418), ('ndcg@10', 0.3842), ('ndcg@20', 0.4252), ('ndcg@30', 0.4435), ('ndcg@50', 0.4622), ('precision@1', 0.2955), ('precision@2', 0.2314), ('precision@3', 0.1956), ('precision@4', 0.1692), ('precision@5', 0.1501), ('precision@10', 0.1024), ('precision@20', 0.0669), ('precision@30', 0.05), ('precision@50', 0.0336), ('map@1', 0.2955), ('map@2', 0.2793), ('map@3', 0.2796), ('map@4', 0.2811), ('map@5', 0.2846), ('map@10', 0.302), ('map@20', 0.3165), ('map@30', 0.3219), ('map@50', 0.326)])
Sun 15 Mar 2026 19:07:21 INFO  training time: 457.2550s
Sun 15 Mar 2026 19:07:21 INFO  result file: results/scl_wo_potential_seed2026.json
