Sun 15 Mar 2026 20:00:45 INFO  
General Hyper Parameters:
gpu_id = 0
use_gpu = True
seed = 2028
state = INFO
reproducibility = True
data_path = ./travel
checkpoint_dir = saved
show_progress = True
save_dataset = False
dataset_save_path = None
save_dataloaders = False
dataloaders_save_path = None
log_wandb = False

Training Hyper Parameters:
epochs = 1000
train_batch_size = 100
learner = adam
learning_rate = 0.001
train_neg_sample_args = {'distribution': 'uniform', 'sample_num': 1, 'alpha': 1.0, 'dynamic': False, 'candidate_num': 0}
eval_step = 1
stopping_step = 20
clip_grad_norm = None
weight_decay = 0.0
loss_decimal_place = 4

Evaluation Hyper Parameters:
eval_args = {'split': {'RS': [0.8, 0.1, 0.1]}, 'order': 'RO', 'group_by': 'user', 'mode': {'valid': 'full', 'test': 'full'}}
repeatable = False
metrics = ['Recall', 'NDCG', 'Precision', 'MAP']
topk = [1, 2, 3, 4, 5, 10, 20, 30, 50]
valid_metric = NDCG@10
valid_metric_bigger = True
eval_batch_size = 100
metric_decimal_place = 4

Dataset Hyper Parameters:
field_separator = 	
seq_separator =  
USER_ID_FIELD = user_id
ITEM_ID_FIELD = item_id
RATING_FIELD = rating
TIME_FIELD = timestamp
seq_len = None
LABEL_FIELD = label
threshold = None
NEG_PREFIX = neg_
load_col = {'inter': ['user_id', 'item_id', 'rating'], 'user': ['user_id', 'post_num', 'follower', 'following', 'timestamp']}
unload_col = None
unused_col = None
additional_feat_suffix = None
rm_dup_inter = None
val_interval = {'rating': '[0,inf)'}
filter_inter_by_user_or_item = True
user_inter_num_interval = [0,inf)
item_inter_num_interval = [0,inf)
alias_of_user_id = None
alias_of_item_id = None
alias_of_entity_id = None
alias_of_relation_id = None
preload_weight = None
normalize_field = None
normalize_all = None
ITEM_LIST_LENGTH_FIELD = item_length
LIST_SUFFIX = _list
MAX_ITEM_LIST_LENGTH = 50
POSITION_FIELD = position_id
HEAD_ENTITY_ID_FIELD = head_id
TAIL_ENTITY_ID_FIELD = tail_id
RELATION_ID_FIELD = relation_id
ENTITY_ID_FIELD = entity_id
benchmark_filename = None

Other Hyper Parameters: 
worker = 0
wandb_project = recbole
shuffle = True
require_pow = False
enable_amp = False
enable_scaler = False
transform = None
numerical_features = []
discretization = None
kg_reverse_r = False
entity_kg_num_interval = [0,inf)
relation_kg_num_interval = [0,inf)
MODEL_TYPE = ModelType.GENERAL
embedding_size = 64
n_layers = 3
reg_weight = 0.0001
smt_latent_dim = 64
ssl_temp = 0.1
ssl_reg = 1e-07
hyper_layers = 1
alpha = 1
potential_reg = 8e-08
semantic_reg = 0.0
num_clusters = 10
m_step = 1
warm_up_step = 20
user_feature_path = features/roberta_user.npy
item_feature_path = features/roberta_item.npy
MODEL_INPUT_TYPE = InputType.PAIRWISE
eval_type = EvaluatorType.RANKING
single_spec = True
local_rank = 0
device = cuda
valid_neg_sample_args = {'distribution': 'uniform', 'sample_num': 'none'}
test_neg_sample_args = {'distribution': 'uniform', 'sample_num': 'none'}


Sun 15 Mar 2026 20:00:45 INFO  travel
The number of users: 2010
Average actions of users: 18.721254355400696
The number of items: 247
Average actions of items: 152.890243902439
The number of inters: 37611
The sparsity of the dataset: 92.42431566862047%
Remain Fields: ['user_id', 'item_id', 'rating', 'post_num', 'follower', 'following', 'timestamp']
Sun 15 Mar 2026 20:00:45 INFO  [Training]: train_batch_size = [100] train_neg_sample_args: [{'distribution': 'uniform', 'sample_num': 1, 'alpha': 1.0, 'dynamic': False, 'candidate_num': 0}]
Sun 15 Mar 2026 20:00:45 INFO  [Evaluation]: eval_batch_size = [100] eval_args: [{'split': {'RS': [0.8, 0.1, 0.1]}, 'order': 'RO', 'group_by': 'user', 'mode': {'valid': 'full', 'test': 'full'}}]
Sun 15 Mar 2026 20:00:47 INFO  SCL(
  (u_MLP): Linear(in_features=1024, out_features=64, bias=True)
  (i_MLP): Linear(in_features=1024, out_features=64, bias=True)
  (user_embedding): Embedding(2010, 64)
  (item_embedding): Embedding(247, 64)
  (mf_loss): BPRLoss()
  (reg_loss): EmbLoss()
)
Trainable parameters: 144448
Sun 15 Mar 2026 20:00:47 INFO  trainable parameters: 144448
Sun 15 Mar 2026 20:00:48 INFO  Running E-step ! 
Sun 15 Mar 2026 20:00:54 INFO  epoch 0 training [time: 6.18s, train_loss1: 157.6367, train_loss2: 0.0389, train_loss3: 0.0000]
Sun 15 Mar 2026 20:00:58 INFO  epoch 0 evaluating [time: 4.38s, valid_score: 0.312100]
Sun 15 Mar 2026 20:00:58 INFO  valid result: 
recall@1 : 0.1164    recall@2 : 0.2055    recall@3 : 0.2684    recall@4 : 0.3057    recall@5 : 0.3458    recall@10 : 0.4632    recall@20 : 0.5995    recall@30 : 0.6688    recall@50 : 0.7721    ndcg@1 : 0.1925    ndcg@2 : 0.2207    ndcg@3 : 0.2426    ndcg@4 : 0.2552    ndcg@5 : 0.2707    ndcg@10 : 0.3121    ndcg@20 : 0.3514    ndcg@30 : 0.3703    ndcg@50 : 0.3949    precision@1 : 0.1925    precision@2 : 0.1666    precision@3 : 0.1458    precision@4 : 0.1293    precision@5 : 0.1198    precision@10 : 0.0852    precision@20 : 0.0566    precision@30 : 0.0439    precision@50 : 0.0315    map@1 : 0.1925    map@2 : 0.1944    map@3 : 0.2012    map@4 : 0.2049    map@5 : 0.2121    map@10 : 0.2292    map@20 : 0.2417    map@30 : 0.2471    map@50 : 0.2524
Sun 15 Mar 2026 20:00:58 INFO  Saving current: saved/SCL-Mar-15-2026_20-00-47.pth
Sun 15 Mar 2026 20:00:58 INFO  Saving current best: saved/SCL-Mar-15-2026_20-00-47.pth
Sun 15 Mar 2026 20:00:58 INFO  Running E-step ! 
Sun 15 Mar 2026 20:01:04 INFO  epoch 1 training [time: 5.62s, train_loss1: 124.5971, train_loss2: 0.0409, train_loss3: 0.0000]
Sun 15 Mar 2026 20:01:08 INFO  epoch 1 evaluating [time: 4.24s, valid_score: 0.313900]
Sun 15 Mar 2026 20:01:08 INFO  valid result: 
recall@1 : 0.119    recall@2 : 0.2047    recall@3 : 0.268    recall@4 : 0.3057    recall@5 : 0.3447    recall@10 : 0.4653    recall@20 : 0.6013    recall@30 : 0.664    recall@50 : 0.7671    ndcg@1 : 0.1967    ndcg@2 : 0.2213    ndcg@3 : 0.2436    ndcg@4 : 0.2565    ndcg@5 : 0.2714    ndcg@10 : 0.3139    ndcg@20 : 0.3528    ndcg@30 : 0.3702    ndcg@50 : 0.3948    precision@1 : 0.1967    precision@2 : 0.166    precision@3 : 0.1462    precision@4 : 0.1302    precision@5 : 0.1199    precision@10 : 0.0858    precision@20 : 0.0569    precision@30 : 0.0437    precision@50 : 0.0314    map@1 : 0.1967    map@2 : 0.1955    map@3 : 0.2025    map@4 : 0.2064    map@5 : 0.2128    map@10 : 0.2307    map@20 : 0.2431    map@30 : 0.2481    map@50 : 0.2535
Sun 15 Mar 2026 20:01:08 INFO  Saving current: saved/SCL-Mar-15-2026_20-00-47.pth
Sun 15 Mar 2026 20:01:08 INFO  Saving current best: saved/SCL-Mar-15-2026_20-00-47.pth
Sun 15 Mar 2026 20:01:08 INFO  Running E-step ! 
Sun 15 Mar 2026 20:01:14 INFO  epoch 2 training [time: 5.79s, train_loss1: 122.2637, train_loss2: 0.0420, train_loss3: 0.0000]
Sun 15 Mar 2026 20:01:18 INFO  epoch 2 evaluating [time: 4.30s, valid_score: 0.311200]
Sun 15 Mar 2026 20:01:18 INFO  valid result: 
recall@1 : 0.1139    recall@2 : 0.2043    recall@3 : 0.2671    recall@4 : 0.3048    recall@5 : 0.3458    recall@10 : 0.4624    recall@20 : 0.6016    recall@30 : 0.6635    recall@50 : 0.7607    ndcg@1 : 0.1901    ndcg@2 : 0.2196    ndcg@3 : 0.2408    ndcg@4 : 0.2539    ndcg@5 : 0.2696    ndcg@10 : 0.3112    ndcg@20 : 0.351    ndcg@30 : 0.3681    ndcg@50 : 0.3915    precision@1 : 0.1901    precision@2 : 0.1669    precision@3 : 0.1452    precision@4 : 0.1296    precision@5 : 0.12    precision@10 : 0.0859    precision@20 : 0.0571    precision@30 : 0.0439    precision@50 : 0.0313    map@1 : 0.1901    map@2 : 0.1928    map@3 : 0.1991    map@4 : 0.2033    map@5 : 0.2102    map@10 : 0.2278    map@20 : 0.2404    map@30 : 0.2454    map@50 : 0.2505
Sun 15 Mar 2026 20:01:18 INFO  Running E-step ! 
Sun 15 Mar 2026 20:01:24 INFO  epoch 3 training [time: 6.05s, train_loss1: 121.4934, train_loss2: 0.0432, train_loss3: 0.0000]
Sun 15 Mar 2026 20:01:29 INFO  epoch 3 evaluating [time: 4.40s, valid_score: 0.313800]
Sun 15 Mar 2026 20:01:29 INFO  valid result: 
recall@1 : 0.1194    recall@2 : 0.204    recall@3 : 0.2668    recall@4 : 0.304    recall@5 : 0.344    recall@10 : 0.4648    recall@20 : 0.6015    recall@30 : 0.6646    recall@50 : 0.758    ndcg@1 : 0.1979    ndcg@2 : 0.222    ndcg@3 : 0.2431    ndcg@4 : 0.2558    ndcg@5 : 0.271    ndcg@10 : 0.3138    ndcg@20 : 0.3532    ndcg@30 : 0.3706    ndcg@50 : 0.3931    precision@1 : 0.1979    precision@2 : 0.1672    precision@3 : 0.1454    precision@4 : 0.1293    precision@5 : 0.1194    precision@10 : 0.0859    precision@20 : 0.0573    precision@30 : 0.044    precision@50 : 0.0313    map@1 : 0.1979    map@2 : 0.1959    map@3 : 0.202    map@4 : 0.2061    map@5 : 0.2125    map@10 : 0.2305    map@20 : 0.2432    map@30 : 0.2482    map@50 : 0.2532
Sun 15 Mar 2026 20:01:29 INFO  Running E-step ! 
Sun 15 Mar 2026 20:01:35 INFO  epoch 4 training [time: 5.97s, train_loss1: 120.7119, train_loss2: 0.0445, train_loss3: 0.0000]
Sun 15 Mar 2026 20:01:39 INFO  epoch 4 evaluating [time: 4.27s, valid_score: 0.312900]
Sun 15 Mar 2026 20:01:39 INFO  valid result: 
recall@1 : 0.1188    recall@2 : 0.2037    recall@3 : 0.2675    recall@4 : 0.3041    recall@5 : 0.3441    recall@10 : 0.4623    recall@20 : 0.6018    recall@30 : 0.6634    recall@50 : 0.759    ndcg@1 : 0.1973    ndcg@2 : 0.2211    ndcg@3 : 0.243    ndcg@4 : 0.2557    ndcg@5 : 0.2708    ndcg@10 : 0.3129    ndcg@20 : 0.353    ndcg@30 : 0.3701    ndcg@50 : 0.393    precision@1 : 0.1973    precision@2 : 0.1663    precision@3 : 0.1456    precision@4 : 0.1298    precision@5 : 0.1194    precision@10 : 0.0856    precision@20 : 0.0574    precision@30 : 0.0439    precision@50 : 0.0313    map@1 : 0.1973    map@2 : 0.195    map@3 : 0.2014    map@4 : 0.2054    map@5 : 0.2121    map@10 : 0.2299    map@20 : 0.2429    map@30 : 0.2477    map@50 : 0.2528
Sun 15 Mar 2026 20:01:39 INFO  Running E-step ! 
Sun 15 Mar 2026 20:01:45 INFO  epoch 5 training [time: 5.86s, train_loss1: 120.6376, train_loss2: 0.0462, train_loss3: 0.0000]
Sun 15 Mar 2026 20:01:49 INFO  epoch 5 evaluating [time: 4.39s, valid_score: 0.313300]
Sun 15 Mar 2026 20:01:49 INFO  valid result: 
recall@1 : 0.1184    recall@2 : 0.2046    recall@3 : 0.2683    recall@4 : 0.3048    recall@5 : 0.3424    recall@10 : 0.4645    recall@20 : 0.6027    recall@30 : 0.6652    recall@50 : 0.7589    ndcg@1 : 0.1961    ndcg@2 : 0.2217    ndcg@3 : 0.2435    ndcg@4 : 0.2558    ndcg@5 : 0.2703    ndcg@10 : 0.3133    ndcg@20 : 0.3532    ndcg@30 : 0.3703    ndcg@50 : 0.3929    precision@1 : 0.1961    precision@2 : 0.1672    precision@3 : 0.146    precision@4 : 0.1295    precision@5 : 0.1194    precision@10 : 0.0857    precision@20 : 0.0574    precision@30 : 0.044    precision@50 : 0.0313    map@1 : 0.1961    map@2 : 0.1955    map@3 : 0.202    map@4 : 0.2058    map@5 : 0.2121    map@10 : 0.2301    map@20 : 0.243    map@30 : 0.2479    map@50 : 0.2529
Sun 15 Mar 2026 20:01:49 INFO  Running E-step ! 
Sun 15 Mar 2026 20:01:55 INFO  epoch 6 training [time: 6.03s, train_loss1: 119.0607, train_loss2: 0.0476, train_loss3: 0.0000]
Sun 15 Mar 2026 20:02:00 INFO  epoch 6 evaluating [time: 4.33s, valid_score: 0.312500]
Sun 15 Mar 2026 20:02:00 INFO  valid result: 
recall@1 : 0.1189    recall@2 : 0.205    recall@3 : 0.2699    recall@4 : 0.3028    recall@5 : 0.3425    recall@10 : 0.4602    recall@20 : 0.6023    recall@30 : 0.6645    recall@50 : 0.7605    ndcg@1 : 0.1973    ndcg@2 : 0.2216    ndcg@3 : 0.2447    ndcg@4 : 0.2552    ndcg@5 : 0.2706    ndcg@10 : 0.3125    ndcg@20 : 0.3534    ndcg@30 : 0.3704    ndcg@50 : 0.3935    precision@1 : 0.1973    precision@2 : 0.1663    precision@3 : 0.1472    precision@4 : 0.1287    precision@5 : 0.1194    precision@10 : 0.0855    precision@20 : 0.0576    precision@30 : 0.044    precision@50 : 0.0314    map@1 : 0.1973    map@2 : 0.1956    map@3 : 0.2028    map@4 : 0.2056    map@5 : 0.2124    map@10 : 0.23    map@20 : 0.2433    map@30 : 0.2481    map@50 : 0.2533
Sun 15 Mar 2026 20:02:00 INFO  Running E-step ! 
Sun 15 Mar 2026 20:02:06 INFO  epoch 7 training [time: 6.08s, train_loss1: 118.0987, train_loss2: 0.0490, train_loss3: 0.0000]
Sun 15 Mar 2026 20:02:10 INFO  epoch 7 evaluating [time: 4.44s, valid_score: 0.314700]
Sun 15 Mar 2026 20:02:10 INFO  valid result: 
recall@1 : 0.1202    recall@2 : 0.2044    recall@3 : 0.2681    recall@4 : 0.3066    recall@5 : 0.3421    recall@10 : 0.4662    recall@20 : 0.6023    recall@30 : 0.6642    recall@50 : 0.7588    ndcg@1 : 0.199    ndcg@2 : 0.2223    ndcg@3 : 0.2444    ndcg@4 : 0.2575    ndcg@5 : 0.2711    ndcg@10 : 0.3147    ndcg@20 : 0.3541    ndcg@30 : 0.3711    ndcg@50 : 0.3938    precision@1 : 0.199    precision@2 : 0.1669    precision@3 : 0.1464    precision@4 : 0.1304    precision@5 : 0.1195    precision@10 : 0.0861    precision@20 : 0.0577    precision@30 : 0.0441    precision@50 : 0.0313    map@1 : 0.199    map@2 : 0.1962    map@3 : 0.2027    map@4 : 0.2071    map@5 : 0.2128    map@10 : 0.2311    map@20 : 0.244    map@30 : 0.2488    map@50 : 0.2538
Sun 15 Mar 2026 20:02:10 INFO  Saving current: saved/SCL-Mar-15-2026_20-00-47.pth
Sun 15 Mar 2026 20:02:10 INFO  Saving current best: saved/SCL-Mar-15-2026_20-00-47.pth
Sun 15 Mar 2026 20:02:10 INFO  Running E-step ! 
Sun 15 Mar 2026 20:02:16 INFO  epoch 8 training [time: 5.81s, train_loss1: 117.9606, train_loss2: 0.0505, train_loss3: 0.0000]
Sun 15 Mar 2026 20:02:20 INFO  epoch 8 evaluating [time: 4.42s, valid_score: 0.315000]
Sun 15 Mar 2026 20:02:20 INFO  valid result: 
recall@1 : 0.1206    recall@2 : 0.2024    recall@3 : 0.268    recall@4 : 0.3083    recall@5 : 0.3463    recall@10 : 0.4659    recall@20 : 0.6016    recall@30 : 0.6679    recall@50 : 0.7607    ndcg@1 : 0.1996    ndcg@2 : 0.2206    ndcg@3 : 0.2441    ndcg@4 : 0.2582    ndcg@5 : 0.2728    ndcg@10 : 0.315    ndcg@20 : 0.3545    ndcg@30 : 0.3726    ndcg@50 : 0.3947    precision@1 : 0.1996    precision@2 : 0.1648    precision@3 : 0.1464    precision@4 : 0.131    precision@5 : 0.1207    precision@10 : 0.0862    precision@20 : 0.0579    precision@30 : 0.0445    precision@50 : 0.0314    map@1 : 0.1996    map@2 : 0.195    map@3 : 0.2026    map@4 : 0.2074    map@5 : 0.2138    map@10 : 0.2316    map@20 : 0.2445    map@30 : 0.2496    map@50 : 0.2545
Sun 15 Mar 2026 20:02:20 INFO  Saving current: saved/SCL-Mar-15-2026_20-00-47.pth
Sun 15 Mar 2026 20:02:20 INFO  Saving current best: saved/SCL-Mar-15-2026_20-00-47.pth
Sun 15 Mar 2026 20:02:20 INFO  Running E-step ! 
Sun 15 Mar 2026 20:02:27 INFO  epoch 9 training [time: 6.35s, train_loss1: 115.8996, train_loss2: 0.0512, train_loss3: 0.0000]
Sun 15 Mar 2026 20:02:31 INFO  epoch 9 evaluating [time: 4.38s, valid_score: 0.314900]
Sun 15 Mar 2026 20:02:31 INFO  valid result: 
recall@1 : 0.118    recall@2 : 0.2047    recall@3 : 0.27    recall@4 : 0.3089    recall@5 : 0.3444    recall@10 : 0.4676    recall@20 : 0.603    recall@30 : 0.6743    recall@50 : 0.7714    ndcg@1 : 0.1961    ndcg@2 : 0.2215    ndcg@3 : 0.2443    ndcg@4 : 0.2579    ndcg@5 : 0.2716    ndcg@10 : 0.3149    ndcg@20 : 0.3545    ndcg@30 : 0.3739    ndcg@50 : 0.3967    precision@1 : 0.1961    precision@2 : 0.1669    precision@3 : 0.147    precision@4 : 0.1311    precision@5 : 0.1205    precision@10 : 0.0865    precision@20 : 0.0582    precision@30 : 0.0451    precision@50 : 0.0318    map@1 : 0.1961    map@2 : 0.1952    map@3 : 0.2024    map@4 : 0.207    map@5 : 0.2128    map@10 : 0.2309    map@20 : 0.2441    map@30 : 0.2496    map@50 : 0.2545
Sun 15 Mar 2026 20:02:31 INFO  Running E-step ! 
Sun 15 Mar 2026 20:02:37 INFO  epoch 10 training [time: 6.38s, train_loss1: 114.2448, train_loss2: 0.0514, train_loss3: 0.0000]
Sun 15 Mar 2026 20:02:42 INFO  epoch 10 evaluating [time: 4.44s, valid_score: 0.316500]
Sun 15 Mar 2026 20:02:42 INFO  valid result: 
recall@1 : 0.1196    recall@2 : 0.2059    recall@3 : 0.2718    recall@4 : 0.3091    recall@5 : 0.3471    recall@10 : 0.4692    recall@20 : 0.6058    recall@30 : 0.6798    recall@50 : 0.7743    ndcg@1 : 0.1967    ndcg@2 : 0.2227    ndcg@3 : 0.2462    ndcg@4 : 0.2589    ndcg@5 : 0.2733    ndcg@10 : 0.3165    ndcg@20 : 0.3568    ndcg@30 : 0.3768    ndcg@50 : 0.3991    precision@1 : 0.1967    precision@2 : 0.1678    precision@3 : 0.1484    precision@4 : 0.1314    precision@5 : 0.1207    precision@10 : 0.0866    precision@20 : 0.0587    precision@30 : 0.0455    precision@50 : 0.032    map@1 : 0.1967    map@2 : 0.1965    map@3 : 0.2042    map@4 : 0.208    map@5 : 0.2145    map@10 : 0.2325    map@20 : 0.2461    map@30 : 0.2518    map@50 : 0.2567
Sun 15 Mar 2026 20:02:42 INFO  Saving current: saved/SCL-Mar-15-2026_20-00-47.pth
Sun 15 Mar 2026 20:02:42 INFO  Saving current best: saved/SCL-Mar-15-2026_20-00-47.pth
Sun 15 Mar 2026 20:02:42 INFO  Running E-step ! 
Sun 15 Mar 2026 20:02:48 INFO  epoch 11 training [time: 6.06s, train_loss1: 113.3409, train_loss2: 0.0511, train_loss3: 0.0000]
Sun 15 Mar 2026 20:02:52 INFO  epoch 11 evaluating [time: 4.32s, valid_score: 0.317500]
Sun 15 Mar 2026 20:02:52 INFO  valid result: 
recall@1 : 0.1161    recall@2 : 0.2087    recall@3 : 0.2729    recall@4 : 0.3028    recall@5 : 0.3443    recall@10 : 0.4737    recall@20 : 0.6115    recall@30 : 0.6867    recall@50 : 0.783    ndcg@1 : 0.1943    ndcg@2 : 0.2252    ndcg@3 : 0.2471    ndcg@4 : 0.2562    ndcg@5 : 0.2718    ndcg@10 : 0.3175    ndcg@20 : 0.3581    ndcg@30 : 0.3783    ndcg@50 : 0.401    precision@1 : 0.1943    precision@2 : 0.1719    precision@3 : 0.1504    precision@4 : 0.1308    precision@5 : 0.121    precision@10 : 0.088    precision@20 : 0.0596    precision@30 : 0.046    precision@50 : 0.0324    map@1 : 0.1943    map@2 : 0.198    map@3 : 0.2044    map@4 : 0.206    map@5 : 0.2129    map@10 : 0.2321    map@20 : 0.2458    map@30 : 0.2515    map@50 : 0.2566
Sun 15 Mar 2026 20:02:52 INFO  Saving current: saved/SCL-Mar-15-2026_20-00-47.pth
Sun 15 Mar 2026 20:02:52 INFO  Saving current best: saved/SCL-Mar-15-2026_20-00-47.pth
Sun 15 Mar 2026 20:02:52 INFO  Running E-step ! 
Sun 15 Mar 2026 20:02:59 INFO  epoch 12 training [time: 6.21s, train_loss1: 110.0654, train_loss2: 0.0505, train_loss3: 0.0000]
Sun 15 Mar 2026 20:03:03 INFO  epoch 12 evaluating [time: 4.30s, valid_score: 0.318500]
Sun 15 Mar 2026 20:03:03 INFO  valid result: 
recall@1 : 0.1168    recall@2 : 0.2091    recall@3 : 0.2764    recall@4 : 0.3035    recall@5 : 0.3483    recall@10 : 0.4735    recall@20 : 0.6171    recall@30 : 0.6931    recall@50 : 0.7891    ndcg@1 : 0.1961    ndcg@2 : 0.2261    ndcg@3 : 0.2501    ndcg@4 : 0.2571    ndcg@5 : 0.2741    ndcg@10 : 0.3185    ndcg@20 : 0.3611    ndcg@30 : 0.3812    ndcg@50 : 0.404    precision@1 : 0.1961    precision@2 : 0.1722    precision@3 : 0.1534    precision@4 : 0.1307    precision@5 : 0.1218    precision@10 : 0.0883    precision@20 : 0.0607    precision@30 : 0.0465    precision@50 : 0.0328    map@1 : 0.1961    map@2 : 0.1992    map@3 : 0.2066    map@4 : 0.207    map@5 : 0.2146    map@10 : 0.2331    map@20 : 0.2478    map@30 : 0.2534    map@50 : 0.2586
Sun 15 Mar 2026 20:03:03 INFO  Saving current: saved/SCL-Mar-15-2026_20-00-47.pth
Sun 15 Mar 2026 20:03:03 INFO  Saving current best: saved/SCL-Mar-15-2026_20-00-47.pth
Sun 15 Mar 2026 20:03:03 INFO  Running E-step ! 
Sun 15 Mar 2026 20:03:09 INFO  epoch 13 training [time: 6.04s, train_loss1: 107.1379, train_loss2: 0.0497, train_loss3: 0.0000]
Sun 15 Mar 2026 20:03:13 INFO  epoch 13 evaluating [time: 4.18s, valid_score: 0.319400]
Sun 15 Mar 2026 20:03:13 INFO  valid result: 
recall@1 : 0.1169    recall@2 : 0.21    recall@3 : 0.2735    recall@4 : 0.3078    recall@5 : 0.344    recall@10 : 0.4734    recall@20 : 0.6231    recall@30 : 0.6986    recall@50 : 0.7933    ndcg@1 : 0.1985    ndcg@2 : 0.2288    ndcg@3 : 0.2492    ndcg@4 : 0.2602    ndcg@5 : 0.2735    ndcg@10 : 0.3194    ndcg@20 : 0.3636    ndcg@30 : 0.3836    ndcg@50 : 0.4062    precision@1 : 0.1985    precision@2 : 0.1755    precision@3 : 0.1524    precision@4 : 0.1338    precision@5 : 0.1219    precision@10 : 0.0887    precision@20 : 0.0613    precision@30 : 0.0469    precision@50 : 0.033    map@1 : 0.1985    map@2 : 0.2019    map@3 : 0.2065    map@4 : 0.2091    map@5 : 0.2148    map@10 : 0.2341    map@20 : 0.2494    map@30 : 0.2549    map@50 : 0.2601
Sun 15 Mar 2026 20:03:13 INFO  Saving current: saved/SCL-Mar-15-2026_20-00-47.pth
Sun 15 Mar 2026 20:03:13 INFO  Saving current best: saved/SCL-Mar-15-2026_20-00-47.pth
Sun 15 Mar 2026 20:03:13 INFO  Running E-step ! 
Sun 15 Mar 2026 20:03:19 INFO  epoch 14 training [time: 6.08s, train_loss1: 105.8127, train_loss2: 0.0489, train_loss3: 0.0000]
Sun 15 Mar 2026 20:03:23 INFO  epoch 14 evaluating [time: 4.30s, valid_score: 0.323400]
Sun 15 Mar 2026 20:03:23 INFO  valid result: 
recall@1 : 0.122    recall@2 : 0.2104    recall@3 : 0.2711    recall@4 : 0.3076    recall@5 : 0.3437    recall@10 : 0.4796    recall@20 : 0.6279    recall@30 : 0.7042    recall@50 : 0.7954    ndcg@1 : 0.202    ndcg@2 : 0.2301    ndcg@3 : 0.2499    ndcg@4 : 0.2615    ndcg@5 : 0.275    ndcg@10 : 0.3234    ndcg@20 : 0.3671    ndcg@30 : 0.3875    ndcg@50 : 0.4091    precision@1 : 0.202    precision@2 : 0.1752    precision@3 : 0.152    precision@4 : 0.1333    precision@5 : 0.1222    precision@10 : 0.0902    precision@20 : 0.0618    precision@30 : 0.0475    precision@50 : 0.0331    map@1 : 0.202    map@2 : 0.2031    map@3 : 0.2081    map@4 : 0.2111    map@5 : 0.217    map@10 : 0.2378    map@20 : 0.2528    map@30 : 0.2586    map@50 : 0.2635
Sun 15 Mar 2026 20:03:23 INFO  Saving current: saved/SCL-Mar-15-2026_20-00-47.pth
Sun 15 Mar 2026 20:03:23 INFO  Saving current best: saved/SCL-Mar-15-2026_20-00-47.pth
Sun 15 Mar 2026 20:03:23 INFO  Running E-step ! 
Sun 15 Mar 2026 20:03:30 INFO  epoch 15 training [time: 6.06s, train_loss1: 102.5043, train_loss2: 0.0481, train_loss3: 0.0000]
Sun 15 Mar 2026 20:03:34 INFO  epoch 15 evaluating [time: 4.45s, valid_score: 0.325800]
Sun 15 Mar 2026 20:03:34 INFO  valid result: 
recall@1 : 0.121    recall@2 : 0.2113    recall@3 : 0.2752    recall@4 : 0.3091    recall@5 : 0.3489    recall@10 : 0.4844    recall@20 : 0.63    recall@30 : 0.7123    recall@50 : 0.7959    ndcg@1 : 0.202    ndcg@2 : 0.2315    ndcg@3 : 0.2529    ndcg@4 : 0.2633    ndcg@5 : 0.2774    ndcg@10 : 0.3258    ndcg@20 : 0.3687    ndcg@30 : 0.3903    ndcg@50 : 0.4105    precision@1 : 0.202    precision@2 : 0.1773    precision@3 : 0.1551    precision@4 : 0.1356    precision@5 : 0.1231    precision@10 : 0.0912    precision@20 : 0.0621    precision@30 : 0.048    precision@50 : 0.0332    map@1 : 0.202    map@2 : 0.2038    map@3 : 0.2096    map@4 : 0.2123    map@5 : 0.2182    map@10 : 0.2391    map@20 : 0.2539    map@30 : 0.26    map@50 : 0.2647
Sun 15 Mar 2026 20:03:34 INFO  Saving current: saved/SCL-Mar-15-2026_20-00-47.pth
Sun 15 Mar 2026 20:03:34 INFO  Saving current best: saved/SCL-Mar-15-2026_20-00-47.pth
Sun 15 Mar 2026 20:03:34 INFO  Running E-step ! 
Sun 15 Mar 2026 20:03:40 INFO  epoch 16 training [time: 5.66s, train_loss1: 101.4040, train_loss2: 0.0474, train_loss3: 0.0000]
Sun 15 Mar 2026 20:03:44 INFO  epoch 16 evaluating [time: 4.36s, valid_score: 0.326900]
Sun 15 Mar 2026 20:03:44 INFO  valid result: 
recall@1 : 0.1184    recall@2 : 0.2142    recall@3 : 0.2754    recall@4 : 0.3111    recall@5 : 0.3495    recall@10 : 0.4877    recall@20 : 0.631    recall@30 : 0.7078    recall@50 : 0.7954    ndcg@1 : 0.2008    ndcg@2 : 0.232    ndcg@3 : 0.2526    ndcg@4 : 0.2637    ndcg@5 : 0.278    ndcg@10 : 0.3269    ndcg@20 : 0.3692    ndcg@30 : 0.3896    ndcg@50 : 0.4105    precision@1 : 0.2008    precision@2 : 0.1779    precision@3 : 0.1557    precision@4 : 0.1362    precision@5 : 0.1249    precision@10 : 0.0921    precision@20 : 0.0624    precision@30 : 0.0479    precision@50 : 0.0331    map@1 : 0.2008    map@2 : 0.2038    map@3 : 0.2095    map@4 : 0.2124    map@5 : 0.2186    map@10 : 0.2397    map@20 : 0.2542    map@30 : 0.2601    map@50 : 0.2649
Sun 15 Mar 2026 20:03:44 INFO  Saving current: saved/SCL-Mar-15-2026_20-00-47.pth
Sun 15 Mar 2026 20:03:44 INFO  Saving current best: saved/SCL-Mar-15-2026_20-00-47.pth
Sun 15 Mar 2026 20:03:44 INFO  Running E-step ! 
Sun 15 Mar 2026 20:03:50 INFO  epoch 17 training [time: 6.11s, train_loss1: 101.0155, train_loss2: 0.0468, train_loss3: 0.0000]
Sun 15 Mar 2026 20:03:55 INFO  epoch 17 evaluating [time: 4.44s, valid_score: 0.329200]
Sun 15 Mar 2026 20:03:55 INFO  valid result: 
recall@1 : 0.1207    recall@2 : 0.2136    recall@3 : 0.2761    recall@4 : 0.315    recall@5 : 0.3524    recall@10 : 0.4891    recall@20 : 0.6344    recall@30 : 0.7113    recall@50 : 0.7996    ndcg@1 : 0.2044    ndcg@2 : 0.2334    ndcg@3 : 0.2543    ndcg@4 : 0.2668    ndcg@5 : 0.2802    ndcg@10 : 0.3292    ndcg@20 : 0.3718    ndcg@30 : 0.3924    ndcg@50 : 0.4134    precision@1 : 0.2044    precision@2 : 0.1788    precision@3 : 0.1571    precision@4 : 0.1383    precision@5 : 0.1254    precision@10 : 0.0925    precision@20 : 0.0625    precision@30 : 0.0481    precision@50 : 0.0333    map@1 : 0.2044    map@2 : 0.2052    map@3 : 0.2109    map@4 : 0.2148    map@5 : 0.2203    map@10 : 0.2418    map@20 : 0.2564    map@30 : 0.2624    map@50 : 0.2672
Sun 15 Mar 2026 20:03:55 INFO  Saving current: saved/SCL-Mar-15-2026_20-00-47.pth
Sun 15 Mar 2026 20:03:55 INFO  Saving current best: saved/SCL-Mar-15-2026_20-00-47.pth
Sun 15 Mar 2026 20:03:55 INFO  Running E-step ! 
Sun 15 Mar 2026 20:04:01 INFO  epoch 18 training [time: 6.13s, train_loss1: 99.0844, train_loss2: 0.0462, train_loss3: 0.0000]
Sun 15 Mar 2026 20:04:05 INFO  epoch 18 evaluating [time: 4.39s, valid_score: 0.336200]
Sun 15 Mar 2026 20:04:05 INFO  valid result: 
recall@1 : 0.1297    recall@2 : 0.2173    recall@3 : 0.2799    recall@4 : 0.321    recall@5 : 0.3596    recall@10 : 0.4952    recall@20 : 0.6319    recall@30 : 0.7103    recall@50 : 0.8008    ndcg@1 : 0.2151    ndcg@2 : 0.239    ndcg@3 : 0.2608    ndcg@4 : 0.2736    ndcg@5 : 0.2881    ndcg@10 : 0.3362    ndcg@20 : 0.3766    ndcg@30 : 0.3976    ndcg@50 : 0.419    precision@1 : 0.2151    precision@2 : 0.1806    precision@3 : 0.1599    precision@4 : 0.14    precision@5 : 0.1284    precision@10 : 0.0934    precision@20 : 0.0624    precision@30 : 0.0482    precision@50 : 0.0334    map@1 : 0.2151    map@2 : 0.2114    map@3 : 0.2181    map@4 : 0.2216    map@5 : 0.228    map@10 : 0.2492    map@20 : 0.263    map@30 : 0.2693    map@50 : 0.274
Sun 15 Mar 2026 20:04:05 INFO  Saving current: saved/SCL-Mar-15-2026_20-00-47.pth
Sun 15 Mar 2026 20:04:05 INFO  Saving current best: saved/SCL-Mar-15-2026_20-00-47.pth
Sun 15 Mar 2026 20:04:05 INFO  Running E-step ! 
Sun 15 Mar 2026 20:04:12 INFO  epoch 19 training [time: 6.46s, train_loss1: 97.5375, train_loss2: 0.0455, train_loss3: 0.0000]
Sun 15 Mar 2026 20:04:16 INFO  epoch 19 evaluating [time: 4.44s, valid_score: 0.335500]
Sun 15 Mar 2026 20:04:16 INFO  valid result: 
recall@1 : 0.1269    recall@2 : 0.2199    recall@3 : 0.2785    recall@4 : 0.3247    recall@5 : 0.3574    recall@10 : 0.4937    recall@20 : 0.6342    recall@30 : 0.7127    recall@50 : 0.8008    ndcg@1 : 0.2116    ndcg@2 : 0.24    ndcg@3 : 0.2595    ndcg@4 : 0.275    ndcg@5 : 0.2869    ndcg@10 : 0.3355    ndcg@20 : 0.3768    ndcg@30 : 0.3981    ndcg@50 : 0.419    precision@1 : 0.2116    precision@2 : 0.183    precision@3 : 0.1601    precision@4 : 0.1423    precision@5 : 0.1285    precision@10 : 0.0934    precision@20 : 0.0625    precision@30 : 0.0484    precision@50 : 0.0334    map@1 : 0.2116    map@2 : 0.2117    map@3 : 0.2165    map@4 : 0.2219    map@5 : 0.2268    map@10 : 0.2485    map@20 : 0.2627    map@30 : 0.269    map@50 : 0.2737
Sun 15 Mar 2026 20:04:16 INFO  Running E-step ! 
Sun 15 Mar 2026 20:04:22 INFO  epoch 20 training [time: 6.04s, train_loss1: 95.4898, train_loss2: 0.0448, train_loss3: 0.0000, train_loss4: 0.0039]
Sun 15 Mar 2026 20:04:26 INFO  epoch 20 evaluating [time: 4.15s, valid_score: 0.336500]
Sun 15 Mar 2026 20:04:26 INFO  valid result: 
recall@1 : 0.1273    recall@2 : 0.2214    recall@3 : 0.2767    recall@4 : 0.3215    recall@5 : 0.3579    recall@10 : 0.4957    recall@20 : 0.637    recall@30 : 0.7152    recall@50 : 0.8    ndcg@1 : 0.2122    ndcg@2 : 0.2417    ndcg@3 : 0.2597    ndcg@4 : 0.2744    ndcg@5 : 0.2877    ndcg@10 : 0.3365    ndcg@20 : 0.378    ndcg@30 : 0.3991    ndcg@50 : 0.4194    precision@1 : 0.2122    precision@2 : 0.1847    precision@3 : 0.1609    precision@4 : 0.1427    precision@5 : 0.1293    precision@10 : 0.0937    precision@20 : 0.0628    precision@30 : 0.0485    precision@50 : 0.0335    map@1 : 0.2122    map@2 : 0.2132    map@3 : 0.217    map@4 : 0.2221    map@5 : 0.2277    map@10 : 0.2491    map@20 : 0.2635    map@30 : 0.2696    map@50 : 0.2743
Sun 15 Mar 2026 20:04:26 INFO  Saving current: saved/SCL-Mar-15-2026_20-00-47.pth
Sun 15 Mar 2026 20:04:26 INFO  Saving current best: saved/SCL-Mar-15-2026_20-00-47.pth
Sun 15 Mar 2026 20:04:26 INFO  Running E-step ! 
Sun 15 Mar 2026 20:04:32 INFO  epoch 21 training [time: 5.73s, train_loss1: 95.3404, train_loss2: 0.0442, train_loss3: 0.0000, train_loss4: 0.0035]
Sun 15 Mar 2026 20:04:34 INFO  epoch 21 evaluating [time: 1.61s, valid_score: 0.340100]
Sun 15 Mar 2026 20:04:34 INFO  valid result: 
recall@1 : 0.1316    recall@2 : 0.2266    recall@3 : 0.2805    recall@4 : 0.3262    recall@5 : 0.362    recall@10 : 0.4974    recall@20 : 0.6393    recall@30 : 0.7166    recall@50 : 0.8034    ndcg@1 : 0.2157    ndcg@2 : 0.2474    ndcg@3 : 0.2639    ndcg@4 : 0.2794    ndcg@5 : 0.2923    ndcg@10 : 0.3401    ndcg@20 : 0.3818    ndcg@30 : 0.4028    ndcg@50 : 0.4234    precision@1 : 0.2157    precision@2 : 0.1892    precision@3 : 0.1623    precision@4 : 0.1448    precision@5 : 0.1308    precision@10 : 0.0939    precision@20 : 0.063    precision@30 : 0.0487    precision@50 : 0.0336    map@1 : 0.2157    map@2 : 0.2183    map@3 : 0.2211    map@4 : 0.2267    map@5 : 0.2324    map@10 : 0.2532    map@20 : 0.2675    map@30 : 0.2737    map@50 : 0.2785
Sun 15 Mar 2026 20:04:34 INFO  Saving current: saved/SCL-Mar-15-2026_20-00-47.pth
Sun 15 Mar 2026 20:04:34 INFO  Saving current best: saved/SCL-Mar-15-2026_20-00-47.pth
Sun 15 Mar 2026 20:04:34 INFO  Running E-step ! 
Sun 15 Mar 2026 20:04:38 INFO  epoch 22 training [time: 4.40s, train_loss1: 91.1187, train_loss2: 0.0436, train_loss3: 0.0000, train_loss4: 0.0035]
Sun 15 Mar 2026 20:04:40 INFO  epoch 22 evaluating [time: 1.70s, valid_score: 0.338000]
Sun 15 Mar 2026 20:04:40 INFO  valid result: 
recall@1 : 0.1269    recall@2 : 0.2249    recall@3 : 0.2821    recall@4 : 0.3255    recall@5 : 0.3625    recall@10 : 0.4961    recall@20 : 0.6408    recall@30 : 0.7196    recall@50 : 0.8032    ndcg@1 : 0.2133    ndcg@2 : 0.2444    ndcg@3 : 0.2633    ndcg@4 : 0.2775    ndcg@5 : 0.291    ndcg@10 : 0.338    ndcg@20 : 0.3802    ndcg@30 : 0.4016    ndcg@50 : 0.4216    precision@1 : 0.2133    precision@2 : 0.1874    precision@3 : 0.1637    precision@4 : 0.1448    precision@5 : 0.1312    precision@10 : 0.0941    precision@20 : 0.063    precision@30 : 0.0489    precision@50 : 0.0336    map@1 : 0.2133    map@2 : 0.2151    map@3 : 0.2193    map@4 : 0.224    map@5 : 0.23    map@10 : 0.2505    map@20 : 0.2648    map@30 : 0.2712    map@50 : 0.2759
Sun 15 Mar 2026 20:04:40 INFO  Running E-step ! 
Sun 15 Mar 2026 20:04:45 INFO  epoch 23 training [time: 5.14s, train_loss1: 91.7777, train_loss2: 0.0431, train_loss3: 0.0000, train_loss4: 0.0033]
Sun 15 Mar 2026 20:04:46 INFO  epoch 23 evaluating [time: 1.58s, valid_score: 0.338900]
Sun 15 Mar 2026 20:04:46 INFO  valid result: 
recall@1 : 0.1274    recall@2 : 0.2289    recall@3 : 0.2865    recall@4 : 0.3278    recall@5 : 0.3624    recall@10 : 0.4941    recall@20 : 0.6353    recall@30 : 0.7185    recall@50 : 0.8087    ndcg@1 : 0.2139    ndcg@2 : 0.2477    ndcg@3 : 0.2666    ndcg@4 : 0.2799    ndcg@5 : 0.2927    ndcg@10 : 0.3389    ndcg@20 : 0.3805    ndcg@30 : 0.4027    ndcg@50 : 0.4242    precision@1 : 0.2139    precision@2 : 0.1904    precision@3 : 0.1659    precision@4 : 0.1463    precision@5 : 0.1325    precision@10 : 0.0942    precision@20 : 0.0628    precision@30 : 0.0488    precision@50 : 0.0338    map@1 : 0.2139    map@2 : 0.218    map@3 : 0.2221    map@4 : 0.2262    map@5 : 0.2319    map@10 : 0.2521    map@20 : 0.2664    map@30 : 0.2729    map@50 : 0.2779
Sun 15 Mar 2026 20:04:46 INFO  Running E-step ! 
Sun 15 Mar 2026 20:04:51 INFO  epoch 24 training [time: 4.95s, train_loss1: 89.6140, train_loss2: 0.0424, train_loss3: 0.0000, train_loss4: 0.0033]
Sun 15 Mar 2026 20:04:55 INFO  epoch 24 evaluating [time: 3.36s, valid_score: 0.341600]
Sun 15 Mar 2026 20:04:55 INFO  valid result: 
recall@1 : 0.1261    recall@2 : 0.2292    recall@3 : 0.289    recall@4 : 0.3311    recall@5 : 0.367    recall@10 : 0.5021    recall@20 : 0.6366    recall@30 : 0.7206    recall@50 : 0.8118    ndcg@1 : 0.2122    ndcg@2 : 0.2474    ndcg@3 : 0.268    ndcg@4 : 0.2813    ndcg@5 : 0.2941    ndcg@10 : 0.3416    ndcg@20 : 0.3814    ndcg@30 : 0.4039    ndcg@50 : 0.4254    precision@1 : 0.2122    precision@2 : 0.1907    precision@3 : 0.1681    precision@4 : 0.1472    precision@5 : 0.133    precision@10 : 0.0953    precision@20 : 0.0631    precision@30 : 0.0491    precision@50 : 0.034    map@1 : 0.2122    map@2 : 0.2174    map@3 : 0.2227    map@4 : 0.2268    map@5 : 0.2325    map@10 : 0.2531    map@20 : 0.2669    map@30 : 0.2736    map@50 : 0.2785
Sun 15 Mar 2026 20:04:55 INFO  Saving current: saved/SCL-Mar-15-2026_20-00-47.pth
Sun 15 Mar 2026 20:04:55 INFO  Saving current best: saved/SCL-Mar-15-2026_20-00-47.pth
Sun 15 Mar 2026 20:04:55 INFO  Running E-step ! 
Sun 15 Mar 2026 20:05:00 INFO  epoch 25 training [time: 5.54s, train_loss1: 88.5045, train_loss2: 0.0419, train_loss3: 0.0000, train_loss4: 0.0029]
Sun 15 Mar 2026 20:05:04 INFO  epoch 25 evaluating [time: 3.37s, valid_score: 0.343000]
Sun 15 Mar 2026 20:05:04 INFO  valid result: 
recall@1 : 0.1292    recall@2 : 0.2297    recall@3 : 0.2885    recall@4 : 0.3306    recall@5 : 0.3702    recall@10 : 0.5012    recall@20 : 0.6407    recall@30 : 0.7255    recall@50 : 0.8097    ndcg@1 : 0.2169    ndcg@2 : 0.2497    ndcg@3 : 0.269    ndcg@4 : 0.2827    ndcg@5 : 0.2973    ndcg@10 : 0.343    ndcg@20 : 0.3845    ndcg@30 : 0.4071    ndcg@50 : 0.4272    precision@1 : 0.2169    precision@2 : 0.1919    precision@3 : 0.1675    precision@4 : 0.1479    precision@5 : 0.135    precision@10 : 0.0952    precision@20 : 0.0635    precision@30 : 0.0494    precision@50 : 0.034    map@1 : 0.2169    map@2 : 0.2196    map@3 : 0.224    map@4 : 0.2284    map@5 : 0.235    map@10 : 0.2548    map@20 : 0.2694    map@30 : 0.276    map@50 : 0.2807
Sun 15 Mar 2026 20:05:04 INFO  Saving current: saved/SCL-Mar-15-2026_20-00-47.pth
Sun 15 Mar 2026 20:05:04 INFO  Saving current best: saved/SCL-Mar-15-2026_20-00-47.pth
Sun 15 Mar 2026 20:05:04 INFO  Running E-step ! 
Sun 15 Mar 2026 20:05:09 INFO  epoch 26 training [time: 5.58s, train_loss1: 86.3635, train_loss2: 0.0413, train_loss3: 0.0000, train_loss4: 0.0030]
Sun 15 Mar 2026 20:05:13 INFO  epoch 26 evaluating [time: 3.20s, valid_score: 0.345400]
Sun 15 Mar 2026 20:05:13 INFO  valid result: 
recall@1 : 0.1324    recall@2 : 0.2309    recall@3 : 0.2904    recall@4 : 0.3318    recall@5 : 0.372    recall@10 : 0.5028    recall@20 : 0.6437    recall@30 : 0.7224    recall@50 : 0.8091    ndcg@1 : 0.2199    ndcg@2 : 0.2522    ndcg@3 : 0.2717    ndcg@4 : 0.2854    ndcg@5 : 0.2997    ndcg@10 : 0.3454    ndcg@20 : 0.3874    ndcg@30 : 0.4084    ndcg@50 : 0.4291    precision@1 : 0.2199    precision@2 : 0.1934    precision@3 : 0.1692    precision@4 : 0.1494    precision@5 : 0.1354    precision@10 : 0.0955    precision@20 : 0.064    precision@30 : 0.0493    precision@50 : 0.034    map@1 : 0.2199    map@2 : 0.2224    map@3 : 0.2265    map@4 : 0.2313    map@5 : 0.2377    map@10 : 0.2576    map@20 : 0.2724    map@30 : 0.2786    map@50 : 0.2834
Sun 15 Mar 2026 20:05:13 INFO  Saving current: saved/SCL-Mar-15-2026_20-00-47.pth
Sun 15 Mar 2026 20:05:13 INFO  Saving current best: saved/SCL-Mar-15-2026_20-00-47.pth
Sun 15 Mar 2026 20:05:13 INFO  Running E-step ! 
Sun 15 Mar 2026 20:05:18 INFO  epoch 27 training [time: 5.58s, train_loss1: 86.3375, train_loss2: 0.0406, train_loss3: 0.0000, train_loss4: 0.0026]
Sun 15 Mar 2026 20:05:22 INFO  epoch 27 evaluating [time: 3.40s, valid_score: 0.348300]
Sun 15 Mar 2026 20:05:22 INFO  valid result: 
recall@1 : 0.1343    recall@2 : 0.2292    recall@3 : 0.2948    recall@4 : 0.3356    recall@5 : 0.3733    recall@10 : 0.5091    recall@20 : 0.6441    recall@30 : 0.7212    recall@50 : 0.8108    ndcg@1 : 0.2211    ndcg@2 : 0.2521    ndcg@3 : 0.2742    ndcg@4 : 0.2876    ndcg@5 : 0.3011    ndcg@10 : 0.3483    ndcg@20 : 0.389    ndcg@30 : 0.4097    ndcg@50 : 0.431    precision@1 : 0.2211    precision@2 : 0.1931    precision@3 : 0.1704    precision@4 : 0.1502    precision@5 : 0.1356    precision@10 : 0.096    precision@20 : 0.0641    precision@30 : 0.0493    precision@50 : 0.0341    map@1 : 0.2211    map@2 : 0.2226    map@3 : 0.2289    map@4 : 0.2333    map@5 : 0.2395    map@10 : 0.2598    map@20 : 0.2743    map@30 : 0.2805    map@50 : 0.2854
Sun 15 Mar 2026 20:05:22 INFO  Saving current: saved/SCL-Mar-15-2026_20-00-47.pth
Sun 15 Mar 2026 20:05:22 INFO  Saving current best: saved/SCL-Mar-15-2026_20-00-47.pth
Sun 15 Mar 2026 20:05:22 INFO  Running E-step ! 
Sun 15 Mar 2026 20:05:27 INFO  epoch 28 training [time: 5.46s, train_loss1: 83.6524, train_loss2: 0.0400, train_loss3: 0.0000, train_loss4: 0.0026]
Sun 15 Mar 2026 20:05:30 INFO  epoch 28 evaluating [time: 3.41s, valid_score: 0.348600]
Sun 15 Mar 2026 20:05:30 INFO  valid result: 
recall@1 : 0.1342    recall@2 : 0.2303    recall@3 : 0.292    recall@4 : 0.3352    recall@5 : 0.374    recall@10 : 0.5092    recall@20 : 0.6487    recall@30 : 0.727    recall@50 : 0.8124    ndcg@1 : 0.2223    ndcg@2 : 0.2526    ndcg@3 : 0.2733    ndcg@4 : 0.2873    ndcg@5 : 0.3015    ndcg@10 : 0.3486    ndcg@20 : 0.3906    ndcg@30 : 0.4114    ndcg@50 : 0.4317    precision@1 : 0.2223    precision@2 : 0.1934    precision@3 : 0.1702    precision@4 : 0.1499    precision@5 : 0.1362    precision@10 : 0.0962    precision@20 : 0.0646    precision@30 : 0.0496    precision@50 : 0.0341    map@1 : 0.2223    map@2 : 0.223    map@3 : 0.2286    map@4 : 0.2329    map@5 : 0.2396    map@10 : 0.2601    map@20 : 0.275    map@30 : 0.2811    map@50 : 0.2859
Sun 15 Mar 2026 20:05:30 INFO  Saving current: saved/SCL-Mar-15-2026_20-00-47.pth
Sun 15 Mar 2026 20:05:30 INFO  Saving current best: saved/SCL-Mar-15-2026_20-00-47.pth
Sun 15 Mar 2026 20:05:30 INFO  Running E-step ! 
Sun 15 Mar 2026 20:05:36 INFO  epoch 29 training [time: 5.23s, train_loss1: 82.2735, train_loss2: 0.0393, train_loss3: 0.0000, train_loss4: 0.0026]
Sun 15 Mar 2026 20:05:39 INFO  epoch 29 evaluating [time: 3.34s, valid_score: 0.348100]
Sun 15 Mar 2026 20:05:39 INFO  valid result: 
recall@1 : 0.1334    recall@2 : 0.2306    recall@3 : 0.2931    recall@4 : 0.3402    recall@5 : 0.3755    recall@10 : 0.5063    recall@20 : 0.646    recall@30 : 0.7248    recall@50 : 0.8101    ndcg@1 : 0.2193    ndcg@2 : 0.2525    ndcg@3 : 0.2735    ndcg@4 : 0.29    ndcg@5 : 0.3025    ndcg@10 : 0.3481    ndcg@20 : 0.3904    ndcg@30 : 0.4112    ndcg@50 : 0.4315    precision@1 : 0.2193    precision@2 : 0.1943    precision@3 : 0.1708    precision@4 : 0.153    precision@5 : 0.1374    precision@10 : 0.096    precision@20 : 0.0646    precision@30 : 0.0496    precision@50 : 0.0341    map@1 : 0.2193    map@2 : 0.2232    map@3 : 0.2289    map@4 : 0.2351    map@5 : 0.2405    map@10 : 0.2605    map@20 : 0.2755    map@30 : 0.2817    map@50 : 0.2865
Sun 15 Mar 2026 20:05:39 INFO  Running E-step ! 
Sun 15 Mar 2026 20:05:45 INFO  epoch 30 training [time: 5.59s, train_loss1: 80.8485, train_loss2: 0.0388, train_loss3: 0.0000, train_loss4: 0.0026]
Sun 15 Mar 2026 20:05:48 INFO  epoch 30 evaluating [time: 3.20s, valid_score: 0.350100]
Sun 15 Mar 2026 20:05:48 INFO  valid result: 
recall@1 : 0.1356    recall@2 : 0.2343    recall@3 : 0.2957    recall@4 : 0.3407    recall@5 : 0.3766    recall@10 : 0.5076    recall@20 : 0.647    recall@30 : 0.7224    recall@50 : 0.8117    ndcg@1 : 0.2193    ndcg@2 : 0.2545    ndcg@3 : 0.2759    ndcg@4 : 0.2916    ndcg@5 : 0.3043    ndcg@10 : 0.3501    ndcg@20 : 0.3923    ndcg@30 : 0.4125    ndcg@50 : 0.4336    precision@1 : 0.2193    precision@2 : 0.1949    precision@3 : 0.172    precision@4 : 0.1536    precision@5 : 0.1378    precision@10 : 0.0962    precision@20 : 0.0647    precision@30 : 0.0495    precision@50 : 0.0342    map@1 : 0.2193    map@2 : 0.2251    map@3 : 0.2313    map@4 : 0.237    map@5 : 0.2427    map@10 : 0.2628    map@20 : 0.2779    map@30 : 0.284    map@50 : 0.2888
Sun 15 Mar 2026 20:05:48 INFO  Saving current: saved/SCL-Mar-15-2026_20-00-47.pth
Sun 15 Mar 2026 20:05:48 INFO  Saving current best: saved/SCL-Mar-15-2026_20-00-47.pth
Sun 15 Mar 2026 20:05:48 INFO  Running E-step ! 
Sun 15 Mar 2026 20:05:53 INFO  epoch 31 training [time: 5.62s, train_loss1: 80.2040, train_loss2: 0.0383, train_loss3: 0.0000, train_loss4: 0.0024]
Sun 15 Mar 2026 20:05:57 INFO  epoch 31 evaluating [time: 3.31s, valid_score: 0.351600]
Sun 15 Mar 2026 20:05:57 INFO  valid result: 
recall@1 : 0.1335    recall@2 : 0.2338    recall@3 : 0.2982    recall@4 : 0.3411    recall@5 : 0.3843    recall@10 : 0.5126    recall@20 : 0.6479    recall@30 : 0.7262    recall@50 : 0.8149    ndcg@1 : 0.2169    ndcg@2 : 0.2528    ndcg@3 : 0.2759    ndcg@4 : 0.2907    ndcg@5 : 0.3071    ndcg@10 : 0.3516    ndcg@20 : 0.3927    ndcg@30 : 0.4134    ndcg@50 : 0.4345    precision@1 : 0.2169    precision@2 : 0.194    precision@3 : 0.1722    precision@4 : 0.153    precision@5 : 0.1406    precision@10 : 0.0971    precision@20 : 0.0649    precision@30 : 0.0497    precision@50 : 0.0343    map@1 : 0.2169    map@2 : 0.2236    map@3 : 0.2307    map@4 : 0.2359    map@5 : 0.244    map@10 : 0.2631    map@20 : 0.278    map@30 : 0.2841    map@50 : 0.289
Sun 15 Mar 2026 20:05:57 INFO  Saving current: saved/SCL-Mar-15-2026_20-00-47.pth
Sun 15 Mar 2026 20:05:57 INFO  Saving current best: saved/SCL-Mar-15-2026_20-00-47.pth
Sun 15 Mar 2026 20:05:57 INFO  Running E-step ! 
Sun 15 Mar 2026 20:06:02 INFO  epoch 32 training [time: 5.46s, train_loss1: 77.2088, train_loss2: 0.0380, train_loss3: 0.0000, train_loss4: 0.0024]
Sun 15 Mar 2026 20:06:05 INFO  epoch 32 evaluating [time: 3.20s, valid_score: 0.353000]
Sun 15 Mar 2026 20:06:05 INFO  valid result: 
recall@1 : 0.1353    recall@2 : 0.234    recall@3 : 0.298    recall@4 : 0.3401    recall@5 : 0.3811    recall@10 : 0.5146    recall@20 : 0.6503    recall@30 : 0.726    recall@50 : 0.8132    ndcg@1 : 0.2217    ndcg@2 : 0.2546    ndcg@3 : 0.2771    ndcg@4 : 0.291    ndcg@5 : 0.3064    ndcg@10 : 0.353    ndcg@20 : 0.3943    ndcg@30 : 0.4145    ndcg@50 : 0.4352    precision@1 : 0.2217    precision@2 : 0.1952    precision@3 : 0.1728    precision@4 : 0.1523    precision@5 : 0.1392    precision@10 : 0.0974    precision@20 : 0.0651    precision@30 : 0.0497    precision@50 : 0.0342    map@1 : 0.2217    map@2 : 0.2251    map@3 : 0.232    map@4 : 0.2367    map@5 : 0.244    map@10 : 0.2642    map@20 : 0.2792    map@30 : 0.2852    map@50 : 0.29
Sun 15 Mar 2026 20:06:05 INFO  Saving current: saved/SCL-Mar-15-2026_20-00-47.pth
Sun 15 Mar 2026 20:06:05 INFO  Saving current best: saved/SCL-Mar-15-2026_20-00-47.pth
Sun 15 Mar 2026 20:06:05 INFO  Running E-step ! 
Sun 15 Mar 2026 20:06:11 INFO  epoch 33 training [time: 5.43s, train_loss1: 77.8770, train_loss2: 0.0375, train_loss3: 0.0000, train_loss4: 0.0024]
Sun 15 Mar 2026 20:06:14 INFO  epoch 33 evaluating [time: 3.15s, valid_score: 0.352400]
Sun 15 Mar 2026 20:06:14 INFO  valid result: 
recall@1 : 0.1319    recall@2 : 0.2356    recall@3 : 0.296    recall@4 : 0.3408    recall@5 : 0.3853    recall@10 : 0.5147    recall@20 : 0.6487    recall@30 : 0.7248    recall@50 : 0.8131    ndcg@1 : 0.2187    ndcg@2 : 0.2546    ndcg@3 : 0.275    ndcg@4 : 0.2901    ndcg@5 : 0.307    ndcg@10 : 0.3524    ndcg@20 : 0.3933    ndcg@30 : 0.4136    ndcg@50 : 0.4345    precision@1 : 0.2187    precision@2 : 0.1964    precision@3 : 0.1722    precision@4 : 0.1526    precision@5 : 0.1402    precision@10 : 0.0977    precision@20 : 0.065    precision@30 : 0.0497    precision@50 : 0.0343    map@1 : 0.2187    map@2 : 0.2244    map@3 : 0.2298    map@4 : 0.2353    map@5 : 0.2436    map@10 : 0.2631    map@20 : 0.278    map@30 : 0.2841    map@50 : 0.289
Sun 15 Mar 2026 20:06:14 INFO  Running E-step ! 
Sun 15 Mar 2026 20:06:20 INFO  epoch 34 training [time: 5.66s, train_loss1: 76.1326, train_loss2: 0.0369, train_loss3: 0.0000, train_loss4: 0.0025]
Sun 15 Mar 2026 20:06:23 INFO  epoch 34 evaluating [time: 3.22s, valid_score: 0.351200]
Sun 15 Mar 2026 20:06:23 INFO  valid result: 
recall@1 : 0.1329    recall@2 : 0.2301    recall@3 : 0.2903    recall@4 : 0.3366    recall@5 : 0.383    recall@10 : 0.5137    recall@20 : 0.6492    recall@30 : 0.7259    recall@50 : 0.8152    ndcg@1 : 0.2217    ndcg@2 : 0.2517    ndcg@3 : 0.272    ndcg@4 : 0.2876    ndcg@5 : 0.3047    ndcg@10 : 0.3512    ndcg@20 : 0.3926    ndcg@30 : 0.4129    ndcg@50 : 0.4341    precision@1 : 0.2217    precision@2 : 0.1934    precision@3 : 0.17    precision@4 : 0.1512    precision@5 : 0.1383    precision@10 : 0.0976    precision@20 : 0.0652    precision@30 : 0.0498    precision@50 : 0.0343    map@1 : 0.2217    map@2 : 0.2226    map@3 : 0.2279    map@4 : 0.2335    map@5 : 0.2416    map@10 : 0.2619    map@20 : 0.2771    map@30 : 0.2831    map@50 : 0.288
Sun 15 Mar 2026 20:06:23 INFO  Running E-step ! 
Sun 15 Mar 2026 20:06:29 INFO  epoch 35 training [time: 5.84s, train_loss1: 75.2303, train_loss2: 0.0365, train_loss3: 0.0000, train_loss4: 0.0026]
Sun 15 Mar 2026 20:06:32 INFO  epoch 35 evaluating [time: 3.30s, valid_score: 0.354100]
Sun 15 Mar 2026 20:06:32 INFO  valid result: 
recall@1 : 0.1344    recall@2 : 0.2351    recall@3 : 0.2942    recall@4 : 0.344    recall@5 : 0.3836    recall@10 : 0.5169    recall@20 : 0.6497    recall@30 : 0.7298    recall@50 : 0.8169    ndcg@1 : 0.2229    ndcg@2 : 0.2556    ndcg@3 : 0.2754    ndcg@4 : 0.2927    ndcg@5 : 0.3068    ndcg@10 : 0.3541    ndcg@20 : 0.3946    ndcg@30 : 0.4157    ndcg@50 : 0.4365    precision@1 : 0.2229    precision@2 : 0.1964    precision@3 : 0.1718    precision@4 : 0.1538    precision@5 : 0.1384    precision@10 : 0.0982    precision@20 : 0.0652    precision@30 : 0.0499    precision@50 : 0.0344    map@1 : 0.2229    map@2 : 0.2263    map@3 : 0.2311    map@4 : 0.2375    map@5 : 0.244    map@10 : 0.2648    map@20 : 0.2795    map@30 : 0.2856    map@50 : 0.2905
Sun 15 Mar 2026 20:06:32 INFO  Saving current: saved/SCL-Mar-15-2026_20-00-47.pth
Sun 15 Mar 2026 20:06:32 INFO  Saving current best: saved/SCL-Mar-15-2026_20-00-47.pth
Sun 15 Mar 2026 20:06:32 INFO  Running E-step ! 
Sun 15 Mar 2026 20:06:38 INFO  epoch 36 training [time: 5.59s, train_loss1: 74.2803, train_loss2: 0.0360, train_loss3: 0.0000, train_loss4: 0.0025]
Sun 15 Mar 2026 20:06:41 INFO  epoch 36 evaluating [time: 3.27s, valid_score: 0.354300]
Sun 15 Mar 2026 20:06:41 INFO  valid result: 
recall@1 : 0.1363    recall@2 : 0.237    recall@3 : 0.2957    recall@4 : 0.3403    recall@5 : 0.3824    recall@10 : 0.5154    recall@20 : 0.6473    recall@30 : 0.7292    recall@50 : 0.8174    ndcg@1 : 0.2259    ndcg@2 : 0.258    ndcg@3 : 0.2768    ndcg@4 : 0.2917    ndcg@5 : 0.3076    ndcg@10 : 0.3543    ndcg@20 : 0.3947    ndcg@30 : 0.4162    ndcg@50 : 0.4372    precision@1 : 0.2259    precision@2 : 0.1979    precision@3 : 0.172    precision@4 : 0.1518    precision@5 : 0.139    precision@10 : 0.0979    precision@20 : 0.065    precision@30 : 0.0499    precision@50 : 0.0344    map@1 : 0.2259    map@2 : 0.2279    map@3 : 0.2319    map@4 : 0.2371    map@5 : 0.2449    map@10 : 0.2652    map@20 : 0.2801    map@30 : 0.2863    map@50 : 0.2913
Sun 15 Mar 2026 20:06:41 INFO  Saving current: saved/SCL-Mar-15-2026_20-00-47.pth
Sun 15 Mar 2026 20:06:41 INFO  Saving current best: saved/SCL-Mar-15-2026_20-00-47.pth
Sun 15 Mar 2026 20:06:41 INFO  Running E-step ! 
Sun 15 Mar 2026 20:06:46 INFO  epoch 37 training [time: 5.01s, train_loss1: 72.0561, train_loss2: 0.0355, train_loss3: 0.0000, train_loss4: 0.0026]
Sun 15 Mar 2026 20:06:49 INFO  epoch 37 evaluating [time: 3.36s, valid_score: 0.355900]
Sun 15 Mar 2026 20:06:49 INFO  valid result: 
recall@1 : 0.1369    recall@2 : 0.2385    recall@3 : 0.2935    recall@4 : 0.3439    recall@5 : 0.3827    recall@10 : 0.5172    recall@20 : 0.6481    recall@30 : 0.7295    recall@50 : 0.82    ndcg@1 : 0.2271    ndcg@2 : 0.2593    ndcg@3 : 0.2761    ndcg@4 : 0.2939    ndcg@5 : 0.3083    ndcg@10 : 0.3559    ndcg@20 : 0.3961    ndcg@30 : 0.4175    ndcg@50 : 0.4389    precision@1 : 0.2271    precision@2 : 0.199    precision@3 : 0.1712    precision@4 : 0.1536    precision@5 : 0.1392    precision@10 : 0.0985    precision@20 : 0.0653    precision@30 : 0.05    precision@50 : 0.0345    map@1 : 0.2271    map@2 : 0.229    map@3 : 0.2314    map@4 : 0.2385    map@5 : 0.2454    map@10 : 0.2664    map@20 : 0.2813    map@30 : 0.2876    map@50 : 0.2925
Sun 15 Mar 2026 20:06:49 INFO  Saving current: saved/SCL-Mar-15-2026_20-00-47.pth
Sun 15 Mar 2026 20:06:49 INFO  Saving current best: saved/SCL-Mar-15-2026_20-00-47.pth
Sun 15 Mar 2026 20:06:49 INFO  Running E-step ! 
Sun 15 Mar 2026 20:06:55 INFO  epoch 38 training [time: 5.55s, train_loss1: 70.9501, train_loss2: 0.0350, train_loss3: 0.0000, train_loss4: 0.0027]
Sun 15 Mar 2026 20:06:58 INFO  epoch 38 evaluating [time: 3.27s, valid_score: 0.356700]
Sun 15 Mar 2026 20:06:58 INFO  valid result: 
recall@1 : 0.1399    recall@2 : 0.2365    recall@3 : 0.2958    recall@4 : 0.3414    recall@5 : 0.3828    recall@10 : 0.516    recall@20 : 0.6467    recall@30 : 0.729    recall@50 : 0.8177    ndcg@1 : 0.2336    ndcg@2 : 0.2603    ndcg@3 : 0.2795    ndcg@4 : 0.2941    ndcg@5 : 0.3094    ndcg@10 : 0.3567    ndcg@20 : 0.397    ndcg@30 : 0.4186    ndcg@50 : 0.4394    precision@1 : 0.2336    precision@2 : 0.199    precision@3 : 0.1738    precision@4 : 0.1523    precision@5 : 0.1385    precision@10 : 0.0982    precision@20 : 0.0653    precision@30 : 0.0501    precision@50 : 0.0344    map@1 : 0.2336    map@2 : 0.2303    map@3 : 0.2343    map@4 : 0.2393    map@5 : 0.2465    map@10 : 0.2674    map@20 : 0.2823    map@30 : 0.2886    map@50 : 0.2934
Sun 15 Mar 2026 20:06:58 INFO  Saving current: saved/SCL-Mar-15-2026_20-00-47.pth
Sun 15 Mar 2026 20:06:58 INFO  Saving current best: saved/SCL-Mar-15-2026_20-00-47.pth
Sun 15 Mar 2026 20:06:58 INFO  Running E-step ! 
Sun 15 Mar 2026 20:07:04 INFO  epoch 39 training [time: 5.42s, train_loss1: 70.1184, train_loss2: 0.0347, train_loss3: 0.0000, train_loss4: 0.0025]
Sun 15 Mar 2026 20:07:07 INFO  epoch 39 evaluating [time: 3.37s, valid_score: 0.356100]
Sun 15 Mar 2026 20:07:07 INFO  valid result: 
recall@1 : 0.136    recall@2 : 0.235    recall@3 : 0.2948    recall@4 : 0.3399    recall@5 : 0.383    recall@10 : 0.5199    recall@20 : 0.6507    recall@30 : 0.7294    recall@50 : 0.8176    ndcg@1 : 0.2282    ndcg@2 : 0.2572    ndcg@3 : 0.2772    ndcg@4 : 0.2921    ndcg@5 : 0.3077    ndcg@10 : 0.3561    ndcg@20 : 0.3963    ndcg@30 : 0.417    ndcg@50 : 0.4377    precision@1 : 0.2282    precision@2 : 0.1979    precision@3 : 0.1732    precision@4 : 0.153    precision@5 : 0.1389    precision@10 : 0.0988    precision@20 : 0.0656    precision@30 : 0.0501    precision@50 : 0.0345    map@1 : 0.2282    map@2 : 0.2271    map@3 : 0.2317    map@4 : 0.237    map@5 : 0.2444    map@10 : 0.2656    map@20 : 0.2803    map@30 : 0.2864    map@50 : 0.2912
Sun 15 Mar 2026 20:07:07 INFO  Running E-step ! 
Sun 15 Mar 2026 20:07:13 INFO  epoch 40 training [time: 6.00s, train_loss1: 67.3473, train_loss2: 0.0343, train_loss3: 0.0000, train_loss4: 0.0027]
Sun 15 Mar 2026 20:07:16 INFO  epoch 40 evaluating [time: 3.12s, valid_score: 0.358700]
Sun 15 Mar 2026 20:07:16 INFO  valid result: 
recall@1 : 0.1431    recall@2 : 0.2346    recall@3 : 0.2956    recall@4 : 0.3418    recall@5 : 0.3848    recall@10 : 0.519    recall@20 : 0.6511    recall@30 : 0.7281    recall@50 : 0.8169    ndcg@1 : 0.2336    ndcg@2 : 0.2594    ndcg@3 : 0.2799    ndcg@4 : 0.2949    ndcg@5 : 0.311    ndcg@10 : 0.3587    ndcg@20 : 0.3992    ndcg@30 : 0.4196    ndcg@50 : 0.4403    precision@1 : 0.2336    precision@2 : 0.1979    precision@3 : 0.1736    precision@4 : 0.1527    precision@5 : 0.1392    precision@10 : 0.0988    precision@20 : 0.0658    precision@30 : 0.0502    precision@50 : 0.0344    map@1 : 0.2336    map@2 : 0.2296    map@3 : 0.2355    map@4 : 0.2408    map@5 : 0.2483    map@10 : 0.2694    map@20 : 0.2842    map@30 : 0.2903    map@50 : 0.295
Sun 15 Mar 2026 20:07:16 INFO  Saving current: saved/SCL-Mar-15-2026_20-00-47.pth
Sun 15 Mar 2026 20:07:16 INFO  Saving current best: saved/SCL-Mar-15-2026_20-00-47.pth
Sun 15 Mar 2026 20:07:16 INFO  Running E-step ! 
Sun 15 Mar 2026 20:07:22 INFO  epoch 41 training [time: 6.25s, train_loss1: 67.6487, train_loss2: 0.0339, train_loss3: 0.0000, train_loss4: 0.0027]
Sun 15 Mar 2026 20:07:26 INFO  epoch 41 evaluating [time: 3.36s, valid_score: 0.356900]
Sun 15 Mar 2026 20:07:26 INFO  valid result: 
recall@1 : 0.1419    recall@2 : 0.234    recall@3 : 0.2927    recall@4 : 0.3408    recall@5 : 0.3882    recall@10 : 0.5155    recall@20 : 0.6503    recall@30 : 0.7259    recall@50 : 0.8178    ndcg@1 : 0.2336    ndcg@2 : 0.2588    ndcg@3 : 0.278    ndcg@4 : 0.2937    ndcg@5 : 0.3119    ndcg@10 : 0.3569    ndcg@20 : 0.3981    ndcg@30 : 0.4184    ndcg@50 : 0.4397    precision@1 : 0.2336    precision@2 : 0.1973    precision@3 : 0.1722    precision@4 : 0.1518    precision@5 : 0.1408    precision@10 : 0.0983    precision@20 : 0.0656    precision@30 : 0.0501    precision@50 : 0.0345    map@1 : 0.2336    map@2 : 0.229    map@3 : 0.2338    map@4 : 0.2396    map@5 : 0.2483    map@10 : 0.2681    map@20 : 0.2831    map@30 : 0.2892    map@50 : 0.294
Sun 15 Mar 2026 20:07:26 INFO  Running E-step ! 
Sun 15 Mar 2026 20:07:31 INFO  epoch 42 training [time: 5.60s, train_loss1: 66.4061, train_loss2: 0.0334, train_loss3: 0.0000, train_loss4: 0.0025]
Sun 15 Mar 2026 20:07:35 INFO  epoch 42 evaluating [time: 3.25s, valid_score: 0.358700]
Sun 15 Mar 2026 20:07:35 INFO  valid result: 
recall@1 : 0.1419    recall@2 : 0.2348    recall@3 : 0.2978    recall@4 : 0.3442    recall@5 : 0.3895    recall@10 : 0.5176    recall@20 : 0.652    recall@30 : 0.725    recall@50 : 0.8167    ndcg@1 : 0.2354    ndcg@2 : 0.2599    ndcg@3 : 0.2813    ndcg@4 : 0.2964    ndcg@5 : 0.3133    ndcg@10 : 0.3587    ndcg@20 : 0.3997    ndcg@30 : 0.4192    ndcg@50 : 0.4407    precision@1 : 0.2354    precision@2 : 0.1982    precision@3 : 0.1748    precision@4 : 0.1539    precision@5 : 0.1411    precision@10 : 0.0988    precision@20 : 0.0657    precision@30 : 0.05    precision@50 : 0.0344    map@1 : 0.2354    map@2 : 0.2299    map@3 : 0.236    map@4 : 0.2414    map@5 : 0.2493    map@10 : 0.2696    map@20 : 0.2844    map@30 : 0.2903    map@50 : 0.2952
Sun 15 Mar 2026 20:07:35 INFO  Saving current: saved/SCL-Mar-15-2026_20-00-47.pth
Sun 15 Mar 2026 20:07:35 INFO  Saving current best: saved/SCL-Mar-15-2026_20-00-47.pth
Sun 15 Mar 2026 20:07:35 INFO  Running E-step ! 
Sun 15 Mar 2026 20:07:41 INFO  epoch 43 training [time: 5.85s, train_loss1: 66.2419, train_loss2: 0.0329, train_loss3: 0.0000, train_loss4: 0.0027]
Sun 15 Mar 2026 20:07:44 INFO  epoch 43 evaluating [time: 3.40s, valid_score: 0.360400]
Sun 15 Mar 2026 20:07:44 INFO  valid result: 
recall@1 : 0.1437    recall@2 : 0.2324    recall@3 : 0.2956    recall@4 : 0.3449    recall@5 : 0.3912    recall@10 : 0.5207    recall@20 : 0.6531    recall@30 : 0.7253    recall@50 : 0.8167    ndcg@1 : 0.2354    ndcg@2 : 0.2592    ndcg@3 : 0.2803    ndcg@4 : 0.2968    ndcg@5 : 0.3142    ndcg@10 : 0.3604    ndcg@20 : 0.4005    ndcg@30 : 0.42    ndcg@50 : 0.4414    precision@1 : 0.2354    precision@2 : 0.1976    precision@3 : 0.1738    precision@4 : 0.1542    precision@5 : 0.1418    precision@10 : 0.0998    precision@20 : 0.0657    precision@30 : 0.0501    precision@50 : 0.0345    map@1 : 0.2354    map@2 : 0.23    map@3 : 0.2361    map@4 : 0.2422    map@5 : 0.2502    map@10 : 0.2708    map@20 : 0.2853    map@30 : 0.2913    map@50 : 0.2962
Sun 15 Mar 2026 20:07:44 INFO  Saving current: saved/SCL-Mar-15-2026_20-00-47.pth
Sun 15 Mar 2026 20:07:44 INFO  Saving current best: saved/SCL-Mar-15-2026_20-00-47.pth
Sun 15 Mar 2026 20:07:44 INFO  Running E-step ! 
Sun 15 Mar 2026 20:07:50 INFO  epoch 44 training [time: 5.76s, train_loss1: 63.6802, train_loss2: 0.0325, train_loss3: 0.0000, train_loss4: 0.0027]
Sun 15 Mar 2026 20:07:53 INFO  epoch 44 evaluating [time: 3.25s, valid_score: 0.360300]
Sun 15 Mar 2026 20:07:53 INFO  valid result: 
recall@1 : 0.1432    recall@2 : 0.2323    recall@3 : 0.2945    recall@4 : 0.3456    recall@5 : 0.392    recall@10 : 0.5206    recall@20 : 0.6565    recall@30 : 0.7249    recall@50 : 0.8145    ndcg@1 : 0.2354    ndcg@2 : 0.2593    ndcg@3 : 0.2789    ndcg@4 : 0.2973    ndcg@5 : 0.3142    ndcg@10 : 0.3603    ndcg@20 : 0.4015    ndcg@30 : 0.4198    ndcg@50 : 0.441    precision@1 : 0.2354    precision@2 : 0.1979    precision@3 : 0.172    precision@4 : 0.1551    precision@5 : 0.1417    precision@10 : 0.0999    precision@20 : 0.0662    precision@30 : 0.05    precision@50 : 0.0344    map@1 : 0.2354    map@2 : 0.23    map@3 : 0.2347    map@4 : 0.2421    map@5 : 0.2501    map@10 : 0.2706    map@20 : 0.2853    map@30 : 0.2909    map@50 : 0.2959
Sun 15 Mar 2026 20:07:53 INFO  Running E-step ! 
Sun 15 Mar 2026 20:07:58 INFO  epoch 45 training [time: 5.36s, train_loss1: 64.2652, train_loss2: 0.0322, train_loss3: 0.0000, train_loss4: 0.0028]
Sun 15 Mar 2026 20:08:02 INFO  epoch 45 evaluating [time: 3.38s, valid_score: 0.361100]
Sun 15 Mar 2026 20:08:02 INFO  valid result: 
recall@1 : 0.1466    recall@2 : 0.2339    recall@3 : 0.2871    recall@4 : 0.3424    recall@5 : 0.393    recall@10 : 0.5218    recall@20 : 0.6556    recall@30 : 0.73    recall@50 : 0.8139    ndcg@1 : 0.2396    ndcg@2 : 0.2612    ndcg@3 : 0.2764    ndcg@4 : 0.2965    ndcg@5 : 0.3153    ndcg@10 : 0.3611    ndcg@20 : 0.4017    ndcg@30 : 0.4215    ndcg@50 : 0.4414    precision@1 : 0.2396    precision@2 : 0.1979    precision@3 : 0.1687    precision@4 : 0.1536    precision@5 : 0.142    precision@10 : 0.0999    precision@20 : 0.066    precision@30 : 0.0502    precision@50 : 0.0344    map@1 : 0.2396    map@2 : 0.2324    map@3 : 0.2339    map@4 : 0.2423    map@5 : 0.2513    map@10 : 0.2715    map@20 : 0.2862    map@30 : 0.2921    map@50 : 0.2968
Sun 15 Mar 2026 20:08:02 INFO  Saving current: saved/SCL-Mar-15-2026_20-00-47.pth
Sun 15 Mar 2026 20:08:02 INFO  Saving current best: saved/SCL-Mar-15-2026_20-00-47.pth
Sun 15 Mar 2026 20:08:02 INFO  Running E-step ! 
Sun 15 Mar 2026 20:08:07 INFO  epoch 46 training [time: 5.61s, train_loss1: 62.2452, train_loss2: 0.0318, train_loss3: 0.0000, train_loss4: 0.0033]
Sun 15 Mar 2026 20:08:11 INFO  epoch 46 evaluating [time: 3.25s, valid_score: 0.362500]
Sun 15 Mar 2026 20:08:11 INFO  valid result: 
recall@1 : 0.1494    recall@2 : 0.2324    recall@3 : 0.2926    recall@4 : 0.3431    recall@5 : 0.3902    recall@10 : 0.5221    recall@20 : 0.6557    recall@30 : 0.7277    recall@50 : 0.8155    ndcg@1 : 0.2431    ndcg@2 : 0.2618    ndcg@3 : 0.2805    ndcg@4 : 0.2983    ndcg@5 : 0.3154    ndcg@10 : 0.3625    ndcg@20 : 0.4032    ndcg@30 : 0.4224    ndcg@50 : 0.4431    precision@1 : 0.2431    precision@2 : 0.1979    precision@3 : 0.1714    precision@4 : 0.1542    precision@5 : 0.141    precision@10 : 0.1    precision@20 : 0.0662    precision@30 : 0.0501    precision@50 : 0.0344    map@1 : 0.2431    map@2 : 0.2335    map@3 : 0.2374    map@4 : 0.2442    map@5 : 0.2522    map@10 : 0.2731    map@20 : 0.2879    map@30 : 0.2937    map@50 : 0.2985
Sun 15 Mar 2026 20:08:11 INFO  Saving current: saved/SCL-Mar-15-2026_20-00-47.pth
Sun 15 Mar 2026 20:08:11 INFO  Saving current best: saved/SCL-Mar-15-2026_20-00-47.pth
Sun 15 Mar 2026 20:08:11 INFO  Running E-step ! 
Sun 15 Mar 2026 20:08:16 INFO  epoch 47 training [time: 5.57s, train_loss1: 61.1944, train_loss2: 0.0314, train_loss3: 0.0000, train_loss4: 0.0033]
Sun 15 Mar 2026 20:08:19 INFO  epoch 47 evaluating [time: 3.26s, valid_score: 0.362200]
Sun 15 Mar 2026 20:08:19 INFO  valid result: 
recall@1 : 0.1469    recall@2 : 0.2331    recall@3 : 0.2929    recall@4 : 0.3424    recall@5 : 0.3891    recall@10 : 0.5228    recall@20 : 0.6575    recall@30 : 0.7278    recall@50 : 0.8139    ndcg@1 : 0.239    ndcg@2 : 0.261    ndcg@3 : 0.2797    ndcg@4 : 0.2975    ndcg@5 : 0.3143    ndcg@10 : 0.3622    ndcg@20 : 0.4027    ndcg@30 : 0.4217    ndcg@50 : 0.4421    precision@1 : 0.239    precision@2 : 0.1985    precision@3 : 0.1714    precision@4 : 0.1549    precision@5 : 0.1412    precision@10 : 0.1008    precision@20 : 0.0662    precision@30 : 0.0502    precision@50 : 0.0345    map@1 : 0.239    map@2 : 0.2326    map@3 : 0.2363    map@4 : 0.2434    map@5 : 0.251    map@10 : 0.2725    map@20 : 0.2871    map@30 : 0.2929    map@50 : 0.2977
Sun 15 Mar 2026 20:08:19 INFO  Running E-step ! 
Sun 15 Mar 2026 20:08:25 INFO  epoch 48 training [time: 5.56s, train_loss1: 59.8358, train_loss2: 0.0311, train_loss3: 0.0000, train_loss4: 0.0030]
Sun 15 Mar 2026 20:08:28 INFO  epoch 48 evaluating [time: 3.23s, valid_score: 0.360500]
Sun 15 Mar 2026 20:08:28 INFO  valid result: 
recall@1 : 0.1473    recall@2 : 0.2327    recall@3 : 0.2921    recall@4 : 0.3453    recall@5 : 0.3918    recall@10 : 0.5175    recall@20 : 0.656    recall@30 : 0.7281    recall@50 : 0.8123    ndcg@1 : 0.239    ndcg@2 : 0.26    ndcg@3 : 0.2796    ndcg@4 : 0.2984    ndcg@5 : 0.3154    ndcg@10 : 0.3605    ndcg@20 : 0.4024    ndcg@30 : 0.4216    ndcg@50 : 0.4417    precision@1 : 0.239    precision@2 : 0.1967    precision@3 : 0.172    precision@4 : 0.1552    precision@5 : 0.1416    precision@10 : 0.0998    precision@20 : 0.0662    precision@30 : 0.0501    precision@50 : 0.0344    map@1 : 0.239    map@2 : 0.2312    map@3 : 0.2363    map@4 : 0.2436    map@5 : 0.2516    map@10 : 0.2719    map@20 : 0.287    map@30 : 0.2928    map@50 : 0.2976
Sun 15 Mar 2026 20:08:28 INFO  Running E-step ! 
Sun 15 Mar 2026 20:08:34 INFO  epoch 49 training [time: 5.62s, train_loss1: 59.3878, train_loss2: 0.0307, train_loss3: 0.0000, train_loss4: 0.0027]
Sun 15 Mar 2026 20:08:37 INFO  epoch 49 evaluating [time: 3.38s, valid_score: 0.362100]
Sun 15 Mar 2026 20:08:37 INFO  valid result: 
recall@1 : 0.1477    recall@2 : 0.2363    recall@3 : 0.2928    recall@4 : 0.3446    recall@5 : 0.3899    recall@10 : 0.521    recall@20 : 0.6599    recall@30 : 0.7303    recall@50 : 0.8124    ndcg@1 : 0.2396    ndcg@2 : 0.2621    ndcg@3 : 0.2798    ndcg@4 : 0.2986    ndcg@5 : 0.3153    ndcg@10 : 0.3621    ndcg@20 : 0.4041    ndcg@30 : 0.4228    ndcg@50 : 0.4425    precision@1 : 0.2396    precision@2 : 0.1985    precision@3 : 0.1712    precision@4 : 0.1548    precision@5 : 0.1414    precision@10 : 0.1002    precision@20 : 0.0665    precision@30 : 0.0502    precision@50 : 0.0345    map@1 : 0.2396    map@2 : 0.2332    map@3 : 0.2366    map@4 : 0.2442    map@5 : 0.2519    map@10 : 0.273    map@20 : 0.2881    map@30 : 0.2937    map@50 : 0.2984
Sun 15 Mar 2026 20:08:37 INFO  Running E-step ! 
Sun 15 Mar 2026 20:08:43 INFO  epoch 50 training [time: 5.72s, train_loss1: 58.8262, train_loss2: 0.0304, train_loss3: 0.0000, train_loss4: 0.0031]
Sun 15 Mar 2026 20:08:46 INFO  epoch 50 evaluating [time: 3.22s, valid_score: 0.359000]
Sun 15 Mar 2026 20:08:46 INFO  valid result: 
recall@1 : 0.1463    recall@2 : 0.2293    recall@3 : 0.2904    recall@4 : 0.3418    recall@5 : 0.3896    recall@10 : 0.517    recall@20 : 0.6624    recall@30 : 0.7301    recall@50 : 0.8119    ndcg@1 : 0.236    ndcg@2 : 0.2574    ndcg@3 : 0.2771    ndcg@4 : 0.2954    ndcg@5 : 0.3133    ndcg@10 : 0.359    ndcg@20 : 0.4026    ndcg@30 : 0.4208    ndcg@50 : 0.4405    precision@1 : 0.236    precision@2 : 0.1955    precision@3 : 0.1702    precision@4 : 0.1536    precision@5 : 0.1414    precision@10 : 0.0996    precision@20 : 0.0666    precision@30 : 0.0502    precision@50 : 0.0344    map@1 : 0.236    map@2 : 0.2294    map@3 : 0.2342    map@4 : 0.2411    map@5 : 0.2495    map@10 : 0.2702    map@20 : 0.2857    map@30 : 0.2913    map@50 : 0.296
Sun 15 Mar 2026 20:08:46 INFO  Running E-step ! 
Sun 15 Mar 2026 20:08:52 INFO  epoch 51 training [time: 5.59s, train_loss1: 56.8924, train_loss2: 0.0301, train_loss3: 0.0000, train_loss4: 0.0031]
Sun 15 Mar 2026 20:08:55 INFO  epoch 51 evaluating [time: 3.30s, valid_score: 0.358200]
Sun 15 Mar 2026 20:08:55 INFO  valid result: 
recall@1 : 0.1445    recall@2 : 0.2287    recall@3 : 0.292    recall@4 : 0.3444    recall@5 : 0.3882    recall@10 : 0.5164    recall@20 : 0.6623    recall@30 : 0.7299    recall@50 : 0.8114    ndcg@1 : 0.2342    ndcg@2 : 0.2564    ndcg@3 : 0.2776    ndcg@4 : 0.2961    ndcg@5 : 0.3121    ndcg@10 : 0.3582    ndcg@20 : 0.4019    ndcg@30 : 0.4202    ndcg@50 : 0.4397    precision@1 : 0.2342    precision@2 : 0.1952    precision@3 : 0.1716    precision@4 : 0.1546    precision@5 : 0.1406    precision@10 : 0.0995    precision@20 : 0.0665    precision@30 : 0.0502    precision@50 : 0.0344    map@1 : 0.2342    map@2 : 0.2282    map@3 : 0.2337    map@4 : 0.2407    map@5 : 0.2483    map@10 : 0.2694    map@20 : 0.2849    map@30 : 0.2905    map@50 : 0.2952
Sun 15 Mar 2026 20:08:55 INFO  Running E-step ! 
Sun 15 Mar 2026 20:09:01 INFO  epoch 52 training [time: 5.63s, train_loss1: 55.2101, train_loss2: 0.0299, train_loss3: 0.0000, train_loss4: 0.0029]
Sun 15 Mar 2026 20:09:04 INFO  epoch 52 evaluating [time: 3.16s, valid_score: 0.358600]
Sun 15 Mar 2026 20:09:04 INFO  valid result: 
recall@1 : 0.1446    recall@2 : 0.2337    recall@3 : 0.2941    recall@4 : 0.3427    recall@5 : 0.3859    recall@10 : 0.5144    recall@20 : 0.6611    recall@30 : 0.7295    recall@50 : 0.8089    ndcg@1 : 0.2354    ndcg@2 : 0.2602    ndcg@3 : 0.2797    ndcg@4 : 0.2966    ndcg@5 : 0.3123    ndcg@10 : 0.3586    ndcg@20 : 0.4025    ndcg@30 : 0.4209    ndcg@50 : 0.4401    precision@1 : 0.2354    precision@2 : 0.1987    precision@3 : 0.1728    precision@4 : 0.1548    precision@5 : 0.1405    precision@10 : 0.0996    precision@20 : 0.0664    precision@30 : 0.0502    precision@50 : 0.0344    map@1 : 0.2354    map@2 : 0.2306    map@3 : 0.2354    map@4 : 0.2417    map@5 : 0.2491    map@10 : 0.2701    map@20 : 0.2856    map@30 : 0.2913    map@50 : 0.296
Sun 15 Mar 2026 20:09:04 INFO  Running E-step ! 
Sun 15 Mar 2026 20:09:10 INFO  epoch 53 training [time: 5.64s, train_loss1: 56.1528, train_loss2: 0.0296, train_loss3: 0.0000, train_loss4: 0.0033]
Sun 15 Mar 2026 20:09:13 INFO  epoch 53 evaluating [time: 3.42s, valid_score: 0.358700]
Sun 15 Mar 2026 20:09:13 INFO  valid result: 
recall@1 : 0.1473    recall@2 : 0.235    recall@3 : 0.2945    recall@4 : 0.3432    recall@5 : 0.3849    recall@10 : 0.5123    recall@20 : 0.6583    recall@30 : 0.7288    recall@50 : 0.8079    ndcg@1 : 0.2396    ndcg@2 : 0.2617    ndcg@3 : 0.2807    ndcg@4 : 0.2977    ndcg@5 : 0.313    ndcg@10 : 0.3587    ndcg@20 : 0.4026    ndcg@30 : 0.4215    ndcg@50 : 0.4406    precision@1 : 0.2396    precision@2 : 0.1987    precision@3 : 0.1722    precision@4 : 0.1541    precision@5 : 0.14    precision@10 : 0.0989    precision@20 : 0.0662    precision@30 : 0.0502    precision@50 : 0.0343    map@1 : 0.2396    map@2 : 0.2329    map@3 : 0.2369    map@4 : 0.2431    map@5 : 0.2505    map@10 : 0.2711    map@20 : 0.2867    map@30 : 0.2924    map@50 : 0.2971
Sun 15 Mar 2026 20:09:13 INFO  Running E-step ! 
Sun 15 Mar 2026 20:09:18 INFO  epoch 54 training [time: 5.39s, train_loss1: 54.7406, train_loss2: 0.0293, train_loss3: 0.0000, train_loss4: 0.0030]
Sun 15 Mar 2026 20:09:22 INFO  epoch 54 evaluating [time: 3.38s, valid_score: 0.360800]
Sun 15 Mar 2026 20:09:22 INFO  valid result: 
recall@1 : 0.1492    recall@2 : 0.2361    recall@3 : 0.295    recall@4 : 0.3469    recall@5 : 0.3887    recall@10 : 0.5144    recall@20 : 0.6587    recall@30 : 0.7283    recall@50 : 0.8083    ndcg@1 : 0.2431    ndcg@2 : 0.263    ndcg@3 : 0.2819    ndcg@4 : 0.3001    ndcg@5 : 0.3159    ndcg@10 : 0.3608    ndcg@20 : 0.4041    ndcg@30 : 0.4227    ndcg@50 : 0.4421    precision@1 : 0.2431    precision@2 : 0.1987    precision@3 : 0.1722    precision@4 : 0.1546    precision@5 : 0.1414    precision@10 : 0.0995    precision@20 : 0.0664    precision@30 : 0.0502    precision@50 : 0.0344    map@1 : 0.2431    map@2 : 0.2347    map@3 : 0.2385    map@4 : 0.2452    map@5 : 0.2528    map@10 : 0.2731    map@20 : 0.2884    map@30 : 0.294    map@50 : 0.2988
Sun 15 Mar 2026 20:09:22 INFO  Running E-step ! 
Sun 15 Mar 2026 20:09:28 INFO  epoch 55 training [time: 6.09s, train_loss1: 54.2191, train_loss2: 0.0291, train_loss3: 0.0000, train_loss4: 0.0028]
Sun 15 Mar 2026 20:09:31 INFO  epoch 55 evaluating [time: 3.15s, valid_score: 0.360200]
Sun 15 Mar 2026 20:09:31 INFO  valid result: 
recall@1 : 0.1471    recall@2 : 0.2345    recall@3 : 0.2971    recall@4 : 0.3484    recall@5 : 0.3836    recall@10 : 0.5155    recall@20 : 0.6579    recall@30 : 0.7299    recall@50 : 0.8078    ndcg@1 : 0.2366    ndcg@2 : 0.2614    ndcg@3 : 0.2821    ndcg@4 : 0.2998    ndcg@5 : 0.3125    ndcg@10 : 0.3602    ndcg@20 : 0.4029    ndcg@30 : 0.4221    ndcg@50 : 0.4409    precision@1 : 0.2366    precision@2 : 0.1993    precision@3 : 0.174    precision@4 : 0.1551    precision@5 : 0.1396    precision@10 : 0.0998    precision@20 : 0.0665    precision@30 : 0.0503    precision@50 : 0.0344    map@1 : 0.2366    map@2 : 0.2329    map@3 : 0.238    map@4 : 0.2444    map@5 : 0.2506    map@10 : 0.272    map@20 : 0.2874    map@30 : 0.2931    map@50 : 0.2977
Sun 15 Mar 2026 20:09:31 INFO  Running E-step ! 
Sun 15 Mar 2026 20:09:37 INFO  epoch 56 training [time: 5.94s, train_loss1: 53.8028, train_loss2: 0.0288, train_loss3: 0.0000, train_loss4: 0.0028]
Sun 15 Mar 2026 20:09:40 INFO  epoch 56 evaluating [time: 3.25s, valid_score: 0.361200]
Sun 15 Mar 2026 20:09:40 INFO  valid result: 
recall@1 : 0.149    recall@2 : 0.2345    recall@3 : 0.2985    recall@4 : 0.3489    recall@5 : 0.3882    recall@10 : 0.516    recall@20 : 0.662    recall@30 : 0.7296    recall@50 : 0.8085    ndcg@1 : 0.2402    ndcg@2 : 0.2629    ndcg@3 : 0.2831    ndcg@4 : 0.301    ndcg@5 : 0.3156    ndcg@10 : 0.3612    ndcg@20 : 0.4049    ndcg@30 : 0.4232    ndcg@50 : 0.4423    precision@1 : 0.2402    precision@2 : 0.1999    precision@3 : 0.1734    precision@4 : 0.1554    precision@5 : 0.1412    precision@10 : 0.0996    precision@20 : 0.0665    precision@30 : 0.0503    precision@50 : 0.0345    map@1 : 0.2402    map@2 : 0.2348    map@3 : 0.239    map@4 : 0.2458    map@5 : 0.253    map@10 : 0.2734    map@20 : 0.2888    map@30 : 0.2944    map@50 : 0.2991
Sun 15 Mar 2026 20:09:40 INFO  Running E-step ! 
Sun 15 Mar 2026 20:09:46 INFO  epoch 57 training [time: 5.82s, train_loss1: 50.7188, train_loss2: 0.0287, train_loss3: 0.0000, train_loss4: 0.0031]
Sun 15 Mar 2026 20:09:50 INFO  epoch 57 evaluating [time: 3.46s, valid_score: 0.360900]
Sun 15 Mar 2026 20:09:50 INFO  valid result: 
recall@1 : 0.1469    recall@2 : 0.2354    recall@3 : 0.2961    recall@4 : 0.3426    recall@5 : 0.3869    recall@10 : 0.5184    recall@20 : 0.6626    recall@30 : 0.7298    recall@50 : 0.8084    ndcg@1 : 0.239    ndcg@2 : 0.2622    ndcg@3 : 0.2819    ndcg@4 : 0.2972    ndcg@5 : 0.3139    ndcg@10 : 0.3609    ndcg@20 : 0.404    ndcg@30 : 0.4221    ndcg@50 : 0.4411    precision@1 : 0.239    precision@2 : 0.1993    precision@3 : 0.1734    precision@4 : 0.153    precision@5 : 0.1409    precision@10 : 0.1    precision@20 : 0.0666    precision@30 : 0.0503    precision@50 : 0.0344    map@1 : 0.239    map@2 : 0.2336    map@3 : 0.2382    map@4 : 0.243    map@5 : 0.2513    map@10 : 0.2722    map@20 : 0.2874    map@30 : 0.293    map@50 : 0.2977
Sun 15 Mar 2026 20:09:50 INFO  Running E-step ! 
Sun 15 Mar 2026 20:09:56 INFO  epoch 58 training [time: 6.03s, train_loss1: 50.7126, train_loss2: 0.0284, train_loss3: 0.0000, train_loss4: 0.0030]
Sun 15 Mar 2026 20:09:59 INFO  epoch 58 evaluating [time: 3.21s, valid_score: 0.358400]
Sun 15 Mar 2026 20:09:59 INFO  valid result: 
recall@1 : 0.1453    recall@2 : 0.2355    recall@3 : 0.294    recall@4 : 0.3417    recall@5 : 0.3837    recall@10 : 0.5137    recall@20 : 0.6606    recall@30 : 0.7291    recall@50 : 0.8088    ndcg@1 : 0.236    ndcg@2 : 0.2615    ndcg@3 : 0.2793    ndcg@4 : 0.2959    ndcg@5 : 0.3117    ndcg@10 : 0.3584    ndcg@20 : 0.4022    ndcg@30 : 0.4206    ndcg@50 : 0.44    precision@1 : 0.236    precision@2 : 0.1993    precision@3 : 0.1708    precision@4 : 0.1529    precision@5 : 0.1402    precision@10 : 0.0995    precision@20 : 0.0663    precision@30 : 0.0502    precision@50 : 0.0345    map@1 : 0.236    map@2 : 0.233    map@3 : 0.2361    map@4 : 0.2417    map@5 : 0.2495    map@10 : 0.2705    map@20 : 0.286    map@30 : 0.2916    map@50 : 0.2964
Sun 15 Mar 2026 20:09:59 INFO  Running E-step ! 
Sun 15 Mar 2026 20:10:05 INFO  epoch 59 training [time: 6.12s, train_loss1: 49.8808, train_loss2: 0.0282, train_loss3: 0.0000, train_loss4: 0.0033]
Sun 15 Mar 2026 20:10:08 INFO  epoch 59 evaluating [time: 3.34s, valid_score: 0.358800]
Sun 15 Mar 2026 20:10:08 INFO  valid result: 
recall@1 : 0.1468    recall@2 : 0.233    recall@3 : 0.2953    recall@4 : 0.3447    recall@5 : 0.383    recall@10 : 0.514    recall@20 : 0.6598    recall@30 : 0.7286    recall@50 : 0.8119    ndcg@1 : 0.2378    ndcg@2 : 0.2598    ndcg@3 : 0.28    ndcg@4 : 0.2977    ndcg@5 : 0.3119    ndcg@10 : 0.3588    ndcg@20 : 0.4024    ndcg@30 : 0.4209    ndcg@50 : 0.4409    precision@1 : 0.2378    precision@2 : 0.197    precision@3 : 0.1712    precision@4 : 0.1542    precision@5 : 0.14    precision@10 : 0.0993    precision@20 : 0.0663    precision@30 : 0.0502    precision@50 : 0.0345    map@1 : 0.2378    map@2 : 0.2315    map@3 : 0.2362    map@4 : 0.243    map@5 : 0.2501    map@10 : 0.2709    map@20 : 0.2865    map@30 : 0.292    map@50 : 0.2969
Sun 15 Mar 2026 20:10:08 INFO  Running E-step ! 
Sun 15 Mar 2026 20:10:14 INFO  epoch 60 training [time: 5.36s, train_loss1: 49.9059, train_loss2: 0.0279, train_loss3: 0.0000, train_loss4: 0.0029]
Sun 15 Mar 2026 20:10:17 INFO  epoch 60 evaluating [time: 3.26s, valid_score: 0.358000]
Sun 15 Mar 2026 20:10:17 INFO  valid result: 
recall@1 : 0.1473    recall@2 : 0.2319    recall@3 : 0.2899    recall@4 : 0.3426    recall@5 : 0.3753    recall@10 : 0.5144    recall@20 : 0.6585    recall@30 : 0.7299    recall@50 : 0.8127    ndcg@1 : 0.2384    ndcg@2 : 0.2586    ndcg@3 : 0.2772    ndcg@4 : 0.2963    ndcg@5 : 0.3084    ndcg@10 : 0.358    ndcg@20 : 0.4011    ndcg@30 : 0.4203    ndcg@50 : 0.4401    precision@1 : 0.2384    precision@2 : 0.1955    precision@3 : 0.1692    precision@4 : 0.1535    precision@5 : 0.1384    precision@10 : 0.0994    precision@20 : 0.0662    precision@30 : 0.0502    precision@50 : 0.0345    map@1 : 0.2384    map@2 : 0.2306    map@3 : 0.2343    map@4 : 0.242    map@5 : 0.248    map@10 : 0.2699    map@20 : 0.2854    map@30 : 0.291    map@50 : 0.2959
Sun 15 Mar 2026 20:10:17 INFO  Running E-step ! 
Sun 15 Mar 2026 20:10:22 INFO  epoch 61 training [time: 5.50s, train_loss1: 49.6510, train_loss2: 0.0277, train_loss3: 0.0000, train_loss4: 0.0027]
Sun 15 Mar 2026 20:10:26 INFO  epoch 61 evaluating [time: 3.38s, valid_score: 0.358600]
Sun 15 Mar 2026 20:10:26 INFO  valid result: 
recall@1 : 0.1475    recall@2 : 0.2293    recall@3 : 0.2891    recall@4 : 0.337    recall@5 : 0.3759    recall@10 : 0.5184    recall@20 : 0.6558    recall@30 : 0.7296    recall@50 : 0.8129    ndcg@1 : 0.239    ndcg@2 : 0.2575    ndcg@3 : 0.2764    ndcg@4 : 0.2936    ndcg@5 : 0.3082    ndcg@10 : 0.3586    ndcg@20 : 0.3997    ndcg@30 : 0.4194    ndcg@50 : 0.4394    precision@1 : 0.239    precision@2 : 0.1943    precision@3 : 0.1687    precision@4 : 0.1521    precision@5 : 0.1386    precision@10 : 0.0999    precision@20 : 0.0658    precision@30 : 0.0502    precision@50 : 0.0345    map@1 : 0.239    map@2 : 0.2297    map@3 : 0.2338    map@4 : 0.2406    map@5 : 0.2474    map@10 : 0.2696    map@20 : 0.2842    map@30 : 0.2901    map@50 : 0.295
Sun 15 Mar 2026 20:10:26 INFO  Running E-step ! 
Sun 15 Mar 2026 20:10:32 INFO  epoch 62 training [time: 5.83s, train_loss1: 47.2638, train_loss2: 0.0275, train_loss3: 0.0000, train_loss4: 0.0027]
Sun 15 Mar 2026 20:10:35 INFO  epoch 62 evaluating [time: 3.28s, valid_score: 0.357800]
Sun 15 Mar 2026 20:10:35 INFO  valid result: 
recall@1 : 0.1488    recall@2 : 0.2292    recall@3 : 0.2835    recall@4 : 0.3344    recall@5 : 0.3739    recall@10 : 0.5172    recall@20 : 0.6566    recall@30 : 0.7268    recall@50 : 0.812    ndcg@1 : 0.239    ndcg@2 : 0.2572    ndcg@3 : 0.2734    ndcg@4 : 0.2919    ndcg@5 : 0.3069    ndcg@10 : 0.3578    ndcg@20 : 0.3997    ndcg@30 : 0.4183    ndcg@50 : 0.4389    precision@1 : 0.239    precision@2 : 0.194    precision@3 : 0.1661    precision@4 : 0.1505    precision@5 : 0.1377    precision@10 : 0.0994    precision@20 : 0.0659    precision@30 : 0.0498    precision@50 : 0.0345    map@1 : 0.239    map@2 : 0.2297    map@3 : 0.2324    map@4 : 0.2397    map@5 : 0.2468    map@10 : 0.2694    map@20 : 0.2842    map@30 : 0.2898    map@50 : 0.2948
Sun 15 Mar 2026 20:10:35 INFO  Running E-step ! 
Sun 15 Mar 2026 20:10:41 INFO  epoch 63 training [time: 6.19s, train_loss1: 47.1060, train_loss2: 0.0273, train_loss3: 0.0000, train_loss4: 0.0026]
Sun 15 Mar 2026 20:10:44 INFO  epoch 63 evaluating [time: 3.29s, valid_score: 0.355500]
Sun 15 Mar 2026 20:10:44 INFO  valid result: 
recall@1 : 0.1471    recall@2 : 0.2286    recall@3 : 0.2829    recall@4 : 0.333    recall@5 : 0.3699    recall@10 : 0.5138    recall@20 : 0.6575    recall@30 : 0.7253    recall@50 : 0.8124    ndcg@1 : 0.2372    ndcg@2 : 0.2557    ndcg@3 : 0.2723    ndcg@4 : 0.2903    ndcg@5 : 0.3043    ndcg@10 : 0.3555    ndcg@20 : 0.3986    ndcg@30 : 0.4168    ndcg@50 : 0.4378    precision@1 : 0.2372    precision@2 : 0.1928    precision@3 : 0.1655    precision@4 : 0.1499    precision@5 : 0.1365    precision@10 : 0.099    precision@20 : 0.066    precision@30 : 0.0498    precision@50 : 0.0345    map@1 : 0.2372    map@2 : 0.2279    map@3 : 0.2312    map@4 : 0.2382    map@5 : 0.2446    map@10 : 0.2676    map@20 : 0.2827    map@30 : 0.2882    map@50 : 0.2933
Sun 15 Mar 2026 20:10:44 INFO  Running E-step ! 
Sun 15 Mar 2026 20:10:50 INFO  epoch 64 training [time: 5.56s, train_loss1: 45.9580, train_loss2: 0.0272, train_loss3: 0.0000, train_loss4: 0.0027]
Sun 15 Mar 2026 20:10:53 INFO  epoch 64 evaluating [time: 3.19s, valid_score: 0.357800]
Sun 15 Mar 2026 20:10:53 INFO  valid result: 
recall@1 : 0.1492    recall@2 : 0.2278    recall@3 : 0.2861    recall@4 : 0.3347    recall@5 : 0.3745    recall@10 : 0.5163    recall@20 : 0.6577    recall@30 : 0.7268    recall@50 : 0.8112    ndcg@1 : 0.2384    ndcg@2 : 0.2561    ndcg@3 : 0.2748    ndcg@4 : 0.292    ndcg@5 : 0.3075    ndcg@10 : 0.3578    ndcg@20 : 0.4003    ndcg@30 : 0.4189    ndcg@50 : 0.4392    precision@1 : 0.2384    precision@2 : 0.1928    precision@3 : 0.1673    precision@4 : 0.1503    precision@5 : 0.1384    precision@10 : 0.0994    precision@20 : 0.066    precision@30 : 0.05    precision@50 : 0.0345    map@1 : 0.2384    map@2 : 0.229    map@3 : 0.2334    map@4 : 0.2399    map@5 : 0.2473    map@10 : 0.2696    map@20 : 0.2847    map@30 : 0.2904    map@50 : 0.2953
Sun 15 Mar 2026 20:10:53 INFO  Running E-step ! 
Sun 15 Mar 2026 20:10:59 INFO  epoch 65 training [time: 5.54s, train_loss1: 45.4988, train_loss2: 0.0270, train_loss3: 0.0000, train_loss4: 0.0028]
Sun 15 Mar 2026 20:11:02 INFO  epoch 65 evaluating [time: 3.36s, valid_score: 0.355100]
Sun 15 Mar 2026 20:11:02 INFO  valid result: 
recall@1 : 0.146    recall@2 : 0.2234    recall@3 : 0.2865    recall@4 : 0.3332    recall@5 : 0.3684    recall@10 : 0.5149    recall@20 : 0.658    recall@30 : 0.7247    recall@50 : 0.8107    ndcg@1 : 0.2348    ndcg@2 : 0.2519    ndcg@3 : 0.2731    ndcg@4 : 0.2895    ndcg@5 : 0.3026    ndcg@10 : 0.3551    ndcg@20 : 0.3979    ndcg@30 : 0.416    ndcg@50 : 0.4366    precision@1 : 0.2348    precision@2 : 0.1904    precision@3 : 0.1675    precision@4 : 0.1497    precision@5 : 0.1356    precision@10 : 0.0991    precision@20 : 0.066    precision@30 : 0.05    precision@50 : 0.0345    map@1 : 0.2348    map@2 : 0.2247    map@3 : 0.2309    map@4 : 0.2373    map@5 : 0.2431    map@10 : 0.2664    map@20 : 0.2816    map@30 : 0.2872    map@50 : 0.2921
Sun 15 Mar 2026 20:11:02 INFO  Running E-step ! 
Sun 15 Mar 2026 20:11:07 INFO  epoch 66 training [time: 5.21s, train_loss1: 45.5237, train_loss2: 0.0268, train_loss3: 0.0000, train_loss4: 0.0029]
Sun 15 Mar 2026 20:11:11 INFO  epoch 66 evaluating [time: 3.27s, valid_score: 0.354500]
Sun 15 Mar 2026 20:11:11 INFO  valid result: 
recall@1 : 0.1499    recall@2 : 0.2215    recall@3 : 0.2849    recall@4 : 0.3334    recall@5 : 0.363    recall@10 : 0.5102    recall@20 : 0.6577    recall@30 : 0.7247    recall@50 : 0.8098    ndcg@1 : 0.2378    ndcg@2 : 0.2519    ndcg@3 : 0.2733    ndcg@4 : 0.2911    ndcg@5 : 0.3016    ndcg@10 : 0.3545    ndcg@20 : 0.3986    ndcg@30 : 0.4167    ndcg@50 : 0.4371    precision@1 : 0.2378    precision@2 : 0.1889    precision@3 : 0.1669    precision@4 : 0.1508    precision@5 : 0.1344    precision@10 : 0.0987    precision@20 : 0.066    precision@30 : 0.05    precision@50 : 0.0345    map@1 : 0.2378    map@2 : 0.2256    map@3 : 0.2319    map@4 : 0.239    map@5 : 0.2436    map@10 : 0.2671    map@20 : 0.2828    map@30 : 0.2882    map@50 : 0.2932
Sun 15 Mar 2026 20:11:11 INFO  Running E-step ! 
Sun 15 Mar 2026 20:11:16 INFO  epoch 67 training [time: 5.88s, train_loss1: 44.4751, train_loss2: 0.0266, train_loss3: 0.0000, train_loss4: 0.0031]
Sun 15 Mar 2026 20:11:20 INFO  epoch 67 evaluating [time: 3.36s, valid_score: 0.354800]
Sun 15 Mar 2026 20:11:20 INFO  valid result: 
recall@1 : 0.146    recall@2 : 0.2248    recall@3 : 0.2842    recall@4 : 0.3322    recall@5 : 0.3685    recall@10 : 0.5138    recall@20 : 0.6546    recall@30 : 0.7211    recall@50 : 0.8098    ndcg@1 : 0.2336    ndcg@2 : 0.2531    ndcg@3 : 0.2724    ndcg@4 : 0.2895    ndcg@5 : 0.3024    ndcg@10 : 0.3548    ndcg@20 : 0.3971    ndcg@30 : 0.4151    ndcg@50 : 0.4362    precision@1 : 0.2336    precision@2 : 0.1916    precision@3 : 0.1673    precision@4 : 0.1505    precision@5 : 0.1353    precision@10 : 0.0992    precision@20 : 0.0659    precision@30 : 0.0498    precision@50 : 0.0345    map@1 : 0.2336    map@2 : 0.2256    map@3 : 0.2307    map@4 : 0.237    map@5 : 0.243    map@10 : 0.2664    map@20 : 0.2815    map@30 : 0.2869    map@50 : 0.292
Sun 15 Mar 2026 20:11:20 INFO  Finished training, best eval result in epoch 46
Sun 15 Mar 2026 20:11:20 INFO  Loading model structure and parameters from saved/SCL-Mar-15-2026_20-00-47.pth
Sun 15 Mar 2026 20:11:23 INFO  best valid : OrderedDict([('recall@1', 0.1494), ('recall@2', 0.2324), ('recall@3', 0.2926), ('recall@4', 0.3431), ('recall@5', 0.3902), ('recall@10', 0.5221), ('recall@20', 0.6557), ('recall@30', 0.7277), ('recall@50', 0.8155), ('ndcg@1', 0.2431), ('ndcg@2', 0.2618), ('ndcg@3', 0.2805), ('ndcg@4', 0.2983), ('ndcg@5', 0.3154), ('ndcg@10', 0.3625), ('ndcg@20', 0.4032), ('ndcg@30', 0.4224), ('ndcg@50', 0.4431), ('precision@1', 0.2431), ('precision@2', 0.1979), ('precision@3', 0.1714), ('precision@4', 0.1542), ('precision@5', 0.141), ('precision@10', 0.1), ('precision@20', 0.0662), ('precision@30', 0.0501), ('precision@50', 0.0344), ('map@1', 0.2431), ('map@2', 0.2335), ('map@3', 0.2374), ('map@4', 0.2442), ('map@5', 0.2522), ('map@10', 0.2731), ('map@20', 0.2879), ('map@30', 0.2937), ('map@50', 0.2985)])
Sun 15 Mar 2026 20:11:23 INFO  test result: OrderedDict([('recall@1', 0.1818), ('recall@2', 0.2765), ('recall@3', 0.3304), ('recall@4', 0.3783), ('recall@5', 0.4125), ('recall@10', 0.5265), ('recall@20', 0.6589), ('recall@30', 0.7364), ('recall@50', 0.8217), ('ndcg@1', 0.3021), ('ndcg@2', 0.3167), ('ndcg@3', 0.3284), ('ndcg@4', 0.3432), ('ndcg@5', 0.3541), ('ndcg@10', 0.392), ('ndcg@20', 0.43), ('ndcg@30', 0.4501), ('ndcg@50', 0.4698), ('precision@1', 0.3021), ('precision@2', 0.2369), ('precision@3', 0.1968), ('precision@4', 0.1728), ('precision@5', 0.1538), ('precision@10', 0.1023), ('precision@20', 0.0653), ('precision@30', 0.0493), ('precision@50', 0.0335), ('map@1', 0.3021), ('map@2', 0.2895), ('map@3', 0.288), ('map@4', 0.2924), ('map@5', 0.2964), ('map@10', 0.3115), ('map@20', 0.3244), ('map@30', 0.3301), ('map@50', 0.3344)])
Sun 15 Mar 2026 20:11:23 INFO  training time: 632.3042s
Sun 15 Mar 2026 20:11:23 INFO  result file: results/scl_wo_semantic_seed2028.json
