Sun 15 Mar 2026 19:49:00 INFO  
General Hyper Parameters:
gpu_id = 0
use_gpu = True
seed = 2027
state = INFO
reproducibility = True
data_path = ./travel
checkpoint_dir = saved
show_progress = True
save_dataset = False
dataset_save_path = None
save_dataloaders = False
dataloaders_save_path = None
log_wandb = False

Training Hyper Parameters:
epochs = 1000
train_batch_size = 100
learner = adam
learning_rate = 0.001
train_neg_sample_args = {'distribution': 'uniform', 'sample_num': 1, 'alpha': 1.0, 'dynamic': False, 'candidate_num': 0}
eval_step = 1
stopping_step = 20
clip_grad_norm = None
weight_decay = 0.0
loss_decimal_place = 4

Evaluation Hyper Parameters:
eval_args = {'split': {'RS': [0.8, 0.1, 0.1]}, 'order': 'RO', 'group_by': 'user', 'mode': {'valid': 'full', 'test': 'full'}}
repeatable = False
metrics = ['Recall', 'NDCG', 'Precision', 'MAP']
topk = [1, 2, 3, 4, 5, 10, 20, 30, 50]
valid_metric = NDCG@10
valid_metric_bigger = True
eval_batch_size = 100
metric_decimal_place = 4

Dataset Hyper Parameters:
field_separator = 	
seq_separator =  
USER_ID_FIELD = user_id
ITEM_ID_FIELD = item_id
RATING_FIELD = rating
TIME_FIELD = timestamp
seq_len = None
LABEL_FIELD = label
threshold = None
NEG_PREFIX = neg_
load_col = {'inter': ['user_id', 'item_id', 'rating'], 'user': ['user_id', 'post_num', 'follower', 'following', 'timestamp']}
unload_col = None
unused_col = None
additional_feat_suffix = None
rm_dup_inter = None
val_interval = {'rating': '[0,inf)'}
filter_inter_by_user_or_item = True
user_inter_num_interval = [0,inf)
item_inter_num_interval = [0,inf)
alias_of_user_id = None
alias_of_item_id = None
alias_of_entity_id = None
alias_of_relation_id = None
preload_weight = None
normalize_field = None
normalize_all = None
ITEM_LIST_LENGTH_FIELD = item_length
LIST_SUFFIX = _list
MAX_ITEM_LIST_LENGTH = 50
POSITION_FIELD = position_id
HEAD_ENTITY_ID_FIELD = head_id
TAIL_ENTITY_ID_FIELD = tail_id
RELATION_ID_FIELD = relation_id
ENTITY_ID_FIELD = entity_id
benchmark_filename = None

Other Hyper Parameters: 
worker = 0
wandb_project = recbole
shuffle = True
require_pow = False
enable_amp = False
enable_scaler = False
transform = None
numerical_features = []
discretization = None
kg_reverse_r = False
entity_kg_num_interval = [0,inf)
relation_kg_num_interval = [0,inf)
MODEL_TYPE = ModelType.GENERAL
embedding_size = 64
n_layers = 3
reg_weight = 0.0001
smt_latent_dim = 64
ssl_temp = 0.1
ssl_reg = 1e-07
hyper_layers = 1
alpha = 1
potential_reg = 8e-08
semantic_reg = 0.0
num_clusters = 10
m_step = 1
warm_up_step = 20
user_feature_path = features/roberta_user.npy
item_feature_path = features/roberta_item.npy
MODEL_INPUT_TYPE = InputType.PAIRWISE
eval_type = EvaluatorType.RANKING
single_spec = True
local_rank = 0
device = cuda
valid_neg_sample_args = {'distribution': 'uniform', 'sample_num': 'none'}
test_neg_sample_args = {'distribution': 'uniform', 'sample_num': 'none'}


Sun 15 Mar 2026 19:49:00 INFO  travel
The number of users: 2010
Average actions of users: 18.721254355400696
The number of items: 247
Average actions of items: 152.890243902439
The number of inters: 37611
The sparsity of the dataset: 92.42431566862047%
Remain Fields: ['user_id', 'item_id', 'rating', 'post_num', 'follower', 'following', 'timestamp']
Sun 15 Mar 2026 19:49:01 INFO  [Training]: train_batch_size = [100] train_neg_sample_args: [{'distribution': 'uniform', 'sample_num': 1, 'alpha': 1.0, 'dynamic': False, 'candidate_num': 0}]
Sun 15 Mar 2026 19:49:01 INFO  [Evaluation]: eval_batch_size = [100] eval_args: [{'split': {'RS': [0.8, 0.1, 0.1]}, 'order': 'RO', 'group_by': 'user', 'mode': {'valid': 'full', 'test': 'full'}}]
Sun 15 Mar 2026 19:49:02 INFO  SCL(
  (u_MLP): Linear(in_features=1024, out_features=64, bias=True)
  (i_MLP): Linear(in_features=1024, out_features=64, bias=True)
  (user_embedding): Embedding(2010, 64)
  (item_embedding): Embedding(247, 64)
  (mf_loss): BPRLoss()
  (reg_loss): EmbLoss()
)
Trainable parameters: 144448
Sun 15 Mar 2026 19:49:02 INFO  trainable parameters: 144448
Sun 15 Mar 2026 19:49:03 INFO  Running E-step ! 
Sun 15 Mar 2026 19:49:09 INFO  epoch 0 training [time: 5.96s, train_loss1: 157.0460, train_loss2: 0.0389, train_loss3: 0.0000]
Sun 15 Mar 2026 19:49:13 INFO  epoch 0 evaluating [time: 4.16s, valid_score: 0.302700]
Sun 15 Mar 2026 19:49:13 INFO  valid result: 
recall@1 : 0.1164    recall@2 : 0.2097    recall@3 : 0.2698    recall@4 : 0.305    recall@5 : 0.3365    recall@10 : 0.4426    recall@20 : 0.5771    recall@30 : 0.654    recall@50 : 0.7559    ndcg@1 : 0.1871    ndcg@2 : 0.2207    ndcg@3 : 0.242    ndcg@4 : 0.2539    ndcg@5 : 0.2651    ndcg@10 : 0.3027    ndcg@20 : 0.3426    ndcg@30 : 0.3634    ndcg@50 : 0.3879    precision@1 : 0.1871    precision@2 : 0.1672    precision@3 : 0.1452    precision@4 : 0.1269    precision@5 : 0.1137    precision@10 : 0.079    precision@20 : 0.0544    precision@30 : 0.0429    precision@50 : 0.031    map@1 : 0.1871    map@2 : 0.1931    map@3 : 0.2006    map@4 : 0.2042    map@5 : 0.209    map@10 : 0.2246    map@20 : 0.2374    map@30 : 0.2429    map@50 : 0.2482
Sun 15 Mar 2026 19:49:13 INFO  Saving current: saved/SCL-Mar-15-2026_19-49-02.pth
Sun 15 Mar 2026 19:49:13 INFO  Saving current best: saved/SCL-Mar-15-2026_19-49-02.pth
Sun 15 Mar 2026 19:49:13 INFO  Running E-step ! 
Sun 15 Mar 2026 19:49:19 INFO  epoch 1 training [time: 5.98s, train_loss1: 124.7519, train_loss2: 0.0407, train_loss3: 0.0000]
Sun 15 Mar 2026 19:49:23 INFO  epoch 1 evaluating [time: 4.06s, valid_score: 0.309300]
Sun 15 Mar 2026 19:49:23 INFO  valid result: 
recall@1 : 0.1311    recall@2 : 0.2086    recall@3 : 0.2683    recall@4 : 0.306    recall@5 : 0.3391    recall@10 : 0.4456    recall@20 : 0.579    recall@30 : 0.6516    recall@50 : 0.7554    ndcg@1 : 0.2002    ndcg@2 : 0.2246    ndcg@3 : 0.2459    ndcg@4 : 0.2593    ndcg@5 : 0.2713    ndcg@10 : 0.3093    ndcg@20 : 0.3486    ndcg@30 : 0.3683    ndcg@50 : 0.3932    precision@1 : 0.2002    precision@2 : 0.1663    precision@3 : 0.144    precision@4 : 0.1271    precision@5 : 0.1145    precision@10 : 0.08    precision@20 : 0.0546    precision@30 : 0.0427    precision@50 : 0.031    map@1 : 0.2002    map@2 : 0.199    map@3 : 0.207    map@4 : 0.2115    map@5 : 0.2167    map@10 : 0.2325    map@20 : 0.2452    map@30 : 0.2505    map@50 : 0.2559
Sun 15 Mar 2026 19:49:23 INFO  Saving current: saved/SCL-Mar-15-2026_19-49-02.pth
Sun 15 Mar 2026 19:49:23 INFO  Saving current best: saved/SCL-Mar-15-2026_19-49-02.pth
Sun 15 Mar 2026 19:49:23 INFO  Running E-step ! 
Sun 15 Mar 2026 19:49:29 INFO  epoch 2 training [time: 5.54s, train_loss1: 121.5780, train_loss2: 0.0421, train_loss3: 0.0000]
Sun 15 Mar 2026 19:49:33 INFO  epoch 2 evaluating [time: 4.08s, valid_score: 0.309800]
Sun 15 Mar 2026 19:49:33 INFO  valid result: 
recall@1 : 0.1329    recall@2 : 0.2089    recall@3 : 0.2683    recall@4 : 0.3034    recall@5 : 0.3342    recall@10 : 0.4468    recall@20 : 0.5774    recall@30 : 0.6505    recall@50 : 0.7497    ndcg@1 : 0.2032    ndcg@2 : 0.226    ndcg@3 : 0.2471    ndcg@4 : 0.2592    ndcg@5 : 0.2702    ndcg@10 : 0.3098    ndcg@20 : 0.3487    ndcg@30 : 0.3685    ndcg@50 : 0.3924    precision@1 : 0.2032    precision@2 : 0.1666    precision@3 : 0.1446    precision@4 : 0.1268    precision@5 : 0.1136    precision@10 : 0.08    precision@20 : 0.0547    precision@30 : 0.0428    precision@50 : 0.031    map@1 : 0.2032    map@2 : 0.2005    map@3 : 0.208    map@4 : 0.2119    map@5 : 0.2165    map@10 : 0.2328    map@20 : 0.2455    map@30 : 0.2509    map@50 : 0.2561
Sun 15 Mar 2026 19:49:33 INFO  Saving current: saved/SCL-Mar-15-2026_19-49-02.pth
Sun 15 Mar 2026 19:49:33 INFO  Saving current best: saved/SCL-Mar-15-2026_19-49-02.pth
Sun 15 Mar 2026 19:49:33 INFO  Running E-step ! 
Sun 15 Mar 2026 19:49:39 INFO  epoch 3 training [time: 5.94s, train_loss1: 120.4039, train_loss2: 0.0433, train_loss3: 0.0000]
Sun 15 Mar 2026 19:49:43 INFO  epoch 3 evaluating [time: 4.03s, valid_score: 0.309200]
Sun 15 Mar 2026 19:49:43 INFO  valid result: 
recall@1 : 0.1329    recall@2 : 0.2092    recall@3 : 0.27    recall@4 : 0.3037    recall@5 : 0.3343    recall@10 : 0.4442    recall@20 : 0.5759    recall@30 : 0.65    recall@50 : 0.7564    ndcg@1 : 0.2032    ndcg@2 : 0.226    ndcg@3 : 0.248    ndcg@4 : 0.2595    ndcg@5 : 0.2703    ndcg@10 : 0.3092    ndcg@20 : 0.3487    ndcg@30 : 0.3686    ndcg@50 : 0.3941    precision@1 : 0.2032    precision@2 : 0.1666    precision@3 : 0.1454    precision@4 : 0.1268    precision@5 : 0.1133    precision@10 : 0.0795    precision@20 : 0.0546    precision@30 : 0.0428    precision@50 : 0.0311    map@1 : 0.2032    map@2 : 0.2005    map@3 : 0.2087    map@4 : 0.2121    map@5 : 0.2167    map@10 : 0.2328    map@20 : 0.2458    map@30 : 0.2512    map@50 : 0.2566
Sun 15 Mar 2026 19:49:43 INFO  Running E-step ! 
Sun 15 Mar 2026 19:49:49 INFO  epoch 4 training [time: 5.97s, train_loss1: 120.2934, train_loss2: 0.0447, train_loss3: 0.0000]
Sun 15 Mar 2026 19:49:53 INFO  epoch 4 evaluating [time: 4.18s, valid_score: 0.308100]
Sun 15 Mar 2026 19:49:53 INFO  valid result: 
recall@1 : 0.1309    recall@2 : 0.2086    recall@3 : 0.2682    recall@4 : 0.306    recall@5 : 0.338    recall@10 : 0.443    recall@20 : 0.5779    recall@30 : 0.6526    recall@50 : 0.7543    ndcg@1 : 0.1996    ndcg@2 : 0.2243    ndcg@3 : 0.2457    ndcg@4 : 0.2593    ndcg@5 : 0.2707    ndcg@10 : 0.3081    ndcg@20 : 0.3484    ndcg@30 : 0.3684    ndcg@50 : 0.3927    precision@1 : 0.1996    precision@2 : 0.1663    precision@3 : 0.144    precision@4 : 0.1274    precision@5 : 0.1139    precision@10 : 0.0796    precision@20 : 0.0549    precision@30 : 0.0429    precision@50 : 0.0311    map@1 : 0.1996    map@2 : 0.1989    map@3 : 0.2069    map@4 : 0.2115    map@5 : 0.2164    map@10 : 0.2319    map@20 : 0.2451    map@30 : 0.2505    map@50 : 0.2557
Sun 15 Mar 2026 19:49:53 INFO  Running E-step ! 
Sun 15 Mar 2026 19:49:59 INFO  epoch 5 training [time: 5.90s, train_loss1: 119.3515, train_loss2: 0.0463, train_loss3: 0.0000]
Sun 15 Mar 2026 19:50:03 INFO  epoch 5 evaluating [time: 4.13s, valid_score: 0.308300]
Sun 15 Mar 2026 19:50:03 INFO  valid result: 
recall@1 : 0.1311    recall@2 : 0.2084    recall@3 : 0.2682    recall@4 : 0.3061    recall@5 : 0.3404    recall@10 : 0.4425    recall@20 : 0.5782    recall@30 : 0.6485    recall@50 : 0.7424    ndcg@1 : 0.2002    ndcg@2 : 0.2244    ndcg@3 : 0.2459    ndcg@4 : 0.2592    ndcg@5 : 0.272    ndcg@10 : 0.3083    ndcg@20 : 0.3487    ndcg@30 : 0.3678    ndcg@50 : 0.3909    precision@1 : 0.2002    precision@2 : 0.166    precision@3 : 0.1438    precision@4 : 0.1269    precision@5 : 0.1151    precision@10 : 0.0797    precision@20 : 0.0549    precision@30 : 0.0427    precision@50 : 0.0309    map@1 : 0.2002    map@2 : 0.1987    map@3 : 0.2068    map@4 : 0.2113    map@5 : 0.217    map@10 : 0.2322    map@20 : 0.2453    map@30 : 0.2505    map@50 : 0.2557
Sun 15 Mar 2026 19:50:03 INFO  Running E-step ! 
Sun 15 Mar 2026 19:50:09 INFO  epoch 6 training [time: 6.06s, train_loss1: 118.3692, train_loss2: 0.0473, train_loss3: 0.0000]
Sun 15 Mar 2026 19:50:14 INFO  epoch 6 evaluating [time: 4.22s, valid_score: 0.308100]
Sun 15 Mar 2026 19:50:14 INFO  valid result: 
recall@1 : 0.1311    recall@2 : 0.2083    recall@3 : 0.2682    recall@4 : 0.3067    recall@5 : 0.3395    recall@10 : 0.4425    recall@20 : 0.5798    recall@30 : 0.6522    recall@50 : 0.7411    ndcg@1 : 0.2002    ndcg@2 : 0.2239    ndcg@3 : 0.2458    ndcg@4 : 0.2595    ndcg@5 : 0.2713    ndcg@10 : 0.3081    ndcg@20 : 0.3491    ndcg@30 : 0.3687    ndcg@50 : 0.3907    precision@1 : 0.2002    precision@2 : 0.1654    precision@3 : 0.1438    precision@4 : 0.1272    precision@5 : 0.1144    precision@10 : 0.0795    precision@20 : 0.0551    precision@30 : 0.043    precision@50 : 0.0309    map@1 : 0.2002    map@2 : 0.1985    map@3 : 0.2067    map@4 : 0.2114    map@5 : 0.2165    map@10 : 0.2319    map@20 : 0.2454    map@30 : 0.2506    map@50 : 0.2556
Sun 15 Mar 2026 19:50:14 INFO  Running E-step ! 
Sun 15 Mar 2026 19:50:19 INFO  epoch 7 training [time: 5.87s, train_loss1: 116.5013, train_loss2: 0.0481, train_loss3: 0.0000]
Sun 15 Mar 2026 19:50:24 INFO  epoch 7 evaluating [time: 4.32s, valid_score: 0.308600]
Sun 15 Mar 2026 19:50:24 INFO  valid result: 
recall@1 : 0.1308    recall@2 : 0.2074    recall@3 : 0.2618    recall@4 : 0.3087    recall@5 : 0.3412    recall@10 : 0.4443    recall@20 : 0.5803    recall@30 : 0.6507    recall@50 : 0.7422    ndcg@1 : 0.2002    ndcg@2 : 0.2248    ndcg@3 : 0.2426    ndcg@4 : 0.2601    ndcg@5 : 0.2717    ndcg@10 : 0.3086    ndcg@20 : 0.3494    ndcg@30 : 0.3685    ndcg@50 : 0.391    precision@1 : 0.2002    precision@2 : 0.1672    precision@3 : 0.1416    precision@4 : 0.1283    precision@5 : 0.1151    precision@10 : 0.0799    precision@20 : 0.0554    precision@30 : 0.0431    precision@50 : 0.0309    map@1 : 0.2002    map@2 : 0.199    map@3 : 0.2044    map@4 : 0.2113    map@5 : 0.2165    map@10 : 0.2318    map@20 : 0.2452    map@30 : 0.2504    map@50 : 0.2555
Sun 15 Mar 2026 19:50:24 INFO  Running E-step ! 
Sun 15 Mar 2026 19:50:30 INFO  epoch 8 training [time: 6.07s, train_loss1: 115.9430, train_loss2: 0.0493, train_loss3: 0.0000]
Sun 15 Mar 2026 19:50:34 INFO  epoch 8 evaluating [time: 4.33s, valid_score: 0.304000]
Sun 15 Mar 2026 19:50:34 INFO  valid result: 
recall@1 : 0.1147    recall@2 : 0.2083    recall@3 : 0.268    recall@4 : 0.3063    recall@5 : 0.3397    recall@10 : 0.4475    recall@20 : 0.5799    recall@30 : 0.6535    recall@50 : 0.745    ndcg@1 : 0.1853    ndcg@2 : 0.22    ndcg@3 : 0.2399    ndcg@4 : 0.2538    ndcg@5 : 0.2659    ndcg@10 : 0.304    ndcg@20 : 0.3438    ndcg@30 : 0.3637    ndcg@50 : 0.3863    precision@1 : 0.1853    precision@2 : 0.1675    precision@3 : 0.1434    precision@4 : 0.1277    precision@5 : 0.1153    precision@10 : 0.0803    precision@20 : 0.0553    precision@30 : 0.0431    precision@50 : 0.0311    map@1 : 0.1853    map@2 : 0.1922    map@3 : 0.1987    map@4 : 0.2034    map@5 : 0.2088    map@10 : 0.2246    map@20 : 0.2376    map@30 : 0.2431    map@50 : 0.2482
Sun 15 Mar 2026 19:50:34 INFO  Running E-step ! 
Sun 15 Mar 2026 19:50:40 INFO  epoch 9 training [time: 5.91s, train_loss1: 115.3313, train_loss2: 0.0501, train_loss3: 0.0000]
Sun 15 Mar 2026 19:50:44 INFO  epoch 9 evaluating [time: 4.35s, valid_score: 0.305200]
Sun 15 Mar 2026 19:50:44 INFO  valid result: 
recall@1 : 0.1145    recall@2 : 0.2087    recall@3 : 0.2688    recall@4 : 0.3082    recall@5 : 0.3414    recall@10 : 0.4504    recall@20 : 0.5819    recall@30 : 0.6578    recall@50 : 0.7633    ndcg@1 : 0.1836    ndcg@2 : 0.2197    ndcg@3 : 0.2403    ndcg@4 : 0.2542    ndcg@5 : 0.2667    ndcg@10 : 0.3052    ndcg@20 : 0.3447    ndcg@30 : 0.3652    ndcg@50 : 0.3903    precision@1 : 0.1836    precision@2 : 0.1675    precision@3 : 0.1444    precision@4 : 0.1275    precision@5 : 0.116    precision@10 : 0.0812    precision@20 : 0.0557    precision@30 : 0.0436    precision@50 : 0.0315    map@1 : 0.1836    map@2 : 0.1917    map@3 : 0.1987    map@4 : 0.2037    map@5 : 0.2093    map@10 : 0.2252    map@20 : 0.2381    map@30 : 0.2438    map@50 : 0.2493
Sun 15 Mar 2026 19:50:44 INFO  Running E-step ! 
Sun 15 Mar 2026 19:50:50 INFO  epoch 10 training [time: 5.88s, train_loss1: 112.3790, train_loss2: 0.0503, train_loss3: 0.0000]
Sun 15 Mar 2026 19:50:55 INFO  epoch 10 evaluating [time: 4.44s, valid_score: 0.305000]
Sun 15 Mar 2026 19:50:55 INFO  valid result: 
recall@1 : 0.1156    recall@2 : 0.2065    recall@3 : 0.2637    recall@4 : 0.3077    recall@5 : 0.3413    recall@10 : 0.4488    recall@20 : 0.5858    recall@30 : 0.6653    recall@50 : 0.7663    ndcg@1 : 0.1883    ndcg@2 : 0.2198    ndcg@3 : 0.2385    ndcg@4 : 0.2543    ndcg@5 : 0.2668    ndcg@10 : 0.305    ndcg@20 : 0.3463    ndcg@30 : 0.3678    ndcg@50 : 0.3917    precision@1 : 0.1883    precision@2 : 0.1672    precision@3 : 0.143    precision@4 : 0.1277    precision@5 : 0.1161    precision@10 : 0.081    precision@20 : 0.0563    precision@30 : 0.0444    precision@50 : 0.0316    map@1 : 0.1883    map@2 : 0.192    map@3 : 0.1977    map@4 : 0.2037    map@5 : 0.2093    map@10 : 0.2252    map@20 : 0.2388    map@30 : 0.2447    map@50 : 0.25
Sun 15 Mar 2026 19:50:55 INFO  Running E-step ! 
Sun 15 Mar 2026 19:51:01 INFO  epoch 11 training [time: 5.88s, train_loss1: 112.0600, train_loss2: 0.0500, train_loss3: 0.0000]
Sun 15 Mar 2026 19:51:05 INFO  epoch 11 evaluating [time: 4.27s, valid_score: 0.306800]
Sun 15 Mar 2026 19:51:05 INFO  valid result: 
recall@1 : 0.1151    recall@2 : 0.2095    recall@3 : 0.269    recall@4 : 0.3069    recall@5 : 0.3387    recall@10 : 0.4532    recall@20 : 0.593    recall@30 : 0.6741    recall@50 : 0.7736    ndcg@1 : 0.1865    ndcg@2 : 0.2216    ndcg@3 : 0.2417    ndcg@4 : 0.2546    ndcg@5 : 0.2665    ndcg@10 : 0.3068    ndcg@20 : 0.3491    ndcg@30 : 0.3708    ndcg@50 : 0.3943    precision@1 : 0.1865    precision@2 : 0.169    precision@3 : 0.1456    precision@4 : 0.1277    precision@5 : 0.1159    precision@10 : 0.0818    precision@20 : 0.0575    precision@30 : 0.045    precision@50 : 0.0321    map@1 : 0.1865    map@2 : 0.1937    map@3 : 0.2005    map@4 : 0.2047    map@5 : 0.2097    map@10 : 0.2262    map@20 : 0.2403    map@30 : 0.2463    map@50 : 0.2516
Sun 15 Mar 2026 19:51:05 INFO  Running E-step ! 
Sun 15 Mar 2026 19:51:11 INFO  epoch 12 training [time: 5.88s, train_loss1: 109.0076, train_loss2: 0.0496, train_loss3: 0.0000]
Sun 15 Mar 2026 19:51:15 INFO  epoch 12 evaluating [time: 4.35s, valid_score: 0.307900]
Sun 15 Mar 2026 19:51:15 INFO  valid result: 
recall@1 : 0.1158    recall@2 : 0.2118    recall@3 : 0.268    recall@4 : 0.3034    recall@5 : 0.3356    recall@10 : 0.4537    recall@20 : 0.6027    recall@30 : 0.6823    recall@50 : 0.7764    ndcg@1 : 0.1913    ndcg@2 : 0.2249    ndcg@3 : 0.2431    ndcg@4 : 0.2545    ndcg@5 : 0.2665    ndcg@10 : 0.3079    ndcg@20 : 0.353    ndcg@30 : 0.3738    ndcg@50 : 0.3964    precision@1 : 0.1913    precision@2 : 0.1713    precision@3 : 0.1466    precision@4 : 0.1277    precision@5 : 0.1162    precision@10 : 0.0824    precision@20 : 0.0589    precision@30 : 0.0456    precision@50 : 0.0323    map@1 : 0.1913    map@2 : 0.1965    map@3 : 0.202    map@4 : 0.2051    map@5 : 0.2099    map@10 : 0.2269    map@20 : 0.2421    map@30 : 0.2476    map@50 : 0.2529
Sun 15 Mar 2026 19:51:15 INFO  Running E-step ! 
Sun 15 Mar 2026 19:51:21 INFO  epoch 13 training [time: 5.85s, train_loss1: 105.9776, train_loss2: 0.0490, train_loss3: 0.0000]
Sun 15 Mar 2026 19:51:25 INFO  epoch 13 evaluating [time: 4.32s, valid_score: 0.310200]
Sun 15 Mar 2026 19:51:25 INFO  valid result: 
recall@1 : 0.1163    recall@2 : 0.2104    recall@3 : 0.2663    recall@4 : 0.3069    recall@5 : 0.3358    recall@10 : 0.458    recall@20 : 0.6065    recall@30 : 0.6834    recall@50 : 0.7789    ndcg@1 : 0.1913    ndcg@2 : 0.2254    ndcg@3 : 0.2436    ndcg@4 : 0.2571    ndcg@5 : 0.2676    ndcg@10 : 0.3102    ndcg@20 : 0.355    ndcg@30 : 0.3753    ndcg@50 : 0.3982    precision@1 : 0.1913    precision@2 : 0.1722    precision@3 : 0.1482    precision@4 : 0.1305    precision@5 : 0.1176    precision@10 : 0.0837    precision@20 : 0.0593    precision@30 : 0.0458    precision@50 : 0.0325    map@1 : 0.1913    map@2 : 0.1973    map@3 : 0.2027    map@4 : 0.2073    map@5 : 0.2113    map@10 : 0.2287    map@20 : 0.2437    map@30 : 0.2492    map@50 : 0.2545
Sun 15 Mar 2026 19:51:25 INFO  Saving current: saved/SCL-Mar-15-2026_19-49-02.pth
Sun 15 Mar 2026 19:51:25 INFO  Saving current best: saved/SCL-Mar-15-2026_19-49-02.pth
Sun 15 Mar 2026 19:51:25 INFO  Running E-step ! 
Sun 15 Mar 2026 19:51:32 INFO  epoch 14 training [time: 6.28s, train_loss1: 105.2042, train_loss2: 0.0485, train_loss3: 0.0000]
Sun 15 Mar 2026 19:51:36 INFO  epoch 14 evaluating [time: 4.38s, valid_score: 0.313400]
Sun 15 Mar 2026 19:51:36 INFO  valid result: 
recall@1 : 0.1174    recall@2 : 0.2125    recall@3 : 0.2672    recall@4 : 0.3048    recall@5 : 0.3345    recall@10 : 0.4632    recall@20 : 0.6092    recall@30 : 0.689    recall@50 : 0.7842    ndcg@1 : 0.1949    ndcg@2 : 0.2294    ndcg@3 : 0.2464    ndcg@4 : 0.2583    ndcg@5 : 0.2683    ndcg@10 : 0.3134    ndcg@20 : 0.3572    ndcg@30 : 0.3783    ndcg@50 : 0.4011    precision@1 : 0.1949    precision@2 : 0.1761    precision@3 : 0.1508    precision@4 : 0.1317    precision@5 : 0.1174    precision@10 : 0.0852    precision@20 : 0.0595    precision@30 : 0.0463    precision@50 : 0.0327    map@1 : 0.1949    map@2 : 0.2011    map@3 : 0.2055    map@4 : 0.2089    map@5 : 0.2125    map@10 : 0.231    map@20 : 0.2456    map@30 : 0.2513    map@50 : 0.2566
Sun 15 Mar 2026 19:51:36 INFO  Saving current: saved/SCL-Mar-15-2026_19-49-02.pth
Sun 15 Mar 2026 19:51:36 INFO  Saving current best: saved/SCL-Mar-15-2026_19-49-02.pth
Sun 15 Mar 2026 19:51:36 INFO  Running E-step ! 
Sun 15 Mar 2026 19:51:43 INFO  epoch 15 training [time: 6.63s, train_loss1: 103.4341, train_loss2: 0.0479, train_loss3: 0.0000]
Sun 15 Mar 2026 19:51:47 INFO  epoch 15 evaluating [time: 4.25s, valid_score: 0.319600]
Sun 15 Mar 2026 19:51:47 INFO  valid result: 
recall@1 : 0.1273    recall@2 : 0.2129    recall@3 : 0.269    recall@4 : 0.3045    recall@5 : 0.3325    recall@10 : 0.4692    recall@20 : 0.6106    recall@30 : 0.6866    recall@50 : 0.7882    ndcg@1 : 0.205    ndcg@2 : 0.2328    ndcg@3 : 0.251    ndcg@4 : 0.2617    ndcg@5 : 0.2717    ndcg@10 : 0.3196    ndcg@20 : 0.3618    ndcg@30 : 0.3823    ndcg@50 : 0.406    precision@1 : 0.205    precision@2 : 0.1755    precision@3 : 0.1518    precision@4 : 0.1311    precision@5 : 0.1179    precision@10 : 0.0868    precision@20 : 0.0598    precision@30 : 0.0465    precision@50 : 0.0328    map@1 : 0.205    map@2 : 0.2055    map@3 : 0.2104    map@4 : 0.2133    map@5 : 0.2171    map@10 : 0.237    map@20 : 0.2511    map@30 : 0.2569    map@50 : 0.2621
Sun 15 Mar 2026 19:51:47 INFO  Saving current: saved/SCL-Mar-15-2026_19-49-02.pth
Sun 15 Mar 2026 19:51:47 INFO  Saving current best: saved/SCL-Mar-15-2026_19-49-02.pth
Sun 15 Mar 2026 19:51:47 INFO  Running E-step ! 
Sun 15 Mar 2026 19:51:53 INFO  epoch 16 training [time: 6.17s, train_loss1: 99.9018, train_loss2: 0.0472, train_loss3: 0.0000]
Sun 15 Mar 2026 19:51:57 INFO  epoch 16 evaluating [time: 4.32s, valid_score: 0.321200]
Sun 15 Mar 2026 19:51:57 INFO  valid result: 
recall@1 : 0.1299    recall@2 : 0.2121    recall@3 : 0.2678    recall@4 : 0.3047    recall@5 : 0.3388    recall@10 : 0.4695    recall@20 : 0.6123    recall@30 : 0.6843    recall@50 : 0.7901    ndcg@1 : 0.2092    ndcg@2 : 0.2335    ndcg@3 : 0.2511    ndcg@4 : 0.2627    ndcg@5 : 0.275    ndcg@10 : 0.3212    ndcg@20 : 0.3639    ndcg@30 : 0.3834    ndcg@50 : 0.4079    precision@1 : 0.2092    precision@2 : 0.1758    precision@3 : 0.1508    precision@4 : 0.1311    precision@5 : 0.1191    precision@10 : 0.0869    precision@20 : 0.0601    precision@30 : 0.0463    precision@50 : 0.0329    map@1 : 0.2092    map@2 : 0.2063    map@3 : 0.2113    map@4 : 0.2146    map@5 : 0.2194    map@10 : 0.2389    map@20 : 0.2531    map@30 : 0.2587    map@50 : 0.2641
Sun 15 Mar 2026 19:51:57 INFO  Saving current: saved/SCL-Mar-15-2026_19-49-02.pth
Sun 15 Mar 2026 19:51:57 INFO  Saving current best: saved/SCL-Mar-15-2026_19-49-02.pth
Sun 15 Mar 2026 19:51:57 INFO  Running E-step ! 
Sun 15 Mar 2026 19:52:04 INFO  epoch 17 training [time: 6.17s, train_loss1: 100.6384, train_loss2: 0.0466, train_loss3: 0.0000]
Sun 15 Mar 2026 19:52:08 INFO  epoch 17 evaluating [time: 4.42s, valid_score: 0.323100]
Sun 15 Mar 2026 19:52:08 INFO  valid result: 
recall@1 : 0.1315    recall@2 : 0.2133    recall@3 : 0.2687    recall@4 : 0.3029    recall@5 : 0.338    recall@10 : 0.4721    recall@20 : 0.61    recall@30 : 0.6816    recall@50 : 0.7909    ndcg@1 : 0.211    ndcg@2 : 0.2347    ndcg@3 : 0.2519    ndcg@4 : 0.263    ndcg@5 : 0.2758    ndcg@10 : 0.3231    ndcg@20 : 0.3645    ndcg@30 : 0.3839    ndcg@50 : 0.4092    precision@1 : 0.211    precision@2 : 0.1764    precision@3 : 0.1506    precision@4 : 0.1311    precision@5 : 0.1198    precision@10 : 0.0876    precision@20 : 0.06    precision@30 : 0.0462    precision@50 : 0.0329    map@1 : 0.211    map@2 : 0.2078    map@3 : 0.212    map@4 : 0.2153    map@5 : 0.2206    map@10 : 0.2405    map@20 : 0.2544    map@30 : 0.26    map@50 : 0.2655
Sun 15 Mar 2026 19:52:08 INFO  Saving current: saved/SCL-Mar-15-2026_19-49-02.pth
Sun 15 Mar 2026 19:52:08 INFO  Saving current best: saved/SCL-Mar-15-2026_19-49-02.pth
Sun 15 Mar 2026 19:52:08 INFO  Running E-step ! 
Sun 15 Mar 2026 19:52:14 INFO  epoch 18 training [time: 6.22s, train_loss1: 99.9569, train_loss2: 0.0460, train_loss3: 0.0000]
Sun 15 Mar 2026 19:52:19 INFO  epoch 18 evaluating [time: 4.42s, valid_score: 0.323700]
Sun 15 Mar 2026 19:52:19 INFO  valid result: 
recall@1 : 0.1307    recall@2 : 0.212    recall@3 : 0.2719    recall@4 : 0.3028    recall@5 : 0.3335    recall@10 : 0.4746    recall@20 : 0.6112    recall@30 : 0.683    recall@50 : 0.7913    ndcg@1 : 0.2104    ndcg@2 : 0.2338    ndcg@3 : 0.2538    ndcg@4 : 0.2631    ndcg@5 : 0.274    ndcg@10 : 0.3237    ndcg@20 : 0.3647    ndcg@30 : 0.3842    ndcg@50 : 0.4095    precision@1 : 0.2104    precision@2 : 0.1758    precision@3 : 0.1532    precision@4 : 0.1319    precision@5 : 0.1191    precision@10 : 0.088    precision@20 : 0.06    precision@30 : 0.0463    precision@50 : 0.0331    map@1 : 0.2104    map@2 : 0.2066    map@3 : 0.2133    map@4 : 0.2154    map@5 : 0.2195    map@10 : 0.2405    map@20 : 0.2544    map@30 : 0.26    map@50 : 0.2656
Sun 15 Mar 2026 19:52:19 INFO  Saving current: saved/SCL-Mar-15-2026_19-49-02.pth
Sun 15 Mar 2026 19:52:19 INFO  Saving current best: saved/SCL-Mar-15-2026_19-49-02.pth
Sun 15 Mar 2026 19:52:19 INFO  Running E-step ! 
Sun 15 Mar 2026 19:52:25 INFO  epoch 19 training [time: 5.96s, train_loss1: 97.9198, train_loss2: 0.0455, train_loss3: 0.0000]
Sun 15 Mar 2026 19:52:29 INFO  epoch 19 evaluating [time: 4.34s, valid_score: 0.325600]
Sun 15 Mar 2026 19:52:29 INFO  valid result: 
recall@1 : 0.1326    recall@2 : 0.2115    recall@3 : 0.2703    recall@4 : 0.3057    recall@5 : 0.342    recall@10 : 0.4758    recall@20 : 0.6153    recall@30 : 0.6841    recall@50 : 0.7916    ndcg@1 : 0.2139    ndcg@2 : 0.2347    ndcg@3 : 0.2541    ndcg@4 : 0.2655    ndcg@5 : 0.2786    ndcg@10 : 0.3256    ndcg@20 : 0.3673    ndcg@30 : 0.3862    ndcg@50 : 0.4112    precision@1 : 0.2139    precision@2 : 0.1758    precision@3 : 0.1532    precision@4 : 0.1338    precision@5 : 0.1218    precision@10 : 0.0884    precision@20 : 0.0603    precision@30 : 0.0464    precision@50 : 0.0331    map@1 : 0.2139    map@2 : 0.2077    map@3 : 0.2134    map@4 : 0.2169    map@5 : 0.2225    map@10 : 0.2423    map@20 : 0.2562    map@30 : 0.2617    map@50 : 0.2672
Sun 15 Mar 2026 19:52:29 INFO  Saving current: saved/SCL-Mar-15-2026_19-49-02.pth
Sun 15 Mar 2026 19:52:29 INFO  Saving current best: saved/SCL-Mar-15-2026_19-49-02.pth
Sun 15 Mar 2026 19:52:29 INFO  Running E-step ! 
Sun 15 Mar 2026 19:52:35 INFO  epoch 20 training [time: 6.22s, train_loss1: 97.3974, train_loss2: 0.0451, train_loss3: 0.0000, train_loss4: 0.0039]
Sun 15 Mar 2026 19:52:40 INFO  epoch 20 evaluating [time: 4.40s, valid_score: 0.325600]
Sun 15 Mar 2026 19:52:40 INFO  valid result: 
recall@1 : 0.1267    recall@2 : 0.2146    recall@3 : 0.2719    recall@4 : 0.3142    recall@5 : 0.3476    recall@10 : 0.4782    recall@20 : 0.6184    recall@30 : 0.6864    recall@50 : 0.7932    ndcg@1 : 0.2074    ndcg@2 : 0.2349    ndcg@3 : 0.2532    ndcg@4 : 0.2677    ndcg@5 : 0.2795    ndcg@10 : 0.3256    ndcg@20 : 0.3673    ndcg@30 : 0.3859    ndcg@50 : 0.4108    precision@1 : 0.2074    precision@2 : 0.1785    precision@3 : 0.1542    precision@4 : 0.1365    precision@5 : 0.1232    precision@10 : 0.0892    precision@20 : 0.0605    precision@30 : 0.0466    precision@50 : 0.0332    map@1 : 0.2074    map@2 : 0.2071    map@3 : 0.2118    map@4 : 0.2172    map@5 : 0.2218    map@10 : 0.2414    map@20 : 0.2551    map@30 : 0.2607    map@50 : 0.2663
Sun 15 Mar 2026 19:52:40 INFO  Saving current: saved/SCL-Mar-15-2026_19-49-02.pth
Sun 15 Mar 2026 19:52:40 INFO  Saving current best: saved/SCL-Mar-15-2026_19-49-02.pth
Sun 15 Mar 2026 19:52:40 INFO  Running E-step ! 
Sun 15 Mar 2026 19:52:46 INFO  epoch 21 training [time: 6.67s, train_loss1: 95.7017, train_loss2: 0.0446, train_loss3: 0.0000, train_loss4: 0.0038]
Sun 15 Mar 2026 19:52:51 INFO  epoch 21 evaluating [time: 4.15s, valid_score: 0.327400]
Sun 15 Mar 2026 19:52:51 INFO  valid result: 
recall@1 : 0.1296    recall@2 : 0.2174    recall@3 : 0.2745    recall@4 : 0.3187    recall@5 : 0.3521    recall@10 : 0.4763    recall@20 : 0.6203    recall@30 : 0.6882    recall@50 : 0.7901    ndcg@1 : 0.211    ndcg@2 : 0.2379    ndcg@3 : 0.2564    ndcg@4 : 0.2718    ndcg@5 : 0.2835    ndcg@10 : 0.3274    ndcg@20 : 0.37    ndcg@30 : 0.3887    ndcg@50 : 0.4127    precision@1 : 0.211    precision@2 : 0.1797    precision@3 : 0.1555    precision@4 : 0.1386    precision@5 : 0.1247    precision@10 : 0.089    precision@20 : 0.0606    precision@30 : 0.0467    precision@50 : 0.0331    map@1 : 0.211    map@2 : 0.2096    map@3 : 0.2147    map@4 : 0.2211    map@5 : 0.2257    map@10 : 0.244    map@20 : 0.2581    map@30 : 0.2637    map@50 : 0.2691
Sun 15 Mar 2026 19:52:51 INFO  Saving current: saved/SCL-Mar-15-2026_19-49-02.pth
Sun 15 Mar 2026 19:52:51 INFO  Saving current best: saved/SCL-Mar-15-2026_19-49-02.pth
Sun 15 Mar 2026 19:52:51 INFO  Running E-step ! 
Sun 15 Mar 2026 19:52:57 INFO  epoch 22 training [time: 6.14s, train_loss1: 95.2621, train_loss2: 0.0440, train_loss3: 0.0000, train_loss4: 0.0037]
Sun 15 Mar 2026 19:53:01 INFO  epoch 22 evaluating [time: 4.49s, valid_score: 0.332300]
Sun 15 Mar 2026 19:53:01 INFO  valid result: 
recall@1 : 0.1399    recall@2 : 0.2206    recall@3 : 0.2766    recall@4 : 0.3191    recall@5 : 0.357    recall@10 : 0.4758    recall@20 : 0.6224    recall@30 : 0.6931    recall@50 : 0.7907    ndcg@1 : 0.2235    ndcg@2 : 0.2446    ndcg@3 : 0.2627    ndcg@4 : 0.2767    ndcg@5 : 0.2902    ndcg@10 : 0.3323    ndcg@20 : 0.3759    ndcg@30 : 0.395    ndcg@50 : 0.4182    precision@1 : 0.2235    precision@2 : 0.1821    precision@3 : 0.1579    precision@4 : 0.1384    precision@5 : 0.1262    precision@10 : 0.0892    precision@20 : 0.061    precision@30 : 0.047    precision@50 : 0.0332    map@1 : 0.2235    map@2 : 0.2174    map@3 : 0.2225    map@4 : 0.2274    map@5 : 0.2329    map@10 : 0.2505    map@20 : 0.265    map@30 : 0.2707    map@50 : 0.276
Sun 15 Mar 2026 19:53:01 INFO  Saving current: saved/SCL-Mar-15-2026_19-49-02.pth
Sun 15 Mar 2026 19:53:01 INFO  Saving current best: saved/SCL-Mar-15-2026_19-49-02.pth
Sun 15 Mar 2026 19:53:01 INFO  Running E-step ! 
Sun 15 Mar 2026 19:53:08 INFO  epoch 23 training [time: 6.60s, train_loss1: 93.4333, train_loss2: 0.0435, train_loss3: 0.0000, train_loss4: 0.0034]
Sun 15 Mar 2026 19:53:12 INFO  epoch 23 evaluating [time: 4.07s, valid_score: 0.336500]
Sun 15 Mar 2026 19:53:12 INFO  valid result: 
recall@1 : 0.1436    recall@2 : 0.222    recall@3 : 0.2842    recall@4 : 0.326    recall@5 : 0.3601    recall@10 : 0.4796    recall@20 : 0.6267    recall@30 : 0.6976    recall@50 : 0.7938    ndcg@1 : 0.2282    ndcg@2 : 0.2469    ndcg@3 : 0.2687    ndcg@4 : 0.2822    ndcg@5 : 0.2942    ndcg@10 : 0.3365    ndcg@20 : 0.3798    ndcg@30 : 0.399    ndcg@50 : 0.4219    precision@1 : 0.2282    precision@2 : 0.183    precision@3 : 0.1617    precision@4 : 0.1411    precision@5 : 0.1272    precision@10 : 0.09    precision@20 : 0.0612    precision@30 : 0.0472    precision@50 : 0.0333    map@1 : 0.2282    map@2 : 0.2196    map@3 : 0.2271    map@4 : 0.2321    map@5 : 0.2368    map@10 : 0.2544    map@20 : 0.2686    map@30 : 0.2744    map@50 : 0.2796
Sun 15 Mar 2026 19:53:12 INFO  Saving current: saved/SCL-Mar-15-2026_19-49-02.pth
Sun 15 Mar 2026 19:53:12 INFO  Saving current best: saved/SCL-Mar-15-2026_19-49-02.pth
Sun 15 Mar 2026 19:53:12 INFO  Running E-step ! 
Sun 15 Mar 2026 19:53:18 INFO  epoch 24 training [time: 6.43s, train_loss1: 91.7019, train_loss2: 0.0429, train_loss3: 0.0000, train_loss4: 0.0033]
Sun 15 Mar 2026 19:53:23 INFO  epoch 24 evaluating [time: 4.28s, valid_score: 0.340200]
Sun 15 Mar 2026 19:53:23 INFO  valid result: 
recall@1 : 0.1461    recall@2 : 0.2246    recall@3 : 0.284    recall@4 : 0.3279    recall@5 : 0.3629    recall@10 : 0.4855    recall@20 : 0.6298    recall@30 : 0.6988    recall@50 : 0.7926    ndcg@1 : 0.2318    ndcg@2 : 0.2506    ndcg@3 : 0.2702    ndcg@4 : 0.2846    ndcg@5 : 0.297    ndcg@10 : 0.3402    ndcg@20 : 0.3829    ndcg@30 : 0.4018    ndcg@50 : 0.424    precision@1 : 0.2318    precision@2 : 0.1862    precision@3 : 0.1615    precision@4 : 0.1418    precision@5 : 0.1282    precision@10 : 0.0906    precision@20 : 0.0616    precision@30 : 0.0474    precision@50 : 0.0332    map@1 : 0.2318    map@2 : 0.2232    map@3 : 0.2288    map@4 : 0.2343    map@5 : 0.2394    map@10 : 0.2573    map@20 : 0.2714    map@30 : 0.2771    map@50 : 0.2822
Sun 15 Mar 2026 19:53:23 INFO  Saving current: saved/SCL-Mar-15-2026_19-49-02.pth
Sun 15 Mar 2026 19:53:23 INFO  Saving current best: saved/SCL-Mar-15-2026_19-49-02.pth
Sun 15 Mar 2026 19:53:23 INFO  Running E-step ! 
Sun 15 Mar 2026 19:53:29 INFO  epoch 25 training [time: 6.18s, train_loss1: 90.1170, train_loss2: 0.0421, train_loss3: 0.0000, train_loss4: 0.0034]
Sun 15 Mar 2026 19:53:33 INFO  epoch 25 evaluating [time: 4.23s, valid_score: 0.340600]
Sun 15 Mar 2026 19:53:33 INFO  valid result: 
recall@1 : 0.1461    recall@2 : 0.2232    recall@3 : 0.2841    recall@4 : 0.3246    recall@5 : 0.3652    recall@10 : 0.487    recall@20 : 0.6343    recall@30 : 0.7001    recall@50 : 0.7918    ndcg@1 : 0.2324    ndcg@2 : 0.25    ndcg@3 : 0.2703    ndcg@4 : 0.2833    ndcg@5 : 0.2981    ndcg@10 : 0.3406    ndcg@20 : 0.3844    ndcg@30 : 0.4023    ndcg@50 : 0.424    precision@1 : 0.2324    precision@2 : 0.1856    precision@3 : 0.1621    precision@4 : 0.1417    precision@5 : 0.1298    precision@10 : 0.0909    precision@20 : 0.0622    precision@30 : 0.0475    precision@50 : 0.0332    map@1 : 0.2324    map@2 : 0.2226    map@3 : 0.229    map@4 : 0.2334    map@5 : 0.2394    map@10 : 0.2573    map@20 : 0.2718    map@30 : 0.2772    map@50 : 0.2823
Sun 15 Mar 2026 19:53:33 INFO  Saving current: saved/SCL-Mar-15-2026_19-49-02.pth
Sun 15 Mar 2026 19:53:33 INFO  Saving current best: saved/SCL-Mar-15-2026_19-49-02.pth
Sun 15 Mar 2026 19:53:33 INFO  Running E-step ! 
Sun 15 Mar 2026 19:53:39 INFO  epoch 26 training [time: 6.11s, train_loss1: 87.7649, train_loss2: 0.0417, train_loss3: 0.0000, train_loss4: 0.0030]
Sun 15 Mar 2026 19:53:43 INFO  epoch 26 evaluating [time: 4.28s, valid_score: 0.342600]
Sun 15 Mar 2026 19:53:43 INFO  valid result: 
recall@1 : 0.1462    recall@2 : 0.2264    recall@3 : 0.2879    recall@4 : 0.3286    recall@5 : 0.3687    recall@10 : 0.4894    recall@20 : 0.6373    recall@30 : 0.7012    recall@50 : 0.7935    ndcg@1 : 0.2318    ndcg@2 : 0.2519    ndcg@3 : 0.2727    ndcg@4 : 0.2862    ndcg@5 : 0.3006    ndcg@10 : 0.3426    ndcg@20 : 0.3864    ndcg@30 : 0.4041    ndcg@50 : 0.4259    precision@1 : 0.2318    precision@2 : 0.1874    precision@3 : 0.1639    precision@4 : 0.1439    precision@5 : 0.131    precision@10 : 0.0912    precision@20 : 0.0623    precision@30 : 0.0476    precision@50 : 0.0332    map@1 : 0.2318    map@2 : 0.2241    map@3 : 0.2311    map@4 : 0.2355    map@5 : 0.2417    map@10 : 0.2593    map@20 : 0.2737    map@30 : 0.2792    map@50 : 0.2842
Sun 15 Mar 2026 19:53:43 INFO  Saving current: saved/SCL-Mar-15-2026_19-49-02.pth
Sun 15 Mar 2026 19:53:43 INFO  Saving current best: saved/SCL-Mar-15-2026_19-49-02.pth
Sun 15 Mar 2026 19:53:43 INFO  Running E-step ! 
Sun 15 Mar 2026 19:53:50 INFO  epoch 27 training [time: 6.28s, train_loss1: 87.2999, train_loss2: 0.0410, train_loss3: 0.0000, train_loss4: 0.0032]
Sun 15 Mar 2026 19:53:54 INFO  epoch 27 evaluating [time: 4.18s, valid_score: 0.341000]
Sun 15 Mar 2026 19:53:54 INFO  valid result: 
recall@1 : 0.1395    recall@2 : 0.2248    recall@3 : 0.2893    recall@4 : 0.3338    recall@5 : 0.3701    recall@10 : 0.4912    recall@20 : 0.6374    recall@30 : 0.7028    recall@50 : 0.7953    ndcg@1 : 0.2253    ndcg@2 : 0.2494    ndcg@3 : 0.271    ndcg@4 : 0.2856    ndcg@5 : 0.2986    ndcg@10 : 0.341    ndcg@20 : 0.3846    ndcg@30 : 0.4026    ndcg@50 : 0.4245    precision@1 : 0.2253    precision@2 : 0.1877    precision@3 : 0.1647    precision@4 : 0.1445    precision@5 : 0.1306    precision@10 : 0.0915    precision@20 : 0.0625    precision@30 : 0.0477    precision@50 : 0.0333    map@1 : 0.2253    map@2 : 0.2212    map@3 : 0.2284    map@4 : 0.2333    map@5 : 0.2389    map@10 : 0.2567    map@20 : 0.2712    map@30 : 0.2767    map@50 : 0.2817
Sun 15 Mar 2026 19:53:54 INFO  Running E-step ! 
Sun 15 Mar 2026 19:54:00 INFO  epoch 28 training [time: 6.15s, train_loss1: 85.7905, train_loss2: 0.0404, train_loss3: 0.0000, train_loss4: 0.0029]
Sun 15 Mar 2026 19:54:04 INFO  epoch 28 evaluating [time: 4.27s, valid_score: 0.342900]
Sun 15 Mar 2026 19:54:04 INFO  valid result: 
recall@1 : 0.1392    recall@2 : 0.2312    recall@3 : 0.288    recall@4 : 0.3364    recall@5 : 0.3673    recall@10 : 0.4942    recall@20 : 0.6372    recall@30 : 0.7021    recall@50 : 0.7962    ndcg@1 : 0.2265    ndcg@2 : 0.254    ndcg@3 : 0.2715    ndcg@4 : 0.2881    ndcg@5 : 0.2986    ndcg@10 : 0.3429    ndcg@20 : 0.3858    ndcg@30 : 0.4036    ndcg@50 : 0.4258    precision@1 : 0.2265    precision@2 : 0.1928    precision@3 : 0.1645    precision@4 : 0.1462    precision@5 : 0.1304    precision@10 : 0.092    precision@20 : 0.0625    precision@30 : 0.0477    precision@50 : 0.0333    map@1 : 0.2265    map@2 : 0.2251    map@3 : 0.2294    map@4 : 0.2358    map@5 : 0.2398    map@10 : 0.2583    map@20 : 0.2728    map@30 : 0.2782    map@50 : 0.2833
Sun 15 Mar 2026 19:54:04 INFO  Saving current: saved/SCL-Mar-15-2026_19-49-02.pth
Sun 15 Mar 2026 19:54:04 INFO  Saving current best: saved/SCL-Mar-15-2026_19-49-02.pth
Sun 15 Mar 2026 19:54:04 INFO  Running E-step ! 
Sun 15 Mar 2026 19:54:11 INFO  epoch 29 training [time: 6.59s, train_loss1: 84.3769, train_loss2: 0.0396, train_loss3: 0.0000, train_loss4: 0.0028]
Sun 15 Mar 2026 19:54:15 INFO  epoch 29 evaluating [time: 4.27s, valid_score: 0.345200]
Sun 15 Mar 2026 19:54:15 INFO  valid result: 
recall@1 : 0.1403    recall@2 : 0.2331    recall@3 : 0.2877    recall@4 : 0.3383    recall@5 : 0.3699    recall@10 : 0.4983    recall@20 : 0.6409    recall@30 : 0.7065    recall@50 : 0.7971    ndcg@1 : 0.2253    ndcg@2 : 0.256    ndcg@3 : 0.2716    ndcg@4 : 0.2894    ndcg@5 : 0.3002    ndcg@10 : 0.3452    ndcg@20 : 0.3879    ndcg@30 : 0.4058    ndcg@50 : 0.4274    precision@1 : 0.2253    precision@2 : 0.1949    precision@3 : 0.1639    precision@4 : 0.1469    precision@5 : 0.1308    precision@10 : 0.0928    precision@20 : 0.0628    precision@30 : 0.0479    precision@50 : 0.0334    map@1 : 0.2253    map@2 : 0.2271    map@3 : 0.2298    map@4 : 0.237    map@5 : 0.2411    map@10 : 0.2602    map@20 : 0.2744    map@30 : 0.2799    map@50 : 0.285
Sun 15 Mar 2026 19:54:15 INFO  Saving current: saved/SCL-Mar-15-2026_19-49-02.pth
Sun 15 Mar 2026 19:54:15 INFO  Saving current best: saved/SCL-Mar-15-2026_19-49-02.pth
Sun 15 Mar 2026 19:54:15 INFO  Running E-step ! 
Sun 15 Mar 2026 19:54:21 INFO  epoch 30 training [time: 6.24s, train_loss1: 82.9550, train_loss2: 0.0391, train_loss3: 0.0000, train_loss4: 0.0027]
Sun 15 Mar 2026 19:54:26 INFO  epoch 30 evaluating [time: 4.07s, valid_score: 0.347200]
Sun 15 Mar 2026 19:54:26 INFO  valid result: 
recall@1 : 0.1405    recall@2 : 0.2351    recall@3 : 0.2939    recall@4 : 0.3424    recall@5 : 0.3678    recall@10 : 0.5017    recall@20 : 0.643    recall@30 : 0.7072    recall@50 : 0.7987    ndcg@1 : 0.2247    ndcg@2 : 0.2565    ndcg@3 : 0.2748    ndcg@4 : 0.2917    ndcg@5 : 0.3003    ndcg@10 : 0.3472    ndcg@20 : 0.3896    ndcg@30 : 0.4071    ndcg@50 : 0.4289    precision@1 : 0.2247    precision@2 : 0.1949    precision@3 : 0.1663    precision@4 : 0.1476    precision@5 : 0.1305    precision@10 : 0.0934    precision@20 : 0.0632    precision@30 : 0.048    precision@50 : 0.0335    map@1 : 0.2247    map@2 : 0.2271    map@3 : 0.2316    map@4 : 0.2388    map@5 : 0.242    map@10 : 0.2618    map@20 : 0.2761    map@30 : 0.2813    map@50 : 0.2864
Sun 15 Mar 2026 19:54:26 INFO  Saving current: saved/SCL-Mar-15-2026_19-49-02.pth
Sun 15 Mar 2026 19:54:26 INFO  Saving current best: saved/SCL-Mar-15-2026_19-49-02.pth
Sun 15 Mar 2026 19:54:26 INFO  Running E-step ! 
Sun 15 Mar 2026 19:54:32 INFO  epoch 31 training [time: 6.20s, train_loss1: 81.3658, train_loss2: 0.0384, train_loss3: 0.0000, train_loss4: 0.0028]
Sun 15 Mar 2026 19:54:36 INFO  epoch 31 evaluating [time: 4.06s, valid_score: 0.348300]
Sun 15 Mar 2026 19:54:36 INFO  valid result: 
recall@1 : 0.1413    recall@2 : 0.2284    recall@3 : 0.2959    recall@4 : 0.3436    recall@5 : 0.3707    recall@10 : 0.5062    recall@20 : 0.6472    recall@30 : 0.7067    recall@50 : 0.7965    ndcg@1 : 0.2235    ndcg@2 : 0.2513    ndcg@3 : 0.2748    ndcg@4 : 0.2916    ndcg@5 : 0.3008    ndcg@10 : 0.3483    ndcg@20 : 0.3903    ndcg@30 : 0.4067    ndcg@50 : 0.4281    precision@1 : 0.2235    precision@2 : 0.1898    precision@3 : 0.1669    precision@4 : 0.1484    precision@5 : 0.1311    precision@10 : 0.0944    precision@20 : 0.0635    precision@30 : 0.0481    precision@50 : 0.0335    map@1 : 0.2235    map@2 : 0.2232    map@3 : 0.2313    map@4 : 0.2387    map@5 : 0.242    map@10 : 0.2622    map@20 : 0.2761    map@30 : 0.2812    map@50 : 0.2862
Sun 15 Mar 2026 19:54:36 INFO  Saving current: saved/SCL-Mar-15-2026_19-49-02.pth
Sun 15 Mar 2026 19:54:36 INFO  Saving current best: saved/SCL-Mar-15-2026_19-49-02.pth
Sun 15 Mar 2026 19:54:36 INFO  Running E-step ! 
Sun 15 Mar 2026 19:54:42 INFO  epoch 32 training [time: 6.18s, train_loss1: 80.9931, train_loss2: 0.0379, train_loss3: 0.0000, train_loss4: 0.0028]
Sun 15 Mar 2026 19:54:46 INFO  epoch 32 evaluating [time: 4.19s, valid_score: 0.351000]
Sun 15 Mar 2026 19:54:46 INFO  valid result: 
recall@1 : 0.1427    recall@2 : 0.2332    recall@3 : 0.2951    recall@4 : 0.3455    recall@5 : 0.3737    recall@10 : 0.5095    recall@20 : 0.643    recall@30 : 0.7098    recall@50 : 0.8012    ndcg@1 : 0.2247    ndcg@2 : 0.2547    ndcg@3 : 0.2756    ndcg@4 : 0.2938    ndcg@5 : 0.3035    ndcg@10 : 0.351    ndcg@20 : 0.3911    ndcg@30 : 0.4093    ndcg@50 : 0.4309    precision@1 : 0.2247    precision@2 : 0.1922    precision@3 : 0.1667    precision@4 : 0.1496    precision@5 : 0.1325    precision@10 : 0.0949    precision@20 : 0.0633    precision@30 : 0.0482    precision@50 : 0.0336    map@1 : 0.2247    map@2 : 0.2263    map@3 : 0.2324    map@4 : 0.2408    map@5 : 0.2445    map@10 : 0.2646    map@20 : 0.2781    map@30 : 0.2836    map@50 : 0.2886
Sun 15 Mar 2026 19:54:46 INFO  Saving current: saved/SCL-Mar-15-2026_19-49-02.pth
Sun 15 Mar 2026 19:54:46 INFO  Saving current best: saved/SCL-Mar-15-2026_19-49-02.pth
Sun 15 Mar 2026 19:54:46 INFO  Running E-step ! 
Sun 15 Mar 2026 19:54:52 INFO  epoch 33 training [time: 6.17s, train_loss1: 78.5601, train_loss2: 0.0374, train_loss3: 0.0000, train_loss4: 0.0029]
Sun 15 Mar 2026 19:54:56 INFO  epoch 33 evaluating [time: 3.95s, valid_score: 0.352000]
Sun 15 Mar 2026 19:54:56 INFO  valid result: 
recall@1 : 0.1406    recall@2 : 0.2389    recall@3 : 0.2956    recall@4 : 0.3441    recall@5 : 0.3727    recall@10 : 0.5116    recall@20 : 0.6463    recall@30 : 0.7135    recall@50 : 0.802    ndcg@1 : 0.2241    ndcg@2 : 0.258    ndcg@3 : 0.2758    ndcg@4 : 0.2932    ndcg@5 : 0.3034    ndcg@10 : 0.352    ndcg@20 : 0.3924    ndcg@30 : 0.4109    ndcg@50 : 0.4319    precision@1 : 0.2241    precision@2 : 0.1955    precision@3 : 0.1667    precision@4 : 0.1487    precision@5 : 0.1329    precision@10 : 0.0954    precision@20 : 0.0635    precision@30 : 0.0485    precision@50 : 0.0337    map@1 : 0.2241    map@2 : 0.2281    map@3 : 0.2321    map@4 : 0.24    map@5 : 0.2442    map@10 : 0.2649    map@20 : 0.2785    map@30 : 0.2842    map@50 : 0.2891
Sun 15 Mar 2026 19:54:56 INFO  Saving current: saved/SCL-Mar-15-2026_19-49-02.pth
Sun 15 Mar 2026 19:54:56 INFO  Saving current best: saved/SCL-Mar-15-2026_19-49-02.pth
Sun 15 Mar 2026 19:54:56 INFO  Running E-step ! 
Sun 15 Mar 2026 19:55:03 INFO  epoch 34 training [time: 6.46s, train_loss1: 77.6187, train_loss2: 0.0371, train_loss3: 0.0000, train_loss4: 0.0028]
Sun 15 Mar 2026 19:55:07 INFO  epoch 34 evaluating [time: 4.11s, valid_score: 0.354600]
Sun 15 Mar 2026 19:55:07 INFO  valid result: 
recall@1 : 0.1438    recall@2 : 0.2403    recall@3 : 0.2975    recall@4 : 0.3469    recall@5 : 0.3748    recall@10 : 0.5117    recall@20 : 0.6516    recall@30 : 0.7117    recall@50 : 0.8041    ndcg@1 : 0.2288    ndcg@2 : 0.2603    ndcg@3 : 0.2786    ndcg@4 : 0.2965    ndcg@5 : 0.3061    ndcg@10 : 0.3546    ndcg@20 : 0.3964    ndcg@30 : 0.4132    ndcg@50 : 0.435    precision@1 : 0.2288    precision@2 : 0.1964    precision@3 : 0.1681    precision@4 : 0.1508    precision@5 : 0.1336    precision@10 : 0.0959    precision@20 : 0.064    precision@30 : 0.0485    precision@50 : 0.0338    map@1 : 0.2288    map@2 : 0.2308    map@3 : 0.2354    map@4 : 0.2433    map@5 : 0.2469    map@10 : 0.2678    map@20 : 0.282    map@30 : 0.2873    map@50 : 0.2924
Sun 15 Mar 2026 19:55:07 INFO  Saving current: saved/SCL-Mar-15-2026_19-49-02.pth
Sun 15 Mar 2026 19:55:07 INFO  Saving current best: saved/SCL-Mar-15-2026_19-49-02.pth
Sun 15 Mar 2026 19:55:07 INFO  Running E-step ! 
Sun 15 Mar 2026 19:55:13 INFO  epoch 35 training [time: 6.43s, train_loss1: 76.4260, train_loss2: 0.0365, train_loss3: 0.0000, train_loss4: 0.0029]
Sun 15 Mar 2026 19:55:18 INFO  epoch 35 evaluating [time: 4.14s, valid_score: 0.355900]
Sun 15 Mar 2026 19:55:18 INFO  valid result: 
recall@1 : 0.1429    recall@2 : 0.242    recall@3 : 0.299    recall@4 : 0.3469    recall@5 : 0.3756    recall@10 : 0.5147    recall@20 : 0.6512    recall@30 : 0.7163    recall@50 : 0.7996    ndcg@1 : 0.2277    ndcg@2 : 0.2612    ndcg@3 : 0.2791    ndcg@4 : 0.2961    ndcg@5 : 0.3063    ndcg@10 : 0.3559    ndcg@20 : 0.3967    ndcg@30 : 0.4147    ndcg@50 : 0.4346    precision@1 : 0.2277    precision@2 : 0.1982    precision@3 : 0.1685    precision@4 : 0.1502    precision@5 : 0.1337    precision@10 : 0.0968    precision@20 : 0.0641    precision@30 : 0.0488    precision@50 : 0.0337    map@1 : 0.2277    map@2 : 0.2312    map@3 : 0.2358    map@4 : 0.243    map@5 : 0.2471    map@10 : 0.2685    map@20 : 0.2825    map@30 : 0.2881    map@50 : 0.2928
Sun 15 Mar 2026 19:55:18 INFO  Saving current: saved/SCL-Mar-15-2026_19-49-02.pth
Sun 15 Mar 2026 19:55:18 INFO  Saving current best: saved/SCL-Mar-15-2026_19-49-02.pth
Sun 15 Mar 2026 19:55:18 INFO  Running E-step ! 
Sun 15 Mar 2026 19:55:24 INFO  epoch 36 training [time: 6.62s, train_loss1: 72.9950, train_loss2: 0.0360, train_loss3: 0.0000, train_loss4: 0.0028]
Sun 15 Mar 2026 19:55:28 INFO  epoch 36 evaluating [time: 4.04s, valid_score: 0.356200]
Sun 15 Mar 2026 19:55:28 INFO  valid result: 
recall@1 : 0.1454    recall@2 : 0.238    recall@3 : 0.2975    recall@4 : 0.3409    recall@5 : 0.373    recall@10 : 0.5156    recall@20 : 0.6521    recall@30 : 0.7182    recall@50 : 0.8005    ndcg@1 : 0.2318    ndcg@2 : 0.2595    ndcg@3 : 0.2794    ndcg@4 : 0.2939    ndcg@5 : 0.3052    ndcg@10 : 0.3562    ndcg@20 : 0.3969    ndcg@30 : 0.4152    ndcg@50 : 0.4349    precision@1 : 0.2318    precision@2 : 0.1952    precision@3 : 0.1687    precision@4 : 0.1485    precision@5 : 0.1327    precision@10 : 0.0972    precision@20 : 0.0642    precision@30 : 0.049    precision@50 : 0.0337    map@1 : 0.2318    map@2 : 0.2305    map@3 : 0.2364    map@4 : 0.242    map@5 : 0.2464    map@10 : 0.2688    map@20 : 0.2826    map@30 : 0.2883    map@50 : 0.2929
Sun 15 Mar 2026 19:55:28 INFO  Saving current: saved/SCL-Mar-15-2026_19-49-02.pth
Sun 15 Mar 2026 19:55:28 INFO  Saving current best: saved/SCL-Mar-15-2026_19-49-02.pth
Sun 15 Mar 2026 19:55:28 INFO  Running E-step ! 
Sun 15 Mar 2026 19:55:35 INFO  epoch 37 training [time: 6.42s, train_loss1: 73.1049, train_loss2: 0.0356, train_loss3: 0.0000, train_loss4: 0.0026]
Sun 15 Mar 2026 19:55:39 INFO  epoch 37 evaluating [time: 4.15s, valid_score: 0.357500]
Sun 15 Mar 2026 19:55:39 INFO  valid result: 
recall@1 : 0.1455    recall@2 : 0.2417    recall@3 : 0.3014    recall@4 : 0.3418    recall@5 : 0.3777    recall@10 : 0.5168    recall@20 : 0.6533    recall@30 : 0.7187    recall@50 : 0.7999    ndcg@1 : 0.2306    ndcg@2 : 0.2623    ndcg@3 : 0.2817    ndcg@4 : 0.2951    ndcg@5 : 0.308    ndcg@10 : 0.3575    ndcg@20 : 0.3984    ndcg@30 : 0.4164    ndcg@50 : 0.4359    precision@1 : 0.2306    precision@2 : 0.1985    precision@3 : 0.1702    precision@4 : 0.1485    precision@5 : 0.1338    precision@10 : 0.097    precision@20 : 0.0644    precision@30 : 0.049    precision@50 : 0.0338    map@1 : 0.2306    map@2 : 0.2333    map@3 : 0.2383    map@4 : 0.2435    map@5 : 0.2488    map@10 : 0.2703    map@20 : 0.2843    map@30 : 0.2898    map@50 : 0.2945
Sun 15 Mar 2026 19:55:39 INFO  Saving current: saved/SCL-Mar-15-2026_19-49-02.pth
Sun 15 Mar 2026 19:55:39 INFO  Saving current best: saved/SCL-Mar-15-2026_19-49-02.pth
Sun 15 Mar 2026 19:55:39 INFO  Running E-step ! 
Sun 15 Mar 2026 19:55:46 INFO  epoch 38 training [time: 6.87s, train_loss1: 71.6331, train_loss2: 0.0351, train_loss3: 0.0000, train_loss4: 0.0027]
Sun 15 Mar 2026 19:55:50 INFO  epoch 38 evaluating [time: 4.00s, valid_score: 0.358800]
Sun 15 Mar 2026 19:55:50 INFO  valid result: 
recall@1 : 0.1447    recall@2 : 0.2431    recall@3 : 0.3062    recall@4 : 0.3463    recall@5 : 0.3805    recall@10 : 0.5179    recall@20 : 0.65    recall@30 : 0.7195    recall@50 : 0.7974    ndcg@1 : 0.2306    ndcg@2 : 0.2632    ndcg@3 : 0.2842    ndcg@4 : 0.2974    ndcg@5 : 0.3101    ndcg@10 : 0.3588    ndcg@20 : 0.3984    ndcg@30 : 0.4174    ndcg@50 : 0.4363    precision@1 : 0.2306    precision@2 : 0.1993    precision@3 : 0.1722    precision@4 : 0.15    precision@5 : 0.1358    precision@10 : 0.0974    precision@20 : 0.0643    precision@30 : 0.0491    precision@50 : 0.0338    map@1 : 0.2306    map@2 : 0.2336    map@3 : 0.2399    map@4 : 0.2447    map@5 : 0.2499    map@10 : 0.2713    map@20 : 0.2849    map@30 : 0.2907    map@50 : 0.2952
Sun 15 Mar 2026 19:55:50 INFO  Saving current: saved/SCL-Mar-15-2026_19-49-02.pth
Sun 15 Mar 2026 19:55:50 INFO  Saving current best: saved/SCL-Mar-15-2026_19-49-02.pth
Sun 15 Mar 2026 19:55:50 INFO  Running E-step ! 
Sun 15 Mar 2026 19:55:56 INFO  epoch 39 training [time: 6.34s, train_loss1: 70.7467, train_loss2: 0.0347, train_loss3: 0.0000, train_loss4: 0.0028]
Sun 15 Mar 2026 19:56:00 INFO  epoch 39 evaluating [time: 4.15s, valid_score: 0.358000]
Sun 15 Mar 2026 19:56:00 INFO  valid result: 
recall@1 : 0.1419    recall@2 : 0.2451    recall@3 : 0.3071    recall@4 : 0.3474    recall@5 : 0.3804    recall@10 : 0.517    recall@20 : 0.6503    recall@30 : 0.7194    recall@50 : 0.7941    ndcg@1 : 0.2265    ndcg@2 : 0.2631    ndcg@3 : 0.2837    ndcg@4 : 0.2974    ndcg@5 : 0.3096    ndcg@10 : 0.358    ndcg@20 : 0.3982    ndcg@30 : 0.4169    ndcg@50 : 0.4351    precision@1 : 0.2265    precision@2 : 0.2008    precision@3 : 0.1726    precision@4 : 0.1509    precision@5 : 0.1364    precision@10 : 0.0975    precision@20 : 0.0646    precision@30 : 0.0492    precision@50 : 0.0337    map@1 : 0.2265    map@2 : 0.2324    map@3 : 0.2391    map@4 : 0.2442    map@5 : 0.2493    map@10 : 0.2704    map@20 : 0.2844    map@30 : 0.29    map@50 : 0.2945
Sun 15 Mar 2026 19:56:00 INFO  Running E-step ! 
Sun 15 Mar 2026 19:56:07 INFO  epoch 40 training [time: 6.26s, train_loss1: 68.9472, train_loss2: 0.0343, train_loss3: 0.0000, train_loss4: 0.0027]
Sun 15 Mar 2026 19:56:11 INFO  epoch 40 evaluating [time: 4.14s, valid_score: 0.359600]
Sun 15 Mar 2026 19:56:11 INFO  valid result: 
recall@1 : 0.1428    recall@2 : 0.2441    recall@3 : 0.3084    recall@4 : 0.3462    recall@5 : 0.3801    recall@10 : 0.5211    recall@20 : 0.6481    recall@30 : 0.7197    recall@50 : 0.7937    ndcg@1 : 0.2288    ndcg@2 : 0.2622    ndcg@3 : 0.2842    ndcg@4 : 0.2968    ndcg@5 : 0.3095    ndcg@10 : 0.3596    ndcg@20 : 0.3981    ndcg@30 : 0.4174    ndcg@50 : 0.4356    precision@1 : 0.2288    precision@2 : 0.1987    precision@3 : 0.172    precision@4 : 0.15    precision@5 : 0.136    precision@10 : 0.0981    precision@20 : 0.0645    precision@30 : 0.0492    precision@50 : 0.0338    map@1 : 0.2288    map@2 : 0.2321    map@3 : 0.2396    map@4 : 0.2439    map@5 : 0.2494    map@10 : 0.2713    map@20 : 0.2848    map@30 : 0.2906    map@50 : 0.2951
Sun 15 Mar 2026 19:56:11 INFO  Saving current: saved/SCL-Mar-15-2026_19-49-02.pth
Sun 15 Mar 2026 19:56:11 INFO  Saving current best: saved/SCL-Mar-15-2026_19-49-02.pth
Sun 15 Mar 2026 19:56:11 INFO  Running E-step ! 
Sun 15 Mar 2026 19:56:17 INFO  epoch 41 training [time: 6.24s, train_loss1: 66.5905, train_loss2: 0.0339, train_loss3: 0.0000, train_loss4: 0.0026]
Sun 15 Mar 2026 19:56:21 INFO  epoch 41 evaluating [time: 4.06s, valid_score: 0.360300]
Sun 15 Mar 2026 19:56:21 INFO  valid result: 
recall@1 : 0.1458    recall@2 : 0.2407    recall@3 : 0.3061    recall@4 : 0.3473    recall@5 : 0.3787    recall@10 : 0.5197    recall@20 : 0.6486    recall@30 : 0.7198    recall@50 : 0.7961    ndcg@1 : 0.2348    ndcg@2 : 0.2616    ndcg@3 : 0.2848    ndcg@4 : 0.2988    ndcg@5 : 0.3101    ndcg@10 : 0.3603    ndcg@20 : 0.3993    ndcg@30 : 0.4185    ndcg@50 : 0.4372    precision@1 : 0.2348    precision@2 : 0.1976    precision@3 : 0.173    precision@4 : 0.1517    precision@5 : 0.136    precision@10 : 0.098    precision@20 : 0.0645    precision@30 : 0.0493    precision@50 : 0.0339    map@1 : 0.2348    map@2 : 0.2318    map@3 : 0.2403    map@4 : 0.2456    map@5 : 0.25    map@10 : 0.2722    map@20 : 0.2858    map@30 : 0.2916    map@50 : 0.2962
Sun 15 Mar 2026 19:56:21 INFO  Saving current: saved/SCL-Mar-15-2026_19-49-02.pth
Sun 15 Mar 2026 19:56:21 INFO  Saving current best: saved/SCL-Mar-15-2026_19-49-02.pth
Sun 15 Mar 2026 19:56:21 INFO  Running E-step ! 
Sun 15 Mar 2026 19:56:27 INFO  epoch 42 training [time: 6.38s, train_loss1: 66.3138, train_loss2: 0.0336, train_loss3: 0.0000, train_loss4: 0.0028]
Sun 15 Mar 2026 19:56:32 INFO  epoch 42 evaluating [time: 4.27s, valid_score: 0.363000]
Sun 15 Mar 2026 19:56:32 INFO  valid result: 
recall@1 : 0.1501    recall@2 : 0.2428    recall@3 : 0.305    recall@4 : 0.3488    recall@5 : 0.3805    recall@10 : 0.5212    recall@20 : 0.6507    recall@30 : 0.7215    recall@50 : 0.7966    ndcg@1 : 0.2396    ndcg@2 : 0.265    ndcg@3 : 0.2861    ndcg@4 : 0.3015    ndcg@5 : 0.3126    ndcg@10 : 0.363    ndcg@20 : 0.4021    ndcg@30 : 0.4211    ndcg@50 : 0.4396    precision@1 : 0.2396    precision@2 : 0.1993    precision@3 : 0.1722    precision@4 : 0.1526    precision@5 : 0.136    precision@10 : 0.0983    precision@20 : 0.0648    precision@30 : 0.0493    precision@50 : 0.0339    map@1 : 0.2396    map@2 : 0.2358    map@3 : 0.2425    map@4 : 0.2489    map@5 : 0.253    map@10 : 0.2753    map@20 : 0.2889    map@30 : 0.2946    map@50 : 0.2992
Sun 15 Mar 2026 19:56:32 INFO  Saving current: saved/SCL-Mar-15-2026_19-49-02.pth
Sun 15 Mar 2026 19:56:32 INFO  Saving current best: saved/SCL-Mar-15-2026_19-49-02.pth
Sun 15 Mar 2026 19:56:32 INFO  Running E-step ! 
Sun 15 Mar 2026 19:56:38 INFO  epoch 43 training [time: 6.18s, train_loss1: 66.7353, train_loss2: 0.0330, train_loss3: 0.0000, train_loss4: 0.0025]
Sun 15 Mar 2026 19:56:42 INFO  epoch 43 evaluating [time: 4.19s, valid_score: 0.361300]
Sun 15 Mar 2026 19:56:42 INFO  valid result: 
recall@1 : 0.1498    recall@2 : 0.2415    recall@3 : 0.3025    recall@4 : 0.3435    recall@5 : 0.379    recall@10 : 0.5197    recall@20 : 0.6516    recall@30 : 0.7206    recall@50 : 0.7972    ndcg@1 : 0.2354    ndcg@2 : 0.2629    ndcg@3 : 0.2836    ndcg@4 : 0.2978    ndcg@5 : 0.311    ndcg@10 : 0.3613    ndcg@20 : 0.4014    ndcg@30 : 0.4199    ndcg@50 : 0.4388    precision@1 : 0.2354    precision@2 : 0.1982    precision@3 : 0.1708    precision@4 : 0.1503    precision@5 : 0.1361    precision@10 : 0.0975    precision@20 : 0.0648    precision@30 : 0.0492    precision@50 : 0.0339    map@1 : 0.2354    map@2 : 0.2335    map@3 : 0.2404    map@4 : 0.2462    map@5 : 0.2518    map@10 : 0.274    map@20 : 0.2881    map@30 : 0.2937    map@50 : 0.2983
Sun 15 Mar 2026 19:56:42 INFO  Running E-step ! 
Sun 15 Mar 2026 19:56:48 INFO  epoch 44 training [time: 5.81s, train_loss1: 63.7511, train_loss2: 0.0327, train_loss3: 0.0000, train_loss4: 0.0024]
Sun 15 Mar 2026 19:56:52 INFO  epoch 44 evaluating [time: 4.34s, valid_score: 0.364200]
Sun 15 Mar 2026 19:56:52 INFO  valid result: 
recall@1 : 0.1507    recall@2 : 0.2445    recall@3 : 0.3034    recall@4 : 0.3493    recall@5 : 0.3849    recall@10 : 0.5248    recall@20 : 0.6547    recall@30 : 0.7217    recall@50 : 0.7959    ndcg@1 : 0.2354    ndcg@2 : 0.2649    ndcg@3 : 0.2847    ndcg@4 : 0.3011    ndcg@5 : 0.3145    ndcg@10 : 0.3642    ndcg@20 : 0.4036    ndcg@30 : 0.4217    ndcg@50 : 0.44    precision@1 : 0.2354    precision@2 : 0.1996    precision@3 : 0.1712    precision@4 : 0.1521    precision@5 : 0.1378    precision@10 : 0.0985    precision@20 : 0.0651    precision@30 : 0.0493    precision@50 : 0.0339    map@1 : 0.2354    map@2 : 0.2347    map@3 : 0.2411    map@4 : 0.2484    map@5 : 0.2541    map@10 : 0.2761    map@20 : 0.29    map@30 : 0.2954    map@50 : 0.2999
Sun 15 Mar 2026 19:56:52 INFO  Saving current: saved/SCL-Mar-15-2026_19-49-02.pth
Sun 15 Mar 2026 19:56:52 INFO  Saving current best: saved/SCL-Mar-15-2026_19-49-02.pth
Sun 15 Mar 2026 19:56:52 INFO  Running E-step ! 
Sun 15 Mar 2026 19:56:58 INFO  epoch 45 training [time: 5.96s, train_loss1: 63.1780, train_loss2: 0.0324, train_loss3: 0.0000, train_loss4: 0.0024]
Sun 15 Mar 2026 19:57:02 INFO  epoch 45 evaluating [time: 4.24s, valid_score: 0.364000]
Sun 15 Mar 2026 19:57:02 INFO  valid result: 
recall@1 : 0.1511    recall@2 : 0.2448    recall@3 : 0.3055    recall@4 : 0.3489    recall@5 : 0.3865    recall@10 : 0.5226    recall@20 : 0.6506    recall@30 : 0.7208    recall@50 : 0.7953    ndcg@1 : 0.2366    ndcg@2 : 0.2658    ndcg@3 : 0.2863    ndcg@4 : 0.3011    ndcg@5 : 0.3156    ndcg@10 : 0.364    ndcg@20 : 0.4031    ndcg@30 : 0.4219    ndcg@50 : 0.4404    precision@1 : 0.2366    precision@2 : 0.2005    precision@3 : 0.1726    precision@4 : 0.1514    precision@5 : 0.1383    precision@10 : 0.098    precision@20 : 0.0648    precision@30 : 0.0493    precision@50 : 0.0339    map@1 : 0.2366    map@2 : 0.2363    map@3 : 0.2427    map@4 : 0.2488    map@5 : 0.2553    map@10 : 0.2766    map@20 : 0.2906    map@30 : 0.2962    map@50 : 0.3008
Sun 15 Mar 2026 19:57:02 INFO  Running E-step ! 
Sun 15 Mar 2026 19:57:09 INFO  epoch 46 training [time: 6.31s, train_loss1: 63.0774, train_loss2: 0.0320, train_loss3: 0.0000, train_loss4: 0.0023]
Sun 15 Mar 2026 19:57:13 INFO  epoch 46 evaluating [time: 4.45s, valid_score: 0.362600]
Sun 15 Mar 2026 19:57:13 INFO  valid result: 
recall@1 : 0.1503    recall@2 : 0.2417    recall@3 : 0.3063    recall@4 : 0.3514    recall@5 : 0.3876    recall@10 : 0.5199    recall@20 : 0.6508    recall@30 : 0.7211    recall@50 : 0.7971    ndcg@1 : 0.2354    ndcg@2 : 0.2624    ndcg@3 : 0.2856    ndcg@4 : 0.3012    ndcg@5 : 0.3153    ndcg@10 : 0.3626    ndcg@20 : 0.4024    ndcg@30 : 0.4214    ndcg@50 : 0.4399    precision@1 : 0.2354    precision@2 : 0.197    precision@3 : 0.1726    precision@4 : 0.1517    precision@5 : 0.1386    precision@10 : 0.0977    precision@20 : 0.0647    precision@30 : 0.0494    precision@50 : 0.0339    map@1 : 0.2354    map@2 : 0.2332    map@3 : 0.2415    map@4 : 0.2482    map@5 : 0.2547    map@10 : 0.2755    map@20 : 0.2898    map@30 : 0.2953    map@50 : 0.2999
Sun 15 Mar 2026 19:57:13 INFO  Running E-step ! 
Sun 15 Mar 2026 19:57:20 INFO  epoch 47 training [time: 6.30s, train_loss1: 60.0239, train_loss2: 0.0316, train_loss3: 0.0000, train_loss4: 0.0023]
Sun 15 Mar 2026 19:57:24 INFO  epoch 47 evaluating [time: 4.39s, valid_score: 0.363300]
Sun 15 Mar 2026 19:57:24 INFO  valid result: 
recall@1 : 0.1515    recall@2 : 0.2417    recall@3 : 0.3037    recall@4 : 0.3525    recall@5 : 0.3892    recall@10 : 0.5195    recall@20 : 0.6532    recall@30 : 0.7198    recall@50 : 0.7971    ndcg@1 : 0.2396    ndcg@2 : 0.2638    ndcg@3 : 0.2853    ndcg@4 : 0.3029    ndcg@5 : 0.3165    ndcg@10 : 0.3633    ndcg@20 : 0.4036    ndcg@30 : 0.4217    ndcg@50 : 0.4407    precision@1 : 0.2396    precision@2 : 0.1976    precision@3 : 0.172    precision@4 : 0.1532    precision@5 : 0.1389    precision@10 : 0.0982    precision@20 : 0.065    precision@30 : 0.0493    precision@50 : 0.034    map@1 : 0.2396    map@2 : 0.2347    map@3 : 0.2417    map@4 : 0.2498    map@5 : 0.2557    map@10 : 0.2763    map@20 : 0.2906    map@30 : 0.2959    map@50 : 0.3006
Sun 15 Mar 2026 19:57:24 INFO  Running E-step ! 
Sun 15 Mar 2026 19:57:30 INFO  epoch 48 training [time: 6.31s, train_loss1: 59.4521, train_loss2: 0.0313, train_loss3: 0.0000, train_loss4: 0.0026]
Sun 15 Mar 2026 19:57:35 INFO  epoch 48 evaluating [time: 4.34s, valid_score: 0.362000]
Sun 15 Mar 2026 19:57:35 INFO  valid result: 
recall@1 : 0.1511    recall@2 : 0.2399    recall@3 : 0.3023    recall@4 : 0.3547    recall@5 : 0.3891    recall@10 : 0.5167    recall@20 : 0.6526    recall@30 : 0.7205    recall@50 : 0.798    ndcg@1 : 0.2408    ndcg@2 : 0.2629    ndcg@3 : 0.2846    ndcg@4 : 0.3035    ndcg@5 : 0.3162    ndcg@10 : 0.362    ndcg@20 : 0.4029    ndcg@30 : 0.4212    ndcg@50 : 0.4403    precision@1 : 0.2408    precision@2 : 0.197    precision@3 : 0.1716    precision@4 : 0.1539    precision@5 : 0.1387    precision@10 : 0.0977    precision@20 : 0.0648    precision@30 : 0.0493    precision@50 : 0.034    map@1 : 0.2408    map@2 : 0.2338    map@3 : 0.2411    map@4 : 0.2496    map@5 : 0.255    map@10 : 0.2753    map@20 : 0.2897    map@30 : 0.2952    map@50 : 0.2998
Sun 15 Mar 2026 19:57:35 INFO  Running E-step ! 
Sun 15 Mar 2026 19:57:41 INFO  epoch 49 training [time: 6.68s, train_loss1: 59.4445, train_loss2: 0.0309, train_loss3: 0.0000, train_loss4: 0.0021]
Sun 15 Mar 2026 19:57:46 INFO  epoch 49 evaluating [time: 4.24s, valid_score: 0.363400]
Sun 15 Mar 2026 19:57:46 INFO  valid result: 
recall@1 : 0.1542    recall@2 : 0.241    recall@3 : 0.3048    recall@4 : 0.3565    recall@5 : 0.3861    recall@10 : 0.5164    recall@20 : 0.6536    recall@30 : 0.7177    recall@50 : 0.7999    ndcg@1 : 0.2402    ndcg@2 : 0.2645    ndcg@3 : 0.2867    ndcg@4 : 0.3056    ndcg@5 : 0.3161    ndcg@10 : 0.3634    ndcg@20 : 0.4045    ndcg@30 : 0.4221    ndcg@50 : 0.442    precision@1 : 0.2402    precision@2 : 0.1982    precision@3 : 0.1726    precision@4 : 0.1546    precision@5 : 0.1375    precision@10 : 0.0979    precision@20 : 0.0649    precision@30 : 0.0492    precision@50 : 0.034    map@1 : 0.2402    map@2 : 0.2357    map@3 : 0.2431    map@4 : 0.2518    map@5 : 0.2563    map@10 : 0.2774    map@20 : 0.2918    map@30 : 0.2971    map@50 : 0.3019
Sun 15 Mar 2026 19:57:46 INFO  Running E-step ! 
Sun 15 Mar 2026 19:57:52 INFO  epoch 50 training [time: 6.29s, train_loss1: 58.9395, train_loss2: 0.0305, train_loss3: 0.0000, train_loss4: 0.0024]
Sun 15 Mar 2026 19:57:56 INFO  epoch 50 evaluating [time: 4.27s, valid_score: 0.362500]
Sun 15 Mar 2026 19:57:56 INFO  valid result: 
recall@1 : 0.155    recall@2 : 0.2424    recall@3 : 0.3057    recall@4 : 0.3547    recall@5 : 0.3896    recall@10 : 0.5121    recall@20 : 0.6487    recall@30 : 0.718    recall@50 : 0.8005    ndcg@1 : 0.2414    ndcg@2 : 0.2659    ndcg@3 : 0.2875    ndcg@4 : 0.3048    ndcg@5 : 0.318    ndcg@10 : 0.3625    ndcg@20 : 0.4036    ndcg@30 : 0.4225    ndcg@50 : 0.4424    precision@1 : 0.2414    precision@2 : 0.199    precision@3 : 0.1724    precision@4 : 0.153    precision@5 : 0.1386    precision@10 : 0.0973    precision@20 : 0.0644    precision@30 : 0.0492    precision@50 : 0.034    map@1 : 0.2414    map@2 : 0.2367    map@3 : 0.2436    map@4 : 0.2513    map@5 : 0.2574    map@10 : 0.2773    map@20 : 0.2918    map@30 : 0.2974    map@50 : 0.3022
Sun 15 Mar 2026 19:57:56 INFO  Running E-step ! 
Sun 15 Mar 2026 19:58:02 INFO  epoch 51 training [time: 6.25s, train_loss1: 56.8668, train_loss2: 0.0302, train_loss3: 0.0000, train_loss4: 0.0022]
Sun 15 Mar 2026 19:58:07 INFO  epoch 51 evaluating [time: 4.19s, valid_score: 0.362500]
Sun 15 Mar 2026 19:58:07 INFO  valid result: 
recall@1 : 0.1534    recall@2 : 0.2473    recall@3 : 0.3064    recall@4 : 0.3558    recall@5 : 0.3906    recall@10 : 0.5117    recall@20 : 0.6494    recall@30 : 0.7183    recall@50 : 0.7981    ndcg@1 : 0.2372    ndcg@2 : 0.268    ndcg@3 : 0.2871    ndcg@4 : 0.3053    ndcg@5 : 0.3183    ndcg@10 : 0.3625    ndcg@20 : 0.4039    ndcg@30 : 0.4226    ndcg@50 : 0.4422    precision@1 : 0.2372    precision@2 : 0.2014    precision@3 : 0.1714    precision@4 : 0.1538    precision@5 : 0.1387    precision@10 : 0.0973    precision@20 : 0.0645    precision@30 : 0.0491    precision@50 : 0.034    map@1 : 0.2372    map@2 : 0.2384    map@3 : 0.2435    map@4 : 0.252    map@5 : 0.2577    map@10 : 0.2776    map@20 : 0.2921    map@30 : 0.2978    map@50 : 0.3025
Sun 15 Mar 2026 19:58:07 INFO  Running E-step ! 
Sun 15 Mar 2026 19:58:13 INFO  epoch 52 training [time: 6.41s, train_loss1: 56.8647, train_loss2: 0.0299, train_loss3: 0.0000, train_loss4: 0.0022]
Sun 15 Mar 2026 19:58:17 INFO  epoch 52 evaluating [time: 4.40s, valid_score: 0.361400]
Sun 15 Mar 2026 19:58:17 INFO  valid result: 
recall@1 : 0.1526    recall@2 : 0.2464    recall@3 : 0.3027    recall@4 : 0.357    recall@5 : 0.3928    recall@10 : 0.5101    recall@20 : 0.6504    recall@30 : 0.7177    recall@50 : 0.799    ndcg@1 : 0.2354    ndcg@2 : 0.2664    ndcg@3 : 0.2848    ndcg@4 : 0.305    ndcg@5 : 0.3189    ndcg@10 : 0.3614    ndcg@20 : 0.4033    ndcg@30 : 0.4216    ndcg@50 : 0.4415    precision@1 : 0.2354    precision@2 : 0.1999    precision@3 : 0.1704    precision@4 : 0.1544    precision@5 : 0.1404    precision@10 : 0.0972    precision@20 : 0.0645    precision@30 : 0.0491    precision@50 : 0.034    map@1 : 0.2354    map@2 : 0.2369    map@3 : 0.2412    map@4 : 0.2509    map@5 : 0.2577    map@10 : 0.2767    map@20 : 0.2912    map@30 : 0.2968    map@50 : 0.3016
Sun 15 Mar 2026 19:58:17 INFO  Running E-step ! 
Sun 15 Mar 2026 19:58:24 INFO  epoch 53 training [time: 6.21s, train_loss1: 55.0612, train_loss2: 0.0295, train_loss3: 0.0000, train_loss4: 0.0021]
Sun 15 Mar 2026 19:58:28 INFO  epoch 53 evaluating [time: 4.05s, valid_score: 0.362800]
Sun 15 Mar 2026 19:58:28 INFO  valid result: 
recall@1 : 0.1544    recall@2 : 0.2488    recall@3 : 0.3024    recall@4 : 0.3545    recall@5 : 0.3932    recall@10 : 0.5124    recall@20 : 0.6494    recall@30 : 0.7164    recall@50 : 0.8007    ndcg@1 : 0.236    ndcg@2 : 0.2685    ndcg@3 : 0.2858    ndcg@4 : 0.305    ndcg@5 : 0.3198    ndcg@10 : 0.3628    ndcg@20 : 0.4037    ndcg@30 : 0.422    ndcg@50 : 0.4424    precision@1 : 0.236    precision@2 : 0.2014    precision@3 : 0.1708    precision@4 : 0.1539    precision@5 : 0.1402    precision@10 : 0.0976    precision@20 : 0.0644    precision@30 : 0.049    precision@50 : 0.034    map@1 : 0.236    map@2 : 0.2388    map@3 : 0.2429    map@4 : 0.2518    map@5 : 0.259    map@10 : 0.2781    map@20 : 0.2923    map@30 : 0.2978    map@50 : 0.3027
Sun 15 Mar 2026 19:58:28 INFO  Running E-step ! 
Sun 15 Mar 2026 19:58:34 INFO  epoch 54 training [time: 6.40s, train_loss1: 53.9420, train_loss2: 0.0293, train_loss3: 0.0000, train_loss4: 0.0022]
Sun 15 Mar 2026 19:58:38 INFO  epoch 54 evaluating [time: 4.06s, valid_score: 0.359200]
Sun 15 Mar 2026 19:58:38 INFO  valid result: 
recall@1 : 0.1526    recall@2 : 0.2438    recall@3 : 0.3008    recall@4 : 0.3556    recall@5 : 0.3934    recall@10 : 0.5063    recall@20 : 0.6472    recall@30 : 0.714    recall@50 : 0.801    ndcg@1 : 0.233    ndcg@2 : 0.265    ndcg@3 : 0.2835    ndcg@4 : 0.3038    ndcg@5 : 0.318    ndcg@10 : 0.3592    ndcg@20 : 0.4015    ndcg@30 : 0.4197    ndcg@50 : 0.4407    precision@1 : 0.233    precision@2 : 0.1996    precision@3 : 0.1696    precision@4 : 0.1536    precision@5 : 0.1395    precision@10 : 0.0966    precision@20 : 0.0643    precision@30 : 0.0489    precision@50 : 0.034    map@1 : 0.233    map@2 : 0.236    map@3 : 0.2413    map@4 : 0.2503    map@5 : 0.257    map@10 : 0.2754    map@20 : 0.2902    map@30 : 0.2958    map@50 : 0.3007
Sun 15 Mar 2026 19:58:38 INFO  Running E-step ! 
Sun 15 Mar 2026 19:58:44 INFO  epoch 55 training [time: 6.25s, train_loss1: 53.1082, train_loss2: 0.0291, train_loss3: 0.0000, train_loss4: 0.0022]
Sun 15 Mar 2026 19:58:49 INFO  epoch 55 evaluating [time: 4.16s, valid_score: 0.359800]
Sun 15 Mar 2026 19:58:49 INFO  valid result: 
recall@1 : 0.1549    recall@2 : 0.2436    recall@3 : 0.2972    recall@4 : 0.3519    recall@5 : 0.3912    recall@10 : 0.5071    recall@20 : 0.6482    recall@30 : 0.7143    recall@50 : 0.8013    ndcg@1 : 0.236    ndcg@2 : 0.2655    ndcg@3 : 0.2819    ndcg@4 : 0.3019    ndcg@5 : 0.3174    ndcg@10 : 0.3598    ndcg@20 : 0.4018    ndcg@30 : 0.4199    ndcg@50 : 0.4408    precision@1 : 0.236    precision@2 : 0.1996    precision@3 : 0.1673    precision@4 : 0.1509    precision@5 : 0.1386    precision@10 : 0.0969    precision@20 : 0.0643    precision@30 : 0.049    precision@50 : 0.034    map@1 : 0.236    map@2 : 0.2369    map@3 : 0.2403    map@4 : 0.2494    map@5 : 0.2567    map@10 : 0.2758    map@20 : 0.2904    map@30 : 0.296    map@50 : 0.3009
Sun 15 Mar 2026 19:58:49 INFO  Running E-step ! 
Sun 15 Mar 2026 19:58:55 INFO  epoch 56 training [time: 6.21s, train_loss1: 52.5858, train_loss2: 0.0289, train_loss3: 0.0000, train_loss4: 0.0022]
Sun 15 Mar 2026 19:58:59 INFO  epoch 56 evaluating [time: 4.22s, valid_score: 0.360300]
Sun 15 Mar 2026 19:58:59 INFO  valid result: 
recall@1 : 0.1528    recall@2 : 0.2472    recall@3 : 0.2999    recall@4 : 0.3516    recall@5 : 0.3908    recall@10 : 0.509    recall@20 : 0.6474    recall@30 : 0.7175    recall@50 : 0.7983    ndcg@1 : 0.2336    ndcg@2 : 0.2674    ndcg@3 : 0.2835    ndcg@4 : 0.3024    ndcg@5 : 0.3169    ndcg@10 : 0.3603    ndcg@20 : 0.4016    ndcg@30 : 0.4205    ndcg@50 : 0.4402    precision@1 : 0.2336    precision@2 : 0.2017    precision@3 : 0.1691    precision@4 : 0.1521    precision@5 : 0.1381    precision@10 : 0.0972    precision@20 : 0.0642    precision@30 : 0.049    precision@50 : 0.0339    map@1 : 0.2336    map@2 : 0.2387    map@3 : 0.2414    map@4 : 0.2496    map@5 : 0.2562    map@10 : 0.276    map@20 : 0.2904    map@30 : 0.296    map@50 : 0.3008
Sun 15 Mar 2026 19:58:59 INFO  Running E-step ! 
Sun 15 Mar 2026 19:59:05 INFO  epoch 57 training [time: 6.44s, train_loss1: 52.5123, train_loss2: 0.0286, train_loss3: 0.0000, train_loss4: 0.0021]
Sun 15 Mar 2026 19:59:10 INFO  epoch 57 evaluating [time: 4.24s, valid_score: 0.358700]
Sun 15 Mar 2026 19:59:10 INFO  valid result: 
recall@1 : 0.1513    recall@2 : 0.247    recall@3 : 0.3021    recall@4 : 0.3487    recall@5 : 0.3901    recall@10 : 0.5062    recall@20 : 0.649    recall@30 : 0.717    recall@50 : 0.8015    ndcg@1 : 0.2282    ndcg@2 : 0.2664    ndcg@3 : 0.2834    ndcg@4 : 0.3002    ndcg@5 : 0.3158    ndcg@10 : 0.3587    ndcg@20 : 0.4011    ndcg@30 : 0.4195    ndcg@50 : 0.4399    precision@1 : 0.2282    precision@2 : 0.2023    precision@3 : 0.1698    precision@4 : 0.1509    precision@5 : 0.1379    precision@10 : 0.0971    precision@20 : 0.0644    precision@30 : 0.0491    precision@50 : 0.034    map@1 : 0.2282    map@2 : 0.2373    map@3 : 0.2407    map@4 : 0.2479    map@5 : 0.2553    map@10 : 0.2749    map@20 : 0.2896    map@30 : 0.2952    map@50 : 0.3
Sun 15 Mar 2026 19:59:10 INFO  Running E-step ! 
Sun 15 Mar 2026 19:59:16 INFO  epoch 58 training [time: 6.43s, train_loss1: 50.7903, train_loss2: 0.0283, train_loss3: 0.0000, train_loss4: 0.0022]
Sun 15 Mar 2026 19:59:20 INFO  epoch 58 evaluating [time: 4.27s, valid_score: 0.358900]
Sun 15 Mar 2026 19:59:20 INFO  valid result: 
recall@1 : 0.1527    recall@2 : 0.2453    recall@3 : 0.303    recall@4 : 0.3514    recall@5 : 0.3926    recall@10 : 0.504    recall@20 : 0.6504    recall@30 : 0.7172    recall@50 : 0.8013    ndcg@1 : 0.233    ndcg@2 : 0.266    ndcg@3 : 0.2848    ndcg@4 : 0.3022    ndcg@5 : 0.3179    ndcg@10 : 0.3589    ndcg@20 : 0.4022    ndcg@30 : 0.4204    ndcg@50 : 0.4407    precision@1 : 0.233    precision@2 : 0.2008    precision@3 : 0.1708    precision@4 : 0.1521    precision@5 : 0.1393    precision@10 : 0.097    precision@20 : 0.0646    precision@30 : 0.0491    precision@50 : 0.034    map@1 : 0.233    map@2 : 0.2375    map@3 : 0.242    map@4 : 0.2496    map@5 : 0.257    map@10 : 0.2755    map@20 : 0.2905    map@30 : 0.296    map@50 : 0.3008
Sun 15 Mar 2026 19:59:20 INFO  Running E-step ! 
Sun 15 Mar 2026 19:59:27 INFO  epoch 59 training [time: 6.69s, train_loss1: 51.1025, train_loss2: 0.0281, train_loss3: 0.0000, train_loss4: 0.0021]
Sun 15 Mar 2026 19:59:31 INFO  epoch 59 evaluating [time: 4.26s, valid_score: 0.359300]
Sun 15 Mar 2026 19:59:31 INFO  valid result: 
recall@1 : 0.1528    recall@2 : 0.248    recall@3 : 0.3037    recall@4 : 0.3499    recall@5 : 0.3918    recall@10 : 0.5054    recall@20 : 0.6483    recall@30 : 0.7164    recall@50 : 0.8013    ndcg@1 : 0.2312    ndcg@2 : 0.2677    ndcg@3 : 0.2855    ndcg@4 : 0.3022    ndcg@5 : 0.3178    ndcg@10 : 0.3593    ndcg@20 : 0.4016    ndcg@30 : 0.4202    ndcg@50 : 0.4407    precision@1 : 0.2312    precision@2 : 0.2026    precision@3 : 0.1714    precision@4 : 0.1524    precision@5 : 0.1389    precision@10 : 0.0967    precision@20 : 0.0641    precision@30 : 0.0489    precision@50 : 0.034    map@1 : 0.2312    map@2 : 0.2385    map@3 : 0.2427    map@4 : 0.2498    map@5 : 0.257    map@10 : 0.2759    map@20 : 0.2905    map@30 : 0.2962    map@50 : 0.301
Sun 15 Mar 2026 19:59:31 INFO  Running E-step ! 
Sun 15 Mar 2026 19:59:38 INFO  epoch 60 training [time: 6.71s, train_loss1: 49.6288, train_loss2: 0.0278, train_loss3: 0.0000, train_loss4: 0.0025]
Sun 15 Mar 2026 19:59:42 INFO  epoch 60 evaluating [time: 4.24s, valid_score: 0.358100]
Sun 15 Mar 2026 19:59:42 INFO  valid result: 
recall@1 : 0.1527    recall@2 : 0.2491    recall@3 : 0.3039    recall@4 : 0.3481    recall@5 : 0.3914    recall@10 : 0.5012    recall@20 : 0.6452    recall@30 : 0.7158    recall@50 : 0.8008    ndcg@1 : 0.2318    ndcg@2 : 0.2682    ndcg@3 : 0.2858    ndcg@4 : 0.3015    ndcg@5 : 0.3179    ndcg@10 : 0.3581    ndcg@20 : 0.4008    ndcg@30 : 0.42    ndcg@50 : 0.4404    precision@1 : 0.2318    precision@2 : 0.2026    precision@3 : 0.1714    precision@4 : 0.1518    precision@5 : 0.1395    precision@10 : 0.0963    precision@20 : 0.0639    precision@30 : 0.0489    precision@50 : 0.034    map@1 : 0.2318    map@2 : 0.2394    map@3 : 0.2435    map@4 : 0.2497    map@5 : 0.2575    map@10 : 0.2757    map@20 : 0.2905    map@30 : 0.2963    map@50 : 0.3011
Sun 15 Mar 2026 19:59:42 INFO  Running E-step ! 
Sun 15 Mar 2026 19:59:49 INFO  epoch 61 training [time: 6.46s, train_loss1: 48.6516, train_loss2: 0.0276, train_loss3: 0.0000, train_loss4: 0.0022]
Sun 15 Mar 2026 19:59:53 INFO  epoch 61 evaluating [time: 4.30s, valid_score: 0.358200]
Sun 15 Mar 2026 19:59:53 INFO  valid result: 
recall@1 : 0.1541    recall@2 : 0.2508    recall@3 : 0.3034    recall@4 : 0.3471    recall@5 : 0.3896    recall@10 : 0.5004    recall@20 : 0.6457    recall@30 : 0.7131    recall@50 : 0.8013    ndcg@1 : 0.2336    ndcg@2 : 0.2701    ndcg@3 : 0.2861    ndcg@4 : 0.3015    ndcg@5 : 0.3177    ndcg@10 : 0.3582    ndcg@20 : 0.4016    ndcg@30 : 0.4198    ndcg@50 : 0.441    precision@1 : 0.2336    precision@2 : 0.2038    precision@3 : 0.171    precision@4 : 0.1511    precision@5 : 0.1385    precision@10 : 0.0959    precision@20 : 0.0642    precision@30 : 0.0488    precision@50 : 0.034    map@1 : 0.2336    map@2 : 0.2411    map@3 : 0.2437    map@4 : 0.2501    map@5 : 0.2576    map@10 : 0.2761    map@20 : 0.2911    map@30 : 0.2966    map@50 : 0.3016
Sun 15 Mar 2026 19:59:53 INFO  Running E-step ! 
Sun 15 Mar 2026 20:00:00 INFO  epoch 62 training [time: 6.77s, train_loss1: 47.3856, train_loss2: 0.0274, train_loss3: 0.0000, train_loss4: 0.0024]
Sun 15 Mar 2026 20:00:04 INFO  epoch 62 evaluating [time: 4.18s, valid_score: 0.357400]
Sun 15 Mar 2026 20:00:04 INFO  valid result: 
recall@1 : 0.1532    recall@2 : 0.2485    recall@3 : 0.3015    recall@4 : 0.3411    recall@5 : 0.3859    recall@10 : 0.5014    recall@20 : 0.6435    recall@30 : 0.713    recall@50 : 0.8004    ndcg@1 : 0.2354    ndcg@2 : 0.2691    ndcg@3 : 0.2848    ndcg@4 : 0.2982    ndcg@5 : 0.3152    ndcg@10 : 0.3574    ndcg@20 : 0.3999    ndcg@30 : 0.4188    ndcg@50 : 0.4396    precision@1 : 0.2354    precision@2 : 0.2032    precision@3 : 0.1702    precision@4 : 0.1491    precision@5 : 0.1372    precision@10 : 0.096    precision@20 : 0.064    precision@30 : 0.0489    precision@50 : 0.0339    map@1 : 0.2354    map@2 : 0.24    map@3 : 0.2421    map@4 : 0.2474    map@5 : 0.2552    map@10 : 0.2745    map@20 : 0.2893    map@30 : 0.295    map@50 : 0.2998
Sun 15 Mar 2026 20:00:04 INFO  Running E-step ! 
Sun 15 Mar 2026 20:00:11 INFO  epoch 63 training [time: 6.75s, train_loss1: 45.8376, train_loss2: 0.0272, train_loss3: 0.0000, train_loss4: 0.0025]
Sun 15 Mar 2026 20:00:15 INFO  epoch 63 evaluating [time: 4.26s, valid_score: 0.356700]
Sun 15 Mar 2026 20:00:15 INFO  valid result: 
recall@1 : 0.1511    recall@2 : 0.252    recall@3 : 0.301    recall@4 : 0.3397    recall@5 : 0.3833    recall@10 : 0.5006    recall@20 : 0.6428    recall@30 : 0.713    recall@50 : 0.7976    ndcg@1 : 0.233    ndcg@2 : 0.2713    ndcg@3 : 0.2843    ndcg@4 : 0.2977    ndcg@5 : 0.314    ndcg@10 : 0.3567    ndcg@20 : 0.3993    ndcg@30 : 0.4184    ndcg@50 : 0.4386    precision@1 : 0.233    precision@2 : 0.2062    precision@3 : 0.1698    precision@4 : 0.1496    precision@5 : 0.1369    precision@10 : 0.0957    precision@20 : 0.064    precision@30 : 0.0489    precision@50 : 0.0338    map@1 : 0.233    map@2 : 0.2412    map@3 : 0.2417    map@4 : 0.247    map@5 : 0.2544    map@10 : 0.2737    map@20 : 0.2887    map@30 : 0.2944    map@50 : 0.2991
Sun 15 Mar 2026 20:00:15 INFO  Running E-step ! 
Sun 15 Mar 2026 20:00:21 INFO  epoch 64 training [time: 6.40s, train_loss1: 45.4588, train_loss2: 0.0270, train_loss3: 0.0000, train_loss4: 0.0025]
Sun 15 Mar 2026 20:00:26 INFO  epoch 64 evaluating [time: 4.31s, valid_score: 0.358000]
Sun 15 Mar 2026 20:00:26 INFO  valid result: 
recall@1 : 0.1529    recall@2 : 0.2485    recall@3 : 0.3048    recall@4 : 0.3429    recall@5 : 0.3839    recall@10 : 0.5021    recall@20 : 0.6462    recall@30 : 0.7125    recall@50 : 0.7992    ndcg@1 : 0.2372    ndcg@2 : 0.269    ndcg@3 : 0.2869    ndcg@4 : 0.2996    ndcg@5 : 0.3152    ndcg@10 : 0.358    ndcg@20 : 0.4011    ndcg@30 : 0.4192    ndcg@50 : 0.4399    precision@1 : 0.2372    precision@2 : 0.2023    precision@3 : 0.1716    precision@4 : 0.1505    precision@5 : 0.1379    precision@10 : 0.0959    precision@20 : 0.0643    precision@30 : 0.0489    precision@50 : 0.0338    map@1 : 0.2372    map@2 : 0.2396    map@3 : 0.2433    map@4 : 0.2481    map@5 : 0.2556    map@10 : 0.2748    map@20 : 0.2898    map@30 : 0.2954    map@50 : 0.3001
Sun 15 Mar 2026 20:00:26 INFO  Running E-step ! 
Sun 15 Mar 2026 20:00:32 INFO  epoch 65 training [time: 6.43s, train_loss1: 45.4708, train_loss2: 0.0268, train_loss3: 0.0000, train_loss4: 0.0026]
Sun 15 Mar 2026 20:00:36 INFO  epoch 65 evaluating [time: 4.25s, valid_score: 0.357400]
Sun 15 Mar 2026 20:00:36 INFO  valid result: 
recall@1 : 0.1521    recall@2 : 0.2483    recall@3 : 0.3051    recall@4 : 0.3427    recall@5 : 0.3854    recall@10 : 0.5016    recall@20 : 0.6451    recall@30 : 0.7138    recall@50 : 0.7971    ndcg@1 : 0.2324    ndcg@2 : 0.2677    ndcg@3 : 0.2858    ndcg@4 : 0.2984    ndcg@5 : 0.3148    ndcg@10 : 0.3574    ndcg@20 : 0.4001    ndcg@30 : 0.4187    ndcg@50 : 0.4388    precision@1 : 0.2324    precision@2 : 0.202    precision@3 : 0.171    precision@4 : 0.1494    precision@5 : 0.1374    precision@10 : 0.0961    precision@20 : 0.0641    precision@30 : 0.0487    precision@50 : 0.0338    map@1 : 0.2324    map@2 : 0.2387    map@3 : 0.2426    map@4 : 0.2473    map@5 : 0.255    map@10 : 0.2744    map@20 : 0.2894    map@30 : 0.2949    map@50 : 0.2997
Sun 15 Mar 2026 20:00:36 INFO  Finished training, best eval result in epoch 44
Sun 15 Mar 2026 20:00:36 INFO  Loading model structure and parameters from saved/SCL-Mar-15-2026_19-49-02.pth
Sun 15 Mar 2026 20:00:41 INFO  best valid : OrderedDict([('recall@1', 0.1507), ('recall@2', 0.2445), ('recall@3', 0.3034), ('recall@4', 0.3493), ('recall@5', 0.3849), ('recall@10', 0.5248), ('recall@20', 0.6547), ('recall@30', 0.7217), ('recall@50', 0.7959), ('ndcg@1', 0.2354), ('ndcg@2', 0.2649), ('ndcg@3', 0.2847), ('ndcg@4', 0.3011), ('ndcg@5', 0.3145), ('ndcg@10', 0.3642), ('ndcg@20', 0.4036), ('ndcg@30', 0.4217), ('ndcg@50', 0.44), ('precision@1', 0.2354), ('precision@2', 0.1996), ('precision@3', 0.1712), ('precision@4', 0.1521), ('precision@5', 0.1378), ('precision@10', 0.0985), ('precision@20', 0.0651), ('precision@30', 0.0493), ('precision@50', 0.0339), ('map@1', 0.2354), ('map@2', 0.2347), ('map@3', 0.2411), ('map@4', 0.2484), ('map@5', 0.2541), ('map@10', 0.2761), ('map@20', 0.29), ('map@30', 0.2954), ('map@50', 0.2999)])
Sun 15 Mar 2026 20:00:41 INFO  test result: OrderedDict([('recall@1', 0.1726), ('recall@2', 0.2691), ('recall@3', 0.3237), ('recall@4', 0.3678), ('recall@5', 0.4047), ('recall@10', 0.5376), ('recall@20', 0.6743), ('recall@30', 0.7417), ('recall@50', 0.8207), ('ndcg@1', 0.3027), ('ndcg@2', 0.3147), ('ndcg@3', 0.3247), ('ndcg@4', 0.3364), ('ndcg@5', 0.3484), ('ndcg@10', 0.3916), ('ndcg@20', 0.4312), ('ndcg@30', 0.4489), ('ndcg@50', 0.4668), ('precision@1', 0.3027), ('precision@2', 0.2389), ('precision@3', 0.1987), ('precision@4', 0.1724), ('precision@5', 0.1551), ('precision@10', 0.1053), ('precision@20', 0.0679), ('precision@30', 0.0506), ('precision@50', 0.0337), ('map@1', 0.3027), ('map@2', 0.2871), ('map@3', 0.2832), ('map@4', 0.2852), ('map@5', 0.2898), ('map@10', 0.3064), ('map@20', 0.3202), ('map@30', 0.3257), ('map@50', 0.3295)])
Sun 15 Mar 2026 20:00:41 INFO  training time: 693.3472s
Sun 15 Mar 2026 20:00:41 INFO  result file: results/scl_wo_semantic_seed2027.json
