Mon 16 Mar 2026 13:04:37 INFO  
General Hyper Parameters:
gpu_id = 0
use_gpu = True
seed = 2024
state = INFO
reproducibility = True
data_path = ./travel
checkpoint_dir = saved
show_progress = True
save_dataset = False
dataset_save_path = None
save_dataloaders = False
dataloaders_save_path = None
log_wandb = False

Training Hyper Parameters:
epochs = 1000
train_batch_size = 4096
learner = adam
learning_rate = 0.001
train_neg_sample_args = {'distribution': 'uniform', 'sample_num': 1, 'alpha': 1.0, 'dynamic': False, 'candidate_num': 0}
eval_step = 1
stopping_step = 10
clip_grad_norm = None
weight_decay = 0.0
loss_decimal_place = 4

Evaluation Hyper Parameters:
eval_args = {'split': {'RS': [0.8, 0.1, 0.1]}, 'order': 'RO', 'group_by': 'user', 'mode': {'valid': 'full', 'test': 'full'}}
repeatable = False
metrics = ['Recall', 'NDCG', 'Precision', 'MAP']
topk = [1, 2, 3, 4, 5, 10, 20, 30, 50]
valid_metric = NDCG@10
valid_metric_bigger = True
eval_batch_size = 4096
metric_decimal_place = 4

Dataset Hyper Parameters:
field_separator = 	
seq_separator =  
USER_ID_FIELD = user_id
ITEM_ID_FIELD = item_id
RATING_FIELD = rating
TIME_FIELD = timestamp
seq_len = None
LABEL_FIELD = label
threshold = None
NEG_PREFIX = neg_
load_col = {'inter': ['user_id', 'item_id', 'rating'], 'user': ['user_id', 'post_num', 'follower', 'following', 'timestamp']}
unload_col = None
unused_col = None
additional_feat_suffix = None
rm_dup_inter = None
val_interval = {'rating': '[0,inf)'}
filter_inter_by_user_or_item = True
user_inter_num_interval = [0,inf)
item_inter_num_interval = [0,inf)
alias_of_user_id = None
alias_of_item_id = None
alias_of_entity_id = None
alias_of_relation_id = None
preload_weight = None
normalize_field = None
normalize_all = None
ITEM_LIST_LENGTH_FIELD = item_length
LIST_SUFFIX = _list
MAX_ITEM_LIST_LENGTH = 50
POSITION_FIELD = position_id
HEAD_ENTITY_ID_FIELD = head_id
TAIL_ENTITY_ID_FIELD = tail_id
RELATION_ID_FIELD = relation_id
ENTITY_ID_FIELD = entity_id
benchmark_filename = None

Other Hyper Parameters: 
worker = 0
wandb_project = recbole
shuffle = True
require_pow = False
enable_amp = False
enable_scaler = False
transform = None
numerical_features = []
discretization = None
kg_reverse_r = False
entity_kg_num_interval = [0,inf)
relation_kg_num_interval = [0,inf)
MODEL_TYPE = ModelType.GENERAL
stoping_step = 20
embedding_size = 64
n_layers = 3
reg_weight = 0.0001
smt_latent_dim = 64
ssl_temp = 0.1
ssl_reg = 0.0
hyper_layers = 1
alpha = 1
potential_reg = 8e-08
semantic_reg = 8e-08
num_clusters = 10
m_step = 1
warm_up_step = 20
user_feature_path = features/roberta_user.npy
item_feature_path = features/roberta_item.npy
MODEL_INPUT_TYPE = InputType.PAIRWISE
eval_type = EvaluatorType.RANKING
single_spec = True
local_rank = 0
device = cuda
valid_neg_sample_args = {'distribution': 'uniform', 'sample_num': 'none'}
test_neg_sample_args = {'distribution': 'uniform', 'sample_num': 'none'}


Mon 16 Mar 2026 13:04:37 INFO  travel
The number of users: 2010
Average actions of users: 18.721254355400696
The number of items: 247
Average actions of items: 152.890243902439
The number of inters: 37611
The sparsity of the dataset: 92.42431566862047%
Remain Fields: ['user_id', 'item_id', 'rating', 'post_num', 'follower', 'following', 'timestamp']
Mon 16 Mar 2026 13:04:37 INFO  [Training]: train_batch_size = [4096] train_neg_sample_args: [{'distribution': 'uniform', 'sample_num': 1, 'alpha': 1.0, 'dynamic': False, 'candidate_num': 0}]
Mon 16 Mar 2026 13:04:37 INFO  [Evaluation]: eval_batch_size = [4096] eval_args: [{'split': {'RS': [0.8, 0.1, 0.1]}, 'order': 'RO', 'group_by': 'user', 'mode': {'valid': 'full', 'test': 'full'}}]
Mon 16 Mar 2026 13:04:38 INFO  SCL(
  (u_MLP): Linear(in_features=1024, out_features=64, bias=True)
  (i_MLP): Linear(in_features=1024, out_features=64, bias=True)
  (user_embedding): Embedding(2010, 64)
  (item_embedding): Embedding(247, 64)
  (mf_loss): BPRLoss()
  (reg_loss): EmbLoss()
)
Trainable parameters: 144448
Mon 16 Mar 2026 13:04:38 INFO  trainable parameters: 144448
Mon 16 Mar 2026 13:04:39 INFO  Running E-step ! 
Mon 16 Mar 2026 13:04:40 INFO  epoch 0 training [time: 0.54s, train_loss1: 5.5400, train_loss2: 0.0000, train_loss3: 0.0114]
Mon 16 Mar 2026 13:04:40 INFO  epoch 0 evaluating [time: 0.27s, valid_score: 0.193200]
Mon 16 Mar 2026 13:04:40 INFO  valid result: 
recall@1 : 0.0702    recall@2 : 0.116    recall@3 : 0.15    recall@4 : 0.1744    recall@5 : 0.1958    recall@10 : 0.2916    recall@20 : 0.3988    recall@30 : 0.4785    recall@50 : 0.5874    ndcg@1 : 0.124    ndcg@2 : 0.1341    ndcg@3 : 0.1446    ndcg@4 : 0.1525    ndcg@5 : 0.1598    ndcg@10 : 0.1932    ndcg@20 : 0.2251    ndcg@30 : 0.2459    ndcg@50 : 0.2709    precision@1 : 0.124    precision@2 : 0.1034    precision@3 : 0.092    precision@4 : 0.0824    precision@5 : 0.0749    precision@10 : 0.0573    precision@20 : 0.0409    precision@30 : 0.0333    precision@50 : 0.0251    map@1 : 0.124    map@2 : 0.1165    map@3 : 0.1175    map@4 : 0.119    map@5 : 0.1216    map@10 : 0.1342    map@20 : 0.1439    map@30 : 0.1488    map@50 : 0.1535
Mon 16 Mar 2026 13:04:40 INFO  Saving current: saved/SCL-Mar-16-2026_13-04-38.pth
Mon 16 Mar 2026 13:04:40 INFO  Saving current best: saved/SCL-Mar-16-2026_13-04-38.pth
Mon 16 Mar 2026 13:04:40 INFO  Running E-step ! 
Mon 16 Mar 2026 13:04:40 INFO  epoch 1 training [time: 0.23s, train_loss1: 5.5247, train_loss2: 0.0000, train_loss3: 0.0111]
Mon 16 Mar 2026 13:04:40 INFO  epoch 1 evaluating [time: 0.24s, valid_score: 0.300900]
Mon 16 Mar 2026 13:04:40 INFO  valid result: 
recall@1 : 0.1118    recall@2 : 0.2007    recall@3 : 0.2511    recall@4 : 0.2861    recall@5 : 0.3253    recall@10 : 0.4574    recall@20 : 0.5855    recall@30 : 0.6545    recall@50 : 0.7452    ndcg@1 : 0.1788    ndcg@2 : 0.2121    ndcg@3 : 0.2282    ndcg@4 : 0.2407    ndcg@5 : 0.2548    ndcg@10 : 0.3009    ndcg@20 : 0.3392    ndcg@30 : 0.3578    ndcg@50 : 0.3797    precision@1 : 0.1788    precision@2 : 0.1606    precision@3 : 0.1363    precision@4 : 0.1208    precision@5 : 0.1104    precision@10 : 0.0807    precision@20 : 0.0547    precision@30 : 0.0424    precision@50 : 0.0303    map@1 : 0.1788    map@2 : 0.1864    map@3 : 0.19    map@4 : 0.194    map@5 : 0.1997    map@10 : 0.2182    map@20 : 0.2306    map@30 : 0.2357    map@50 : 0.2405
Mon 16 Mar 2026 13:04:40 INFO  Saving current: saved/SCL-Mar-16-2026_13-04-38.pth
Mon 16 Mar 2026 13:04:40 INFO  Saving current best: saved/SCL-Mar-16-2026_13-04-38.pth
Mon 16 Mar 2026 13:04:40 INFO  Running E-step ! 
Mon 16 Mar 2026 13:04:41 INFO  epoch 2 training [time: 0.20s, train_loss1: 5.4873, train_loss2: 0.0000, train_loss3: 0.0110]
Mon 16 Mar 2026 13:04:41 INFO  epoch 2 evaluating [time: 0.24s, valid_score: 0.308000]
Mon 16 Mar 2026 13:04:41 INFO  valid result: 
recall@1 : 0.1116    recall@2 : 0.2072    recall@3 : 0.262    recall@4 : 0.3099    recall@5 : 0.3446    recall@10 : 0.4659    recall@20 : 0.6029    recall@30 : 0.6707    recall@50 : 0.7598    ndcg@1 : 0.1788    ndcg@2 : 0.2158    ndcg@3 : 0.2348    ndcg@4 : 0.2526    ndcg@5 : 0.265    ndcg@10 : 0.308    ndcg@20 : 0.3485    ndcg@30 : 0.3672    ndcg@50 : 0.3891    precision@1 : 0.1788    precision@2 : 0.1639    precision@3 : 0.1406    precision@4 : 0.1269    precision@5 : 0.1144    precision@10 : 0.0819    precision@20 : 0.0558    precision@30 : 0.0432    precision@50 : 0.031    map@1 : 0.1788    map@2 : 0.1895    map@3 : 0.195    map@4 : 0.2019    map@5 : 0.2069    map@10 : 0.2244    map@20 : 0.2373    map@30 : 0.2426    map@50 : 0.2475
Mon 16 Mar 2026 13:04:41 INFO  Saving current: saved/SCL-Mar-16-2026_13-04-38.pth
Mon 16 Mar 2026 13:04:41 INFO  Saving current best: saved/SCL-Mar-16-2026_13-04-38.pth
Mon 16 Mar 2026 13:04:41 INFO  Running E-step ! 
Mon 16 Mar 2026 13:04:41 INFO  epoch 3 training [time: 0.20s, train_loss1: 5.4183, train_loss2: 0.0000, train_loss3: 0.0110]
Mon 16 Mar 2026 13:04:41 INFO  epoch 3 evaluating [time: 0.22s, valid_score: 0.311300]
Mon 16 Mar 2026 13:04:41 INFO  valid result: 
recall@1 : 0.1156    recall@2 : 0.2056    recall@3 : 0.2634    recall@4 : 0.3129    recall@5 : 0.3464    recall@10 : 0.4712    recall@20 : 0.6    recall@30 : 0.6747    recall@50 : 0.7668    ndcg@1 : 0.183    ndcg@2 : 0.2166    ndcg@3 : 0.2366    ndcg@4 : 0.2556    ndcg@5 : 0.2675    ndcg@10 : 0.3113    ndcg@20 : 0.3497    ndcg@30 : 0.37    ndcg@50 : 0.3925    precision@1 : 0.183    precision@2 : 0.1636    precision@3 : 0.1408    precision@4 : 0.1283    precision@5 : 0.1154    precision@10 : 0.0825    precision@20 : 0.0556    precision@30 : 0.0435    precision@50 : 0.0312    map@1 : 0.183    map@2 : 0.1909    map@3 : 0.1969    map@4 : 0.205    map@5 : 0.2096    map@10 : 0.227    map@20 : 0.2395    map@30 : 0.2452    map@50 : 0.2502
Mon 16 Mar 2026 13:04:41 INFO  Saving current: saved/SCL-Mar-16-2026_13-04-38.pth
Mon 16 Mar 2026 13:04:41 INFO  Saving current best: saved/SCL-Mar-16-2026_13-04-38.pth
Mon 16 Mar 2026 13:04:41 INFO  Running E-step ! 
Mon 16 Mar 2026 13:04:42 INFO  epoch 4 training [time: 0.19s, train_loss1: 5.3093, train_loss2: 0.0000, train_loss3: 0.0109]
Mon 16 Mar 2026 13:04:42 INFO  epoch 4 evaluating [time: 0.24s, valid_score: 0.311900]
Mon 16 Mar 2026 13:04:42 INFO  valid result: 
recall@1 : 0.117    recall@2 : 0.2059    recall@3 : 0.2611    recall@4 : 0.3131    recall@5 : 0.346    recall@10 : 0.473    recall@20 : 0.5991    recall@30 : 0.6781    recall@50 : 0.768    ndcg@1 : 0.1847    ndcg@2 : 0.2173    ndcg@3 : 0.2364    ndcg@4 : 0.256    ndcg@5 : 0.268    ndcg@10 : 0.3119    ndcg@20 : 0.3498    ndcg@30 : 0.3711    ndcg@50 : 0.3932    precision@1 : 0.1847    precision@2 : 0.1636    precision@3 : 0.1406    precision@4 : 0.128    precision@5 : 0.1156    precision@10 : 0.0822    precision@20 : 0.0555    precision@30 : 0.0437    precision@50 : 0.0313    map@1 : 0.1847    map@2 : 0.1917    map@3 : 0.1972    map@4 : 0.2056    map@5 : 0.2103    map@10 : 0.2276    map@20 : 0.24    map@30 : 0.2458    map@50 : 0.2508
Mon 16 Mar 2026 13:04:42 INFO  Saving current: saved/SCL-Mar-16-2026_13-04-38.pth
Mon 16 Mar 2026 13:04:42 INFO  Saving current best: saved/SCL-Mar-16-2026_13-04-38.pth
Mon 16 Mar 2026 13:04:42 INFO  Running E-step ! 
Mon 16 Mar 2026 13:04:42 INFO  epoch 5 training [time: 0.21s, train_loss1: 5.1576, train_loss2: 0.0000, train_loss3: 0.0110]
Mon 16 Mar 2026 13:04:42 INFO  epoch 5 evaluating [time: 0.23s, valid_score: 0.312000]
Mon 16 Mar 2026 13:04:42 INFO  valid result: 
recall@1 : 0.1172    recall@2 : 0.2063    recall@3 : 0.2613    recall@4 : 0.3139    recall@5 : 0.3466    recall@10 : 0.4725    recall@20 : 0.5981    recall@30 : 0.6787    recall@50 : 0.7666    ndcg@1 : 0.1853    ndcg@2 : 0.2176    ndcg@3 : 0.2367    ndcg@4 : 0.2565    ndcg@5 : 0.2684    ndcg@10 : 0.312    ndcg@20 : 0.3497    ndcg@30 : 0.3714    ndcg@50 : 0.393    precision@1 : 0.1853    precision@2 : 0.1636    precision@3 : 0.1408    precision@4 : 0.1283    precision@5 : 0.1159    precision@10 : 0.0823    precision@20 : 0.0554    precision@30 : 0.0438    precision@50 : 0.0311    map@1 : 0.1853    map@2 : 0.192    map@3 : 0.1975    map@4 : 0.206    map@5 : 0.2108    map@10 : 0.2279    map@20 : 0.2401    map@30 : 0.2461    map@50 : 0.2509
Mon 16 Mar 2026 13:04:42 INFO  Saving current: saved/SCL-Mar-16-2026_13-04-38.pth
Mon 16 Mar 2026 13:04:42 INFO  Saving current best: saved/SCL-Mar-16-2026_13-04-38.pth
Mon 16 Mar 2026 13:04:42 INFO  Running E-step ! 
Mon 16 Mar 2026 13:04:42 INFO  epoch 6 training [time: 0.18s, train_loss1: 4.9683, train_loss2: 0.0000, train_loss3: 0.0110]
Mon 16 Mar 2026 13:04:43 INFO  epoch 6 evaluating [time: 0.23s, valid_score: 0.313300]
Mon 16 Mar 2026 13:04:43 INFO  valid result: 
recall@1 : 0.118    recall@2 : 0.2069    recall@3 : 0.2617    recall@4 : 0.3149    recall@5 : 0.3453    recall@10 : 0.4752    recall@20 : 0.5974    recall@30 : 0.6804    recall@50 : 0.7677    ndcg@1 : 0.1859    ndcg@2 : 0.218    ndcg@3 : 0.2372    ndcg@4 : 0.2574    ndcg@5 : 0.2684    ndcg@10 : 0.3133    ndcg@20 : 0.3499    ndcg@30 : 0.3722    ndcg@50 : 0.3936    precision@1 : 0.1859    precision@2 : 0.1636    precision@3 : 0.1408    precision@4 : 0.1286    precision@5 : 0.1156    precision@10 : 0.0827    precision@20 : 0.0554    precision@30 : 0.0439    precision@50 : 0.0311    map@1 : 0.1859    map@2 : 0.1926    map@3 : 0.1981    map@4 : 0.2068    map@5 : 0.2111    map@10 : 0.2288    map@20 : 0.2406    map@30 : 0.2467    map@50 : 0.2514
Mon 16 Mar 2026 13:04:43 INFO  Saving current: saved/SCL-Mar-16-2026_13-04-38.pth
Mon 16 Mar 2026 13:04:43 INFO  Saving current best: saved/SCL-Mar-16-2026_13-04-38.pth
Mon 16 Mar 2026 13:04:43 INFO  Running E-step ! 
Mon 16 Mar 2026 13:04:43 INFO  epoch 7 training [time: 0.19s, train_loss1: 4.7484, train_loss2: 0.0000, train_loss3: 0.0110]
Mon 16 Mar 2026 13:04:43 INFO  epoch 7 evaluating [time: 0.23s, valid_score: 0.313800]
Mon 16 Mar 2026 13:04:43 INFO  valid result: 
recall@1 : 0.1194    recall@2 : 0.2051    recall@3 : 0.2627    recall@4 : 0.3152    recall@5 : 0.3457    recall@10 : 0.4762    recall@20 : 0.5969    recall@30 : 0.6805    recall@50 : 0.7676    ndcg@1 : 0.1877    ndcg@2 : 0.2169    ndcg@3 : 0.2376    ndcg@4 : 0.2578    ndcg@5 : 0.2688    ndcg@10 : 0.3138    ndcg@20 : 0.35    ndcg@30 : 0.3725    ndcg@50 : 0.3938    precision@1 : 0.1877    precision@2 : 0.1618    precision@3 : 0.1404    precision@4 : 0.1286    precision@5 : 0.1156    precision@10 : 0.0828    precision@20 : 0.0553    precision@30 : 0.0439    precision@50 : 0.0311    map@1 : 0.1877    map@2 : 0.1919    map@3 : 0.1986    map@4 : 0.2073    map@5 : 0.2117    map@10 : 0.2292    map@20 : 0.241    map@30 : 0.2471    map@50 : 0.2518
Mon 16 Mar 2026 13:04:43 INFO  Saving current: saved/SCL-Mar-16-2026_13-04-38.pth
Mon 16 Mar 2026 13:04:43 INFO  Saving current best: saved/SCL-Mar-16-2026_13-04-38.pth
Mon 16 Mar 2026 13:04:43 INFO  Running E-step ! 
Mon 16 Mar 2026 13:04:43 INFO  epoch 8 training [time: 0.19s, train_loss1: 4.5201, train_loss2: 0.0000, train_loss3: 0.0110]
Mon 16 Mar 2026 13:04:44 INFO  epoch 8 evaluating [time: 0.23s, valid_score: 0.314800]
Mon 16 Mar 2026 13:04:44 INFO  valid result: 
recall@1 : 0.1225    recall@2 : 0.2051    recall@3 : 0.2645    recall@4 : 0.3139    recall@5 : 0.3457    recall@10 : 0.4753    recall@20 : 0.5983    recall@30 : 0.6803    recall@50 : 0.7675    ndcg@1 : 0.1913    ndcg@2 : 0.2182    ndcg@3 : 0.2397    ndcg@4 : 0.2585    ndcg@5 : 0.27    ndcg@10 : 0.3148    ndcg@20 : 0.3516    ndcg@30 : 0.3737    ndcg@50 : 0.395    precision@1 : 0.1913    precision@2 : 0.1618    precision@3 : 0.141    precision@4 : 0.1281    precision@5 : 0.1155    precision@10 : 0.0826    precision@20 : 0.0554    precision@30 : 0.0439    precision@50 : 0.0311    map@1 : 0.1913    map@2 : 0.1935    map@3 : 0.2007    map@4 : 0.2085    map@5 : 0.2132    map@10 : 0.2308    map@20 : 0.2428    map@30 : 0.2488    map@50 : 0.2535
Mon 16 Mar 2026 13:04:44 INFO  Saving current: saved/SCL-Mar-16-2026_13-04-38.pth
Mon 16 Mar 2026 13:04:44 INFO  Saving current best: saved/SCL-Mar-16-2026_13-04-38.pth
Mon 16 Mar 2026 13:04:44 INFO  Running E-step ! 
Mon 16 Mar 2026 13:04:44 INFO  epoch 9 training [time: 0.20s, train_loss1: 4.3031, train_loss2: 0.0000, train_loss3: 0.0110]
Mon 16 Mar 2026 13:04:44 INFO  epoch 9 evaluating [time: 0.24s, valid_score: 0.314500]
Mon 16 Mar 2026 13:04:44 INFO  valid result: 
recall@1 : 0.1215    recall@2 : 0.206    recall@3 : 0.2639    recall@4 : 0.3141    recall@5 : 0.3457    recall@10 : 0.4754    recall@20 : 0.5982    recall@30 : 0.68    recall@50 : 0.7674    ndcg@1 : 0.1901    ndcg@2 : 0.2183    ndcg@3 : 0.2391    ndcg@4 : 0.2583    ndcg@5 : 0.2697    ndcg@10 : 0.3145    ndcg@20 : 0.3512    ndcg@30 : 0.3733    ndcg@50 : 0.3947    precision@1 : 0.1901    precision@2 : 0.1621    precision@3 : 0.1408    precision@4 : 0.1283    precision@5 : 0.1155    precision@10 : 0.0826    precision@20 : 0.0553    precision@30 : 0.0439    precision@50 : 0.0311    map@1 : 0.1901    map@2 : 0.1934    map@3 : 0.2001    map@4 : 0.2083    map@5 : 0.2128    map@10 : 0.2304    map@20 : 0.2423    map@30 : 0.2483    map@50 : 0.2531
Mon 16 Mar 2026 13:04:44 INFO  Running E-step ! 
Mon 16 Mar 2026 13:04:44 INFO  epoch 10 training [time: 0.19s, train_loss1: 4.0898, train_loss2: 0.0000, train_loss3: 0.0110]
Mon 16 Mar 2026 13:04:44 INFO  epoch 10 evaluating [time: 0.24s, valid_score: 0.314800]
Mon 16 Mar 2026 13:04:44 INFO  valid result: 
recall@1 : 0.1227    recall@2 : 0.206    recall@3 : 0.2639    recall@4 : 0.3142    recall@5 : 0.3456    recall@10 : 0.4748    recall@20 : 0.5984    recall@30 : 0.6796    recall@50 : 0.7677    ndcg@1 : 0.1913    ndcg@2 : 0.2187    ndcg@3 : 0.2396    ndcg@4 : 0.2588    ndcg@5 : 0.2701    ndcg@10 : 0.3148    ndcg@20 : 0.3518    ndcg@30 : 0.3736    ndcg@50 : 0.3952    precision@1 : 0.1913    precision@2 : 0.1621    precision@3 : 0.1408    precision@4 : 0.1284    precision@5 : 0.1156    precision@10 : 0.0825    precision@20 : 0.0554    precision@30 : 0.0438    precision@50 : 0.0311    map@1 : 0.1913    map@2 : 0.194    map@3 : 0.2007    map@4 : 0.209    map@5 : 0.2135    map@10 : 0.2309    map@20 : 0.243    map@30 : 0.2489    map@50 : 0.2537
Mon 16 Mar 2026 13:04:45 INFO  Saving current: saved/SCL-Mar-16-2026_13-04-38.pth
Mon 16 Mar 2026 13:04:45 INFO  Saving current best: saved/SCL-Mar-16-2026_13-04-38.pth
Mon 16 Mar 2026 13:04:45 INFO  Running E-step ! 
Mon 16 Mar 2026 13:04:45 INFO  epoch 11 training [time: 0.20s, train_loss1: 3.9039, train_loss2: 0.0000, train_loss3: 0.0110]
Mon 16 Mar 2026 13:04:45 INFO  epoch 11 evaluating [time: 0.22s, valid_score: 0.315100]
Mon 16 Mar 2026 13:04:45 INFO  valid result: 
recall@1 : 0.1239    recall@2 : 0.206    recall@3 : 0.2639    recall@4 : 0.3136    recall@5 : 0.3456    recall@10 : 0.4745    recall@20 : 0.5986    recall@30 : 0.6786    recall@50 : 0.7672    ndcg@1 : 0.1925    ndcg@2 : 0.2191    ndcg@3 : 0.24    ndcg@4 : 0.259    ndcg@5 : 0.2705    ndcg@10 : 0.3151    ndcg@20 : 0.3523    ndcg@30 : 0.3738    ndcg@50 : 0.3955    precision@1 : 0.1925    precision@2 : 0.1621    precision@3 : 0.1408    precision@4 : 0.1283    precision@5 : 0.1156    precision@10 : 0.0825    precision@20 : 0.0554    precision@30 : 0.0437    precision@50 : 0.0311    map@1 : 0.1925    map@2 : 0.1946    map@3 : 0.2013    map@4 : 0.2094    map@5 : 0.214    map@10 : 0.2315    map@20 : 0.2436    map@30 : 0.2494    map@50 : 0.2542
Mon 16 Mar 2026 13:04:45 INFO  Saving current: saved/SCL-Mar-16-2026_13-04-38.pth
Mon 16 Mar 2026 13:04:45 INFO  Saving current best: saved/SCL-Mar-16-2026_13-04-38.pth
Mon 16 Mar 2026 13:04:45 INFO  Running E-step ! 
Mon 16 Mar 2026 13:04:45 INFO  epoch 12 training [time: 0.19s, train_loss1: 3.7610, train_loss2: 0.0000, train_loss3: 0.0110]
Mon 16 Mar 2026 13:04:45 INFO  epoch 12 evaluating [time: 0.24s, valid_score: 0.315000]
Mon 16 Mar 2026 13:04:45 INFO  valid result: 
recall@1 : 0.1239    recall@2 : 0.206    recall@3 : 0.2639    recall@4 : 0.3136    recall@5 : 0.3456    recall@10 : 0.474    recall@20 : 0.5997    recall@30 : 0.6784    recall@50 : 0.767    ndcg@1 : 0.1925    ndcg@2 : 0.2191    ndcg@3 : 0.24    ndcg@4 : 0.259    ndcg@5 : 0.2705    ndcg@10 : 0.315    ndcg@20 : 0.3525    ndcg@30 : 0.3737    ndcg@50 : 0.3955    precision@1 : 0.1925    precision@2 : 0.1621    precision@3 : 0.1408    precision@4 : 0.1283    precision@5 : 0.1156    precision@10 : 0.0825    precision@20 : 0.0555    precision@30 : 0.0437    precision@50 : 0.0311    map@1 : 0.1925    map@2 : 0.1946    map@3 : 0.2013    map@4 : 0.2094    map@5 : 0.214    map@10 : 0.2314    map@20 : 0.2436    map@30 : 0.2494    map@50 : 0.2542
Mon 16 Mar 2026 13:04:45 INFO  Running E-step ! 
Mon 16 Mar 2026 13:04:46 INFO  epoch 13 training [time: 0.20s, train_loss1: 3.6180, train_loss2: 0.0000, train_loss3: 0.0110]
Mon 16 Mar 2026 13:04:46 INFO  epoch 13 evaluating [time: 0.24s, valid_score: 0.314900]
Mon 16 Mar 2026 13:04:46 INFO  valid result: 
recall@1 : 0.1239    recall@2 : 0.206    recall@3 : 0.2639    recall@4 : 0.3136    recall@5 : 0.3455    recall@10 : 0.4739    recall@20 : 0.5993    recall@30 : 0.6781    recall@50 : 0.7674    ndcg@1 : 0.1925    ndcg@2 : 0.2191    ndcg@3 : 0.24    ndcg@4 : 0.259    ndcg@5 : 0.2705    ndcg@10 : 0.3149    ndcg@20 : 0.3524    ndcg@30 : 0.3736    ndcg@50 : 0.3955    precision@1 : 0.1925    precision@2 : 0.1621    precision@3 : 0.1408    precision@4 : 0.1283    precision@5 : 0.1155    precision@10 : 0.0825    precision@20 : 0.0555    precision@30 : 0.0437    precision@50 : 0.0311    map@1 : 0.1925    map@2 : 0.1946    map@3 : 0.2013    map@4 : 0.2094    map@5 : 0.214    map@10 : 0.2315    map@20 : 0.2436    map@30 : 0.2494    map@50 : 0.2542
Mon 16 Mar 2026 13:04:46 INFO  Running E-step ! 
Mon 16 Mar 2026 13:04:46 INFO  epoch 14 training [time: 0.20s, train_loss1: 3.5355, train_loss2: 0.0000, train_loss3: 0.0110]
Mon 16 Mar 2026 13:04:46 INFO  epoch 14 evaluating [time: 0.24s, valid_score: 0.315000]
Mon 16 Mar 2026 13:04:46 INFO  valid result: 
recall@1 : 0.1239    recall@2 : 0.206    recall@3 : 0.2639    recall@4 : 0.3136    recall@5 : 0.3455    recall@10 : 0.474    recall@20 : 0.5989    recall@30 : 0.6784    recall@50 : 0.7668    ndcg@1 : 0.1925    ndcg@2 : 0.2191    ndcg@3 : 0.24    ndcg@4 : 0.259    ndcg@5 : 0.2705    ndcg@10 : 0.315    ndcg@20 : 0.3523    ndcg@30 : 0.3737    ndcg@50 : 0.3954    precision@1 : 0.1925    precision@2 : 0.1621    precision@3 : 0.1408    precision@4 : 0.1283    precision@5 : 0.1155    precision@10 : 0.0825    precision@20 : 0.0554    precision@30 : 0.0437    precision@50 : 0.0311    map@1 : 0.1925    map@2 : 0.1946    map@3 : 0.2013    map@4 : 0.2094    map@5 : 0.214    map@10 : 0.2315    map@20 : 0.2435    map@30 : 0.2494    map@50 : 0.2542
Mon 16 Mar 2026 13:04:46 INFO  Running E-step ! 
Mon 16 Mar 2026 13:04:46 INFO  epoch 15 training [time: 0.19s, train_loss1: 3.4913, train_loss2: 0.0000, train_loss3: 0.0110]
Mon 16 Mar 2026 13:04:47 INFO  epoch 15 evaluating [time: 0.23s, valid_score: 0.314500]
Mon 16 Mar 2026 13:04:47 INFO  valid result: 
recall@1 : 0.1233    recall@2 : 0.2054    recall@3 : 0.2633    recall@4 : 0.313    recall@5 : 0.3449    recall@10 : 0.4735    recall@20 : 0.5987    recall@30 : 0.6776    recall@50 : 0.7672    ndcg@1 : 0.1919    ndcg@2 : 0.2185    ndcg@3 : 0.2394    ndcg@4 : 0.2584    ndcg@5 : 0.2699    ndcg@10 : 0.3145    ndcg@20 : 0.3518    ndcg@30 : 0.3731    ndcg@50 : 0.3951    precision@1 : 0.1919    precision@2 : 0.1618    precision@3 : 0.1406    precision@4 : 0.1281    precision@5 : 0.1154    precision@10 : 0.0825    precision@20 : 0.0553    precision@30 : 0.0437    precision@50 : 0.0311    map@1 : 0.1919    map@2 : 0.194    map@3 : 0.2007    map@4 : 0.2088    map@5 : 0.2134    map@10 : 0.2309    map@20 : 0.243    map@30 : 0.2488    map@50 : 0.2537
Mon 16 Mar 2026 13:04:47 INFO  Running E-step ! 
Mon 16 Mar 2026 13:04:47 INFO  epoch 16 training [time: 0.19s, train_loss1: 3.4039, train_loss2: 0.0000, train_loss3: 0.0110]
Mon 16 Mar 2026 13:04:47 INFO  epoch 16 evaluating [time: 0.23s, valid_score: 0.315000]
Mon 16 Mar 2026 13:04:47 INFO  valid result: 
recall@1 : 0.1233    recall@2 : 0.2054    recall@3 : 0.2633    recall@4 : 0.3129    recall@5 : 0.3453    recall@10 : 0.4745    recall@20 : 0.5981    recall@30 : 0.6778    recall@50 : 0.7675    ndcg@1 : 0.1919    ndcg@2 : 0.2185    ndcg@3 : 0.2394    ndcg@4 : 0.2584    ndcg@5 : 0.2701    ndcg@10 : 0.315    ndcg@20 : 0.3517    ndcg@30 : 0.3733    ndcg@50 : 0.3952    precision@1 : 0.1919    precision@2 : 0.1618    precision@3 : 0.1406    precision@4 : 0.1281    precision@5 : 0.1156    precision@10 : 0.0829    precision@20 : 0.0552    precision@30 : 0.0437    precision@50 : 0.0311    map@1 : 0.1919    map@2 : 0.194    map@3 : 0.2007    map@4 : 0.2089    map@5 : 0.2135    map@10 : 0.2312    map@20 : 0.2431    map@30 : 0.2489    map@50 : 0.2538
Mon 16 Mar 2026 13:04:47 INFO  Running E-step ! 
Mon 16 Mar 2026 13:04:47 INFO  epoch 17 training [time: 0.20s, train_loss1: 3.4225, train_loss2: 0.0000, train_loss3: 0.0111]
Mon 16 Mar 2026 13:04:48 INFO  epoch 17 evaluating [time: 0.23s, valid_score: 0.314900]
Mon 16 Mar 2026 13:04:48 INFO  valid result: 
recall@1 : 0.1233    recall@2 : 0.2054    recall@3 : 0.2635    recall@4 : 0.3129    recall@5 : 0.3453    recall@10 : 0.4744    recall@20 : 0.5979    recall@30 : 0.6786    recall@50 : 0.7666    ndcg@1 : 0.1919    ndcg@2 : 0.2185    ndcg@3 : 0.2397    ndcg@4 : 0.2584    ndcg@5 : 0.2701    ndcg@10 : 0.3149    ndcg@20 : 0.3518    ndcg@30 : 0.3735    ndcg@50 : 0.3951    precision@1 : 0.1919    precision@2 : 0.1618    precision@3 : 0.141    precision@4 : 0.1281    precision@5 : 0.1156    precision@10 : 0.0829    precision@20 : 0.0553    precision@30 : 0.0438    precision@50 : 0.0311    map@1 : 0.1919    map@2 : 0.194    map@3 : 0.2009    map@4 : 0.2089    map@5 : 0.2135    map@10 : 0.2312    map@20 : 0.2431    map@30 : 0.249    map@50 : 0.2539
Mon 16 Mar 2026 13:04:48 INFO  Running E-step ! 
Mon 16 Mar 2026 13:04:48 INFO  epoch 18 training [time: 0.20s, train_loss1: 3.3480, train_loss2: 0.0000, train_loss3: 0.0111]
Mon 16 Mar 2026 13:04:48 INFO  epoch 18 evaluating [time: 0.23s, valid_score: 0.314900]
Mon 16 Mar 2026 13:04:48 INFO  valid result: 
recall@1 : 0.1233    recall@2 : 0.2054    recall@3 : 0.2635    recall@4 : 0.3129    recall@5 : 0.3453    recall@10 : 0.4744    recall@20 : 0.5974    recall@30 : 0.6769    recall@50 : 0.7659    ndcg@1 : 0.1919    ndcg@2 : 0.2185    ndcg@3 : 0.2397    ndcg@4 : 0.2584    ndcg@5 : 0.2701    ndcg@10 : 0.3149    ndcg@20 : 0.3517    ndcg@30 : 0.3731    ndcg@50 : 0.395    precision@1 : 0.1919    precision@2 : 0.1618    precision@3 : 0.141    precision@4 : 0.1281    precision@5 : 0.1156    precision@10 : 0.0829    precision@20 : 0.0553    precision@30 : 0.0437    precision@50 : 0.0311    map@1 : 0.1919    map@2 : 0.194    map@3 : 0.2009    map@4 : 0.2089    map@5 : 0.2135    map@10 : 0.2312    map@20 : 0.2431    map@30 : 0.2489    map@50 : 0.2538
Mon 16 Mar 2026 13:04:48 INFO  Running E-step ! 
Mon 16 Mar 2026 13:04:48 INFO  epoch 19 training [time: 0.21s, train_loss1: 3.2589, train_loss2: 0.0000, train_loss3: 0.0111]
Mon 16 Mar 2026 13:04:49 INFO  epoch 19 evaluating [time: 0.23s, valid_score: 0.314400]
Mon 16 Mar 2026 13:04:49 INFO  valid result: 
recall@1 : 0.1233    recall@2 : 0.2054    recall@3 : 0.2635    recall@4 : 0.3127    recall@5 : 0.3453    recall@10 : 0.4729    recall@20 : 0.5972    recall@30 : 0.6763    recall@50 : 0.7666    ndcg@1 : 0.1919    ndcg@2 : 0.2185    ndcg@3 : 0.2397    ndcg@4 : 0.2584    ndcg@5 : 0.2701    ndcg@10 : 0.3144    ndcg@20 : 0.3516    ndcg@30 : 0.3729    ndcg@50 : 0.3951    precision@1 : 0.1919    precision@2 : 0.1618    precision@3 : 0.141    precision@4 : 0.1281    precision@5 : 0.1156    precision@10 : 0.0827    precision@20 : 0.0553    precision@30 : 0.0437    precision@50 : 0.0312    map@1 : 0.1919    map@2 : 0.194    map@3 : 0.2009    map@4 : 0.2088    map@5 : 0.2135    map@10 : 0.2309    map@20 : 0.243    map@30 : 0.2488    map@50 : 0.2538
Mon 16 Mar 2026 13:04:49 INFO  Running E-step ! 
Mon 16 Mar 2026 13:04:49 INFO  epoch 20 training [time: 0.21s, train_loss1: 3.3007, train_loss2: 0.0000, train_loss3: 0.0111, train_loss4: 0.0090]
Mon 16 Mar 2026 13:04:49 INFO  epoch 20 evaluating [time: 0.25s, valid_score: 0.314500]
Mon 16 Mar 2026 13:04:49 INFO  valid result: 
recall@1 : 0.1233    recall@2 : 0.2054    recall@3 : 0.2635    recall@4 : 0.3128    recall@5 : 0.3453    recall@10 : 0.4729    recall@20 : 0.5989    recall@30 : 0.6762    recall@50 : 0.7663    ndcg@1 : 0.1919    ndcg@2 : 0.2185    ndcg@3 : 0.2397    ndcg@4 : 0.2585    ndcg@5 : 0.2701    ndcg@10 : 0.3145    ndcg@20 : 0.3521    ndcg@30 : 0.3729    ndcg@50 : 0.395    precision@1 : 0.1919    precision@2 : 0.1618    precision@3 : 0.141    precision@4 : 0.1283    precision@5 : 0.1156    precision@10 : 0.0828    precision@20 : 0.0555    precision@30 : 0.0437    precision@50 : 0.0312    map@1 : 0.1919    map@2 : 0.194    map@3 : 0.2009    map@4 : 0.2088    map@5 : 0.2135    map@10 : 0.2309    map@20 : 0.2432    map@30 : 0.2488    map@50 : 0.2538
Mon 16 Mar 2026 13:04:49 INFO  Running E-step ! 
Mon 16 Mar 2026 13:04:49 INFO  epoch 21 training [time: 0.21s, train_loss1: 3.2846, train_loss2: 0.0000, train_loss3: 0.0111, train_loss4: 0.0090]
Mon 16 Mar 2026 13:04:49 INFO  epoch 21 evaluating [time: 0.22s, valid_score: 0.314500]
Mon 16 Mar 2026 13:04:49 INFO  valid result: 
recall@1 : 0.1233    recall@2 : 0.2054    recall@3 : 0.2635    recall@4 : 0.3131    recall@5 : 0.3453    recall@10 : 0.4729    recall@20 : 0.5994    recall@30 : 0.6765    recall@50 : 0.7666    ndcg@1 : 0.1919    ndcg@2 : 0.2185    ndcg@3 : 0.2397    ndcg@4 : 0.2587    ndcg@5 : 0.2702    ndcg@10 : 0.3145    ndcg@20 : 0.3523    ndcg@30 : 0.373    ndcg@50 : 0.3951    precision@1 : 0.1919    precision@2 : 0.1618    precision@3 : 0.141    precision@4 : 0.1286    precision@5 : 0.1159    precision@10 : 0.0828    precision@20 : 0.0557    precision@30 : 0.0438    precision@50 : 0.0312    map@1 : 0.1919    map@2 : 0.194    map@3 : 0.2009    map@4 : 0.2091    map@5 : 0.2136    map@10 : 0.231    map@20 : 0.2433    map@30 : 0.2489    map@50 : 0.2539
Mon 16 Mar 2026 13:04:49 INFO  Running E-step ! 
Mon 16 Mar 2026 13:04:50 INFO  epoch 22 training [time: 0.19s, train_loss1: 3.2562, train_loss2: 0.0000, train_loss3: 0.0111, train_loss4: 0.0089]
Mon 16 Mar 2026 13:04:50 INFO  epoch 22 evaluating [time: 0.22s, valid_score: 0.314900]
Mon 16 Mar 2026 13:04:50 INFO  valid result: 
recall@1 : 0.1233    recall@2 : 0.2057    recall@3 : 0.2635    recall@4 : 0.3132    recall@5 : 0.3458    recall@10 : 0.4736    recall@20 : 0.5994    recall@30 : 0.6695    recall@50 : 0.7668    ndcg@1 : 0.1919    ndcg@2 : 0.219    ndcg@3 : 0.2398    ndcg@4 : 0.2589    ndcg@5 : 0.2706    ndcg@10 : 0.3149    ndcg@20 : 0.3525    ndcg@30 : 0.3719    ndcg@50 : 0.3953    precision@1 : 0.1919    precision@2 : 0.1624    precision@3 : 0.141    precision@4 : 0.1287    precision@5 : 0.1161    precision@10 : 0.0829    precision@20 : 0.0557    precision@30 : 0.0436    precision@50 : 0.0312    map@1 : 0.1919    map@2 : 0.1944    map@3 : 0.201    map@4 : 0.2092    map@5 : 0.2139    map@10 : 0.2312    map@20 : 0.2435    map@30 : 0.2489    map@50 : 0.2541
Mon 16 Mar 2026 13:04:50 INFO  Finished training, best eval result in epoch 11
Mon 16 Mar 2026 13:04:50 INFO  Loading model structure and parameters from saved/SCL-Mar-16-2026_13-04-38.pth
Mon 16 Mar 2026 13:04:50 INFO  best valid : OrderedDict([('recall@1', 0.1239), ('recall@2', 0.206), ('recall@3', 0.2639), ('recall@4', 0.3136), ('recall@5', 0.3456), ('recall@10', 0.4745), ('recall@20', 0.5986), ('recall@30', 0.6786), ('recall@50', 0.7672), ('ndcg@1', 0.1925), ('ndcg@2', 0.2191), ('ndcg@3', 0.24), ('ndcg@4', 0.259), ('ndcg@5', 0.2705), ('ndcg@10', 0.3151), ('ndcg@20', 0.3523), ('ndcg@30', 0.3738), ('ndcg@50', 0.3955), ('precision@1', 0.1925), ('precision@2', 0.1621), ('precision@3', 0.1408), ('precision@4', 0.1283), ('precision@5', 0.1156), ('precision@10', 0.0825), ('precision@20', 0.0554), ('precision@30', 0.0437), ('precision@50', 0.0311), ('map@1', 0.1925), ('map@2', 0.1946), ('map@3', 0.2013), ('map@4', 0.2094), ('map@5', 0.214), ('map@10', 0.2315), ('map@20', 0.2436), ('map@30', 0.2494), ('map@50', 0.2542)])
Mon 16 Mar 2026 13:04:50 INFO  test result: OrderedDict([('recall@1', 0.1431), ('recall@2', 0.2374), ('recall@3', 0.2862), ('recall@4', 0.3231), ('recall@5', 0.3516), ('recall@10', 0.4764), ('recall@20', 0.6006), ('recall@30', 0.6875), ('recall@50', 0.7821), ('ndcg@1', 0.2405), ('ndcg@2', 0.2616), ('ndcg@3', 0.2724), ('ndcg@4', 0.2838), ('ndcg@5', 0.2932), ('ndcg@10', 0.335), ('ndcg@20', 0.3703), ('ndcg@30', 0.3924), ('ndcg@50', 0.4153), ('precision@1', 0.2405), ('precision@2', 0.1932), ('precision@3', 0.158), ('precision@4', 0.138), ('precision@5', 0.1231), ('precision@10', 0.087), ('precision@20', 0.0565), ('precision@30', 0.0436), ('precision@50', 0.0312), ('map@1', 0.2405), ('map@2', 0.2339), ('map@3', 0.2322), ('map@4', 0.2352), ('map@5', 0.2383), ('map@10', 0.2545), ('map@20', 0.2657), ('map@30', 0.2713), ('map@50', 0.2764)])
Mon 16 Mar 2026 13:04:50 INFO  training time: 10.7550s
Mon 16 Mar 2026 13:04:50 INFO  result file: results/again3/scl_wo_struct_seed2024.json
