Sun 15 Mar 2026 22:55:53 INFO  
General Hyper Parameters:
gpu_id = 0
use_gpu = True
seed = 2029
state = INFO
reproducibility = True
data_path = ./travel
checkpoint_dir = saved
show_progress = True
save_dataset = False
dataset_save_path = None
save_dataloaders = False
dataloaders_save_path = None
log_wandb = False

Training Hyper Parameters:
epochs = 1000
train_batch_size = 4096
learner = adam
learning_rate = 0.001
train_neg_sample_args = {'distribution': 'uniform', 'sample_num': 1, 'alpha': 1.0, 'dynamic': False, 'candidate_num': 0}
eval_step = 1
stopping_step = 10
clip_grad_norm = None
weight_decay = 0.0
loss_decimal_place = 4

Evaluation Hyper Parameters:
eval_args = {'split': {'RS': [0.8, 0.1, 0.1]}, 'order': 'RO', 'group_by': 'user', 'mode': {'valid': 'full', 'test': 'full'}}
repeatable = False
metrics = ['Recall', 'NDCG', 'Precision', 'MAP']
topk = [1, 2, 3, 4, 5, 10, 20, 30, 50]
valid_metric = NDCG@10
valid_metric_bigger = True
eval_batch_size = 4096
metric_decimal_place = 4

Dataset Hyper Parameters:
field_separator = 	
seq_separator =  
USER_ID_FIELD = user_id
ITEM_ID_FIELD = item_id
RATING_FIELD = rating
TIME_FIELD = timestamp
seq_len = None
LABEL_FIELD = label
threshold = None
NEG_PREFIX = neg_
load_col = {'inter': ['user_id', 'item_id', 'rating'], 'user': ['user_id', 'post_num', 'follower', 'following', 'timestamp']}
unload_col = None
unused_col = None
additional_feat_suffix = None
rm_dup_inter = None
val_interval = {'rating': '[0,inf)'}
filter_inter_by_user_or_item = True
user_inter_num_interval = [0,inf)
item_inter_num_interval = [0,inf)
alias_of_user_id = None
alias_of_item_id = None
alias_of_entity_id = None
alias_of_relation_id = None
preload_weight = None
normalize_field = None
normalize_all = None
ITEM_LIST_LENGTH_FIELD = item_length
LIST_SUFFIX = _list
MAX_ITEM_LIST_LENGTH = 50
POSITION_FIELD = position_id
HEAD_ENTITY_ID_FIELD = head_id
TAIL_ENTITY_ID_FIELD = tail_id
RELATION_ID_FIELD = relation_id
ENTITY_ID_FIELD = entity_id
benchmark_filename = None

Other Hyper Parameters: 
worker = 0
wandb_project = recbole
shuffle = True
require_pow = False
enable_amp = False
enable_scaler = False
transform = None
numerical_features = []
discretization = None
kg_reverse_r = False
entity_kg_num_interval = [0,inf)
relation_kg_num_interval = [0,inf)
MODEL_TYPE = ModelType.GENERAL
embedding_size = 64
n_layers = 3
reg_weight = 0.0001
smt_latent_dim = 64
ssl_temp = 0.1
ssl_reg = 1e-07
hyper_layers = 1
alpha = 1
potential_reg = 8e-08
semantic_reg = 0.0
num_clusters = 10
m_step = 1
warm_up_step = 20
user_feature_path = features/roberta_user.npy
item_feature_path = features/roberta_item.npy
MODEL_INPUT_TYPE = InputType.PAIRWISE
eval_type = EvaluatorType.RANKING
single_spec = True
local_rank = 0
device = cuda
valid_neg_sample_args = {'distribution': 'uniform', 'sample_num': 'none'}
test_neg_sample_args = {'distribution': 'uniform', 'sample_num': 'none'}


Sun 15 Mar 2026 22:55:53 INFO  travel
The number of users: 2010
Average actions of users: 18.721254355400696
The number of items: 247
Average actions of items: 152.890243902439
The number of inters: 37611
The sparsity of the dataset: 92.42431566862047%
Remain Fields: ['user_id', 'item_id', 'rating', 'post_num', 'follower', 'following', 'timestamp']
Sun 15 Mar 2026 22:55:53 INFO  [Training]: train_batch_size = [4096] train_neg_sample_args: [{'distribution': 'uniform', 'sample_num': 1, 'alpha': 1.0, 'dynamic': False, 'candidate_num': 0}]
Sun 15 Mar 2026 22:55:53 INFO  [Evaluation]: eval_batch_size = [4096] eval_args: [{'split': {'RS': [0.8, 0.1, 0.1]}, 'order': 'RO', 'group_by': 'user', 'mode': {'valid': 'full', 'test': 'full'}}]
Sun 15 Mar 2026 22:55:54 INFO  SCL(
  (u_MLP): Linear(in_features=1024, out_features=64, bias=True)
  (i_MLP): Linear(in_features=1024, out_features=64, bias=True)
  (user_embedding): Embedding(2010, 64)
  (item_embedding): Embedding(247, 64)
  (mf_loss): BPRLoss()
  (reg_loss): EmbLoss()
)
Trainable parameters: 144448
Sun 15 Mar 2026 22:55:54 INFO  trainable parameters: 144448
Sun 15 Mar 2026 22:55:55 INFO  Running E-step ! 
Sun 15 Mar 2026 22:55:56 INFO  epoch 0 training [time: 0.53s, train_loss1: 5.5428, train_loss2: 0.0186, train_loss3: 0.0000]
Sun 15 Mar 2026 22:55:56 INFO  epoch 0 evaluating [time: 0.17s, valid_score: 0.030600]
Sun 15 Mar 2026 22:55:56 INFO  valid result: 
recall@1 : 0.0062    recall@2 : 0.0111    recall@3 : 0.018    recall@4 : 0.0228    recall@5 : 0.0291    recall@10 : 0.055    recall@20 : 0.1092    recall@30 : 0.1579    recall@50 : 0.2493    ndcg@1 : 0.0113    ndcg@2 : 0.0137    ndcg@3 : 0.0171    ndcg@4 : 0.0191    ndcg@5 : 0.0215    ndcg@10 : 0.0306    ndcg@20 : 0.0467    ndcg@30 : 0.0595    ndcg@50 : 0.0802    precision@1 : 0.0113    precision@2 : 0.011    precision@3 : 0.0129    precision@4 : 0.0128    precision@5 : 0.0126    precision@10 : 0.0117    precision@20 : 0.0116    precision@30 : 0.0116    precision@50 : 0.0111    map@1 : 0.0113    map@2 : 0.0116    map@3 : 0.0127    map@4 : 0.0133    map@5 : 0.0142    map@10 : 0.0172    map@20 : 0.0212    map@30 : 0.0236    map@50 : 0.0265
Sun 15 Mar 2026 22:55:56 INFO  Saving current: saved/SCL-Mar-15-2026_22-55-54.pth
Sun 15 Mar 2026 22:55:56 INFO  Saving current best: saved/SCL-Mar-15-2026_22-55-54.pth
Sun 15 Mar 2026 22:55:56 INFO  Running E-step ! 
Sun 15 Mar 2026 22:55:56 INFO  epoch 1 training [time: 0.17s, train_loss1: 5.5426, train_loss2: 0.0148, train_loss3: 0.0000]
Sun 15 Mar 2026 22:55:56 INFO  epoch 1 evaluating [time: 0.15s, valid_score: 0.031400]
Sun 15 Mar 2026 22:55:56 INFO  valid result: 
recall@1 : 0.0072    recall@2 : 0.0102    recall@3 : 0.0164    recall@4 : 0.0233    recall@5 : 0.0287    recall@10 : 0.0566    recall@20 : 0.1151    recall@30 : 0.1641    recall@50 : 0.2499    ndcg@1 : 0.0131    ndcg@2 : 0.0141    ndcg@3 : 0.0166    ndcg@4 : 0.0194    ndcg@5 : 0.0214    ndcg@10 : 0.0314    ndcg@20 : 0.0483    ndcg@30 : 0.0609    ndcg@50 : 0.0807    precision@1 : 0.0131    precision@2 : 0.0113    precision@3 : 0.0123    precision@4 : 0.0127    precision@5 : 0.0123    precision@10 : 0.0123    precision@20 : 0.012    precision@30 : 0.0117    precision@50 : 0.0112    map@1 : 0.0131    map@2 : 0.0121    map@3 : 0.0125    map@4 : 0.0136    map@5 : 0.0143    map@10 : 0.0175    map@20 : 0.0217    map@30 : 0.024    map@50 : 0.0268
Sun 15 Mar 2026 22:55:56 INFO  Saving current: saved/SCL-Mar-15-2026_22-55-54.pth
Sun 15 Mar 2026 22:55:56 INFO  Saving current best: saved/SCL-Mar-15-2026_22-55-54.pth
Sun 15 Mar 2026 22:55:56 INFO  Running E-step ! 
Sun 15 Mar 2026 22:55:56 INFO  epoch 2 training [time: 0.18s, train_loss1: 5.5421, train_loss2: 0.0128, train_loss3: 0.0000]
Sun 15 Mar 2026 22:55:56 INFO  epoch 2 evaluating [time: 0.15s, valid_score: 0.034100]
Sun 15 Mar 2026 22:55:56 INFO  valid result: 
recall@1 : 0.0086    recall@2 : 0.0121    recall@3 : 0.0168    recall@4 : 0.0216    recall@5 : 0.0272    recall@10 : 0.0613    recall@20 : 0.1154    recall@30 : 0.1651    recall@50 : 0.2506    ndcg@1 : 0.0167    ndcg@2 : 0.0165    ndcg@3 : 0.0179    ndcg@4 : 0.0196    ndcg@5 : 0.0218    ndcg@10 : 0.0341    ndcg@20 : 0.0499    ndcg@30 : 0.0627    ndcg@50 : 0.0824    precision@1 : 0.0167    precision@2 : 0.0131    precision@3 : 0.0125    precision@4 : 0.0121    precision@5 : 0.0118    precision@10 : 0.0132    precision@20 : 0.0122    precision@30 : 0.0119    precision@50 : 0.0112    map@1 : 0.0167    map@2 : 0.0142    map@3 : 0.0138    map@4 : 0.0143    map@5 : 0.0151    map@10 : 0.0193    map@20 : 0.0231    map@30 : 0.0255    map@50 : 0.0283
Sun 15 Mar 2026 22:55:56 INFO  Saving current: saved/SCL-Mar-15-2026_22-55-54.pth
Sun 15 Mar 2026 22:55:56 INFO  Saving current best: saved/SCL-Mar-15-2026_22-55-54.pth
Sun 15 Mar 2026 22:55:56 INFO  Running E-step ! 
Sun 15 Mar 2026 22:55:57 INFO  epoch 3 training [time: 0.18s, train_loss1: 5.5416, train_loss2: 0.0112, train_loss3: 0.0000]
Sun 15 Mar 2026 22:55:57 INFO  epoch 3 evaluating [time: 0.15s, valid_score: 0.036500]
Sun 15 Mar 2026 22:55:57 INFO  valid result: 
recall@1 : 0.0092    recall@2 : 0.0134    recall@3 : 0.0195    recall@4 : 0.0249    recall@5 : 0.0308    recall@10 : 0.0649    recall@20 : 0.1165    recall@30 : 0.1711    recall@50 : 0.2573    ndcg@1 : 0.0173    ndcg@2 : 0.0175    ndcg@3 : 0.0198    ndcg@4 : 0.0219    ndcg@5 : 0.0239    ndcg@10 : 0.0365    ndcg@20 : 0.0517    ndcg@30 : 0.0656    ndcg@50 : 0.0857    precision@1 : 0.0173    precision@2 : 0.0137    precision@3 : 0.0137    precision@4 : 0.0133    precision@5 : 0.0125    precision@10 : 0.0136    precision@20 : 0.0125    precision@30 : 0.0123    precision@50 : 0.0115    map@1 : 0.0173    map@2 : 0.015    map@3 : 0.0153    map@4 : 0.016    map@5 : 0.0167    map@10 : 0.0211    map@20 : 0.0248    map@30 : 0.0274    map@50 : 0.0303
Sun 15 Mar 2026 22:55:57 INFO  Saving current: saved/SCL-Mar-15-2026_22-55-54.pth
Sun 15 Mar 2026 22:55:57 INFO  Saving current best: saved/SCL-Mar-15-2026_22-55-54.pth
Sun 15 Mar 2026 22:55:57 INFO  Running E-step ! 
Sun 15 Mar 2026 22:55:57 INFO  epoch 4 training [time: 0.18s, train_loss1: 5.5409, train_loss2: 0.0099, train_loss3: 0.0000]
Sun 15 Mar 2026 22:55:57 INFO  epoch 4 evaluating [time: 0.15s, valid_score: 0.038700]
Sun 15 Mar 2026 22:55:57 INFO  valid result: 
recall@1 : 0.0087    recall@2 : 0.0156    recall@3 : 0.0227    recall@4 : 0.029    recall@5 : 0.0363    recall@10 : 0.0675    recall@20 : 0.1164    recall@30 : 0.1771    recall@50 : 0.2621    ndcg@1 : 0.0185    ndcg@2 : 0.0195    ndcg@3 : 0.0219    ndcg@4 : 0.0241    ndcg@5 : 0.0272    ndcg@10 : 0.0387    ndcg@20 : 0.0534    ndcg@30 : 0.0685    ndcg@50 : 0.0885    precision@1 : 0.0185    precision@2 : 0.0158    precision@3 : 0.0151    precision@4 : 0.0142    precision@5 : 0.0145    precision@10 : 0.0143    precision@20 : 0.0129    precision@30 : 0.0126    precision@50 : 0.0118    map@1 : 0.0185    map@2 : 0.0164    map@3 : 0.0166    map@4 : 0.0173    map@5 : 0.0186    map@10 : 0.0226    map@20 : 0.0262    map@30 : 0.029    map@50 : 0.0319
Sun 15 Mar 2026 22:55:57 INFO  Saving current: saved/SCL-Mar-15-2026_22-55-54.pth
Sun 15 Mar 2026 22:55:57 INFO  Saving current best: saved/SCL-Mar-15-2026_22-55-54.pth
Sun 15 Mar 2026 22:55:57 INFO  Running E-step ! 
Sun 15 Mar 2026 22:55:57 INFO  epoch 5 training [time: 0.18s, train_loss1: 5.5401, train_loss2: 0.0089, train_loss3: 0.0000]
Sun 15 Mar 2026 22:55:57 INFO  epoch 5 evaluating [time: 0.15s, valid_score: 0.042100]
Sun 15 Mar 2026 22:55:57 INFO  valid result: 
recall@1 : 0.0115    recall@2 : 0.0168    recall@3 : 0.0261    recall@4 : 0.0323    recall@5 : 0.0396    recall@10 : 0.0712    recall@20 : 0.1241    recall@30 : 0.1823    recall@50 : 0.2662    ndcg@1 : 0.0221    ndcg@2 : 0.0217    ndcg@3 : 0.0252    ndcg@4 : 0.0275    ndcg@5 : 0.0306    ndcg@10 : 0.0421    ndcg@20 : 0.0576    ndcg@30 : 0.0723    ndcg@50 : 0.0921    precision@1 : 0.0221    precision@2 : 0.017    precision@3 : 0.0169    precision@4 : 0.0158    precision@5 : 0.016    precision@10 : 0.0154    precision@20 : 0.0136    precision@30 : 0.0131    precision@50 : 0.0121    map@1 : 0.0221    map@2 : 0.0186    map@3 : 0.0195    map@4 : 0.0202    map@5 : 0.0214    map@10 : 0.0253    map@20 : 0.0291    map@30 : 0.0318    map@50 : 0.0347
Sun 15 Mar 2026 22:55:57 INFO  Saving current: saved/SCL-Mar-15-2026_22-55-54.pth
Sun 15 Mar 2026 22:55:57 INFO  Saving current best: saved/SCL-Mar-15-2026_22-55-54.pth
Sun 15 Mar 2026 22:55:57 INFO  Running E-step ! 
Sun 15 Mar 2026 22:55:58 INFO  epoch 6 training [time: 0.18s, train_loss1: 5.5390, train_loss2: 0.0080, train_loss3: 0.0000]
Sun 15 Mar 2026 22:55:58 INFO  epoch 6 evaluating [time: 0.15s, valid_score: 0.044800]
Sun 15 Mar 2026 22:55:58 INFO  valid result: 
recall@1 : 0.0126    recall@2 : 0.0175    recall@3 : 0.0271    recall@4 : 0.0332    recall@5 : 0.0412    recall@10 : 0.0761    recall@20 : 0.1302    recall@30 : 0.1851    recall@50 : 0.2714    ndcg@1 : 0.0244    ndcg@2 : 0.0227    ndcg@3 : 0.0269    ndcg@4 : 0.0292    ndcg@5 : 0.0323    ndcg@10 : 0.0448    ndcg@20 : 0.0606    ndcg@30 : 0.0747    ndcg@50 : 0.0949    precision@1 : 0.0244    precision@2 : 0.0173    precision@3 : 0.0183    precision@4 : 0.0171    precision@5 : 0.0169    precision@10 : 0.0164    precision@20 : 0.0141    precision@30 : 0.0135    precision@50 : 0.0123    map@1 : 0.0244    map@2 : 0.0197    map@3 : 0.0208    map@4 : 0.0214    map@5 : 0.0228    map@10 : 0.027    map@20 : 0.0308    map@30 : 0.0334    map@50 : 0.0364
Sun 15 Mar 2026 22:55:58 INFO  Saving current: saved/SCL-Mar-15-2026_22-55-54.pth
Sun 15 Mar 2026 22:55:58 INFO  Saving current best: saved/SCL-Mar-15-2026_22-55-54.pth
Sun 15 Mar 2026 22:55:58 INFO  Running E-step ! 
Sun 15 Mar 2026 22:55:58 INFO  epoch 7 training [time: 0.18s, train_loss1: 5.5379, train_loss2: 0.0073, train_loss3: 0.0000]
Sun 15 Mar 2026 22:55:58 INFO  epoch 7 evaluating [time: 0.15s, valid_score: 0.049300]
Sun 15 Mar 2026 22:55:58 INFO  valid result: 
recall@1 : 0.012    recall@2 : 0.0212    recall@3 : 0.032    recall@4 : 0.0376    recall@5 : 0.0457    recall@10 : 0.0837    recall@20 : 0.1406    recall@30 : 0.1954    recall@50 : 0.2766    ndcg@1 : 0.025    ndcg@2 : 0.0269    ndcg@3 : 0.031    ndcg@4 : 0.0326    ndcg@5 : 0.0358    ndcg@10 : 0.0493    ndcg@20 : 0.0658    ndcg@30 : 0.08    ndcg@50 : 0.099    precision@1 : 0.025    precision@2 : 0.0221    precision@3 : 0.0217    precision@4 : 0.0191    precision@5 : 0.0191    precision@10 : 0.0181    precision@20 : 0.0151    precision@30 : 0.0143    precision@50 : 0.0127    map@1 : 0.025    map@2 : 0.0225    map@3 : 0.0234    map@4 : 0.0238    map@5 : 0.0249    map@10 : 0.0295    map@20 : 0.0334    map@30 : 0.0361    map@50 : 0.039
Sun 15 Mar 2026 22:55:58 INFO  Saving current: saved/SCL-Mar-15-2026_22-55-54.pth
Sun 15 Mar 2026 22:55:58 INFO  Saving current best: saved/SCL-Mar-15-2026_22-55-54.pth
Sun 15 Mar 2026 22:55:58 INFO  Running E-step ! 
Sun 15 Mar 2026 22:55:58 INFO  epoch 8 training [time: 0.17s, train_loss1: 5.5364, train_loss2: 0.0067, train_loss3: 0.0000]
Sun 15 Mar 2026 22:55:58 INFO  epoch 8 evaluating [time: 0.15s, valid_score: 0.053800]
Sun 15 Mar 2026 22:55:58 INFO  valid result: 
recall@1 : 0.015    recall@2 : 0.023    recall@3 : 0.0357    recall@4 : 0.0452    recall@5 : 0.0529    recall@10 : 0.0871    recall@20 : 0.1484    recall@30 : 0.2062    recall@50 : 0.2877    ndcg@1 : 0.031    ndcg@2 : 0.0303    ndcg@3 : 0.0352    ndcg@4 : 0.0385    ndcg@5 : 0.0415    ndcg@10 : 0.0538    ndcg@20 : 0.0719    ndcg@30 : 0.0868    ndcg@50 : 0.1059    precision@1 : 0.031    precision@2 : 0.0241    precision@3 : 0.0242    precision@4 : 0.0225    precision@5 : 0.0219    precision@10 : 0.019    precision@20 : 0.0162    precision@30 : 0.0152    precision@50 : 0.0133    map@1 : 0.031    map@2 : 0.0258    map@3 : 0.027    map@4 : 0.0281    map@5 : 0.0291    map@10 : 0.0332    map@20 : 0.0377    map@30 : 0.0406    map@50 : 0.0436
Sun 15 Mar 2026 22:55:58 INFO  Saving current: saved/SCL-Mar-15-2026_22-55-54.pth
Sun 15 Mar 2026 22:55:58 INFO  Saving current best: saved/SCL-Mar-15-2026_22-55-54.pth
Sun 15 Mar 2026 22:55:58 INFO  Running E-step ! 
Sun 15 Mar 2026 22:55:59 INFO  epoch 9 training [time: 0.18s, train_loss1: 5.5348, train_loss2: 0.0063, train_loss3: 0.0000]
Sun 15 Mar 2026 22:55:59 INFO  epoch 9 evaluating [time: 0.15s, valid_score: 0.060700]
Sun 15 Mar 2026 22:55:59 INFO  valid result: 
recall@1 : 0.0165    recall@2 : 0.027    recall@3 : 0.0425    recall@4 : 0.0506    recall@5 : 0.0618    recall@10 : 0.0975    recall@20 : 0.162    recall@30 : 0.2145    recall@50 : 0.3004    ndcg@1 : 0.0352    ndcg@2 : 0.0349    ndcg@3 : 0.0409    ndcg@4 : 0.0435    ndcg@5 : 0.048    ndcg@10 : 0.0607    ndcg@20 : 0.0796    ndcg@30 : 0.0935    ndcg@50 : 0.1134    precision@1 : 0.0352    precision@2 : 0.0283    precision@3 : 0.0286    precision@4 : 0.0255    precision@5 : 0.0254    precision@10 : 0.0213    precision@20 : 0.0177    precision@30 : 0.0162    precision@50 : 0.0139    map@1 : 0.0352    map@2 : 0.0294    map@3 : 0.031    map@4 : 0.0318    map@5 : 0.0334    map@10 : 0.0376    map@20 : 0.0423    map@30 : 0.0451    map@50 : 0.0482
Sun 15 Mar 2026 22:55:59 INFO  Saving current: saved/SCL-Mar-15-2026_22-55-54.pth
Sun 15 Mar 2026 22:55:59 INFO  Saving current best: saved/SCL-Mar-15-2026_22-55-54.pth
Sun 15 Mar 2026 22:55:59 INFO  Running E-step ! 
Sun 15 Mar 2026 22:55:59 INFO  epoch 10 training [time: 0.18s, train_loss1: 5.5327, train_loss2: 0.0061, train_loss3: 0.0000]
Sun 15 Mar 2026 22:55:59 INFO  epoch 10 evaluating [time: 0.15s, valid_score: 0.069800]
Sun 15 Mar 2026 22:55:59 INFO  valid result: 
recall@1 : 0.0212    recall@2 : 0.0329    recall@3 : 0.0473    recall@4 : 0.0599    recall@5 : 0.0718    recall@10 : 0.1088    recall@20 : 0.1745    recall@30 : 0.226    recall@50 : 0.3204    ndcg@1 : 0.0435    ndcg@2 : 0.0425    ndcg@3 : 0.0479    ndcg@4 : 0.0526    ndcg@5 : 0.0569    ndcg@10 : 0.0698    ndcg@20 : 0.0894    ndcg@30 : 0.1031    ndcg@50 : 0.1251    precision@1 : 0.0435    precision@2 : 0.034    precision@3 : 0.0336    precision@4 : 0.0317    precision@5 : 0.0299    precision@10 : 0.0236    precision@20 : 0.0193    precision@30 : 0.0172    precision@50 : 0.0149    map@1 : 0.0435    map@2 : 0.0364    map@3 : 0.0369    map@4 : 0.0385    map@5 : 0.04    map@10 : 0.0442    map@20 : 0.0494    map@30 : 0.0522    map@50 : 0.0558
Sun 15 Mar 2026 22:55:59 INFO  Saving current: saved/SCL-Mar-15-2026_22-55-54.pth
Sun 15 Mar 2026 22:55:59 INFO  Saving current best: saved/SCL-Mar-15-2026_22-55-54.pth
Sun 15 Mar 2026 22:55:59 INFO  Running E-step ! 
Sun 15 Mar 2026 22:55:59 INFO  epoch 11 training [time: 0.15s, train_loss1: 5.5300, train_loss2: 0.0060, train_loss3: 0.0000]
Sun 15 Mar 2026 22:55:59 INFO  epoch 11 evaluating [time: 0.15s, valid_score: 0.081800]
Sun 15 Mar 2026 22:55:59 INFO  valid result: 
recall@1 : 0.0259    recall@2 : 0.0405    recall@3 : 0.0539    recall@4 : 0.0683    recall@5 : 0.0787    recall@10 : 0.1271    recall@20 : 0.1903    recall@30 : 0.2504    recall@50 : 0.3426    ndcg@1 : 0.053    ndcg@2 : 0.0529    ndcg@3 : 0.0566    ndcg@4 : 0.0613    ndcg@5 : 0.065    ndcg@10 : 0.0818    ndcg@20 : 0.1006    ndcg@30 : 0.1167    ndcg@50 : 0.1382    precision@1 : 0.053    precision@2 : 0.0432    precision@3 : 0.0395    precision@4 : 0.0362    precision@5 : 0.0335    precision@10 : 0.0275    precision@20 : 0.0213    precision@30 : 0.0193    precision@50 : 0.0161    map@1 : 0.053    map@2 : 0.0448    map@3 : 0.044    map@4 : 0.0453    map@5 : 0.0465    map@10 : 0.0522    map@20 : 0.0573    map@30 : 0.0607    map@50 : 0.0644
Sun 15 Mar 2026 22:55:59 INFO  Saving current: saved/SCL-Mar-15-2026_22-55-54.pth
Sun 15 Mar 2026 22:55:59 INFO  Saving current best: saved/SCL-Mar-15-2026_22-55-54.pth
Sun 15 Mar 2026 22:55:59 INFO  Running E-step ! 
Sun 15 Mar 2026 22:56:00 INFO  epoch 12 training [time: 0.17s, train_loss1: 5.5266, train_loss2: 0.0061, train_loss3: 0.0000]
Sun 15 Mar 2026 22:56:00 INFO  epoch 12 evaluating [time: 0.15s, valid_score: 0.094300]
Sun 15 Mar 2026 22:56:00 INFO  valid result: 
recall@1 : 0.0293    recall@2 : 0.0477    recall@3 : 0.0658    recall@4 : 0.0816    recall@5 : 0.0922    recall@10 : 0.1457    recall@20 : 0.2181    recall@30 : 0.2796    recall@50 : 0.3686    ndcg@1 : 0.0578    ndcg@2 : 0.0601    ndcg@3 : 0.0662    ndcg@4 : 0.072    ndcg@5 : 0.0758    ndcg@10 : 0.0943    ndcg@20 : 0.1164    ndcg@30 : 0.1327    ndcg@50 : 0.1533    precision@1 : 0.0578    precision@2 : 0.0495    precision@3 : 0.0463    precision@4 : 0.0429    precision@5 : 0.0396    precision@10 : 0.0316    precision@20 : 0.0249    precision@30 : 0.0217    precision@50 : 0.0173    map@1 : 0.0578    map@2 : 0.051    map@3 : 0.0512    map@4 : 0.0533    map@5 : 0.0544    map@10 : 0.0612    map@20 : 0.0673    map@30 : 0.0709    map@50 : 0.0745
Sun 15 Mar 2026 22:56:00 INFO  Saving current: saved/SCL-Mar-15-2026_22-55-54.pth
Sun 15 Mar 2026 22:56:00 INFO  Saving current best: saved/SCL-Mar-15-2026_22-55-54.pth
Sun 15 Mar 2026 22:56:00 INFO  Running E-step ! 
Sun 15 Mar 2026 22:56:00 INFO  epoch 13 training [time: 0.17s, train_loss1: 5.5223, train_loss2: 0.0066, train_loss3: 0.0000]
Sun 15 Mar 2026 22:56:00 INFO  epoch 13 evaluating [time: 0.15s, valid_score: 0.114000]
Sun 15 Mar 2026 22:56:00 INFO  valid result: 
recall@1 : 0.0363    recall@2 : 0.0599    recall@3 : 0.0804    recall@4 : 0.0959    recall@5 : 0.1118    recall@10 : 0.1744    recall@20 : 0.2536    recall@30 : 0.3104    recall@50 : 0.4014    ndcg@1 : 0.0715    ndcg@2 : 0.0749    ndcg@3 : 0.0806    ndcg@4 : 0.0859    ndcg@5 : 0.0922    ndcg@10 : 0.114    ndcg@20 : 0.1383    ndcg@30 : 0.1534    ndcg@50 : 0.1742    precision@1 : 0.0715    precision@2 : 0.0617    precision@3 : 0.0552    precision@4 : 0.0501    precision@5 : 0.0479    precision@10 : 0.038    precision@20 : 0.0293    precision@30 : 0.0242    precision@50 : 0.0187    map@1 : 0.0715    map@2 : 0.0635    map@3 : 0.0632    map@4 : 0.0648    map@5 : 0.0669    map@10 : 0.0752    map@20 : 0.0824    map@30 : 0.0859    map@50 : 0.0896
Sun 15 Mar 2026 22:56:00 INFO  Saving current: saved/SCL-Mar-15-2026_22-55-54.pth
Sun 15 Mar 2026 22:56:00 INFO  Saving current best: saved/SCL-Mar-15-2026_22-55-54.pth
Sun 15 Mar 2026 22:56:00 INFO  Running E-step ! 
Sun 15 Mar 2026 22:56:00 INFO  epoch 14 training [time: 0.17s, train_loss1: 5.5166, train_loss2: 0.0075, train_loss3: 0.0000]
Sun 15 Mar 2026 22:56:01 INFO  epoch 14 evaluating [time: 0.15s, valid_score: 0.135900]
Sun 15 Mar 2026 22:56:01 INFO  valid result: 
recall@1 : 0.0414    recall@2 : 0.0721    recall@3 : 0.1006    recall@4 : 0.1226    recall@5 : 0.1393    recall@10 : 0.2063    recall@20 : 0.2919    recall@30 : 0.3486    recall@50 : 0.4489    ndcg@1 : 0.081    ndcg@2 : 0.0882    ndcg@3 : 0.0969    ndcg@4 : 0.1055    ndcg@5 : 0.1122    ndcg@10 : 0.1359    ndcg@20 : 0.1622    ndcg@30 : 0.1773    ndcg@50 : 0.2002    precision@1 : 0.081    precision@2 : 0.0727    precision@3 : 0.066    precision@4 : 0.0624    precision@5 : 0.059    precision@10 : 0.0454    precision@20 : 0.0339    precision@30 : 0.0273    precision@50 : 0.021    map@1 : 0.081    map@2 : 0.0748    map@3 : 0.076    map@4 : 0.0792    map@5 : 0.082    map@10 : 0.0911    map@20 : 0.0991    map@30 : 0.1029    map@50 : 0.1071
Sun 15 Mar 2026 22:56:01 INFO  Saving current: saved/SCL-Mar-15-2026_22-55-54.pth
Sun 15 Mar 2026 22:56:01 INFO  Saving current best: saved/SCL-Mar-15-2026_22-55-54.pth
Sun 15 Mar 2026 22:56:01 INFO  Running E-step ! 
Sun 15 Mar 2026 22:56:01 INFO  epoch 15 training [time: 0.17s, train_loss1: 5.5081, train_loss2: 0.0092, train_loss3: 0.0000]
Sun 15 Mar 2026 22:56:01 INFO  epoch 15 evaluating [time: 0.15s, valid_score: 0.163400]
Sun 15 Mar 2026 22:56:01 INFO  valid result: 
recall@1 : 0.0547    recall@2 : 0.0894    recall@3 : 0.1183    recall@4 : 0.1423    recall@5 : 0.164    recall@10 : 0.2417    recall@20 : 0.3377    recall@30 : 0.4071    recall@50 : 0.5114    ndcg@1 : 0.1043    ndcg@2 : 0.1098    ndcg@3 : 0.1193    ndcg@4 : 0.1274    ndcg@5 : 0.1355    ndcg@10 : 0.1634    ndcg@20 : 0.1925    ndcg@30 : 0.2109    ndcg@50 : 0.2348    precision@1 : 0.1043    precision@2 : 0.0885    precision@3 : 0.0822    precision@4 : 0.0755    precision@5 : 0.0707    precision@10 : 0.0542    precision@20 : 0.0388    precision@30 : 0.0316    precision@50 : 0.0237    map@1 : 0.1043    map@2 : 0.0946    map@3 : 0.0956    map@4 : 0.0981    map@5 : 0.1013    map@10 : 0.1123    map@20 : 0.1216    map@30 : 0.1264    map@50 : 0.1309
Sun 15 Mar 2026 22:56:01 INFO  Saving current: saved/SCL-Mar-15-2026_22-55-54.pth
Sun 15 Mar 2026 22:56:01 INFO  Saving current best: saved/SCL-Mar-15-2026_22-55-54.pth
Sun 15 Mar 2026 22:56:01 INFO  Running E-step ! 
Sun 15 Mar 2026 22:56:01 INFO  epoch 16 training [time: 0.18s, train_loss1: 5.4956, train_loss2: 0.0117, train_loss3: 0.0000]
Sun 15 Mar 2026 22:56:01 INFO  epoch 16 evaluating [time: 0.15s, valid_score: 0.192200]
Sun 15 Mar 2026 22:56:01 INFO  valid result: 
recall@1 : 0.0592    recall@2 : 0.102    recall@3 : 0.1401    recall@4 : 0.1763    recall@5 : 0.2026    recall@10 : 0.2886    recall@20 : 0.4045    recall@30 : 0.4745    recall@50 : 0.578    ndcg@1 : 0.115    ndcg@2 : 0.1247    ndcg@3 : 0.1377    ndcg@4 : 0.1512    ndcg@5 : 0.1615    ndcg@10 : 0.1922    ndcg@20 : 0.2271    ndcg@30 : 0.2462    ndcg@50 : 0.27    precision@1 : 0.115    precision@2 : 0.1028    precision@3 : 0.0973    precision@4 : 0.0918    precision@5 : 0.0863    precision@10 : 0.0637    precision@20 : 0.0456    precision@30 : 0.0367    precision@50 : 0.0268    map@1 : 0.115    map@2 : 0.1071    map@3 : 0.1097    map@4 : 0.1151    map@5 : 0.1194    map@10 : 0.132    map@20 : 0.1434    map@30 : 0.1489    map@50 : 0.1536
Sun 15 Mar 2026 22:56:01 INFO  Saving current: saved/SCL-Mar-15-2026_22-55-54.pth
Sun 15 Mar 2026 22:56:01 INFO  Saving current best: saved/SCL-Mar-15-2026_22-55-54.pth
Sun 15 Mar 2026 22:56:01 INFO  Running E-step ! 
Sun 15 Mar 2026 22:56:01 INFO  epoch 17 training [time: 0.17s, train_loss1: 5.4753, train_loss2: 0.0156, train_loss3: 0.0000]
Sun 15 Mar 2026 22:56:02 INFO  epoch 17 evaluating [time: 0.15s, valid_score: 0.232300]
Sun 15 Mar 2026 22:56:02 INFO  valid result: 
recall@1 : 0.0721    recall@2 : 0.1279    recall@3 : 0.1714    recall@4 : 0.2058    recall@5 : 0.2355    recall@10 : 0.3564    recall@20 : 0.4797    recall@30 : 0.5488    recall@50 : 0.6458    ndcg@1 : 0.1329    ndcg@2 : 0.1493    ndcg@3 : 0.1643    ndcg@4 : 0.177    ndcg@5 : 0.1887    ndcg@10 : 0.2323    ndcg@20 : 0.2698    ndcg@30 : 0.2884    ndcg@50 : 0.3108    precision@1 : 0.1329    precision@2 : 0.1216    precision@3 : 0.112    precision@4 : 0.1034    precision@5 : 0.0974    precision@10 : 0.0754    precision@20 : 0.053    precision@30 : 0.0413    precision@50 : 0.0292    map@1 : 0.1329    map@2 : 0.1286    map@3 : 0.1324    map@4 : 0.1373    map@5 : 0.1425    map@10 : 0.1608    map@20 : 0.1737    map@30 : 0.1791    map@50 : 0.1838
Sun 15 Mar 2026 22:56:02 INFO  Saving current: saved/SCL-Mar-15-2026_22-55-54.pth
Sun 15 Mar 2026 22:56:02 INFO  Saving current best: saved/SCL-Mar-15-2026_22-55-54.pth
Sun 15 Mar 2026 22:56:02 INFO  Running E-step ! 
Sun 15 Mar 2026 22:56:02 INFO  epoch 18 training [time: 0.17s, train_loss1: 5.4400, train_loss2: 0.0222, train_loss3: 0.0000]
Sun 15 Mar 2026 22:56:02 INFO  epoch 18 evaluating [time: 0.15s, valid_score: 0.275000]
Sun 15 Mar 2026 22:56:02 INFO  valid result: 
recall@1 : 0.086    recall@2 : 0.154    recall@3 : 0.2077    recall@4 : 0.2555    recall@5 : 0.2925    recall@10 : 0.4295    recall@20 : 0.5572    recall@30 : 0.6189    recall@50 : 0.7116    ndcg@1 : 0.1514    ndcg@2 : 0.1746    ndcg@3 : 0.1929    ndcg@4 : 0.211    ndcg@5 : 0.2255    ndcg@10 : 0.275    ndcg@20 : 0.3137    ndcg@30 : 0.3304    ndcg@50 : 0.3521    precision@1 : 0.1514    precision@2 : 0.1403    precision@3 : 0.1265    precision@4 : 0.1177    precision@5 : 0.1103    precision@10 : 0.0853    precision@20 : 0.0582    precision@30 : 0.0442    precision@50 : 0.0311    map@1 : 0.1514    map@2 : 0.15    map@3 : 0.1559    map@4 : 0.1638    map@5 : 0.1702    map@10 : 0.1912    map@20 : 0.205    map@30 : 0.2098    map@50 : 0.2146
Sun 15 Mar 2026 22:56:02 INFO  Saving current: saved/SCL-Mar-15-2026_22-55-54.pth
Sun 15 Mar 2026 22:56:02 INFO  Saving current best: saved/SCL-Mar-15-2026_22-55-54.pth
Sun 15 Mar 2026 22:56:02 INFO  Running E-step ! 
Sun 15 Mar 2026 22:56:02 INFO  epoch 19 training [time: 0.18s, train_loss1: 5.3645, train_loss2: 0.0302, train_loss3: 0.0000]
Sun 15 Mar 2026 22:56:02 INFO  epoch 19 evaluating [time: 0.15s, valid_score: 0.299100]
Sun 15 Mar 2026 22:56:02 INFO  valid result: 
recall@1 : 0.1067    recall@2 : 0.1834    recall@3 : 0.245    recall@4 : 0.2884    recall@5 : 0.3253    recall@10 : 0.4529    recall@20 : 0.5977    recall@30 : 0.6614    recall@50 : 0.7417    ndcg@1 : 0.1704    ndcg@2 : 0.1984    ndcg@3 : 0.2229    ndcg@4 : 0.239    ndcg@5 : 0.2527    ndcg@10 : 0.2991    ndcg@20 : 0.3426    ndcg@30 : 0.36    ndcg@50 : 0.3791    precision@1 : 0.1704    precision@2 : 0.1517    precision@3 : 0.1398    precision@4 : 0.1262    precision@5 : 0.1154    precision@10 : 0.0863    precision@20 : 0.0597    precision@30 : 0.0456    precision@50 : 0.0315    map@1 : 0.1704    map@2 : 0.1739    map@3 : 0.1836    map@4 : 0.1903    map@5 : 0.1962    map@10 : 0.2158    map@20 : 0.2306    map@30 : 0.2359    map@50 : 0.2402
Sun 15 Mar 2026 22:56:02 INFO  Saving current: saved/SCL-Mar-15-2026_22-55-54.pth
Sun 15 Mar 2026 22:56:02 INFO  Saving current best: saved/SCL-Mar-15-2026_22-55-54.pth
Sun 15 Mar 2026 22:56:02 INFO  Running E-step ! 
Sun 15 Mar 2026 22:56:02 INFO  epoch 20 training [time: 0.17s, train_loss1: 5.2167, train_loss2: 0.0346, train_loss3: 0.0000, train_loss4: 0.0036]
Sun 15 Mar 2026 22:56:03 INFO  epoch 20 evaluating [time: 0.15s, valid_score: 0.307700]
Sun 15 Mar 2026 22:56:03 INFO  valid result: 
recall@1 : 0.1163    recall@2 : 0.1912    recall@3 : 0.2528    recall@4 : 0.2956    recall@5 : 0.3298    recall@10 : 0.4651    recall@20 : 0.6037    recall@30 : 0.6676    recall@50 : 0.7512    ndcg@1 : 0.1812    ndcg@2 : 0.2077    ndcg@3 : 0.2307    ndcg@4 : 0.2468    ndcg@5 : 0.2596    ndcg@10 : 0.3077    ndcg@20 : 0.3494    ndcg@30 : 0.3666    ndcg@50 : 0.3865    precision@1 : 0.1812    precision@2 : 0.1567    precision@3 : 0.1406    precision@4 : 0.1268    precision@5 : 0.1155    precision@10 : 0.0859    precision@20 : 0.0594    precision@30 : 0.0451    precision@50 : 0.0314    map@1 : 0.1812    map@2 : 0.183    map@3 : 0.1921    map@4 : 0.1985    map@5 : 0.2038    map@10 : 0.2238    map@20 : 0.2378    map@30 : 0.2428    map@50 : 0.2473
Sun 15 Mar 2026 22:56:03 INFO  Saving current: saved/SCL-Mar-15-2026_22-55-54.pth
Sun 15 Mar 2026 22:56:03 INFO  Saving current best: saved/SCL-Mar-15-2026_22-55-54.pth
Sun 15 Mar 2026 22:56:03 INFO  Running E-step ! 
Sun 15 Mar 2026 22:56:03 INFO  epoch 21 training [time: 0.17s, train_loss1: 4.9784, train_loss2: 0.0362, train_loss3: 0.0000, train_loss4: 0.0043]
Sun 15 Mar 2026 22:56:03 INFO  epoch 21 evaluating [time: 0.15s, valid_score: 0.306000]
Sun 15 Mar 2026 22:56:03 INFO  valid result: 
recall@1 : 0.113    recall@2 : 0.1939    recall@3 : 0.2568    recall@4 : 0.2976    recall@5 : 0.3329    recall@10 : 0.4636    recall@20 : 0.5987    recall@30 : 0.6719    recall@50 : 0.751    ndcg@1 : 0.1758    ndcg@2 : 0.2075    ndcg@3 : 0.2311    ndcg@4 : 0.2466    ndcg@5 : 0.2597    ndcg@10 : 0.306    ndcg@20 : 0.3466    ndcg@30 : 0.366    ndcg@50 : 0.385    precision@1 : 0.1758    precision@2 : 0.1573    precision@3 : 0.1406    precision@4 : 0.1265    precision@5 : 0.1151    precision@10 : 0.0852    precision@20 : 0.0585    precision@30 : 0.0448    precision@50 : 0.0312    map@1 : 0.1758    map@2 : 0.1824    map@3 : 0.1919    map@4 : 0.1981    map@5 : 0.2036    map@10 : 0.2223    map@20 : 0.2359    map@30 : 0.2413    map@50 : 0.2457
Sun 15 Mar 2026 22:56:03 INFO  Running E-step ! 
Sun 15 Mar 2026 22:56:03 INFO  epoch 22 training [time: 0.17s, train_loss1: 4.6616, train_loss2: 0.0369, train_loss3: 0.0000, train_loss4: 0.0052]
Sun 15 Mar 2026 22:56:03 INFO  epoch 22 evaluating [time: 0.15s, valid_score: 0.303000]
Sun 15 Mar 2026 22:56:03 INFO  valid result: 
recall@1 : 0.11    recall@2 : 0.1936    recall@3 : 0.2558    recall@4 : 0.2954    recall@5 : 0.3292    recall@10 : 0.4605    recall@20 : 0.5949    recall@30 : 0.6731    recall@50 : 0.7551    ndcg@1 : 0.1722    ndcg@2 : 0.2057    ndcg@3 : 0.2291    ndcg@4 : 0.2439    ndcg@5 : 0.2566    ndcg@10 : 0.303    ndcg@20 : 0.3434    ndcg@30 : 0.364    ndcg@50 : 0.3835    precision@1 : 0.1722    precision@2 : 0.1561    precision@3 : 0.1397    precision@4 : 0.1249    precision@5 : 0.1141    precision@10 : 0.0843    precision@20 : 0.0579    precision@30 : 0.0448    precision@50 : 0.0312    map@1 : 0.1722    map@2 : 0.1804    map@3 : 0.1899    map@4 : 0.1956    map@5 : 0.201    map@10 : 0.2196    map@20 : 0.2331    map@30 : 0.2388    map@50 : 0.2431
Sun 15 Mar 2026 22:56:03 INFO  Running E-step ! 
Sun 15 Mar 2026 22:56:03 INFO  epoch 23 training [time: 0.16s, train_loss1: 4.3165, train_loss2: 0.0372, train_loss3: 0.0000, train_loss4: 0.0059]
Sun 15 Mar 2026 22:56:04 INFO  epoch 23 evaluating [time: 0.15s, valid_score: 0.301700]
Sun 15 Mar 2026 22:56:04 INFO  valid result: 
recall@1 : 0.1101    recall@2 : 0.1939    recall@3 : 0.2551    recall@4 : 0.2974    recall@5 : 0.3298    recall@10 : 0.4566    recall@20 : 0.5948    recall@30 : 0.6743    recall@50 : 0.7626    ndcg@1 : 0.1722    ndcg@2 : 0.2061    ndcg@3 : 0.2289    ndcg@4 : 0.2447    ndcg@5 : 0.2569    ndcg@10 : 0.3017    ndcg@20 : 0.3431    ndcg@30 : 0.3639    ndcg@50 : 0.3847    precision@1 : 0.1722    precision@2 : 0.1564    precision@3 : 0.1395    precision@4 : 0.1251    precision@5 : 0.1139    precision@10 : 0.0835    precision@20 : 0.0577    precision@30 : 0.0447    precision@50 : 0.0313    map@1 : 0.1722    map@2 : 0.1807    map@3 : 0.1897    map@4 : 0.1961    map@5 : 0.2012    map@10 : 0.2191    map@20 : 0.2328    map@30 : 0.2385    map@50 : 0.243
Sun 15 Mar 2026 22:56:04 INFO  Running E-step ! 
Sun 15 Mar 2026 22:56:04 INFO  epoch 24 training [time: 0.19s, train_loss1: 3.9950, train_loss2: 0.0375, train_loss3: 0.0000, train_loss4: 0.0064]
Sun 15 Mar 2026 22:56:04 INFO  epoch 24 evaluating [time: 0.15s, valid_score: 0.302900]
Sun 15 Mar 2026 22:56:04 INFO  valid result: 
recall@1 : 0.1142    recall@2 : 0.1938    recall@3 : 0.2536    recall@4 : 0.2987    recall@5 : 0.3308    recall@10 : 0.4561    recall@20 : 0.5927    recall@30 : 0.6731    recall@50 : 0.7634    ndcg@1 : 0.1764    ndcg@2 : 0.2077    ndcg@3 : 0.2296    ndcg@4 : 0.2466    ndcg@5 : 0.2586    ndcg@10 : 0.3029    ndcg@20 : 0.3439    ndcg@30 : 0.3649    ndcg@50 : 0.3863    precision@1 : 0.1764    precision@2 : 0.1567    precision@3 : 0.1389    precision@4 : 0.1253    precision@5 : 0.1139    precision@10 : 0.0832    precision@20 : 0.0576    precision@30 : 0.0445    precision@50 : 0.0313    map@1 : 0.1764    map@2 : 0.1828    map@3 : 0.1912    map@4 : 0.1984    map@5 : 0.2032    map@10 : 0.2209    map@20 : 0.2345    map@30 : 0.2402    map@50 : 0.2449
Sun 15 Mar 2026 22:56:04 INFO  Running E-step ! 
Sun 15 Mar 2026 22:56:04 INFO  epoch 25 training [time: 0.19s, train_loss1: 3.7375, train_loss2: 0.0377, train_loss3: 0.0000, train_loss4: 0.0068]
Sun 15 Mar 2026 22:56:04 INFO  epoch 25 evaluating [time: 0.15s, valid_score: 0.303000]
Sun 15 Mar 2026 22:56:04 INFO  valid result: 
recall@1 : 0.1144    recall@2 : 0.1941    recall@3 : 0.2528    recall@4 : 0.2996    recall@5 : 0.3316    recall@10 : 0.4559    recall@20 : 0.5922    recall@30 : 0.6717    recall@50 : 0.7634    ndcg@1 : 0.177    ndcg@2 : 0.2078    ndcg@3 : 0.2295    ndcg@4 : 0.247    ndcg@5 : 0.2592    ndcg@10 : 0.303    ndcg@20 : 0.3439    ndcg@30 : 0.3646    ndcg@50 : 0.3864    precision@1 : 0.177    precision@2 : 0.1567    precision@3 : 0.1389    precision@4 : 0.1253    precision@5 : 0.1143    precision@10 : 0.0831    precision@20 : 0.0574    precision@30 : 0.0444    precision@50 : 0.0313    map@1 : 0.177    map@2 : 0.183    map@3 : 0.1912    map@4 : 0.1987    map@5 : 0.2036    map@10 : 0.221    map@20 : 0.2346    map@30 : 0.2402    map@50 : 0.245
Sun 15 Mar 2026 22:56:04 INFO  Running E-step ! 
Sun 15 Mar 2026 22:56:04 INFO  epoch 26 training [time: 0.19s, train_loss1: 3.5371, train_loss2: 0.0380, train_loss3: 0.0000, train_loss4: 0.0070]
Sun 15 Mar 2026 22:56:05 INFO  epoch 26 evaluating [time: 0.15s, valid_score: 0.303500]
Sun 15 Mar 2026 22:56:05 INFO  valid result: 
recall@1 : 0.1144    recall@2 : 0.1951    recall@3 : 0.2543    recall@4 : 0.2983    recall@5 : 0.3324    recall@10 : 0.457    recall@20 : 0.5925    recall@30 : 0.6714    recall@50 : 0.7641    ndcg@1 : 0.177    ndcg@2 : 0.2086    ndcg@3 : 0.2303    ndcg@4 : 0.2466    ndcg@5 : 0.2597    ndcg@10 : 0.3035    ndcg@20 : 0.344    ndcg@30 : 0.3648    ndcg@50 : 0.3868    precision@1 : 0.177    precision@2 : 0.1573    precision@3 : 0.1393    precision@4 : 0.1249    precision@5 : 0.1145    precision@10 : 0.0831    precision@20 : 0.0573    precision@30 : 0.0443    precision@50 : 0.0313    map@1 : 0.177    map@2 : 0.1836    map@3 : 0.192    map@4 : 0.1986    map@5 : 0.204    map@10 : 0.2214    map@20 : 0.2348    map@30 : 0.2405    map@50 : 0.2453
Sun 15 Mar 2026 22:56:05 INFO  Running E-step ! 
Sun 15 Mar 2026 22:56:05 INFO  epoch 27 training [time: 0.18s, train_loss1: 3.3972, train_loss2: 0.0382, train_loss3: 0.0000, train_loss4: 0.0072]
Sun 15 Mar 2026 22:56:05 INFO  epoch 27 evaluating [time: 0.15s, valid_score: 0.302900]
Sun 15 Mar 2026 22:56:05 INFO  valid result: 
recall@1 : 0.1132    recall@2 : 0.1945    recall@3 : 0.2543    recall@4 : 0.298    recall@5 : 0.3329    recall@10 : 0.4569    recall@20 : 0.5914    recall@30 : 0.6725    recall@50 : 0.7639    ndcg@1 : 0.1758    ndcg@2 : 0.2078    ndcg@3 : 0.2299    ndcg@4 : 0.2461    ndcg@5 : 0.2593    ndcg@10 : 0.3029    ndcg@20 : 0.3433    ndcg@30 : 0.3645    ndcg@50 : 0.3862    precision@1 : 0.1758    precision@2 : 0.157    precision@3 : 0.1395    precision@4 : 0.125    precision@5 : 0.1145    precision@10 : 0.083    precision@20 : 0.0572    precision@30 : 0.0444    precision@50 : 0.0312    map@1 : 0.1758    map@2 : 0.1827    map@3 : 0.1915    map@4 : 0.198    map@5 : 0.2035    map@10 : 0.2207    map@20 : 0.2341    map@30 : 0.2399    map@50 : 0.2446
Sun 15 Mar 2026 22:56:05 INFO  Running E-step ! 
Sun 15 Mar 2026 22:56:05 INFO  epoch 28 training [time: 0.19s, train_loss1: 3.3487, train_loss2: 0.0384, train_loss3: 0.0000, train_loss4: 0.0073]
Sun 15 Mar 2026 22:56:05 INFO  epoch 28 evaluating [time: 0.15s, valid_score: 0.303000]
Sun 15 Mar 2026 22:56:05 INFO  valid result: 
recall@1 : 0.1129    recall@2 : 0.1947    recall@3 : 0.2549    recall@4 : 0.2978    recall@5 : 0.3331    recall@10 : 0.4571    recall@20 : 0.5922    recall@30 : 0.6726    recall@50 : 0.764    ndcg@1 : 0.1758    ndcg@2 : 0.2077    ndcg@3 : 0.2302    ndcg@4 : 0.246    ndcg@5 : 0.2594    ndcg@10 : 0.303    ndcg@20 : 0.3434    ndcg@30 : 0.3645    ndcg@50 : 0.3862    precision@1 : 0.1758    precision@2 : 0.157    precision@3 : 0.1398    precision@4 : 0.125    precision@5 : 0.1147    precision@10 : 0.0831    precision@20 : 0.0572    precision@30 : 0.0444    precision@50 : 0.0312    map@1 : 0.1758    map@2 : 0.1827    map@3 : 0.1917    map@4 : 0.198    map@5 : 0.2036    map@10 : 0.2208    map@20 : 0.2342    map@30 : 0.2399    map@50 : 0.2446
Sun 15 Mar 2026 22:56:05 INFO  Running E-step ! 
Sun 15 Mar 2026 22:56:06 INFO  epoch 29 training [time: 0.19s, train_loss1: 3.2659, train_loss2: 0.0386, train_loss3: 0.0000, train_loss4: 0.0072]
Sun 15 Mar 2026 22:56:06 INFO  epoch 29 evaluating [time: 0.15s, valid_score: 0.302600]
Sun 15 Mar 2026 22:56:06 INFO  valid result: 
recall@1 : 0.1123    recall@2 : 0.1947    recall@3 : 0.2551    recall@4 : 0.2972    recall@5 : 0.3336    recall@10 : 0.4566    recall@20 : 0.5921    recall@30 : 0.672    recall@50 : 0.7631    ndcg@1 : 0.1752    ndcg@2 : 0.2074    ndcg@3 : 0.2302    ndcg@4 : 0.2457    ndcg@5 : 0.2595    ndcg@10 : 0.3026    ndcg@20 : 0.3432    ndcg@30 : 0.3641    ndcg@50 : 0.3858    precision@1 : 0.1752    precision@2 : 0.157    precision@3 : 0.14    precision@4 : 0.1253    precision@5 : 0.1149    precision@10 : 0.083    precision@20 : 0.0572    precision@30 : 0.0443    precision@50 : 0.0312    map@1 : 0.1752    map@2 : 0.1824    map@3 : 0.1915    map@4 : 0.1976    map@5 : 0.2034    map@10 : 0.2204    map@20 : 0.2339    map@30 : 0.2396    map@50 : 0.2443
Sun 15 Mar 2026 22:56:06 INFO  Running E-step ! 
Sun 15 Mar 2026 22:56:06 INFO  epoch 30 training [time: 0.19s, train_loss1: 3.2294, train_loss2: 0.0387, train_loss3: 0.0000, train_loss4: 0.0072]
Sun 15 Mar 2026 22:56:06 INFO  epoch 30 evaluating [time: 0.15s, valid_score: 0.302600]
Sun 15 Mar 2026 22:56:06 INFO  valid result: 
recall@1 : 0.1123    recall@2 : 0.1946    recall@3 : 0.2545    recall@4 : 0.299    recall@5 : 0.3342    recall@10 : 0.4566    recall@20 : 0.5917    recall@30 : 0.6712    recall@50 : 0.7617    ndcg@1 : 0.1752    ndcg@2 : 0.2072    ndcg@3 : 0.2298    ndcg@4 : 0.2463    ndcg@5 : 0.2597    ndcg@10 : 0.3026    ndcg@20 : 0.3432    ndcg@30 : 0.3641    ndcg@50 : 0.3857    precision@1 : 0.1752    precision@2 : 0.1567    precision@3 : 0.1398    precision@4 : 0.1256    precision@5 : 0.115    precision@10 : 0.0829    precision@20 : 0.0572    precision@30 : 0.0443    precision@50 : 0.0312    map@1 : 0.1752    map@2 : 0.1822    map@3 : 0.1913    map@4 : 0.198    map@5 : 0.2036    map@10 : 0.2204    map@20 : 0.2339    map@30 : 0.2396    map@50 : 0.2444
Sun 15 Mar 2026 22:56:06 INFO  Running E-step ! 
Sun 15 Mar 2026 22:56:06 INFO  epoch 31 training [time: 0.16s, train_loss1: 3.2035, train_loss2: 0.0389, train_loss3: 0.0000, train_loss4: 0.0071]
Sun 15 Mar 2026 22:56:06 INFO  epoch 31 evaluating [time: 0.15s, valid_score: 0.302400]
Sun 15 Mar 2026 22:56:06 INFO  valid result: 
recall@1 : 0.1129    recall@2 : 0.1941    recall@3 : 0.2543    recall@4 : 0.2973    recall@5 : 0.3327    recall@10 : 0.4556    recall@20 : 0.5926    recall@30 : 0.67    recall@50 : 0.7618    ndcg@1 : 0.1758    ndcg@2 : 0.2073    ndcg@3 : 0.2299    ndcg@4 : 0.2456    ndcg@5 : 0.2591    ndcg@10 : 0.3024    ndcg@20 : 0.3435    ndcg@30 : 0.3638    ndcg@50 : 0.3857    precision@1 : 0.1758    precision@2 : 0.1567    precision@3 : 0.1397    precision@4 : 0.1249    precision@5 : 0.1145    precision@10 : 0.083    precision@20 : 0.0575    precision@30 : 0.0443    precision@50 : 0.0312    map@1 : 0.1758    map@2 : 0.1825    map@3 : 0.1913    map@4 : 0.1976    map@5 : 0.2033    map@10 : 0.2204    map@20 : 0.2341    map@30 : 0.2396    map@50 : 0.2444
Sun 15 Mar 2026 22:56:06 INFO  Finished training, best eval result in epoch 20
Sun 15 Mar 2026 22:56:06 INFO  Loading model structure and parameters from saved/SCL-Mar-15-2026_22-55-54.pth
Sun 15 Mar 2026 22:56:07 INFO  best valid : OrderedDict([('recall@1', 0.1163), ('recall@2', 0.1912), ('recall@3', 0.2528), ('recall@4', 0.2956), ('recall@5', 0.3298), ('recall@10', 0.4651), ('recall@20', 0.6037), ('recall@30', 0.6676), ('recall@50', 0.7512), ('ndcg@1', 0.1812), ('ndcg@2', 0.2077), ('ndcg@3', 0.2307), ('ndcg@4', 0.2468), ('ndcg@5', 0.2596), ('ndcg@10', 0.3077), ('ndcg@20', 0.3494), ('ndcg@30', 0.3666), ('ndcg@50', 0.3865), ('precision@1', 0.1812), ('precision@2', 0.1567), ('precision@3', 0.1406), ('precision@4', 0.1268), ('precision@5', 0.1155), ('precision@10', 0.0859), ('precision@20', 0.0594), ('precision@30', 0.0451), ('precision@50', 0.0314), ('map@1', 0.1812), ('map@2', 0.183), ('map@3', 0.1921), ('map@4', 0.1985), ('map@5', 0.2038), ('map@10', 0.2238), ('map@20', 0.2378), ('map@30', 0.2428), ('map@50', 0.2473)])
Sun 15 Mar 2026 22:56:07 INFO  test result: OrderedDict([('recall@1', 0.1469), ('recall@2', 0.2295), ('recall@3', 0.2834), ('recall@4', 0.3238), ('recall@5', 0.3635), ('recall@10', 0.4841), ('recall@20', 0.629), ('recall@30', 0.6889), ('recall@50', 0.7752), ('ndcg@1', 0.24), ('ndcg@2', 0.2569), ('ndcg@3', 0.2732), ('ndcg@4', 0.2862), ('ndcg@5', 0.2997), ('ndcg@10', 0.3397), ('ndcg@20', 0.3819), ('ndcg@30', 0.398), ('ndcg@50', 0.4179), ('precision@1', 0.24), ('precision@2', 0.1893), ('precision@3', 0.1622), ('precision@4', 0.1428), ('precision@5', 0.1289), ('precision@10', 0.0894), ('precision@20', 0.0607), ('precision@30', 0.0455), ('precision@50', 0.0314), ('map@1', 0.24), ('map@2', 0.2324), ('map@3', 0.2349), ('map@4', 0.2388), ('map@5', 0.244), ('map@10', 0.2592), ('map@20', 0.2729), ('map@30', 0.2776), ('map@50', 0.282)])
Sun 15 Mar 2026 22:56:07 INFO  training time: 11.4205s
Sun 15 Mar 2026 22:56:07 INFO  result file: results/again2/scl_wo_semantic_seed2029.json
