Sun 15 Mar 2026 11:23:41 INFO  
General Hyper Parameters:
gpu_id = 0
use_gpu = True
seed = 2025
state = INFO
reproducibility = True
data_path = ./travel
checkpoint_dir = saved
show_progress = True
save_dataset = False
dataset_save_path = None
save_dataloaders = False
dataloaders_save_path = None
log_wandb = False

Training Hyper Parameters:
epochs = 1000
train_batch_size = 4096
learner = adam
learning_rate = 0.001
train_neg_sample_args = {'distribution': 'uniform', 'sample_num': 1, 'alpha': 1.0, 'dynamic': False, 'candidate_num': 0}
eval_step = 1
stopping_step = 20
clip_grad_norm = None
weight_decay = 0.0
loss_decimal_place = 4

Evaluation Hyper Parameters:
eval_args = {'split': {'RS': [0.8, 0.1, 0.1]}, 'order': 'RO', 'group_by': 'user', 'mode': {'valid': 'full', 'test': 'full'}}
repeatable = False
metrics = ['Recall', 'NDCG', 'Precision', 'MAP']
topk = [1, 2, 3, 4, 5, 10, 20, 30, 50]
valid_metric = NDCG@10
valid_metric_bigger = True
eval_batch_size = 4096
metric_decimal_place = 4

Dataset Hyper Parameters:
field_separator = 	
seq_separator =  
USER_ID_FIELD = user_id
ITEM_ID_FIELD = item_id
RATING_FIELD = rating
TIME_FIELD = timestamp
seq_len = None
LABEL_FIELD = label
threshold = None
NEG_PREFIX = neg_
load_col = {'inter': ['user_id', 'item_id', 'rating'], 'user': ['user_id', 'post_num', 'follower', 'following', 'timestamp']}
unload_col = None
unused_col = None
additional_feat_suffix = None
rm_dup_inter = None
val_interval = {'rating': '[0,inf)'}
filter_inter_by_user_or_item = True
user_inter_num_interval = [0,inf)
item_inter_num_interval = [0,inf)
alias_of_user_id = None
alias_of_item_id = None
alias_of_entity_id = None
alias_of_relation_id = None
preload_weight = None
normalize_field = None
normalize_all = None
ITEM_LIST_LENGTH_FIELD = item_length
LIST_SUFFIX = _list
MAX_ITEM_LIST_LENGTH = 50
POSITION_FIELD = position_id
HEAD_ENTITY_ID_FIELD = head_id
TAIL_ENTITY_ID_FIELD = tail_id
RELATION_ID_FIELD = relation_id
ENTITY_ID_FIELD = entity_id
benchmark_filename = None

Other Hyper Parameters: 
worker = 0
wandb_project = recbole
shuffle = True
require_pow = False
enable_amp = False
enable_scaler = False
transform = None
numerical_features = []
discretization = None
kg_reverse_r = False
entity_kg_num_interval = [0,inf)
relation_kg_num_interval = [0,inf)
MODEL_TYPE = ModelType.GENERAL
embedding_size = 64
n_layers = 3
reg_weight = 0.0001
ssl_temp = 0.1
ssl_reg = 1e-07
hyper_layers = 1
alpha = 1
proto_reg = 8e-08
num_clusters = 10
m_step = 1
warm_up_step = 20
user_feature_path = features/roberta_user.npy
item_feature_path = features/roberta_item.npy
MODEL_INPUT_TYPE = InputType.PAIRWISE
eval_type = EvaluatorType.RANKING
single_spec = True
local_rank = 0
device = cuda
valid_neg_sample_args = {'distribution': 'uniform', 'sample_num': 'none'}
test_neg_sample_args = {'distribution': 'uniform', 'sample_num': 'none'}


Sun 15 Mar 2026 11:23:41 INFO  travel
The number of users: 2010
Average actions of users: 18.721254355400696
The number of items: 247
Average actions of items: 152.890243902439
The number of inters: 37611
The sparsity of the dataset: 92.42431566862047%
Remain Fields: ['user_id', 'item_id', 'rating', 'post_num', 'follower', 'following', 'timestamp']
Sun 15 Mar 2026 11:23:41 INFO  [Training]: train_batch_size = [4096] train_neg_sample_args: [{'distribution': 'uniform', 'sample_num': 1, 'alpha': 1.0, 'dynamic': False, 'candidate_num': 0}]
Sun 15 Mar 2026 11:23:41 INFO  [Evaluation]: eval_batch_size = [4096] eval_args: [{'split': {'RS': [0.8, 0.1, 0.1]}, 'order': 'RO', 'group_by': 'user', 'mode': {'valid': 'full', 'test': 'full'}}]
Sun 15 Mar 2026 11:23:43 INFO  SCL(
  (u_MLP): Linear(in_features=1024, out_features=64, bias=True)
  (i_MLP): Linear(in_features=1024, out_features=64, bias=True)
  (user_embedding): Embedding(2010, 64)
  (item_embedding): Embedding(247, 64)
  (mf_loss): BPRLoss()
  (reg_loss): EmbLoss()
)
Trainable parameters: 275648
Sun 15 Mar 2026 11:23:43 INFO  trainable parameters: 275648
Sun 15 Mar 2026 11:23:44 INFO  Running E-step ! 
Sun 15 Mar 2026 11:23:45 INFO  epoch 0 training [time: 0.56s, train_loss1: 5.5429, train_loss2: 0.0193, train_loss3: 0.0117]
Sun 15 Mar 2026 11:23:45 INFO  epoch 0 evaluating [time: 0.49s, valid_score: 0.031100]
Sun 15 Mar 2026 11:23:45 INFO  valid result: 
recall@1 : 0.0057    recall@2 : 0.0123    recall@3 : 0.0172    recall@4 : 0.0245    recall@5 : 0.0292    recall@10 : 0.0537    recall@20 : 0.0972    recall@30 : 0.1418    recall@50 : 0.2371    ndcg@1 : 0.0137    ndcg@2 : 0.0164    ndcg@3 : 0.0179    ndcg@4 : 0.0207    ndcg@5 : 0.0223    ndcg@10 : 0.0311    ndcg@20 : 0.0439    ndcg@30 : 0.0556    ndcg@50 : 0.0772    precision@1 : 0.0137    precision@2 : 0.0146    precision@3 : 0.0137    precision@4 : 0.0139    precision@5 : 0.0133    precision@10 : 0.0125    precision@20 : 0.011    precision@30 : 0.0109    precision@50 : 0.0109    map@1 : 0.0137    map@2 : 0.0134    map@3 : 0.013    map@4 : 0.014    map@5 : 0.0144    map@10 : 0.017    map@20 : 0.0202    map@30 : 0.0223    map@50 : 0.0254
Sun 15 Mar 2026 11:23:45 INFO  Saving current: saved/SCL-Mar-15-2026_11-23-43.pth
Sun 15 Mar 2026 11:23:45 INFO  Saving current best: saved/SCL-Mar-15-2026_11-23-43.pth
Sun 15 Mar 2026 11:23:45 INFO  Running E-step ! 
Sun 15 Mar 2026 11:23:45 INFO  epoch 1 training [time: 0.24s, train_loss1: 5.5427, train_loss2: 0.0151, train_loss3: 0.0115]
Sun 15 Mar 2026 11:23:46 INFO  epoch 1 evaluating [time: 0.15s, valid_score: 0.033800]
Sun 15 Mar 2026 11:23:46 INFO  valid result: 
recall@1 : 0.0078    recall@2 : 0.0134    recall@3 : 0.0213    recall@4 : 0.027    recall@5 : 0.0303    recall@10 : 0.0572    recall@20 : 0.1022    recall@30 : 0.1406    recall@50 : 0.2367    ndcg@1 : 0.0173    ndcg@2 : 0.0187    ndcg@3 : 0.0214    ndcg@4 : 0.0234    ndcg@5 : 0.0243    ndcg@10 : 0.0338    ndcg@20 : 0.0471    ndcg@30 : 0.0574    ndcg@50 : 0.079    precision@1 : 0.0173    precision@2 : 0.0161    precision@3 : 0.0157    precision@4 : 0.0147    precision@5 : 0.0136    precision@10 : 0.0128    precision@20 : 0.0113    precision@30 : 0.0109    precision@50 : 0.0108    map@1 : 0.0173    map@2 : 0.0158    map@3 : 0.0161    map@4 : 0.0165    map@5 : 0.0164    map@10 : 0.0193    map@20 : 0.0226    map@30 : 0.0245    map@50 : 0.0276
Sun 15 Mar 2026 11:23:46 INFO  Saving current: saved/SCL-Mar-15-2026_11-23-43.pth
Sun 15 Mar 2026 11:23:46 INFO  Saving current best: saved/SCL-Mar-15-2026_11-23-43.pth
Sun 15 Mar 2026 11:23:46 INFO  Running E-step ! 
Sun 15 Mar 2026 11:23:46 INFO  epoch 2 training [time: 0.23s, train_loss1: 5.5422, train_loss2: 0.0132, train_loss3: 0.0114]
Sun 15 Mar 2026 11:23:46 INFO  epoch 2 evaluating [time: 0.28s, valid_score: 0.035700]
Sun 15 Mar 2026 11:23:46 INFO  valid result: 
recall@1 : 0.0094    recall@2 : 0.0145    recall@3 : 0.0213    recall@4 : 0.0269    recall@5 : 0.0317    recall@10 : 0.0602    recall@20 : 0.1045    recall@30 : 0.1455    recall@50 : 0.2344    ndcg@1 : 0.0197    ndcg@2 : 0.0202    ndcg@3 : 0.0225    ndcg@4 : 0.0242    ndcg@5 : 0.0258    ndcg@10 : 0.0357    ndcg@20 : 0.049    ndcg@30 : 0.0597    ndcg@50 : 0.0799    precision@1 : 0.0197    precision@2 : 0.017    precision@3 : 0.0163    precision@4 : 0.0149    precision@5 : 0.0144    precision@10 : 0.0132    precision@20 : 0.0117    precision@30 : 0.0111    precision@50 : 0.0107    map@1 : 0.0197    map@2 : 0.017    map@3 : 0.017    map@4 : 0.0173    map@5 : 0.0176    map@10 : 0.0208    map@20 : 0.0239    map@30 : 0.0259    map@50 : 0.0288
Sun 15 Mar 2026 11:23:46 INFO  Saving current: saved/SCL-Mar-15-2026_11-23-43.pth
Sun 15 Mar 2026 11:23:46 INFO  Saving current best: saved/SCL-Mar-15-2026_11-23-43.pth
Sun 15 Mar 2026 11:23:46 INFO  Running E-step ! 
Sun 15 Mar 2026 11:23:46 INFO  epoch 3 training [time: 0.24s, train_loss1: 5.5417, train_loss2: 0.0115, train_loss3: 0.0113]
Sun 15 Mar 2026 11:23:47 INFO  epoch 3 evaluating [time: 0.27s, valid_score: 0.036200]
Sun 15 Mar 2026 11:23:47 INFO  valid result: 
recall@1 : 0.0091    recall@2 : 0.0164    recall@3 : 0.0203    recall@4 : 0.0276    recall@5 : 0.0309    recall@10 : 0.0606    recall@20 : 0.1022    recall@30 : 0.1459    recall@50 : 0.2357    ndcg@1 : 0.0209    ndcg@2 : 0.0221    ndcg@3 : 0.0226    ndcg@4 : 0.0249    ndcg@5 : 0.0261    ndcg@10 : 0.0362    ndcg@20 : 0.0489    ndcg@30 : 0.0602    ndcg@50 : 0.0805    precision@1 : 0.0209    precision@2 : 0.0188    precision@3 : 0.0163    precision@4 : 0.0153    precision@5 : 0.0147    precision@10 : 0.0133    precision@20 : 0.0118    precision@30 : 0.0112    precision@50 : 0.0108    map@1 : 0.0209    map@2 : 0.0185    map@3 : 0.0172    map@4 : 0.0177    map@5 : 0.0177    map@10 : 0.021    map@20 : 0.024    map@30 : 0.0261    map@50 : 0.029
Sun 15 Mar 2026 11:23:47 INFO  Saving current: saved/SCL-Mar-15-2026_11-23-43.pth
Sun 15 Mar 2026 11:23:47 INFO  Saving current best: saved/SCL-Mar-15-2026_11-23-43.pth
Sun 15 Mar 2026 11:23:47 INFO  Running E-step ! 
Sun 15 Mar 2026 11:23:47 INFO  epoch 4 training [time: 0.23s, train_loss1: 5.5410, train_loss2: 0.0102, train_loss3: 0.0112]
Sun 15 Mar 2026 11:23:47 INFO  epoch 4 evaluating [time: 0.26s, valid_score: 0.037300]
Sun 15 Mar 2026 11:23:47 INFO  valid result: 
recall@1 : 0.0083    recall@2 : 0.0165    recall@3 : 0.0227    recall@4 : 0.0285    recall@5 : 0.0338    recall@10 : 0.0634    recall@20 : 0.1043    recall@30 : 0.1467    recall@50 : 0.2397    ndcg@1 : 0.0203    ndcg@2 : 0.0222    ndcg@3 : 0.0241    ndcg@4 : 0.0256    ndcg@5 : 0.0272    ndcg@10 : 0.0373    ndcg@20 : 0.0497    ndcg@30 : 0.0608    ndcg@50 : 0.0817    precision@1 : 0.0203    precision@2 : 0.0194    precision@3 : 0.0181    precision@4 : 0.0162    precision@5 : 0.015    precision@10 : 0.0139    precision@20 : 0.012    precision@30 : 0.0113    precision@50 : 0.0109    map@1 : 0.0203    map@2 : 0.018    map@3 : 0.0177    map@4 : 0.0178    map@5 : 0.0182    map@10 : 0.0213    map@20 : 0.0242    map@30 : 0.0262    map@50 : 0.0293
Sun 15 Mar 2026 11:23:47 INFO  Saving current: saved/SCL-Mar-15-2026_11-23-43.pth
Sun 15 Mar 2026 11:23:47 INFO  Saving current best: saved/SCL-Mar-15-2026_11-23-43.pth
Sun 15 Mar 2026 11:23:47 INFO  Running E-step ! 
Sun 15 Mar 2026 11:23:47 INFO  epoch 5 training [time: 0.23s, train_loss1: 5.5403, train_loss2: 0.0091, train_loss3: 0.0111]
Sun 15 Mar 2026 11:23:48 INFO  epoch 5 evaluating [time: 0.26s, valid_score: 0.038300]
Sun 15 Mar 2026 11:23:48 INFO  valid result: 
recall@1 : 0.0087    recall@2 : 0.0168    recall@3 : 0.0235    recall@4 : 0.0309    recall@5 : 0.0363    recall@10 : 0.0648    recall@20 : 0.1092    recall@30 : 0.1516    recall@50 : 0.2427    ndcg@1 : 0.0203    ndcg@2 : 0.0226    ndcg@3 : 0.0247    ndcg@4 : 0.027    ndcg@5 : 0.0284    ndcg@10 : 0.0383    ndcg@20 : 0.0519    ndcg@30 : 0.0627    ndcg@50 : 0.0833    precision@1 : 0.0203    precision@2 : 0.0197    precision@3 : 0.0187    precision@4 : 0.0171    precision@5 : 0.0155    precision@10 : 0.0139    precision@20 : 0.0126    precision@30 : 0.0115    precision@50 : 0.011    map@1 : 0.0203    map@2 : 0.0183    map@3 : 0.0181    map@4 : 0.0187    map@5 : 0.0191    map@10 : 0.0221    map@20 : 0.0253    map@30 : 0.0273    map@50 : 0.0303
Sun 15 Mar 2026 11:23:48 INFO  Saving current: saved/SCL-Mar-15-2026_11-23-43.pth
Sun 15 Mar 2026 11:23:48 INFO  Saving current best: saved/SCL-Mar-15-2026_11-23-43.pth
Sun 15 Mar 2026 11:23:48 INFO  Running E-step ! 
Sun 15 Mar 2026 11:23:48 INFO  epoch 6 training [time: 0.23s, train_loss1: 5.5396, train_loss2: 0.0082, train_loss3: 0.0111]
Sun 15 Mar 2026 11:23:48 INFO  epoch 6 evaluating [time: 0.27s, valid_score: 0.039200]
Sun 15 Mar 2026 11:23:48 INFO  valid result: 
recall@1 : 0.0094    recall@2 : 0.0179    recall@3 : 0.0251    recall@4 : 0.0307    recall@5 : 0.0377    recall@10 : 0.0646    recall@20 : 0.1139    recall@30 : 0.1561    recall@50 : 0.2412    ndcg@1 : 0.0244    ndcg@2 : 0.0246    ndcg@3 : 0.0265    ndcg@4 : 0.0279    ndcg@5 : 0.0304    ndcg@10 : 0.0392    ndcg@20 : 0.0542    ndcg@30 : 0.0651    ndcg@50 : 0.0844    precision@1 : 0.0244    precision@2 : 0.0209    precision@3 : 0.0193    precision@4 : 0.0174    precision@5 : 0.017    precision@10 : 0.0139    precision@20 : 0.0129    precision@30 : 0.0119    precision@50 : 0.0109    map@1 : 0.0244    map@2 : 0.0201    map@3 : 0.0196    map@4 : 0.0196    map@5 : 0.0202    map@10 : 0.0229    map@20 : 0.0265    map@30 : 0.0285    map@50 : 0.0314
Sun 15 Mar 2026 11:23:48 INFO  Saving current: saved/SCL-Mar-15-2026_11-23-43.pth
Sun 15 Mar 2026 11:23:48 INFO  Saving current best: saved/SCL-Mar-15-2026_11-23-43.pth
Sun 15 Mar 2026 11:23:48 INFO  Running E-step ! 
Sun 15 Mar 2026 11:23:48 INFO  epoch 7 training [time: 0.22s, train_loss1: 5.5386, train_loss2: 0.0074, train_loss3: 0.0110]
Sun 15 Mar 2026 11:23:49 INFO  epoch 7 evaluating [time: 0.27s, valid_score: 0.042600]
Sun 15 Mar 2026 11:23:49 INFO  valid result: 
recall@1 : 0.011    recall@2 : 0.0188    recall@3 : 0.0258    recall@4 : 0.032    recall@5 : 0.0417    recall@10 : 0.0697    recall@20 : 0.1187    recall@30 : 0.1647    recall@50 : 0.2466    ndcg@1 : 0.028    ndcg@2 : 0.0267    ndcg@3 : 0.0277    ndcg@4 : 0.0297    ndcg@5 : 0.033    ndcg@10 : 0.0426    ndcg@20 : 0.0573    ndcg@30 : 0.069    ndcg@50 : 0.0877    precision@1 : 0.028    precision@2 : 0.0223    precision@3 : 0.0193    precision@4 : 0.0182    precision@5 : 0.018    precision@10 : 0.0153    precision@20 : 0.0136    precision@30 : 0.0125    precision@50 : 0.0112    map@1 : 0.028    map@2 : 0.0221    map@3 : 0.021    map@4 : 0.0211    map@5 : 0.0223    map@10 : 0.025    map@20 : 0.0285    map@30 : 0.0307    map@50 : 0.0334
Sun 15 Mar 2026 11:23:49 INFO  Saving current: saved/SCL-Mar-15-2026_11-23-43.pth
Sun 15 Mar 2026 11:23:49 INFO  Saving current best: saved/SCL-Mar-15-2026_11-23-43.pth
Sun 15 Mar 2026 11:23:49 INFO  Running E-step ! 
Sun 15 Mar 2026 11:23:49 INFO  epoch 8 training [time: 0.19s, train_loss1: 5.5373, train_loss2: 0.0068, train_loss3: 0.0110]
Sun 15 Mar 2026 11:23:49 INFO  epoch 8 evaluating [time: 0.27s, valid_score: 0.046000]
Sun 15 Mar 2026 11:23:49 INFO  valid result: 
recall@1 : 0.0127    recall@2 : 0.0213    recall@3 : 0.0287    recall@4 : 0.0379    recall@5 : 0.0439    recall@10 : 0.0734    recall@20 : 0.1254    recall@30 : 0.1713    recall@50 : 0.2533    ndcg@1 : 0.0316    ndcg@2 : 0.0295    ndcg@3 : 0.0308    ndcg@4 : 0.0339    ndcg@5 : 0.0357    ndcg@10 : 0.046    ndcg@20 : 0.0615    ndcg@30 : 0.0731    ndcg@50 : 0.0919    precision@1 : 0.0316    precision@2 : 0.0241    precision@3 : 0.0213    precision@4 : 0.0204    precision@5 : 0.019    precision@10 : 0.0163    precision@20 : 0.0143    precision@30 : 0.013    precision@50 : 0.0115    map@1 : 0.0316    map@2 : 0.0246    map@3 : 0.0235    map@4 : 0.0241    map@5 : 0.0246    map@10 : 0.0275    map@20 : 0.0312    map@30 : 0.0335    map@50 : 0.0363
Sun 15 Mar 2026 11:23:49 INFO  Saving current: saved/SCL-Mar-15-2026_11-23-43.pth
Sun 15 Mar 2026 11:23:49 INFO  Saving current best: saved/SCL-Mar-15-2026_11-23-43.pth
Sun 15 Mar 2026 11:23:49 INFO  Running E-step ! 
Sun 15 Mar 2026 11:23:49 INFO  epoch 9 training [time: 0.22s, train_loss1: 5.5358, train_loss2: 0.0064, train_loss3: 0.0109]
Sun 15 Mar 2026 11:23:50 INFO  epoch 9 evaluating [time: 0.27s, valid_score: 0.049100]
Sun 15 Mar 2026 11:23:50 INFO  valid result: 
recall@1 : 0.0137    recall@2 : 0.0238    recall@3 : 0.0311    recall@4 : 0.0389    recall@5 : 0.0471    recall@10 : 0.0779    recall@20 : 0.134    recall@30 : 0.1775    recall@50 : 0.2676    ndcg@1 : 0.0328    ndcg@2 : 0.0316    ndcg@3 : 0.033    ndcg@4 : 0.0356    ndcg@5 : 0.0384    ndcg@10 : 0.0491    ndcg@20 : 0.0657    ndcg@30 : 0.077    ndcg@50 : 0.0976    precision@1 : 0.0328    precision@2 : 0.0259    precision@3 : 0.0228    precision@4 : 0.0218    precision@5 : 0.0207    precision@10 : 0.0172    precision@20 : 0.015    precision@30 : 0.0134    precision@50 : 0.0122    map@1 : 0.0328    map@2 : 0.0264    map@3 : 0.0252    map@4 : 0.0254    map@5 : 0.0264    map@10 : 0.0297    map@20 : 0.0338    map@30 : 0.036    map@50 : 0.0391
Sun 15 Mar 2026 11:23:50 INFO  Saving current: saved/SCL-Mar-15-2026_11-23-43.pth
Sun 15 Mar 2026 11:23:50 INFO  Saving current best: saved/SCL-Mar-15-2026_11-23-43.pth
Sun 15 Mar 2026 11:23:50 INFO  Running E-step ! 
Sun 15 Mar 2026 11:23:50 INFO  epoch 10 training [time: 0.19s, train_loss1: 5.5342, train_loss2: 0.0061, train_loss3: 0.0109]
Sun 15 Mar 2026 11:23:50 INFO  epoch 10 evaluating [time: 0.27s, valid_score: 0.052900]
Sun 15 Mar 2026 11:23:50 INFO  valid result: 
recall@1 : 0.0142    recall@2 : 0.0266    recall@3 : 0.0324    recall@4 : 0.0436    recall@5 : 0.0516    recall@10 : 0.083    recall@20 : 0.144    recall@30 : 0.1956    recall@50 : 0.2783    ndcg@1 : 0.0358    ndcg@2 : 0.0353    ndcg@3 : 0.0352    ndcg@4 : 0.0391    ndcg@5 : 0.0417    ndcg@10 : 0.0529    ndcg@20 : 0.0709    ndcg@30 : 0.084    ndcg@50 : 0.1033    precision@1 : 0.0358    precision@2 : 0.0295    precision@3 : 0.0246    precision@4 : 0.0238    precision@5 : 0.0226    precision@10 : 0.0187    precision@20 : 0.0161    precision@30 : 0.0145    precision@50 : 0.0128    map@1 : 0.0358    map@2 : 0.0294    map@3 : 0.0269    map@4 : 0.0279    map@5 : 0.0285    map@10 : 0.032    map@20 : 0.0366    map@30 : 0.0391    map@50 : 0.0421
Sun 15 Mar 2026 11:23:50 INFO  Saving current: saved/SCL-Mar-15-2026_11-23-43.pth
Sun 15 Mar 2026 11:23:50 INFO  Saving current best: saved/SCL-Mar-15-2026_11-23-43.pth
Sun 15 Mar 2026 11:23:50 INFO  Running E-step ! 
Sun 15 Mar 2026 11:23:50 INFO  epoch 11 training [time: 0.19s, train_loss1: 5.5321, train_loss2: 0.0059, train_loss3: 0.0108]
Sun 15 Mar 2026 11:23:51 INFO  epoch 11 evaluating [time: 0.28s, valid_score: 0.059400]
Sun 15 Mar 2026 11:23:51 INFO  valid result: 
recall@1 : 0.0164    recall@2 : 0.0287    recall@3 : 0.0398    recall@4 : 0.0483    recall@5 : 0.0565    recall@10 : 0.0932    recall@20 : 0.1565    recall@30 : 0.209    recall@50 : 0.2902    ndcg@1 : 0.0393    ndcg@2 : 0.0389    ndcg@3 : 0.0416    ndcg@4 : 0.0438    ndcg@5 : 0.0461    ndcg@10 : 0.0594    ndcg@20 : 0.078    ndcg@30 : 0.0917    ndcg@50 : 0.1109    precision@1 : 0.0393    precision@2 : 0.0322    precision@3 : 0.0296    precision@4 : 0.0268    precision@5 : 0.0243    precision@10 : 0.0209    precision@20 : 0.0173    precision@30 : 0.0156    precision@50 : 0.0136    map@1 : 0.0393    map@2 : 0.0325    map@3 : 0.0315    map@4 : 0.0316    map@5 : 0.0321    map@10 : 0.0364    map@20 : 0.0412    map@30 : 0.0439    map@50 : 0.0469
Sun 15 Mar 2026 11:23:51 INFO  Saving current: saved/SCL-Mar-15-2026_11-23-43.pth
Sun 15 Mar 2026 11:23:51 INFO  Saving current best: saved/SCL-Mar-15-2026_11-23-43.pth
Sun 15 Mar 2026 11:23:51 INFO  Running E-step ! 
Sun 15 Mar 2026 11:23:51 INFO  epoch 12 training [time: 0.20s, train_loss1: 5.5294, train_loss2: 0.0059, train_loss3: 0.0108]
Sun 15 Mar 2026 11:23:51 INFO  epoch 12 evaluating [time: 0.26s, valid_score: 0.068900]
Sun 15 Mar 2026 11:23:51 INFO  valid result: 
recall@1 : 0.0184    recall@2 : 0.0321    recall@3 : 0.0442    recall@4 : 0.0552    recall@5 : 0.069    recall@10 : 0.1101    recall@20 : 0.1733    recall@30 : 0.2214    recall@50 : 0.3123    ndcg@1 : 0.0453    ndcg@2 : 0.0438    ndcg@3 : 0.0466    ndcg@4 : 0.0497    ndcg@5 : 0.0545    ndcg@10 : 0.0689    ndcg@20 : 0.0878    ndcg@30 : 0.1007    ndcg@50 : 0.1219    precision@1 : 0.0453    precision@2 : 0.0361    precision@3 : 0.0332    precision@4 : 0.0305    precision@5 : 0.0296    precision@10 : 0.0241    precision@20 : 0.0194    precision@30 : 0.017    precision@50 : 0.0147    map@1 : 0.0453    map@2 : 0.0365    map@3 : 0.0355    map@4 : 0.0359    map@5 : 0.0375    map@10 : 0.0421    map@20 : 0.047    map@30 : 0.0497    map@50 : 0.0531
Sun 15 Mar 2026 11:23:51 INFO  Saving current: saved/SCL-Mar-15-2026_11-23-43.pth
Sun 15 Mar 2026 11:23:51 INFO  Saving current best: saved/SCL-Mar-15-2026_11-23-43.pth
Sun 15 Mar 2026 11:23:51 INFO  Running E-step ! 
Sun 15 Mar 2026 11:23:51 INFO  epoch 13 training [time: 0.23s, train_loss1: 5.5262, train_loss2: 0.0061, train_loss3: 0.0108]
Sun 15 Mar 2026 11:23:52 INFO  epoch 13 evaluating [time: 0.42s, valid_score: 0.079200]
Sun 15 Mar 2026 11:23:52 INFO  valid result: 
recall@1 : 0.0212    recall@2 : 0.0371    recall@3 : 0.0521    recall@4 : 0.0659    recall@5 : 0.0801    recall@10 : 0.1254    recall@20 : 0.1981    recall@30 : 0.2467    recall@50 : 0.3407    ndcg@1 : 0.0507    ndcg@2 : 0.0502    ndcg@3 : 0.054    ndcg@4 : 0.0583    ndcg@5 : 0.0633    ndcg@10 : 0.0792    ndcg@20 : 0.101    ndcg@30 : 0.1141    ndcg@50 : 0.1363    precision@1 : 0.0507    precision@2 : 0.0417    precision@3 : 0.0385    precision@4 : 0.0362    precision@5 : 0.0346    precision@10 : 0.0274    precision@20 : 0.0221    precision@30 : 0.0189    precision@50 : 0.0161    map@1 : 0.0507    map@2 : 0.0419    map@3 : 0.0411    map@4 : 0.0422    map@5 : 0.0438    map@10 : 0.0491    map@20 : 0.055    map@30 : 0.0577    map@50 : 0.0615
Sun 15 Mar 2026 11:23:52 INFO  Saving current: saved/SCL-Mar-15-2026_11-23-43.pth
Sun 15 Mar 2026 11:23:52 INFO  Saving current best: saved/SCL-Mar-15-2026_11-23-43.pth
Sun 15 Mar 2026 11:23:52 INFO  Running E-step ! 
Sun 15 Mar 2026 11:23:52 INFO  epoch 14 training [time: 0.25s, train_loss1: 5.5219, train_loss2: 0.0065, train_loss3: 0.0107]
Sun 15 Mar 2026 11:23:52 INFO  epoch 14 evaluating [time: 0.14s, valid_score: 0.095700]
Sun 15 Mar 2026 11:23:52 INFO  valid result: 
recall@1 : 0.0267    recall@2 : 0.0454    recall@3 : 0.0647    recall@4 : 0.0804    recall@5 : 0.094    recall@10 : 0.15    recall@20 : 0.2276    recall@30 : 0.2841    recall@50 : 0.3799    ndcg@1 : 0.0608    ndcg@2 : 0.0614    ndcg@3 : 0.066    ndcg@4 : 0.071    ndcg@5 : 0.0756    ndcg@10 : 0.0957    ndcg@20 : 0.119    ndcg@30 : 0.1339    ndcg@50 : 0.1563    precision@1 : 0.0608    precision@2 : 0.0515    precision@3 : 0.0465    precision@4 : 0.0435    precision@5 : 0.0405    precision@10 : 0.0333    precision@20 : 0.0257    precision@30 : 0.0217    precision@50 : 0.0178    map@1 : 0.0608    map@2 : 0.0515    map@3 : 0.0508    map@4 : 0.052    map@5 : 0.0533    map@10 : 0.0603    map@20 : 0.0666    map@30 : 0.07    map@50 : 0.074
Sun 15 Mar 2026 11:23:52 INFO  Saving current: saved/SCL-Mar-15-2026_11-23-43.pth
Sun 15 Mar 2026 11:23:52 INFO  Saving current best: saved/SCL-Mar-15-2026_11-23-43.pth
Sun 15 Mar 2026 11:23:52 INFO  Running E-step ! 
Sun 15 Mar 2026 11:23:52 INFO  epoch 15 training [time: 0.21s, train_loss1: 5.5162, train_loss2: 0.0074, train_loss3: 0.0107]
Sun 15 Mar 2026 11:23:53 INFO  epoch 15 evaluating [time: 0.27s, valid_score: 0.116600]
Sun 15 Mar 2026 11:23:53 INFO  valid result: 
recall@1 : 0.032    recall@2 : 0.056    recall@3 : 0.0835    recall@4 : 0.1004    recall@5 : 0.1164    recall@10 : 0.1813    recall@20 : 0.2708    recall@30 : 0.3333    recall@50 : 0.4291    ndcg@1 : 0.0721    ndcg@2 : 0.0742    ndcg@3 : 0.0825    ndcg@4 : 0.0876    ndcg@5 : 0.0932    ndcg@10 : 0.1166    ndcg@20 : 0.1434    ndcg@30 : 0.1603    ndcg@50 : 0.1826    precision@1 : 0.0721    precision@2 : 0.0629    precision@3 : 0.0588    precision@4 : 0.0536    precision@5 : 0.0501    precision@10 : 0.0402    precision@20 : 0.0305    precision@30 : 0.0257    precision@50 : 0.0202    map@1 : 0.0721    map@2 : 0.0623    map@3 : 0.0634    map@4 : 0.0644    map@5 : 0.0661    map@10 : 0.0746    map@20 : 0.0824    map@30 : 0.0864    map@50 : 0.0904
Sun 15 Mar 2026 11:23:53 INFO  Saving current: saved/SCL-Mar-15-2026_11-23-43.pth
Sun 15 Mar 2026 11:23:53 INFO  Saving current best: saved/SCL-Mar-15-2026_11-23-43.pth
Sun 15 Mar 2026 11:23:53 INFO  Running E-step ! 
Sun 15 Mar 2026 11:23:53 INFO  epoch 16 training [time: 0.20s, train_loss1: 5.5084, train_loss2: 0.0088, train_loss3: 0.0107]
Sun 15 Mar 2026 11:23:53 INFO  epoch 16 evaluating [time: 0.27s, valid_score: 0.148500]
Sun 15 Mar 2026 11:23:53 INFO  valid result: 
recall@1 : 0.043    recall@2 : 0.0757    recall@3 : 0.1056    recall@4 : 0.1254    recall@5 : 0.1511    recall@10 : 0.2313    recall@20 : 0.3259    recall@30 : 0.3929    recall@50 : 0.4833    ndcg@1 : 0.09    ndcg@2 : 0.0959    ndcg@3 : 0.1049    ndcg@4 : 0.1107    ndcg@5 : 0.1203    ndcg@10 : 0.1485    ndcg@20 : 0.1774    ndcg@30 : 0.1953    ndcg@50 : 0.2163    precision@1 : 0.09    precision@2 : 0.0808    precision@3 : 0.0735    precision@4 : 0.0662    precision@5 : 0.0638    precision@10 : 0.0501    precision@20 : 0.0368    precision@30 : 0.0303    precision@50 : 0.0225    map@1 : 0.09    map@2 : 0.0818    map@3 : 0.0825    map@4 : 0.0835    map@5 : 0.0872    map@10 : 0.0976    map@20 : 0.1064    map@30 : 0.111    map@50 : 0.115
Sun 15 Mar 2026 11:23:53 INFO  Saving current: saved/SCL-Mar-15-2026_11-23-43.pth
Sun 15 Mar 2026 11:23:53 INFO  Saving current best: saved/SCL-Mar-15-2026_11-23-43.pth
Sun 15 Mar 2026 11:23:53 INFO  Running E-step ! 
Sun 15 Mar 2026 11:23:53 INFO  epoch 17 training [time: 0.20s, train_loss1: 5.4967, train_loss2: 0.0112, train_loss3: 0.0107]
Sun 15 Mar 2026 11:23:54 INFO  epoch 17 evaluating [time: 0.27s, valid_score: 0.179300]
Sun 15 Mar 2026 11:23:54 INFO  valid result: 
recall@1 : 0.0511    recall@2 : 0.0937    recall@3 : 0.1293    recall@4 : 0.1562    recall@5 : 0.1848    recall@10 : 0.2793    recall@20 : 0.3878    recall@30 : 0.457    recall@50 : 0.5561    ndcg@1 : 0.1025    ndcg@2 : 0.1149    ndcg@3 : 0.1269    ndcg@4 : 0.1358    ndcg@5 : 0.1461    ndcg@10 : 0.1793    ndcg@20 : 0.2126    ndcg@30 : 0.231    ndcg@50 : 0.2538    precision@1 : 0.1025    precision@2 : 0.0962    precision@3 : 0.0898    precision@4 : 0.0824    precision@5 : 0.0779    precision@10 : 0.0598    precision@20 : 0.0436    precision@30 : 0.035    precision@50 : 0.0256    map@1 : 0.1025    map@2 : 0.0976    map@3 : 0.1002    map@4 : 0.1023    map@5 : 0.1063    map@10 : 0.1194    map@20 : 0.1302    map@30 : 0.1352    map@50 : 0.1396
Sun 15 Mar 2026 11:23:54 INFO  Saving current: saved/SCL-Mar-15-2026_11-23-43.pth
Sun 15 Mar 2026 11:23:54 INFO  Saving current best: saved/SCL-Mar-15-2026_11-23-43.pth
Sun 15 Mar 2026 11:23:54 INFO  Running E-step ! 
Sun 15 Mar 2026 11:23:54 INFO  epoch 18 training [time: 0.21s, train_loss1: 5.4789, train_loss2: 0.0144, train_loss3: 0.0106]
Sun 15 Mar 2026 11:23:54 INFO  epoch 18 evaluating [time: 0.20s, valid_score: 0.216900]
Sun 15 Mar 2026 11:23:54 INFO  valid result: 
recall@1 : 0.0715    recall@2 : 0.1106    recall@3 : 0.1546    recall@4 : 0.1877    recall@5 : 0.2164    recall@10 : 0.3328    recall@20 : 0.4598    recall@30 : 0.5293    recall@50 : 0.6258    ndcg@1 : 0.1311    ndcg@2 : 0.1368    ndcg@3 : 0.1527    ndcg@4 : 0.1649    ndcg@5 : 0.1754    ndcg@10 : 0.2169    ndcg@20 : 0.2548    ndcg@30 : 0.2735    ndcg@50 : 0.2957    precision@1 : 0.1311    precision@2 : 0.1094    precision@3 : 0.1035    precision@4 : 0.0974    precision@5 : 0.0909    precision@10 : 0.0713    precision@20 : 0.0503    precision@30 : 0.0397    precision@50 : 0.0283    map@1 : 0.1311    map@2 : 0.1186    map@3 : 0.123    map@4 : 0.127    map@5 : 0.1315    map@10 : 0.1486    map@20 : 0.1611    map@30 : 0.1665    map@50 : 0.1711
Sun 15 Mar 2026 11:23:54 INFO  Saving current: saved/SCL-Mar-15-2026_11-23-43.pth
Sun 15 Mar 2026 11:23:54 INFO  Saving current best: saved/SCL-Mar-15-2026_11-23-43.pth
Sun 15 Mar 2026 11:23:54 INFO  Running E-step ! 
Sun 15 Mar 2026 11:23:54 INFO  epoch 19 training [time: 0.17s, train_loss1: 5.4501, train_loss2: 0.0198, train_loss3: 0.0106]
Sun 15 Mar 2026 11:23:55 INFO  epoch 19 evaluating [time: 0.26s, valid_score: 0.257500]
Sun 15 Mar 2026 11:23:55 INFO  valid result: 
recall@1 : 0.0916    recall@2 : 0.1438    recall@3 : 0.1883    recall@4 : 0.2233    recall@5 : 0.2577    recall@10 : 0.392    recall@20 : 0.5272    recall@30 : 0.5965    recall@50 : 0.6883    ndcg@1 : 0.1609    ndcg@2 : 0.1707    ndcg@3 : 0.1854    ndcg@4 : 0.1979    ndcg@5 : 0.2099    ndcg@10 : 0.2575    ndcg@20 : 0.2979    ndcg@30 : 0.3165    ndcg@50 : 0.338    precision@1 : 0.1609    precision@2 : 0.1341    precision@3 : 0.1208    precision@4 : 0.1105    precision@5 : 0.1019    precision@10 : 0.0799    precision@20 : 0.0555    precision@30 : 0.043    precision@50 : 0.0304    map@1 : 0.1609    map@2 : 0.15    map@3 : 0.1526    map@4 : 0.1568    map@5 : 0.1614    map@10 : 0.1809    map@20 : 0.1948    map@30 : 0.2002    map@50 : 0.2049
Sun 15 Mar 2026 11:23:55 INFO  Saving current: saved/SCL-Mar-15-2026_11-23-43.pth
Sun 15 Mar 2026 11:23:55 INFO  Saving current best: saved/SCL-Mar-15-2026_11-23-43.pth
Sun 15 Mar 2026 11:23:55 INFO  Running E-step ! 
Sun 15 Mar 2026 11:23:55 INFO  epoch 20 training [time: 0.22s, train_loss1: 5.3923, train_loss2: 0.0277, train_loss3: 0.0106, train_loss4: 0.0029]
Sun 15 Mar 2026 11:23:55 INFO  epoch 20 evaluating [time: 0.28s, valid_score: 0.286200]
Sun 15 Mar 2026 11:23:55 INFO  valid result: 
recall@1 : 0.1131    recall@2 : 0.1764    recall@3 : 0.2237    recall@4 : 0.2658    recall@5 : 0.2994    recall@10 : 0.4216    recall@20 : 0.575    recall@30 : 0.6438    recall@50 : 0.7369    ndcg@1 : 0.1883    ndcg@2 : 0.2021    ndcg@3 : 0.2173    ndcg@4 : 0.2319    ndcg@5 : 0.244    ndcg@10 : 0.2862    ndcg@20 : 0.3325    ndcg@30 : 0.3509    ndcg@50 : 0.3729    precision@1 : 0.1883    precision@2 : 0.1541    precision@3 : 0.1351    precision@4 : 0.1217    precision@5 : 0.1116    precision@10 : 0.0816    precision@20 : 0.0584    precision@30 : 0.0448    precision@50 : 0.0315    map@1 : 0.1883    map@2 : 0.1786    map@3 : 0.1813    map@4 : 0.1869    map@5 : 0.192    map@10 : 0.2083    map@20 : 0.2243    map@30 : 0.2296    map@50 : 0.2345
Sun 15 Mar 2026 11:23:55 INFO  Saving current: saved/SCL-Mar-15-2026_11-23-43.pth
Sun 15 Mar 2026 11:23:55 INFO  Saving current best: saved/SCL-Mar-15-2026_11-23-43.pth
Sun 15 Mar 2026 11:23:55 INFO  Running E-step ! 
Sun 15 Mar 2026 11:23:55 INFO  epoch 21 training [time: 0.21s, train_loss1: 5.2726, train_loss2: 0.0334, train_loss3: 0.0106, train_loss4: 0.0032]
Sun 15 Mar 2026 11:23:56 INFO  epoch 21 evaluating [time: 0.28s, valid_score: 0.299900]
Sun 15 Mar 2026 11:23:56 INFO  valid result: 
recall@1 : 0.1219    recall@2 : 0.2012    recall@3 : 0.2506    recall@4 : 0.2863    recall@5 : 0.3187    recall@10 : 0.4345    recall@20 : 0.5937    recall@30 : 0.6646    recall@50 : 0.7526    ndcg@1 : 0.1949    ndcg@2 : 0.2211    ndcg@3 : 0.2356    ndcg@4 : 0.2483    ndcg@5 : 0.2602    ndcg@10 : 0.2999    ndcg@20 : 0.3471    ndcg@30 : 0.3662    ndcg@50 : 0.3871    precision@1 : 0.1949    precision@2 : 0.1669    precision@3 : 0.141    precision@4 : 0.1256    precision@5 : 0.1148    precision@10 : 0.0814    precision@20 : 0.0586    precision@30 : 0.0451    precision@50 : 0.0316    map@1 : 0.1949    map@2 : 0.1961    map@3 : 0.1978    map@4 : 0.2021    map@5 : 0.2071    map@10 : 0.2225    map@20 : 0.2381    map@30 : 0.2436    map@50 : 0.2483
Sun 15 Mar 2026 11:23:56 INFO  Saving current: saved/SCL-Mar-15-2026_11-23-43.pth
Sun 15 Mar 2026 11:23:56 INFO  Saving current best: saved/SCL-Mar-15-2026_11-23-43.pth
Sun 15 Mar 2026 11:23:56 INFO  Running E-step ! 
Sun 15 Mar 2026 11:23:56 INFO  epoch 22 training [time: 0.22s, train_loss1: 5.0629, train_loss2: 0.0357, train_loss3: 0.0106, train_loss4: 0.0039]
Sun 15 Mar 2026 11:23:56 INFO  epoch 22 evaluating [time: 0.26s, valid_score: 0.306700]
Sun 15 Mar 2026 11:23:56 INFO  valid result: 
recall@1 : 0.1252    recall@2 : 0.2042    recall@3 : 0.2594    recall@4 : 0.2956    recall@5 : 0.3303    recall@10 : 0.4471    recall@20 : 0.5917    recall@30 : 0.6814    recall@50 : 0.7623    ndcg@1 : 0.1996    ndcg@2 : 0.223    ndcg@3 : 0.2413    ndcg@4 : 0.2539    ndcg@5 : 0.2667    ndcg@10 : 0.3067    ndcg@20 : 0.3496    ndcg@30 : 0.3733    ndcg@50 : 0.3927    precision@1 : 0.1996    precision@2 : 0.1657    precision@3 : 0.1426    precision@4 : 0.1266    precision@5 : 0.116    precision@10 : 0.0822    precision@20 : 0.0576    precision@30 : 0.0455    precision@50 : 0.0316    map@1 : 0.1996    map@2 : 0.1983    map@3 : 0.2028    map@4 : 0.2068    map@5 : 0.2122    map@10 : 0.2277    map@20 : 0.2418    map@30 : 0.2483    map@50 : 0.2526
Sun 15 Mar 2026 11:23:56 INFO  Saving current: saved/SCL-Mar-15-2026_11-23-43.pth
Sun 15 Mar 2026 11:23:56 INFO  Saving current best: saved/SCL-Mar-15-2026_11-23-43.pth
Sun 15 Mar 2026 11:23:56 INFO  Running E-step ! 
Sun 15 Mar 2026 11:23:56 INFO  epoch 23 training [time: 0.22s, train_loss1: 4.7710, train_loss2: 0.0366, train_loss3: 0.0106, train_loss4: 0.0046]
Sun 15 Mar 2026 11:23:57 INFO  epoch 23 evaluating [time: 0.28s, valid_score: 0.308800]
Sun 15 Mar 2026 11:23:57 INFO  valid result: 
recall@1 : 0.1262    recall@2 : 0.2076    recall@3 : 0.2626    recall@4 : 0.3029    recall@5 : 0.3307    recall@10 : 0.4499    recall@20 : 0.5864    recall@30 : 0.6806    recall@50 : 0.761    ndcg@1 : 0.202    ndcg@2 : 0.2254    ndcg@3 : 0.2438    ndcg@4 : 0.258    ndcg@5 : 0.2681    ndcg@10 : 0.3088    ndcg@20 : 0.3489    ndcg@30 : 0.3738    ndcg@50 : 0.3932    precision@1 : 0.202    precision@2 : 0.1669    precision@3 : 0.1436    precision@4 : 0.1281    precision@5 : 0.1155    precision@10 : 0.0827    precision@20 : 0.0565    precision@30 : 0.0451    precision@50 : 0.0314    map@1 : 0.202    map@2 : 0.2004    map@3 : 0.2055    map@4 : 0.2101    map@5 : 0.2139    map@10 : 0.2296    map@20 : 0.2426    map@30 : 0.2493    map@50 : 0.2537
Sun 15 Mar 2026 11:23:57 INFO  Saving current: saved/SCL-Mar-15-2026_11-23-43.pth
Sun 15 Mar 2026 11:23:57 INFO  Saving current best: saved/SCL-Mar-15-2026_11-23-43.pth
Sun 15 Mar 2026 11:23:57 INFO  Running E-step ! 
Sun 15 Mar 2026 11:23:57 INFO  epoch 24 training [time: 0.22s, train_loss1: 4.4191, train_loss2: 0.0369, train_loss3: 0.0107, train_loss4: 0.0054]
Sun 15 Mar 2026 11:23:57 INFO  epoch 24 evaluating [time: 0.28s, valid_score: 0.308700]
Sun 15 Mar 2026 11:23:57 INFO  valid result: 
recall@1 : 0.126    recall@2 : 0.2088    recall@3 : 0.2624    recall@4 : 0.3021    recall@5 : 0.3296    recall@10 : 0.4493    recall@20 : 0.5862    recall@30 : 0.6771    recall@50 : 0.7641    ndcg@1 : 0.2032    ndcg@2 : 0.2261    ndcg@3 : 0.2439    ndcg@4 : 0.2577    ndcg@5 : 0.2675    ndcg@10 : 0.3087    ndcg@20 : 0.3486    ndcg@30 : 0.3727    ndcg@50 : 0.3935    precision@1 : 0.2032    precision@2 : 0.1675    precision@3 : 0.1436    precision@4 : 0.1274    precision@5 : 0.1147    precision@10 : 0.0826    precision@20 : 0.056    precision@30 : 0.0447    precision@50 : 0.0314    map@1 : 0.2032    map@2 : 0.2005    map@3 : 0.2054    map@4 : 0.2098    map@5 : 0.2136    map@10 : 0.2295    map@20 : 0.2423    map@30 : 0.2488    map@50 : 0.2534
Sun 15 Mar 2026 11:23:57 INFO  Running E-step ! 
Sun 15 Mar 2026 11:23:57 INFO  epoch 25 training [time: 0.22s, train_loss1: 4.0705, train_loss2: 0.0372, train_loss3: 0.0107, train_loss4: 0.0060]
Sun 15 Mar 2026 11:23:58 INFO  epoch 25 evaluating [time: 0.28s, valid_score: 0.308900]
Sun 15 Mar 2026 11:23:58 INFO  valid result: 
recall@1 : 0.1276    recall@2 : 0.209    recall@3 : 0.2642    recall@4 : 0.3037    recall@5 : 0.3298    recall@10 : 0.4483    recall@20 : 0.5846    recall@30 : 0.6701    recall@50 : 0.7676    ndcg@1 : 0.2038    ndcg@2 : 0.2265    ndcg@3 : 0.2453    ndcg@4 : 0.2589    ndcg@5 : 0.2683    ndcg@10 : 0.3089    ndcg@20 : 0.3485    ndcg@30 : 0.3713    ndcg@50 : 0.3944    precision@1 : 0.2038    precision@2 : 0.1675    precision@3 : 0.1444    precision@4 : 0.1275    precision@5 : 0.1145    precision@10 : 0.0822    precision@20 : 0.0556    precision@30 : 0.0442    precision@50 : 0.0314    map@1 : 0.2038    map@2 : 0.2011    map@3 : 0.2067    map@4 : 0.2111    map@5 : 0.2146    map@10 : 0.2303    map@20 : 0.2429    map@30 : 0.249    map@50 : 0.254
Sun 15 Mar 2026 11:23:58 INFO  Saving current: saved/SCL-Mar-15-2026_11-23-43.pth
Sun 15 Mar 2026 11:23:58 INFO  Saving current best: saved/SCL-Mar-15-2026_11-23-43.pth
Sun 15 Mar 2026 11:23:58 INFO  Running E-step ! 
Sun 15 Mar 2026 11:23:58 INFO  epoch 26 training [time: 0.21s, train_loss1: 3.7967, train_loss2: 0.0375, train_loss3: 0.0108, train_loss4: 0.0065]
Sun 15 Mar 2026 11:23:58 INFO  epoch 26 evaluating [time: 0.26s, valid_score: 0.308900]
Sun 15 Mar 2026 11:23:58 INFO  valid result: 
recall@1 : 0.1288    recall@2 : 0.2088    recall@3 : 0.2652    recall@4 : 0.3032    recall@5 : 0.3307    recall@10 : 0.447    recall@20 : 0.5819    recall@30 : 0.6649    recall@50 : 0.7672    ndcg@1 : 0.2056    ndcg@2 : 0.2265    ndcg@3 : 0.2461    ndcg@4 : 0.2592    ndcg@5 : 0.2691    ndcg@10 : 0.3089    ndcg@20 : 0.3481    ndcg@30 : 0.3705    ndcg@50 : 0.3946    precision@1 : 0.2056    precision@2 : 0.1669    precision@3 : 0.1444    precision@4 : 0.1275    precision@5 : 0.1147    precision@10 : 0.082    precision@20 : 0.0552    precision@30 : 0.0439    precision@50 : 0.0313    map@1 : 0.2056    map@2 : 0.2013    map@3 : 0.2075    map@4 : 0.2116    map@5 : 0.2155    map@10 : 0.2307    map@20 : 0.2431    map@30 : 0.2493    map@50 : 0.2544
Sun 15 Mar 2026 11:23:58 INFO  Saving current: saved/SCL-Mar-15-2026_11-23-43.pth
Sun 15 Mar 2026 11:23:58 INFO  Saving current best: saved/SCL-Mar-15-2026_11-23-43.pth
Sun 15 Mar 2026 11:23:58 INFO  Running E-step ! 
Sun 15 Mar 2026 11:23:58 INFO  epoch 27 training [time: 0.19s, train_loss1: 3.5659, train_loss2: 0.0378, train_loss3: 0.0108, train_loss4: 0.0068]
Sun 15 Mar 2026 11:23:59 INFO  epoch 27 evaluating [time: 0.42s, valid_score: 0.309400]
Sun 15 Mar 2026 11:23:59 INFO  valid result: 
recall@1 : 0.1294    recall@2 : 0.2088    recall@3 : 0.2649    recall@4 : 0.3037    recall@5 : 0.33    recall@10 : 0.4482    recall@20 : 0.5822    recall@30 : 0.6679    recall@50 : 0.766    ndcg@1 : 0.2062    ndcg@2 : 0.2267    ndcg@3 : 0.2461    ndcg@4 : 0.2596    ndcg@5 : 0.2689    ndcg@10 : 0.3094    ndcg@20 : 0.3483    ndcg@30 : 0.3712    ndcg@50 : 0.3945    precision@1 : 0.2062    precision@2 : 0.1669    precision@3 : 0.1442    precision@4 : 0.1275    precision@5 : 0.1143    precision@10 : 0.0821    precision@20 : 0.0551    precision@30 : 0.044    precision@50 : 0.0313    map@1 : 0.2062    map@2 : 0.2016    map@3 : 0.2076    map@4 : 0.2119    map@5 : 0.2156    map@10 : 0.2311    map@20 : 0.2434    map@30 : 0.2496    map@50 : 0.2546
Sun 15 Mar 2026 11:23:59 INFO  Saving current: saved/SCL-Mar-15-2026_11-23-43.pth
Sun 15 Mar 2026 11:23:59 INFO  Saving current best: saved/SCL-Mar-15-2026_11-23-43.pth
Sun 15 Mar 2026 11:23:59 INFO  Running E-step ! 
Sun 15 Mar 2026 11:23:59 INFO  epoch 28 training [time: 0.25s, train_loss1: 3.4496, train_loss2: 0.0380, train_loss3: 0.0108, train_loss4: 0.0070]
Sun 15 Mar 2026 11:23:59 INFO  epoch 28 evaluating [time: 0.14s, valid_score: 0.308900]
Sun 15 Mar 2026 11:23:59 INFO  valid result: 
recall@1 : 0.1287    recall@2 : 0.2082    recall@3 : 0.2646    recall@4 : 0.3034    recall@5 : 0.33    recall@10 : 0.4479    recall@20 : 0.581    recall@30 : 0.6683    recall@50 : 0.7665    ndcg@1 : 0.205    ndcg@2 : 0.226    ndcg@3 : 0.2454    ndcg@4 : 0.259    ndcg@5 : 0.2685    ndcg@10 : 0.3089    ndcg@20 : 0.3476    ndcg@30 : 0.3708    ndcg@50 : 0.3941    precision@1 : 0.205    precision@2 : 0.1666    precision@3 : 0.1438    precision@4 : 0.1272    precision@5 : 0.1143    precision@10 : 0.082    precision@20 : 0.055    precision@30 : 0.044    precision@50 : 0.0313    map@1 : 0.205    map@2 : 0.2008    map@3 : 0.2069    map@4 : 0.2113    map@5 : 0.2151    map@10 : 0.2305    map@20 : 0.2428    map@30 : 0.249    map@50 : 0.2541
Sun 15 Mar 2026 11:23:59 INFO  Running E-step ! 
Sun 15 Mar 2026 11:23:59 INFO  epoch 29 training [time: 0.20s, train_loss1: 3.3353, train_loss2: 0.0382, train_loss3: 0.0108, train_loss4: 0.0070]
Sun 15 Mar 2026 11:24:00 INFO  epoch 29 evaluating [time: 0.28s, valid_score: 0.309300]
Sun 15 Mar 2026 11:24:00 INFO  valid result: 
recall@1 : 0.1293    recall@2 : 0.2076    recall@3 : 0.2646    recall@4 : 0.3038    recall@5 : 0.33    recall@10 : 0.4484    recall@20 : 0.5809    recall@30 : 0.665    recall@50 : 0.7668    ndcg@1 : 0.2056    ndcg@2 : 0.2259    ndcg@3 : 0.2456    ndcg@4 : 0.2593    ndcg@5 : 0.2687    ndcg@10 : 0.3093    ndcg@20 : 0.3477    ndcg@30 : 0.3702    ndcg@50 : 0.3943    precision@1 : 0.2056    precision@2 : 0.1663    precision@3 : 0.1438    precision@4 : 0.1275    precision@5 : 0.1143    precision@10 : 0.0821    precision@20 : 0.055    precision@30 : 0.0437    precision@50 : 0.0313    map@1 : 0.2056    map@2 : 0.2008    map@3 : 0.2071    map@4 : 0.2116    map@5 : 0.2153    map@10 : 0.2308    map@20 : 0.243    map@30 : 0.2491    map@50 : 0.2543
Sun 15 Mar 2026 11:24:00 INFO  Running E-step ! 
Sun 15 Mar 2026 11:24:00 INFO  epoch 30 training [time: 0.22s, train_loss1: 3.2855, train_loss2: 0.0384, train_loss3: 0.0108, train_loss4: 0.0070]
Sun 15 Mar 2026 11:24:00 INFO  epoch 30 evaluating [time: 0.26s, valid_score: 0.309300]
Sun 15 Mar 2026 11:24:00 INFO  valid result: 
recall@1 : 0.1293    recall@2 : 0.2076    recall@3 : 0.2644    recall@4 : 0.3028    recall@5 : 0.3294    recall@10 : 0.4488    recall@20 : 0.5803    recall@30 : 0.6631    recall@50 : 0.7669    ndcg@1 : 0.2056    ndcg@2 : 0.2259    ndcg@3 : 0.2454    ndcg@4 : 0.2588    ndcg@5 : 0.2684    ndcg@10 : 0.3093    ndcg@20 : 0.3476    ndcg@30 : 0.3698    ndcg@50 : 0.3942    precision@1 : 0.2056    precision@2 : 0.1663    precision@3 : 0.1436    precision@4 : 0.1271    precision@5 : 0.1142    precision@10 : 0.0821    precision@20 : 0.0551    precision@30 : 0.0437    precision@50 : 0.0313    map@1 : 0.2056    map@2 : 0.2008    map@3 : 0.207    map@4 : 0.2113    map@5 : 0.2151    map@10 : 0.2307    map@20 : 0.243    map@30 : 0.249    map@50 : 0.2542
Sun 15 Mar 2026 11:24:00 INFO  Running E-step ! 
Sun 15 Mar 2026 11:24:00 INFO  epoch 31 training [time: 0.22s, train_loss1: 3.2206, train_loss2: 0.0386, train_loss3: 0.0108, train_loss4: 0.0071]
Sun 15 Mar 2026 11:24:01 INFO  epoch 31 evaluating [time: 0.26s, valid_score: 0.309800]
Sun 15 Mar 2026 11:24:01 INFO  valid result: 
recall@1 : 0.1305    recall@2 : 0.2082    recall@3 : 0.2644    recall@4 : 0.3028    recall@5 : 0.3291    recall@10 : 0.4488    recall@20 : 0.5802    recall@30 : 0.663    recall@50 : 0.767    ndcg@1 : 0.2068    ndcg@2 : 0.2267    ndcg@3 : 0.246    ndcg@4 : 0.2593    ndcg@5 : 0.2688    ndcg@10 : 0.3098    ndcg@20 : 0.3481    ndcg@30 : 0.3703    ndcg@50 : 0.3948    precision@1 : 0.2068    precision@2 : 0.1666    precision@3 : 0.1436    precision@4 : 0.1271    precision@5 : 0.1141    precision@10 : 0.0821    precision@20 : 0.0551    precision@30 : 0.0437    precision@50 : 0.0313    map@1 : 0.2068    map@2 : 0.2017    map@3 : 0.2077    map@4 : 0.212    map@5 : 0.2157    map@10 : 0.2314    map@20 : 0.2437    map@30 : 0.2497    map@50 : 0.2549
Sun 15 Mar 2026 11:24:01 INFO  Saving current: saved/SCL-Mar-15-2026_11-23-43.pth
Sun 15 Mar 2026 11:24:01 INFO  Saving current best: saved/SCL-Mar-15-2026_11-23-43.pth
Sun 15 Mar 2026 11:24:01 INFO  Running E-step ! 
Sun 15 Mar 2026 11:24:01 INFO  epoch 32 training [time: 0.22s, train_loss1: 3.1974, train_loss2: 0.0387, train_loss3: 0.0108, train_loss4: 0.0069]
Sun 15 Mar 2026 11:24:01 INFO  epoch 32 evaluating [time: 0.27s, valid_score: 0.309700]
Sun 15 Mar 2026 11:24:01 INFO  valid result: 
recall@1 : 0.13    recall@2 : 0.2088    recall@3 : 0.2644    recall@4 : 0.3031    recall@5 : 0.3291    recall@10 : 0.4488    recall@20 : 0.5804    recall@30 : 0.6626    recall@50 : 0.7672    ndcg@1 : 0.2068    ndcg@2 : 0.227    ndcg@3 : 0.2459    ndcg@4 : 0.2595    ndcg@5 : 0.2688    ndcg@10 : 0.3097    ndcg@20 : 0.3481    ndcg@30 : 0.3702    ndcg@50 : 0.3948    precision@1 : 0.2068    precision@2 : 0.1669    precision@3 : 0.1436    precision@4 : 0.1274    precision@5 : 0.1142    precision@10 : 0.0821    precision@20 : 0.0551    precision@30 : 0.0438    precision@50 : 0.0314    map@1 : 0.2068    map@2 : 0.2019    map@3 : 0.2076    map@4 : 0.212    map@5 : 0.2156    map@10 : 0.2312    map@20 : 0.2436    map@30 : 0.2496    map@50 : 0.2548
Sun 15 Mar 2026 11:24:01 INFO  Running E-step ! 
Sun 15 Mar 2026 11:24:01 INFO  epoch 33 training [time: 0.21s, train_loss1: 3.1844, train_loss2: 0.0388, train_loss3: 0.0108, train_loss4: 0.0069]
Sun 15 Mar 2026 11:24:02 INFO  epoch 33 evaluating [time: 0.25s, valid_score: 0.309600]
Sun 15 Mar 2026 11:24:02 INFO  valid result: 
recall@1 : 0.13    recall@2 : 0.2088    recall@3 : 0.2646    recall@4 : 0.3031    recall@5 : 0.3293    recall@10 : 0.4483    recall@20 : 0.5813    recall@30 : 0.6643    recall@50 : 0.7676    ndcg@1 : 0.2068    ndcg@2 : 0.227    ndcg@3 : 0.2461    ndcg@4 : 0.2595    ndcg@5 : 0.2689    ndcg@10 : 0.3096    ndcg@20 : 0.3484    ndcg@30 : 0.3706    ndcg@50 : 0.3949    precision@1 : 0.2068    precision@2 : 0.1669    precision@3 : 0.1438    precision@4 : 0.1274    precision@5 : 0.1142    precision@10 : 0.0821    precision@20 : 0.0554    precision@30 : 0.0439    precision@50 : 0.0314    map@1 : 0.2068    map@2 : 0.2019    map@3 : 0.2077    map@4 : 0.212    map@5 : 0.2157    map@10 : 0.2312    map@20 : 0.2437    map@30 : 0.2497    map@50 : 0.2548
Sun 15 Mar 2026 11:24:02 INFO  Running E-step ! 
Sun 15 Mar 2026 11:24:02 INFO  epoch 34 training [time: 0.21s, train_loss1: 3.2139, train_loss2: 0.0389, train_loss3: 0.0109, train_loss4: 0.0067]
Sun 15 Mar 2026 11:24:02 INFO  epoch 34 evaluating [time: 0.28s, valid_score: 0.309300]
Sun 15 Mar 2026 11:24:02 INFO  valid result: 
recall@1 : 0.13    recall@2 : 0.2088    recall@3 : 0.2646    recall@4 : 0.3036    recall@5 : 0.3295    recall@10 : 0.4472    recall@20 : 0.5814    recall@30 : 0.6657    recall@50 : 0.7678    ndcg@1 : 0.2068    ndcg@2 : 0.227    ndcg@3 : 0.2461    ndcg@4 : 0.2598    ndcg@5 : 0.269    ndcg@10 : 0.3093    ndcg@20 : 0.3485    ndcg@30 : 0.371    ndcg@50 : 0.395    precision@1 : 0.2068    precision@2 : 0.1669    precision@3 : 0.1438    precision@4 : 0.1278    precision@5 : 0.1143    precision@10 : 0.0819    precision@20 : 0.0554    precision@30 : 0.044    precision@50 : 0.0314    map@1 : 0.2068    map@2 : 0.2019    map@3 : 0.2077    map@4 : 0.2122    map@5 : 0.2157    map@10 : 0.2311    map@20 : 0.2437    map@30 : 0.2499    map@50 : 0.255
Sun 15 Mar 2026 11:24:02 INFO  Running E-step ! 
Sun 15 Mar 2026 11:24:02 INFO  epoch 35 training [time: 0.21s, train_loss1: 3.1668, train_loss2: 0.0391, train_loss3: 0.0109, train_loss4: 0.0066]
Sun 15 Mar 2026 11:24:03 INFO  epoch 35 evaluating [time: 0.28s, valid_score: 0.309000]
Sun 15 Mar 2026 11:24:03 INFO  valid result: 
recall@1 : 0.13    recall@2 : 0.2088    recall@3 : 0.264    recall@4 : 0.3036    recall@5 : 0.3296    recall@10 : 0.4466    recall@20 : 0.5837    recall@30 : 0.6665    recall@50 : 0.7663    ndcg@1 : 0.2068    ndcg@2 : 0.227    ndcg@3 : 0.2458    ndcg@4 : 0.2599    ndcg@5 : 0.2691    ndcg@10 : 0.309    ndcg@20 : 0.3491    ndcg@30 : 0.3712    ndcg@50 : 0.3947    precision@1 : 0.2068    precision@2 : 0.1669    precision@3 : 0.1436    precision@4 : 0.128    precision@5 : 0.1144    precision@10 : 0.0819    precision@20 : 0.0557    precision@30 : 0.044    precision@50 : 0.0314    map@1 : 0.2068    map@2 : 0.2019    map@3 : 0.2075    map@4 : 0.2122    map@5 : 0.2157    map@10 : 0.231    map@20 : 0.2439    map@30 : 0.2499    map@50 : 0.2549
Sun 15 Mar 2026 11:24:03 INFO  Running E-step ! 
Sun 15 Mar 2026 11:24:03 INFO  epoch 36 training [time: 0.21s, train_loss1: 3.1539, train_loss2: 0.0392, train_loss3: 0.0109, train_loss4: 0.0066]
Sun 15 Mar 2026 11:24:03 INFO  epoch 36 evaluating [time: 0.26s, valid_score: 0.308700]
Sun 15 Mar 2026 11:24:03 INFO  valid result: 
recall@1 : 0.1294    recall@2 : 0.209    recall@3 : 0.264    recall@4 : 0.3028    recall@5 : 0.3298    recall@10 : 0.4459    recall@20 : 0.5851    recall@30 : 0.6673    recall@50 : 0.7657    ndcg@1 : 0.2062    ndcg@2 : 0.227    ndcg@3 : 0.2457    ndcg@4 : 0.2593    ndcg@5 : 0.2689    ndcg@10 : 0.3087    ndcg@20 : 0.3493    ndcg@30 : 0.3713    ndcg@50 : 0.3944    precision@1 : 0.2062    precision@2 : 0.1672    precision@3 : 0.1438    precision@4 : 0.1277    precision@5 : 0.1145    precision@10 : 0.0819    precision@20 : 0.056    precision@30 : 0.0441    precision@50 : 0.0314    map@1 : 0.2062    map@2 : 0.2017    map@3 : 0.2074    map@4 : 0.2118    map@5 : 0.2155    map@10 : 0.2307    map@20 : 0.2437    map@30 : 0.2497    map@50 : 0.2546
Sun 15 Mar 2026 11:24:03 INFO  Running E-step ! 
Sun 15 Mar 2026 11:24:03 INFO  epoch 37 training [time: 0.20s, train_loss1: 3.1184, train_loss2: 0.0393, train_loss3: 0.0109, train_loss4: 0.0065]
Sun 15 Mar 2026 11:24:04 INFO  epoch 37 evaluating [time: 0.27s, valid_score: 0.308600]
Sun 15 Mar 2026 11:24:04 INFO  valid result: 
recall@1 : 0.1294    recall@2 : 0.209    recall@3 : 0.264    recall@4 : 0.3028    recall@5 : 0.3298    recall@10 : 0.4455    recall@20 : 0.5858    recall@30 : 0.6672    recall@50 : 0.7659    ndcg@1 : 0.2062    ndcg@2 : 0.227    ndcg@3 : 0.2457    ndcg@4 : 0.2593    ndcg@5 : 0.2689    ndcg@10 : 0.3086    ndcg@20 : 0.3496    ndcg@30 : 0.3713    ndcg@50 : 0.3945    precision@1 : 0.2062    precision@2 : 0.1672    precision@3 : 0.1438    precision@4 : 0.1277    precision@5 : 0.1145    precision@10 : 0.0819    precision@20 : 0.0561    precision@30 : 0.0441    precision@50 : 0.0314    map@1 : 0.2062    map@2 : 0.2017    map@3 : 0.2074    map@4 : 0.2118    map@5 : 0.2155    map@10 : 0.2306    map@20 : 0.2439    map@30 : 0.2498    map@50 : 0.2547
Sun 15 Mar 2026 11:24:04 INFO  Running E-step ! 
Sun 15 Mar 2026 11:24:04 INFO  epoch 38 training [time: 0.20s, train_loss1: 3.1329, train_loss2: 0.0394, train_loss3: 0.0109, train_loss4: 0.0063]
Sun 15 Mar 2026 11:24:04 INFO  epoch 38 evaluating [time: 0.28s, valid_score: 0.308200]
Sun 15 Mar 2026 11:24:04 INFO  valid result: 
recall@1 : 0.1294    recall@2 : 0.2088    recall@3 : 0.2641    recall@4 : 0.3028    recall@5 : 0.3298    recall@10 : 0.4445    recall@20 : 0.586    recall@30 : 0.6675    recall@50 : 0.766    ndcg@1 : 0.2062    ndcg@2 : 0.2267    ndcg@3 : 0.2458    ndcg@4 : 0.2593    ndcg@5 : 0.269    ndcg@10 : 0.3082    ndcg@20 : 0.3497    ndcg@30 : 0.3714    ndcg@50 : 0.3945    precision@1 : 0.2062    precision@2 : 0.1669    precision@3 : 0.144    precision@4 : 0.1275    precision@5 : 0.1147    precision@10 : 0.0817    precision@20 : 0.0562    precision@30 : 0.0442    precision@50 : 0.0314    map@1 : 0.2062    map@2 : 0.2016    map@3 : 0.2075    map@4 : 0.2118    map@5 : 0.2156    map@10 : 0.2305    map@20 : 0.2439    map@30 : 0.2498    map@50 : 0.2547
Sun 15 Mar 2026 11:24:04 INFO  Running E-step ! 
Sun 15 Mar 2026 11:24:04 INFO  epoch 39 training [time: 0.21s, train_loss1: 3.1319, train_loss2: 0.0395, train_loss3: 0.0109, train_loss4: 0.0061]
Sun 15 Mar 2026 11:24:05 INFO  epoch 39 evaluating [time: 0.27s, valid_score: 0.308700]
Sun 15 Mar 2026 11:24:05 INFO  valid result: 
recall@1 : 0.13    recall@2 : 0.2088    recall@3 : 0.2641    recall@4 : 0.303    recall@5 : 0.3296    recall@10 : 0.4451    recall@20 : 0.5868    recall@30 : 0.6683    recall@50 : 0.7663    ndcg@1 : 0.2068    ndcg@2 : 0.227    ndcg@3 : 0.246    ndcg@4 : 0.2597    ndcg@5 : 0.2691    ndcg@10 : 0.3087    ndcg@20 : 0.3502    ndcg@30 : 0.3718    ndcg@50 : 0.3949    precision@1 : 0.2068    precision@2 : 0.1669    precision@3 : 0.144    precision@4 : 0.1278    precision@5 : 0.1144    precision@10 : 0.0818    precision@20 : 0.0564    precision@30 : 0.0442    precision@50 : 0.0315    map@1 : 0.2068    map@2 : 0.2019    map@3 : 0.2078    map@4 : 0.2122    map@5 : 0.2158    map@10 : 0.2309    map@20 : 0.2443    map@30 : 0.2502    map@50 : 0.2551
Sun 15 Mar 2026 11:24:05 INFO  Running E-step ! 
Sun 15 Mar 2026 11:24:05 INFO  epoch 40 training [time: 0.20s, train_loss1: 3.1387, train_loss2: 0.0396, train_loss3: 0.0109, train_loss4: 0.0059]
Sun 15 Mar 2026 11:24:05 INFO  epoch 40 evaluating [time: 0.27s, valid_score: 0.308500]
Sun 15 Mar 2026 11:24:05 INFO  valid result: 
recall@1 : 0.13    recall@2 : 0.2083    recall@3 : 0.2633    recall@4 : 0.3016    recall@5 : 0.3293    recall@10 : 0.4452    recall@20 : 0.5878    recall@30 : 0.6694    recall@50 : 0.7663    ndcg@1 : 0.2062    ndcg@2 : 0.2267    ndcg@3 : 0.2455    ndcg@4 : 0.2589    ndcg@5 : 0.2687    ndcg@10 : 0.3085    ndcg@20 : 0.3502    ndcg@30 : 0.3719    ndcg@50 : 0.3947    precision@1 : 0.2062    precision@2 : 0.1669    precision@3 : 0.1436    precision@4 : 0.1274    precision@5 : 0.1144    precision@10 : 0.0819    precision@20 : 0.0566    precision@30 : 0.0443    precision@50 : 0.0315    map@1 : 0.2062    map@2 : 0.2016    map@3 : 0.2074    map@4 : 0.2117    map@5 : 0.2155    map@10 : 0.2307    map@20 : 0.2442    map@30 : 0.2501    map@50 : 0.2549
Sun 15 Mar 2026 11:24:05 INFO  Running E-step ! 
Sun 15 Mar 2026 11:24:05 INFO  epoch 41 training [time: 0.31s, train_loss1: 3.1457, train_loss2: 0.0397, train_loss3: 0.0109, train_loss4: 0.0058]
Sun 15 Mar 2026 11:24:06 INFO  epoch 41 evaluating [time: 0.41s, valid_score: 0.307800]
Sun 15 Mar 2026 11:24:06 INFO  valid result: 
recall@1 : 0.1293    recall@2 : 0.2085    recall@3 : 0.2637    recall@4 : 0.3007    recall@5 : 0.3283    recall@10 : 0.4434    recall@20 : 0.5891    recall@30 : 0.668    recall@50 : 0.7664    ndcg@1 : 0.205    ndcg@2 : 0.2268    ndcg@3 : 0.2455    ndcg@4 : 0.2582    ndcg@5 : 0.2681    ndcg@10 : 0.3078    ndcg@20 : 0.3504    ndcg@30 : 0.3713    ndcg@50 : 0.3945    precision@1 : 0.205    precision@2 : 0.1675    precision@3 : 0.144    precision@4 : 0.1271    precision@5 : 0.1143    precision@10 : 0.0818    precision@20 : 0.0567    precision@30 : 0.0443    precision@50 : 0.0315    map@1 : 0.205    map@2 : 0.2016    map@3 : 0.2073    map@4 : 0.2112    map@5 : 0.215    map@10 : 0.2302    map@20 : 0.244    map@30 : 0.2497    map@50 : 0.2546
Sun 15 Mar 2026 11:24:06 INFO  Running E-step ! 
Sun 15 Mar 2026 11:24:06 INFO  epoch 42 training [time: 0.17s, train_loss1: 3.0769, train_loss2: 0.0398, train_loss3: 0.0109, train_loss4: 0.0057]
Sun 15 Mar 2026 11:24:06 INFO  epoch 42 evaluating [time: 0.19s, valid_score: 0.307400]
Sun 15 Mar 2026 11:24:06 INFO  valid result: 
recall@1 : 0.1287    recall@2 : 0.2085    recall@3 : 0.2638    recall@4 : 0.3008    recall@5 : 0.3281    recall@10 : 0.4429    recall@20 : 0.5892    recall@30 : 0.6696    recall@50 : 0.764    ndcg@1 : 0.2044    ndcg@2 : 0.2266    ndcg@3 : 0.2455    ndcg@4 : 0.2581    ndcg@5 : 0.2679    ndcg@10 : 0.3074    ndcg@20 : 0.3502    ndcg@30 : 0.3715    ndcg@50 : 0.3939    precision@1 : 0.2044    precision@2 : 0.1675    precision@3 : 0.1442    precision@4 : 0.1272    precision@5 : 0.1144    precision@10 : 0.0817    precision@20 : 0.0568    precision@30 : 0.0443    precision@50 : 0.0315    map@1 : 0.2044    map@2 : 0.2013    map@3 : 0.2071    map@4 : 0.211    map@5 : 0.2147    map@10 : 0.2298    map@20 : 0.2437    map@30 : 0.2495    map@50 : 0.2544
Sun 15 Mar 2026 11:24:06 INFO  Running E-step ! 
Sun 15 Mar 2026 11:24:06 INFO  epoch 43 training [time: 0.20s, train_loss1: 3.1084, train_loss2: 0.0399, train_loss3: 0.0109, train_loss4: 0.0056]
Sun 15 Mar 2026 11:24:07 INFO  epoch 43 evaluating [time: 0.27s, valid_score: 0.306900]
Sun 15 Mar 2026 11:24:07 INFO  valid result: 
recall@1 : 0.1269    recall@2 : 0.2085    recall@3 : 0.2642    recall@4 : 0.3007    recall@5 : 0.328    recall@10 : 0.4436    recall@20 : 0.5888    recall@30 : 0.6696    recall@50 : 0.7625    ndcg@1 : 0.2026    ndcg@2 : 0.2257    ndcg@3 : 0.245    ndcg@4 : 0.2573    ndcg@5 : 0.2672    ndcg@10 : 0.3069    ndcg@20 : 0.3496    ndcg@30 : 0.3709    ndcg@50 : 0.393    precision@1 : 0.2026    precision@2 : 0.1672    precision@3 : 0.1444    precision@4 : 0.1268    precision@5 : 0.1144    precision@10 : 0.0818    precision@20 : 0.0568    precision@30 : 0.0443    precision@50 : 0.0314    map@1 : 0.2026    map@2 : 0.2002    map@3 : 0.2063    map@4 : 0.21    map@5 : 0.2139    map@10 : 0.229    map@20 : 0.2429    map@30 : 0.2487    map@50 : 0.2535
Sun 15 Mar 2026 11:24:07 INFO  Running E-step ! 
Sun 15 Mar 2026 11:24:07 INFO  epoch 44 training [time: 0.21s, train_loss1: 3.0413, train_loss2: 0.0399, train_loss3: 0.0109, train_loss4: 0.0054]
Sun 15 Mar 2026 11:24:07 INFO  epoch 44 evaluating [time: 0.26s, valid_score: 0.306500]
Sun 15 Mar 2026 11:24:07 INFO  valid result: 
recall@1 : 0.1257    recall@2 : 0.2085    recall@3 : 0.264    recall@4 : 0.3005    recall@5 : 0.3279    recall@10 : 0.4438    recall@20 : 0.5896    recall@30 : 0.6705    recall@50 : 0.7608    ndcg@1 : 0.2014    ndcg@2 : 0.2252    ndcg@3 : 0.2444    ndcg@4 : 0.2568    ndcg@5 : 0.2668    ndcg@10 : 0.3065    ndcg@20 : 0.3493    ndcg@30 : 0.3707    ndcg@50 : 0.3924    precision@1 : 0.2014    precision@2 : 0.1672    precision@3 : 0.1442    precision@4 : 0.1268    precision@5 : 0.1145    precision@10 : 0.0818    precision@20 : 0.0569    precision@30 : 0.0444    precision@50 : 0.0314    map@1 : 0.2014    map@2 : 0.1996    map@3 : 0.2057    map@4 : 0.2094    map@5 : 0.2133    map@10 : 0.2285    map@20 : 0.2424    map@30 : 0.2482    map@50 : 0.253
Sun 15 Mar 2026 11:24:07 INFO  Running E-step ! 
Sun 15 Mar 2026 11:24:07 INFO  epoch 45 training [time: 0.21s, train_loss1: 3.0684, train_loss2: 0.0400, train_loss3: 0.0109, train_loss4: 0.0054]
Sun 15 Mar 2026 11:24:08 INFO  epoch 45 evaluating [time: 0.28s, valid_score: 0.306800]
Sun 15 Mar 2026 11:24:08 INFO  valid result: 
recall@1 : 0.1254    recall@2 : 0.2083    recall@3 : 0.264    recall@4 : 0.3003    recall@5 : 0.3282    recall@10 : 0.4451    recall@20 : 0.5897    recall@30 : 0.6714    recall@50 : 0.762    ndcg@1 : 0.2008    ndcg@2 : 0.2251    ndcg@3 : 0.2443    ndcg@4 : 0.2565    ndcg@5 : 0.2668    ndcg@10 : 0.3068    ndcg@20 : 0.3493    ndcg@30 : 0.3708    ndcg@50 : 0.3926    precision@1 : 0.2008    precision@2 : 0.1672    precision@3 : 0.1442    precision@4 : 0.1266    precision@5 : 0.1147    precision@10 : 0.082    precision@20 : 0.057    precision@30 : 0.0445    precision@50 : 0.0315    map@1 : 0.2008    map@2 : 0.1995    map@3 : 0.2055    map@4 : 0.2092    map@5 : 0.2132    map@10 : 0.2284    map@20 : 0.2423    map@30 : 0.2482    map@50 : 0.2529
Sun 15 Mar 2026 11:24:08 INFO  Running E-step ! 
Sun 15 Mar 2026 11:24:08 INFO  epoch 46 training [time: 0.21s, train_loss1: 3.1020, train_loss2: 0.0401, train_loss3: 0.0109, train_loss4: 0.0053]
Sun 15 Mar 2026 11:24:08 INFO  epoch 46 evaluating [time: 0.28s, valid_score: 0.306700]
Sun 15 Mar 2026 11:24:08 INFO  valid result: 
recall@1 : 0.1254    recall@2 : 0.2083    recall@3 : 0.264    recall@4 : 0.3005    recall@5 : 0.3286    recall@10 : 0.4447    recall@20 : 0.5892    recall@30 : 0.6719    recall@50 : 0.7622    ndcg@1 : 0.2008    ndcg@2 : 0.2251    ndcg@3 : 0.2443    ndcg@4 : 0.2565    ndcg@5 : 0.267    ndcg@10 : 0.3067    ndcg@20 : 0.3492    ndcg@30 : 0.3711    ndcg@50 : 0.3927    precision@1 : 0.2008    precision@2 : 0.1672    precision@3 : 0.1442    precision@4 : 0.1266    precision@5 : 0.115    precision@10 : 0.082    precision@20 : 0.057    precision@30 : 0.0446    precision@50 : 0.0315    map@1 : 0.2008    map@2 : 0.1995    map@3 : 0.2055    map@4 : 0.2092    map@5 : 0.2133    map@10 : 0.2284    map@20 : 0.2423    map@30 : 0.2483    map@50 : 0.253
Sun 15 Mar 2026 11:24:08 INFO  Running E-step ! 
Sun 15 Mar 2026 11:24:08 INFO  epoch 47 training [time: 0.20s, train_loss1: 3.0444, train_loss2: 0.0402, train_loss3: 0.0109, train_loss4: 0.0051]
Sun 15 Mar 2026 11:24:09 INFO  epoch 47 evaluating [time: 0.19s, valid_score: 0.306600]
Sun 15 Mar 2026 11:24:09 INFO  valid result: 
recall@1 : 0.1248    recall@2 : 0.2081    recall@3 : 0.2637    recall@4 : 0.3008    recall@5 : 0.3286    recall@10 : 0.4454    recall@20 : 0.5891    recall@30 : 0.672    recall@50 : 0.7628    ndcg@1 : 0.1996    ndcg@2 : 0.2245    ndcg@3 : 0.2437    ndcg@4 : 0.2563    ndcg@5 : 0.2667    ndcg@10 : 0.3066    ndcg@20 : 0.349    ndcg@30 : 0.3708    ndcg@50 : 0.3926    precision@1 : 0.1996    precision@2 : 0.1669    precision@3 : 0.144    precision@4 : 0.1268    precision@5 : 0.115    precision@10 : 0.0822    precision@20 : 0.0571    precision@30 : 0.0446    precision@50 : 0.0315    map@1 : 0.1996    map@2 : 0.1989    map@3 : 0.2049    map@4 : 0.2089    map@5 : 0.2129    map@10 : 0.2281    map@20 : 0.2419    map@30 : 0.248    map@50 : 0.2527
Sun 15 Mar 2026 11:24:09 INFO  Running E-step ! 
Sun 15 Mar 2026 11:24:09 INFO  epoch 48 training [time: 0.20s, train_loss1: 3.0494, train_loss2: 0.0402, train_loss3: 0.0109, train_loss4: 0.0050]
Sun 15 Mar 2026 11:24:09 INFO  epoch 48 evaluating [time: 0.26s, valid_score: 0.306300]
Sun 15 Mar 2026 11:24:09 INFO  valid result: 
recall@1 : 0.1242    recall@2 : 0.2081    recall@3 : 0.2639    recall@4 : 0.3005    recall@5 : 0.3283    recall@10 : 0.445    recall@20 : 0.5906    recall@30 : 0.6717    recall@50 : 0.7638    ndcg@1 : 0.199    ndcg@2 : 0.2243    ndcg@3 : 0.2437    ndcg@4 : 0.2559    ndcg@5 : 0.2663    ndcg@10 : 0.3063    ndcg@20 : 0.3491    ndcg@30 : 0.3706    ndcg@50 : 0.3926    precision@1 : 0.199    precision@2 : 0.1669    precision@3 : 0.1442    precision@4 : 0.1265    precision@5 : 0.1148    precision@10 : 0.0822    precision@20 : 0.0572    precision@30 : 0.0446    precision@50 : 0.0315    map@1 : 0.199    map@2 : 0.1986    map@3 : 0.2045    map@4 : 0.2085    map@5 : 0.2125    map@10 : 0.2278    map@20 : 0.2418    map@30 : 0.2477    map@50 : 0.2525
Sun 15 Mar 2026 11:24:09 INFO  Running E-step ! 
Sun 15 Mar 2026 11:24:09 INFO  epoch 49 training [time: 0.22s, train_loss1: 3.0381, train_loss2: 0.0403, train_loss3: 0.0109, train_loss4: 0.0048]
Sun 15 Mar 2026 11:24:10 INFO  epoch 49 evaluating [time: 0.25s, valid_score: 0.306200]
Sun 15 Mar 2026 11:24:10 INFO  valid result: 
recall@1 : 0.1236    recall@2 : 0.2079    recall@3 : 0.2638    recall@4 : 0.3007    recall@5 : 0.3292    recall@10 : 0.4452    recall@20 : 0.5907    recall@30 : 0.6716    recall@50 : 0.7659    ndcg@1 : 0.1985    ndcg@2 : 0.2238    ndcg@3 : 0.2433    ndcg@4 : 0.2558    ndcg@5 : 0.2665    ndcg@10 : 0.3062    ndcg@20 : 0.3491    ndcg@30 : 0.3705    ndcg@50 : 0.3929    precision@1 : 0.1985    precision@2 : 0.1666    precision@3 : 0.144    precision@4 : 0.1266    precision@5 : 0.1151    precision@10 : 0.0822    precision@20 : 0.0572    precision@30 : 0.0446    precision@50 : 0.0316    map@1 : 0.1985    map@2 : 0.1982    map@3 : 0.2041    map@4 : 0.2082    map@5 : 0.2124    map@10 : 0.2276    map@20 : 0.2416    map@30 : 0.2475    map@50 : 0.2525
Sun 15 Mar 2026 11:24:10 INFO  Running E-step ! 
Sun 15 Mar 2026 11:24:10 INFO  epoch 50 training [time: 0.23s, train_loss1: 3.0025, train_loss2: 0.0403, train_loss3: 0.0109, train_loss4: 0.0046]
Sun 15 Mar 2026 11:24:10 INFO  epoch 50 evaluating [time: 0.27s, valid_score: 0.306600]
Sun 15 Mar 2026 11:24:10 INFO  valid result: 
recall@1 : 0.123    recall@2 : 0.2089    recall@3 : 0.2644    recall@4 : 0.3007    recall@5 : 0.33    recall@10 : 0.4459    recall@20 : 0.5918    recall@30 : 0.6731    recall@50 : 0.7668    ndcg@1 : 0.1979    ndcg@2 : 0.2248    ndcg@3 : 0.2437    ndcg@4 : 0.2558    ndcg@5 : 0.2668    ndcg@10 : 0.3066    ndcg@20 : 0.3494    ndcg@30 : 0.371    ndcg@50 : 0.3933    precision@1 : 0.1979    precision@2 : 0.1681    precision@3 : 0.1446    precision@4 : 0.1266    precision@5 : 0.1154    precision@10 : 0.0824    precision@20 : 0.0573    precision@30 : 0.0447    precision@50 : 0.0317    map@1 : 0.1979    map@2 : 0.1986    map@3 : 0.2042    map@4 : 0.2081    map@5 : 0.2125    map@10 : 0.2277    map@20 : 0.2417    map@30 : 0.2477    map@50 : 0.2526
Sun 15 Mar 2026 11:24:10 INFO  Running E-step ! 
Sun 15 Mar 2026 11:24:10 INFO  epoch 51 training [time: 0.21s, train_loss1: 3.0023, train_loss2: 0.0404, train_loss3: 0.0109, train_loss4: 0.0045]
Sun 15 Mar 2026 11:24:11 INFO  epoch 51 evaluating [time: 0.27s, valid_score: 0.306700]
Sun 15 Mar 2026 11:24:11 INFO  valid result: 
recall@1 : 0.123    recall@2 : 0.2086    recall@3 : 0.2644    recall@4 : 0.3011    recall@5 : 0.33    recall@10 : 0.4464    recall@20 : 0.5916    recall@30 : 0.6745    recall@50 : 0.7661    ndcg@1 : 0.1979    ndcg@2 : 0.2245    ndcg@3 : 0.2437    ndcg@4 : 0.2559    ndcg@5 : 0.2668    ndcg@10 : 0.3067    ndcg@20 : 0.3495    ndcg@30 : 0.3713    ndcg@50 : 0.3933    precision@1 : 0.1979    precision@2 : 0.1678    precision@3 : 0.1446    precision@4 : 0.1268    precision@5 : 0.1154    precision@10 : 0.0825    precision@20 : 0.0574    precision@30 : 0.0448    precision@50 : 0.0317    map@1 : 0.1979    map@2 : 0.1985    map@3 : 0.2042    map@4 : 0.208    map@5 : 0.2125    map@10 : 0.2278    map@20 : 0.2418    map@30 : 0.2478    map@50 : 0.2527
Sun 15 Mar 2026 11:24:11 INFO  Running E-step ! 
Sun 15 Mar 2026 11:24:11 INFO  epoch 52 training [time: 0.23s, train_loss1: 3.0131, train_loss2: 0.0404, train_loss3: 0.0109, train_loss4: 0.0045]
Sun 15 Mar 2026 11:24:11 INFO  epoch 52 evaluating [time: 0.27s, valid_score: 0.307200]
Sun 15 Mar 2026 11:24:11 INFO  valid result: 
recall@1 : 0.1224    recall@2 : 0.2087    recall@3 : 0.2644    recall@4 : 0.3013    recall@5 : 0.3309    recall@10 : 0.4482    recall@20 : 0.5915    recall@30 : 0.6756    recall@50 : 0.7663    ndcg@1 : 0.1973    ndcg@2 : 0.2243    ndcg@3 : 0.2434    ndcg@4 : 0.2559    ndcg@5 : 0.2669    ndcg@10 : 0.3072    ndcg@20 : 0.3494    ndcg@30 : 0.3716    ndcg@50 : 0.3933    precision@1 : 0.1973    precision@2 : 0.1678    precision@3 : 0.1446    precision@4 : 0.1271    precision@5 : 0.1154    precision@10 : 0.0828    precision@20 : 0.0574    precision@30 : 0.0449    precision@50 : 0.0317    map@1 : 0.1973    map@2 : 0.198    map@3 : 0.2038    map@4 : 0.2077    map@5 : 0.2123    map@10 : 0.2277    map@20 : 0.2416    map@30 : 0.2477    map@50 : 0.2525
Sun 15 Mar 2026 11:24:11 INFO  Finished training, best eval result in epoch 31
Sun 15 Mar 2026 11:24:11 INFO  Loading model structure and parameters from saved/SCL-Mar-15-2026_11-23-43.pth
Sun 15 Mar 2026 11:24:11 INFO  best valid : OrderedDict([('recall@1', 0.1305), ('recall@2', 0.2082), ('recall@3', 0.2644), ('recall@4', 0.3028), ('recall@5', 0.3291), ('recall@10', 0.4488), ('recall@20', 0.5802), ('recall@30', 0.663), ('recall@50', 0.767), ('ndcg@1', 0.2068), ('ndcg@2', 0.2267), ('ndcg@3', 0.246), ('ndcg@4', 0.2593), ('ndcg@5', 0.2688), ('ndcg@10', 0.3098), ('ndcg@20', 0.3481), ('ndcg@30', 0.3703), ('ndcg@50', 0.3948), ('precision@1', 0.2068), ('precision@2', 0.1666), ('precision@3', 0.1436), ('precision@4', 0.1271), ('precision@5', 0.1141), ('precision@10', 0.0821), ('precision@20', 0.0551), ('precision@30', 0.0437), ('precision@50', 0.0313), ('map@1', 0.2068), ('map@2', 0.2017), ('map@3', 0.2077), ('map@4', 0.212), ('map@5', 0.2157), ('map@10', 0.2314), ('map@20', 0.2437), ('map@30', 0.2497), ('map@50', 0.2549)])
Sun 15 Mar 2026 11:24:11 INFO  test result: OrderedDict([('recall@1', 0.1302), ('recall@2', 0.2246), ('recall@3', 0.2733), ('recall@4', 0.3164), ('recall@5', 0.3448), ('recall@10', 0.4711), ('recall@20', 0.6028), ('recall@30', 0.679), ('recall@50', 0.7775), ('ndcg@1', 0.2223), ('ndcg@2', 0.2468), ('ndcg@3', 0.2599), ('ndcg@4', 0.2735), ('ndcg@5', 0.2827), ('ndcg@10', 0.3248), ('ndcg@20', 0.3626), ('ndcg@30', 0.3829), ('ndcg@50', 0.4058), ('precision@1', 0.2223), ('precision@2', 0.1866), ('precision@3', 0.1569), ('precision@4', 0.1377), ('precision@5', 0.1221), ('precision@10', 0.086), ('precision@20', 0.057), ('precision@30', 0.0442), ('precision@50', 0.0311), ('map@1', 0.2223), ('map@2', 0.2199), ('map@3', 0.2202), ('map@4', 0.2245), ('map@5', 0.2275), ('map@10', 0.2438), ('map@20', 0.2559), ('map@30', 0.2615), ('map@50', 0.2664)])
Sun 15 Mar 2026 11:24:11 INFO  training time: 27.0197s
Sun 15 Mar 2026 11:24:11 INFO  result file: results/scl_seed2025.json
