Sun 15 Mar 2026 17:26:32 INFO  
General Hyper Parameters:
gpu_id = 0
use_gpu = True
seed = 2024
state = INFO
reproducibility = True
data_path = ./travel
checkpoint_dir = saved
show_progress = True
save_dataset = False
dataset_save_path = None
save_dataloaders = False
dataloaders_save_path = None
log_wandb = False

Training Hyper Parameters:
epochs = 1000
train_batch_size = 100
learner = adam
learning_rate = 0.001
train_neg_sample_args = {'distribution': 'uniform', 'sample_num': 1, 'alpha': 1.0, 'dynamic': False, 'candidate_num': 0}
eval_step = 1
stopping_step = 20
clip_grad_norm = None
weight_decay = 0.0
loss_decimal_place = 4

Evaluation Hyper Parameters:
eval_args = {'split': {'RS': [0.8, 0.1, 0.1]}, 'order': 'RO', 'group_by': 'user', 'mode': {'valid': 'full', 'test': 'full'}}
repeatable = False
metrics = ['Recall', 'NDCG', 'Precision', 'MAP']
topk = [1, 2, 3, 4, 5, 10, 20, 30, 50]
valid_metric = NDCG@10
valid_metric_bigger = True
eval_batch_size = 100
metric_decimal_place = 4

Dataset Hyper Parameters:
field_separator = 	
seq_separator =  
USER_ID_FIELD = user_id
ITEM_ID_FIELD = item_id
RATING_FIELD = rating
TIME_FIELD = timestamp
seq_len = None
LABEL_FIELD = label
threshold = None
NEG_PREFIX = neg_
load_col = {'inter': ['user_id', 'item_id', 'rating'], 'user': ['user_id', 'post_num', 'follower', 'following', 'timestamp']}
unload_col = None
unused_col = None
additional_feat_suffix = None
rm_dup_inter = None
val_interval = {'rating': '[0,inf)'}
filter_inter_by_user_or_item = True
user_inter_num_interval = [0,inf)
item_inter_num_interval = [0,inf)
alias_of_user_id = None
alias_of_item_id = None
alias_of_entity_id = None
alias_of_relation_id = None
preload_weight = None
normalize_field = None
normalize_all = None
ITEM_LIST_LENGTH_FIELD = item_length
LIST_SUFFIX = _list
MAX_ITEM_LIST_LENGTH = 50
POSITION_FIELD = position_id
HEAD_ENTITY_ID_FIELD = head_id
TAIL_ENTITY_ID_FIELD = tail_id
RELATION_ID_FIELD = relation_id
ENTITY_ID_FIELD = entity_id
benchmark_filename = None

Other Hyper Parameters: 
worker = 0
wandb_project = recbole
shuffle = True
require_pow = False
enable_amp = False
enable_scaler = False
transform = None
numerical_features = []
discretization = None
kg_reverse_r = False
entity_kg_num_interval = [0,inf)
relation_kg_num_interval = [0,inf)
MODEL_TYPE = ModelType.GENERAL
embedding_size = 64
n_layers = 3
reg_weight = 0.0001
smt_latent_dim = 64
ssl_temp = 0.1
ssl_reg = 0.0
hyper_layers = 1
alpha = 1
potential_reg = 8e-08
semantic_reg = 8e-08
num_clusters = 10
m_step = 1
warm_up_step = 20
user_feature_path = features/roberta_user.npy
item_feature_path = features/roberta_item.npy
MODEL_INPUT_TYPE = InputType.PAIRWISE
eval_type = EvaluatorType.RANKING
single_spec = True
local_rank = 0
device = cuda
valid_neg_sample_args = {'distribution': 'uniform', 'sample_num': 'none'}
test_neg_sample_args = {'distribution': 'uniform', 'sample_num': 'none'}


Sun 15 Mar 2026 17:26:32 INFO  travel
The number of users: 2010
Average actions of users: 18.721254355400696
The number of items: 247
Average actions of items: 152.890243902439
The number of inters: 37611
The sparsity of the dataset: 92.42431566862047%
Remain Fields: ['user_id', 'item_id', 'rating', 'post_num', 'follower', 'following', 'timestamp']
Sun 15 Mar 2026 17:26:32 INFO  [Training]: train_batch_size = [100] train_neg_sample_args: [{'distribution': 'uniform', 'sample_num': 1, 'alpha': 1.0, 'dynamic': False, 'candidate_num': 0}]
Sun 15 Mar 2026 17:26:32 INFO  [Evaluation]: eval_batch_size = [100] eval_args: [{'split': {'RS': [0.8, 0.1, 0.1]}, 'order': 'RO', 'group_by': 'user', 'mode': {'valid': 'full', 'test': 'full'}}]
Sun 15 Mar 2026 17:26:34 INFO  SCL(
  (u_MLP): Linear(in_features=1024, out_features=64, bias=True)
  (i_MLP): Linear(in_features=1024, out_features=64, bias=True)
  (user_embedding): Embedding(2010, 64)
  (item_embedding): Embedding(247, 64)
  (mf_loss): BPRLoss()
  (reg_loss): EmbLoss()
)
Trainable parameters: 144448
Sun 15 Mar 2026 17:26:34 INFO  trainable parameters: 144448
Sun 15 Mar 2026 17:26:35 INFO  Running E-step ! 
Sun 15 Mar 2026 17:26:40 INFO  epoch 0 training [time: 4.62s, train_loss1: 158.3014, train_loss2: 0.0000, train_loss3: 0.0115]
Sun 15 Mar 2026 17:26:41 INFO  epoch 0 evaluating [time: 1.63s, valid_score: 0.315400]
Sun 15 Mar 2026 17:26:41 INFO  valid result: 
recall@1 : 0.1233    recall@2 : 0.2057    recall@3 : 0.2635    recall@4 : 0.3133    recall@5 : 0.3457    recall@10 : 0.475    recall@20 : 0.5989    recall@30 : 0.6754    recall@50 : 0.7663    ndcg@1 : 0.1919    ndcg@2 : 0.219    ndcg@3 : 0.2398    ndcg@4 : 0.2588    ndcg@5 : 0.2707    ndcg@10 : 0.3154    ndcg@20 : 0.3527    ndcg@30 : 0.3733    ndcg@50 : 0.3953    precision@1 : 0.1919    precision@2 : 0.1624    precision@3 : 0.141    precision@4 : 0.1286    precision@5 : 0.1166    precision@10 : 0.0832    precision@20 : 0.0559    precision@30 : 0.0439    precision@50 : 0.0312    map@1 : 0.1919    map@2 : 0.1944    map@3 : 0.201    map@4 : 0.209    map@5 : 0.214    map@10 : 0.2315    map@20 : 0.2437    map@30 : 0.2494    map@50 : 0.2542
Sun 15 Mar 2026 17:26:41 INFO  Saving current: saved/SCL-Mar-15-2026_17-26-34.pth
Sun 15 Mar 2026 17:26:41 INFO  Saving current best: saved/SCL-Mar-15-2026_17-26-34.pth
Sun 15 Mar 2026 17:26:41 INFO  Running E-step ! 
Sun 15 Mar 2026 17:26:46 INFO  epoch 1 training [time: 4.84s, train_loss1: 124.0692, train_loss2: 0.0000, train_loss3: 0.0116]
Sun 15 Mar 2026 17:26:48 INFO  epoch 1 evaluating [time: 1.58s, valid_score: 0.315600]
Sun 15 Mar 2026 17:26:48 INFO  valid result: 
recall@1 : 0.1233    recall@2 : 0.2057    recall@3 : 0.2635    recall@4 : 0.3139    recall@5 : 0.3456    recall@10 : 0.4751    recall@20 : 0.6006    recall@30 : 0.6655    recall@50 : 0.7627    ndcg@1 : 0.1919    ndcg@2 : 0.219    ndcg@3 : 0.2396    ndcg@4 : 0.2592    ndcg@5 : 0.2708    ndcg@10 : 0.3156    ndcg@20 : 0.3533    ndcg@30 : 0.3713    ndcg@50 : 0.3944    precision@1 : 0.1919    precision@2 : 0.1624    precision@3 : 0.1408    precision@4 : 0.1292    precision@5 : 0.1167    precision@10 : 0.0835    precision@20 : 0.0563    precision@30 : 0.0436    precision@50 : 0.0311    map@1 : 0.1919    map@2 : 0.1944    map@3 : 0.2009    map@4 : 0.2092    map@5 : 0.2141    map@10 : 0.2316    map@20 : 0.2441    map@30 : 0.2492    map@50 : 0.2541
Sun 15 Mar 2026 17:26:48 INFO  Saving current: saved/SCL-Mar-15-2026_17-26-34.pth
Sun 15 Mar 2026 17:26:48 INFO  Saving current best: saved/SCL-Mar-15-2026_17-26-34.pth
Sun 15 Mar 2026 17:26:48 INFO  Running E-step ! 
Sun 15 Mar 2026 17:26:52 INFO  epoch 2 training [time: 4.70s, train_loss1: 122.0743, train_loss2: 0.0000, train_loss3: 0.0116]
Sun 15 Mar 2026 17:26:54 INFO  epoch 2 evaluating [time: 1.57s, valid_score: 0.315200]
Sun 15 Mar 2026 17:26:54 INFO  valid result: 
recall@1 : 0.1233    recall@2 : 0.2056    recall@3 : 0.2636    recall@4 : 0.3127    recall@5 : 0.3463    recall@10 : 0.473    recall@20 : 0.6007    recall@30 : 0.6632    recall@50 : 0.761    ndcg@1 : 0.1919    ndcg@2 : 0.2188    ndcg@3 : 0.2396    ndcg@4 : 0.2587    ndcg@5 : 0.2712    ndcg@10 : 0.3152    ndcg@20 : 0.3536    ndcg@30 : 0.3708    ndcg@50 : 0.3941    precision@1 : 0.1919    precision@2 : 0.1621    precision@3 : 0.1408    precision@4 : 0.1292    precision@5 : 0.1172    precision@10 : 0.0836    precision@20 : 0.0566    precision@30 : 0.0434    precision@50 : 0.0311    map@1 : 0.1919    map@2 : 0.1943    map@3 : 0.201    map@4 : 0.209    map@5 : 0.2141    map@10 : 0.2315    map@20 : 0.2443    map@30 : 0.2492    map@50 : 0.2542
Sun 15 Mar 2026 17:26:54 INFO  Running E-step ! 
Sun 15 Mar 2026 17:26:59 INFO  epoch 3 training [time: 4.85s, train_loss1: 122.0545, train_loss2: 0.0000, train_loss3: 0.0115]
Sun 15 Mar 2026 17:27:00 INFO  epoch 3 evaluating [time: 1.58s, valid_score: 0.313400]
Sun 15 Mar 2026 17:27:00 INFO  valid result: 
recall@1 : 0.1231    recall@2 : 0.205    recall@3 : 0.2691    recall@4 : 0.3161    recall@5 : 0.3473    recall@10 : 0.4672    recall@20 : 0.6008    recall@30 : 0.6652    recall@50 : 0.7588    ndcg@1 : 0.1919    ndcg@2 : 0.2175    ndcg@3 : 0.2423    ndcg@4 : 0.2602    ndcg@5 : 0.2721    ndcg@10 : 0.3134    ndcg@20 : 0.3534    ndcg@30 : 0.3713    ndcg@50 : 0.3934    precision@1 : 0.1919    precision@2 : 0.1603    precision@3 : 0.1432    precision@4 : 0.1295    precision@5 : 0.1181    precision@10 : 0.0827    precision@20 : 0.0566    precision@30 : 0.0437    precision@50 : 0.0309    map@1 : 0.1919    map@2 : 0.1932    map@3 : 0.2025    map@4 : 0.2099    map@5 : 0.2148    map@10 : 0.2311    map@20 : 0.2443    map@30 : 0.2493    map@50 : 0.254
Sun 15 Mar 2026 17:27:00 INFO  Running E-step ! 
Sun 15 Mar 2026 17:27:05 INFO  epoch 4 training [time: 4.70s, train_loss1: 121.1338, train_loss2: 0.0000, train_loss3: 0.0115]
Sun 15 Mar 2026 17:27:07 INFO  epoch 4 evaluating [time: 1.58s, valid_score: 0.313100]
Sun 15 Mar 2026 17:27:07 INFO  valid result: 
recall@1 : 0.1236    recall@2 : 0.2052    recall@3 : 0.2618    recall@4 : 0.3136    recall@5 : 0.3483    recall@10 : 0.4661    recall@20 : 0.5997    recall@30 : 0.663    recall@50 : 0.754    ndcg@1 : 0.1937    ndcg@2 : 0.2193    ndcg@3 : 0.2393    ndcg@4 : 0.2591    ndcg@5 : 0.2725    ndcg@10 : 0.3131    ndcg@20 : 0.3531    ndcg@30 : 0.3706    ndcg@50 : 0.3925    precision@1 : 0.1937    precision@2 : 0.1627    precision@3 : 0.141    precision@4 : 0.1292    precision@5 : 0.1187    precision@10 : 0.0827    precision@20 : 0.0566    precision@30 : 0.0435    precision@50 : 0.0309    map@1 : 0.1937    map@2 : 0.1949    map@3 : 0.2004    map@4 : 0.2092    map@5 : 0.2148    map@10 : 0.2308    map@20 : 0.244    map@30 : 0.249    map@50 : 0.2538
Sun 15 Mar 2026 17:27:07 INFO  Running E-step ! 
Sun 15 Mar 2026 17:27:11 INFO  epoch 5 training [time: 4.44s, train_loss1: 119.1413, train_loss2: 0.0000, train_loss3: 0.0115]
Sun 15 Mar 2026 17:27:13 INFO  epoch 5 evaluating [time: 1.58s, valid_score: 0.314400]
Sun 15 Mar 2026 17:27:13 INFO  valid result: 
recall@1 : 0.1242    recall@2 : 0.2058    recall@3 : 0.2655    recall@4 : 0.3157    recall@5 : 0.3481    recall@10 : 0.4682    recall@20 : 0.5985    recall@30 : 0.661    recall@50 : 0.7479    ndcg@1 : 0.1937    ndcg@2 : 0.2195    ndcg@3 : 0.2412    ndcg@4 : 0.2606    ndcg@5 : 0.273    ndcg@10 : 0.3144    ndcg@20 : 0.3534    ndcg@30 : 0.3707    ndcg@50 : 0.3918    precision@1 : 0.1937    precision@2 : 0.1624    precision@3 : 0.1418    precision@4 : 0.1298    precision@5 : 0.1187    precision@10 : 0.0831    precision@20 : 0.0565    precision@30 : 0.0434    precision@50 : 0.0307    map@1 : 0.1937    map@2 : 0.1953    map@3 : 0.2021    map@4 : 0.2105    map@5 : 0.2157    map@10 : 0.232    map@20 : 0.2449    map@30 : 0.2498    map@50 : 0.2544
Sun 15 Mar 2026 17:27:13 INFO  Running E-step ! 
Sun 15 Mar 2026 17:27:18 INFO  epoch 6 training [time: 4.81s, train_loss1: 118.0047, train_loss2: 0.0000, train_loss3: 0.0115]
Sun 15 Mar 2026 17:27:19 INFO  epoch 6 evaluating [time: 1.58s, valid_score: 0.314500]
Sun 15 Mar 2026 17:27:19 INFO  valid result: 
recall@1 : 0.1236    recall@2 : 0.2055    recall@3 : 0.2652    recall@4 : 0.3155    recall@5 : 0.3489    recall@10 : 0.47    recall@20 : 0.5988    recall@30 : 0.6614    recall@50 : 0.7506    ndcg@1 : 0.1931    ndcg@2 : 0.2188    ndcg@3 : 0.2408    ndcg@4 : 0.2602    ndcg@5 : 0.273    ndcg@10 : 0.3145    ndcg@20 : 0.3529    ndcg@30 : 0.3704    ndcg@50 : 0.392    precision@1 : 0.1931    precision@2 : 0.1618    precision@3 : 0.1418    precision@4 : 0.1296    precision@5 : 0.1188    precision@10 : 0.0833    precision@20 : 0.0563    precision@30 : 0.0435    precision@50 : 0.0309    map@1 : 0.1931    map@2 : 0.1944    map@3 : 0.2015    map@4 : 0.2099    map@5 : 0.2154    map@10 : 0.2316    map@20 : 0.2442    map@30 : 0.2493    map@50 : 0.254
Sun 15 Mar 2026 17:27:19 INFO  Running E-step ! 
Sun 15 Mar 2026 17:27:24 INFO  epoch 7 training [time: 4.45s, train_loss1: 116.7010, train_loss2: 0.0000, train_loss3: 0.0115]
Sun 15 Mar 2026 17:27:25 INFO  epoch 7 evaluating [time: 1.57s, valid_score: 0.313900]
Sun 15 Mar 2026 17:27:25 INFO  valid result: 
recall@1 : 0.1242    recall@2 : 0.2047    recall@3 : 0.2642    recall@4 : 0.3136    recall@5 : 0.348    recall@10 : 0.4691    recall@20 : 0.5979    recall@30 : 0.661    recall@50 : 0.7527    ndcg@1 : 0.1919    ndcg@2 : 0.2187    ndcg@3 : 0.2404    ndcg@4 : 0.2592    ndcg@5 : 0.2723    ndcg@10 : 0.3139    ndcg@20 : 0.3526    ndcg@30 : 0.3703    ndcg@50 : 0.3923    precision@1 : 0.1919    precision@2 : 0.1615    precision@3 : 0.1416    precision@4 : 0.1289    precision@5 : 0.1182    precision@10 : 0.083    precision@20 : 0.0562    precision@30 : 0.0435    precision@50 : 0.031    map@1 : 0.1919    map@2 : 0.1943    map@3 : 0.2014    map@4 : 0.2094    map@5 : 0.2152    map@10 : 0.2314    map@20 : 0.2442    map@30 : 0.2493    map@50 : 0.2541
Sun 15 Mar 2026 17:27:25 INFO  Running E-step ! 
Sun 15 Mar 2026 17:27:30 INFO  epoch 8 training [time: 4.90s, train_loss1: 116.6085, train_loss2: 0.0000, train_loss3: 0.0116]
Sun 15 Mar 2026 17:27:32 INFO  epoch 8 evaluating [time: 1.58s, valid_score: 0.309800]
Sun 15 Mar 2026 17:27:32 INFO  valid result: 
recall@1 : 0.113    recall@2 : 0.205    recall@3 : 0.2656    recall@4 : 0.3165    recall@5 : 0.348    recall@10 : 0.4686    recall@20 : 0.6005    recall@30 : 0.6651    recall@50 : 0.7541    ndcg@1 : 0.1794    ndcg@2 : 0.215    ndcg@3 : 0.237    ndcg@4 : 0.2562    ndcg@5 : 0.2685    ndcg@10 : 0.3098    ndcg@20 : 0.3494    ndcg@30 : 0.3674    ndcg@50 : 0.3888    precision@1 : 0.1794    precision@2 : 0.1624    precision@3 : 0.1426    precision@4 : 0.1292    precision@5 : 0.1184    precision@10 : 0.0831    precision@20 : 0.0566    precision@30 : 0.0438    precision@50 : 0.031    map@1 : 0.1794    map@2 : 0.1891    map@3 : 0.1963    map@4 : 0.2047    map@5 : 0.21    map@10 : 0.226    map@20 : 0.2391    map@30 : 0.2443    map@50 : 0.249
Sun 15 Mar 2026 17:27:32 INFO  Running E-step ! 
Sun 15 Mar 2026 17:27:37 INFO  epoch 9 training [time: 4.96s, train_loss1: 114.9866, train_loss2: 0.0000, train_loss3: 0.0116]
Sun 15 Mar 2026 17:27:38 INFO  epoch 9 evaluating [time: 1.59s, valid_score: 0.312400]
Sun 15 Mar 2026 17:27:38 INFO  valid result: 
recall@1 : 0.12    recall@2 : 0.2045    recall@3 : 0.2628    recall@4 : 0.3152    recall@5 : 0.3507    recall@10 : 0.4677    recall@20 : 0.6031    recall@30 : 0.6664    recall@50 : 0.7523    ndcg@1 : 0.1889    ndcg@2 : 0.2182    ndcg@3 : 0.2387    ndcg@4 : 0.2586    ndcg@5 : 0.2724    ndcg@10 : 0.3124    ndcg@20 : 0.3531    ndcg@30 : 0.3709    ndcg@50 : 0.3915    precision@1 : 0.1889    precision@2 : 0.1633    precision@3 : 0.142    precision@4 : 0.1298    precision@5 : 0.1195    precision@10 : 0.083    precision@20 : 0.0572    precision@30 : 0.0441    precision@50 : 0.031    map@1 : 0.1889    map@2 : 0.1932    map@3 : 0.1991    map@4 : 0.2079    map@5 : 0.2139    map@10 : 0.2295    map@20 : 0.2429    map@30 : 0.2481    map@50 : 0.2526
Sun 15 Mar 2026 17:27:38 INFO  Running E-step ! 
Sun 15 Mar 2026 17:27:43 INFO  epoch 10 training [time: 4.83s, train_loss1: 114.8146, train_loss2: 0.0000, train_loss3: 0.0116]
Sun 15 Mar 2026 17:27:45 INFO  epoch 10 evaluating [time: 1.59s, valid_score: 0.316800]
Sun 15 Mar 2026 17:27:45 INFO  valid result: 
recall@1 : 0.1274    recall@2 : 0.2062    recall@3 : 0.267    recall@4 : 0.3164    recall@5 : 0.3485    recall@10 : 0.4708    recall@20 : 0.6057    recall@30 : 0.6727    recall@50 : 0.7595    ndcg@1 : 0.1979    ndcg@2 : 0.2218    ndcg@3 : 0.244    ndcg@4 : 0.2625    ndcg@5 : 0.2747    ndcg@10 : 0.3168    ndcg@20 : 0.3574    ndcg@30 : 0.3762    ndcg@50 : 0.3969    precision@1 : 0.1979    precision@2 : 0.1636    precision@3 : 0.1438    precision@4 : 0.1299    precision@5 : 0.1185    precision@10 : 0.0835    precision@20 : 0.0575    precision@30 : 0.0447    precision@50 : 0.0313    map@1 : 0.1979    map@2 : 0.1976    map@3 : 0.2046    map@4 : 0.2125    map@5 : 0.2178    map@10 : 0.2342    map@20 : 0.2477    map@30 : 0.2532    map@50 : 0.2577
Sun 15 Mar 2026 17:27:45 INFO  Saving current: saved/SCL-Mar-15-2026_17-26-34.pth
Sun 15 Mar 2026 17:27:45 INFO  Saving current best: saved/SCL-Mar-15-2026_17-26-34.pth
Sun 15 Mar 2026 17:27:45 INFO  Running E-step ! 
Sun 15 Mar 2026 17:27:50 INFO  epoch 11 training [time: 4.82s, train_loss1: 113.2659, train_loss2: 0.0000, train_loss3: 0.0117]
Sun 15 Mar 2026 17:27:51 INFO  epoch 11 evaluating [time: 1.58s, valid_score: 0.318700]
Sun 15 Mar 2026 17:27:51 INFO  valid result: 
recall@1 : 0.1282    recall@2 : 0.2054    recall@3 : 0.2661    recall@4 : 0.3176    recall@5 : 0.3501    recall@10 : 0.4742    recall@20 : 0.6098    recall@30 : 0.6786    recall@50 : 0.7668    ndcg@1 : 0.2002    ndcg@2 : 0.222    ndcg@3 : 0.2442    ndcg@4 : 0.2639    ndcg@5 : 0.2762    ndcg@10 : 0.3187    ndcg@20 : 0.3597    ndcg@30 : 0.3789    ndcg@50 : 0.3998    precision@1 : 0.2002    precision@2 : 0.1636    precision@3 : 0.144    precision@4 : 0.1316    precision@5 : 0.12    precision@10 : 0.0843    precision@20 : 0.0581    precision@30 : 0.0452    precision@50 : 0.0316    map@1 : 0.2002    map@2 : 0.198    map@3 : 0.2047    map@4 : 0.2133    map@5 : 0.2186    map@10 : 0.2352    map@20 : 0.2491    map@30 : 0.2546    map@50 : 0.2592
Sun 15 Mar 2026 17:27:51 INFO  Saving current: saved/SCL-Mar-15-2026_17-26-34.pth
Sun 15 Mar 2026 17:27:51 INFO  Saving current best: saved/SCL-Mar-15-2026_17-26-34.pth
Sun 15 Mar 2026 17:27:51 INFO  Running E-step ! 
Sun 15 Mar 2026 17:27:56 INFO  epoch 12 training [time: 4.81s, train_loss1: 110.8779, train_loss2: 0.0000, train_loss3: 0.0117]
Sun 15 Mar 2026 17:27:58 INFO  epoch 12 evaluating [time: 1.58s, valid_score: 0.319500]
Sun 15 Mar 2026 17:27:58 INFO  valid result: 
recall@1 : 0.1258    recall@2 : 0.2051    recall@3 : 0.2686    recall@4 : 0.3172    recall@5 : 0.3514    recall@10 : 0.477    recall@20 : 0.6153    recall@30 : 0.6866    recall@50 : 0.771    ndcg@1 : 0.1973    ndcg@2 : 0.2213    ndcg@3 : 0.2451    ndcg@4 : 0.2629    ndcg@5 : 0.2761    ndcg@10 : 0.3195    ndcg@20 : 0.3616    ndcg@30 : 0.3811    ndcg@50 : 0.4011    precision@1 : 0.1973    precision@2 : 0.1642    precision@3 : 0.1462    precision@4 : 0.131    precision@5 : 0.1204    precision@10 : 0.0852    precision@20 : 0.059    precision@30 : 0.0457    precision@50 : 0.0318    map@1 : 0.1973    map@2 : 0.1968    map@3 : 0.2047    map@4 : 0.2122    map@5 : 0.2179    map@10 : 0.2351    map@20 : 0.2495    map@30 : 0.2551    map@50 : 0.2595
Sun 15 Mar 2026 17:27:58 INFO  Saving current: saved/SCL-Mar-15-2026_17-26-34.pth
Sun 15 Mar 2026 17:27:58 INFO  Saving current best: saved/SCL-Mar-15-2026_17-26-34.pth
Sun 15 Mar 2026 17:27:58 INFO  Running E-step ! 
Sun 15 Mar 2026 17:28:02 INFO  epoch 13 training [time: 4.85s, train_loss1: 107.1675, train_loss2: 0.0000, train_loss3: 0.0117]
Sun 15 Mar 2026 17:28:04 INFO  epoch 13 evaluating [time: 1.58s, valid_score: 0.321200]
Sun 15 Mar 2026 17:28:04 INFO  valid result: 
recall@1 : 0.1253    recall@2 : 0.2044    recall@3 : 0.2688    recall@4 : 0.3203    recall@5 : 0.3532    recall@10 : 0.4804    recall@20 : 0.6186    recall@30 : 0.6906    recall@50 : 0.779    ndcg@1 : 0.1973    ndcg@2 : 0.2204    ndcg@3 : 0.2456    ndcg@4 : 0.2649    ndcg@5 : 0.2773    ndcg@10 : 0.3212    ndcg@20 : 0.3631    ndcg@30 : 0.3829    ndcg@50 : 0.4038    precision@1 : 0.1973    precision@2 : 0.1633    precision@3 : 0.1476    precision@4 : 0.1336    precision@5 : 0.1218    precision@10 : 0.0859    precision@20 : 0.0594    precision@30 : 0.046    precision@50 : 0.0321    map@1 : 0.1973    map@2 : 0.1961    map@3 : 0.2051    map@4 : 0.2134    map@5 : 0.2187    map@10 : 0.2363    map@20 : 0.2504    map@30 : 0.2563    map@50 : 0.2609
Sun 15 Mar 2026 17:28:04 INFO  Saving current: saved/SCL-Mar-15-2026_17-26-34.pth
Sun 15 Mar 2026 17:28:04 INFO  Saving current best: saved/SCL-Mar-15-2026_17-26-34.pth
Sun 15 Mar 2026 17:28:04 INFO  Running E-step ! 
Sun 15 Mar 2026 17:28:08 INFO  epoch 14 training [time: 4.40s, train_loss1: 105.5837, train_loss2: 0.0000, train_loss3: 0.0117]
Sun 15 Mar 2026 17:28:10 INFO  epoch 14 evaluating [time: 1.58s, valid_score: 0.325800]
Sun 15 Mar 2026 17:28:10 INFO  valid result: 
recall@1 : 0.1263    recall@2 : 0.2113    recall@3 : 0.2716    recall@4 : 0.3227    recall@5 : 0.3592    recall@10 : 0.4868    recall@20 : 0.6214    recall@30 : 0.6978    recall@50 : 0.7788    ndcg@1 : 0.1996    ndcg@2 : 0.2271    ndcg@3 : 0.2493    ndcg@4 : 0.2688    ndcg@5 : 0.2819    ndcg@10 : 0.3258    ndcg@20 : 0.3667    ndcg@30 : 0.3876    ndcg@50 : 0.4071    precision@1 : 0.1996    precision@2 : 0.1698    precision@3 : 0.1498    precision@4 : 0.1366    precision@5 : 0.1238    precision@10 : 0.0872    precision@20 : 0.0597    precision@30 : 0.0466    precision@50 : 0.0323    map@1 : 0.1996    map@2 : 0.201    map@3 : 0.2087    map@4 : 0.2171    map@5 : 0.2224    map@10 : 0.24    map@20 : 0.2539    map@30 : 0.2602    map@50 : 0.2646
Sun 15 Mar 2026 17:28:10 INFO  Saving current: saved/SCL-Mar-15-2026_17-26-34.pth
Sun 15 Mar 2026 17:28:10 INFO  Saving current best: saved/SCL-Mar-15-2026_17-26-34.pth
Sun 15 Mar 2026 17:28:10 INFO  Running E-step ! 
Sun 15 Mar 2026 17:28:15 INFO  epoch 15 training [time: 4.87s, train_loss1: 105.0246, train_loss2: 0.0000, train_loss3: 0.0118]
Sun 15 Mar 2026 17:28:16 INFO  epoch 15 evaluating [time: 1.57s, valid_score: 0.329400]
Sun 15 Mar 2026 17:28:16 INFO  valid result: 
recall@1 : 0.1298    recall@2 : 0.2115    recall@3 : 0.2695    recall@4 : 0.3204    recall@5 : 0.3665    recall@10 : 0.4902    recall@20 : 0.6267    recall@30 : 0.6991    recall@50 : 0.7855    ndcg@1 : 0.2044    ndcg@2 : 0.23    ndcg@3 : 0.2496    ndcg@4 : 0.2694    ndcg@5 : 0.2867    ndcg@10 : 0.3294    ndcg@20 : 0.3703    ndcg@30 : 0.3904    ndcg@50 : 0.4109    precision@1 : 0.2044    precision@2 : 0.1716    precision@3 : 0.1488    precision@4 : 0.1366    precision@5 : 0.1272    precision@10 : 0.0886    precision@20 : 0.0602    precision@30 : 0.0469    precision@50 : 0.0326    map@1 : 0.2044    map@2 : 0.2043    map@3 : 0.2094    map@4 : 0.2181    map@5 : 0.2262    map@10 : 0.2434    map@20 : 0.257    map@30 : 0.2632    map@50 : 0.2677
Sun 15 Mar 2026 17:28:16 INFO  Saving current: saved/SCL-Mar-15-2026_17-26-34.pth
Sun 15 Mar 2026 17:28:16 INFO  Saving current best: saved/SCL-Mar-15-2026_17-26-34.pth
Sun 15 Mar 2026 17:28:16 INFO  Running E-step ! 
Sun 15 Mar 2026 17:28:21 INFO  epoch 16 training [time: 4.73s, train_loss1: 101.6768, train_loss2: 0.0000, train_loss3: 0.0118]
Sun 15 Mar 2026 17:28:23 INFO  epoch 16 evaluating [time: 1.59s, valid_score: 0.331000]
Sun 15 Mar 2026 17:28:23 INFO  valid result: 
recall@1 : 0.1288    recall@2 : 0.2164    recall@3 : 0.2704    recall@4 : 0.323    recall@5 : 0.3657    recall@10 : 0.4917    recall@20 : 0.6287    recall@30 : 0.7018    recall@50 : 0.7878    ndcg@1 : 0.2044    ndcg@2 : 0.2327    ndcg@3 : 0.2509    ndcg@4 : 0.2712    ndcg@5 : 0.2871    ndcg@10 : 0.331    ndcg@20 : 0.3721    ndcg@30 : 0.3922    ndcg@50 : 0.4127    precision@1 : 0.2044    precision@2 : 0.1746    precision@3 : 0.15    precision@4 : 0.1378    precision@5 : 0.1273    precision@10 : 0.0892    precision@20 : 0.0604    precision@30 : 0.0469    precision@50 : 0.0326    map@1 : 0.2044    map@2 : 0.206    map@3 : 0.2106    map@4 : 0.2196    map@5 : 0.2268    map@10 : 0.245    map@20 : 0.2587    map@30 : 0.2648    map@50 : 0.2694
Sun 15 Mar 2026 17:28:23 INFO  Saving current: saved/SCL-Mar-15-2026_17-26-34.pth
Sun 15 Mar 2026 17:28:23 INFO  Saving current best: saved/SCL-Mar-15-2026_17-26-34.pth
Sun 15 Mar 2026 17:28:23 INFO  Running E-step ! 
Sun 15 Mar 2026 17:28:28 INFO  epoch 17 training [time: 5.00s, train_loss1: 101.0345, train_loss2: 0.0000, train_loss3: 0.0118]
Sun 15 Mar 2026 17:28:29 INFO  epoch 17 evaluating [time: 1.58s, valid_score: 0.334100]
Sun 15 Mar 2026 17:28:29 INFO  valid result: 
recall@1 : 0.1311    recall@2 : 0.2174    recall@3 : 0.2732    recall@4 : 0.3261    recall@5 : 0.3683    recall@10 : 0.4947    recall@20 : 0.6311    recall@30 : 0.7052    recall@50 : 0.7895    ndcg@1 : 0.2098    ndcg@2 : 0.2357    ndcg@3 : 0.2544    ndcg@4 : 0.2743    ndcg@5 : 0.29    ndcg@10 : 0.3341    ndcg@20 : 0.3751    ndcg@30 : 0.3952    ndcg@50 : 0.4153    precision@1 : 0.2098    precision@2 : 0.1764    precision@3 : 0.1522    precision@4 : 0.139    precision@5 : 0.1282    precision@10 : 0.0898    precision@20 : 0.0608    precision@30 : 0.0471    precision@50 : 0.0327    map@1 : 0.2098    map@2 : 0.2086    map@3 : 0.2136    map@4 : 0.2221    map@5 : 0.2293    map@10 : 0.2478    map@20 : 0.2615    map@30 : 0.2674    map@50 : 0.272
Sun 15 Mar 2026 17:28:29 INFO  Saving current: saved/SCL-Mar-15-2026_17-26-34.pth
Sun 15 Mar 2026 17:28:29 INFO  Saving current best: saved/SCL-Mar-15-2026_17-26-34.pth
Sun 15 Mar 2026 17:28:29 INFO  Running E-step ! 
Sun 15 Mar 2026 17:28:34 INFO  epoch 18 training [time: 4.73s, train_loss1: 98.9661, train_loss2: 0.0000, train_loss3: 0.0118]
Sun 15 Mar 2026 17:28:36 INFO  epoch 18 evaluating [time: 1.58s, valid_score: 0.338300]
Sun 15 Mar 2026 17:28:36 INFO  valid result: 
recall@1 : 0.134    recall@2 : 0.2191    recall@3 : 0.2801    recall@4 : 0.3306    recall@5 : 0.3721    recall@10 : 0.5001    recall@20 : 0.6332    recall@30 : 0.705    recall@50 : 0.794    ndcg@1 : 0.2128    ndcg@2 : 0.2381    ndcg@3 : 0.2602    ndcg@4 : 0.2785    ndcg@5 : 0.2938    ndcg@10 : 0.3383    ndcg@20 : 0.3784    ndcg@30 : 0.398    ndcg@50 : 0.4192    precision@1 : 0.2128    precision@2 : 0.1776    precision@3 : 0.1571    precision@4 : 0.1412    precision@5 : 0.1297    precision@10 : 0.0905    precision@20 : 0.0611    precision@30 : 0.0471    precision@50 : 0.0328    map@1 : 0.2128    map@2 : 0.211    map@3 : 0.2183    map@4 : 0.2262    map@5 : 0.2328    map@10 : 0.2515    map@20 : 0.265    map@30 : 0.2708    map@50 : 0.2756
Sun 15 Mar 2026 17:28:36 INFO  Saving current: saved/SCL-Mar-15-2026_17-26-34.pth
Sun 15 Mar 2026 17:28:36 INFO  Saving current best: saved/SCL-Mar-15-2026_17-26-34.pth
Sun 15 Mar 2026 17:28:36 INFO  Running E-step ! 
Sun 15 Mar 2026 17:28:40 INFO  epoch 19 training [time: 4.74s, train_loss1: 97.3536, train_loss2: 0.0000, train_loss3: 0.0118]
Sun 15 Mar 2026 17:28:42 INFO  epoch 19 evaluating [time: 1.58s, valid_score: 0.337800]
Sun 15 Mar 2026 17:28:42 INFO  valid result: 
recall@1 : 0.1311    recall@2 : 0.2195    recall@3 : 0.278    recall@4 : 0.3304    recall@5 : 0.3747    recall@10 : 0.5011    recall@20 : 0.6357    recall@30 : 0.7043    recall@50 : 0.7966    ndcg@1 : 0.2128    ndcg@2 : 0.2382    ndcg@3 : 0.2585    ndcg@4 : 0.2777    ndcg@5 : 0.2938    ndcg@10 : 0.3378    ndcg@20 : 0.3784    ndcg@30 : 0.3971    ndcg@50 : 0.4191    precision@1 : 0.2128    precision@2 : 0.1782    precision@3 : 0.1561    precision@4 : 0.1414    precision@5 : 0.1299    precision@10 : 0.0908    precision@20 : 0.0614    precision@30 : 0.047    precision@50 : 0.033    map@1 : 0.2128    map@2 : 0.2108    map@3 : 0.2165    map@4 : 0.2248    map@5 : 0.232    map@10 : 0.2503    map@20 : 0.2641    map@30 : 0.2695    map@50 : 0.2746
Sun 15 Mar 2026 17:28:42 INFO  Running E-step ! 
Sun 15 Mar 2026 17:28:47 INFO  epoch 20 training [time: 5.40s, train_loss1: 96.2593, train_loss2: 0.0000, train_loss3: 0.0118, train_loss4: 0.0050]
Sun 15 Mar 2026 17:28:49 INFO  epoch 20 evaluating [time: 1.59s, valid_score: 0.338400]
Sun 15 Mar 2026 17:28:49 INFO  valid result: 
recall@1 : 0.1289    recall@2 : 0.2206    recall@3 : 0.2777    recall@4 : 0.3357    recall@5 : 0.3782    recall@10 : 0.5028    recall@20 : 0.6368    recall@30 : 0.7074    recall@50 : 0.8017    ndcg@1 : 0.2092    ndcg@2 : 0.2389    ndcg@3 : 0.2574    ndcg@4 : 0.2796    ndcg@5 : 0.2948    ndcg@10 : 0.3384    ndcg@20 : 0.3787    ndcg@30 : 0.3979    ndcg@50 : 0.4202    precision@1 : 0.2092    precision@2 : 0.1806    precision@3 : 0.1557    precision@4 : 0.1436    precision@5 : 0.1308    precision@10 : 0.0913    precision@20 : 0.0617    precision@30 : 0.0473    precision@50 : 0.0332    map@1 : 0.2092    map@2 : 0.2108    map@3 : 0.2156    map@4 : 0.2256    map@5 : 0.2323    map@10 : 0.2505    map@20 : 0.2642    map@30 : 0.2697    map@50 : 0.2749
Sun 15 Mar 2026 17:28:49 INFO  Saving current: saved/SCL-Mar-15-2026_17-26-34.pth
Sun 15 Mar 2026 17:28:49 INFO  Saving current best: saved/SCL-Mar-15-2026_17-26-34.pth
Sun 15 Mar 2026 17:28:49 INFO  Running E-step ! 
Sun 15 Mar 2026 17:28:54 INFO  epoch 21 training [time: 5.28s, train_loss1: 94.4634, train_loss2: 0.0000, train_loss3: 0.0118, train_loss4: 0.0035]
Sun 15 Mar 2026 17:28:56 INFO  epoch 21 evaluating [time: 1.59s, valid_score: 0.338800]
Sun 15 Mar 2026 17:28:56 INFO  valid result: 
recall@1 : 0.1295    recall@2 : 0.2176    recall@3 : 0.2795    recall@4 : 0.3378    recall@5 : 0.3766    recall@10 : 0.5033    recall@20 : 0.6342    recall@30 : 0.7081    recall@50 : 0.8005    ndcg@1 : 0.2092    ndcg@2 : 0.2368    ndcg@3 : 0.2586    ndcg@4 : 0.2805    ndcg@5 : 0.2946    ndcg@10 : 0.3388    ndcg@20 : 0.3781    ndcg@30 : 0.3982    ndcg@50 : 0.4202    precision@1 : 0.2092    precision@2 : 0.1785    precision@3 : 0.1575    precision@4 : 0.1444    precision@5 : 0.1311    precision@10 : 0.0918    precision@20 : 0.0614    precision@30 : 0.0475    precision@50 : 0.0332    map@1 : 0.2092    map@2 : 0.2092    map@3 : 0.2165    map@4 : 0.2265    map@5 : 0.2324    map@10 : 0.2511    map@20 : 0.2644    map@30 : 0.2702    map@50 : 0.2753
Sun 15 Mar 2026 17:28:56 INFO  Saving current: saved/SCL-Mar-15-2026_17-26-34.pth
Sun 15 Mar 2026 17:28:56 INFO  Saving current best: saved/SCL-Mar-15-2026_17-26-34.pth
Sun 15 Mar 2026 17:28:56 INFO  Running E-step ! 
Sun 15 Mar 2026 17:29:01 INFO  epoch 22 training [time: 5.31s, train_loss1: 91.3600, train_loss2: 0.0000, train_loss3: 0.0118, train_loss4: 0.0034]
Sun 15 Mar 2026 17:29:03 INFO  epoch 22 evaluating [time: 1.70s, valid_score: 0.338500]
Sun 15 Mar 2026 17:29:03 INFO  valid result: 
recall@1 : 0.1276    recall@2 : 0.2189    recall@3 : 0.2794    recall@4 : 0.3347    recall@5 : 0.3754    recall@10 : 0.5026    recall@20 : 0.6325    recall@30 : 0.7107    recall@50 : 0.8033    ndcg@1 : 0.2086    ndcg@2 : 0.2377    ndcg@3 : 0.2585    ndcg@4 : 0.279    ndcg@5 : 0.2939    ndcg@10 : 0.3385    ndcg@20 : 0.3774    ndcg@30 : 0.3985    ndcg@50 : 0.4205    precision@1 : 0.2086    precision@2 : 0.1803    precision@3 : 0.1583    precision@4 : 0.1439    precision@5 : 0.1316    precision@10 : 0.0926    precision@20 : 0.0615    precision@30 : 0.0477    precision@50 : 0.0333    map@1 : 0.2086    map@2 : 0.2101    map@3 : 0.216    map@4 : 0.2249    map@5 : 0.2314    map@10 : 0.2505    map@20 : 0.2636    map@30 : 0.2697    map@50 : 0.2748
Sun 15 Mar 2026 17:29:03 INFO  Running E-step ! 
Sun 15 Mar 2026 17:29:08 INFO  epoch 23 training [time: 4.71s, train_loss1: 90.5025, train_loss2: 0.0000, train_loss3: 0.0118, train_loss4: 0.0033]
Sun 15 Mar 2026 17:29:09 INFO  epoch 23 evaluating [time: 1.58s, valid_score: 0.338500]
Sun 15 Mar 2026 17:29:09 INFO  valid result: 
recall@1 : 0.1295    recall@2 : 0.2196    recall@3 : 0.2768    recall@4 : 0.3284    recall@5 : 0.3712    recall@10 : 0.5015    recall@20 : 0.6309    recall@30 : 0.7087    recall@50 : 0.7977    ndcg@1 : 0.2098    ndcg@2 : 0.2389    ndcg@3 : 0.2579    ndcg@4 : 0.2768    ndcg@5 : 0.2926    ndcg@10 : 0.3385    ndcg@20 : 0.3774    ndcg@30 : 0.3986    ndcg@50 : 0.4197    precision@1 : 0.2098    precision@2 : 0.1812    precision@3 : 0.1577    precision@4 : 0.1423    precision@5 : 0.1306    precision@10 : 0.0924    precision@20 : 0.0615    precision@30 : 0.0478    precision@50 : 0.0332    map@1 : 0.2098    map@2 : 0.2122    map@3 : 0.2161    map@4 : 0.2242    map@5 : 0.2311    map@10 : 0.2509    map@20 : 0.2642    map@30 : 0.2704    map@50 : 0.2753
Sun 15 Mar 2026 17:29:09 INFO  Running E-step ! 
Sun 15 Mar 2026 17:29:15 INFO  epoch 24 training [time: 5.49s, train_loss1: 89.1659, train_loss2: 0.0000, train_loss3: 0.0117, train_loss4: 0.0034]
Sun 15 Mar 2026 17:29:16 INFO  epoch 24 evaluating [time: 1.57s, valid_score: 0.338100]
Sun 15 Mar 2026 17:29:16 INFO  valid result: 
recall@1 : 0.127    recall@2 : 0.2178    recall@3 : 0.2778    recall@4 : 0.3298    recall@5 : 0.3706    recall@10 : 0.5021    recall@20 : 0.6341    recall@30 : 0.7068    recall@50 : 0.7984    ndcg@1 : 0.2062    ndcg@2 : 0.2366    ndcg@3 : 0.2575    ndcg@4 : 0.2765    ndcg@5 : 0.2913    ndcg@10 : 0.3381    ndcg@20 : 0.3777    ndcg@30 : 0.3975    ndcg@50 : 0.4192    precision@1 : 0.2062    precision@2 : 0.18    precision@3 : 0.1587    precision@4 : 0.1435    precision@5 : 0.1305    precision@10 : 0.0931    precision@20 : 0.0621    precision@30 : 0.0478    precision@50 : 0.0333    map@1 : 0.2062    map@2 : 0.2096    map@3 : 0.2153    map@4 : 0.2232    map@5 : 0.2296    map@10 : 0.2501    map@20 : 0.2635    map@30 : 0.2694    map@50 : 0.2744
Sun 15 Mar 2026 17:29:16 INFO  Running E-step ! 
Sun 15 Mar 2026 17:29:22 INFO  epoch 25 training [time: 5.51s, train_loss1: 88.4421, train_loss2: 0.0000, train_loss3: 0.0117, train_loss4: 0.0035]
Sun 15 Mar 2026 17:29:23 INFO  epoch 25 evaluating [time: 1.59s, valid_score: 0.339800]
Sun 15 Mar 2026 17:29:23 INFO  valid result: 
recall@1 : 0.127    recall@2 : 0.2169    recall@3 : 0.2785    recall@4 : 0.3311    recall@5 : 0.3754    recall@10 : 0.5052    recall@20 : 0.6378    recall@30 : 0.7111    recall@50 : 0.7999    ndcg@1 : 0.208    ndcg@2 : 0.2361    ndcg@3 : 0.2579    ndcg@4 : 0.2774    ndcg@5 : 0.2939    ndcg@10 : 0.3398    ndcg@20 : 0.3795    ndcg@30 : 0.3992    ndcg@50 : 0.4202    precision@1 : 0.208    precision@2 : 0.1791    precision@3 : 0.1593    precision@4 : 0.1447    precision@5 : 0.1331    precision@10 : 0.0939    precision@20 : 0.0626    precision@30 : 0.0481    precision@50 : 0.0334    map@1 : 0.208    map@2 : 0.209    map@3 : 0.2153    map@4 : 0.2236    map@5 : 0.231    map@10 : 0.2509    map@20 : 0.2644    map@30 : 0.2703    map@50 : 0.2751
Sun 15 Mar 2026 17:29:23 INFO  Saving current: saved/SCL-Mar-15-2026_17-26-34.pth
Sun 15 Mar 2026 17:29:23 INFO  Saving current best: saved/SCL-Mar-15-2026_17-26-34.pth
Sun 15 Mar 2026 17:29:23 INFO  Running E-step ! 
Sun 15 Mar 2026 17:29:29 INFO  epoch 26 training [time: 5.56s, train_loss1: 86.4377, train_loss2: 0.0000, train_loss3: 0.0117, train_loss4: 0.0030]
Sun 15 Mar 2026 17:29:31 INFO  epoch 26 evaluating [time: 1.58s, valid_score: 0.338300]
Sun 15 Mar 2026 17:29:31 INFO  valid result: 
recall@1 : 0.1237    recall@2 : 0.2157    recall@3 : 0.2768    recall@4 : 0.332    recall@5 : 0.3754    recall@10 : 0.5052    recall@20 : 0.6354    recall@30 : 0.7088    recall@50 : 0.8002    ndcg@1 : 0.2038    ndcg@2 : 0.2343    ndcg@3 : 0.2559    ndcg@4 : 0.2763    ndcg@5 : 0.2926    ndcg@10 : 0.3383    ndcg@20 : 0.3778    ndcg@30 : 0.3977    ndcg@50 : 0.4193    precision@1 : 0.2038    precision@2 : 0.1788    precision@3 : 0.1595    precision@4 : 0.1448    precision@5 : 0.1336    precision@10 : 0.0936    precision@20 : 0.0625    precision@30 : 0.0481    precision@50 : 0.0335    map@1 : 0.2038    map@2 : 0.2074    map@3 : 0.2135    map@4 : 0.222    map@5 : 0.2295    map@10 : 0.2493    map@20 : 0.2628    map@30 : 0.2688    map@50 : 0.2738
Sun 15 Mar 2026 17:29:31 INFO  Running E-step ! 
Sun 15 Mar 2026 17:29:36 INFO  epoch 27 training [time: 5.15s, train_loss1: 86.2719, train_loss2: 0.0000, train_loss3: 0.0117, train_loss4: 0.0034]
Sun 15 Mar 2026 17:29:37 INFO  epoch 27 evaluating [time: 1.58s, valid_score: 0.344200]
Sun 15 Mar 2026 17:29:37 INFO  valid result: 
recall@1 : 0.1314    recall@2 : 0.2218    recall@3 : 0.2785    recall@4 : 0.3316    recall@5 : 0.3779    recall@10 : 0.5102    recall@20 : 0.6377    recall@30 : 0.7104    recall@50 : 0.8007    ndcg@1 : 0.2151    ndcg@2 : 0.2415    ndcg@3 : 0.2606    ndcg@4 : 0.2803    ndcg@5 : 0.2978    ndcg@10 : 0.3442    ndcg@20 : 0.3829    ndcg@30 : 0.4025    ndcg@50 : 0.424    precision@1 : 0.2151    precision@2 : 0.1821    precision@3 : 0.1599    precision@4 : 0.1454    precision@5 : 0.1346    precision@10 : 0.0943    precision@20 : 0.063    precision@30 : 0.0483    precision@50 : 0.0336    map@1 : 0.2151    map@2 : 0.2144    map@3 : 0.2186    map@4 : 0.2269    map@5 : 0.2347    map@10 : 0.2549    map@20 : 0.2684    map@30 : 0.2742    map@50 : 0.2792
Sun 15 Mar 2026 17:29:37 INFO  Saving current: saved/SCL-Mar-15-2026_17-26-34.pth
Sun 15 Mar 2026 17:29:37 INFO  Saving current best: saved/SCL-Mar-15-2026_17-26-34.pth
Sun 15 Mar 2026 17:29:37 INFO  Running E-step ! 
Sun 15 Mar 2026 17:29:43 INFO  epoch 28 training [time: 5.41s, train_loss1: 84.4390, train_loss2: 0.0000, train_loss3: 0.0117, train_loss4: 0.0027]
Sun 15 Mar 2026 17:29:44 INFO  epoch 28 evaluating [time: 1.58s, valid_score: 0.344900]
Sun 15 Mar 2026 17:29:44 INFO  valid result: 
recall@1 : 0.1316    recall@2 : 0.2191    recall@3 : 0.2867    recall@4 : 0.3355    recall@5 : 0.3817    recall@10 : 0.5089    recall@20 : 0.6388    recall@30 : 0.7096    recall@50 : 0.7992    ndcg@1 : 0.2151    ndcg@2 : 0.2389    ndcg@3 : 0.2645    ndcg@4 : 0.2826    ndcg@5 : 0.2997    ndcg@10 : 0.3449    ndcg@20 : 0.3839    ndcg@30 : 0.4032    ndcg@50 : 0.4245    precision@1 : 0.2151    precision@2 : 0.1794    precision@3 : 0.1625    precision@4 : 0.1469    precision@5 : 0.1353    precision@10 : 0.0948    precision@20 : 0.0628    precision@30 : 0.0483    precision@50 : 0.0336    map@1 : 0.2151    map@2 : 0.212    map@3 : 0.2209    map@4 : 0.2285    map@5 : 0.2361    map@10 : 0.2558    map@20 : 0.2693    map@30 : 0.2752    map@50 : 0.2802
Sun 15 Mar 2026 17:29:44 INFO  Saving current: saved/SCL-Mar-15-2026_17-26-34.pth
Sun 15 Mar 2026 17:29:44 INFO  Saving current best: saved/SCL-Mar-15-2026_17-26-34.pth
Sun 15 Mar 2026 17:29:44 INFO  Running E-step ! 
Sun 15 Mar 2026 17:29:50 INFO  epoch 29 training [time: 5.58s, train_loss1: 83.2044, train_loss2: 0.0000, train_loss3: 0.0117, train_loss4: 0.0032]
Sun 15 Mar 2026 17:29:52 INFO  epoch 29 evaluating [time: 1.58s, valid_score: 0.346500]
Sun 15 Mar 2026 17:29:52 INFO  valid result: 
recall@1 : 0.1321    recall@2 : 0.2236    recall@3 : 0.2889    recall@4 : 0.3369    recall@5 : 0.3842    recall@10 : 0.5107    recall@20 : 0.6417    recall@30 : 0.7129    recall@50 : 0.8001    ndcg@1 : 0.2133    ndcg@2 : 0.2421    ndcg@3 : 0.266    ndcg@4 : 0.284    ndcg@5 : 0.3019    ndcg@10 : 0.3465    ndcg@20 : 0.386    ndcg@30 : 0.4054    ndcg@50 : 0.4263    precision@1 : 0.2133    precision@2 : 0.183    precision@3 : 0.1633    precision@4 : 0.1473    precision@5 : 0.1365    precision@10 : 0.0952    precision@20 : 0.0631    precision@30 : 0.0485    precision@50 : 0.0336    map@1 : 0.2133    map@2 : 0.2142    map@3 : 0.2226    map@4 : 0.2299    map@5 : 0.2382    map@10 : 0.2576    map@20 : 0.2713    map@30 : 0.2772    map@50 : 0.2821
Sun 15 Mar 2026 17:29:52 INFO  Saving current: saved/SCL-Mar-15-2026_17-26-34.pth
Sun 15 Mar 2026 17:29:52 INFO  Saving current best: saved/SCL-Mar-15-2026_17-26-34.pth
Sun 15 Mar 2026 17:29:52 INFO  Running E-step ! 
Sun 15 Mar 2026 17:29:57 INFO  epoch 30 training [time: 5.47s, train_loss1: 80.4053, train_loss2: 0.0000, train_loss3: 0.0117, train_loss4: 0.0029]
Sun 15 Mar 2026 17:29:59 INFO  epoch 30 evaluating [time: 1.58s, valid_score: 0.348800]
Sun 15 Mar 2026 17:29:59 INFO  valid result: 
recall@1 : 0.1332    recall@2 : 0.2259    recall@3 : 0.2949    recall@4 : 0.3417    recall@5 : 0.3822    recall@10 : 0.5133    recall@20 : 0.6393    recall@30 : 0.716    recall@50 : 0.8    ndcg@1 : 0.2145    ndcg@2 : 0.2441    ndcg@3 : 0.2696    ndcg@4 : 0.287    ndcg@5 : 0.3022    ndcg@10 : 0.3488    ndcg@20 : 0.3868    ndcg@30 : 0.4075    ndcg@50 : 0.4277    precision@1 : 0.2145    precision@2 : 0.1844    precision@3 : 0.1653    precision@4 : 0.1481    precision@5 : 0.1354    precision@10 : 0.0957    precision@20 : 0.0629    precision@30 : 0.0486    precision@50 : 0.0336    map@1 : 0.2145    map@2 : 0.2162    map@3 : 0.2252    map@4 : 0.2324    map@5 : 0.239    map@10 : 0.2595    map@20 : 0.2728    map@30 : 0.2789    map@50 : 0.2838
Sun 15 Mar 2026 17:29:59 INFO  Saving current: saved/SCL-Mar-15-2026_17-26-34.pth
Sun 15 Mar 2026 17:29:59 INFO  Saving current best: saved/SCL-Mar-15-2026_17-26-34.pth
Sun 15 Mar 2026 17:29:59 INFO  Running E-step ! 
Sun 15 Mar 2026 17:30:04 INFO  epoch 31 training [time: 5.40s, train_loss1: 79.0893, train_loss2: 0.0000, train_loss3: 0.0117, train_loss4: 0.0028]
Sun 15 Mar 2026 17:30:06 INFO  epoch 31 evaluating [time: 1.58s, valid_score: 0.350000]
Sun 15 Mar 2026 17:30:06 INFO  valid result: 
recall@1 : 0.1343    recall@2 : 0.2252    recall@3 : 0.2933    recall@4 : 0.339    recall@5 : 0.3877    recall@10 : 0.5164    recall@20 : 0.643    recall@30 : 0.7171    recall@50 : 0.7988    ndcg@1 : 0.2151    ndcg@2 : 0.2443    ndcg@3 : 0.2687    ndcg@4 : 0.2861    ndcg@5 : 0.3046    ndcg@10 : 0.35    ndcg@20 : 0.3882    ndcg@30 : 0.4082    ndcg@50 : 0.428    precision@1 : 0.2151    precision@2 : 0.1847    precision@3 : 0.1641    precision@4 : 0.1478    precision@5 : 0.1372    precision@10 : 0.0961    precision@20 : 0.0633    precision@30 : 0.0487    precision@50 : 0.0336    map@1 : 0.2151    map@2 : 0.2163    map@3 : 0.225    map@4 : 0.2321    map@5 : 0.2403    map@10 : 0.2603    map@20 : 0.2736    map@30 : 0.2796    map@50 : 0.2844
Sun 15 Mar 2026 17:30:06 INFO  Saving current: saved/SCL-Mar-15-2026_17-26-34.pth
Sun 15 Mar 2026 17:30:06 INFO  Saving current best: saved/SCL-Mar-15-2026_17-26-34.pth
Sun 15 Mar 2026 17:30:06 INFO  Running E-step ! 
Sun 15 Mar 2026 17:30:11 INFO  epoch 32 training [time: 5.25s, train_loss1: 78.4007, train_loss2: 0.0000, train_loss3: 0.0117, train_loss4: 0.0027]
Sun 15 Mar 2026 17:30:12 INFO  epoch 32 evaluating [time: 1.58s, valid_score: 0.350800]
Sun 15 Mar 2026 17:30:12 INFO  valid result: 
recall@1 : 0.135    recall@2 : 0.2292    recall@3 : 0.2948    recall@4 : 0.3429    recall@5 : 0.3838    recall@10 : 0.516    recall@20 : 0.6446    recall@30 : 0.7165    recall@50 : 0.8    ndcg@1 : 0.2163    ndcg@2 : 0.2486    ndcg@3 : 0.2718    ndcg@4 : 0.2891    ndcg@5 : 0.3043    ndcg@10 : 0.3508    ndcg@20 : 0.3898    ndcg@30 : 0.4093    ndcg@50 : 0.4295    precision@1 : 0.2163    precision@2 : 0.1892    precision@3 : 0.1675    precision@4 : 0.149    precision@5 : 0.1361    precision@10 : 0.0956    precision@20 : 0.0636    precision@30 : 0.0487    precision@50 : 0.0337    map@1 : 0.2163    map@2 : 0.2198    map@3 : 0.2277    map@4 : 0.2343    map@5 : 0.241    map@10 : 0.2613    map@20 : 0.275    map@30 : 0.2809    map@50 : 0.2858
Sun 15 Mar 2026 17:30:12 INFO  Saving current: saved/SCL-Mar-15-2026_17-26-34.pth
Sun 15 Mar 2026 17:30:12 INFO  Saving current best: saved/SCL-Mar-15-2026_17-26-34.pth
Sun 15 Mar 2026 17:30:12 INFO  Running E-step ! 
Sun 15 Mar 2026 17:30:18 INFO  epoch 33 training [time: 5.51s, train_loss1: 76.9820, train_loss2: 0.0000, train_loss3: 0.0117, train_loss4: 0.0027]
Sun 15 Mar 2026 17:30:20 INFO  epoch 33 evaluating [time: 1.58s, valid_score: 0.351600]
Sun 15 Mar 2026 17:30:20 INFO  valid result: 
recall@1 : 0.1363    recall@2 : 0.23    recall@3 : 0.2909    recall@4 : 0.3424    recall@5 : 0.3853    recall@10 : 0.5159    recall@20 : 0.6458    recall@30 : 0.7174    recall@50 : 0.7995    ndcg@1 : 0.2187    ndcg@2 : 0.2499    ndcg@3 : 0.2702    ndcg@4 : 0.2895    ndcg@5 : 0.3055    ndcg@10 : 0.3516    ndcg@20 : 0.3909    ndcg@30 : 0.4102    ndcg@50 : 0.4301    precision@1 : 0.2187    precision@2 : 0.1895    precision@3 : 0.1649    precision@4 : 0.1494    precision@5 : 0.1369    precision@10 : 0.0962    precision@20 : 0.0636    precision@30 : 0.0487    precision@50 : 0.0337    map@1 : 0.2187    map@2 : 0.2211    map@3 : 0.2264    map@4 : 0.2348    map@5 : 0.2419    map@10 : 0.2621    map@20 : 0.2759    map@30 : 0.2817    map@50 : 0.2866
Sun 15 Mar 2026 17:30:20 INFO  Saving current: saved/SCL-Mar-15-2026_17-26-34.pth
Sun 15 Mar 2026 17:30:20 INFO  Saving current best: saved/SCL-Mar-15-2026_17-26-34.pth
Sun 15 Mar 2026 17:30:20 INFO  Running E-step ! 
Sun 15 Mar 2026 17:30:24 INFO  epoch 34 training [time: 4.47s, train_loss1: 75.5392, train_loss2: 0.0000, train_loss3: 0.0117, train_loss4: 0.0027]
Sun 15 Mar 2026 17:30:26 INFO  epoch 34 evaluating [time: 1.59s, valid_score: 0.355300]
Sun 15 Mar 2026 17:30:26 INFO  valid result: 
recall@1 : 0.1415    recall@2 : 0.2306    recall@3 : 0.2926    recall@4 : 0.3437    recall@5 : 0.3827    recall@10 : 0.52    recall@20 : 0.645    recall@30 : 0.7196    recall@50 : 0.8014    ndcg@1 : 0.2229    ndcg@2 : 0.2521    ndcg@3 : 0.2724    ndcg@4 : 0.292    ndcg@5 : 0.3063    ndcg@10 : 0.3553    ndcg@20 : 0.393    ndcg@30 : 0.413    ndcg@50 : 0.4328    precision@1 : 0.2229    precision@2 : 0.1901    precision@3 : 0.1645    precision@4 : 0.1496    precision@5 : 0.136    precision@10 : 0.0973    precision@20 : 0.0637    precision@30 : 0.0488    precision@50 : 0.0337    map@1 : 0.2229    map@2 : 0.2236    map@3 : 0.2294    map@4 : 0.2376    map@5 : 0.2437    map@10 : 0.2657    map@20 : 0.2789    map@30 : 0.2849    map@50 : 0.2897
Sun 15 Mar 2026 17:30:26 INFO  Saving current: saved/SCL-Mar-15-2026_17-26-34.pth
Sun 15 Mar 2026 17:30:26 INFO  Saving current best: saved/SCL-Mar-15-2026_17-26-34.pth
Sun 15 Mar 2026 17:30:26 INFO  Running E-step ! 
Sun 15 Mar 2026 17:30:30 INFO  epoch 35 training [time: 4.43s, train_loss1: 74.8667, train_loss2: 0.0000, train_loss3: 0.0117, train_loss4: 0.0026]
Sun 15 Mar 2026 17:30:32 INFO  epoch 35 evaluating [time: 1.59s, valid_score: 0.355200]
Sun 15 Mar 2026 17:30:32 INFO  valid result: 
recall@1 : 0.1395    recall@2 : 0.2298    recall@3 : 0.2954    recall@4 : 0.3436    recall@5 : 0.3839    recall@10 : 0.5213    recall@20 : 0.6488    recall@30 : 0.7196    recall@50 : 0.8033    ndcg@1 : 0.2181    ndcg@2 : 0.2507    ndcg@3 : 0.2729    ndcg@4 : 0.2914    ndcg@5 : 0.306    ndcg@10 : 0.3552    ndcg@20 : 0.3934    ndcg@30 : 0.4126    ndcg@50 : 0.4327    precision@1 : 0.2181    precision@2 : 0.1904    precision@3 : 0.1659    precision@4 : 0.1502    precision@5 : 0.1361    precision@10 : 0.0975    precision@20 : 0.064    precision@30 : 0.049    precision@50 : 0.0338    map@1 : 0.2181    map@2 : 0.2223    map@3 : 0.2289    map@4 : 0.2369    map@5 : 0.243    map@10 : 0.2653    map@20 : 0.2785    map@30 : 0.2843    map@50 : 0.2891
Sun 15 Mar 2026 17:30:32 INFO  Running E-step ! 
Sun 15 Mar 2026 17:30:36 INFO  epoch 36 training [time: 4.45s, train_loss1: 74.1269, train_loss2: 0.0000, train_loss3: 0.0117, train_loss4: 0.0029]
Sun 15 Mar 2026 17:30:38 INFO  epoch 36 evaluating [time: 1.59s, valid_score: 0.356300]
Sun 15 Mar 2026 17:30:38 INFO  valid result: 
recall@1 : 0.1397    recall@2 : 0.2318    recall@3 : 0.2933    recall@4 : 0.3463    recall@5 : 0.3857    recall@10 : 0.5226    recall@20 : 0.6489    recall@30 : 0.7205    recall@50 : 0.8055    ndcg@1 : 0.2211    ndcg@2 : 0.2519    ndcg@3 : 0.2722    ndcg@4 : 0.293    ndcg@5 : 0.3072    ndcg@10 : 0.3563    ndcg@20 : 0.394    ndcg@30 : 0.4134    ndcg@50 : 0.4338    precision@1 : 0.2211    precision@2 : 0.1907    precision@3 : 0.1647    precision@4 : 0.1511    precision@5 : 0.1365    precision@10 : 0.0982    precision@20 : 0.0641    precision@30 : 0.049    precision@50 : 0.0339    map@1 : 0.2211    map@2 : 0.2235    map@3 : 0.2287    map@4 : 0.2379    map@5 : 0.2438    map@10 : 0.2659    map@20 : 0.279    map@30 : 0.2849    map@50 : 0.2898
Sun 15 Mar 2026 17:30:38 INFO  Saving current: saved/SCL-Mar-15-2026_17-26-34.pth
Sun 15 Mar 2026 17:30:38 INFO  Saving current best: saved/SCL-Mar-15-2026_17-26-34.pth
Sun 15 Mar 2026 17:30:38 INFO  Running E-step ! 
Sun 15 Mar 2026 17:30:42 INFO  epoch 37 training [time: 4.44s, train_loss1: 72.4464, train_loss2: 0.0000, train_loss3: 0.0116, train_loss4: 0.0037]
Sun 15 Mar 2026 17:30:44 INFO  epoch 37 evaluating [time: 1.58s, valid_score: 0.357100]
Sun 15 Mar 2026 17:30:44 INFO  valid result: 
recall@1 : 0.139    recall@2 : 0.2334    recall@3 : 0.2949    recall@4 : 0.3491    recall@5 : 0.3885    recall@10 : 0.5235    recall@20 : 0.6508    recall@30 : 0.7203    recall@50 : 0.8064    ndcg@1 : 0.2205    ndcg@2 : 0.2527    ndcg@3 : 0.2731    ndcg@4 : 0.2944    ndcg@5 : 0.3087    ndcg@10 : 0.3571    ndcg@20 : 0.3951    ndcg@30 : 0.4139    ndcg@50 : 0.4346    precision@1 : 0.2205    precision@2 : 0.1919    precision@3 : 0.1655    precision@4 : 0.1518    precision@5 : 0.1374    precision@10 : 0.0982    precision@20 : 0.0643    precision@30 : 0.049    precision@50 : 0.0339    map@1 : 0.2205    map@2 : 0.2239    map@3 : 0.2292    map@4 : 0.2384    map@5 : 0.2448    map@10 : 0.2664    map@20 : 0.2797    map@30 : 0.2854    map@50 : 0.2904
Sun 15 Mar 2026 17:30:44 INFO  Saving current: saved/SCL-Mar-15-2026_17-26-34.pth
Sun 15 Mar 2026 17:30:44 INFO  Saving current best: saved/SCL-Mar-15-2026_17-26-34.pth
Sun 15 Mar 2026 17:30:44 INFO  Running E-step ! 
Sun 15 Mar 2026 17:30:49 INFO  epoch 38 training [time: 4.86s, train_loss1: 71.0749, train_loss2: 0.0000, train_loss3: 0.0116, train_loss4: 0.0025]
Sun 15 Mar 2026 17:30:50 INFO  epoch 38 evaluating [time: 1.59s, valid_score: 0.357200]
Sun 15 Mar 2026 17:30:50 INFO  valid result: 
recall@1 : 0.1374    recall@2 : 0.2337    recall@3 : 0.2957    recall@4 : 0.3474    recall@5 : 0.3908    recall@10 : 0.5241    recall@20 : 0.6495    recall@30 : 0.7237    recall@50 : 0.8062    ndcg@1 : 0.2229    ndcg@2 : 0.2526    ndcg@3 : 0.2732    ndcg@4 : 0.2931    ndcg@5 : 0.3095    ndcg@10 : 0.3572    ndcg@20 : 0.3947    ndcg@30 : 0.4147    ndcg@50 : 0.4346    precision@1 : 0.2229    precision@2 : 0.1913    precision@3 : 0.1655    precision@4 : 0.1509    precision@5 : 0.1386    precision@10 : 0.0985    precision@20 : 0.0642    precision@30 : 0.0492    precision@50 : 0.034    map@1 : 0.2229    map@2 : 0.2233    map@3 : 0.2289    map@4 : 0.2375    map@5 : 0.2447    map@10 : 0.2662    map@20 : 0.2792    map@30 : 0.2853    map@50 : 0.2901
Sun 15 Mar 2026 17:30:50 INFO  Saving current: saved/SCL-Mar-15-2026_17-26-34.pth
Sun 15 Mar 2026 17:30:50 INFO  Saving current best: saved/SCL-Mar-15-2026_17-26-34.pth
Sun 15 Mar 2026 17:30:50 INFO  Running E-step ! 
Sun 15 Mar 2026 17:30:56 INFO  epoch 39 training [time: 5.58s, train_loss1: 69.2875, train_loss2: 0.0000, train_loss3: 0.0116, train_loss4: 0.0024]
Sun 15 Mar 2026 17:30:57 INFO  epoch 39 evaluating [time: 1.60s, valid_score: 0.358000]
Sun 15 Mar 2026 17:30:57 INFO  valid result: 
recall@1 : 0.1372    recall@2 : 0.2361    recall@3 : 0.2966    recall@4 : 0.3487    recall@5 : 0.3912    recall@10 : 0.5256    recall@20 : 0.65    recall@30 : 0.7246    recall@50 : 0.8093    ndcg@1 : 0.2217    ndcg@2 : 0.2544    ndcg@3 : 0.2744    ndcg@4 : 0.2942    ndcg@5 : 0.3101    ndcg@10 : 0.358    ndcg@20 : 0.3955    ndcg@30 : 0.4155    ndcg@50 : 0.4358    precision@1 : 0.2217    precision@2 : 0.1934    precision@3 : 0.1673    precision@4 : 0.1515    precision@5 : 0.1387    precision@10 : 0.0985    precision@20 : 0.0643    precision@30 : 0.0493    precision@50 : 0.034    map@1 : 0.2217    map@2 : 0.2245    map@3 : 0.2297    map@4 : 0.2383    map@5 : 0.2453    map@10 : 0.2669    map@20 : 0.2801    map@30 : 0.2861    map@50 : 0.2909
Sun 15 Mar 2026 17:30:57 INFO  Saving current: saved/SCL-Mar-15-2026_17-26-34.pth
Sun 15 Mar 2026 17:30:57 INFO  Saving current best: saved/SCL-Mar-15-2026_17-26-34.pth
Sun 15 Mar 2026 17:30:57 INFO  Running E-step ! 
Sun 15 Mar 2026 17:31:03 INFO  epoch 40 training [time: 5.51s, train_loss1: 68.7328, train_loss2: 0.0000, train_loss3: 0.0116, train_loss4: 0.0025]
Sun 15 Mar 2026 17:31:05 INFO  epoch 40 evaluating [time: 1.59s, valid_score: 0.358500]
Sun 15 Mar 2026 17:31:05 INFO  valid result: 
recall@1 : 0.1373    recall@2 : 0.2393    recall@3 : 0.3008    recall@4 : 0.3523    recall@5 : 0.392    recall@10 : 0.5237    recall@20 : 0.6523    recall@30 : 0.7235    recall@50 : 0.8115    ndcg@1 : 0.2205    ndcg@2 : 0.257    ndcg@3 : 0.2769    ndcg@4 : 0.2966    ndcg@5 : 0.3115    ndcg@10 : 0.3585    ndcg@20 : 0.3971    ndcg@30 : 0.4163    ndcg@50 : 0.4373    precision@1 : 0.2205    precision@2 : 0.1964    precision@3 : 0.1689    precision@4 : 0.153    precision@5 : 0.1396    precision@10 : 0.0985    precision@20 : 0.0646    precision@30 : 0.0493    precision@50 : 0.0342    map@1 : 0.2205    map@2 : 0.2263    map@3 : 0.2317    map@4 : 0.2402    map@5 : 0.2471    map@10 : 0.268    map@20 : 0.2815    map@30 : 0.2874    map@50 : 0.2923
Sun 15 Mar 2026 17:31:05 INFO  Saving current: saved/SCL-Mar-15-2026_17-26-34.pth
Sun 15 Mar 2026 17:31:05 INFO  Saving current best: saved/SCL-Mar-15-2026_17-26-34.pth
Sun 15 Mar 2026 17:31:05 INFO  Running E-step ! 
Sun 15 Mar 2026 17:31:10 INFO  epoch 41 training [time: 5.18s, train_loss1: 67.7673, train_loss2: 0.0000, train_loss3: 0.0116, train_loss4: 0.0027]
Sun 15 Mar 2026 17:31:11 INFO  epoch 41 evaluating [time: 1.58s, valid_score: 0.360800]
Sun 15 Mar 2026 17:31:11 INFO  valid result: 
recall@1 : 0.1413    recall@2 : 0.2405    recall@3 : 0.3013    recall@4 : 0.3513    recall@5 : 0.3989    recall@10 : 0.5251    recall@20 : 0.6538    recall@30 : 0.726    recall@50 : 0.8113    ndcg@1 : 0.2235    ndcg@2 : 0.2584    ndcg@3 : 0.2789    ndcg@4 : 0.2981    ndcg@5 : 0.316    ndcg@10 : 0.3608    ndcg@20 : 0.3997    ndcg@30 : 0.4191    ndcg@50 : 0.4394    precision@1 : 0.2235    precision@2 : 0.1967    precision@3 : 0.1698    precision@4 : 0.1536    precision@5 : 0.1415    precision@10 : 0.0987    precision@20 : 0.0648    precision@30 : 0.0495    precision@50 : 0.0341    map@1 : 0.2235    map@2 : 0.2282    map@3 : 0.2343    map@4 : 0.2424    map@5 : 0.2508    map@10 : 0.2708    map@20 : 0.2845    map@30 : 0.2905    map@50 : 0.2952
Sun 15 Mar 2026 17:31:11 INFO  Saving current: saved/SCL-Mar-15-2026_17-26-34.pth
Sun 15 Mar 2026 17:31:11 INFO  Saving current best: saved/SCL-Mar-15-2026_17-26-34.pth
Sun 15 Mar 2026 17:31:11 INFO  Running E-step ! 
Sun 15 Mar 2026 17:31:17 INFO  epoch 42 training [time: 5.50s, train_loss1: 65.8278, train_loss2: 0.0000, train_loss3: 0.0116, train_loss4: 0.0026]
Sun 15 Mar 2026 17:31:18 INFO  epoch 42 evaluating [time: 1.58s, valid_score: 0.361200]
Sun 15 Mar 2026 17:31:18 INFO  valid result: 
recall@1 : 0.1431    recall@2 : 0.2386    recall@3 : 0.3041    recall@4 : 0.3541    recall@5 : 0.3988    recall@10 : 0.5234    recall@20 : 0.6529    recall@30 : 0.7252    recall@50 : 0.8112    ndcg@1 : 0.2259    ndcg@2 : 0.2587    ndcg@3 : 0.2817    ndcg@4 : 0.3006    ndcg@5 : 0.3171    ndcg@10 : 0.3612    ndcg@20 : 0.4002    ndcg@30 : 0.4197    ndcg@50 : 0.4402    precision@1 : 0.2259    precision@2 : 0.197    precision@3 : 0.1724    precision@4 : 0.1554    precision@5 : 0.1417    precision@10 : 0.0983    precision@20 : 0.0647    precision@30 : 0.0495    precision@50 : 0.0341    map@1 : 0.2259    map@2 : 0.2287    map@3 : 0.2369    map@4 : 0.2445    map@5 : 0.2522    map@10 : 0.2717    map@20 : 0.2855    map@30 : 0.2914    map@50 : 0.2962
Sun 15 Mar 2026 17:31:18 INFO  Saving current: saved/SCL-Mar-15-2026_17-26-34.pth
Sun 15 Mar 2026 17:31:18 INFO  Saving current best: saved/SCL-Mar-15-2026_17-26-34.pth
Sun 15 Mar 2026 17:31:18 INFO  Running E-step ! 
Sun 15 Mar 2026 17:31:24 INFO  epoch 43 training [time: 5.48s, train_loss1: 65.9689, train_loss2: 0.0000, train_loss3: 0.0116, train_loss4: 0.0027]
Sun 15 Mar 2026 17:31:26 INFO  epoch 43 evaluating [time: 1.58s, valid_score: 0.362400]
Sun 15 Mar 2026 17:31:26 INFO  valid result: 
recall@1 : 0.1441    recall@2 : 0.2424    recall@3 : 0.3051    recall@4 : 0.3524    recall@5 : 0.3987    recall@10 : 0.5237    recall@20 : 0.6561    recall@30 : 0.7266    recall@50 : 0.8126    ndcg@1 : 0.2282    ndcg@2 : 0.2618    ndcg@3 : 0.2828    ndcg@4 : 0.3008    ndcg@5 : 0.3181    ndcg@10 : 0.3624    ndcg@20 : 0.4021    ndcg@30 : 0.4211    ndcg@50 : 0.4416    precision@1 : 0.2282    precision@2 : 0.1987    precision@3 : 0.1722    precision@4 : 0.1546    precision@5 : 0.142    precision@10 : 0.0987    precision@20 : 0.0649    precision@30 : 0.0495    precision@50 : 0.0342    map@1 : 0.2282    map@2 : 0.2317    map@3 : 0.2381    map@4 : 0.2457    map@5 : 0.2535    map@10 : 0.2733    map@20 : 0.2871    map@30 : 0.2929    map@50 : 0.2978
Sun 15 Mar 2026 17:31:26 INFO  Saving current: saved/SCL-Mar-15-2026_17-26-34.pth
Sun 15 Mar 2026 17:31:26 INFO  Saving current best: saved/SCL-Mar-15-2026_17-26-34.pth
Sun 15 Mar 2026 17:31:26 INFO  Running E-step ! 
Sun 15 Mar 2026 17:31:31 INFO  epoch 44 training [time: 5.61s, train_loss1: 63.7259, train_loss2: 0.0000, train_loss3: 0.0116, train_loss4: 0.0029]
Sun 15 Mar 2026 17:31:33 INFO  epoch 44 evaluating [time: 1.58s, valid_score: 0.363700]
Sun 15 Mar 2026 17:31:33 INFO  valid result: 
recall@1 : 0.1469    recall@2 : 0.2413    recall@3 : 0.3093    recall@4 : 0.3517    recall@5 : 0.396    recall@10 : 0.5237    recall@20 : 0.6549    recall@30 : 0.7261    recall@50 : 0.8136    ndcg@1 : 0.2348    ndcg@2 : 0.2628    ndcg@3 : 0.2864    ndcg@4 : 0.302    ndcg@5 : 0.3182    ndcg@10 : 0.3637    ndcg@20 : 0.4033    ndcg@30 : 0.4224    ndcg@50 : 0.4432    precision@1 : 0.2348    precision@2 : 0.1985    precision@3 : 0.1738    precision@4 : 0.1544    precision@5 : 0.1409    precision@10 : 0.0983    precision@20 : 0.0649    precision@30 : 0.0495    precision@50 : 0.0342    map@1 : 0.2348    map@2 : 0.2332    map@3 : 0.2407    map@4 : 0.247    map@5 : 0.254    map@10 : 0.2746    map@20 : 0.2886    map@30 : 0.2944    map@50 : 0.2993
Sun 15 Mar 2026 17:31:33 INFO  Saving current: saved/SCL-Mar-15-2026_17-26-34.pth
Sun 15 Mar 2026 17:31:33 INFO  Saving current best: saved/SCL-Mar-15-2026_17-26-34.pth
Sun 15 Mar 2026 17:31:33 INFO  Running E-step ! 
Sun 15 Mar 2026 17:31:38 INFO  epoch 45 training [time: 5.46s, train_loss1: 63.2121, train_loss2: 0.0000, train_loss3: 0.0116, train_loss4: 0.0027]
Sun 15 Mar 2026 17:31:40 INFO  epoch 45 evaluating [time: 1.59s, valid_score: 0.365700]
Sun 15 Mar 2026 17:31:40 INFO  valid result: 
recall@1 : 0.1512    recall@2 : 0.2438    recall@3 : 0.3073    recall@4 : 0.3545    recall@5 : 0.3962    recall@10 : 0.5232    recall@20 : 0.6551    recall@30 : 0.7279    recall@50 : 0.8142    ndcg@1 : 0.2372    ndcg@2 : 0.2656    ndcg@3 : 0.2877    ndcg@4 : 0.3047    ndcg@5 : 0.3199    ndcg@10 : 0.3657    ndcg@20 : 0.4053    ndcg@30 : 0.4248    ndcg@50 : 0.4454    precision@1 : 0.2372    precision@2 : 0.1993    precision@3 : 0.1744    precision@4 : 0.1548    precision@5 : 0.1403    precision@10 : 0.0988    precision@20 : 0.0649    precision@30 : 0.0496    precision@50 : 0.0343    map@1 : 0.2372    map@2 : 0.2361    map@3 : 0.2434    map@4 : 0.2502    map@5 : 0.257    map@10 : 0.2776    map@20 : 0.2914    map@30 : 0.2973    map@50 : 0.3022
Sun 15 Mar 2026 17:31:40 INFO  Saving current: saved/SCL-Mar-15-2026_17-26-34.pth
Sun 15 Mar 2026 17:31:40 INFO  Saving current best: saved/SCL-Mar-15-2026_17-26-34.pth
Sun 15 Mar 2026 17:31:40 INFO  Running E-step ! 
Sun 15 Mar 2026 17:31:45 INFO  epoch 46 training [time: 5.52s, train_loss1: 62.1117, train_loss2: 0.0000, train_loss3: 0.0116, train_loss4: 0.0026]
Sun 15 Mar 2026 17:31:47 INFO  epoch 46 evaluating [time: 1.58s, valid_score: 0.364500]
Sun 15 Mar 2026 17:31:47 INFO  valid result: 
recall@1 : 0.1488    recall@2 : 0.2408    recall@3 : 0.3078    recall@4 : 0.3518    recall@5 : 0.3965    recall@10 : 0.5236    recall@20 : 0.6568    recall@30 : 0.7246    recall@50 : 0.8152    ndcg@1 : 0.2342    ndcg@2 : 0.2626    ndcg@3 : 0.2863    ndcg@4 : 0.3022    ndcg@5 : 0.3185    ndcg@10 : 0.3645    ndcg@20 : 0.4045    ndcg@30 : 0.4229    ndcg@50 : 0.4444    precision@1 : 0.2342    precision@2 : 0.1976    precision@3 : 0.1738    precision@4 : 0.1541    precision@5 : 0.1402    precision@10 : 0.0989    precision@20 : 0.0652    precision@30 : 0.0494    precision@50 : 0.0343    map@1 : 0.2342    map@2 : 0.2333    map@3 : 0.2414    map@4 : 0.2479    map@5 : 0.2554    map@10 : 0.276    map@20 : 0.2899    map@30 : 0.2956    map@50 : 0.3006
Sun 15 Mar 2026 17:31:47 INFO  Running E-step ! 
Sun 15 Mar 2026 17:31:53 INFO  epoch 47 training [time: 5.56s, train_loss1: 60.5796, train_loss2: 0.0000, train_loss3: 0.0116, train_loss4: 0.0027]
Sun 15 Mar 2026 17:31:54 INFO  epoch 47 evaluating [time: 1.58s, valid_score: 0.364500]
Sun 15 Mar 2026 17:31:54 INFO  valid result: 
recall@1 : 0.1531    recall@2 : 0.2395    recall@3 : 0.3046    recall@4 : 0.3564    recall@5 : 0.3948    recall@10 : 0.5194    recall@20 : 0.6566    recall@30 : 0.7264    recall@50 : 0.8162    ndcg@1 : 0.2384    ndcg@2 : 0.2631    ndcg@3 : 0.2865    ndcg@4 : 0.3053    ndcg@5 : 0.3193    ndcg@10 : 0.3645    ndcg@20 : 0.4055    ndcg@30 : 0.4245    ndcg@50 : 0.4458    precision@1 : 0.2384    precision@2 : 0.1967    precision@3 : 0.1734    precision@4 : 0.1549    precision@5 : 0.1399    precision@10 : 0.0985    precision@20 : 0.065    precision@30 : 0.0496    precision@50 : 0.0343    map@1 : 0.2384    map@2 : 0.2345    map@3 : 0.2424    map@4 : 0.2507    map@5 : 0.257    map@10 : 0.2773    map@20 : 0.2916    map@30 : 0.2974    map@50 : 0.3024
Sun 15 Mar 2026 17:31:54 INFO  Running E-step ! 
Sun 15 Mar 2026 17:31:59 INFO  epoch 48 training [time: 4.39s, train_loss1: 59.8408, train_loss2: 0.0000, train_loss3: 0.0116, train_loss4: 0.0024]
Sun 15 Mar 2026 17:32:00 INFO  epoch 48 evaluating [time: 1.58s, valid_score: 0.366200]
Sun 15 Mar 2026 17:32:00 INFO  valid result: 
recall@1 : 0.1555    recall@2 : 0.242    recall@3 : 0.3067    recall@4 : 0.3532    recall@5 : 0.3971    recall@10 : 0.5212    recall@20 : 0.6559    recall@30 : 0.7283    recall@50 : 0.8171    ndcg@1 : 0.2431    ndcg@2 : 0.2664    ndcg@3 : 0.2891    ndcg@4 : 0.3054    ndcg@5 : 0.3217    ndcg@10 : 0.3662    ndcg@20 : 0.4067    ndcg@30 : 0.4262    ndcg@50 : 0.4474    precision@1 : 0.2431    precision@2 : 0.1985    precision@3 : 0.1742    precision@4 : 0.1539    precision@5 : 0.1408    precision@10 : 0.0984    precision@20 : 0.0649    precision@30 : 0.0496    precision@50 : 0.0344    map@1 : 0.2431    map@2 : 0.2381    map@3 : 0.245    map@4 : 0.2517    map@5 : 0.2591    map@10 : 0.2789    map@20 : 0.2931    map@30 : 0.2991    map@50 : 0.3041
Sun 15 Mar 2026 17:32:00 INFO  Saving current: saved/SCL-Mar-15-2026_17-26-34.pth
Sun 15 Mar 2026 17:32:00 INFO  Saving current best: saved/SCL-Mar-15-2026_17-26-34.pth
Sun 15 Mar 2026 17:32:00 INFO  Running E-step ! 
Sun 15 Mar 2026 17:32:06 INFO  epoch 49 training [time: 5.44s, train_loss1: 60.4458, train_loss2: 0.0000, train_loss3: 0.0116, train_loss4: 0.0025]
Sun 15 Mar 2026 17:32:07 INFO  epoch 49 evaluating [time: 1.58s, valid_score: 0.365300]
Sun 15 Mar 2026 17:32:07 INFO  valid result: 
recall@1 : 0.1531    recall@2 : 0.2386    recall@3 : 0.3036    recall@4 : 0.3557    recall@5 : 0.3966    recall@10 : 0.5224    recall@20 : 0.6555    recall@30 : 0.7296    recall@50 : 0.8176    ndcg@1 : 0.2396    ndcg@2 : 0.2616    ndcg@3 : 0.286    ndcg@4 : 0.3049    ndcg@5 : 0.3199    ndcg@10 : 0.3653    ndcg@20 : 0.4052    ndcg@30 : 0.4251    ndcg@50 : 0.446    precision@1 : 0.2396    precision@2 : 0.1946    precision@3 : 0.1734    precision@4 : 0.1549    precision@5 : 0.1406    precision@10 : 0.0989    precision@20 : 0.0649    precision@30 : 0.0497    precision@50 : 0.0344    map@1 : 0.2396    map@2 : 0.2332    map@3 : 0.2418    map@4 : 0.2501    map@5 : 0.2569    map@10 : 0.2774    map@20 : 0.2912    map@30 : 0.2973    map@50 : 0.3022
Sun 15 Mar 2026 17:32:07 INFO  Running E-step ! 
Sun 15 Mar 2026 17:32:12 INFO  epoch 50 training [time: 4.81s, train_loss1: 58.1460, train_loss2: 0.0000, train_loss3: 0.0116, train_loss4: 0.0025]
Sun 15 Mar 2026 17:32:14 INFO  epoch 50 evaluating [time: 1.58s, valid_score: 0.366200]
Sun 15 Mar 2026 17:32:14 INFO  valid result: 
recall@1 : 0.1544    recall@2 : 0.2394    recall@3 : 0.3061    recall@4 : 0.3551    recall@5 : 0.3984    recall@10 : 0.5228    recall@20 : 0.6574    recall@30 : 0.7315    recall@50 : 0.816    ndcg@1 : 0.2402    ndcg@2 : 0.2625    ndcg@3 : 0.2873    ndcg@4 : 0.305    ndcg@5 : 0.3213    ndcg@10 : 0.3662    ndcg@20 : 0.4065    ndcg@30 : 0.4265    ndcg@50 : 0.4465    precision@1 : 0.2402    precision@2 : 0.1952    precision@3 : 0.1734    precision@4 : 0.1544    precision@5 : 0.1414    precision@10 : 0.099    precision@20 : 0.065    precision@30 : 0.0498    precision@50 : 0.0342    map@1 : 0.2402    map@2 : 0.2347    map@3 : 0.2431    map@4 : 0.2508    map@5 : 0.2583    map@10 : 0.2785    map@20 : 0.2925    map@30 : 0.2986    map@50 : 0.3033
Sun 15 Mar 2026 17:32:14 INFO  Saving current: saved/SCL-Mar-15-2026_17-26-34.pth
Sun 15 Mar 2026 17:32:14 INFO  Saving current best: saved/SCL-Mar-15-2026_17-26-34.pth
Sun 15 Mar 2026 17:32:14 INFO  Running E-step ! 
Sun 15 Mar 2026 17:32:19 INFO  epoch 51 training [time: 5.25s, train_loss1: 57.8540, train_loss2: 0.0000, train_loss3: 0.0116, train_loss4: 0.0024]
Sun 15 Mar 2026 17:32:20 INFO  epoch 51 evaluating [time: 1.59s, valid_score: 0.365900]
Sun 15 Mar 2026 17:32:20 INFO  valid result: 
recall@1 : 0.1554    recall@2 : 0.239    recall@3 : 0.3047    recall@4 : 0.3569    recall@5 : 0.3973    recall@10 : 0.5211    recall@20 : 0.6531    recall@30 : 0.7332    recall@50 : 0.816    ndcg@1 : 0.2402    ndcg@2 : 0.2628    ndcg@3 : 0.287    ndcg@4 : 0.3067    ndcg@5 : 0.3212    ndcg@10 : 0.3659    ndcg@20 : 0.4056    ndcg@30 : 0.4271    ndcg@50 : 0.4467    precision@1 : 0.2402    precision@2 : 0.1955    precision@3 : 0.1732    precision@4 : 0.1561    precision@5 : 0.1409    precision@10 : 0.0985    precision@20 : 0.0646    precision@30 : 0.0499    precision@50 : 0.0342    map@1 : 0.2402    map@2 : 0.235    map@3 : 0.2432    map@4 : 0.2524    map@5 : 0.2586    map@10 : 0.2787    map@20 : 0.2926    map@30 : 0.2991    map@50 : 0.3037
Sun 15 Mar 2026 17:32:20 INFO  Running E-step ! 
Sun 15 Mar 2026 17:32:26 INFO  epoch 52 training [time: 5.53s, train_loss1: 55.9117, train_loss2: 0.0000, train_loss3: 0.0116, train_loss4: 0.0024]
Sun 15 Mar 2026 17:32:28 INFO  epoch 52 evaluating [time: 1.58s, valid_score: 0.366800]
Sun 15 Mar 2026 17:32:28 INFO  valid result: 
recall@1 : 0.1543    recall@2 : 0.2363    recall@3 : 0.3045    recall@4 : 0.3546    recall@5 : 0.4    recall@10 : 0.5259    recall@20 : 0.655    recall@30 : 0.7349    recall@50 : 0.8178    ndcg@1 : 0.2402    ndcg@2 : 0.2604    ndcg@3 : 0.2861    ndcg@4 : 0.3046    ndcg@5 : 0.3213    ndcg@10 : 0.3668    ndcg@20 : 0.4055    ndcg@30 : 0.4269    ndcg@50 : 0.4467    precision@1 : 0.2402    precision@2 : 0.1931    precision@3 : 0.1728    precision@4 : 0.1549    precision@5 : 0.1415    precision@10 : 0.0994    precision@20 : 0.0647    precision@30 : 0.05    precision@50 : 0.0343    map@1 : 0.2402    map@2 : 0.2324    map@3 : 0.2417    map@4 : 0.2502    map@5 : 0.2578    map@10 : 0.2782    map@20 : 0.2917    map@30 : 0.2982    map@50 : 0.3029
Sun 15 Mar 2026 17:32:28 INFO  Saving current: saved/SCL-Mar-15-2026_17-26-34.pth
Sun 15 Mar 2026 17:32:28 INFO  Saving current best: saved/SCL-Mar-15-2026_17-26-34.pth
Sun 15 Mar 2026 17:32:28 INFO  Running E-step ! 
Sun 15 Mar 2026 17:32:33 INFO  epoch 53 training [time: 5.64s, train_loss1: 55.7920, train_loss2: 0.0000, train_loss3: 0.0116, train_loss4: 0.0024]
Sun 15 Mar 2026 17:32:35 INFO  epoch 53 evaluating [time: 1.58s, valid_score: 0.368000]
Sun 15 Mar 2026 17:32:35 INFO  valid result: 
recall@1 : 0.1556    recall@2 : 0.2399    recall@3 : 0.3071    recall@4 : 0.3561    recall@5 : 0.3981    recall@10 : 0.5259    recall@20 : 0.6539    recall@30 : 0.7337    recall@50 : 0.8183    ndcg@1 : 0.2402    ndcg@2 : 0.2644    ndcg@3 : 0.2887    ndcg@4 : 0.3066    ndcg@5 : 0.3222    ndcg@10 : 0.368    ndcg@20 : 0.4065    ndcg@30 : 0.4278    ndcg@50 : 0.448    precision@1 : 0.2402    precision@2 : 0.1979    precision@3 : 0.1744    precision@4 : 0.1558    precision@5 : 0.1416    precision@10 : 0.0995    precision@20 : 0.0647    precision@30 : 0.0499    precision@50 : 0.0344    map@1 : 0.2402    map@2 : 0.2355    map@3 : 0.2443    map@4 : 0.2523    map@5 : 0.2593    map@10 : 0.2799    map@20 : 0.2932    map@30 : 0.2997    map@50 : 0.3045
Sun 15 Mar 2026 17:32:35 INFO  Saving current: saved/SCL-Mar-15-2026_17-26-34.pth
Sun 15 Mar 2026 17:32:35 INFO  Saving current best: saved/SCL-Mar-15-2026_17-26-34.pth
Sun 15 Mar 2026 17:32:35 INFO  Running E-step ! 
Sun 15 Mar 2026 17:32:40 INFO  epoch 54 training [time: 5.28s, train_loss1: 53.8791, train_loss2: 0.0000, train_loss3: 0.0116, train_loss4: 0.0023]
Sun 15 Mar 2026 17:32:42 INFO  epoch 54 evaluating [time: 1.60s, valid_score: 0.367600]
Sun 15 Mar 2026 17:32:42 INFO  valid result: 
recall@1 : 0.1539    recall@2 : 0.2424    recall@3 : 0.3039    recall@4 : 0.3547    recall@5 : 0.4001    recall@10 : 0.5261    recall@20 : 0.6529    recall@30 : 0.7353    recall@50 : 0.8181    ndcg@1 : 0.242    ndcg@2 : 0.2653    ndcg@3 : 0.2868    ndcg@4 : 0.306    ndcg@5 : 0.3225    ndcg@10 : 0.3676    ndcg@20 : 0.4058    ndcg@30 : 0.4276    ndcg@50 : 0.4474    precision@1 : 0.242    precision@2 : 0.1979    precision@3 : 0.173    precision@4 : 0.1561    precision@5 : 0.1418    precision@10 : 0.0993    precision@20 : 0.0646    precision@30 : 0.0499    precision@50 : 0.0343    map@1 : 0.242    map@2 : 0.2361    map@3 : 0.2425    map@4 : 0.2515    map@5 : 0.259    map@10 : 0.279    map@20 : 0.2924    map@30 : 0.2989    map@50 : 0.3037
Sun 15 Mar 2026 17:32:42 INFO  Running E-step ! 
Sun 15 Mar 2026 17:32:47 INFO  epoch 55 training [time: 5.57s, train_loss1: 54.3641, train_loss2: 0.0000, train_loss3: 0.0116, train_loss4: 0.0023]
Sun 15 Mar 2026 17:32:49 INFO  epoch 55 evaluating [time: 1.60s, valid_score: 0.366900]
Sun 15 Mar 2026 17:32:49 INFO  valid result: 
recall@1 : 0.1568    recall@2 : 0.2391    recall@3 : 0.3061    recall@4 : 0.3585    recall@5 : 0.3956    recall@10 : 0.5213    recall@20 : 0.6537    recall@30 : 0.7382    recall@50 : 0.8207    ndcg@1 : 0.2437    ndcg@2 : 0.2641    ndcg@3 : 0.2888    ndcg@4 : 0.3084    ndcg@5 : 0.3218    ndcg@10 : 0.3669    ndcg@20 : 0.4065    ndcg@30 : 0.4288    ndcg@50 : 0.4483    precision@1 : 0.2437    precision@2 : 0.1964    precision@3 : 0.1742    precision@4 : 0.157    precision@5 : 0.141    precision@10 : 0.099    precision@20 : 0.0647    precision@30 : 0.0501    precision@50 : 0.0343    map@1 : 0.2437    map@2 : 0.2354    map@3 : 0.2444    map@4 : 0.2533    map@5 : 0.2593    map@10 : 0.2794    map@20 : 0.2932    map@30 : 0.2998    map@50 : 0.3044
Sun 15 Mar 2026 17:32:49 INFO  Running E-step ! 
Sun 15 Mar 2026 17:32:53 INFO  epoch 56 training [time: 4.64s, train_loss1: 52.3788, train_loss2: 0.0000, train_loss3: 0.0116, train_loss4: 0.0024]
Sun 15 Mar 2026 17:32:55 INFO  epoch 56 evaluating [time: 1.60s, valid_score: 0.367500]
Sun 15 Mar 2026 17:32:55 INFO  valid result: 
recall@1 : 0.1566    recall@2 : 0.2427    recall@3 : 0.3064    recall@4 : 0.3564    recall@5 : 0.3962    recall@10 : 0.5217    recall@20 : 0.6522    recall@30 : 0.7394    recall@50 : 0.8245    ndcg@1 : 0.2449    ndcg@2 : 0.2674    ndcg@3 : 0.2894    ndcg@4 : 0.3083    ndcg@5 : 0.3226    ndcg@10 : 0.3675    ndcg@20 : 0.4066    ndcg@30 : 0.4296    ndcg@50 : 0.4495    precision@1 : 0.2449    precision@2 : 0.1996    precision@3 : 0.174    precision@4 : 0.1567    precision@5 : 0.1415    precision@10 : 0.0992    precision@20 : 0.0647    precision@30 : 0.0503    precision@50 : 0.0344    map@1 : 0.2449    map@2 : 0.2381    map@3 : 0.2451    map@4 : 0.2535    map@5 : 0.26    map@10 : 0.2798    map@20 : 0.2936    map@30 : 0.3004    map@50 : 0.305
Sun 15 Mar 2026 17:32:55 INFO  Running E-step ! 
Sun 15 Mar 2026 17:33:01 INFO  epoch 57 training [time: 5.49s, train_loss1: 52.2477, train_loss2: 0.0000, train_loss3: 0.0116, train_loss4: 0.0025]
Sun 15 Mar 2026 17:33:02 INFO  epoch 57 evaluating [time: 1.60s, valid_score: 0.366800]
Sun 15 Mar 2026 17:33:02 INFO  valid result: 
recall@1 : 0.156    recall@2 : 0.2435    recall@3 : 0.3044    recall@4 : 0.3557    recall@5 : 0.3993    recall@10 : 0.5201    recall@20 : 0.6546    recall@30 : 0.7389    recall@50 : 0.8252    ndcg@1 : 0.2426    ndcg@2 : 0.2671    ndcg@3 : 0.2879    ndcg@4 : 0.3072    ndcg@5 : 0.3235    ndcg@10 : 0.3668    ndcg@20 : 0.4071    ndcg@30 : 0.4292    ndcg@50 : 0.4494    precision@1 : 0.2426    precision@2 : 0.1996    precision@3 : 0.1734    precision@4 : 0.1558    precision@5 : 0.1427    precision@10 : 0.0991    precision@20 : 0.065    precision@30 : 0.0502    precision@50 : 0.0345    map@1 : 0.2426    map@2 : 0.2381    map@3 : 0.244    map@4 : 0.2526    map@5 : 0.2605    map@10 : 0.2798    map@20 : 0.2938    map@30 : 0.3003    map@50 : 0.305
Sun 15 Mar 2026 17:33:02 INFO  Running E-step ! 
Sun 15 Mar 2026 17:33:07 INFO  epoch 58 training [time: 5.30s, train_loss1: 51.3088, train_loss2: 0.0000, train_loss3: 0.0116, train_loss4: 0.0025]
Sun 15 Mar 2026 17:33:09 INFO  epoch 58 evaluating [time: 1.60s, valid_score: 0.368900]
Sun 15 Mar 2026 17:33:09 INFO  valid result: 
recall@1 : 0.1587    recall@2 : 0.2397    recall@3 : 0.309    recall@4 : 0.3571    recall@5 : 0.3983    recall@10 : 0.5231    recall@20 : 0.651    recall@30 : 0.7391    recall@50 : 0.8255    ndcg@1 : 0.2473    ndcg@2 : 0.2656    ndcg@3 : 0.2915    ndcg@4 : 0.3093    ndcg@5 : 0.3243    ndcg@10 : 0.3689    ndcg@20 : 0.407    ndcg@30 : 0.43    ndcg@50 : 0.4504    precision@1 : 0.2473    precision@2 : 0.197    precision@3 : 0.176    precision@4 : 0.1573    precision@5 : 0.1424    precision@10 : 0.0998    precision@20 : 0.0645    precision@30 : 0.0501    precision@50 : 0.0345    map@1 : 0.2473    map@2 : 0.2375    map@3 : 0.2473    map@4 : 0.2548    map@5 : 0.2617    map@10 : 0.2815    map@20 : 0.2947    map@30 : 0.3014    map@50 : 0.3062
Sun 15 Mar 2026 17:33:09 INFO  Saving current: saved/SCL-Mar-15-2026_17-26-34.pth
Sun 15 Mar 2026 17:33:09 INFO  Saving current best: saved/SCL-Mar-15-2026_17-26-34.pth
Sun 15 Mar 2026 17:33:09 INFO  Running E-step ! 
Sun 15 Mar 2026 17:33:15 INFO  epoch 59 training [time: 5.41s, train_loss1: 50.9488, train_loss2: 0.0000, train_loss3: 0.0116, train_loss4: 0.0025]
Sun 15 Mar 2026 17:33:16 INFO  epoch 59 evaluating [time: 1.59s, valid_score: 0.366000]
Sun 15 Mar 2026 17:33:16 INFO  valid result: 
recall@1 : 0.1563    recall@2 : 0.2367    recall@3 : 0.3044    recall@4 : 0.3543    recall@5 : 0.3973    recall@10 : 0.5208    recall@20 : 0.6508    recall@30 : 0.737    recall@50 : 0.8256    ndcg@1 : 0.2431    ndcg@2 : 0.2631    ndcg@3 : 0.2873    ndcg@4 : 0.3063    ndcg@5 : 0.3218    ndcg@10 : 0.366    ndcg@20 : 0.405    ndcg@30 : 0.4274    ndcg@50 : 0.4482    precision@1 : 0.2431    precision@2 : 0.1964    precision@3 : 0.1732    precision@4 : 0.1564    precision@5 : 0.1417    precision@10 : 0.0993    precision@20 : 0.0647    precision@30 : 0.0499    precision@50 : 0.0344    map@1 : 0.2431    map@2 : 0.2345    map@3 : 0.2433    map@4 : 0.2514    map@5 : 0.2588    map@10 : 0.2785    map@20 : 0.2921    map@30 : 0.2986    map@50 : 0.3034
Sun 15 Mar 2026 17:33:16 INFO  Running E-step ! 
Sun 15 Mar 2026 17:33:22 INFO  epoch 60 training [time: 5.49s, train_loss1: 49.7748, train_loss2: 0.0000, train_loss3: 0.0116, train_loss4: 0.0025]
Sun 15 Mar 2026 17:33:23 INFO  epoch 60 evaluating [time: 1.59s, valid_score: 0.367000]
Sun 15 Mar 2026 17:33:23 INFO  valid result: 
recall@1 : 0.1595    recall@2 : 0.2369    recall@3 : 0.3049    recall@4 : 0.3546    recall@5 : 0.3945    recall@10 : 0.5204    recall@20 : 0.6488    recall@30 : 0.7376    recall@50 : 0.8241    ndcg@1 : 0.2455    ndcg@2 : 0.2631    ndcg@3 : 0.2885    ndcg@4 : 0.3071    ndcg@5 : 0.3219    ndcg@10 : 0.367    ndcg@20 : 0.4055    ndcg@30 : 0.4286    ndcg@50 : 0.4489    precision@1 : 0.2455    precision@2 : 0.1946    precision@3 : 0.1734    precision@4 : 0.1558    precision@5 : 0.1416    precision@10 : 0.0995    precision@20 : 0.0646    precision@30 : 0.05    precision@50 : 0.0343    map@1 : 0.2455    map@2 : 0.2354    map@3 : 0.2451    map@4 : 0.253    map@5 : 0.26    map@10 : 0.2802    map@20 : 0.2937    map@30 : 0.3003    map@50 : 0.305
Sun 15 Mar 2026 17:33:23 INFO  Running E-step ! 
Sun 15 Mar 2026 17:33:29 INFO  epoch 61 training [time: 5.67s, train_loss1: 49.9205, train_loss2: 0.0000, train_loss3: 0.0116, train_loss4: 0.0026]
Sun 15 Mar 2026 17:33:30 INFO  epoch 61 evaluating [time: 1.58s, valid_score: 0.366700]
Sun 15 Mar 2026 17:33:30 INFO  valid result: 
recall@1 : 0.1573    recall@2 : 0.2391    recall@3 : 0.2996    recall@4 : 0.3561    recall@5 : 0.3947    recall@10 : 0.5228    recall@20 : 0.6498    recall@30 : 0.7384    recall@50 : 0.8245    ndcg@1 : 0.2408    ndcg@2 : 0.2638    ndcg@3 : 0.2849    ndcg@4 : 0.3068    ndcg@5 : 0.321    ndcg@10 : 0.3667    ndcg@20 : 0.4048    ndcg@30 : 0.4278    ndcg@50 : 0.4481    precision@1 : 0.2408    precision@2 : 0.1967    precision@3 : 0.1712    precision@4 : 0.1566    precision@5 : 0.1416    precision@10 : 0.0994    precision@20 : 0.0645    precision@30 : 0.0499    precision@50 : 0.0343    map@1 : 0.2408    map@2 : 0.2357    map@3 : 0.2426    map@4 : 0.2519    map@5 : 0.2589    map@10 : 0.2794    map@20 : 0.2926    map@30 : 0.2992    map@50 : 0.304
Sun 15 Mar 2026 17:33:30 INFO  Running E-step ! 
Sun 15 Mar 2026 17:33:36 INFO  epoch 62 training [time: 5.60s, train_loss1: 46.9015, train_loss2: 0.0000, train_loss3: 0.0116, train_loss4: 0.0026]
Sun 15 Mar 2026 17:33:38 INFO  epoch 62 evaluating [time: 1.59s, valid_score: 0.367800]
Sun 15 Mar 2026 17:33:38 INFO  valid result: 
recall@1 : 0.1585    recall@2 : 0.2404    recall@3 : 0.3039    recall@4 : 0.3644    recall@5 : 0.3977    recall@10 : 0.5213    recall@20 : 0.6513    recall@30 : 0.7362    recall@50 : 0.8224    ndcg@1 : 0.2414    ndcg@2 : 0.2641    ndcg@3 : 0.2875    ndcg@4 : 0.3115    ndcg@5 : 0.3236    ndcg@10 : 0.3678    ndcg@20 : 0.4069    ndcg@30 : 0.429    ndcg@50 : 0.4493    precision@1 : 0.2414    precision@2 : 0.1961    precision@3 : 0.1726    precision@4 : 0.1597    precision@5 : 0.1429    precision@10 : 0.0993    precision@20 : 0.0647    precision@30 : 0.0498    precision@50 : 0.0342    map@1 : 0.2414    map@2 : 0.2366    map@3 : 0.2446    map@4 : 0.2557    map@5 : 0.2615    map@10 : 0.2813    map@20 : 0.295    map@30 : 0.3014    map@50 : 0.3061
Sun 15 Mar 2026 17:33:38 INFO  Running E-step ! 
Sun 15 Mar 2026 17:33:43 INFO  epoch 63 training [time: 5.53s, train_loss1: 46.9037, train_loss2: 0.0000, train_loss3: 0.0116, train_loss4: 0.0027]
Sun 15 Mar 2026 17:33:45 INFO  epoch 63 evaluating [time: 1.59s, valid_score: 0.365900]
Sun 15 Mar 2026 17:33:45 INFO  valid result: 
recall@1 : 0.1555    recall@2 : 0.2352    recall@3 : 0.3008    recall@4 : 0.3613    recall@5 : 0.3974    recall@10 : 0.5232    recall@20 : 0.6517    recall@30 : 0.738    recall@50 : 0.8225    ndcg@1 : 0.2366    ndcg@2 : 0.2594    ndcg@3 : 0.2835    ndcg@4 : 0.3078    ndcg@5 : 0.3211    ndcg@10 : 0.3659    ndcg@20 : 0.4045    ndcg@30 : 0.427    ndcg@50 : 0.4469    precision@1 : 0.2366    precision@2 : 0.1934    precision@3 : 0.171    precision@4 : 0.1585    precision@5 : 0.1426    precision@10 : 0.0992    precision@20 : 0.0646    precision@30 : 0.0499    precision@50 : 0.0342    map@1 : 0.2366    map@2 : 0.2318    map@3 : 0.2404    map@4 : 0.2518    map@5 : 0.2584    map@10 : 0.2783    map@20 : 0.2918    map@30 : 0.2983    map@50 : 0.303
Sun 15 Mar 2026 17:33:45 INFO  Running E-step ! 
Sun 15 Mar 2026 17:33:50 INFO  epoch 64 training [time: 5.09s, train_loss1: 46.5492, train_loss2: 0.0000, train_loss3: 0.0116, train_loss4: 0.0027]
Sun 15 Mar 2026 17:33:51 INFO  epoch 64 evaluating [time: 1.59s, valid_score: 0.366500]
Sun 15 Mar 2026 17:33:51 INFO  valid result: 
recall@1 : 0.1548    recall@2 : 0.2346    recall@3 : 0.3089    recall@4 : 0.3641    recall@5 : 0.401    recall@10 : 0.5225    recall@20 : 0.6541    recall@30 : 0.7373    recall@50 : 0.8242    ndcg@1 : 0.239    ndcg@2 : 0.2591    ndcg@3 : 0.2886    ndcg@4 : 0.31    ndcg@5 : 0.3233    ndcg@10 : 0.3665    ndcg@20 : 0.406    ndcg@30 : 0.4278    ndcg@50 : 0.4481    precision@1 : 0.239    precision@2 : 0.1925    precision@3 : 0.1758    precision@4 : 0.1599    precision@5 : 0.1435    precision@10 : 0.0993    precision@20 : 0.0649    precision@30 : 0.0499    precision@50 : 0.0342    map@1 : 0.239    map@2 : 0.2315    map@3 : 0.2439    map@4 : 0.2534    map@5 : 0.26    map@10 : 0.279    map@20 : 0.2929    map@30 : 0.2992    map@50 : 0.3038
Sun 15 Mar 2026 17:33:51 INFO  Running E-step ! 
Sun 15 Mar 2026 17:33:57 INFO  epoch 65 training [time: 5.45s, train_loss1: 45.9643, train_loss2: 0.0000, train_loss3: 0.0116, train_loss4: 0.0027]
Sun 15 Mar 2026 17:33:59 INFO  epoch 65 evaluating [time: 1.59s, valid_score: 0.366300]
Sun 15 Mar 2026 17:33:59 INFO  valid result: 
recall@1 : 0.1548    recall@2 : 0.2357    recall@3 : 0.3052    recall@4 : 0.3609    recall@5 : 0.3979    recall@10 : 0.5233    recall@20 : 0.6541    recall@30 : 0.7334    recall@50 : 0.8237    ndcg@1 : 0.2402    ndcg@2 : 0.2606    ndcg@3 : 0.2867    ndcg@4 : 0.3082    ndcg@5 : 0.3218    ndcg@10 : 0.3663    ndcg@20 : 0.4055    ndcg@30 : 0.4263    ndcg@50 : 0.4474    precision@1 : 0.2402    precision@2 : 0.1943    precision@3 : 0.1734    precision@4 : 0.1582    precision@5 : 0.1427    precision@10 : 0.0995    precision@20 : 0.0649    precision@30 : 0.0497    precision@50 : 0.0342    map@1 : 0.2402    map@2 : 0.2336    map@3 : 0.2429    map@4 : 0.2527    map@5 : 0.2591    map@10 : 0.2787    map@20 : 0.2924    map@30 : 0.2985    map@50 : 0.3033
Sun 15 Mar 2026 17:33:59 INFO  Running E-step ! 
Sun 15 Mar 2026 17:34:04 INFO  epoch 66 training [time: 5.62s, train_loss1: 44.5105, train_loss2: 0.0000, train_loss3: 0.0116, train_loss4: 0.0027]
Sun 15 Mar 2026 17:34:06 INFO  epoch 66 evaluating [time: 1.59s, valid_score: 0.366600]
Sun 15 Mar 2026 17:34:06 INFO  valid result: 
recall@1 : 0.1552    recall@2 : 0.2352    recall@3 : 0.3055    recall@4 : 0.3649    recall@5 : 0.3981    recall@10 : 0.5224    recall@20 : 0.6515    recall@30 : 0.7351    recall@50 : 0.8232    ndcg@1 : 0.2408    ndcg@2 : 0.2608    ndcg@3 : 0.2873    ndcg@4 : 0.3102    ndcg@5 : 0.3224    ndcg@10 : 0.3666    ndcg@20 : 0.4053    ndcg@30 : 0.4272    ndcg@50 : 0.4478    precision@1 : 0.2408    precision@2 : 0.1946    precision@3 : 0.174    precision@4 : 0.1596    precision@5 : 0.1431    precision@10 : 0.0996    precision@20 : 0.0646    precision@30 : 0.0497    precision@50 : 0.0342    map@1 : 0.2408    map@2 : 0.2333    map@3 : 0.2432    map@4 : 0.2539    map@5 : 0.2596    map@10 : 0.279    map@20 : 0.2927    map@30 : 0.299    map@50 : 0.3037
Sun 15 Mar 2026 17:34:06 INFO  Running E-step ! 
Sun 15 Mar 2026 17:34:11 INFO  epoch 67 training [time: 5.18s, train_loss1: 42.7542, train_loss2: 0.0000, train_loss3: 0.0116, train_loss4: 0.0027]
Sun 15 Mar 2026 17:34:13 INFO  epoch 67 evaluating [time: 1.59s, valid_score: 0.367300]
Sun 15 Mar 2026 17:34:13 INFO  valid result: 
recall@1 : 0.1548    recall@2 : 0.2367    recall@3 : 0.3098    recall@4 : 0.362    recall@5 : 0.3988    recall@10 : 0.5244    recall@20 : 0.6506    recall@30 : 0.7357    recall@50 : 0.8229    ndcg@1 : 0.2378    ndcg@2 : 0.261    ndcg@3 : 0.289    ndcg@4 : 0.3089    ndcg@5 : 0.3224    ndcg@10 : 0.3673    ndcg@20 : 0.4054    ndcg@30 : 0.4276    ndcg@50 : 0.4481    precision@1 : 0.2378    precision@2 : 0.1949    precision@3 : 0.1752    precision@4 : 0.1584    precision@5 : 0.1427    precision@10 : 0.0997    precision@20 : 0.0647    precision@30 : 0.0498    precision@50 : 0.0342    map@1 : 0.2378    map@2 : 0.2338    map@3 : 0.2445    map@4 : 0.2534    map@5 : 0.2597    map@10 : 0.2797    map@20 : 0.2933    map@30 : 0.2996    map@50 : 0.3044
Sun 15 Mar 2026 17:34:13 INFO  Running E-step ! 
Sun 15 Mar 2026 17:34:18 INFO  epoch 68 training [time: 5.37s, train_loss1: 44.0108, train_loss2: 0.0000, train_loss3: 0.0116, train_loss4: 0.0028]
Sun 15 Mar 2026 17:34:20 INFO  epoch 68 evaluating [time: 1.59s, valid_score: 0.364200]
Sun 15 Mar 2026 17:34:20 INFO  valid result: 
recall@1 : 0.1558    recall@2 : 0.2351    recall@3 : 0.3068    recall@4 : 0.3542    recall@5 : 0.3975    recall@10 : 0.517    recall@20 : 0.6503    recall@30 : 0.7332    recall@50 : 0.8246    ndcg@1 : 0.239    ndcg@2 : 0.2616    ndcg@3 : 0.2883    ndcg@4 : 0.3056    ndcg@5 : 0.3217    ndcg@10 : 0.3642    ndcg@20 : 0.404    ndcg@30 : 0.426    ndcg@50 : 0.4471    precision@1 : 0.239    precision@2 : 0.1961    precision@3 : 0.1752    precision@4 : 0.1563    precision@5 : 0.1424    precision@10 : 0.0985    precision@20 : 0.0644    precision@30 : 0.0497    precision@50 : 0.0342    map@1 : 0.239    map@2 : 0.2341    map@3 : 0.2442    map@4 : 0.2514    map@5 : 0.2591    map@10 : 0.278    map@20 : 0.2919    map@30 : 0.2983    map@50 : 0.303
Sun 15 Mar 2026 17:34:20 INFO  Running E-step ! 
Sun 15 Mar 2026 17:34:25 INFO  epoch 69 training [time: 5.35s, train_loss1: 42.5940, train_loss2: 0.0000, train_loss3: 0.0116, train_loss4: 0.0028]
Sun 15 Mar 2026 17:34:26 INFO  epoch 69 evaluating [time: 1.60s, valid_score: 0.363900]
Sun 15 Mar 2026 17:34:26 INFO  valid result: 
recall@1 : 0.1562    recall@2 : 0.238    recall@3 : 0.3062    recall@4 : 0.3562    recall@5 : 0.3965    recall@10 : 0.5139    recall@20 : 0.6519    recall@30 : 0.7328    recall@50 : 0.8218    ndcg@1 : 0.2378    ndcg@2 : 0.263    ndcg@3 : 0.2885    ndcg@4 : 0.3068    ndcg@5 : 0.322    ndcg@10 : 0.3639    ndcg@20 : 0.4049    ndcg@30 : 0.4264    ndcg@50 : 0.4471    precision@1 : 0.2378    precision@2 : 0.1973    precision@3 : 0.1754    precision@4 : 0.1569    precision@5 : 0.1428    precision@10 : 0.0983    precision@20 : 0.0645    precision@30 : 0.0498    precision@50 : 0.0342    map@1 : 0.2378    map@2 : 0.2353    map@3 : 0.2448    map@4 : 0.2527    map@5 : 0.2598    map@10 : 0.2786    map@20 : 0.2927    map@30 : 0.2991    map@50 : 0.3037
Sun 15 Mar 2026 17:34:26 INFO  Running E-step ! 
Sun 15 Mar 2026 17:34:32 INFO  epoch 70 training [time: 5.52s, train_loss1: 41.9266, train_loss2: 0.0000, train_loss3: 0.0116, train_loss4: 0.0028]
Sun 15 Mar 2026 17:34:34 INFO  epoch 70 evaluating [time: 1.60s, valid_score: 0.363000]
Sun 15 Mar 2026 17:34:34 INFO  valid result: 
recall@1 : 0.1559    recall@2 : 0.2367    recall@3 : 0.3019    recall@4 : 0.3553    recall@5 : 0.3949    recall@10 : 0.5132    recall@20 : 0.6545    recall@30 : 0.7336    recall@50 : 0.8229    ndcg@1 : 0.2396    ndcg@2 : 0.2627    ndcg@3 : 0.2861    ndcg@4 : 0.3064    ndcg@5 : 0.3206    ndcg@10 : 0.363    ndcg@20 : 0.4051    ndcg@30 : 0.426    ndcg@50 : 0.4468    precision@1 : 0.2396    precision@2 : 0.197    precision@3 : 0.1734    precision@4 : 0.1573    precision@5 : 0.1417    precision@10 : 0.0982    precision@20 : 0.0647    precision@30 : 0.0497    precision@50 : 0.0342    map@1 : 0.2396    map@2 : 0.2358    map@3 : 0.2433    map@4 : 0.2522    map@5 : 0.2585    map@10 : 0.2776    map@20 : 0.2922    map@30 : 0.2984    map@50 : 0.3031
Sun 15 Mar 2026 17:34:34 INFO  Running E-step ! 
Sun 15 Mar 2026 17:34:39 INFO  epoch 71 training [time: 5.52s, train_loss1: 41.4586, train_loss2: 0.0000, train_loss3: 0.0115, train_loss4: 0.0031]
Sun 15 Mar 2026 17:34:41 INFO  epoch 71 evaluating [time: 1.60s, valid_score: 0.360500]
Sun 15 Mar 2026 17:34:41 INFO  valid result: 
recall@1 : 0.1538    recall@2 : 0.2336    recall@3 : 0.3029    recall@4 : 0.3487    recall@5 : 0.3896    recall@10 : 0.5111    recall@20 : 0.6528    recall@30 : 0.729    recall@50 : 0.8237    ndcg@1 : 0.236    ndcg@2 : 0.2596    ndcg@3 : 0.286    ndcg@4 : 0.3019    ndcg@5 : 0.3172    ndcg@10 : 0.3605    ndcg@20 : 0.4025    ndcg@30 : 0.4229    ndcg@50 : 0.4448    precision@1 : 0.236    precision@2 : 0.1952    precision@3 : 0.1756    precision@4 : 0.1546    precision@5 : 0.141    precision@10 : 0.0979    precision@20 : 0.0646    precision@30 : 0.0495    precision@50 : 0.0342    map@1 : 0.236    map@2 : 0.2327    map@3 : 0.2428    map@4 : 0.2485    map@5 : 0.2557    map@10 : 0.275    map@20 : 0.2896    map@30 : 0.2957    map@50 : 0.3005
Sun 15 Mar 2026 17:34:41 INFO  Running E-step ! 
Sun 15 Mar 2026 17:34:45 INFO  epoch 72 training [time: 4.54s, train_loss1: 40.0955, train_loss2: 0.0000, train_loss3: 0.0116, train_loss4: 0.0029]
Sun 15 Mar 2026 17:34:47 INFO  epoch 72 evaluating [time: 1.60s, valid_score: 0.361200]
Sun 15 Mar 2026 17:34:47 INFO  valid result: 
recall@1 : 0.1536    recall@2 : 0.2353    recall@3 : 0.3015    recall@4 : 0.353    recall@5 : 0.3921    recall@10 : 0.5116    recall@20 : 0.6526    recall@30 : 0.7314    recall@50 : 0.8233    ndcg@1 : 0.2354    ndcg@2 : 0.2605    ndcg@3 : 0.2852    ndcg@4 : 0.3042    ndcg@5 : 0.3184    ndcg@10 : 0.3612    ndcg@20 : 0.4027    ndcg@30 : 0.4237    ndcg@50 : 0.4449    precision@1 : 0.2354    precision@2 : 0.1961    precision@3 : 0.1746    precision@4 : 0.1567    precision@5 : 0.1417    precision@10 : 0.0983    precision@20 : 0.0645    precision@30 : 0.0497    precision@50 : 0.0342    map@1 : 0.2354    map@2 : 0.2335    map@3 : 0.2422    map@4 : 0.25    map@5 : 0.2567    map@10 : 0.2757    map@20 : 0.2901    map@30 : 0.2963    map@50 : 0.301
Sun 15 Mar 2026 17:34:47 INFO  Running E-step ! 
Sun 15 Mar 2026 17:34:52 INFO  epoch 73 training [time: 5.28s, train_loss1: 39.8276, train_loss2: 0.0000, train_loss3: 0.0115, train_loss4: 0.0029]
Sun 15 Mar 2026 17:34:54 INFO  epoch 73 evaluating [time: 1.60s, valid_score: 0.361000]
Sun 15 Mar 2026 17:34:54 INFO  valid result: 
recall@1 : 0.1553    recall@2 : 0.2382    recall@3 : 0.2973    recall@4 : 0.3494    recall@5 : 0.3871    recall@10 : 0.5105    recall@20 : 0.6516    recall@30 : 0.7294    recall@50 : 0.8224    ndcg@1 : 0.2378    ndcg@2 : 0.2637    ndcg@3 : 0.2837    ndcg@4 : 0.3028    ndcg@5 : 0.3167    ndcg@10 : 0.361    ndcg@20 : 0.4026    ndcg@30 : 0.4235    ndcg@50 : 0.4449    precision@1 : 0.2378    precision@2 : 0.1982    precision@3 : 0.172    precision@4 : 0.1545    precision@5 : 0.1398    precision@10 : 0.0977    precision@20 : 0.0644    precision@30 : 0.0496    precision@50 : 0.0341    map@1 : 0.2378    map@2 : 0.2358    map@3 : 0.2418    map@4 : 0.2493    map@5 : 0.2556    map@10 : 0.2758    map@20 : 0.2901    map@30 : 0.2963    map@50 : 0.3011
Sun 15 Mar 2026 17:34:54 INFO  Running E-step ! 
Sun 15 Mar 2026 17:34:59 INFO  epoch 74 training [time: 4.73s, train_loss1: 39.4566, train_loss2: 0.0000, train_loss3: 0.0115, train_loss4: 0.0031]
Sun 15 Mar 2026 17:35:00 INFO  epoch 74 evaluating [time: 1.60s, valid_score: 0.362700]
Sun 15 Mar 2026 17:35:00 INFO  valid result: 
recall@1 : 0.155    recall@2 : 0.2426    recall@3 : 0.303    recall@4 : 0.3523    recall@5 : 0.3916    recall@10 : 0.5109    recall@20 : 0.6487    recall@30 : 0.7307    recall@50 : 0.8247    ndcg@1 : 0.2372    ndcg@2 : 0.2667    ndcg@3 : 0.2871    ndcg@4 : 0.3047    ndcg@5 : 0.3196    ndcg@10 : 0.3627    ndcg@20 : 0.4031    ndcg@30 : 0.4249    ndcg@50 : 0.4466    precision@1 : 0.2372    precision@2 : 0.2008    precision@3 : 0.174    precision@4 : 0.1546    precision@5 : 0.1412    precision@10 : 0.0986    precision@20 : 0.0642    precision@30 : 0.0496    precision@50 : 0.0342    map@1 : 0.2372    map@2 : 0.2385    map@3 : 0.2443    map@4 : 0.2513    map@5 : 0.2583    map@10 : 0.2777    map@20 : 0.2916    map@30 : 0.298    map@50 : 0.3028
Sun 15 Mar 2026 17:35:00 INFO  Running E-step ! 
Sun 15 Mar 2026 17:35:06 INFO  epoch 75 training [time: 5.56s, train_loss1: 38.9861, train_loss2: 0.0000, train_loss3: 0.0115, train_loss4: 0.0031]
Sun 15 Mar 2026 17:35:07 INFO  epoch 75 evaluating [time: 1.60s, valid_score: 0.361800]
Sun 15 Mar 2026 17:35:07 INFO  valid result: 
recall@1 : 0.1544    recall@2 : 0.2424    recall@3 : 0.3052    recall@4 : 0.3505    recall@5 : 0.3893    recall@10 : 0.5088    recall@20 : 0.6476    recall@30 : 0.728    recall@50 : 0.8228    ndcg@1 : 0.2396    ndcg@2 : 0.2667    ndcg@3 : 0.2882    ndcg@4 : 0.3043    ndcg@5 : 0.3189    ndcg@10 : 0.3618    ndcg@20 : 0.4028    ndcg@30 : 0.424    ndcg@50 : 0.446    precision@1 : 0.2396    precision@2 : 0.2005    precision@3 : 0.1746    precision@4 : 0.1546    precision@5 : 0.141    precision@10 : 0.0979    precision@20 : 0.0643    precision@30 : 0.0494    precision@50 : 0.0342    map@1 : 0.2396    map@2 : 0.2384    map@3 : 0.2448    map@4 : 0.251    map@5 : 0.2579    map@10 : 0.2769    map@20 : 0.2912    map@30 : 0.2974    map@50 : 0.3023
Sun 15 Mar 2026 17:35:07 INFO  Running E-step ! 
Sun 15 Mar 2026 17:35:13 INFO  epoch 76 training [time: 5.33s, train_loss1: 37.3838, train_loss2: 0.0000, train_loss3: 0.0115, train_loss4: 0.0033]
Sun 15 Mar 2026 17:35:14 INFO  epoch 76 evaluating [time: 1.60s, valid_score: 0.365200]
Sun 15 Mar 2026 17:35:14 INFO  valid result: 
recall@1 : 0.157    recall@2 : 0.2435    recall@3 : 0.3087    recall@4 : 0.3513    recall@5 : 0.3916    recall@10 : 0.5147    recall@20 : 0.6503    recall@30 : 0.7311    recall@50 : 0.8199    ndcg@1 : 0.2402    ndcg@2 : 0.2682    ndcg@3 : 0.291    ndcg@4 : 0.3059    ndcg@5 : 0.3211    ndcg@10 : 0.3652    ndcg@20 : 0.4053    ndcg@30 : 0.4267    ndcg@50 : 0.4474    precision@1 : 0.2402    precision@2 : 0.2014    precision@3 : 0.1764    precision@4 : 0.1551    precision@5 : 0.1416    precision@10 : 0.0989    precision@20 : 0.0644    precision@30 : 0.0496    precision@50 : 0.0341    map@1 : 0.2402    map@2 : 0.24    map@3 : 0.2477    map@4 : 0.2529    map@5 : 0.2601    map@10 : 0.2798    map@20 : 0.2937    map@30 : 0.3    map@50 : 0.3046
Sun 15 Mar 2026 17:35:14 INFO  Running E-step ! 
Sun 15 Mar 2026 17:35:19 INFO  epoch 77 training [time: 5.08s, train_loss1: 37.5877, train_loss2: 0.0000, train_loss3: 0.0115, train_loss4: 0.0030]
Sun 15 Mar 2026 17:35:21 INFO  epoch 77 evaluating [time: 1.59s, valid_score: 0.361800]
Sun 15 Mar 2026 17:35:21 INFO  valid result: 
recall@1 : 0.1541    recall@2 : 0.2405    recall@3 : 0.306    recall@4 : 0.3479    recall@5 : 0.3889    recall@10 : 0.5109    recall@20 : 0.6446    recall@30 : 0.728    recall@50 : 0.8213    ndcg@1 : 0.2396    ndcg@2 : 0.2656    ndcg@3 : 0.2883    ndcg@4 : 0.3026    ndcg@5 : 0.3182    ndcg@10 : 0.3618    ndcg@20 : 0.4017    ndcg@30 : 0.4235    ndcg@50 : 0.4452    precision@1 : 0.2396    precision@2 : 0.1996    precision@3 : 0.1752    precision@4 : 0.1533    precision@5 : 0.1406    precision@10 : 0.0982    precision@20 : 0.0641    precision@30 : 0.0493    precision@50 : 0.0341    map@1 : 0.2396    map@2 : 0.2376    map@3 : 0.2447    map@4 : 0.2496    map@5 : 0.2568    map@10 : 0.2765    map@20 : 0.2904    map@30 : 0.2966    map@50 : 0.3015
Sun 15 Mar 2026 17:35:21 INFO  Running E-step ! 
Sun 15 Mar 2026 17:35:26 INFO  epoch 78 training [time: 5.42s, train_loss1: 35.8398, train_loss2: 0.0000, train_loss3: 0.0115, train_loss4: 0.0031]
Sun 15 Mar 2026 17:35:28 INFO  epoch 78 evaluating [time: 1.60s, valid_score: 0.364100]
Sun 15 Mar 2026 17:35:28 INFO  valid result: 
recall@1 : 0.1568    recall@2 : 0.2456    recall@3 : 0.3042    recall@4 : 0.3486    recall@5 : 0.3901    recall@10 : 0.5126    recall@20 : 0.6471    recall@30 : 0.7308    recall@50 : 0.82    ndcg@1 : 0.242    ndcg@2 : 0.2698    ndcg@3 : 0.2884    ndcg@4 : 0.3046    ndcg@5 : 0.3204    ndcg@10 : 0.3641    ndcg@20 : 0.4041    ndcg@30 : 0.4261    ndcg@50 : 0.4468    precision@1 : 0.242    precision@2 : 0.2026    precision@3 : 0.173    precision@4 : 0.1539    precision@5 : 0.1414    precision@10 : 0.0985    precision@20 : 0.0643    precision@30 : 0.0496    precision@50 : 0.0341    map@1 : 0.242    map@2 : 0.2414    map@3 : 0.2452    map@4 : 0.2514    map@5 : 0.2592    map@10 : 0.2787    map@20 : 0.2926    map@30 : 0.2989    map@50 : 0.3036
Sun 15 Mar 2026 17:35:28 INFO  Running E-step ! 
Sun 15 Mar 2026 17:35:33 INFO  epoch 79 training [time: 5.41s, train_loss1: 35.7767, train_loss2: 0.0000, train_loss3: 0.0115, train_loss4: 0.0032]
Sun 15 Mar 2026 17:35:35 INFO  epoch 79 evaluating [time: 1.60s, valid_score: 0.363500]
Sun 15 Mar 2026 17:35:35 INFO  valid result: 
recall@1 : 0.1538    recall@2 : 0.2413    recall@3 : 0.3055    recall@4 : 0.3499    recall@5 : 0.3902    recall@10 : 0.5159    recall@20 : 0.6452    recall@30 : 0.7296    recall@50 : 0.8211    ndcg@1 : 0.2408    ndcg@2 : 0.2651    ndcg@3 : 0.2879    ndcg@4 : 0.3037    ndcg@5 : 0.319    ndcg@10 : 0.3635    ndcg@20 : 0.4021    ndcg@30 : 0.4241    ndcg@50 : 0.4453    precision@1 : 0.2408    precision@2 : 0.1987    precision@3 : 0.1746    precision@4 : 0.1542    precision@5 : 0.1414    precision@10 : 0.0987    precision@20 : 0.0641    precision@30 : 0.0495    precision@50 : 0.0341    map@1 : 0.2408    map@2 : 0.2364    map@3 : 0.2435    map@4 : 0.2497    map@5 : 0.2569    map@10 : 0.2768    map@20 : 0.2902    map@30 : 0.2966    map@50 : 0.3012
Sun 15 Mar 2026 17:35:35 INFO  Finished training, best eval result in epoch 58
