Sun 15 Mar 2026 15:01:28 INFO  
General Hyper Parameters:
gpu_id = 0
use_gpu = True
seed = 2027
state = INFO
reproducibility = True
data_path = ./travel
checkpoint_dir = saved
show_progress = True
save_dataset = False
dataset_save_path = None
save_dataloaders = False
dataloaders_save_path = None
log_wandb = False

Training Hyper Parameters:
epochs = 1000
train_batch_size = 100
learner = adam
learning_rate = 0.001
train_neg_sample_args = {'distribution': 'uniform', 'sample_num': 1, 'alpha': 1.0, 'dynamic': False, 'candidate_num': 0}
eval_step = 1
stopping_step = 20
clip_grad_norm = None
weight_decay = 0.0
loss_decimal_place = 4

Evaluation Hyper Parameters:
eval_args = {'split': {'RS': [0.8, 0.1, 0.1]}, 'order': 'RO', 'group_by': 'user', 'mode': {'valid': 'full', 'test': 'full'}}
repeatable = False
metrics = ['Recall', 'NDCG', 'Precision', 'MAP']
topk = [1, 2, 3, 4, 5, 10, 20, 30, 50]
valid_metric = NDCG@10
valid_metric_bigger = True
eval_batch_size = 100
metric_decimal_place = 4

Dataset Hyper Parameters:
field_separator = 	
seq_separator =  
USER_ID_FIELD = user_id
ITEM_ID_FIELD = item_id
RATING_FIELD = rating
TIME_FIELD = timestamp
seq_len = None
LABEL_FIELD = label
threshold = None
NEG_PREFIX = neg_
load_col = {'inter': ['user_id', 'item_id', 'rating'], 'user': ['user_id', 'post_num', 'follower', 'following', 'timestamp']}
unload_col = None
unused_col = None
additional_feat_suffix = None
rm_dup_inter = None
val_interval = {'rating': '[0,inf)'}
filter_inter_by_user_or_item = True
user_inter_num_interval = [0,inf)
item_inter_num_interval = [0,inf)
alias_of_user_id = None
alias_of_item_id = None
alias_of_entity_id = None
alias_of_relation_id = None
preload_weight = None
normalize_field = None
normalize_all = None
ITEM_LIST_LENGTH_FIELD = item_length
LIST_SUFFIX = _list
MAX_ITEM_LIST_LENGTH = 50
POSITION_FIELD = position_id
HEAD_ENTITY_ID_FIELD = head_id
TAIL_ENTITY_ID_FIELD = tail_id
RELATION_ID_FIELD = relation_id
ENTITY_ID_FIELD = entity_id
benchmark_filename = None

Other Hyper Parameters: 
worker = 0
wandb_project = recbole
shuffle = True
require_pow = False
enable_amp = False
enable_scaler = False
transform = None
numerical_features = []
discretization = None
kg_reverse_r = False
entity_kg_num_interval = [0,inf)
relation_kg_num_interval = [0,inf)
MODEL_TYPE = ModelType.GENERAL
embedding_size = 64
n_layers = 3
reg_weight = 0.0001
smt_latent_dim = 64
ssl_temp = 0.1
ssl_reg = 1e-07
hyper_layers = 1
alpha = 1
potential_reg = 8e-08
semantic_reg = 8e-08
num_clusters = 10
m_step = 1
warm_up_step = 20
user_feature_path = features/roberta_user.npy
item_feature_path = features/roberta_item.npy
MODEL_INPUT_TYPE = InputType.PAIRWISE
eval_type = EvaluatorType.RANKING
single_spec = True
local_rank = 0
device = cuda
valid_neg_sample_args = {'distribution': 'uniform', 'sample_num': 'none'}
test_neg_sample_args = {'distribution': 'uniform', 'sample_num': 'none'}


Sun 15 Mar 2026 15:01:28 INFO  travel
The number of users: 2010
Average actions of users: 18.721254355400696
The number of items: 247
Average actions of items: 152.890243902439
The number of inters: 37611
The sparsity of the dataset: 92.42431566862047%
Remain Fields: ['user_id', 'item_id', 'rating', 'post_num', 'follower', 'following', 'timestamp']
Sun 15 Mar 2026 15:01:28 INFO  [Training]: train_batch_size = [100] train_neg_sample_args: [{'distribution': 'uniform', 'sample_num': 1, 'alpha': 1.0, 'dynamic': False, 'candidate_num': 0}]
Sun 15 Mar 2026 15:01:28 INFO  [Evaluation]: eval_batch_size = [100] eval_args: [{'split': {'RS': [0.8, 0.1, 0.1]}, 'order': 'RO', 'group_by': 'user', 'mode': {'valid': 'full', 'test': 'full'}}]
Sun 15 Mar 2026 15:01:30 INFO  SCL(
  (u_MLP): Linear(in_features=1024, out_features=64, bias=True)
  (i_MLP): Linear(in_features=1024, out_features=64, bias=True)
  (user_embedding): Embedding(2010, 64)
  (item_embedding): Embedding(247, 64)
  (mf_loss): BPRLoss()
  (reg_loss): EmbLoss()
)
Trainable parameters: 144448
Sun 15 Mar 2026 15:01:30 INFO  trainable parameters: 144448
Sun 15 Mar 2026 15:01:31 INFO  Running E-step ! 
Sun 15 Mar 2026 15:01:36 INFO  epoch 0 training [time: 5.30s, train_loss1: 157.0426, train_loss2: 0.0389, train_loss3: 0.0117]
Sun 15 Mar 2026 15:01:38 INFO  epoch 0 evaluating [time: 1.64s, valid_score: 0.302700]
Sun 15 Mar 2026 15:01:38 INFO  valid result: 
recall@1 : 0.1164    recall@2 : 0.2097    recall@3 : 0.2698    recall@4 : 0.305    recall@5 : 0.3365    recall@10 : 0.4426    recall@20 : 0.5772    recall@30 : 0.6541    recall@50 : 0.7553    ndcg@1 : 0.1871    ndcg@2 : 0.2207    ndcg@3 : 0.242    ndcg@4 : 0.2539    ndcg@5 : 0.2651    ndcg@10 : 0.3027    ndcg@20 : 0.3426    ndcg@30 : 0.3634    ndcg@50 : 0.3878    precision@1 : 0.1871    precision@2 : 0.1672    precision@3 : 0.1452    precision@4 : 0.1269    precision@5 : 0.1137    precision@10 : 0.079    precision@20 : 0.0544    precision@30 : 0.0429    precision@50 : 0.031    map@1 : 0.1871    map@2 : 0.1931    map@3 : 0.2006    map@4 : 0.2042    map@5 : 0.209    map@10 : 0.2246    map@20 : 0.2374    map@30 : 0.2429    map@50 : 0.2482
Sun 15 Mar 2026 15:01:38 INFO  Saving current: saved/SCL-Mar-15-2026_15-01-30.pth
Sun 15 Mar 2026 15:01:38 INFO  Saving current best: saved/SCL-Mar-15-2026_15-01-30.pth
Sun 15 Mar 2026 15:01:38 INFO  Running E-step ! 
Sun 15 Mar 2026 15:01:42 INFO  epoch 1 training [time: 4.58s, train_loss1: 124.7522, train_loss2: 0.0407, train_loss3: 0.0117]
Sun 15 Mar 2026 15:01:44 INFO  epoch 1 evaluating [time: 1.58s, valid_score: 0.309200]
Sun 15 Mar 2026 15:01:44 INFO  valid result: 
recall@1 : 0.1311    recall@2 : 0.2086    recall@3 : 0.2683    recall@4 : 0.306    recall@5 : 0.3391    recall@10 : 0.4455    recall@20 : 0.579    recall@30 : 0.6516    recall@50 : 0.7554    ndcg@1 : 0.2002    ndcg@2 : 0.2246    ndcg@3 : 0.2459    ndcg@4 : 0.2593    ndcg@5 : 0.2713    ndcg@10 : 0.3092    ndcg@20 : 0.3486    ndcg@30 : 0.3683    ndcg@50 : 0.3932    precision@1 : 0.2002    precision@2 : 0.1663    precision@3 : 0.144    precision@4 : 0.1271    precision@5 : 0.1145    precision@10 : 0.08    precision@20 : 0.0546    precision@30 : 0.0427    precision@50 : 0.031    map@1 : 0.2002    map@2 : 0.199    map@3 : 0.207    map@4 : 0.2115    map@5 : 0.2167    map@10 : 0.2325    map@20 : 0.2452    map@30 : 0.2505    map@50 : 0.2559
Sun 15 Mar 2026 15:01:44 INFO  Saving current: saved/SCL-Mar-15-2026_15-01-30.pth
Sun 15 Mar 2026 15:01:44 INFO  Saving current best: saved/SCL-Mar-15-2026_15-01-30.pth
Sun 15 Mar 2026 15:01:44 INFO  Running E-step ! 
Sun 15 Mar 2026 15:01:49 INFO  epoch 2 training [time: 4.83s, train_loss1: 121.5787, train_loss2: 0.0421, train_loss3: 0.0117]
Sun 15 Mar 2026 15:01:50 INFO  epoch 2 evaluating [time: 1.58s, valid_score: 0.309800]
Sun 15 Mar 2026 15:01:50 INFO  valid result: 
recall@1 : 0.1329    recall@2 : 0.2089    recall@3 : 0.2683    recall@4 : 0.3034    recall@5 : 0.3342    recall@10 : 0.4468    recall@20 : 0.5774    recall@30 : 0.6505    recall@50 : 0.7502    ndcg@1 : 0.2032    ndcg@2 : 0.226    ndcg@3 : 0.2471    ndcg@4 : 0.2592    ndcg@5 : 0.2702    ndcg@10 : 0.3098    ndcg@20 : 0.3488    ndcg@30 : 0.3685    ndcg@50 : 0.3925    precision@1 : 0.2032    precision@2 : 0.1666    precision@3 : 0.1446    precision@4 : 0.1268    precision@5 : 0.1136    precision@10 : 0.08    precision@20 : 0.0547    precision@30 : 0.0428    precision@50 : 0.031    map@1 : 0.2032    map@2 : 0.2005    map@3 : 0.208    map@4 : 0.2119    map@5 : 0.2165    map@10 : 0.2328    map@20 : 0.2455    map@30 : 0.2509    map@50 : 0.2561
Sun 15 Mar 2026 15:01:50 INFO  Saving current: saved/SCL-Mar-15-2026_15-01-30.pth
Sun 15 Mar 2026 15:01:50 INFO  Saving current best: saved/SCL-Mar-15-2026_15-01-30.pth
Sun 15 Mar 2026 15:01:50 INFO  Running E-step ! 
Sun 15 Mar 2026 15:01:55 INFO  epoch 3 training [time: 4.87s, train_loss1: 120.4054, train_loss2: 0.0433, train_loss3: 0.0116]
Sun 15 Mar 2026 15:01:57 INFO  epoch 3 evaluating [time: 1.60s, valid_score: 0.309200]
Sun 15 Mar 2026 15:01:57 INFO  valid result: 
recall@1 : 0.1329    recall@2 : 0.2092    recall@3 : 0.27    recall@4 : 0.3037    recall@5 : 0.3343    recall@10 : 0.4442    recall@20 : 0.5759    recall@30 : 0.65    recall@50 : 0.7564    ndcg@1 : 0.2032    ndcg@2 : 0.226    ndcg@3 : 0.248    ndcg@4 : 0.2595    ndcg@5 : 0.2703    ndcg@10 : 0.3092    ndcg@20 : 0.3487    ndcg@30 : 0.3686    ndcg@50 : 0.3941    precision@1 : 0.2032    precision@2 : 0.1666    precision@3 : 0.1454    precision@4 : 0.1268    precision@5 : 0.1133    precision@10 : 0.0795    precision@20 : 0.0546    precision@30 : 0.0428    precision@50 : 0.0311    map@1 : 0.2032    map@2 : 0.2005    map@3 : 0.2087    map@4 : 0.2121    map@5 : 0.2167    map@10 : 0.2328    map@20 : 0.2458    map@30 : 0.2512    map@50 : 0.2566
Sun 15 Mar 2026 15:01:57 INFO  Running E-step ! 
Sun 15 Mar 2026 15:02:02 INFO  epoch 4 training [time: 4.87s, train_loss1: 120.2965, train_loss2: 0.0447, train_loss3: 0.0116]
Sun 15 Mar 2026 15:02:03 INFO  epoch 4 evaluating [time: 1.58s, valid_score: 0.308100]
Sun 15 Mar 2026 15:02:03 INFO  valid result: 
recall@1 : 0.1309    recall@2 : 0.2086    recall@3 : 0.2682    recall@4 : 0.306    recall@5 : 0.338    recall@10 : 0.443    recall@20 : 0.5779    recall@30 : 0.6526    recall@50 : 0.7543    ndcg@1 : 0.1996    ndcg@2 : 0.2243    ndcg@3 : 0.2457    ndcg@4 : 0.2593    ndcg@5 : 0.2707    ndcg@10 : 0.3081    ndcg@20 : 0.3484    ndcg@30 : 0.3684    ndcg@50 : 0.3927    precision@1 : 0.1996    precision@2 : 0.1663    precision@3 : 0.144    precision@4 : 0.1274    precision@5 : 0.1139    precision@10 : 0.0796    precision@20 : 0.0549    precision@30 : 0.0429    precision@50 : 0.0311    map@1 : 0.1996    map@2 : 0.1989    map@3 : 0.2069    map@4 : 0.2115    map@5 : 0.2164    map@10 : 0.2319    map@20 : 0.2451    map@30 : 0.2505    map@50 : 0.2557
Sun 15 Mar 2026 15:02:03 INFO  Running E-step ! 
Sun 15 Mar 2026 15:02:08 INFO  epoch 5 training [time: 4.75s, train_loss1: 119.3576, train_loss2: 0.0463, train_loss3: 0.0117]
Sun 15 Mar 2026 15:02:09 INFO  epoch 5 evaluating [time: 1.58s, valid_score: 0.308300]
Sun 15 Mar 2026 15:02:09 INFO  valid result: 
recall@1 : 0.1311    recall@2 : 0.2084    recall@3 : 0.2682    recall@4 : 0.3061    recall@5 : 0.3404    recall@10 : 0.4425    recall@20 : 0.5782    recall@30 : 0.6485    recall@50 : 0.7423    ndcg@1 : 0.2002    ndcg@2 : 0.2244    ndcg@3 : 0.2459    ndcg@4 : 0.2592    ndcg@5 : 0.272    ndcg@10 : 0.3083    ndcg@20 : 0.3487    ndcg@30 : 0.3678    ndcg@50 : 0.3909    precision@1 : 0.2002    precision@2 : 0.166    precision@3 : 0.1438    precision@4 : 0.1269    precision@5 : 0.1151    precision@10 : 0.0797    precision@20 : 0.0549    precision@30 : 0.0427    precision@50 : 0.0308    map@1 : 0.2002    map@2 : 0.1987    map@3 : 0.2068    map@4 : 0.2113    map@5 : 0.217    map@10 : 0.2322    map@20 : 0.2453    map@30 : 0.2505    map@50 : 0.2557
Sun 15 Mar 2026 15:02:09 INFO  Running E-step ! 
Sun 15 Mar 2026 15:02:14 INFO  epoch 6 training [time: 4.82s, train_loss1: 118.3800, train_loss2: 0.0473, train_loss3: 0.0117]
Sun 15 Mar 2026 15:02:16 INFO  epoch 6 evaluating [time: 1.59s, valid_score: 0.308200]
Sun 15 Mar 2026 15:02:16 INFO  valid result: 
recall@1 : 0.1311    recall@2 : 0.2083    recall@3 : 0.2682    recall@4 : 0.3067    recall@5 : 0.3395    recall@10 : 0.4428    recall@20 : 0.5798    recall@30 : 0.6522    recall@50 : 0.7411    ndcg@1 : 0.2002    ndcg@2 : 0.2239    ndcg@3 : 0.2458    ndcg@4 : 0.2595    ndcg@5 : 0.2713    ndcg@10 : 0.3082    ndcg@20 : 0.3491    ndcg@30 : 0.3687    ndcg@50 : 0.3908    precision@1 : 0.2002    precision@2 : 0.1654    precision@3 : 0.1438    precision@4 : 0.1272    precision@5 : 0.1144    precision@10 : 0.0796    precision@20 : 0.0551    precision@30 : 0.043    precision@50 : 0.0309    map@1 : 0.2002    map@2 : 0.1985    map@3 : 0.2067    map@4 : 0.2114    map@5 : 0.2165    map@10 : 0.232    map@20 : 0.2454    map@30 : 0.2506    map@50 : 0.2557
Sun 15 Mar 2026 15:02:16 INFO  Running E-step ! 
Sun 15 Mar 2026 15:02:21 INFO  epoch 7 training [time: 4.68s, train_loss1: 116.5197, train_loss2: 0.0482, train_loss3: 0.0117]
Sun 15 Mar 2026 15:02:22 INFO  epoch 7 evaluating [time: 1.58s, valid_score: 0.308600]
Sun 15 Mar 2026 15:02:22 INFO  valid result: 
recall@1 : 0.1308    recall@2 : 0.2076    recall@3 : 0.2621    recall@4 : 0.3087    recall@5 : 0.3412    recall@10 : 0.4443    recall@20 : 0.5803    recall@30 : 0.6507    recall@50 : 0.7428    ndcg@1 : 0.2002    ndcg@2 : 0.225    ndcg@3 : 0.2428    ndcg@4 : 0.2602    ndcg@5 : 0.2718    ndcg@10 : 0.3086    ndcg@20 : 0.3494    ndcg@30 : 0.3686    ndcg@50 : 0.3911    precision@1 : 0.2002    precision@2 : 0.1675    precision@3 : 0.1418    precision@4 : 0.1283    precision@5 : 0.1151    precision@10 : 0.0799    precision@20 : 0.0554    precision@30 : 0.0431    precision@50 : 0.0309    map@1 : 0.2002    map@2 : 0.1992    map@3 : 0.2045    map@4 : 0.2113    map@5 : 0.2165    map@10 : 0.2318    map@20 : 0.2452    map@30 : 0.2505    map@50 : 0.2555
Sun 15 Mar 2026 15:02:22 INFO  Running E-step ! 
Sun 15 Mar 2026 15:02:27 INFO  epoch 8 training [time: 4.82s, train_loss1: 115.9728, train_loss2: 0.0493, train_loss3: 0.0117]
Sun 15 Mar 2026 15:02:29 INFO  epoch 8 evaluating [time: 1.59s, valid_score: 0.304000]
Sun 15 Mar 2026 15:02:29 INFO  valid result: 
recall@1 : 0.1147    recall@2 : 0.2083    recall@3 : 0.268    recall@4 : 0.3063    recall@5 : 0.3397    recall@10 : 0.4475    recall@20 : 0.5799    recall@30 : 0.6534    recall@50 : 0.745    ndcg@1 : 0.1853    ndcg@2 : 0.2198    ndcg@3 : 0.2399    ndcg@4 : 0.2537    ndcg@5 : 0.2659    ndcg@10 : 0.304    ndcg@20 : 0.3437    ndcg@30 : 0.3636    ndcg@50 : 0.3862    precision@1 : 0.1853    precision@2 : 0.1672    precision@3 : 0.1434    precision@4 : 0.1277    precision@5 : 0.1153    precision@10 : 0.0803    precision@20 : 0.0553    precision@30 : 0.0431    precision@50 : 0.0311    map@1 : 0.1853    map@2 : 0.192    map@3 : 0.1987    map@4 : 0.2034    map@5 : 0.2088    map@10 : 0.2246    map@20 : 0.2376    map@30 : 0.243    map@50 : 0.2482
Sun 15 Mar 2026 15:02:29 INFO  Running E-step ! 
Sun 15 Mar 2026 15:02:33 INFO  epoch 9 training [time: 4.73s, train_loss1: 115.3739, train_loss2: 0.0502, train_loss3: 0.0117]
Sun 15 Mar 2026 15:02:35 INFO  epoch 9 evaluating [time: 1.59s, valid_score: 0.305200]
Sun 15 Mar 2026 15:02:35 INFO  valid result: 
recall@1 : 0.1145    recall@2 : 0.2087    recall@3 : 0.2688    recall@4 : 0.3086    recall@5 : 0.3414    recall@10 : 0.4504    recall@20 : 0.5819    recall@30 : 0.6574    recall@50 : 0.7627    ndcg@1 : 0.1836    ndcg@2 : 0.2197    ndcg@3 : 0.2403    ndcg@4 : 0.2543    ndcg@5 : 0.2667    ndcg@10 : 0.3052    ndcg@20 : 0.3447    ndcg@30 : 0.3651    ndcg@50 : 0.3901    precision@1 : 0.1836    precision@2 : 0.1675    precision@3 : 0.1444    precision@4 : 0.1275    precision@5 : 0.116    precision@10 : 0.0812    precision@20 : 0.0557    precision@30 : 0.0436    precision@50 : 0.0315    map@1 : 0.1836    map@2 : 0.1917    map@3 : 0.1987    map@4 : 0.2038    map@5 : 0.2094    map@10 : 0.2253    map@20 : 0.2381    map@30 : 0.2438    map@50 : 0.2493
Sun 15 Mar 2026 15:02:35 INFO  Running E-step ! 
Sun 15 Mar 2026 15:02:39 INFO  epoch 10 training [time: 4.44s, train_loss1: 112.4305, train_loss2: 0.0503, train_loss3: 0.0118]
Sun 15 Mar 2026 15:02:41 INFO  epoch 10 evaluating [time: 1.59s, valid_score: 0.304900]
Sun 15 Mar 2026 15:02:41 INFO  valid result: 
recall@1 : 0.1156    recall@2 : 0.2065    recall@3 : 0.2637    recall@4 : 0.3076    recall@5 : 0.3413    recall@10 : 0.4485    recall@20 : 0.5859    recall@30 : 0.6653    recall@50 : 0.7663    ndcg@1 : 0.1883    ndcg@2 : 0.2198    ndcg@3 : 0.2385    ndcg@4 : 0.2542    ndcg@5 : 0.2668    ndcg@10 : 0.3049    ndcg@20 : 0.3463    ndcg@30 : 0.3678    ndcg@50 : 0.3916    precision@1 : 0.1883    precision@2 : 0.1672    precision@3 : 0.143    precision@4 : 0.1275    precision@5 : 0.1161    precision@10 : 0.0809    precision@20 : 0.0563    precision@30 : 0.0444    precision@50 : 0.0316    map@1 : 0.1883    map@2 : 0.192    map@3 : 0.1977    map@4 : 0.2036    map@5 : 0.2093    map@10 : 0.2251    map@20 : 0.2387    map@30 : 0.2447    map@50 : 0.2499
Sun 15 Mar 2026 15:02:41 INFO  Running E-step ! 
Sun 15 Mar 2026 15:02:46 INFO  epoch 11 training [time: 4.82s, train_loss1: 112.1202, train_loss2: 0.0500, train_loss3: 0.0118]
Sun 15 Mar 2026 15:02:47 INFO  epoch 11 evaluating [time: 1.59s, valid_score: 0.306800]
Sun 15 Mar 2026 15:02:47 INFO  valid result: 
recall@1 : 0.1151    recall@2 : 0.2094    recall@3 : 0.2696    recall@4 : 0.3066    recall@5 : 0.3381    recall@10 : 0.4531    recall@20 : 0.593    recall@30 : 0.6739    recall@50 : 0.7736    ndcg@1 : 0.1865    ndcg@2 : 0.2213    ndcg@3 : 0.242    ndcg@4 : 0.2544    ndcg@5 : 0.2662    ndcg@10 : 0.3068    ndcg@20 : 0.3491    ndcg@30 : 0.3707    ndcg@50 : 0.3943    precision@1 : 0.1865    precision@2 : 0.1687    precision@3 : 0.1458    precision@4 : 0.1274    precision@5 : 0.1157    precision@10 : 0.0818    precision@20 : 0.0575    precision@30 : 0.045    precision@50 : 0.0321    map@1 : 0.1865    map@2 : 0.1934    map@3 : 0.2006    map@4 : 0.2046    map@5 : 0.2096    map@10 : 0.2262    map@20 : 0.2403    map@30 : 0.2463    map@50 : 0.2516
Sun 15 Mar 2026 15:02:47 INFO  Running E-step ! 
Sun 15 Mar 2026 15:02:52 INFO  epoch 12 training [time: 4.81s, train_loss1: 109.0602, train_loss2: 0.0497, train_loss3: 0.0118]
Sun 15 Mar 2026 15:02:54 INFO  epoch 12 evaluating [time: 1.59s, valid_score: 0.307800]
Sun 15 Mar 2026 15:02:54 INFO  valid result: 
recall@1 : 0.1158    recall@2 : 0.2119    recall@3 : 0.268    recall@4 : 0.3037    recall@5 : 0.3368    recall@10 : 0.4531    recall@20 : 0.6025    recall@30 : 0.6811    recall@50 : 0.7758    ndcg@1 : 0.1913    ndcg@2 : 0.2251    ndcg@3 : 0.2432    ndcg@4 : 0.2547    ndcg@5 : 0.267    ndcg@10 : 0.3078    ndcg@20 : 0.353    ndcg@30 : 0.3736    ndcg@50 : 0.3963    precision@1 : 0.1913    precision@2 : 0.1716    precision@3 : 0.1466    precision@4 : 0.1278    precision@5 : 0.1164    precision@10 : 0.0823    precision@20 : 0.0589    precision@30 : 0.0455    precision@50 : 0.0323    map@1 : 0.1913    map@2 : 0.1967    map@3 : 0.2021    map@4 : 0.2052    map@5 : 0.2102    map@10 : 0.2269    map@20 : 0.2421    map@30 : 0.2476    map@50 : 0.2529
Sun 15 Mar 2026 15:02:54 INFO  Running E-step ! 
Sun 15 Mar 2026 15:02:59 INFO  epoch 13 training [time: 4.75s, train_loss1: 106.0162, train_loss2: 0.0491, train_loss3: 0.0118]
Sun 15 Mar 2026 15:03:00 INFO  epoch 13 evaluating [time: 1.59s, valid_score: 0.310300]
Sun 15 Mar 2026 15:03:00 INFO  valid result: 
recall@1 : 0.1168    recall@2 : 0.2104    recall@3 : 0.2663    recall@4 : 0.3069    recall@5 : 0.3359    recall@10 : 0.4577    recall@20 : 0.6063    recall@30 : 0.6838    recall@50 : 0.7789    ndcg@1 : 0.1913    ndcg@2 : 0.2257    ndcg@3 : 0.2438    ndcg@4 : 0.2573    ndcg@5 : 0.2677    ndcg@10 : 0.3103    ndcg@20 : 0.3552    ndcg@30 : 0.3755    ndcg@50 : 0.3984    precision@1 : 0.1913    precision@2 : 0.1725    precision@3 : 0.1482    precision@4 : 0.1305    precision@5 : 0.1176    precision@10 : 0.0837    precision@20 : 0.0594    precision@30 : 0.0458    precision@50 : 0.0325    map@1 : 0.1913    map@2 : 0.1976    map@3 : 0.2029    map@4 : 0.2075    map@5 : 0.2115    map@10 : 0.2289    map@20 : 0.2439    map@30 : 0.2495    map@50 : 0.2548
Sun 15 Mar 2026 15:03:00 INFO  Saving current: saved/SCL-Mar-15-2026_15-01-30.pth
Sun 15 Mar 2026 15:03:00 INFO  Saving current best: saved/SCL-Mar-15-2026_15-01-30.pth
Sun 15 Mar 2026 15:03:00 INFO  Running E-step ! 
Sun 15 Mar 2026 15:03:05 INFO  epoch 14 training [time: 4.60s, train_loss1: 105.2286, train_loss2: 0.0485, train_loss3: 0.0118]
Sun 15 Mar 2026 15:03:06 INFO  epoch 14 evaluating [time: 1.59s, valid_score: 0.313400]
Sun 15 Mar 2026 15:03:06 INFO  valid result: 
recall@1 : 0.1174    recall@2 : 0.2125    recall@3 : 0.2672    recall@4 : 0.3048    recall@5 : 0.3339    recall@10 : 0.4632    recall@20 : 0.6092    recall@30 : 0.6885    recall@50 : 0.7838    ndcg@1 : 0.1949    ndcg@2 : 0.2294    ndcg@3 : 0.2464    ndcg@4 : 0.2583    ndcg@5 : 0.268    ndcg@10 : 0.3134    ndcg@20 : 0.3572    ndcg@30 : 0.3782    ndcg@50 : 0.401    precision@1 : 0.1949    precision@2 : 0.1761    precision@3 : 0.1508    precision@4 : 0.1317    precision@5 : 0.1173    precision@10 : 0.0852    precision@20 : 0.0595    precision@30 : 0.0463    precision@50 : 0.0327    map@1 : 0.1949    map@2 : 0.201    map@3 : 0.2054    map@4 : 0.2088    map@5 : 0.2124    map@10 : 0.231    map@20 : 0.2455    map@30 : 0.2513    map@50 : 0.2565
Sun 15 Mar 2026 15:03:06 INFO  Saving current: saved/SCL-Mar-15-2026_15-01-30.pth
Sun 15 Mar 2026 15:03:06 INFO  Saving current best: saved/SCL-Mar-15-2026_15-01-30.pth
Sun 15 Mar 2026 15:03:06 INFO  Running E-step ! 
Sun 15 Mar 2026 15:03:11 INFO  epoch 15 training [time: 4.90s, train_loss1: 103.4473, train_loss2: 0.0479, train_loss3: 0.0118]
Sun 15 Mar 2026 15:03:13 INFO  epoch 15 evaluating [time: 1.58s, valid_score: 0.319400]
Sun 15 Mar 2026 15:03:13 INFO  valid result: 
recall@1 : 0.127    recall@2 : 0.2129    recall@3 : 0.269    recall@4 : 0.3045    recall@5 : 0.3325    recall@10 : 0.4691    recall@20 : 0.6106    recall@30 : 0.6866    recall@50 : 0.7887    ndcg@1 : 0.2044    ndcg@2 : 0.2326    ndcg@3 : 0.2508    ndcg@4 : 0.2616    ndcg@5 : 0.2715    ndcg@10 : 0.3194    ndcg@20 : 0.3616    ndcg@30 : 0.3821    ndcg@50 : 0.406    precision@1 : 0.2044    precision@2 : 0.1755    precision@3 : 0.1518    precision@4 : 0.1311    precision@5 : 0.1179    precision@10 : 0.0867    precision@20 : 0.0598    precision@30 : 0.0465    precision@50 : 0.0329    map@1 : 0.2044    map@2 : 0.2053    map@3 : 0.2102    map@4 : 0.2131    map@5 : 0.2169    map@10 : 0.2368    map@20 : 0.2509    map@30 : 0.2567    map@50 : 0.262
Sun 15 Mar 2026 15:03:13 INFO  Saving current: saved/SCL-Mar-15-2026_15-01-30.pth
Sun 15 Mar 2026 15:03:13 INFO  Saving current best: saved/SCL-Mar-15-2026_15-01-30.pth
Sun 15 Mar 2026 15:03:13 INFO  Running E-step ! 
Sun 15 Mar 2026 15:03:18 INFO  epoch 16 training [time: 4.76s, train_loss1: 99.9088, train_loss2: 0.0472, train_loss3: 0.0118]
Sun 15 Mar 2026 15:03:19 INFO  epoch 16 evaluating [time: 1.59s, valid_score: 0.321200]
Sun 15 Mar 2026 15:03:19 INFO  valid result: 
recall@1 : 0.1299    recall@2 : 0.212    recall@3 : 0.2678    recall@4 : 0.3041    recall@5 : 0.3388    recall@10 : 0.4695    recall@20 : 0.6125    recall@30 : 0.6849    recall@50 : 0.7901    ndcg@1 : 0.2092    ndcg@2 : 0.2333    ndcg@3 : 0.251    ndcg@4 : 0.2624    ndcg@5 : 0.2749    ndcg@10 : 0.3212    ndcg@20 : 0.3639    ndcg@30 : 0.3835    ndcg@50 : 0.4079    precision@1 : 0.2092    precision@2 : 0.1755    precision@3 : 0.1508    precision@4 : 0.131    precision@5 : 0.1191    precision@10 : 0.0869    precision@20 : 0.0601    precision@30 : 0.0464    precision@50 : 0.0329    map@1 : 0.2092    map@2 : 0.2062    map@3 : 0.2113    map@4 : 0.2145    map@5 : 0.2194    map@10 : 0.2388    map@20 : 0.2531    map@30 : 0.2587    map@50 : 0.264
Sun 15 Mar 2026 15:03:19 INFO  Saving current: saved/SCL-Mar-15-2026_15-01-30.pth
Sun 15 Mar 2026 15:03:19 INFO  Saving current best: saved/SCL-Mar-15-2026_15-01-30.pth
Sun 15 Mar 2026 15:03:19 INFO  Running E-step ! 
Sun 15 Mar 2026 15:03:24 INFO  epoch 17 training [time: 4.93s, train_loss1: 100.6419, train_loss2: 0.0466, train_loss3: 0.0119]
Sun 15 Mar 2026 15:03:26 INFO  epoch 17 evaluating [time: 1.59s, valid_score: 0.323100]
Sun 15 Mar 2026 15:03:26 INFO  valid result: 
recall@1 : 0.1309    recall@2 : 0.2133    recall@3 : 0.2687    recall@4 : 0.3029    recall@5 : 0.338    recall@10 : 0.4728    recall@20 : 0.61    recall@30 : 0.681    recall@50 : 0.7909    ndcg@1 : 0.2104    ndcg@2 : 0.2345    ndcg@3 : 0.2517    ndcg@4 : 0.2627    ndcg@5 : 0.2755    ndcg@10 : 0.3231    ndcg@20 : 0.3642    ndcg@30 : 0.3835    ndcg@50 : 0.409    precision@1 : 0.2104    precision@2 : 0.1764    precision@3 : 0.1506    precision@4 : 0.1311    precision@5 : 0.1198    precision@10 : 0.0877    precision@20 : 0.06    precision@30 : 0.0462    precision@50 : 0.0329    map@1 : 0.2104    map@2 : 0.2075    map@3 : 0.2117    map@4 : 0.215    map@5 : 0.2203    map@10 : 0.2402    map@20 : 0.2541    map@30 : 0.2597    map@50 : 0.2652
Sun 15 Mar 2026 15:03:26 INFO  Saving current: saved/SCL-Mar-15-2026_15-01-30.pth
Sun 15 Mar 2026 15:03:26 INFO  Saving current best: saved/SCL-Mar-15-2026_15-01-30.pth
Sun 15 Mar 2026 15:03:26 INFO  Running E-step ! 
Sun 15 Mar 2026 15:03:31 INFO  epoch 18 training [time: 4.86s, train_loss1: 99.9606, train_loss2: 0.0460, train_loss3: 0.0119]
Sun 15 Mar 2026 15:03:32 INFO  epoch 18 evaluating [time: 1.59s, valid_score: 0.323700]
Sun 15 Mar 2026 15:03:32 INFO  valid result: 
recall@1 : 0.1307    recall@2 : 0.212    recall@3 : 0.2719    recall@4 : 0.3031    recall@5 : 0.3335    recall@10 : 0.4746    recall@20 : 0.6112    recall@30 : 0.6836    recall@50 : 0.7913    ndcg@1 : 0.2104    ndcg@2 : 0.2338    ndcg@3 : 0.2538    ndcg@4 : 0.2633    ndcg@5 : 0.274    ndcg@10 : 0.3237    ndcg@20 : 0.3648    ndcg@30 : 0.3843    ndcg@50 : 0.4095    precision@1 : 0.2104    precision@2 : 0.1758    precision@3 : 0.1532    precision@4 : 0.132    precision@5 : 0.1191    precision@10 : 0.088    precision@20 : 0.06    precision@30 : 0.0463    precision@50 : 0.0331    map@1 : 0.2104    map@2 : 0.2066    map@3 : 0.2133    map@4 : 0.2155    map@5 : 0.2195    map@10 : 0.2406    map@20 : 0.2544    map@30 : 0.26    map@50 : 0.2656
Sun 15 Mar 2026 15:03:32 INFO  Saving current: saved/SCL-Mar-15-2026_15-01-30.pth
Sun 15 Mar 2026 15:03:32 INFO  Saving current best: saved/SCL-Mar-15-2026_15-01-30.pth
Sun 15 Mar 2026 15:03:32 INFO  Running E-step ! 
Sun 15 Mar 2026 15:03:37 INFO  epoch 19 training [time: 4.91s, train_loss1: 97.9239, train_loss2: 0.0455, train_loss3: 0.0119]
Sun 15 Mar 2026 15:03:39 INFO  epoch 19 evaluating [time: 1.59s, valid_score: 0.325600]
Sun 15 Mar 2026 15:03:39 INFO  valid result: 
recall@1 : 0.1326    recall@2 : 0.2115    recall@3 : 0.2706    recall@4 : 0.3057    recall@5 : 0.342    recall@10 : 0.4758    recall@20 : 0.6153    recall@30 : 0.6835    recall@50 : 0.7916    ndcg@1 : 0.2139    ndcg@2 : 0.2347    ndcg@3 : 0.2542    ndcg@4 : 0.2655    ndcg@5 : 0.2786    ndcg@10 : 0.3256    ndcg@20 : 0.3674    ndcg@30 : 0.3861    ndcg@50 : 0.4112    precision@1 : 0.2139    precision@2 : 0.1758    precision@3 : 0.1534    precision@4 : 0.1338    precision@5 : 0.1218    precision@10 : 0.0884    precision@20 : 0.0603    precision@30 : 0.0464    precision@50 : 0.0331    map@1 : 0.2139    map@2 : 0.2077    map@3 : 0.2135    map@4 : 0.217    map@5 : 0.2225    map@10 : 0.2423    map@20 : 0.2562    map@30 : 0.2617    map@50 : 0.2673
Sun 15 Mar 2026 15:03:39 INFO  Saving current: saved/SCL-Mar-15-2026_15-01-30.pth
Sun 15 Mar 2026 15:03:39 INFO  Saving current best: saved/SCL-Mar-15-2026_15-01-30.pth
Sun 15 Mar 2026 15:03:39 INFO  Running E-step ! 
Sun 15 Mar 2026 15:03:43 INFO  epoch 20 training [time: 4.55s, train_loss1: 97.4031, train_loss2: 0.0451, train_loss3: 0.0119, train_loss4: 0.0039]
Sun 15 Mar 2026 15:03:45 INFO  epoch 20 evaluating [time: 1.60s, valid_score: 0.325500]
Sun 15 Mar 2026 15:03:45 INFO  valid result: 
recall@1 : 0.1267    recall@2 : 0.2144    recall@3 : 0.2719    recall@4 : 0.3142    recall@5 : 0.3476    recall@10 : 0.4781    recall@20 : 0.6181    recall@30 : 0.6864    recall@50 : 0.7926    ndcg@1 : 0.2074    ndcg@2 : 0.2347    ndcg@3 : 0.2533    ndcg@4 : 0.2677    ndcg@5 : 0.2795    ndcg@10 : 0.3255    ndcg@20 : 0.3671    ndcg@30 : 0.3859    ndcg@50 : 0.4107    precision@1 : 0.2074    precision@2 : 0.1782    precision@3 : 0.1544    precision@4 : 0.1365    precision@5 : 0.1232    precision@10 : 0.0892    precision@20 : 0.0605    precision@30 : 0.0466    precision@50 : 0.0332    map@1 : 0.2074    map@2 : 0.2068    map@3 : 0.2119    map@4 : 0.2172    map@5 : 0.2218    map@10 : 0.2413    map@20 : 0.2551    map@30 : 0.2607    map@50 : 0.2662
Sun 15 Mar 2026 15:03:45 INFO  Running E-step ! 
Sun 15 Mar 2026 15:03:50 INFO  epoch 21 training [time: 5.60s, train_loss1: 95.7086, train_loss2: 0.0446, train_loss3: 0.0119, train_loss4: 0.0038]
Sun 15 Mar 2026 15:03:52 INFO  epoch 21 evaluating [time: 1.59s, valid_score: 0.327400]
Sun 15 Mar 2026 15:03:52 INFO  valid result: 
recall@1 : 0.1296    recall@2 : 0.2174    recall@3 : 0.2748    recall@4 : 0.3187    recall@5 : 0.3521    recall@10 : 0.4763    recall@20 : 0.6203    recall@30 : 0.6882    recall@50 : 0.7901    ndcg@1 : 0.211    ndcg@2 : 0.2379    ndcg@3 : 0.2566    ndcg@4 : 0.2718    ndcg@5 : 0.2835    ndcg@10 : 0.3274    ndcg@20 : 0.37    ndcg@30 : 0.3887    ndcg@50 : 0.4127    precision@1 : 0.211    precision@2 : 0.1797    precision@3 : 0.1557    precision@4 : 0.1386    precision@5 : 0.1247    precision@10 : 0.089    precision@20 : 0.0606    precision@30 : 0.0467    precision@50 : 0.0331    map@1 : 0.211    map@2 : 0.2096    map@3 : 0.2148    map@4 : 0.2212    map@5 : 0.2257    map@10 : 0.244    map@20 : 0.2581    map@30 : 0.2637    map@50 : 0.2691
Sun 15 Mar 2026 15:03:52 INFO  Saving current: saved/SCL-Mar-15-2026_15-01-30.pth
Sun 15 Mar 2026 15:03:52 INFO  Saving current best: saved/SCL-Mar-15-2026_15-01-30.pth
Sun 15 Mar 2026 15:03:52 INFO  Running E-step ! 
Sun 15 Mar 2026 15:03:58 INFO  epoch 22 training [time: 5.42s, train_loss1: 95.2702, train_loss2: 0.0440, train_loss3: 0.0119, train_loss4: 0.0037]
Sun 15 Mar 2026 15:03:59 INFO  epoch 22 evaluating [time: 1.70s, valid_score: 0.332100]
Sun 15 Mar 2026 15:03:59 INFO  valid result: 
recall@1 : 0.1393    recall@2 : 0.2206    recall@3 : 0.2763    recall@4 : 0.3191    recall@5 : 0.357    recall@10 : 0.4758    recall@20 : 0.6224    recall@30 : 0.6931    recall@50 : 0.7907    ndcg@1 : 0.2229    ndcg@2 : 0.2444    ndcg@3 : 0.2623    ndcg@4 : 0.2764    ndcg@5 : 0.2901    ndcg@10 : 0.3321    ndcg@20 : 0.3756    ndcg@30 : 0.3948    ndcg@50 : 0.4179    precision@1 : 0.2229    precision@2 : 0.1821    precision@3 : 0.1577    precision@4 : 0.1384    precision@5 : 0.1263    precision@10 : 0.0892    precision@20 : 0.061    precision@30 : 0.047    precision@50 : 0.0332    map@1 : 0.2229    map@2 : 0.2171    map@3 : 0.222    map@4 : 0.2271    map@5 : 0.2327    map@10 : 0.2501    map@20 : 0.2647    map@30 : 0.2703    map@50 : 0.2756
Sun 15 Mar 2026 15:03:59 INFO  Saving current: saved/SCL-Mar-15-2026_15-01-30.pth
Sun 15 Mar 2026 15:03:59 INFO  Saving current best: saved/SCL-Mar-15-2026_15-01-30.pth
Sun 15 Mar 2026 15:03:59 INFO  Running E-step ! 
Sun 15 Mar 2026 15:04:05 INFO  epoch 23 training [time: 5.45s, train_loss1: 93.4420, train_loss2: 0.0435, train_loss3: 0.0119, train_loss4: 0.0036]
Sun 15 Mar 2026 15:04:06 INFO  epoch 23 evaluating [time: 1.60s, valid_score: 0.336100]
Sun 15 Mar 2026 15:04:06 INFO  valid result: 
recall@1 : 0.1436    recall@2 : 0.2215    recall@3 : 0.2842    recall@4 : 0.3258    recall@5 : 0.36    recall@10 : 0.4789    recall@20 : 0.6267    recall@30 : 0.6971    recall@50 : 0.7935    ndcg@1 : 0.2282    ndcg@2 : 0.2464    ndcg@3 : 0.2686    ndcg@4 : 0.282    ndcg@5 : 0.2939    ndcg@10 : 0.3361    ndcg@20 : 0.3797    ndcg@30 : 0.3988    ndcg@50 : 0.4217    precision@1 : 0.2282    precision@2 : 0.1824    precision@3 : 0.1617    precision@4 : 0.1409    precision@5 : 0.1269    precision@10 : 0.0899    precision@20 : 0.0612    precision@30 : 0.0472    precision@50 : 0.0333    map@1 : 0.2282    map@2 : 0.2193    map@3 : 0.227    map@4 : 0.2319    map@5 : 0.2366    map@10 : 0.2542    map@20 : 0.2685    map@30 : 0.2743    map@50 : 0.2795
Sun 15 Mar 2026 15:04:06 INFO  Saving current: saved/SCL-Mar-15-2026_15-01-30.pth
Sun 15 Mar 2026 15:04:06 INFO  Saving current best: saved/SCL-Mar-15-2026_15-01-30.pth
Sun 15 Mar 2026 15:04:06 INFO  Running E-step ! 
Sun 15 Mar 2026 15:04:11 INFO  epoch 24 training [time: 5.00s, train_loss1: 91.7108, train_loss2: 0.0429, train_loss3: 0.0119, train_loss4: 0.0033]
Sun 15 Mar 2026 15:04:13 INFO  epoch 24 evaluating [time: 1.60s, valid_score: 0.340100]
Sun 15 Mar 2026 15:04:13 INFO  valid result: 
recall@1 : 0.1464    recall@2 : 0.2245    recall@3 : 0.2834    recall@4 : 0.3273    recall@5 : 0.3623    recall@10 : 0.4854    recall@20 : 0.6299    recall@30 : 0.6988    recall@50 : 0.7925    ndcg@1 : 0.2324    ndcg@2 : 0.2505    ndcg@3 : 0.27    ndcg@4 : 0.2844    ndcg@5 : 0.2968    ndcg@10 : 0.3401    ndcg@20 : 0.383    ndcg@30 : 0.4018    ndcg@50 : 0.424    precision@1 : 0.2324    precision@2 : 0.1859    precision@3 : 0.1613    precision@4 : 0.1417    precision@5 : 0.1281    precision@10 : 0.0906    precision@20 : 0.0616    precision@30 : 0.0474    precision@50 : 0.0332    map@1 : 0.2324    map@2 : 0.2232    map@3 : 0.2288    map@4 : 0.2343    map@5 : 0.2393    map@10 : 0.2573    map@20 : 0.2714    map@30 : 0.2772    map@50 : 0.2822
Sun 15 Mar 2026 15:04:13 INFO  Saving current: saved/SCL-Mar-15-2026_15-01-30.pth
Sun 15 Mar 2026 15:04:13 INFO  Saving current best: saved/SCL-Mar-15-2026_15-01-30.pth
Sun 15 Mar 2026 15:04:13 INFO  Running E-step ! 
Sun 15 Mar 2026 15:04:19 INFO  epoch 25 training [time: 5.60s, train_loss1: 90.1256, train_loss2: 0.0421, train_loss3: 0.0119, train_loss4: 0.0034]
Sun 15 Mar 2026 15:04:20 INFO  epoch 25 evaluating [time: 1.60s, valid_score: 0.340400]
Sun 15 Mar 2026 15:04:20 INFO  valid result: 
recall@1 : 0.1458    recall@2 : 0.2232    recall@3 : 0.2841    recall@4 : 0.3246    recall@5 : 0.3654    recall@10 : 0.4867    recall@20 : 0.6343    recall@30 : 0.7    recall@50 : 0.7922    ndcg@1 : 0.2318    ndcg@2 : 0.2499    ndcg@3 : 0.2702    ndcg@4 : 0.2831    ndcg@5 : 0.298    ndcg@10 : 0.3404    ndcg@20 : 0.3842    ndcg@30 : 0.4021    ndcg@50 : 0.424    precision@1 : 0.2318    precision@2 : 0.1856    precision@3 : 0.1621    precision@4 : 0.1417    precision@5 : 0.1299    precision@10 : 0.0909    precision@20 : 0.0622    precision@30 : 0.0475    precision@50 : 0.0332    map@1 : 0.2318    map@2 : 0.2224    map@3 : 0.2288    map@4 : 0.2333    map@5 : 0.2393    map@10 : 0.2571    map@20 : 0.2716    map@30 : 0.2771    map@50 : 0.2821
Sun 15 Mar 2026 15:04:20 INFO  Saving current: saved/SCL-Mar-15-2026_15-01-30.pth
Sun 15 Mar 2026 15:04:20 INFO  Saving current best: saved/SCL-Mar-15-2026_15-01-30.pth
Sun 15 Mar 2026 15:04:20 INFO  Running E-step ! 
Sun 15 Mar 2026 15:04:26 INFO  epoch 26 training [time: 5.50s, train_loss1: 87.7739, train_loss2: 0.0417, train_loss3: 0.0119, train_loss4: 0.0030]
Sun 15 Mar 2026 15:04:27 INFO  epoch 26 evaluating [time: 1.60s, valid_score: 0.342600]
Sun 15 Mar 2026 15:04:27 INFO  valid result: 
recall@1 : 0.1462    recall@2 : 0.2264    recall@3 : 0.2879    recall@4 : 0.3286    recall@5 : 0.3687    recall@10 : 0.4894    recall@20 : 0.6373    recall@30 : 0.7012    recall@50 : 0.7935    ndcg@1 : 0.2318    ndcg@2 : 0.2519    ndcg@3 : 0.2727    ndcg@4 : 0.2862    ndcg@5 : 0.3006    ndcg@10 : 0.3426    ndcg@20 : 0.3864    ndcg@30 : 0.4041    ndcg@50 : 0.4259    precision@1 : 0.2318    precision@2 : 0.1874    precision@3 : 0.1639    precision@4 : 0.1439    precision@5 : 0.131    precision@10 : 0.0912    precision@20 : 0.0623    precision@30 : 0.0476    precision@50 : 0.0332    map@1 : 0.2318    map@2 : 0.2241    map@3 : 0.2311    map@4 : 0.2355    map@5 : 0.2417    map@10 : 0.2593    map@20 : 0.2737    map@30 : 0.2792    map@50 : 0.2842
Sun 15 Mar 2026 15:04:27 INFO  Saving current: saved/SCL-Mar-15-2026_15-01-30.pth
Sun 15 Mar 2026 15:04:27 INFO  Saving current best: saved/SCL-Mar-15-2026_15-01-30.pth
Sun 15 Mar 2026 15:04:27 INFO  Running E-step ! 
Sun 15 Mar 2026 15:04:32 INFO  epoch 27 training [time: 4.44s, train_loss1: 87.3087, train_loss2: 0.0410, train_loss3: 0.0119, train_loss4: 0.0032]
Sun 15 Mar 2026 15:04:33 INFO  epoch 27 evaluating [time: 1.60s, valid_score: 0.340900]
Sun 15 Mar 2026 15:04:33 INFO  valid result: 
recall@1 : 0.1395    recall@2 : 0.2243    recall@3 : 0.2893    recall@4 : 0.3339    recall@5 : 0.3707    recall@10 : 0.4912    recall@20 : 0.6372    recall@30 : 0.7031    recall@50 : 0.7953    ndcg@1 : 0.2253    ndcg@2 : 0.2492    ndcg@3 : 0.271    ndcg@4 : 0.2856    ndcg@5 : 0.2988    ndcg@10 : 0.3409    ndcg@20 : 0.3845    ndcg@30 : 0.4026    ndcg@50 : 0.4245    precision@1 : 0.2253    precision@2 : 0.1877    precision@3 : 0.1647    precision@4 : 0.1445    precision@5 : 0.1308    precision@10 : 0.0915    precision@20 : 0.0625    precision@30 : 0.0477    precision@50 : 0.0333    map@1 : 0.2253    map@2 : 0.2211    map@3 : 0.2283    map@4 : 0.2332    map@5 : 0.2389    map@10 : 0.2566    map@20 : 0.2711    map@30 : 0.2766    map@50 : 0.2816
Sun 15 Mar 2026 15:04:33 INFO  Running E-step ! 
Sun 15 Mar 2026 15:04:39 INFO  epoch 28 training [time: 5.37s, train_loss1: 85.8001, train_loss2: 0.0404, train_loss3: 0.0119, train_loss4: 0.0029]
Sun 15 Mar 2026 15:04:40 INFO  epoch 28 evaluating [time: 1.60s, valid_score: 0.343000]
Sun 15 Mar 2026 15:04:40 INFO  valid result: 
recall@1 : 0.1392    recall@2 : 0.2312    recall@3 : 0.288    recall@4 : 0.3364    recall@5 : 0.3682    recall@10 : 0.4943    recall@20 : 0.6378    recall@30 : 0.7024    recall@50 : 0.797    ndcg@1 : 0.2265    ndcg@2 : 0.254    ndcg@3 : 0.2715    ndcg@4 : 0.2881    ndcg@5 : 0.299    ndcg@10 : 0.343    ndcg@20 : 0.386    ndcg@30 : 0.4037    ndcg@50 : 0.426    precision@1 : 0.2265    precision@2 : 0.1928    precision@3 : 0.1645    precision@4 : 0.1462    precision@5 : 0.1306    precision@10 : 0.092    precision@20 : 0.0625    precision@30 : 0.0477    precision@50 : 0.0334    map@1 : 0.2265    map@2 : 0.2251    map@3 : 0.2294    map@4 : 0.2358    map@5 : 0.24    map@10 : 0.2584    map@20 : 0.2728    map@30 : 0.2782    map@50 : 0.2834
Sun 15 Mar 2026 15:04:40 INFO  Saving current: saved/SCL-Mar-15-2026_15-01-30.pth
Sun 15 Mar 2026 15:04:40 INFO  Saving current best: saved/SCL-Mar-15-2026_15-01-30.pth
Sun 15 Mar 2026 15:04:40 INFO  Running E-step ! 
Sun 15 Mar 2026 15:04:46 INFO  epoch 29 training [time: 5.40s, train_loss1: 84.3866, train_loss2: 0.0396, train_loss3: 0.0119, train_loss4: 0.0028]
Sun 15 Mar 2026 15:04:47 INFO  epoch 29 evaluating [time: 1.60s, valid_score: 0.345000]
Sun 15 Mar 2026 15:04:47 INFO  valid result: 
recall@1 : 0.1403    recall@2 : 0.2331    recall@3 : 0.2878    recall@4 : 0.3383    recall@5 : 0.3699    recall@10 : 0.4976    recall@20 : 0.6407    recall@30 : 0.7065    recall@50 : 0.7971    ndcg@1 : 0.2247    ndcg@2 : 0.2559    ndcg@3 : 0.2716    ndcg@4 : 0.2894    ndcg@5 : 0.3001    ndcg@10 : 0.345    ndcg@20 : 0.3878    ndcg@30 : 0.4058    ndcg@50 : 0.4274    precision@1 : 0.2247    precision@2 : 0.1949    precision@3 : 0.1641    precision@4 : 0.1469    precision@5 : 0.1308    precision@10 : 0.0927    precision@20 : 0.0628    precision@30 : 0.0479    precision@50 : 0.0334    map@1 : 0.2247    map@2 : 0.2269    map@3 : 0.2297    map@4 : 0.2369    map@5 : 0.2411    map@10 : 0.2601    map@20 : 0.2744    map@30 : 0.2799    map@50 : 0.285
Sun 15 Mar 2026 15:04:47 INFO  Saving current: saved/SCL-Mar-15-2026_15-01-30.pth
Sun 15 Mar 2026 15:04:47 INFO  Saving current best: saved/SCL-Mar-15-2026_15-01-30.pth
Sun 15 Mar 2026 15:04:47 INFO  Running E-step ! 
Sun 15 Mar 2026 15:04:53 INFO  epoch 30 training [time: 5.38s, train_loss1: 82.9630, train_loss2: 0.0391, train_loss3: 0.0119, train_loss4: 0.0028]
Sun 15 Mar 2026 15:04:54 INFO  epoch 30 evaluating [time: 1.61s, valid_score: 0.347200]
Sun 15 Mar 2026 15:04:54 INFO  valid result: 
recall@1 : 0.1405    recall@2 : 0.2351    recall@3 : 0.2939    recall@4 : 0.3424    recall@5 : 0.3678    recall@10 : 0.5017    recall@20 : 0.643    recall@30 : 0.7072    recall@50 : 0.7982    ndcg@1 : 0.2247    ndcg@2 : 0.2565    ndcg@3 : 0.2748    ndcg@4 : 0.2917    ndcg@5 : 0.3003    ndcg@10 : 0.3472    ndcg@20 : 0.3896    ndcg@30 : 0.4071    ndcg@50 : 0.4288    precision@1 : 0.2247    precision@2 : 0.1949    precision@3 : 0.1663    precision@4 : 0.1476    precision@5 : 0.1305    precision@10 : 0.0934    precision@20 : 0.0632    precision@30 : 0.048    precision@50 : 0.0335    map@1 : 0.2247    map@2 : 0.2271    map@3 : 0.2316    map@4 : 0.2388    map@5 : 0.242    map@10 : 0.2617    map@20 : 0.2761    map@30 : 0.2813    map@50 : 0.2864
Sun 15 Mar 2026 15:04:54 INFO  Saving current: saved/SCL-Mar-15-2026_15-01-30.pth
Sun 15 Mar 2026 15:04:54 INFO  Saving current best: saved/SCL-Mar-15-2026_15-01-30.pth
Sun 15 Mar 2026 15:04:54 INFO  Running E-step ! 
Sun 15 Mar 2026 15:04:59 INFO  epoch 31 training [time: 5.05s, train_loss1: 81.3735, train_loss2: 0.0384, train_loss3: 0.0119, train_loss4: 0.0029]
Sun 15 Mar 2026 15:05:01 INFO  epoch 31 evaluating [time: 1.60s, valid_score: 0.348300]
Sun 15 Mar 2026 15:05:01 INFO  valid result: 
recall@1 : 0.1413    recall@2 : 0.2284    recall@3 : 0.2958    recall@4 : 0.3436    recall@5 : 0.3703    recall@10 : 0.5062    recall@20 : 0.6472    recall@30 : 0.7067    recall@50 : 0.7966    ndcg@1 : 0.2235    ndcg@2 : 0.2513    ndcg@3 : 0.2747    ndcg@4 : 0.2916    ndcg@5 : 0.3005    ndcg@10 : 0.3483    ndcg@20 : 0.3902    ndcg@30 : 0.4067    ndcg@50 : 0.4281    precision@1 : 0.2235    precision@2 : 0.1898    precision@3 : 0.1667    precision@4 : 0.1484    precision@5 : 0.1309    precision@10 : 0.0944    precision@20 : 0.0635    precision@30 : 0.0481    precision@50 : 0.0335    map@1 : 0.2235    map@2 : 0.2232    map@3 : 0.2312    map@4 : 0.2386    map@5 : 0.2419    map@10 : 0.2622    map@20 : 0.276    map@30 : 0.2811    map@50 : 0.2861
Sun 15 Mar 2026 15:05:01 INFO  Saving current: saved/SCL-Mar-15-2026_15-01-30.pth
Sun 15 Mar 2026 15:05:01 INFO  Saving current best: saved/SCL-Mar-15-2026_15-01-30.pth
Sun 15 Mar 2026 15:05:01 INFO  Running E-step ! 
Sun 15 Mar 2026 15:05:07 INFO  epoch 32 training [time: 5.54s, train_loss1: 81.0007, train_loss2: 0.0379, train_loss3: 0.0119, train_loss4: 0.0028]
Sun 15 Mar 2026 15:05:08 INFO  epoch 32 evaluating [time: 1.60s, valid_score: 0.350600]
Sun 15 Mar 2026 15:05:08 INFO  valid result: 
recall@1 : 0.1421    recall@2 : 0.2331    recall@3 : 0.2945    recall@4 : 0.3456    recall@5 : 0.3737    recall@10 : 0.5089    recall@20 : 0.643    recall@30 : 0.7087    recall@50 : 0.8006    ndcg@1 : 0.2241    ndcg@2 : 0.2543    ndcg@3 : 0.275    ndcg@4 : 0.2935    ndcg@5 : 0.3032    ndcg@10 : 0.3506    ndcg@20 : 0.3908    ndcg@30 : 0.4087    ndcg@50 : 0.4305    precision@1 : 0.2241    precision@2 : 0.1919    precision@3 : 0.1665    precision@4 : 0.1496    precision@5 : 0.1325    precision@10 : 0.0949    precision@20 : 0.0633    precision@30 : 0.0481    precision@50 : 0.0336    map@1 : 0.2241    map@2 : 0.2259    map@3 : 0.2319    map@4 : 0.2405    map@5 : 0.2442    map@10 : 0.2642    map@20 : 0.2777    map@30 : 0.2832    map@50 : 0.2882
Sun 15 Mar 2026 15:05:08 INFO  Saving current: saved/SCL-Mar-15-2026_15-01-30.pth
Sun 15 Mar 2026 15:05:08 INFO  Saving current best: saved/SCL-Mar-15-2026_15-01-30.pth
Sun 15 Mar 2026 15:05:08 INFO  Running E-step ! 
Sun 15 Mar 2026 15:05:13 INFO  epoch 33 training [time: 4.37s, train_loss1: 78.5688, train_loss2: 0.0374, train_loss3: 0.0119, train_loss4: 0.0029]
Sun 15 Mar 2026 15:05:14 INFO  epoch 33 evaluating [time: 1.60s, valid_score: 0.352400]
Sun 15 Mar 2026 15:05:14 INFO  valid result: 
recall@1 : 0.1408    recall@2 : 0.2395    recall@3 : 0.295    recall@4 : 0.3443    recall@5 : 0.3727    recall@10 : 0.5124    recall@20 : 0.6457    recall@30 : 0.713    recall@50 : 0.802    ndcg@1 : 0.2247    ndcg@2 : 0.2585    ndcg@3 : 0.2757    ndcg@4 : 0.2935    ndcg@5 : 0.3035    ndcg@10 : 0.3524    ndcg@20 : 0.3924    ndcg@30 : 0.4109    ndcg@50 : 0.4321    precision@1 : 0.2247    precision@2 : 0.1958    precision@3 : 0.1665    precision@4 : 0.1488    precision@5 : 0.1329    precision@10 : 0.0955    precision@20 : 0.0634    precision@30 : 0.0485    precision@50 : 0.0337    map@1 : 0.2247    map@2 : 0.2285    map@3 : 0.2321    map@4 : 0.2402    map@5 : 0.2444    map@10 : 0.2651    map@20 : 0.2786    map@30 : 0.2843    map@50 : 0.2892
Sun 15 Mar 2026 15:05:14 INFO  Saving current: saved/SCL-Mar-15-2026_15-01-30.pth
Sun 15 Mar 2026 15:05:14 INFO  Saving current best: saved/SCL-Mar-15-2026_15-01-30.pth
Sun 15 Mar 2026 15:05:14 INFO  Running E-step ! 
Sun 15 Mar 2026 15:05:20 INFO  epoch 34 training [time: 5.55s, train_loss1: 77.6269, train_loss2: 0.0371, train_loss3: 0.0119, train_loss4: 0.0029]
Sun 15 Mar 2026 15:05:21 INFO  epoch 34 evaluating [time: 1.59s, valid_score: 0.354600]
Sun 15 Mar 2026 15:05:21 INFO  valid result: 
recall@1 : 0.1438    recall@2 : 0.24    recall@3 : 0.2981    recall@4 : 0.3469    recall@5 : 0.3748    recall@10 : 0.5117    recall@20 : 0.651    recall@30 : 0.712    recall@50 : 0.8038    ndcg@1 : 0.2288    ndcg@2 : 0.2601    ndcg@3 : 0.2789    ndcg@4 : 0.2965    ndcg@5 : 0.3061    ndcg@10 : 0.3546    ndcg@20 : 0.3962    ndcg@30 : 0.4133    ndcg@50 : 0.435    precision@1 : 0.2288    precision@2 : 0.1961    precision@3 : 0.1683    precision@4 : 0.1508    precision@5 : 0.1336    precision@10 : 0.0959    precision@20 : 0.064    precision@30 : 0.0486    precision@50 : 0.0338    map@1 : 0.2288    map@2 : 0.2306    map@3 : 0.2356    map@4 : 0.2433    map@5 : 0.2469    map@10 : 0.2679    map@20 : 0.282    map@30 : 0.2874    map@50 : 0.2924
Sun 15 Mar 2026 15:05:21 INFO  Saving current: saved/SCL-Mar-15-2026_15-01-30.pth
Sun 15 Mar 2026 15:05:21 INFO  Saving current best: saved/SCL-Mar-15-2026_15-01-30.pth
Sun 15 Mar 2026 15:05:21 INFO  Running E-step ! 
Sun 15 Mar 2026 15:05:27 INFO  epoch 35 training [time: 5.59s, train_loss1: 76.4342, train_loss2: 0.0365, train_loss3: 0.0119, train_loss4: 0.0029]
Sun 15 Mar 2026 15:05:29 INFO  epoch 35 evaluating [time: 1.59s, valid_score: 0.355500]
Sun 15 Mar 2026 15:05:29 INFO  valid result: 
recall@1 : 0.1419    recall@2 : 0.242    recall@3 : 0.2998    recall@4 : 0.3469    recall@5 : 0.3754    recall@10 : 0.5146    recall@20 : 0.651    recall@30 : 0.7163    recall@50 : 0.799    ndcg@1 : 0.2271    ndcg@2 : 0.2609    ndcg@3 : 0.2794    ndcg@4 : 0.2958    ndcg@5 : 0.306    ndcg@10 : 0.3555    ndcg@20 : 0.3963    ndcg@30 : 0.4144    ndcg@50 : 0.4342    precision@1 : 0.2271    precision@2 : 0.1982    precision@3 : 0.1691    precision@4 : 0.1502    precision@5 : 0.1338    precision@10 : 0.0968    precision@20 : 0.064    precision@30 : 0.0488    precision@50 : 0.0336    map@1 : 0.2271    map@2 : 0.2308    map@3 : 0.2359    map@4 : 0.2426    map@5 : 0.2467    map@10 : 0.2681    map@20 : 0.2821    map@30 : 0.2877    map@50 : 0.2923
Sun 15 Mar 2026 15:05:29 INFO  Saving current: saved/SCL-Mar-15-2026_15-01-30.pth
Sun 15 Mar 2026 15:05:29 INFO  Saving current best: saved/SCL-Mar-15-2026_15-01-30.pth
Sun 15 Mar 2026 15:05:29 INFO  Running E-step ! 
Sun 15 Mar 2026 15:05:34 INFO  epoch 36 training [time: 5.64s, train_loss1: 73.0034, train_loss2: 0.0360, train_loss3: 0.0119, train_loss4: 0.0028]
Sun 15 Mar 2026 15:05:36 INFO  epoch 36 evaluating [time: 1.59s, valid_score: 0.356400]
Sun 15 Mar 2026 15:05:36 INFO  valid result: 
recall@1 : 0.1454    recall@2 : 0.238    recall@3 : 0.297    recall@4 : 0.341    recall@5 : 0.373    recall@10 : 0.5162    recall@20 : 0.652    recall@30 : 0.7182    recall@50 : 0.8005    ndcg@1 : 0.2318    ndcg@2 : 0.2595    ndcg@3 : 0.2791    ndcg@4 : 0.294    ndcg@5 : 0.3052    ndcg@10 : 0.3564    ndcg@20 : 0.3968    ndcg@30 : 0.4152    ndcg@50 : 0.4348    precision@1 : 0.2318    precision@2 : 0.1952    precision@3 : 0.1685    precision@4 : 0.1487    precision@5 : 0.1327    precision@10 : 0.0973    precision@20 : 0.0642    precision@30 : 0.049    precision@50 : 0.0337    map@1 : 0.2318    map@2 : 0.2305    map@3 : 0.2363    map@4 : 0.2421    map@5 : 0.2464    map@10 : 0.2688    map@20 : 0.2826    map@30 : 0.2882    map@50 : 0.2929
Sun 15 Mar 2026 15:05:36 INFO  Saving current: saved/SCL-Mar-15-2026_15-01-30.pth
Sun 15 Mar 2026 15:05:36 INFO  Saving current best: saved/SCL-Mar-15-2026_15-01-30.pth
Sun 15 Mar 2026 15:05:36 INFO  Running E-step ! 
Sun 15 Mar 2026 15:05:40 INFO  epoch 37 training [time: 4.49s, train_loss1: 73.1135, train_loss2: 0.0357, train_loss3: 0.0119, train_loss4: 0.0026]
Sun 15 Mar 2026 15:05:42 INFO  epoch 37 evaluating [time: 1.60s, valid_score: 0.357500]
Sun 15 Mar 2026 15:05:42 INFO  valid result: 
recall@1 : 0.1454    recall@2 : 0.2417    recall@3 : 0.3014    recall@4 : 0.3418    recall@5 : 0.3771    recall@10 : 0.517    recall@20 : 0.6533    recall@30 : 0.7187    recall@50 : 0.7999    ndcg@1 : 0.23    ndcg@2 : 0.2621    ndcg@3 : 0.2816    ndcg@4 : 0.295    ndcg@5 : 0.3077    ndcg@10 : 0.3575    ndcg@20 : 0.3983    ndcg@30 : 0.4163    ndcg@50 : 0.4359    precision@1 : 0.23    precision@2 : 0.1985    precision@3 : 0.1702    precision@4 : 0.1485    precision@5 : 0.1337    precision@10 : 0.0971    precision@20 : 0.0644    precision@30 : 0.049    precision@50 : 0.0338    map@1 : 0.23    map@2 : 0.2332    map@3 : 0.2382    map@4 : 0.2434    map@5 : 0.2486    map@10 : 0.2703    map@20 : 0.2843    map@30 : 0.2898    map@50 : 0.2945
Sun 15 Mar 2026 15:05:42 INFO  Saving current: saved/SCL-Mar-15-2026_15-01-30.pth
Sun 15 Mar 2026 15:05:42 INFO  Saving current best: saved/SCL-Mar-15-2026_15-01-30.pth
Sun 15 Mar 2026 15:05:42 INFO  Running E-step ! 
Sun 15 Mar 2026 15:05:47 INFO  epoch 38 training [time: 4.93s, train_loss1: 71.6418, train_loss2: 0.0351, train_loss3: 0.0119, train_loss4: 0.0028]
Sun 15 Mar 2026 15:05:48 INFO  epoch 38 evaluating [time: 1.60s, valid_score: 0.358300]
Sun 15 Mar 2026 15:05:48 INFO  valid result: 
recall@1 : 0.1441    recall@2 : 0.2425    recall@3 : 0.3065    recall@4 : 0.3458    recall@5 : 0.3805    recall@10 : 0.5173    recall@20 : 0.6495    recall@30 : 0.7195    recall@50 : 0.7974    ndcg@1 : 0.23    ndcg@2 : 0.2626    ndcg@3 : 0.2841    ndcg@4 : 0.2969    ndcg@5 : 0.3098    ndcg@10 : 0.3583    ndcg@20 : 0.398    ndcg@30 : 0.417    ndcg@50 : 0.4359    precision@1 : 0.23    precision@2 : 0.199    precision@3 : 0.1724    precision@4 : 0.1497    precision@5 : 0.1358    precision@10 : 0.0973    precision@20 : 0.0643    precision@30 : 0.0491    precision@50 : 0.0338    map@1 : 0.23    map@2 : 0.233    map@3 : 0.2396    map@4 : 0.2441    map@5 : 0.2495    map@10 : 0.2708    map@20 : 0.2845    map@30 : 0.2902    map@50 : 0.2948
Sun 15 Mar 2026 15:05:48 INFO  Saving current: saved/SCL-Mar-15-2026_15-01-30.pth
Sun 15 Mar 2026 15:05:48 INFO  Saving current best: saved/SCL-Mar-15-2026_15-01-30.pth
Sun 15 Mar 2026 15:05:48 INFO  Running E-step ! 
Sun 15 Mar 2026 15:05:53 INFO  epoch 39 training [time: 4.49s, train_loss1: 70.7557, train_loss2: 0.0347, train_loss3: 0.0119, train_loss4: 0.0029]
Sun 15 Mar 2026 15:05:55 INFO  epoch 39 evaluating [time: 1.61s, valid_score: 0.357900]
Sun 15 Mar 2026 15:05:55 INFO  valid result: 
recall@1 : 0.1419    recall@2 : 0.2448    recall@3 : 0.3071    recall@4 : 0.3472    recall@5 : 0.3797    recall@10 : 0.517    recall@20 : 0.6498    recall@30 : 0.7188    recall@50 : 0.7941    ndcg@1 : 0.2265    ndcg@2 : 0.2628    ndcg@3 : 0.2836    ndcg@4 : 0.2972    ndcg@5 : 0.3093    ndcg@10 : 0.3579    ndcg@20 : 0.398    ndcg@30 : 0.4167    ndcg@50 : 0.435    precision@1 : 0.2265    precision@2 : 0.2005    precision@3 : 0.1726    precision@4 : 0.1508    precision@5 : 0.1361    precision@10 : 0.0975    precision@20 : 0.0646    precision@30 : 0.0492    precision@50 : 0.0337    map@1 : 0.2265    map@2 : 0.2323    map@3 : 0.2391    map@4 : 0.2441    map@5 : 0.2491    map@10 : 0.2703    map@20 : 0.2843    map@30 : 0.2899    map@50 : 0.2944
Sun 15 Mar 2026 15:05:55 INFO  Running E-step ! 
Sun 15 Mar 2026 15:06:00 INFO  epoch 40 training [time: 5.31s, train_loss1: 68.9562, train_loss2: 0.0343, train_loss3: 0.0119, train_loss4: 0.0027]
Sun 15 Mar 2026 15:06:01 INFO  epoch 40 evaluating [time: 1.61s, valid_score: 0.359300]
Sun 15 Mar 2026 15:06:01 INFO  valid result: 
recall@1 : 0.1428    recall@2 : 0.2441    recall@3 : 0.3084    recall@4 : 0.3456    recall@5 : 0.3801    recall@10 : 0.5202    recall@20 : 0.6481    recall@30 : 0.7197    recall@50 : 0.7938    ndcg@1 : 0.2288    ndcg@2 : 0.2622    ndcg@3 : 0.2842    ndcg@4 : 0.2966    ndcg@5 : 0.3095    ndcg@10 : 0.3593    ndcg@20 : 0.3981    ndcg@30 : 0.4174    ndcg@50 : 0.4356    precision@1 : 0.2288    precision@2 : 0.1987    precision@3 : 0.172    precision@4 : 0.1499    precision@5 : 0.136    precision@10 : 0.0979    precision@20 : 0.0645    precision@30 : 0.0492    precision@50 : 0.0338    map@1 : 0.2288    map@2 : 0.2321    map@3 : 0.2396    map@4 : 0.2438    map@5 : 0.2494    map@10 : 0.2712    map@20 : 0.2848    map@30 : 0.2906    map@50 : 0.2951
Sun 15 Mar 2026 15:06:02 INFO  Saving current: saved/SCL-Mar-15-2026_15-01-30.pth
Sun 15 Mar 2026 15:06:02 INFO  Saving current best: saved/SCL-Mar-15-2026_15-01-30.pth
Sun 15 Mar 2026 15:06:02 INFO  Running E-step ! 
Sun 15 Mar 2026 15:06:07 INFO  epoch 41 training [time: 5.44s, train_loss1: 66.6003, train_loss2: 0.0339, train_loss3: 0.0118, train_loss4: 0.0026]
Sun 15 Mar 2026 15:06:09 INFO  epoch 41 evaluating [time: 1.61s, valid_score: 0.359900]
Sun 15 Mar 2026 15:06:09 INFO  valid result: 
recall@1 : 0.1451    recall@2 : 0.2407    recall@3 : 0.3061    recall@4 : 0.3473    recall@5 : 0.3789    recall@10 : 0.5196    recall@20 : 0.6486    recall@30 : 0.7198    recall@50 : 0.7961    ndcg@1 : 0.2336    ndcg@2 : 0.2612    ndcg@3 : 0.2845    ndcg@4 : 0.2985    ndcg@5 : 0.3099    ndcg@10 : 0.3599    ndcg@20 : 0.399    ndcg@30 : 0.4182    ndcg@50 : 0.4369    precision@1 : 0.2336    precision@2 : 0.1976    precision@3 : 0.173    precision@4 : 0.1517    precision@5 : 0.1361    precision@10 : 0.0979    precision@20 : 0.0645    precision@30 : 0.0493    precision@50 : 0.0339    map@1 : 0.2336    map@2 : 0.2314    map@3 : 0.2399    map@4 : 0.2452    map@5 : 0.2497    map@10 : 0.2718    map@20 : 0.2855    map@30 : 0.2913    map@50 : 0.2958
Sun 15 Mar 2026 15:06:09 INFO  Saving current: saved/SCL-Mar-15-2026_15-01-30.pth
Sun 15 Mar 2026 15:06:09 INFO  Saving current best: saved/SCL-Mar-15-2026_15-01-30.pth
Sun 15 Mar 2026 15:06:09 INFO  Running E-step ! 
Sun 15 Mar 2026 15:06:13 INFO  epoch 42 training [time: 4.60s, train_loss1: 66.3243, train_loss2: 0.0336, train_loss3: 0.0118, train_loss4: 0.0028]
Sun 15 Mar 2026 15:06:15 INFO  epoch 42 evaluating [time: 1.60s, valid_score: 0.362500]
Sun 15 Mar 2026 15:06:15 INFO  valid result: 
recall@1 : 0.1501    recall@2 : 0.2416    recall@3 : 0.305    recall@4 : 0.3487    recall@5 : 0.38    recall@10 : 0.52    recall@20 : 0.6506    recall@30 : 0.7215    recall@50 : 0.7968    ndcg@1 : 0.2396    ndcg@2 : 0.2642    ndcg@3 : 0.2859    ndcg@4 : 0.3012    ndcg@5 : 0.3123    ndcg@10 : 0.3625    ndcg@20 : 0.4018    ndcg@30 : 0.4209    ndcg@50 : 0.4394    precision@1 : 0.2396    precision@2 : 0.1987    precision@3 : 0.1722    precision@4 : 0.1524    precision@5 : 0.136    precision@10 : 0.0982    precision@20 : 0.0647    precision@30 : 0.0493    precision@50 : 0.0339    map@1 : 0.2396    map@2 : 0.2353    map@3 : 0.2423    map@4 : 0.2486    map@5 : 0.2528    map@10 : 0.275    map@20 : 0.2887    map@30 : 0.2944    map@50 : 0.2989
Sun 15 Mar 2026 15:06:15 INFO  Saving current: saved/SCL-Mar-15-2026_15-01-30.pth
Sun 15 Mar 2026 15:06:15 INFO  Saving current best: saved/SCL-Mar-15-2026_15-01-30.pth
Sun 15 Mar 2026 15:06:15 INFO  Running E-step ! 
Sun 15 Mar 2026 15:06:20 INFO  epoch 43 training [time: 5.55s, train_loss1: 66.7470, train_loss2: 0.0330, train_loss3: 0.0118, train_loss4: 0.0025]
Sun 15 Mar 2026 15:06:22 INFO  epoch 43 evaluating [time: 1.61s, valid_score: 0.361200]
Sun 15 Mar 2026 15:06:22 INFO  valid result: 
recall@1 : 0.1498    recall@2 : 0.2409    recall@3 : 0.3025    recall@4 : 0.3435    recall@5 : 0.3787    recall@10 : 0.5197    recall@20 : 0.6516    recall@30 : 0.7206    recall@50 : 0.7973    ndcg@1 : 0.2354    ndcg@2 : 0.2625    ndcg@3 : 0.2835    ndcg@4 : 0.2978    ndcg@5 : 0.3108    ndcg@10 : 0.3612    ndcg@20 : 0.4013    ndcg@30 : 0.4198    ndcg@50 : 0.4387    precision@1 : 0.2354    precision@2 : 0.1979    precision@3 : 0.1708    precision@4 : 0.1503    precision@5 : 0.136    precision@10 : 0.0975    precision@20 : 0.0648    precision@30 : 0.0492    precision@50 : 0.0339    map@1 : 0.2354    map@2 : 0.2332    map@3 : 0.2403    map@4 : 0.2461    map@5 : 0.2516    map@10 : 0.2739    map@20 : 0.288    map@30 : 0.2936    map@50 : 0.2982
Sun 15 Mar 2026 15:06:22 INFO  Running E-step ! 
Sun 15 Mar 2026 15:06:27 INFO  epoch 44 training [time: 4.70s, train_loss1: 63.7627, train_loss2: 0.0327, train_loss3: 0.0118, train_loss4: 0.0024]
Sun 15 Mar 2026 15:06:28 INFO  epoch 44 evaluating [time: 1.60s, valid_score: 0.363900]
Sun 15 Mar 2026 15:06:28 INFO  valid result: 
recall@1 : 0.1501    recall@2 : 0.2445    recall@3 : 0.3028    recall@4 : 0.3489    recall@5 : 0.3849    recall@10 : 0.5246    recall@20 : 0.6546    recall@30 : 0.7218    recall@50 : 0.7961    ndcg@1 : 0.2348    ndcg@2 : 0.2647    ndcg@3 : 0.2841    ndcg@4 : 0.3007    ndcg@5 : 0.3142    ndcg@10 : 0.3639    ndcg@20 : 0.4033    ndcg@30 : 0.4214    ndcg@50 : 0.4397    precision@1 : 0.2348    precision@2 : 0.1996    precision@3 : 0.171    precision@4 : 0.1521    precision@5 : 0.1378    precision@10 : 0.0984    precision@20 : 0.0651    precision@30 : 0.0493    precision@50 : 0.0339    map@1 : 0.2348    map@2 : 0.2344    map@3 : 0.2406    map@4 : 0.248    map@5 : 0.2537    map@10 : 0.2757    map@20 : 0.2896    map@30 : 0.295    map@50 : 0.2995
Sun 15 Mar 2026 15:06:28 INFO  Saving current: saved/SCL-Mar-15-2026_15-01-30.pth
Sun 15 Mar 2026 15:06:28 INFO  Saving current best: saved/SCL-Mar-15-2026_15-01-30.pth
Sun 15 Mar 2026 15:06:28 INFO  Running E-step ! 
Sun 15 Mar 2026 15:06:34 INFO  epoch 45 training [time: 5.38s, train_loss1: 63.1903, train_loss2: 0.0324, train_loss3: 0.0118, train_loss4: 0.0024]
Sun 15 Mar 2026 15:06:35 INFO  epoch 45 evaluating [time: 1.61s, valid_score: 0.364000]
Sun 15 Mar 2026 15:06:35 INFO  valid result: 
recall@1 : 0.1511    recall@2 : 0.2447    recall@3 : 0.3057    recall@4 : 0.3483    recall@5 : 0.3869    recall@10 : 0.5226    recall@20 : 0.6506    recall@30 : 0.7206    recall@50 : 0.7956    ndcg@1 : 0.2366    ndcg@2 : 0.2656    ndcg@3 : 0.2864    ndcg@4 : 0.3009    ndcg@5 : 0.3157    ndcg@10 : 0.364    ndcg@20 : 0.4031    ndcg@30 : 0.4218    ndcg@50 : 0.4404    precision@1 : 0.2366    precision@2 : 0.2002    precision@3 : 0.1728    precision@4 : 0.1512    precision@5 : 0.1383    precision@10 : 0.098    precision@20 : 0.0648    precision@30 : 0.0493    precision@50 : 0.0339    map@1 : 0.2366    map@2 : 0.236    map@3 : 0.2428    map@4 : 0.2486    map@5 : 0.2553    map@10 : 0.2766    map@20 : 0.2906    map@30 : 0.2961    map@50 : 0.3007
Sun 15 Mar 2026 15:06:35 INFO  Saving current: saved/SCL-Mar-15-2026_15-01-30.pth
Sun 15 Mar 2026 15:06:35 INFO  Saving current best: saved/SCL-Mar-15-2026_15-01-30.pth
Sun 15 Mar 2026 15:06:35 INFO  Running E-step ! 
Sun 15 Mar 2026 15:06:41 INFO  epoch 46 training [time: 5.47s, train_loss1: 63.0911, train_loss2: 0.0320, train_loss3: 0.0118, train_loss4: 0.0023]
Sun 15 Mar 2026 15:06:42 INFO  epoch 46 evaluating [time: 1.61s, valid_score: 0.362100]
Sun 15 Mar 2026 15:06:42 INFO  valid result: 
recall@1 : 0.1485    recall@2 : 0.2426    recall@3 : 0.3066    recall@4 : 0.3514    recall@5 : 0.3877    recall@10 : 0.5199    recall@20 : 0.6508    recall@30 : 0.7212    recall@50 : 0.7973    ndcg@1 : 0.2336    ndcg@2 : 0.2623    ndcg@3 : 0.2855    ndcg@4 : 0.3008    ndcg@5 : 0.3149    ndcg@10 : 0.3621    ndcg@20 : 0.4019    ndcg@30 : 0.4209    ndcg@50 : 0.4395    precision@1 : 0.2336    precision@2 : 0.1976    precision@3 : 0.1732    precision@4 : 0.1517    precision@5 : 0.1386    precision@10 : 0.0977    precision@20 : 0.0647    precision@30 : 0.0494    precision@50 : 0.0339    map@1 : 0.2336    map@2 : 0.2329    map@3 : 0.2411    map@4 : 0.2476    map@5 : 0.2541    map@10 : 0.2749    map@20 : 0.2891    map@30 : 0.2947    map@50 : 0.2992
Sun 15 Mar 2026 15:06:42 INFO  Running E-step ! 
Sun 15 Mar 2026 15:06:48 INFO  epoch 47 training [time: 5.39s, train_loss1: 60.0373, train_loss2: 0.0316, train_loss3: 0.0118, train_loss4: 0.0023]
Sun 15 Mar 2026 15:06:49 INFO  epoch 47 evaluating [time: 1.60s, valid_score: 0.363300]
Sun 15 Mar 2026 15:06:49 INFO  valid result: 
recall@1 : 0.1515    recall@2 : 0.2417    recall@3 : 0.3037    recall@4 : 0.3525    recall@5 : 0.3886    recall@10 : 0.5195    recall@20 : 0.6532    recall@30 : 0.7199    recall@50 : 0.7971    ndcg@1 : 0.2396    ndcg@2 : 0.2638    ndcg@3 : 0.2853    ndcg@4 : 0.3029    ndcg@5 : 0.3164    ndcg@10 : 0.3633    ndcg@20 : 0.4036    ndcg@30 : 0.4217    ndcg@50 : 0.4407    precision@1 : 0.2396    precision@2 : 0.1976    precision@3 : 0.172    precision@4 : 0.1532    precision@5 : 0.1389    precision@10 : 0.0982    precision@20 : 0.065    precision@30 : 0.0493    precision@50 : 0.034    map@1 : 0.2396    map@2 : 0.2347    map@3 : 0.2417    map@4 : 0.2498    map@5 : 0.2556    map@10 : 0.2763    map@20 : 0.2906    map@30 : 0.2959    map@50 : 0.3006
Sun 15 Mar 2026 15:06:49 INFO  Running E-step ! 
Sun 15 Mar 2026 15:06:55 INFO  epoch 48 training [time: 5.15s, train_loss1: 59.4665, train_loss2: 0.0313, train_loss3: 0.0118, train_loss4: 0.0026]
Sun 15 Mar 2026 15:06:56 INFO  epoch 48 evaluating [time: 1.61s, valid_score: 0.362300]
Sun 15 Mar 2026 15:06:56 INFO  valid result: 
recall@1 : 0.1523    recall@2 : 0.2395    recall@3 : 0.3023    recall@4 : 0.3547    recall@5 : 0.3895    recall@10 : 0.5165    recall@20 : 0.6526    recall@30 : 0.7202    recall@50 : 0.7981    ndcg@1 : 0.242    ndcg@2 : 0.2626    ndcg@3 : 0.2849    ndcg@4 : 0.3039    ndcg@5 : 0.3167    ndcg@10 : 0.3623    ndcg@20 : 0.4033    ndcg@30 : 0.4216    ndcg@50 : 0.4407    precision@1 : 0.242    precision@2 : 0.1961    precision@3 : 0.1716    precision@4 : 0.1539    precision@5 : 0.1387    precision@10 : 0.0976    precision@20 : 0.0648    precision@30 : 0.0492    precision@50 : 0.034    map@1 : 0.242    map@2 : 0.2338    map@3 : 0.2416    map@4 : 0.2501    map@5 : 0.2556    map@10 : 0.2758    map@20 : 0.2903    map@30 : 0.2957    map@50 : 0.3004
Sun 15 Mar 2026 15:06:56 INFO  Running E-step ! 
Sun 15 Mar 2026 15:07:02 INFO  epoch 49 training [time: 5.57s, train_loss1: 59.4572, train_loss2: 0.0309, train_loss3: 0.0118, train_loss4: 0.0021]
Sun 15 Mar 2026 15:07:03 INFO  epoch 49 evaluating [time: 1.60s, valid_score: 0.363600]
Sun 15 Mar 2026 15:07:03 INFO  valid result: 
recall@1 : 0.1545    recall@2 : 0.2412    recall@3 : 0.3048    recall@4 : 0.3565    recall@5 : 0.3861    recall@10 : 0.5164    recall@20 : 0.6538    recall@30 : 0.7172    recall@50 : 0.7999    ndcg@1 : 0.2408    ndcg@2 : 0.2648    ndcg@3 : 0.2869    ndcg@4 : 0.3058    ndcg@5 : 0.3163    ndcg@10 : 0.3636    ndcg@20 : 0.4047    ndcg@30 : 0.4222    ndcg@50 : 0.4421    precision@1 : 0.2408    precision@2 : 0.1985    precision@3 : 0.1726    precision@4 : 0.1546    precision@5 : 0.1375    precision@10 : 0.0979    precision@20 : 0.0649    precision@30 : 0.0492    precision@50 : 0.034    map@1 : 0.2408    map@2 : 0.236    map@3 : 0.2432    map@4 : 0.252    map@5 : 0.2564    map@10 : 0.2776    map@20 : 0.292    map@30 : 0.2973    map@50 : 0.3021
Sun 15 Mar 2026 15:07:03 INFO  Running E-step ! 
Sun 15 Mar 2026 15:07:08 INFO  epoch 50 training [time: 4.93s, train_loss1: 58.9552, train_loss2: 0.0306, train_loss3: 0.0118, train_loss4: 0.0024]
Sun 15 Mar 2026 15:07:10 INFO  epoch 50 evaluating [time: 1.61s, valid_score: 0.362700]
Sun 15 Mar 2026 15:07:10 INFO  valid result: 
recall@1 : 0.1553    recall@2 : 0.2427    recall@3 : 0.3061    recall@4 : 0.3546    recall@5 : 0.389    recall@10 : 0.5121    recall@20 : 0.6482    recall@30 : 0.718    recall@50 : 0.8005    ndcg@1 : 0.242    ndcg@2 : 0.2662    ndcg@3 : 0.2878    ndcg@4 : 0.3049    ndcg@5 : 0.318    ndcg@10 : 0.3627    ndcg@20 : 0.4037    ndcg@30 : 0.4226    ndcg@50 : 0.4426    precision@1 : 0.242    precision@2 : 0.1993    precision@3 : 0.1724    precision@4 : 0.1529    precision@5 : 0.1385    precision@10 : 0.0973    precision@20 : 0.0644    precision@30 : 0.0492    precision@50 : 0.034    map@1 : 0.242    map@2 : 0.237    map@3 : 0.2439    map@4 : 0.2515    map@5 : 0.2575    map@10 : 0.2775    map@20 : 0.292    map@30 : 0.2976    map@50 : 0.3024
Sun 15 Mar 2026 15:07:10 INFO  Running E-step ! 
Sun 15 Mar 2026 15:07:15 INFO  epoch 51 training [time: 5.43s, train_loss1: 56.8813, train_loss2: 0.0302, train_loss3: 0.0118, train_loss4: 0.0022]
Sun 15 Mar 2026 15:07:17 INFO  epoch 51 evaluating [time: 1.61s, valid_score: 0.362400]
Sun 15 Mar 2026 15:07:17 INFO  valid result: 
recall@1 : 0.1534    recall@2 : 0.2471    recall@3 : 0.3066    recall@4 : 0.3557    recall@5 : 0.3905    recall@10 : 0.5117    recall@20 : 0.6493    recall@30 : 0.7183    recall@50 : 0.7981    ndcg@1 : 0.2372    ndcg@2 : 0.2678    ndcg@3 : 0.2872    ndcg@4 : 0.3052    ndcg@5 : 0.3183    ndcg@10 : 0.3624    ndcg@20 : 0.4038    ndcg@30 : 0.4225    ndcg@50 : 0.4421    precision@1 : 0.2372    precision@2 : 0.2011    precision@3 : 0.1716    precision@4 : 0.1536    precision@5 : 0.1387    precision@10 : 0.0973    precision@20 : 0.0645    precision@30 : 0.0491    precision@50 : 0.034    map@1 : 0.2372    map@2 : 0.2381    map@3 : 0.2435    map@4 : 0.2518    map@5 : 0.2577    map@10 : 0.2775    map@20 : 0.292    map@30 : 0.2977    map@50 : 0.3025
Sun 15 Mar 2026 15:07:17 INFO  Running E-step ! 
Sun 15 Mar 2026 15:07:22 INFO  epoch 52 training [time: 5.45s, train_loss1: 56.8798, train_loss2: 0.0299, train_loss3: 0.0118, train_loss4: 0.0022]
Sun 15 Mar 2026 15:07:24 INFO  epoch 52 evaluating [time: 1.61s, valid_score: 0.361300]
Sun 15 Mar 2026 15:07:24 INFO  valid result: 
recall@1 : 0.1523    recall@2 : 0.2466    recall@3 : 0.3033    recall@4 : 0.3567    recall@5 : 0.3928    recall@10 : 0.5101    recall@20 : 0.6505    recall@30 : 0.7176    recall@50 : 0.7991    ndcg@1 : 0.2354    ndcg@2 : 0.2666    ndcg@3 : 0.285    ndcg@4 : 0.3049    ndcg@5 : 0.3189    ndcg@10 : 0.3613    ndcg@20 : 0.4033    ndcg@30 : 0.4215    ndcg@50 : 0.4415    precision@1 : 0.2354    precision@2 : 0.2002    precision@3 : 0.1706    precision@4 : 0.1542    precision@5 : 0.1404    precision@10 : 0.0972    precision@20 : 0.0645    precision@30 : 0.0491    precision@50 : 0.034    map@1 : 0.2354    map@2 : 0.2369    map@3 : 0.2413    map@4 : 0.2508    map@5 : 0.2576    map@10 : 0.2766    map@20 : 0.2912    map@30 : 0.2967    map@50 : 0.3015
Sun 15 Mar 2026 15:07:24 INFO  Running E-step ! 
Sun 15 Mar 2026 15:07:30 INFO  epoch 53 training [time: 5.52s, train_loss1: 55.0779, train_loss2: 0.0295, train_loss3: 0.0118, train_loss4: 0.0021]
Sun 15 Mar 2026 15:07:31 INFO  epoch 53 evaluating [time: 1.61s, valid_score: 0.362600]
Sun 15 Mar 2026 15:07:31 INFO  valid result: 
recall@1 : 0.1544    recall@2 : 0.2492    recall@3 : 0.302    recall@4 : 0.3533    recall@5 : 0.3932    recall@10 : 0.5117    recall@20 : 0.6494    recall@30 : 0.7161    recall@50 : 0.8013    ndcg@1 : 0.236    ndcg@2 : 0.269    ndcg@3 : 0.2856    ndcg@4 : 0.3046    ndcg@5 : 0.3198    ndcg@10 : 0.3626    ndcg@20 : 0.4036    ndcg@30 : 0.4218    ndcg@50 : 0.4425    precision@1 : 0.236    precision@2 : 0.202    precision@3 : 0.1704    precision@4 : 0.1536    precision@5 : 0.1402    precision@10 : 0.0975    precision@20 : 0.0644    precision@30 : 0.049    precision@50 : 0.034    map@1 : 0.236    map@2 : 0.2393    map@3 : 0.2429    map@4 : 0.2516    map@5 : 0.259    map@10 : 0.278    map@20 : 0.2922    map@30 : 0.2978    map@50 : 0.3027
Sun 15 Mar 2026 15:07:31 INFO  Running E-step ! 
Sun 15 Mar 2026 15:07:37 INFO  epoch 54 training [time: 5.48s, train_loss1: 53.9580, train_loss2: 0.0293, train_loss3: 0.0118, train_loss4: 0.0022]
Sun 15 Mar 2026 15:07:38 INFO  epoch 54 evaluating [time: 1.61s, valid_score: 0.359400]
Sun 15 Mar 2026 15:07:38 INFO  valid result: 
recall@1 : 0.1526    recall@2 : 0.2438    recall@3 : 0.3011    recall@4 : 0.3548    recall@5 : 0.3928    recall@10 : 0.5069    recall@20 : 0.6475    recall@30 : 0.714    recall@50 : 0.8006    ndcg@1 : 0.233    ndcg@2 : 0.265    ndcg@3 : 0.2837    ndcg@4 : 0.3034    ndcg@5 : 0.3178    ndcg@10 : 0.3594    ndcg@20 : 0.4016    ndcg@30 : 0.4197    ndcg@50 : 0.4406    precision@1 : 0.233    precision@2 : 0.1996    precision@3 : 0.1698    precision@4 : 0.1533    precision@5 : 0.1393    precision@10 : 0.0967    precision@20 : 0.0643    precision@30 : 0.0489    precision@50 : 0.034    map@1 : 0.233    map@2 : 0.236    map@3 : 0.2414    map@4 : 0.2501    map@5 : 0.2569    map@10 : 0.2754    map@20 : 0.2903    map@30 : 0.2957    map@50 : 0.3007
Sun 15 Mar 2026 15:07:38 INFO  Running E-step ! 
Sun 15 Mar 2026 15:07:42 INFO  epoch 55 training [time: 4.08s, train_loss1: 53.1243, train_loss2: 0.0291, train_loss3: 0.0118, train_loss4: 0.0022]
Sun 15 Mar 2026 15:07:44 INFO  epoch 55 evaluating [time: 1.60s, valid_score: 0.359600]
Sun 15 Mar 2026 15:07:44 INFO  valid result: 
recall@1 : 0.1549    recall@2 : 0.2442    recall@3 : 0.2978    recall@4 : 0.3521    recall@5 : 0.3912    recall@10 : 0.5059    recall@20 : 0.6485    recall@30 : 0.7142    recall@50 : 0.8007    ndcg@1 : 0.236    ndcg@2 : 0.2659    ndcg@3 : 0.2823    ndcg@4 : 0.3023    ndcg@5 : 0.3175    ndcg@10 : 0.3596    ndcg@20 : 0.402    ndcg@30 : 0.42    ndcg@50 : 0.4408    precision@1 : 0.236    precision@2 : 0.1999    precision@3 : 0.1675    precision@4 : 0.1512    precision@5 : 0.1386    precision@10 : 0.0968    precision@20 : 0.0643    precision@30 : 0.049    precision@50 : 0.034    map@1 : 0.236    map@2 : 0.2372    map@3 : 0.2406    map@4 : 0.2496    map@5 : 0.2568    map@10 : 0.2759    map@20 : 0.2906    map@30 : 0.2961    map@50 : 0.301
Sun 15 Mar 2026 15:07:44 INFO  Running E-step ! 
Sun 15 Mar 2026 15:07:48 INFO  epoch 56 training [time: 4.39s, train_loss1: 52.6041, train_loss2: 0.0289, train_loss3: 0.0117, train_loss4: 0.0022]
Sun 15 Mar 2026 15:07:50 INFO  epoch 56 evaluating [time: 1.61s, valid_score: 0.360200]
Sun 15 Mar 2026 15:07:50 INFO  valid result: 
recall@1 : 0.1525    recall@2 : 0.2472    recall@3 : 0.3005    recall@4 : 0.3522    recall@5 : 0.3902    recall@10 : 0.5089    recall@20 : 0.648    recall@30 : 0.7175    recall@50 : 0.7982    ndcg@1 : 0.233    ndcg@2 : 0.2673    ndcg@3 : 0.2836    ndcg@4 : 0.3025    ndcg@5 : 0.3167    ndcg@10 : 0.3602    ndcg@20 : 0.4016    ndcg@30 : 0.4204    ndcg@50 : 0.4401    precision@1 : 0.233    precision@2 : 0.2017    precision@3 : 0.1692    precision@4 : 0.1523    precision@5 : 0.1381    precision@10 : 0.0971    precision@20 : 0.0643    precision@30 : 0.049    precision@50 : 0.0339    map@1 : 0.233    map@2 : 0.2385    map@3 : 0.2415    map@4 : 0.2497    map@5 : 0.2561    map@10 : 0.2759    map@20 : 0.2903    map@30 : 0.296    map@50 : 0.3007
Sun 15 Mar 2026 15:07:50 INFO  Running E-step ! 
Sun 15 Mar 2026 15:07:55 INFO  epoch 57 training [time: 5.34s, train_loss1: 52.5313, train_loss2: 0.0286, train_loss3: 0.0117, train_loss4: 0.0023]
Sun 15 Mar 2026 15:07:57 INFO  epoch 57 evaluating [time: 1.60s, valid_score: 0.358500]
Sun 15 Mar 2026 15:07:57 INFO  valid result: 
recall@1 : 0.1516    recall@2 : 0.2465    recall@3 : 0.3021    recall@4 : 0.3487    recall@5 : 0.3901    recall@10 : 0.5056    recall@20 : 0.6482    recall@30 : 0.7167    recall@50 : 0.8013    ndcg@1 : 0.2288    ndcg@2 : 0.2661    ndcg@3 : 0.2835    ndcg@4 : 0.3002    ndcg@5 : 0.3159    ndcg@10 : 0.3585    ndcg@20 : 0.4009    ndcg@30 : 0.4194    ndcg@50 : 0.4398    precision@1 : 0.2288    precision@2 : 0.2017    precision@3 : 0.1698    precision@4 : 0.1509    precision@5 : 0.1379    precision@10 : 0.097    precision@20 : 0.0644    precision@30 : 0.049    precision@50 : 0.034    map@1 : 0.2288    map@2 : 0.2372    map@3 : 0.2408    map@4 : 0.248    map@5 : 0.2554    map@10 : 0.2749    map@20 : 0.2896    map@30 : 0.2952    map@50 : 0.3
Sun 15 Mar 2026 15:07:57 INFO  Running E-step ! 
Sun 15 Mar 2026 15:08:02 INFO  epoch 58 training [time: 5.52s, train_loss1: 50.8077, train_loss2: 0.0283, train_loss3: 0.0117, train_loss4: 0.0022]
Sun 15 Mar 2026 15:08:04 INFO  epoch 58 evaluating [time: 1.61s, valid_score: 0.358800]
Sun 15 Mar 2026 15:08:04 INFO  valid result: 
recall@1 : 0.1527    recall@2 : 0.2446    recall@3 : 0.303    recall@4 : 0.3525    recall@5 : 0.3923    recall@10 : 0.5039    recall@20 : 0.6501    recall@30 : 0.7174    recall@50 : 0.8011    ndcg@1 : 0.233    ndcg@2 : 0.2654    ndcg@3 : 0.2847    ndcg@4 : 0.3027    ndcg@5 : 0.3178    ndcg@10 : 0.3588    ndcg@20 : 0.4021    ndcg@30 : 0.4204    ndcg@50 : 0.4406    precision@1 : 0.233    precision@2 : 0.2002    precision@3 : 0.1708    precision@4 : 0.1527    precision@5 : 0.1393    precision@10 : 0.0969    precision@20 : 0.0645    precision@30 : 0.0491    precision@50 : 0.034    map@1 : 0.233    map@2 : 0.237    map@3 : 0.2419    map@4 : 0.2498    map@5 : 0.2569    map@10 : 0.2755    map@20 : 0.2904    map@30 : 0.296    map@50 : 0.3007
Sun 15 Mar 2026 15:08:04 INFO  Running E-step ! 
Sun 15 Mar 2026 15:08:08 INFO  epoch 59 training [time: 4.36s, train_loss1: 51.1207, train_loss2: 0.0281, train_loss3: 0.0117, train_loss4: 0.0021]
Sun 15 Mar 2026 15:08:10 INFO  epoch 59 evaluating [time: 1.59s, valid_score: 0.359500]
Sun 15 Mar 2026 15:08:10 INFO  valid result: 
recall@1 : 0.1529    recall@2 : 0.248    recall@3 : 0.3031    recall@4 : 0.3499    recall@5 : 0.3918    recall@10 : 0.506    recall@20 : 0.6485    recall@30 : 0.7161    recall@50 : 0.8008    ndcg@1 : 0.2318    ndcg@2 : 0.2678    ndcg@3 : 0.2853    ndcg@4 : 0.3022    ndcg@5 : 0.3178    ndcg@10 : 0.3595    ndcg@20 : 0.4017    ndcg@30 : 0.4201    ndcg@50 : 0.4406    precision@1 : 0.2318    precision@2 : 0.2026    precision@3 : 0.1712    precision@4 : 0.1524    precision@5 : 0.139    precision@10 : 0.0967    precision@20 : 0.0642    precision@30 : 0.0489    precision@50 : 0.034    map@1 : 0.2318    map@2 : 0.2387    map@3 : 0.2426    map@4 : 0.2498    map@5 : 0.2571    map@10 : 0.2759    map@20 : 0.2906    map@30 : 0.2961    map@50 : 0.301
Sun 15 Mar 2026 15:08:10 INFO  Running E-step ! 
Sun 15 Mar 2026 15:08:14 INFO  epoch 60 training [time: 4.38s, train_loss1: 49.6471, train_loss2: 0.0278, train_loss3: 0.0117, train_loss4: 0.0024]
Sun 15 Mar 2026 15:08:16 INFO  epoch 60 evaluating [time: 1.60s, valid_score: 0.358200]
Sun 15 Mar 2026 15:08:16 INFO  valid result: 
recall@1 : 0.1527    recall@2 : 0.2488    recall@3 : 0.3033    recall@4 : 0.3492    recall@5 : 0.3914    recall@10 : 0.5014    recall@20 : 0.6452    recall@30 : 0.7156    recall@50 : 0.8006    ndcg@1 : 0.2318    ndcg@2 : 0.268    ndcg@3 : 0.2854    ndcg@4 : 0.302    ndcg@5 : 0.3179    ndcg@10 : 0.3582    ndcg@20 : 0.4008    ndcg@30 : 0.4199    ndcg@50 : 0.4404    precision@1 : 0.2318    precision@2 : 0.2026    precision@3 : 0.1712    precision@4 : 0.1523    precision@5 : 0.1395    precision@10 : 0.0963    precision@20 : 0.0639    precision@30 : 0.0489    precision@50 : 0.0339    map@1 : 0.2318    map@2 : 0.2394    map@3 : 0.2433    map@4 : 0.2501    map@5 : 0.2576    map@10 : 0.2758    map@20 : 0.2906    map@30 : 0.2963    map@50 : 0.3011
Sun 15 Mar 2026 15:08:16 INFO  Running E-step ! 
Sun 15 Mar 2026 15:08:20 INFO  epoch 61 training [time: 4.44s, train_loss1: 48.6706, train_loss2: 0.0276, train_loss3: 0.0117, train_loss4: 0.0022]
Sun 15 Mar 2026 15:08:22 INFO  epoch 61 evaluating [time: 1.60s, valid_score: 0.357600]
Sun 15 Mar 2026 15:08:22 INFO  valid result: 
recall@1 : 0.1529    recall@2 : 0.2496    recall@3 : 0.3034    recall@4 : 0.3463    recall@5 : 0.3903    recall@10 : 0.5004    recall@20 : 0.6457    recall@30 : 0.7131    recall@50 : 0.8013    ndcg@1 : 0.2324    ndcg@2 : 0.2689    ndcg@3 : 0.2857    ndcg@4 : 0.3006    ndcg@5 : 0.3173    ndcg@10 : 0.3576    ndcg@20 : 0.4009    ndcg@30 : 0.4192    ndcg@50 : 0.4404    precision@1 : 0.2324    precision@2 : 0.2032    precision@3 : 0.1712    precision@4 : 0.1508    precision@5 : 0.1386    precision@10 : 0.0959    precision@20 : 0.0642    precision@30 : 0.0488    precision@50 : 0.034    map@1 : 0.2324    map@2 : 0.2399    map@3 : 0.243    map@4 : 0.2491    map@5 : 0.2569    map@10 : 0.2753    map@20 : 0.2903    map@30 : 0.2958    map@50 : 0.3008
Sun 15 Mar 2026 15:08:22 INFO  Running E-step ! 
Sun 15 Mar 2026 15:08:27 INFO  epoch 62 training [time: 4.77s, train_loss1: 47.4050, train_loss2: 0.0274, train_loss3: 0.0117, train_loss4: 0.0026]
Sun 15 Mar 2026 15:08:28 INFO  epoch 62 evaluating [time: 1.59s, valid_score: 0.357700]
Sun 15 Mar 2026 15:08:28 INFO  valid result: 
recall@1 : 0.1532    recall@2 : 0.2492    recall@3 : 0.3015    recall@4 : 0.3413    recall@5 : 0.3853    recall@10 : 0.5017    recall@20 : 0.6435    recall@30 : 0.713    recall@50 : 0.8005    ndcg@1 : 0.2354    ndcg@2 : 0.2697    ndcg@3 : 0.2849    ndcg@4 : 0.2985    ndcg@5 : 0.315    ndcg@10 : 0.3577    ndcg@20 : 0.4001    ndcg@30 : 0.4189    ndcg@50 : 0.4398    precision@1 : 0.2354    precision@2 : 0.2038    precision@3 : 0.1702    precision@4 : 0.1493    precision@5 : 0.1371    precision@10 : 0.0961    precision@20 : 0.064    precision@30 : 0.0489    precision@50 : 0.0339    map@1 : 0.2354    map@2 : 0.2405    map@3 : 0.2423    map@4 : 0.2476    map@5 : 0.2552    map@10 : 0.2747    map@20 : 0.2895    map@30 : 0.2952    map@50 : 0.3
Sun 15 Mar 2026 15:08:28 INFO  Running E-step ! 
Sun 15 Mar 2026 15:08:33 INFO  epoch 63 training [time: 4.18s, train_loss1: 45.8559, train_loss2: 0.0272, train_loss3: 0.0117, train_loss4: 0.0026]
Sun 15 Mar 2026 15:08:34 INFO  epoch 63 evaluating [time: 1.59s, valid_score: 0.356800]
Sun 15 Mar 2026 15:08:34 INFO  valid result: 
recall@1 : 0.1514    recall@2 : 0.2514    recall@3 : 0.3013    recall@4 : 0.3395    recall@5 : 0.3835    recall@10 : 0.5006    recall@20 : 0.643    recall@30 : 0.713    recall@50 : 0.7974    ndcg@1 : 0.2336    ndcg@2 : 0.2711    ndcg@3 : 0.2846    ndcg@4 : 0.2978    ndcg@5 : 0.3142    ndcg@10 : 0.3568    ndcg@20 : 0.3994    ndcg@30 : 0.4185    ndcg@50 : 0.4387    precision@1 : 0.2336    precision@2 : 0.2059    precision@3 : 0.17    precision@4 : 0.1496    precision@5 : 0.1371    precision@10 : 0.0957    precision@20 : 0.064    precision@30 : 0.0489    precision@50 : 0.0338    map@1 : 0.2336    map@2 : 0.2411    map@3 : 0.2418    map@4 : 0.2471    map@5 : 0.2545    map@10 : 0.2738    map@20 : 0.2887    map@30 : 0.2945    map@50 : 0.2991
Sun 15 Mar 2026 15:08:34 INFO  Running E-step ! 
Sun 15 Mar 2026 15:08:38 INFO  epoch 64 training [time: 4.00s, train_loss1: 45.4782, train_loss2: 0.0270, train_loss3: 0.0117, train_loss4: 0.0025]
Sun 15 Mar 2026 15:08:40 INFO  epoch 64 evaluating [time: 1.59s, valid_score: 0.357600]
Sun 15 Mar 2026 15:08:40 INFO  valid result: 
recall@1 : 0.1517    recall@2 : 0.2479    recall@3 : 0.3048    recall@4 : 0.3429    recall@5 : 0.3839    recall@10 : 0.5021    recall@20 : 0.6456    recall@30 : 0.7125    recall@50 : 0.7992    ndcg@1 : 0.236    ndcg@2 : 0.2682    ndcg@3 : 0.2863    ndcg@4 : 0.2991    ndcg@5 : 0.3147    ndcg@10 : 0.3576    ndcg@20 : 0.4005    ndcg@30 : 0.4187    ndcg@50 : 0.4394    precision@1 : 0.236    precision@2 : 0.202    precision@3 : 0.1716    precision@4 : 0.1505    precision@5 : 0.1379    precision@10 : 0.0959    precision@20 : 0.0642    precision@30 : 0.0489    precision@50 : 0.0338    map@1 : 0.236    map@2 : 0.2387    map@3 : 0.2426    map@4 : 0.2474    map@5 : 0.2549    map@10 : 0.2741    map@20 : 0.2891    map@30 : 0.2947    map@50 : 0.2994
Sun 15 Mar 2026 15:08:40 INFO  Running E-step ! 
Sun 15 Mar 2026 15:08:44 INFO  epoch 65 training [time: 4.44s, train_loss1: 45.4894, train_loss2: 0.0268, train_loss3: 0.0117, train_loss4: 0.0025]
Sun 15 Mar 2026 15:08:46 INFO  epoch 65 evaluating [time: 1.59s, valid_score: 0.357100]
Sun 15 Mar 2026 15:08:46 INFO  valid result: 
recall@1 : 0.1515    recall@2 : 0.2486    recall@3 : 0.3056    recall@4 : 0.3425    recall@5 : 0.3854    recall@10 : 0.5011    recall@20 : 0.6445    recall@30 : 0.7136    recall@50 : 0.798    ndcg@1 : 0.2318    ndcg@2 : 0.2677    ndcg@3 : 0.2859    ndcg@4 : 0.2981    ndcg@5 : 0.3146    ndcg@10 : 0.3571    ndcg@20 : 0.3998    ndcg@30 : 0.4185    ndcg@50 : 0.4388    precision@1 : 0.2318    precision@2 : 0.2023    precision@3 : 0.1712    precision@4 : 0.1493    precision@5 : 0.1374    precision@10 : 0.096    precision@20 : 0.064    precision@30 : 0.0487    precision@50 : 0.0338    map@1 : 0.2318    map@2 : 0.2385    map@3 : 0.2425    map@4 : 0.247    map@5 : 0.2548    map@10 : 0.2741    map@20 : 0.2891    map@30 : 0.2947    map@50 : 0.2994
Sun 15 Mar 2026 15:08:46 INFO  Running E-step ! 
Sun 15 Mar 2026 15:08:51 INFO  epoch 66 training [time: 5.46s, train_loss1: 44.1342, train_loss2: 0.0267, train_loss3: 0.0117, train_loss4: 0.0024]
Sun 15 Mar 2026 15:08:53 INFO  epoch 66 evaluating [time: 1.60s, valid_score: 0.357300]
Sun 15 Mar 2026 15:08:53 INFO  valid result: 
recall@1 : 0.1519    recall@2 : 0.2474    recall@3 : 0.3041    recall@4 : 0.3405    recall@5 : 0.3846    recall@10 : 0.5024    recall@20 : 0.6453    recall@30 : 0.7127    recall@50 : 0.799    ndcg@1 : 0.2354    ndcg@2 : 0.2672    ndcg@3 : 0.2852    ndcg@4 : 0.2976    ndcg@5 : 0.3141    ndcg@10 : 0.3573    ndcg@20 : 0.4    ndcg@30 : 0.4182    ndcg@50 : 0.4388    precision@1 : 0.2354    precision@2 : 0.2011    precision@3 : 0.1704    precision@4 : 0.1491    precision@5 : 0.1368    precision@10 : 0.0961    precision@20 : 0.0642    precision@30 : 0.0487    precision@50 : 0.0338    map@1 : 0.2354    map@2 : 0.2376    map@3 : 0.2421    map@4 : 0.2468    map@5 : 0.2545    map@10 : 0.274    map@20 : 0.2889    map@30 : 0.2944    map@50 : 0.2992
Sun 15 Mar 2026 15:08:53 INFO  Finished training, best eval result in epoch 45
Sun 15 Mar 2026 15:08:53 INFO  Loading model structure and parameters from saved/SCL-Mar-15-2026_15-01-30.pth
Sun 15 Mar 2026 15:08:55 INFO  best valid : OrderedDict([('recall@1', 0.1511), ('recall@2', 0.2447), ('recall@3', 0.3057), ('recall@4', 0.3483), ('recall@5', 0.3869), ('recall@10', 0.5226), ('recall@20', 0.6506), ('recall@30', 0.7206), ('recall@50', 0.7956), ('ndcg@1', 0.2366), ('ndcg@2', 0.2656), ('ndcg@3', 0.2864), ('ndcg@4', 0.3009), ('ndcg@5', 0.3157), ('ndcg@10', 0.364), ('ndcg@20', 0.4031), ('ndcg@30', 0.4218), ('ndcg@50', 0.4404), ('precision@1', 0.2366), ('precision@2', 0.2002), ('precision@3', 0.1728), ('precision@4', 0.1512), ('precision@5', 0.1383), ('precision@10', 0.098), ('precision@20', 0.0648), ('precision@30', 0.0493), ('precision@50', 0.0339), ('map@1', 0.2366), ('map@2', 0.236), ('map@3', 0.2428), ('map@4', 0.2486), ('map@5', 0.2553), ('map@10', 0.2766), ('map@20', 0.2906), ('map@30', 0.2961), ('map@50', 0.3007)])
Sun 15 Mar 2026 15:08:55 INFO  test result: OrderedDict([('recall@1', 0.172), ('recall@2', 0.2667), ('recall@3', 0.3219), ('recall@4', 0.3706), ('recall@5', 0.404), ('recall@10', 0.5373), ('recall@20', 0.6729), ('recall@30', 0.7398), ('recall@50', 0.8229), ('ndcg@1', 0.3016), ('ndcg@2', 0.3135), ('ndcg@3', 0.3233), ('ndcg@4', 0.3371), ('ndcg@5', 0.3477), ('ndcg@10', 0.3914), ('ndcg@20', 0.4305), ('ndcg@30', 0.4481), ('ndcg@50', 0.4669), ('precision@1', 0.3016), ('precision@2', 0.2386), ('precision@3', 0.1981), ('precision@4', 0.1736), ('precision@5', 0.1552), ('precision@10', 0.1057), ('precision@20', 0.0679), ('precision@30', 0.0505), ('precision@50', 0.0338), ('map@1', 0.3016), ('map@2', 0.2863), ('map@3', 0.282), ('map@4', 0.2855), ('map@5', 0.2891), ('map@10', 0.3062), ('map@20', 0.3199), ('map@30', 0.3253), ('map@50', 0.3293)])
Sun 15 Mar 2026 15:08:55 INFO  training time: 442.3759s
Sun 15 Mar 2026 15:08:55 INFO  result file: results/scl_seed2027.json
