Mon 16 Mar 2026 08:29:31 INFO  
General Hyper Parameters:
gpu_id = 0
use_gpu = True
seed = 2021
state = INFO
reproducibility = True
data_path = ./travel
checkpoint_dir = saved
show_progress = True
save_dataset = False
dataset_save_path = None
save_dataloaders = False
dataloaders_save_path = None
log_wandb = False

Training Hyper Parameters:
epochs = 1000
train_batch_size = 4096
learner = adam
learning_rate = 0.001
train_neg_sample_args = {'distribution': 'uniform', 'sample_num': 1, 'alpha': 1.0, 'dynamic': False, 'candidate_num': 0}
eval_step = 1
stopping_step = 10
clip_grad_norm = None
weight_decay = 0.0
loss_decimal_place = 4

Evaluation Hyper Parameters:
eval_args = {'split': {'RS': [0.8, 0.1, 0.1]}, 'order': 'RO', 'group_by': 'user', 'mode': {'valid': 'full', 'test': 'full'}}
repeatable = False
metrics = ['Recall', 'NDCG', 'Precision', 'MAP']
topk = [1, 2, 3, 4, 5, 10, 20, 30, 50]
valid_metric = NDCG@10
valid_metric_bigger = True
eval_batch_size = 4096
metric_decimal_place = 4

Dataset Hyper Parameters:
field_separator = 	
seq_separator =  
USER_ID_FIELD = user_id
ITEM_ID_FIELD = item_id
RATING_FIELD = rating
TIME_FIELD = timestamp
seq_len = None
LABEL_FIELD = label
threshold = None
NEG_PREFIX = neg_
load_col = {'inter': ['user_id', 'item_id', 'rating'], 'user': ['user_id', 'post_num', 'follower', 'following', 'timestamp']}
unload_col = None
unused_col = None
additional_feat_suffix = None
rm_dup_inter = None
val_interval = {'rating': '[0,inf)'}
filter_inter_by_user_or_item = True
user_inter_num_interval = [0,inf)
item_inter_num_interval = [0,inf)
alias_of_user_id = None
alias_of_item_id = None
alias_of_entity_id = None
alias_of_relation_id = None
preload_weight = None
normalize_field = None
normalize_all = None
ITEM_LIST_LENGTH_FIELD = item_length
LIST_SUFFIX = _list
MAX_ITEM_LIST_LENGTH = 50
POSITION_FIELD = position_id
HEAD_ENTITY_ID_FIELD = head_id
TAIL_ENTITY_ID_FIELD = tail_id
RELATION_ID_FIELD = relation_id
ENTITY_ID_FIELD = entity_id
benchmark_filename = None

Other Hyper Parameters: 
worker = 0
wandb_project = recbole
shuffle = True
require_pow = False
enable_amp = False
enable_scaler = False
transform = None
numerical_features = []
discretization = None
kg_reverse_r = False
entity_kg_num_interval = [0,inf)
relation_kg_num_interval = [0,inf)
MODEL_TYPE = ModelType.GENERAL
stoping_step = 10
embedding_size = 64
n_layers = 3
reg_weight = 0.0001
smt_latent_dim = 64
ssl_temp = 0.1
ssl_reg = 0.0
hyper_layers = 1
alpha = 1
potential_reg = 8e-08
semantic_reg = 8e-08
num_clusters = 10
m_step = 1
warm_up_step = 20
user_feature_path = features/roberta_user.npy
item_feature_path = features/roberta_item.npy
MODEL_INPUT_TYPE = InputType.PAIRWISE
eval_type = EvaluatorType.RANKING
single_spec = True
local_rank = 0
device = cuda
valid_neg_sample_args = {'distribution': 'uniform', 'sample_num': 'none'}
test_neg_sample_args = {'distribution': 'uniform', 'sample_num': 'none'}


Mon 16 Mar 2026 08:29:31 INFO  travel
The number of users: 2010
Average actions of users: 18.721254355400696
The number of items: 247
Average actions of items: 152.890243902439
The number of inters: 37611
The sparsity of the dataset: 92.42431566862047%
Remain Fields: ['user_id', 'item_id', 'rating', 'post_num', 'follower', 'following', 'timestamp']
Mon 16 Mar 2026 08:29:32 INFO  [Training]: train_batch_size = [4096] train_neg_sample_args: [{'distribution': 'uniform', 'sample_num': 1, 'alpha': 1.0, 'dynamic': False, 'candidate_num': 0}]
Mon 16 Mar 2026 08:29:32 INFO  [Evaluation]: eval_batch_size = [4096] eval_args: [{'split': {'RS': [0.8, 0.1, 0.1]}, 'order': 'RO', 'group_by': 'user', 'mode': {'valid': 'full', 'test': 'full'}}]
Mon 16 Mar 2026 08:29:32 INFO  SCL(
  (u_MLP): Linear(in_features=1024, out_features=64, bias=True)
  (i_MLP): Linear(in_features=1024, out_features=64, bias=True)
  (user_embedding): Embedding(2010, 64)
  (item_embedding): Embedding(247, 64)
  (mf_loss): BPRLoss()
  (reg_loss): EmbLoss()
)
Trainable parameters: 144448
Mon 16 Mar 2026 08:29:32 INFO  trainable parameters: 144448
Mon 16 Mar 2026 08:29:33 INFO  Running E-step ! 
Mon 16 Mar 2026 08:29:34 INFO  epoch 0 training [time: 0.49s, train_loss1: 5.5402, train_loss2: 0.0000, train_loss3: 0.0113]
Mon 16 Mar 2026 08:29:34 INFO  epoch 0 evaluating [time: 0.19s, valid_score: 0.189700]
Mon 16 Mar 2026 08:29:34 INFO  valid result: 
recall@1 : 0.0753    recall@2 : 0.1159    recall@3 : 0.1526    recall@4 : 0.176    recall@5 : 0.2013    recall@10 : 0.2722    recall@20 : 0.3772    recall@30 : 0.4554    recall@50 : 0.5745    ndcg@1 : 0.1335    ndcg@2 : 0.1386    ndcg@3 : 0.1498    ndcg@4 : 0.1571    ndcg@5 : 0.1658    ndcg@10 : 0.1897    ndcg@20 : 0.2201    ndcg@30 : 0.24    ndcg@50 : 0.2678    precision@1 : 0.1335    precision@2 : 0.1073    precision@3 : 0.0944    precision@4 : 0.0842    precision@5 : 0.0772    precision@10 : 0.0552    precision@20 : 0.039    precision@30 : 0.0317    precision@50 : 0.0248    map@1 : 0.1335    map@2 : 0.122    map@3 : 0.1229    map@4 : 0.1242    map@5 : 0.1275    map@10 : 0.1357    map@20 : 0.1444    map@30 : 0.1492    map@50 : 0.1545
Mon 16 Mar 2026 08:29:34 INFO  Saving current: saved/SCL-Mar-16-2026_08-29-32.pth
Mon 16 Mar 2026 08:29:34 INFO  Saving current best: saved/SCL-Mar-16-2026_08-29-32.pth
Mon 16 Mar 2026 08:29:34 INFO  Running E-step ! 
Mon 16 Mar 2026 08:29:34 INFO  epoch 1 training [time: 0.18s, train_loss1: 5.5249, train_loss2: 0.0000, train_loss3: 0.0111]
Mon 16 Mar 2026 08:29:34 INFO  epoch 1 evaluating [time: 0.15s, valid_score: 0.297900]
Mon 16 Mar 2026 08:29:34 INFO  valid result: 
recall@1 : 0.1225    recall@2 : 0.2015    recall@3 : 0.2539    recall@4 : 0.2882    recall@5 : 0.3111    recall@10 : 0.4338    recall@20 : 0.5681    recall@30 : 0.6504    recall@50 : 0.7347    ndcg@1 : 0.1967    ndcg@2 : 0.2182    ndcg@3 : 0.2349    ndcg@4 : 0.2467    ndcg@5 : 0.255    ndcg@10 : 0.2979    ndcg@20 : 0.3369    ndcg@30 : 0.3585    ndcg@50 : 0.3794    precision@1 : 0.1967    precision@2 : 0.1621    precision@3 : 0.1377    precision@4 : 0.1213    precision@5 : 0.1085    precision@10 : 0.0797    precision@20 : 0.0539    precision@30 : 0.0424    precision@50 : 0.0304    map@1 : 0.1967    map@2 : 0.1929    map@3 : 0.1965    map@4 : 0.2004    map@5 : 0.2035    map@10 : 0.2211    map@20 : 0.2331    map@30 : 0.2389    map@50 : 0.2436
Mon 16 Mar 2026 08:29:34 INFO  Saving current: saved/SCL-Mar-16-2026_08-29-32.pth
Mon 16 Mar 2026 08:29:34 INFO  Saving current best: saved/SCL-Mar-16-2026_08-29-32.pth
Mon 16 Mar 2026 08:29:34 INFO  Running E-step ! 
Mon 16 Mar 2026 08:29:35 INFO  epoch 2 training [time: 0.18s, train_loss1: 5.4870, train_loss2: 0.0000, train_loss3: 0.0110]
Mon 16 Mar 2026 08:29:35 INFO  epoch 2 evaluating [time: 0.15s, valid_score: 0.309400]
Mon 16 Mar 2026 08:29:35 INFO  valid result: 
recall@1 : 0.1206    recall@2 : 0.2126    recall@3 : 0.2676    recall@4 : 0.307    recall@5 : 0.3379    recall@10 : 0.4542    recall@20 : 0.5971    recall@30 : 0.6681    recall@50 : 0.7648    ndcg@1 : 0.1949    ndcg@2 : 0.2252    ndcg@3 : 0.2432    ndcg@4 : 0.2571    ndcg@5 : 0.2686    ndcg@10 : 0.3094    ndcg@20 : 0.3506    ndcg@30 : 0.3698    ndcg@50 : 0.3932    precision@1 : 0.1949    precision@2 : 0.169    precision@3 : 0.1436    precision@4 : 0.1271    precision@5 : 0.1151    precision@10 : 0.0822    precision@20 : 0.0559    precision@30 : 0.0435    precision@50 : 0.0313    map@1 : 0.1949    map@2 : 0.1979    map@3 : 0.2023    map@4 : 0.2074    map@5 : 0.2119    map@10 : 0.2289    map@20 : 0.2415    map@30 : 0.2469    map@50 : 0.2521
Mon 16 Mar 2026 08:29:35 INFO  Saving current: saved/SCL-Mar-16-2026_08-29-32.pth
Mon 16 Mar 2026 08:29:35 INFO  Saving current best: saved/SCL-Mar-16-2026_08-29-32.pth
Mon 16 Mar 2026 08:29:35 INFO  Running E-step ! 
Mon 16 Mar 2026 08:29:35 INFO  epoch 3 training [time: 0.18s, train_loss1: 5.4173, train_loss2: 0.0000, train_loss3: 0.0110]
Mon 16 Mar 2026 08:29:35 INFO  epoch 3 evaluating [time: 0.15s, valid_score: 0.311800]
Mon 16 Mar 2026 08:29:35 INFO  valid result: 
recall@1 : 0.1205    recall@2 : 0.2109    recall@3 : 0.2695    recall@4 : 0.3093    recall@5 : 0.3401    recall@10 : 0.4607    recall@20 : 0.5926    recall@30 : 0.6726    recall@50 : 0.7748    ndcg@1 : 0.1955    ndcg@2 : 0.2239    ndcg@3 : 0.2442    ndcg@4 : 0.2579    ndcg@5 : 0.2695    ndcg@10 : 0.3118    ndcg@20 : 0.3501    ndcg@30 : 0.3713    ndcg@50 : 0.3961    precision@1 : 0.1955    precision@2 : 0.1675    precision@3 : 0.1448    precision@4 : 0.1274    precision@5 : 0.1159    precision@10 : 0.0828    precision@20 : 0.0554    precision@30 : 0.0436    precision@50 : 0.0317    map@1 : 0.1955    map@2 : 0.197    map@3 : 0.2026    map@4 : 0.2076    map@5 : 0.2122    map@10 : 0.2299    map@20 : 0.2418    map@30 : 0.2475    map@50 : 0.253
Mon 16 Mar 2026 08:29:35 INFO  Saving current: saved/SCL-Mar-16-2026_08-29-32.pth
Mon 16 Mar 2026 08:29:35 INFO  Saving current best: saved/SCL-Mar-16-2026_08-29-32.pth
Mon 16 Mar 2026 08:29:35 INFO  Running E-step ! 
Mon 16 Mar 2026 08:29:35 INFO  epoch 4 training [time: 0.16s, train_loss1: 5.3048, train_loss2: 0.0000, train_loss3: 0.0110]
Mon 16 Mar 2026 08:29:35 INFO  epoch 4 evaluating [time: 0.15s, valid_score: 0.312800]
Mon 16 Mar 2026 08:29:35 INFO  valid result: 
recall@1 : 0.1209    recall@2 : 0.2129    recall@3 : 0.2708    recall@4 : 0.3123    recall@5 : 0.3418    recall@10 : 0.4616    recall@20 : 0.5899    recall@30 : 0.6752    recall@50 : 0.7751    ndcg@1 : 0.1955    ndcg@2 : 0.2257    ndcg@3 : 0.2456    ndcg@4 : 0.2601    ndcg@5 : 0.2707    ndcg@10 : 0.3128    ndcg@20 : 0.3502    ndcg@30 : 0.3727    ndcg@50 : 0.3972    precision@1 : 0.1955    precision@2 : 0.1692    precision@3 : 0.1458    precision@4 : 0.1289    precision@5 : 0.1157    precision@10 : 0.0828    precision@20 : 0.0552    precision@30 : 0.0437    precision@50 : 0.0317    map@1 : 0.1955    map@2 : 0.1986    map@3 : 0.204    map@4 : 0.2093    map@5 : 0.2134    map@10 : 0.231    map@20 : 0.2427    map@30 : 0.2486    map@50 : 0.2542
Mon 16 Mar 2026 08:29:35 INFO  Saving current: saved/SCL-Mar-16-2026_08-29-32.pth
Mon 16 Mar 2026 08:29:35 INFO  Saving current best: saved/SCL-Mar-16-2026_08-29-32.pth
Mon 16 Mar 2026 08:29:35 INFO  Running E-step ! 
Mon 16 Mar 2026 08:29:36 INFO  epoch 5 training [time: 0.17s, train_loss1: 5.1523, train_loss2: 0.0000, train_loss3: 0.0110]
Mon 16 Mar 2026 08:29:36 INFO  epoch 5 evaluating [time: 0.15s, valid_score: 0.312400]
Mon 16 Mar 2026 08:29:36 INFO  valid result: 
recall@1 : 0.1197    recall@2 : 0.2114    recall@3 : 0.275    recall@4 : 0.3156    recall@5 : 0.3445    recall@10 : 0.461    recall@20 : 0.59    recall@30 : 0.6735    recall@50 : 0.775    ndcg@1 : 0.1937    ndcg@2 : 0.2237    ndcg@3 : 0.2471    ndcg@4 : 0.2612    ndcg@5 : 0.2715    ndcg@10 : 0.3124    ndcg@20 : 0.35    ndcg@30 : 0.3721    ndcg@50 : 0.397    precision@1 : 0.1937    precision@2 : 0.1675    precision@3 : 0.1478    precision@4 : 0.1302    precision@5 : 0.1164    precision@10 : 0.0827    precision@20 : 0.0552    precision@30 : 0.0436    precision@50 : 0.0317    map@1 : 0.1937    map@2 : 0.197    map@3 : 0.2046    map@4 : 0.2097    map@5 : 0.2135    map@10 : 0.2306    map@20 : 0.2424    map@30 : 0.2482    map@50 : 0.2539
Mon 16 Mar 2026 08:29:36 INFO  Running E-step ! 
Mon 16 Mar 2026 08:29:36 INFO  epoch 6 training [time: 0.17s, train_loss1: 4.9622, train_loss2: 0.0000, train_loss3: 0.0110]
Mon 16 Mar 2026 08:29:36 INFO  epoch 6 evaluating [time: 0.15s, valid_score: 0.313000]
Mon 16 Mar 2026 08:29:36 INFO  valid result: 
recall@1 : 0.1203    recall@2 : 0.2104    recall@3 : 0.2775    recall@4 : 0.3172    recall@5 : 0.3437    recall@10 : 0.4618    recall@20 : 0.5901    recall@30 : 0.6763    recall@50 : 0.7759    ndcg@1 : 0.1943    ndcg@2 : 0.2231    ndcg@3 : 0.2484    ndcg@4 : 0.2623    ndcg@5 : 0.2715    ndcg@10 : 0.313    ndcg@20 : 0.3504    ndcg@30 : 0.3731    ndcg@50 : 0.3975    precision@1 : 0.1943    precision@2 : 0.1666    precision@3 : 0.1486    precision@4 : 0.1311    precision@5 : 0.1162    precision@10 : 0.0827    precision@20 : 0.0552    precision@30 : 0.0437    precision@50 : 0.0317    map@1 : 0.1943    map@2 : 0.1965    map@3 : 0.2055    map@4 : 0.2104    map@5 : 0.2137    map@10 : 0.2311    map@20 : 0.2428    map@30 : 0.2487    map@50 : 0.2543
Mon 16 Mar 2026 08:29:36 INFO  Saving current: saved/SCL-Mar-16-2026_08-29-32.pth
Mon 16 Mar 2026 08:29:36 INFO  Saving current best: saved/SCL-Mar-16-2026_08-29-32.pth
Mon 16 Mar 2026 08:29:36 INFO  Running E-step ! 
Mon 16 Mar 2026 08:29:36 INFO  epoch 7 training [time: 0.18s, train_loss1: 4.7393, train_loss2: 0.0000, train_loss3: 0.0110]
Mon 16 Mar 2026 08:29:36 INFO  epoch 7 evaluating [time: 0.15s, valid_score: 0.313000]
Mon 16 Mar 2026 08:29:36 INFO  valid result: 
recall@1 : 0.1203    recall@2 : 0.211    recall@3 : 0.2779    recall@4 : 0.3164    recall@5 : 0.3448    recall@10 : 0.4616    recall@20 : 0.5908    recall@30 : 0.6761    recall@50 : 0.7763    ndcg@1 : 0.1943    ndcg@2 : 0.2234    ndcg@3 : 0.2486    ndcg@4 : 0.262    ndcg@5 : 0.2722    ndcg@10 : 0.313    ndcg@20 : 0.3506    ndcg@30 : 0.3731    ndcg@50 : 0.3977    precision@1 : 0.1943    precision@2 : 0.1669    precision@3 : 0.1486    precision@4 : 0.1307    precision@5 : 0.117    precision@10 : 0.0825    precision@20 : 0.0553    precision@30 : 0.0437    precision@50 : 0.0317    map@1 : 0.1943    map@2 : 0.1968    map@3 : 0.2057    map@4 : 0.2103    map@5 : 0.2142    map@10 : 0.2312    map@20 : 0.243    map@30 : 0.2489    map@50 : 0.2545
Mon 16 Mar 2026 08:29:36 INFO  Saving current: saved/SCL-Mar-16-2026_08-29-32.pth
Mon 16 Mar 2026 08:29:36 INFO  Saving current best: saved/SCL-Mar-16-2026_08-29-32.pth
Mon 16 Mar 2026 08:29:36 INFO  Running E-step ! 
Mon 16 Mar 2026 08:29:37 INFO  epoch 8 training [time: 0.18s, train_loss1: 4.5171, train_loss2: 0.0000, train_loss3: 0.0110]
Mon 16 Mar 2026 08:29:37 INFO  epoch 8 evaluating [time: 0.15s, valid_score: 0.313000]
Mon 16 Mar 2026 08:29:37 INFO  valid result: 
recall@1 : 0.1203    recall@2 : 0.2114    recall@3 : 0.2779    recall@4 : 0.3168    recall@5 : 0.3453    recall@10 : 0.4614    recall@20 : 0.5915    recall@30 : 0.6767    recall@50 : 0.7793    ndcg@1 : 0.1943    ndcg@2 : 0.2239    ndcg@3 : 0.2487    ndcg@4 : 0.2622    ndcg@5 : 0.2725    ndcg@10 : 0.313    ndcg@20 : 0.3509    ndcg@30 : 0.3734    ndcg@50 : 0.3984    precision@1 : 0.1943    precision@2 : 0.1675    precision@3 : 0.1486    precision@4 : 0.1307    precision@5 : 0.117    precision@10 : 0.0825    precision@20 : 0.0554    precision@30 : 0.0438    precision@50 : 0.0318    map@1 : 0.1943    map@2 : 0.1971    map@3 : 0.2057    map@4 : 0.2105    map@5 : 0.2144    map@10 : 0.2313    map@20 : 0.2431    map@30 : 0.249    map@50 : 0.2546
Mon 16 Mar 2026 08:29:37 INFO  Saving current: saved/SCL-Mar-16-2026_08-29-32.pth
Mon 16 Mar 2026 08:29:37 INFO  Saving current best: saved/SCL-Mar-16-2026_08-29-32.pth
Mon 16 Mar 2026 08:29:37 INFO  Running E-step ! 
Mon 16 Mar 2026 08:29:37 INFO  epoch 9 training [time: 0.17s, train_loss1: 4.2901, train_loss2: 0.0000, train_loss3: 0.0110]
Mon 16 Mar 2026 08:29:37 INFO  epoch 9 evaluating [time: 0.15s, valid_score: 0.313200]
Mon 16 Mar 2026 08:29:37 INFO  valid result: 
recall@1 : 0.1203    recall@2 : 0.212    recall@3 : 0.2774    recall@4 : 0.3169    recall@5 : 0.3457    recall@10 : 0.4619    recall@20 : 0.5914    recall@30 : 0.6773    recall@50 : 0.7782    ndcg@1 : 0.1943    ndcg@2 : 0.2243    ndcg@3 : 0.2485    ndcg@4 : 0.2623    ndcg@5 : 0.2727    ndcg@10 : 0.3132    ndcg@20 : 0.3509    ndcg@30 : 0.3736    ndcg@50 : 0.3982    precision@1 : 0.1943    precision@2 : 0.1678    precision@3 : 0.1484    precision@4 : 0.1308    precision@5 : 0.1173    precision@10 : 0.0827    precision@20 : 0.0553    precision@30 : 0.0438    precision@50 : 0.0318    map@1 : 0.1943    map@2 : 0.1974    map@3 : 0.2056    map@4 : 0.2106    map@5 : 0.2146    map@10 : 0.2314    map@20 : 0.2431    map@30 : 0.2491    map@50 : 0.2547
Mon 16 Mar 2026 08:29:37 INFO  Saving current: saved/SCL-Mar-16-2026_08-29-32.pth
Mon 16 Mar 2026 08:29:37 INFO  Saving current best: saved/SCL-Mar-16-2026_08-29-32.pth
Mon 16 Mar 2026 08:29:37 INFO  Running E-step ! 
Mon 16 Mar 2026 08:29:37 INFO  epoch 10 training [time: 0.16s, train_loss1: 4.0860, train_loss2: 0.0000, train_loss3: 0.0110]
Mon 16 Mar 2026 08:29:37 INFO  epoch 10 evaluating [time: 0.14s, valid_score: 0.313400]
Mon 16 Mar 2026 08:29:37 INFO  valid result: 
recall@1 : 0.1202    recall@2 : 0.212    recall@3 : 0.2776    recall@4 : 0.3176    recall@5 : 0.3471    recall@10 : 0.4622    recall@20 : 0.5917    recall@30 : 0.6772    recall@50 : 0.7781    ndcg@1 : 0.1937    ndcg@2 : 0.2239    ndcg@3 : 0.2486    ndcg@4 : 0.2628    ndcg@5 : 0.2733    ndcg@10 : 0.3134    ndcg@20 : 0.3511    ndcg@30 : 0.3737    ndcg@50 : 0.3983    precision@1 : 0.1937    precision@2 : 0.1675    precision@3 : 0.1486    precision@4 : 0.1316    precision@5 : 0.1178    precision@10 : 0.0827    precision@20 : 0.0554    precision@30 : 0.0438    precision@50 : 0.0318    map@1 : 0.1937    map@2 : 0.197    map@3 : 0.2057    map@4 : 0.2109    map@5 : 0.2149    map@10 : 0.2316    map@20 : 0.2433    map@30 : 0.2492    map@50 : 0.2548
Mon 16 Mar 2026 08:29:37 INFO  Saving current: saved/SCL-Mar-16-2026_08-29-32.pth
Mon 16 Mar 2026 08:29:37 INFO  Saving current best: saved/SCL-Mar-16-2026_08-29-32.pth
Mon 16 Mar 2026 08:29:37 INFO  Running E-step ! 
Mon 16 Mar 2026 08:29:38 INFO  epoch 11 training [time: 0.17s, train_loss1: 3.8837, train_loss2: 0.0000, train_loss3: 0.0110]
Mon 16 Mar 2026 08:29:38 INFO  epoch 11 evaluating [time: 0.14s, valid_score: 0.313100]
Mon 16 Mar 2026 08:29:38 INFO  valid result: 
recall@1 : 0.1202    recall@2 : 0.2114    recall@3 : 0.2767    recall@4 : 0.3176    recall@5 : 0.3465    recall@10 : 0.4622    recall@20 : 0.5917    recall@30 : 0.6773    recall@50 : 0.7775    ndcg@1 : 0.1937    ndcg@2 : 0.2235    ndcg@3 : 0.248    ndcg@4 : 0.2626    ndcg@5 : 0.273    ndcg@10 : 0.3131    ndcg@20 : 0.3508    ndcg@30 : 0.3735    ndcg@50 : 0.3979    precision@1 : 0.1937    precision@2 : 0.1672    precision@3 : 0.1482    precision@4 : 0.1316    precision@5 : 0.1176    precision@10 : 0.0827    precision@20 : 0.0554    precision@30 : 0.0439    precision@50 : 0.0318    map@1 : 0.1937    map@2 : 0.1967    map@3 : 0.2053    map@4 : 0.2107    map@5 : 0.2146    map@10 : 0.2313    map@20 : 0.243    map@30 : 0.249    map@50 : 0.2545
Mon 16 Mar 2026 08:29:38 INFO  Running E-step ! 
Mon 16 Mar 2026 08:29:38 INFO  epoch 12 training [time: 0.16s, train_loss1: 3.7726, train_loss2: 0.0000, train_loss3: 0.0110]
Mon 16 Mar 2026 08:29:38 INFO  epoch 12 evaluating [time: 0.15s, valid_score: 0.312900]
Mon 16 Mar 2026 08:29:38 INFO  valid result: 
recall@1 : 0.1202    recall@2 : 0.2114    recall@3 : 0.2767    recall@4 : 0.3176    recall@5 : 0.3465    recall@10 : 0.4614    recall@20 : 0.5913    recall@30 : 0.6779    recall@50 : 0.7779    ndcg@1 : 0.1937    ndcg@2 : 0.2235    ndcg@3 : 0.248    ndcg@4 : 0.2626    ndcg@5 : 0.273    ndcg@10 : 0.3129    ndcg@20 : 0.3507    ndcg@30 : 0.3737    ndcg@50 : 0.3981    precision@1 : 0.1937    precision@2 : 0.1672    precision@3 : 0.1482    precision@4 : 0.1316    precision@5 : 0.1176    precision@10 : 0.0825    precision@20 : 0.0554    precision@30 : 0.0439    precision@50 : 0.0319    map@1 : 0.1937    map@2 : 0.1967    map@3 : 0.2053    map@4 : 0.2107    map@5 : 0.2146    map@10 : 0.2312    map@20 : 0.243    map@30 : 0.2491    map@50 : 0.2546
Mon 16 Mar 2026 08:29:38 INFO  Running E-step ! 
Mon 16 Mar 2026 08:29:38 INFO  epoch 13 training [time: 0.17s, train_loss1: 3.6373, train_loss2: 0.0000, train_loss3: 0.0110]
Mon 16 Mar 2026 08:29:38 INFO  epoch 13 evaluating [time: 0.15s, valid_score: 0.312800]
Mon 16 Mar 2026 08:29:38 INFO  valid result: 
recall@1 : 0.1202    recall@2 : 0.2112    recall@3 : 0.2767    recall@4 : 0.3176    recall@5 : 0.3465    recall@10 : 0.4613    recall@20 : 0.5908    recall@30 : 0.678    recall@50 : 0.7785    ndcg@1 : 0.1937    ndcg@2 : 0.2233    ndcg@3 : 0.248    ndcg@4 : 0.2626    ndcg@5 : 0.2729    ndcg@10 : 0.3128    ndcg@20 : 0.3506    ndcg@30 : 0.3737    ndcg@50 : 0.3982    precision@1 : 0.1937    precision@2 : 0.1669    precision@3 : 0.1482    precision@4 : 0.1316    precision@5 : 0.1176    precision@10 : 0.0825    precision@20 : 0.0554    precision@30 : 0.044    precision@50 : 0.0319    map@1 : 0.1937    map@2 : 0.1965    map@3 : 0.2052    map@4 : 0.2107    map@5 : 0.2145    map@10 : 0.2312    map@20 : 0.2429    map@30 : 0.2491    map@50 : 0.2546
Mon 16 Mar 2026 08:29:38 INFO  Running E-step ! 
Mon 16 Mar 2026 08:29:39 INFO  epoch 14 training [time: 0.18s, train_loss1: 3.5665, train_loss2: 0.0000, train_loss3: 0.0110]
Mon 16 Mar 2026 08:29:39 INFO  epoch 14 evaluating [time: 0.15s, valid_score: 0.312500]
Mon 16 Mar 2026 08:29:39 INFO  valid result: 
recall@1 : 0.1202    recall@2 : 0.2112    recall@3 : 0.2769    recall@4 : 0.3176    recall@5 : 0.3462    recall@10 : 0.4601    recall@20 : 0.591    recall@30 : 0.6785    recall@50 : 0.7773    ndcg@1 : 0.1937    ndcg@2 : 0.2233    ndcg@3 : 0.2482    ndcg@4 : 0.2626    ndcg@5 : 0.2728    ndcg@10 : 0.3125    ndcg@20 : 0.3506    ndcg@30 : 0.3739    ndcg@50 : 0.398    precision@1 : 0.1937    precision@2 : 0.1669    precision@3 : 0.1486    precision@4 : 0.1316    precision@5 : 0.1174    precision@10 : 0.0823    precision@20 : 0.0554    precision@30 : 0.0441    precision@50 : 0.0319    map@1 : 0.1937    map@2 : 0.1965    map@3 : 0.2054    map@4 : 0.2107    map@5 : 0.2144    map@10 : 0.231    map@20 : 0.2429    map@30 : 0.2491    map@50 : 0.2545
Mon 16 Mar 2026 08:29:39 INFO  Running E-step ! 
Mon 16 Mar 2026 08:29:39 INFO  epoch 15 training [time: 0.17s, train_loss1: 3.4831, train_loss2: 0.0000, train_loss3: 0.0110]
Mon 16 Mar 2026 08:29:39 INFO  epoch 15 evaluating [time: 0.14s, valid_score: 0.312300]
Mon 16 Mar 2026 08:29:39 INFO  valid result: 
recall@1 : 0.1202    recall@2 : 0.2112    recall@3 : 0.2769    recall@4 : 0.3176    recall@5 : 0.3463    recall@10 : 0.4595    recall@20 : 0.5912    recall@30 : 0.6782    recall@50 : 0.7775    ndcg@1 : 0.1937    ndcg@2 : 0.2233    ndcg@3 : 0.2482    ndcg@4 : 0.2626    ndcg@5 : 0.2729    ndcg@10 : 0.3123    ndcg@20 : 0.3507    ndcg@30 : 0.3738    ndcg@50 : 0.398    precision@1 : 0.1937    precision@2 : 0.1669    precision@3 : 0.1486    precision@4 : 0.1316    precision@5 : 0.1175    precision@10 : 0.0822    precision@20 : 0.0554    precision@30 : 0.0441    precision@50 : 0.0319    map@1 : 0.1937    map@2 : 0.1965    map@3 : 0.2054    map@4 : 0.2107    map@5 : 0.2145    map@10 : 0.231    map@20 : 0.243    map@30 : 0.2491    map@50 : 0.2546
Mon 16 Mar 2026 08:29:39 INFO  Running E-step ! 
Mon 16 Mar 2026 08:29:39 INFO  epoch 16 training [time: 0.16s, train_loss1: 3.4144, train_loss2: 0.0000, train_loss3: 0.0110]
Mon 16 Mar 2026 08:29:39 INFO  epoch 16 evaluating [time: 0.15s, valid_score: 0.312200]
Mon 16 Mar 2026 08:29:39 INFO  valid result: 
recall@1 : 0.1202    recall@2 : 0.211    recall@3 : 0.277    recall@4 : 0.3176    recall@5 : 0.3465    recall@10 : 0.4589    recall@20 : 0.5907    recall@30 : 0.6782    recall@50 : 0.7776    ndcg@1 : 0.1937    ndcg@2 : 0.2231    ndcg@3 : 0.2483    ndcg@4 : 0.2626    ndcg@5 : 0.273    ndcg@10 : 0.3122    ndcg@20 : 0.3505    ndcg@30 : 0.3738    ndcg@50 : 0.398    precision@1 : 0.1937    precision@2 : 0.1666    precision@3 : 0.1488    precision@4 : 0.1316    precision@5 : 0.1176    precision@10 : 0.0822    precision@20 : 0.0553    precision@30 : 0.0441    precision@50 : 0.0319    map@1 : 0.1937    map@2 : 0.1964    map@3 : 0.2055    map@4 : 0.2107    map@5 : 0.2145    map@10 : 0.2309    map@20 : 0.2429    map@30 : 0.2491    map@50 : 0.2546
Mon 16 Mar 2026 08:29:39 INFO  Running E-step ! 
Mon 16 Mar 2026 08:29:40 INFO  epoch 17 training [time: 0.18s, train_loss1: 3.3910, train_loss2: 0.0000, train_loss3: 0.0110]
Mon 16 Mar 2026 08:29:40 INFO  epoch 17 evaluating [time: 0.15s, valid_score: 0.312300]
Mon 16 Mar 2026 08:29:40 INFO  valid result: 
recall@1 : 0.1202    recall@2 : 0.211    recall@3 : 0.2771    recall@4 : 0.3176    recall@5 : 0.3465    recall@10 : 0.4593    recall@20 : 0.5915    recall@30 : 0.6791    recall@50 : 0.7766    ndcg@1 : 0.1937    ndcg@2 : 0.2231    ndcg@3 : 0.2485    ndcg@4 : 0.2626    ndcg@5 : 0.273    ndcg@10 : 0.3123    ndcg@20 : 0.3508    ndcg@30 : 0.374    ndcg@50 : 0.3979    precision@1 : 0.1937    precision@2 : 0.1666    precision@3 : 0.149    precision@4 : 0.1316    precision@5 : 0.1176    precision@10 : 0.0824    precision@20 : 0.0554    precision@30 : 0.0441    precision@50 : 0.0319    map@1 : 0.1937    map@2 : 0.1964    map@3 : 0.2057    map@4 : 0.2108    map@5 : 0.2145    map@10 : 0.231    map@20 : 0.243    map@30 : 0.2492    map@50 : 0.2546
Mon 16 Mar 2026 08:29:40 INFO  Running E-step ! 
Mon 16 Mar 2026 08:29:40 INFO  epoch 18 training [time: 0.17s, train_loss1: 3.3593, train_loss2: 0.0000, train_loss3: 0.0110]
Mon 16 Mar 2026 08:29:40 INFO  epoch 18 evaluating [time: 0.15s, valid_score: 0.312500]
Mon 16 Mar 2026 08:29:40 INFO  valid result: 
recall@1 : 0.1202    recall@2 : 0.211    recall@3 : 0.2771    recall@4 : 0.3175    recall@5 : 0.3466    recall@10 : 0.4597    recall@20 : 0.5918    recall@30 : 0.6783    recall@50 : 0.7761    ndcg@1 : 0.1937    ndcg@2 : 0.2231    ndcg@3 : 0.2485    ndcg@4 : 0.2626    ndcg@5 : 0.2731    ndcg@10 : 0.3125    ndcg@20 : 0.351    ndcg@30 : 0.3738    ndcg@50 : 0.3978    precision@1 : 0.1937    precision@2 : 0.1666    precision@3 : 0.149    precision@4 : 0.1316    precision@5 : 0.1178    precision@10 : 0.0825    precision@20 : 0.0555    precision@30 : 0.0441    precision@50 : 0.0319    map@1 : 0.1937    map@2 : 0.1964    map@3 : 0.2057    map@4 : 0.2108    map@5 : 0.2146    map@10 : 0.2311    map@20 : 0.2431    map@30 : 0.2492    map@50 : 0.2546
Mon 16 Mar 2026 08:29:40 INFO  Running E-step ! 
Mon 16 Mar 2026 08:29:40 INFO  epoch 19 training [time: 0.17s, train_loss1: 3.3538, train_loss2: 0.0000, train_loss3: 0.0110]
Mon 16 Mar 2026 08:29:40 INFO  epoch 19 evaluating [time: 0.15s, valid_score: 0.312700]
Mon 16 Mar 2026 08:29:40 INFO  valid result: 
recall@1 : 0.1202    recall@2 : 0.211    recall@3 : 0.2771    recall@4 : 0.3175    recall@5 : 0.3466    recall@10 : 0.4601    recall@20 : 0.5912    recall@30 : 0.6789    recall@50 : 0.7762    ndcg@1 : 0.1937    ndcg@2 : 0.2228    ndcg@3 : 0.2484    ndcg@4 : 0.2626    ndcg@5 : 0.273    ndcg@10 : 0.3127    ndcg@20 : 0.3508    ndcg@30 : 0.374    ndcg@50 : 0.3978    precision@1 : 0.1937    precision@2 : 0.1663    precision@3 : 0.149    precision@4 : 0.1316    precision@5 : 0.1178    precision@10 : 0.0827    precision@20 : 0.0555    precision@30 : 0.0442    precision@50 : 0.0319    map@1 : 0.1937    map@2 : 0.1962    map@3 : 0.2056    map@4 : 0.2108    map@5 : 0.2146    map@10 : 0.2312    map@20 : 0.2431    map@30 : 0.2492    map@50 : 0.2546
Mon 16 Mar 2026 08:29:40 INFO  Running E-step ! 
Mon 16 Mar 2026 08:29:41 INFO  epoch 20 training [time: 0.16s, train_loss1: 3.3150, train_loss2: 0.0000, train_loss3: 0.0110, train_loss4: 0.0095]
Mon 16 Mar 2026 08:29:41 INFO  epoch 20 evaluating [time: 0.15s, valid_score: 0.312700]
Mon 16 Mar 2026 08:29:41 INFO  valid result: 
recall@1 : 0.1202    recall@2 : 0.211    recall@3 : 0.2771    recall@4 : 0.3175    recall@5 : 0.3466    recall@10 : 0.4602    recall@20 : 0.5912    recall@30 : 0.6791    recall@50 : 0.7766    ndcg@1 : 0.1937    ndcg@2 : 0.2228    ndcg@3 : 0.2484    ndcg@4 : 0.2626    ndcg@5 : 0.273    ndcg@10 : 0.3127    ndcg@20 : 0.3508    ndcg@30 : 0.374    ndcg@50 : 0.3978    precision@1 : 0.1937    precision@2 : 0.1663    precision@3 : 0.149    precision@4 : 0.1316    precision@5 : 0.1178    precision@10 : 0.0828    precision@20 : 0.0555    precision@30 : 0.0442    precision@50 : 0.0319    map@1 : 0.1937    map@2 : 0.1962    map@3 : 0.2056    map@4 : 0.2108    map@5 : 0.2146    map@10 : 0.2312    map@20 : 0.243    map@30 : 0.2492    map@50 : 0.2546
Mon 16 Mar 2026 08:29:41 INFO  Running E-step ! 
Mon 16 Mar 2026 08:29:41 INFO  epoch 21 training [time: 0.18s, train_loss1: 3.2874, train_loss2: 0.0000, train_loss3: 0.0110, train_loss4: 0.0095]
Mon 16 Mar 2026 08:29:41 INFO  epoch 21 evaluating [time: 0.15s, valid_score: 0.312600]
Mon 16 Mar 2026 08:29:41 INFO  valid result: 
recall@1 : 0.1202    recall@2 : 0.211    recall@3 : 0.2771    recall@4 : 0.3175    recall@5 : 0.3466    recall@10 : 0.4597    recall@20 : 0.5911    recall@30 : 0.6794    recall@50 : 0.7767    ndcg@1 : 0.1937    ndcg@2 : 0.2228    ndcg@3 : 0.2484    ndcg@4 : 0.2626    ndcg@5 : 0.273    ndcg@10 : 0.3126    ndcg@20 : 0.3508    ndcg@30 : 0.3741    ndcg@50 : 0.3978    precision@1 : 0.1937    precision@2 : 0.1663    precision@3 : 0.149    precision@4 : 0.1316    precision@5 : 0.1178    precision@10 : 0.0828    precision@20 : 0.0554    precision@30 : 0.0442    precision@50 : 0.0319    map@1 : 0.1937    map@2 : 0.1962    map@3 : 0.2056    map@4 : 0.2108    map@5 : 0.2146    map@10 : 0.2311    map@20 : 0.243    map@30 : 0.2492    map@50 : 0.2546
Mon 16 Mar 2026 08:29:41 INFO  Finished training, best eval result in epoch 10
Mon 16 Mar 2026 08:29:41 INFO  Loading model structure and parameters from saved/SCL-Mar-16-2026_08-29-32.pth
Mon 16 Mar 2026 08:29:41 INFO  best valid : OrderedDict([('recall@1', 0.1202), ('recall@2', 0.212), ('recall@3', 0.2776), ('recall@4', 0.3176), ('recall@5', 0.3471), ('recall@10', 0.4622), ('recall@20', 0.5917), ('recall@30', 0.6772), ('recall@50', 0.7781), ('ndcg@1', 0.1937), ('ndcg@2', 0.2239), ('ndcg@3', 0.2486), ('ndcg@4', 0.2628), ('ndcg@5', 0.2733), ('ndcg@10', 0.3134), ('ndcg@20', 0.3511), ('ndcg@30', 0.3737), ('ndcg@50', 0.3983), ('precision@1', 0.1937), ('precision@2', 0.1675), ('precision@3', 0.1486), ('precision@4', 0.1316), ('precision@5', 0.1178), ('precision@10', 0.0827), ('precision@20', 0.0554), ('precision@30', 0.0438), ('precision@50', 0.0318), ('map@1', 0.1937), ('map@2', 0.197), ('map@3', 0.2057), ('map@4', 0.2109), ('map@5', 0.2149), ('map@10', 0.2316), ('map@20', 0.2433), ('map@30', 0.2492), ('map@50', 0.2548)])
Mon 16 Mar 2026 08:29:41 INFO  test result: OrderedDict([('recall@1', 0.1539), ('recall@2', 0.2472), ('recall@3', 0.2926), ('recall@4', 0.3371), ('recall@5', 0.3716), ('recall@10', 0.4771), ('recall@20', 0.6109), ('recall@30', 0.6893), ('recall@50', 0.7769), ('ndcg@1', 0.2477), ('ndcg@2', 0.2714), ('ndcg@3', 0.2817), ('ndcg@4', 0.2963), ('ndcg@5', 0.308), ('ndcg@10', 0.3425), ('ndcg@20', 0.3806), ('ndcg@30', 0.4011), ('ndcg@50', 0.4221), ('precision@1', 0.2477), ('precision@2', 0.1995), ('precision@3', 0.1631), ('precision@4', 0.1441), ('precision@5', 0.1288), ('precision@10', 0.0857), ('precision@20', 0.0568), ('precision@30', 0.0438), ('precision@50', 0.0308), ('map@1', 0.2477), ('map@2', 0.2444), ('map@3', 0.2426), ('map@4', 0.2474), ('map@5', 0.2516), ('map@10', 0.2643), ('map@20', 0.2763), ('map@30', 0.2817), ('map@50', 0.2865)])
Mon 16 Mar 2026 08:29:41 INFO  training time: 7.7685s
Mon 16 Mar 2026 08:29:41 INFO  result file: results/again3/scl_wo_struct_seed2021.json
