Sun 15 Mar 2026 14:22:19 INFO  
General Hyper Parameters:
gpu_id = 0
use_gpu = True
seed = 2028
state = INFO
reproducibility = True
data_path = ./travel
checkpoint_dir = saved
show_progress = True
save_dataset = False
dataset_save_path = None
save_dataloaders = False
dataloaders_save_path = None
log_wandb = False

Training Hyper Parameters:
epochs = 1000
train_batch_size = 100
learner = adam
learning_rate = 0.001
train_neg_sample_args = {'distribution': 'uniform', 'sample_num': 1, 'alpha': 1.0, 'dynamic': False, 'candidate_num': 0}
eval_step = 1
stopping_step = 20
clip_grad_norm = None
weight_decay = 0.0
loss_decimal_place = 4

Evaluation Hyper Parameters:
eval_args = {'split': {'RS': [0.8, 0.1, 0.1]}, 'order': 'RO', 'group_by': 'user', 'mode': {'valid': 'full', 'test': 'full'}}
repeatable = False
metrics = ['Recall', 'NDCG', 'Precision', 'MAP']
topk = [1, 2, 3, 4, 5, 10, 20, 30, 50]
valid_metric = NDCG@10
valid_metric_bigger = True
eval_batch_size = 100
metric_decimal_place = 4

Dataset Hyper Parameters:
field_separator = 	
seq_separator =  
USER_ID_FIELD = user_id
ITEM_ID_FIELD = item_id
RATING_FIELD = rating
TIME_FIELD = timestamp
seq_len = None
LABEL_FIELD = label
threshold = None
NEG_PREFIX = neg_
load_col = {'inter': ['user_id', 'item_id', 'rating'], 'user': ['user_id', 'post_num', 'follower', 'following', 'timestamp']}
unload_col = None
unused_col = None
additional_feat_suffix = None
rm_dup_inter = None
val_interval = {'rating': '[0,inf)'}
filter_inter_by_user_or_item = True
user_inter_num_interval = [0,inf)
item_inter_num_interval = [0,inf)
alias_of_user_id = None
alias_of_item_id = None
alias_of_entity_id = None
alias_of_relation_id = None
preload_weight = None
normalize_field = None
normalize_all = None
ITEM_LIST_LENGTH_FIELD = item_length
LIST_SUFFIX = _list
MAX_ITEM_LIST_LENGTH = 50
POSITION_FIELD = position_id
HEAD_ENTITY_ID_FIELD = head_id
TAIL_ENTITY_ID_FIELD = tail_id
RELATION_ID_FIELD = relation_id
ENTITY_ID_FIELD = entity_id
benchmark_filename = None

Other Hyper Parameters: 
worker = 0
wandb_project = recbole
shuffle = True
require_pow = False
enable_amp = False
enable_scaler = False
transform = None
numerical_features = []
discretization = None
kg_reverse_r = False
entity_kg_num_interval = [0,inf)
relation_kg_num_interval = [0,inf)
MODEL_TYPE = ModelType.GENERAL
embedding_size = 64
n_layers = 3
reg_weight = 0.0001
smt_latent_dim = 64
ssl_temp = 0.1
ssl_reg = 1e-07
hyper_layers = 1
alpha = 1
potential_reg = 8e-08
semantic_reg = 8e-08
num_clusters = 10
m_step = 1
warm_up_step = 20
user_feature_path = features/roberta_user.npy
item_feature_path = features/roberta_item.npy
MODEL_INPUT_TYPE = InputType.PAIRWISE
eval_type = EvaluatorType.RANKING
single_spec = True
local_rank = 0
device = cuda
valid_neg_sample_args = {'distribution': 'uniform', 'sample_num': 'none'}
test_neg_sample_args = {'distribution': 'uniform', 'sample_num': 'none'}


Sun 15 Mar 2026 14:22:19 INFO  travel
The number of users: 2010
Average actions of users: 18.721254355400696
The number of items: 247
Average actions of items: 152.890243902439
The number of inters: 37611
The sparsity of the dataset: 92.42431566862047%
Remain Fields: ['user_id', 'item_id', 'rating', 'post_num', 'follower', 'following', 'timestamp']
Sun 15 Mar 2026 14:22:19 INFO  [Training]: train_batch_size = [100] train_neg_sample_args: [{'distribution': 'uniform', 'sample_num': 1, 'alpha': 1.0, 'dynamic': False, 'candidate_num': 0}]
Sun 15 Mar 2026 14:22:19 INFO  [Evaluation]: eval_batch_size = [100] eval_args: [{'split': {'RS': [0.8, 0.1, 0.1]}, 'order': 'RO', 'group_by': 'user', 'mode': {'valid': 'full', 'test': 'full'}}]
Sun 15 Mar 2026 14:22:21 INFO  SCL(
  (u_MLP): Linear(in_features=1024, out_features=64, bias=True)
  (i_MLP): Linear(in_features=1024, out_features=64, bias=True)
  (user_embedding): Embedding(2010, 64)
  (item_embedding): Embedding(247, 64)
  (mf_loss): BPRLoss()
  (reg_loss): EmbLoss()
)
Trainable parameters: 144448
Sun 15 Mar 2026 14:22:21 INFO  trainable parameters: 144448
Sun 15 Mar 2026 14:22:22 INFO  Running E-step ! 
Sun 15 Mar 2026 14:22:27 INFO  epoch 0 training [time: 5.08s, train_loss1: 157.6330, train_loss2: 0.0389, train_loss3: 0.0111]
Sun 15 Mar 2026 14:22:28 INFO  epoch 0 evaluating [time: 1.63s, valid_score: 0.312100]
Sun 15 Mar 2026 14:22:28 INFO  valid result: 
recall@1 : 0.1164    recall@2 : 0.2055    recall@3 : 0.2684    recall@4 : 0.3057    recall@5 : 0.3458    recall@10 : 0.4632    recall@20 : 0.5995    recall@30 : 0.6688    recall@50 : 0.7721    ndcg@1 : 0.1925    ndcg@2 : 0.2207    ndcg@3 : 0.2426    ndcg@4 : 0.2552    ndcg@5 : 0.2707    ndcg@10 : 0.3121    ndcg@20 : 0.3514    ndcg@30 : 0.3703    ndcg@50 : 0.3949    precision@1 : 0.1925    precision@2 : 0.1666    precision@3 : 0.1458    precision@4 : 0.1293    precision@5 : 0.1198    precision@10 : 0.0852    precision@20 : 0.0566    precision@30 : 0.0439    precision@50 : 0.0315    map@1 : 0.1925    map@2 : 0.1944    map@3 : 0.2012    map@4 : 0.2049    map@5 : 0.2121    map@10 : 0.2292    map@20 : 0.2417    map@30 : 0.2471    map@50 : 0.2524
Sun 15 Mar 2026 14:22:28 INFO  Saving current: saved/SCL-Mar-15-2026_14-22-21.pth
Sun 15 Mar 2026 14:22:28 INFO  Saving current best: saved/SCL-Mar-15-2026_14-22-21.pth
Sun 15 Mar 2026 14:22:28 INFO  Running E-step ! 
Sun 15 Mar 2026 14:22:33 INFO  epoch 1 training [time: 4.58s, train_loss1: 124.5972, train_loss2: 0.0409, train_loss3: 0.0109]
Sun 15 Mar 2026 14:22:35 INFO  epoch 1 evaluating [time: 1.57s, valid_score: 0.313900]
Sun 15 Mar 2026 14:22:35 INFO  valid result: 
recall@1 : 0.119    recall@2 : 0.2047    recall@3 : 0.268    recall@4 : 0.3057    recall@5 : 0.3447    recall@10 : 0.4653    recall@20 : 0.6013    recall@30 : 0.664    recall@50 : 0.7671    ndcg@1 : 0.1967    ndcg@2 : 0.2213    ndcg@3 : 0.2436    ndcg@4 : 0.2565    ndcg@5 : 0.2714    ndcg@10 : 0.3139    ndcg@20 : 0.3528    ndcg@30 : 0.3702    ndcg@50 : 0.3948    precision@1 : 0.1967    precision@2 : 0.166    precision@3 : 0.1462    precision@4 : 0.1302    precision@5 : 0.1199    precision@10 : 0.0858    precision@20 : 0.0569    precision@30 : 0.0437    precision@50 : 0.0314    map@1 : 0.1967    map@2 : 0.1955    map@3 : 0.2025    map@4 : 0.2064    map@5 : 0.2128    map@10 : 0.2307    map@20 : 0.2431    map@30 : 0.2481    map@50 : 0.2535
Sun 15 Mar 2026 14:22:35 INFO  Saving current: saved/SCL-Mar-15-2026_14-22-21.pth
Sun 15 Mar 2026 14:22:35 INFO  Saving current best: saved/SCL-Mar-15-2026_14-22-21.pth
Sun 15 Mar 2026 14:22:35 INFO  Running E-step ! 
Sun 15 Mar 2026 14:22:39 INFO  epoch 2 training [time: 4.66s, train_loss1: 122.2641, train_loss2: 0.0420, train_loss3: 0.0109]
Sun 15 Mar 2026 14:22:41 INFO  epoch 2 evaluating [time: 1.57s, valid_score: 0.311200]
Sun 15 Mar 2026 14:22:41 INFO  valid result: 
recall@1 : 0.1139    recall@2 : 0.2043    recall@3 : 0.2671    recall@4 : 0.3048    recall@5 : 0.3458    recall@10 : 0.4624    recall@20 : 0.6016    recall@30 : 0.6635    recall@50 : 0.7607    ndcg@1 : 0.1901    ndcg@2 : 0.2196    ndcg@3 : 0.2408    ndcg@4 : 0.2539    ndcg@5 : 0.2696    ndcg@10 : 0.3112    ndcg@20 : 0.351    ndcg@30 : 0.3681    ndcg@50 : 0.3915    precision@1 : 0.1901    precision@2 : 0.1669    precision@3 : 0.1452    precision@4 : 0.1296    precision@5 : 0.12    precision@10 : 0.0859    precision@20 : 0.0571    precision@30 : 0.0439    precision@50 : 0.0313    map@1 : 0.1901    map@2 : 0.1928    map@3 : 0.1991    map@4 : 0.2033    map@5 : 0.2102    map@10 : 0.2278    map@20 : 0.2404    map@30 : 0.2454    map@50 : 0.2505
Sun 15 Mar 2026 14:22:41 INFO  Running E-step ! 
Sun 15 Mar 2026 14:22:45 INFO  epoch 3 training [time: 4.69s, train_loss1: 121.4944, train_loss2: 0.0432, train_loss3: 0.0110]
Sun 15 Mar 2026 14:22:47 INFO  epoch 3 evaluating [time: 1.57s, valid_score: 0.313800]
Sun 15 Mar 2026 14:22:47 INFO  valid result: 
recall@1 : 0.1194    recall@2 : 0.204    recall@3 : 0.2668    recall@4 : 0.304    recall@5 : 0.344    recall@10 : 0.4648    recall@20 : 0.6015    recall@30 : 0.6646    recall@50 : 0.758    ndcg@1 : 0.1979    ndcg@2 : 0.222    ndcg@3 : 0.2431    ndcg@4 : 0.2558    ndcg@5 : 0.271    ndcg@10 : 0.3138    ndcg@20 : 0.3531    ndcg@30 : 0.3706    ndcg@50 : 0.3931    precision@1 : 0.1979    precision@2 : 0.1672    precision@3 : 0.1454    precision@4 : 0.1293    precision@5 : 0.1194    precision@10 : 0.0859    precision@20 : 0.0573    precision@30 : 0.044    precision@50 : 0.0313    map@1 : 0.1979    map@2 : 0.1959    map@3 : 0.202    map@4 : 0.2061    map@5 : 0.2125    map@10 : 0.2305    map@20 : 0.2432    map@30 : 0.2482    map@50 : 0.2531
Sun 15 Mar 2026 14:22:47 INFO  Running E-step ! 
Sun 15 Mar 2026 14:22:52 INFO  epoch 4 training [time: 4.74s, train_loss1: 120.7140, train_loss2: 0.0445, train_loss3: 0.0110]
Sun 15 Mar 2026 14:22:53 INFO  epoch 4 evaluating [time: 1.58s, valid_score: 0.312900]
Sun 15 Mar 2026 14:22:53 INFO  valid result: 
recall@1 : 0.1188    recall@2 : 0.2037    recall@3 : 0.2675    recall@4 : 0.3041    recall@5 : 0.3441    recall@10 : 0.4623    recall@20 : 0.6018    recall@30 : 0.6634    recall@50 : 0.759    ndcg@1 : 0.1973    ndcg@2 : 0.2211    ndcg@3 : 0.243    ndcg@4 : 0.2557    ndcg@5 : 0.2708    ndcg@10 : 0.3129    ndcg@20 : 0.353    ndcg@30 : 0.3701    ndcg@50 : 0.393    precision@1 : 0.1973    precision@2 : 0.1663    precision@3 : 0.1456    precision@4 : 0.1298    precision@5 : 0.1194    precision@10 : 0.0856    precision@20 : 0.0574    precision@30 : 0.0439    precision@50 : 0.0313    map@1 : 0.1973    map@2 : 0.195    map@3 : 0.2014    map@4 : 0.2054    map@5 : 0.2121    map@10 : 0.2299    map@20 : 0.2429    map@30 : 0.2477    map@50 : 0.2528
Sun 15 Mar 2026 14:22:53 INFO  Running E-step ! 
Sun 15 Mar 2026 14:22:58 INFO  epoch 5 training [time: 4.74s, train_loss1: 120.6416, train_loss2: 0.0462, train_loss3: 0.0110]
Sun 15 Mar 2026 14:23:00 INFO  epoch 5 evaluating [time: 1.59s, valid_score: 0.313300]
Sun 15 Mar 2026 14:23:00 INFO  valid result: 
recall@1 : 0.1184    recall@2 : 0.2046    recall@3 : 0.2683    recall@4 : 0.3048    recall@5 : 0.3424    recall@10 : 0.4645    recall@20 : 0.6027    recall@30 : 0.6652    recall@50 : 0.7589    ndcg@1 : 0.1961    ndcg@2 : 0.2217    ndcg@3 : 0.2435    ndcg@4 : 0.2558    ndcg@5 : 0.2703    ndcg@10 : 0.3133    ndcg@20 : 0.3532    ndcg@30 : 0.3703    ndcg@50 : 0.3929    precision@1 : 0.1961    precision@2 : 0.1672    precision@3 : 0.146    precision@4 : 0.1295    precision@5 : 0.1194    precision@10 : 0.0857    precision@20 : 0.0574    precision@30 : 0.044    precision@50 : 0.0313    map@1 : 0.1961    map@2 : 0.1955    map@3 : 0.202    map@4 : 0.2058    map@5 : 0.2121    map@10 : 0.2301    map@20 : 0.243    map@30 : 0.2479    map@50 : 0.2528
Sun 15 Mar 2026 14:23:00 INFO  Running E-step ! 
Sun 15 Mar 2026 14:23:04 INFO  epoch 6 training [time: 4.24s, train_loss1: 119.0677, train_loss2: 0.0476, train_loss3: 0.0110]
Sun 15 Mar 2026 14:23:06 INFO  epoch 6 evaluating [time: 1.58s, valid_score: 0.312500]
Sun 15 Mar 2026 14:23:06 INFO  valid result: 
recall@1 : 0.1189    recall@2 : 0.205    recall@3 : 0.2699    recall@4 : 0.3028    recall@5 : 0.3431    recall@10 : 0.4602    recall@20 : 0.6023    recall@30 : 0.6642    recall@50 : 0.7605    ndcg@1 : 0.1973    ndcg@2 : 0.2216    ndcg@3 : 0.2447    ndcg@4 : 0.2552    ndcg@5 : 0.2708    ndcg@10 : 0.3125    ndcg@20 : 0.3534    ndcg@30 : 0.3703    ndcg@50 : 0.3935    precision@1 : 0.1973    precision@2 : 0.1663    precision@3 : 0.1472    precision@4 : 0.1287    precision@5 : 0.1195    precision@10 : 0.0855    precision@20 : 0.0576    precision@30 : 0.044    precision@50 : 0.0314    map@1 : 0.1973    map@2 : 0.1956    map@3 : 0.2028    map@4 : 0.2056    map@5 : 0.2125    map@10 : 0.23    map@20 : 0.2433    map@30 : 0.2481    map@50 : 0.2533
Sun 15 Mar 2026 14:23:06 INFO  Running E-step ! 
Sun 15 Mar 2026 14:23:10 INFO  epoch 7 training [time: 4.54s, train_loss1: 118.1117, train_loss2: 0.0490, train_loss3: 0.0111]
Sun 15 Mar 2026 14:23:12 INFO  epoch 7 evaluating [time: 1.58s, valid_score: 0.314700]
Sun 15 Mar 2026 14:23:12 INFO  valid result: 
recall@1 : 0.1202    recall@2 : 0.2044    recall@3 : 0.2681    recall@4 : 0.3066    recall@5 : 0.3421    recall@10 : 0.4662    recall@20 : 0.6023    recall@30 : 0.6641    recall@50 : 0.7588    ndcg@1 : 0.199    ndcg@2 : 0.2223    ndcg@3 : 0.2444    ndcg@4 : 0.2575    ndcg@5 : 0.2711    ndcg@10 : 0.3147    ndcg@20 : 0.3541    ndcg@30 : 0.3711    ndcg@50 : 0.3938    precision@1 : 0.199    precision@2 : 0.1669    precision@3 : 0.1464    precision@4 : 0.1304    precision@5 : 0.1195    precision@10 : 0.0861    precision@20 : 0.0577    precision@30 : 0.0441    precision@50 : 0.0313    map@1 : 0.199    map@2 : 0.1962    map@3 : 0.2027    map@4 : 0.2071    map@5 : 0.2128    map@10 : 0.2311    map@20 : 0.244    map@30 : 0.2488    map@50 : 0.2538
Sun 15 Mar 2026 14:23:12 INFO  Saving current: saved/SCL-Mar-15-2026_14-22-21.pth
Sun 15 Mar 2026 14:23:12 INFO  Saving current best: saved/SCL-Mar-15-2026_14-22-21.pth
Sun 15 Mar 2026 14:23:12 INFO  Running E-step ! 
Sun 15 Mar 2026 14:23:16 INFO  epoch 8 training [time: 4.72s, train_loss1: 117.9826, train_loss2: 0.0505, train_loss3: 0.0111]
Sun 15 Mar 2026 14:23:18 INFO  epoch 8 evaluating [time: 1.60s, valid_score: 0.315000]
Sun 15 Mar 2026 14:23:18 INFO  valid result: 
recall@1 : 0.1206    recall@2 : 0.2024    recall@3 : 0.268    recall@4 : 0.3083    recall@5 : 0.3463    recall@10 : 0.466    recall@20 : 0.6016    recall@30 : 0.6679    recall@50 : 0.7607    ndcg@1 : 0.199    ndcg@2 : 0.2205    ndcg@3 : 0.244    ndcg@4 : 0.2581    ndcg@5 : 0.2727    ndcg@10 : 0.315    ndcg@20 : 0.3544    ndcg@30 : 0.3725    ndcg@50 : 0.3947    precision@1 : 0.199    precision@2 : 0.1648    precision@3 : 0.1464    precision@4 : 0.131    precision@5 : 0.1207    precision@10 : 0.0863    precision@20 : 0.0579    precision@30 : 0.0445    precision@50 : 0.0314    map@1 : 0.199    map@2 : 0.1949    map@3 : 0.2025    map@4 : 0.2073    map@5 : 0.2137    map@10 : 0.2316    map@20 : 0.2445    map@30 : 0.2496    map@50 : 0.2545
Sun 15 Mar 2026 14:23:18 INFO  Saving current: saved/SCL-Mar-15-2026_14-22-21.pth
Sun 15 Mar 2026 14:23:18 INFO  Saving current best: saved/SCL-Mar-15-2026_14-22-21.pth
Sun 15 Mar 2026 14:23:18 INFO  Running E-step ! 
Sun 15 Mar 2026 14:23:22 INFO  epoch 9 training [time: 4.31s, train_loss1: 115.9313, train_loss2: 0.0512, train_loss3: 0.0111]
Sun 15 Mar 2026 14:23:24 INFO  epoch 9 evaluating [time: 1.58s, valid_score: 0.314900]
Sun 15 Mar 2026 14:23:24 INFO  valid result: 
recall@1 : 0.118    recall@2 : 0.2047    recall@3 : 0.27    recall@4 : 0.3089    recall@5 : 0.3444    recall@10 : 0.4678    recall@20 : 0.603    recall@30 : 0.6735    recall@50 : 0.7714    ndcg@1 : 0.1961    ndcg@2 : 0.2215    ndcg@3 : 0.2443    ndcg@4 : 0.2579    ndcg@5 : 0.2716    ndcg@10 : 0.3149    ndcg@20 : 0.3545    ndcg@30 : 0.3737    ndcg@50 : 0.3967    precision@1 : 0.1961    precision@2 : 0.1669    precision@3 : 0.147    precision@4 : 0.1311    precision@5 : 0.1205    precision@10 : 0.0866    precision@20 : 0.0582    precision@30 : 0.045    precision@50 : 0.0318    map@1 : 0.1961    map@2 : 0.1952    map@3 : 0.2024    map@4 : 0.207    map@5 : 0.2128    map@10 : 0.231    map@20 : 0.2441    map@30 : 0.2496    map@50 : 0.2545
Sun 15 Mar 2026 14:23:24 INFO  Running E-step ! 
Sun 15 Mar 2026 14:23:29 INFO  epoch 10 training [time: 4.71s, train_loss1: 114.2887, train_loss2: 0.0514, train_loss3: 0.0111]
Sun 15 Mar 2026 14:23:30 INFO  epoch 10 evaluating [time: 1.58s, valid_score: 0.316400]
Sun 15 Mar 2026 14:23:30 INFO  valid result: 
recall@1 : 0.1196    recall@2 : 0.2059    recall@3 : 0.2716    recall@4 : 0.3091    recall@5 : 0.3471    recall@10 : 0.4691    recall@20 : 0.6058    recall@30 : 0.6798    recall@50 : 0.7743    ndcg@1 : 0.1967    ndcg@2 : 0.2227    ndcg@3 : 0.2461    ndcg@4 : 0.2588    ndcg@5 : 0.2733    ndcg@10 : 0.3164    ndcg@20 : 0.3568    ndcg@30 : 0.3768    ndcg@50 : 0.3991    precision@1 : 0.1967    precision@2 : 0.1678    precision@3 : 0.1482    precision@4 : 0.1314    precision@5 : 0.1207    precision@10 : 0.0865    precision@20 : 0.0587    precision@30 : 0.0455    precision@50 : 0.032    map@1 : 0.1967    map@2 : 0.1965    map@3 : 0.2042    map@4 : 0.208    map@5 : 0.2145    map@10 : 0.2325    map@20 : 0.2461    map@30 : 0.2518    map@50 : 0.2567
Sun 15 Mar 2026 14:23:30 INFO  Saving current: saved/SCL-Mar-15-2026_14-22-21.pth
Sun 15 Mar 2026 14:23:30 INFO  Saving current best: saved/SCL-Mar-15-2026_14-22-21.pth
Sun 15 Mar 2026 14:23:30 INFO  Running E-step ! 
Sun 15 Mar 2026 14:23:35 INFO  epoch 11 training [time: 4.57s, train_loss1: 113.3907, train_loss2: 0.0511, train_loss3: 0.0112]
Sun 15 Mar 2026 14:23:36 INFO  epoch 11 evaluating [time: 1.57s, valid_score: 0.317400]
Sun 15 Mar 2026 14:23:36 INFO  valid result: 
recall@1 : 0.1161    recall@2 : 0.2087    recall@3 : 0.2729    recall@4 : 0.3028    recall@5 : 0.3442    recall@10 : 0.4737    recall@20 : 0.6111    recall@30 : 0.6869    recall@50 : 0.783    ndcg@1 : 0.1943    ndcg@2 : 0.225    ndcg@3 : 0.2469    ndcg@4 : 0.2561    ndcg@5 : 0.2717    ndcg@10 : 0.3174    ndcg@20 : 0.3579    ndcg@30 : 0.3782    ndcg@50 : 0.4009    precision@1 : 0.1943    precision@2 : 0.1716    precision@3 : 0.1502    precision@4 : 0.1308    precision@5 : 0.1209    precision@10 : 0.088    precision@20 : 0.0595    precision@30 : 0.046    precision@50 : 0.0324    map@1 : 0.1943    map@2 : 0.1979    map@3 : 0.2042    map@4 : 0.2059    map@5 : 0.2129    map@10 : 0.2321    map@20 : 0.2457    map@30 : 0.2515    map@50 : 0.2565
Sun 15 Mar 2026 14:23:36 INFO  Saving current: saved/SCL-Mar-15-2026_14-22-21.pth
Sun 15 Mar 2026 14:23:36 INFO  Saving current best: saved/SCL-Mar-15-2026_14-22-21.pth
Sun 15 Mar 2026 14:23:36 INFO  Running E-step ! 
Sun 15 Mar 2026 14:23:41 INFO  epoch 12 training [time: 4.75s, train_loss1: 110.1141, train_loss2: 0.0505, train_loss3: 0.0112]
Sun 15 Mar 2026 14:23:43 INFO  epoch 12 evaluating [time: 1.59s, valid_score: 0.318500]
Sun 15 Mar 2026 14:23:43 INFO  valid result: 
recall@1 : 0.1168    recall@2 : 0.2091    recall@3 : 0.2764    recall@4 : 0.3035    recall@5 : 0.348    recall@10 : 0.4735    recall@20 : 0.6165    recall@30 : 0.6931    recall@50 : 0.7886    ndcg@1 : 0.1961    ndcg@2 : 0.2261    ndcg@3 : 0.2501    ndcg@4 : 0.2571    ndcg@5 : 0.274    ndcg@10 : 0.3185    ndcg@20 : 0.3608    ndcg@30 : 0.3811    ndcg@50 : 0.4038    precision@1 : 0.1961    precision@2 : 0.1722    precision@3 : 0.1534    precision@4 : 0.1307    precision@5 : 0.1218    precision@10 : 0.0883    precision@20 : 0.0606    precision@30 : 0.0465    precision@50 : 0.0328    map@1 : 0.1961    map@2 : 0.1992    map@3 : 0.2066    map@4 : 0.207    map@5 : 0.2146    map@10 : 0.2331    map@20 : 0.2477    map@30 : 0.2533    map@50 : 0.2585
Sun 15 Mar 2026 14:23:43 INFO  Saving current: saved/SCL-Mar-15-2026_14-22-21.pth
Sun 15 Mar 2026 14:23:43 INFO  Saving current best: saved/SCL-Mar-15-2026_14-22-21.pth
Sun 15 Mar 2026 14:23:43 INFO  Running E-step ! 
Sun 15 Mar 2026 14:23:47 INFO  epoch 13 training [time: 4.62s, train_loss1: 107.1775, train_loss2: 0.0497, train_loss3: 0.0112]
Sun 15 Mar 2026 14:23:49 INFO  epoch 13 evaluating [time: 1.58s, valid_score: 0.319300]
Sun 15 Mar 2026 14:23:49 INFO  valid result: 
recall@1 : 0.1168    recall@2 : 0.2099    recall@3 : 0.2737    recall@4 : 0.3078    recall@5 : 0.3434    recall@10 : 0.4734    recall@20 : 0.6231    recall@30 : 0.6992    recall@50 : 0.793    ndcg@1 : 0.1979    ndcg@2 : 0.2284    ndcg@3 : 0.2492    ndcg@4 : 0.2601    ndcg@5 : 0.2732    ndcg@10 : 0.3193    ndcg@20 : 0.3635    ndcg@30 : 0.3836    ndcg@50 : 0.406    precision@1 : 0.1979    precision@2 : 0.1752    precision@3 : 0.1526    precision@4 : 0.1338    precision@5 : 0.1219    precision@10 : 0.0887    precision@20 : 0.0613    precision@30 : 0.0469    precision@50 : 0.033    map@1 : 0.1979    map@2 : 0.2014    map@3 : 0.2064    map@4 : 0.209    map@5 : 0.2146    map@10 : 0.234    map@20 : 0.2493    map@30 : 0.2548    map@50 : 0.2599
Sun 15 Mar 2026 14:23:49 INFO  Saving current: saved/SCL-Mar-15-2026_14-22-21.pth
Sun 15 Mar 2026 14:23:49 INFO  Saving current best: saved/SCL-Mar-15-2026_14-22-21.pth
Sun 15 Mar 2026 14:23:49 INFO  Running E-step ! 
Sun 15 Mar 2026 14:23:54 INFO  epoch 14 training [time: 4.67s, train_loss1: 105.8421, train_loss2: 0.0489, train_loss3: 0.0112]
Sun 15 Mar 2026 14:23:55 INFO  epoch 14 evaluating [time: 1.58s, valid_score: 0.323800]
Sun 15 Mar 2026 14:23:55 INFO  valid result: 
recall@1 : 0.1225    recall@2 : 0.2106    recall@3 : 0.2711    recall@4 : 0.3076    recall@5 : 0.3437    recall@10 : 0.4798    recall@20 : 0.628    recall@30 : 0.7042    recall@50 : 0.7954    ndcg@1 : 0.202    ndcg@2 : 0.2309    ndcg@3 : 0.2501    ndcg@4 : 0.2617    ndcg@5 : 0.2752    ndcg@10 : 0.3238    ndcg@20 : 0.3674    ndcg@30 : 0.3877    ndcg@50 : 0.4094    precision@1 : 0.202    precision@2 : 0.1761    precision@3 : 0.152    precision@4 : 0.1333    precision@5 : 0.1222    precision@10 : 0.0903    precision@20 : 0.0618    precision@30 : 0.0475    precision@50 : 0.0331    map@1 : 0.202    map@2 : 0.204    map@3 : 0.2084    map@4 : 0.2114    map@5 : 0.2174    map@10 : 0.2382    map@20 : 0.2531    map@30 : 0.2589    map@50 : 0.2639
Sun 15 Mar 2026 14:23:55 INFO  Saving current: saved/SCL-Mar-15-2026_14-22-21.pth
Sun 15 Mar 2026 14:23:55 INFO  Saving current best: saved/SCL-Mar-15-2026_14-22-21.pth
Sun 15 Mar 2026 14:23:55 INFO  Running E-step ! 
Sun 15 Mar 2026 14:24:00 INFO  epoch 15 training [time: 4.44s, train_loss1: 102.5250, train_loss2: 0.0481, train_loss3: 0.0112]
Sun 15 Mar 2026 14:24:01 INFO  epoch 15 evaluating [time: 1.57s, valid_score: 0.325800]
Sun 15 Mar 2026 14:24:01 INFO  valid result: 
recall@1 : 0.121    recall@2 : 0.2113    recall@3 : 0.2752    recall@4 : 0.3091    recall@5 : 0.3489    recall@10 : 0.4843    recall@20 : 0.6304    recall@30 : 0.7126    recall@50 : 0.7959    ndcg@1 : 0.202    ndcg@2 : 0.2313    ndcg@3 : 0.2528    ndcg@4 : 0.2633    ndcg@5 : 0.2774    ndcg@10 : 0.3258    ndcg@20 : 0.3688    ndcg@30 : 0.3904    ndcg@50 : 0.4105    precision@1 : 0.202    precision@2 : 0.177    precision@3 : 0.1551    precision@4 : 0.1356    precision@5 : 0.1231    precision@10 : 0.0912    precision@20 : 0.0622    precision@30 : 0.048    precision@50 : 0.0332    map@1 : 0.202    map@2 : 0.2037    map@3 : 0.2095    map@4 : 0.2123    map@5 : 0.2181    map@10 : 0.239    map@20 : 0.2539    map@30 : 0.26    map@50 : 0.2647
Sun 15 Mar 2026 14:24:01 INFO  Saving current: saved/SCL-Mar-15-2026_14-22-21.pth
Sun 15 Mar 2026 14:24:01 INFO  Saving current best: saved/SCL-Mar-15-2026_14-22-21.pth
Sun 15 Mar 2026 14:24:01 INFO  Running E-step ! 
Sun 15 Mar 2026 14:24:06 INFO  epoch 16 training [time: 4.61s, train_loss1: 101.4168, train_loss2: 0.0474, train_loss3: 0.0112]
Sun 15 Mar 2026 14:24:07 INFO  epoch 16 evaluating [time: 1.59s, valid_score: 0.326800]
Sun 15 Mar 2026 14:24:07 INFO  valid result: 
recall@1 : 0.1181    recall@2 : 0.2142    recall@3 : 0.2754    recall@4 : 0.3111    recall@5 : 0.3495    recall@10 : 0.4877    recall@20 : 0.6311    recall@30 : 0.7078    recall@50 : 0.7957    ndcg@1 : 0.2002    ndcg@2 : 0.2318    ndcg@3 : 0.2525    ndcg@4 : 0.2636    ndcg@5 : 0.2778    ndcg@10 : 0.3268    ndcg@20 : 0.3691    ndcg@30 : 0.3895    ndcg@50 : 0.4104    precision@1 : 0.2002    precision@2 : 0.1779    precision@3 : 0.1557    precision@4 : 0.1362    precision@5 : 0.1249    precision@10 : 0.0921    precision@20 : 0.0624    precision@30 : 0.0479    precision@50 : 0.0331    map@1 : 0.2002    map@2 : 0.2037    map@3 : 0.2094    map@4 : 0.2123    map@5 : 0.2185    map@10 : 0.2396    map@20 : 0.2541    map@30 : 0.26    map@50 : 0.2647
Sun 15 Mar 2026 14:24:08 INFO  Saving current: saved/SCL-Mar-15-2026_14-22-21.pth
Sun 15 Mar 2026 14:24:08 INFO  Saving current best: saved/SCL-Mar-15-2026_14-22-21.pth
Sun 15 Mar 2026 14:24:08 INFO  Running E-step ! 
Sun 15 Mar 2026 14:24:12 INFO  epoch 17 training [time: 4.72s, train_loss1: 101.0250, train_loss2: 0.0468, train_loss3: 0.0112]
Sun 15 Mar 2026 14:24:14 INFO  epoch 17 evaluating [time: 1.58s, valid_score: 0.329100]
Sun 15 Mar 2026 14:24:14 INFO  valid result: 
recall@1 : 0.1206    recall@2 : 0.2136    recall@3 : 0.2761    recall@4 : 0.315    recall@5 : 0.3524    recall@10 : 0.4891    recall@20 : 0.6344    recall@30 : 0.7106    recall@50 : 0.7996    ndcg@1 : 0.2038    ndcg@2 : 0.2332    ndcg@3 : 0.2542    ndcg@4 : 0.2667    ndcg@5 : 0.2802    ndcg@10 : 0.3291    ndcg@20 : 0.3718    ndcg@30 : 0.3922    ndcg@50 : 0.4133    precision@1 : 0.2038    precision@2 : 0.1788    precision@3 : 0.1571    precision@4 : 0.1383    precision@5 : 0.1254    precision@10 : 0.0925    precision@20 : 0.0625    precision@30 : 0.0481    precision@50 : 0.0333    map@1 : 0.2038    map@2 : 0.205    map@3 : 0.2108    map@4 : 0.2147    map@5 : 0.2202    map@10 : 0.2417    map@20 : 0.2564    map@30 : 0.2623    map@50 : 0.2671
Sun 15 Mar 2026 14:24:14 INFO  Saving current: saved/SCL-Mar-15-2026_14-22-21.pth
Sun 15 Mar 2026 14:24:14 INFO  Saving current best: saved/SCL-Mar-15-2026_14-22-21.pth
Sun 15 Mar 2026 14:24:14 INFO  Running E-step ! 
Sun 15 Mar 2026 14:24:18 INFO  epoch 18 training [time: 4.55s, train_loss1: 99.0917, train_loss2: 0.0461, train_loss3: 0.0112]
Sun 15 Mar 2026 14:24:20 INFO  epoch 18 evaluating [time: 1.58s, valid_score: 0.336400]
Sun 15 Mar 2026 14:24:20 INFO  valid result: 
recall@1 : 0.13    recall@2 : 0.2173    recall@3 : 0.2799    recall@4 : 0.321    recall@5 : 0.3596    recall@10 : 0.4952    recall@20 : 0.6319    recall@30 : 0.7103    recall@50 : 0.8009    ndcg@1 : 0.2157    ndcg@2 : 0.2392    ndcg@3 : 0.2609    ndcg@4 : 0.2738    ndcg@5 : 0.2882    ndcg@10 : 0.3364    ndcg@20 : 0.3767    ndcg@30 : 0.3977    ndcg@50 : 0.4191    precision@1 : 0.2157    precision@2 : 0.1806    precision@3 : 0.1599    precision@4 : 0.14    precision@5 : 0.1284    precision@10 : 0.0934    precision@20 : 0.0624    precision@30 : 0.0482    precision@50 : 0.0334    map@1 : 0.2157    map@2 : 0.2116    map@3 : 0.2182    map@4 : 0.2218    map@5 : 0.2282    map@10 : 0.2493    map@20 : 0.2632    map@30 : 0.2694    map@50 : 0.2742
Sun 15 Mar 2026 14:24:20 INFO  Saving current: saved/SCL-Mar-15-2026_14-22-21.pth
Sun 15 Mar 2026 14:24:20 INFO  Saving current best: saved/SCL-Mar-15-2026_14-22-21.pth
Sun 15 Mar 2026 14:24:20 INFO  Running E-step ! 
Sun 15 Mar 2026 14:24:25 INFO  epoch 19 training [time: 4.54s, train_loss1: 97.5440, train_loss2: 0.0455, train_loss3: 0.0113]
Sun 15 Mar 2026 14:24:26 INFO  epoch 19 evaluating [time: 1.58s, valid_score: 0.335400]
Sun 15 Mar 2026 14:24:26 INFO  valid result: 
recall@1 : 0.1269    recall@2 : 0.2199    recall@3 : 0.2785    recall@4 : 0.3247    recall@5 : 0.3574    recall@10 : 0.4935    recall@20 : 0.6342    recall@30 : 0.7127    recall@50 : 0.8008    ndcg@1 : 0.2116    ndcg@2 : 0.24    ndcg@3 : 0.2595    ndcg@4 : 0.275    ndcg@5 : 0.2869    ndcg@10 : 0.3354    ndcg@20 : 0.3768    ndcg@30 : 0.3981    ndcg@50 : 0.4189    precision@1 : 0.2116    precision@2 : 0.183    precision@3 : 0.1601    precision@4 : 0.1423    precision@5 : 0.1285    precision@10 : 0.0933    precision@20 : 0.0625    precision@30 : 0.0484    precision@50 : 0.0334    map@1 : 0.2116    map@2 : 0.2117    map@3 : 0.2165    map@4 : 0.2219    map@5 : 0.2268    map@10 : 0.2484    map@20 : 0.2627    map@30 : 0.269    map@50 : 0.2737
Sun 15 Mar 2026 14:24:26 INFO  Running E-step ! 
Sun 15 Mar 2026 14:24:31 INFO  epoch 20 training [time: 5.12s, train_loss1: 95.4961, train_loss2: 0.0448, train_loss3: 0.0113, train_loss4: 0.0039]
Sun 15 Mar 2026 14:24:33 INFO  epoch 20 evaluating [time: 1.58s, valid_score: 0.336500]
Sun 15 Mar 2026 14:24:33 INFO  valid result: 
recall@1 : 0.1273    recall@2 : 0.2214    recall@3 : 0.2767    recall@4 : 0.3215    recall@5 : 0.3579    recall@10 : 0.4957    recall@20 : 0.6371    recall@30 : 0.715    recall@50 : 0.7997    ndcg@1 : 0.2122    ndcg@2 : 0.2417    ndcg@3 : 0.2597    ndcg@4 : 0.2744    ndcg@5 : 0.2877    ndcg@10 : 0.3365    ndcg@20 : 0.378    ndcg@30 : 0.399    ndcg@50 : 0.4193    precision@1 : 0.2122    precision@2 : 0.1847    precision@3 : 0.1609    precision@4 : 0.1427    precision@5 : 0.1293    precision@10 : 0.0937    precision@20 : 0.0628    precision@30 : 0.0485    precision@50 : 0.0335    map@1 : 0.2122    map@2 : 0.2132    map@3 : 0.217    map@4 : 0.2221    map@5 : 0.2277    map@10 : 0.2491    map@20 : 0.2635    map@30 : 0.2696    map@50 : 0.2743
Sun 15 Mar 2026 14:24:33 INFO  Saving current: saved/SCL-Mar-15-2026_14-22-21.pth
Sun 15 Mar 2026 14:24:33 INFO  Saving current best: saved/SCL-Mar-15-2026_14-22-21.pth
Sun 15 Mar 2026 14:24:33 INFO  Running E-step ! 
Sun 15 Mar 2026 14:24:38 INFO  epoch 21 training [time: 5.50s, train_loss1: 95.3476, train_loss2: 0.0442, train_loss3: 0.0113, train_loss4: 0.0035]
Sun 15 Mar 2026 14:24:40 INFO  epoch 21 evaluating [time: 1.58s, valid_score: 0.340100]
Sun 15 Mar 2026 14:24:40 INFO  valid result: 
recall@1 : 0.1316    recall@2 : 0.2266    recall@3 : 0.2805    recall@4 : 0.326    recall@5 : 0.3617    recall@10 : 0.4974    recall@20 : 0.6392    recall@30 : 0.7166    recall@50 : 0.8034    ndcg@1 : 0.2157    ndcg@2 : 0.2474    ndcg@3 : 0.2639    ndcg@4 : 0.2793    ndcg@5 : 0.2922    ndcg@10 : 0.3401    ndcg@20 : 0.3817    ndcg@30 : 0.4028    ndcg@50 : 0.4233    precision@1 : 0.2157    precision@2 : 0.1892    precision@3 : 0.1623    precision@4 : 0.1447    precision@5 : 0.1306    precision@10 : 0.0939    precision@20 : 0.0629    precision@30 : 0.0487    precision@50 : 0.0336    map@1 : 0.2157    map@2 : 0.2183    map@3 : 0.2211    map@4 : 0.2266    map@5 : 0.2323    map@10 : 0.2532    map@20 : 0.2675    map@30 : 0.2737    map@50 : 0.2785
Sun 15 Mar 2026 14:24:40 INFO  Saving current: saved/SCL-Mar-15-2026_14-22-21.pth
Sun 15 Mar 2026 14:24:40 INFO  Saving current best: saved/SCL-Mar-15-2026_14-22-21.pth
Sun 15 Mar 2026 14:24:40 INFO  Running E-step ! 
Sun 15 Mar 2026 14:24:45 INFO  epoch 22 training [time: 5.23s, train_loss1: 91.1259, train_loss2: 0.0436, train_loss3: 0.0113, train_loss4: 0.0035]
Sun 15 Mar 2026 14:24:47 INFO  epoch 22 evaluating [time: 1.72s, valid_score: 0.338000]
Sun 15 Mar 2026 14:24:47 INFO  valid result: 
recall@1 : 0.1269    recall@2 : 0.2243    recall@3 : 0.2821    recall@4 : 0.3261    recall@5 : 0.3625    recall@10 : 0.4962    recall@20 : 0.6408    recall@30 : 0.7196    recall@50 : 0.8031    ndcg@1 : 0.2133    ndcg@2 : 0.2441    ndcg@3 : 0.2632    ndcg@4 : 0.2777    ndcg@5 : 0.2909    ndcg@10 : 0.338    ndcg@20 : 0.3802    ndcg@30 : 0.4016    ndcg@50 : 0.4215    precision@1 : 0.2133    precision@2 : 0.1871    precision@3 : 0.1637    precision@4 : 0.145    precision@5 : 0.1312    precision@10 : 0.0942    precision@20 : 0.063    precision@30 : 0.0489    precision@50 : 0.0336    map@1 : 0.2133    map@2 : 0.2148    map@3 : 0.2192    map@4 : 0.224    map@5 : 0.2299    map@10 : 0.2505    map@20 : 0.2648    map@30 : 0.2712    map@50 : 0.2758
Sun 15 Mar 2026 14:24:47 INFO  Running E-step ! 
Sun 15 Mar 2026 14:24:52 INFO  epoch 23 training [time: 5.47s, train_loss1: 91.7858, train_loss2: 0.0431, train_loss3: 0.0113, train_loss4: 0.0033]
Sun 15 Mar 2026 14:24:54 INFO  epoch 23 evaluating [time: 1.58s, valid_score: 0.338900]
Sun 15 Mar 2026 14:24:54 INFO  valid result: 
recall@1 : 0.1274    recall@2 : 0.2289    recall@3 : 0.2867    recall@4 : 0.3278    recall@5 : 0.3624    recall@10 : 0.4941    recall@20 : 0.6353    recall@30 : 0.7185    recall@50 : 0.8087    ndcg@1 : 0.2139    ndcg@2 : 0.2477    ndcg@3 : 0.2667    ndcg@4 : 0.28    ndcg@5 : 0.2927    ndcg@10 : 0.3389    ndcg@20 : 0.3805    ndcg@30 : 0.4027    ndcg@50 : 0.4242    precision@1 : 0.2139    precision@2 : 0.1904    precision@3 : 0.1661    precision@4 : 0.1463    precision@5 : 0.1325    precision@10 : 0.0942    precision@20 : 0.0628    precision@30 : 0.0488    precision@50 : 0.0338    map@1 : 0.2139    map@2 : 0.218    map@3 : 0.2222    map@4 : 0.2263    map@5 : 0.2319    map@10 : 0.2521    map@20 : 0.2664    map@30 : 0.2729    map@50 : 0.2779
Sun 15 Mar 2026 14:24:54 INFO  Running E-step ! 
Sun 15 Mar 2026 14:24:59 INFO  epoch 24 training [time: 5.42s, train_loss1: 89.6228, train_loss2: 0.0424, train_loss3: 0.0113, train_loss4: 0.0032]
Sun 15 Mar 2026 14:25:01 INFO  epoch 24 evaluating [time: 1.57s, valid_score: 0.341800]
Sun 15 Mar 2026 14:25:01 INFO  valid result: 
recall@1 : 0.1261    recall@2 : 0.2293    recall@3 : 0.2891    recall@4 : 0.3311    recall@5 : 0.367    recall@10 : 0.5027    recall@20 : 0.6365    recall@30 : 0.7206    recall@50 : 0.8124    ndcg@1 : 0.2122    ndcg@2 : 0.2477    ndcg@3 : 0.2682    ndcg@4 : 0.2813    ndcg@5 : 0.2942    ndcg@10 : 0.3418    ndcg@20 : 0.3814    ndcg@30 : 0.404    ndcg@50 : 0.4255    precision@1 : 0.2122    precision@2 : 0.191    precision@3 : 0.1683    precision@4 : 0.1472    precision@5 : 0.133    precision@10 : 0.0954    precision@20 : 0.063    precision@30 : 0.0491    precision@50 : 0.034    map@1 : 0.2122    map@2 : 0.2175    map@3 : 0.2228    map@4 : 0.2268    map@5 : 0.2326    map@10 : 0.2532    map@20 : 0.2669    map@30 : 0.2737    map@50 : 0.2786
Sun 15 Mar 2026 14:25:01 INFO  Saving current: saved/SCL-Mar-15-2026_14-22-21.pth
Sun 15 Mar 2026 14:25:01 INFO  Saving current best: saved/SCL-Mar-15-2026_14-22-21.pth
Sun 15 Mar 2026 14:25:01 INFO  Running E-step ! 
Sun 15 Mar 2026 14:25:06 INFO  epoch 25 training [time: 5.45s, train_loss1: 88.5141, train_loss2: 0.0419, train_loss3: 0.0113, train_loss4: 0.0029]
Sun 15 Mar 2026 14:25:08 INFO  epoch 25 evaluating [time: 1.58s, valid_score: 0.343000]
Sun 15 Mar 2026 14:25:08 INFO  valid result: 
recall@1 : 0.1295    recall@2 : 0.2297    recall@3 : 0.2885    recall@4 : 0.3306    recall@5 : 0.3704    recall@10 : 0.501    recall@20 : 0.6407    recall@30 : 0.7255    recall@50 : 0.8097    ndcg@1 : 0.2175    ndcg@2 : 0.2498    ndcg@3 : 0.2691    ndcg@4 : 0.2829    ndcg@5 : 0.2975    ndcg@10 : 0.343    ndcg@20 : 0.3846    ndcg@30 : 0.4072    ndcg@50 : 0.4273    precision@1 : 0.2175    precision@2 : 0.1919    precision@3 : 0.1675    precision@4 : 0.1479    precision@5 : 0.1352    precision@10 : 0.0951    precision@20 : 0.0635    precision@30 : 0.0494    precision@50 : 0.034    map@1 : 0.2175    map@2 : 0.2198    map@3 : 0.2242    map@4 : 0.2286    map@5 : 0.2353    map@10 : 0.2549    map@20 : 0.2695    map@30 : 0.2762    map@50 : 0.2809
Sun 15 Mar 2026 14:25:08 INFO  Saving current: saved/SCL-Mar-15-2026_14-22-21.pth
Sun 15 Mar 2026 14:25:08 INFO  Saving current best: saved/SCL-Mar-15-2026_14-22-21.pth
Sun 15 Mar 2026 14:25:08 INFO  Running E-step ! 
Sun 15 Mar 2026 14:25:13 INFO  epoch 26 training [time: 4.76s, train_loss1: 86.3732, train_loss2: 0.0413, train_loss3: 0.0114, train_loss4: 0.0030]
Sun 15 Mar 2026 14:25:14 INFO  epoch 26 evaluating [time: 1.58s, valid_score: 0.345400]
Sun 15 Mar 2026 14:25:14 INFO  valid result: 
recall@1 : 0.1324    recall@2 : 0.2309    recall@3 : 0.2903    recall@4 : 0.3318    recall@5 : 0.372    recall@10 : 0.5028    recall@20 : 0.6437    recall@30 : 0.7224    recall@50 : 0.8091    ndcg@1 : 0.2199    ndcg@2 : 0.2522    ndcg@3 : 0.2715    ndcg@4 : 0.2854    ndcg@5 : 0.2996    ndcg@10 : 0.3454    ndcg@20 : 0.3873    ndcg@30 : 0.4084    ndcg@50 : 0.4291    precision@1 : 0.2199    precision@2 : 0.1934    precision@3 : 0.1691    precision@4 : 0.1494    precision@5 : 0.1354    precision@10 : 0.0955    precision@20 : 0.064    precision@30 : 0.0494    precision@50 : 0.034    map@1 : 0.2199    map@2 : 0.2224    map@3 : 0.2264    map@4 : 0.2313    map@5 : 0.2376    map@10 : 0.2576    map@20 : 0.2723    map@30 : 0.2786    map@50 : 0.2834
Sun 15 Mar 2026 14:25:14 INFO  Saving current: saved/SCL-Mar-15-2026_14-22-21.pth
Sun 15 Mar 2026 14:25:14 INFO  Saving current best: saved/SCL-Mar-15-2026_14-22-21.pth
Sun 15 Mar 2026 14:25:14 INFO  Running E-step ! 
Sun 15 Mar 2026 14:25:20 INFO  epoch 27 training [time: 5.19s, train_loss1: 86.3469, train_loss2: 0.0406, train_loss3: 0.0114, train_loss4: 0.0026]
Sun 15 Mar 2026 14:25:21 INFO  epoch 27 evaluating [time: 1.59s, valid_score: 0.348400]
Sun 15 Mar 2026 14:25:21 INFO  valid result: 
recall@1 : 0.1349    recall@2 : 0.2291    recall@3 : 0.2944    recall@4 : 0.3356    recall@5 : 0.3733    recall@10 : 0.509    recall@20 : 0.6442    recall@30 : 0.7211    recall@50 : 0.8108    ndcg@1 : 0.2211    ndcg@2 : 0.2519    ndcg@3 : 0.2739    ndcg@4 : 0.2875    ndcg@5 : 0.3012    ndcg@10 : 0.3484    ndcg@20 : 0.3892    ndcg@30 : 0.4098    ndcg@50 : 0.4311    precision@1 : 0.2211    precision@2 : 0.1928    precision@3 : 0.17    precision@4 : 0.15    precision@5 : 0.1356    precision@10 : 0.0961    precision@20 : 0.0642    precision@30 : 0.0493    precision@50 : 0.0341    map@1 : 0.2211    map@2 : 0.2226    map@3 : 0.2289    map@4 : 0.2334    map@5 : 0.2397    map@10 : 0.26    map@20 : 0.2746    map@30 : 0.2807    map@50 : 0.2856
Sun 15 Mar 2026 14:25:21 INFO  Saving current: saved/SCL-Mar-15-2026_14-22-21.pth
Sun 15 Mar 2026 14:25:21 INFO  Saving current best: saved/SCL-Mar-15-2026_14-22-21.pth
Sun 15 Mar 2026 14:25:21 INFO  Running E-step ! 
Sun 15 Mar 2026 14:25:27 INFO  epoch 28 training [time: 5.61s, train_loss1: 83.6618, train_loss2: 0.0400, train_loss3: 0.0114, train_loss4: 0.0026]
Sun 15 Mar 2026 14:25:28 INFO  epoch 28 evaluating [time: 1.58s, valid_score: 0.348500]
Sun 15 Mar 2026 14:25:28 INFO  valid result: 
recall@1 : 0.1342    recall@2 : 0.2303    recall@3 : 0.292    recall@4 : 0.3352    recall@5 : 0.374    recall@10 : 0.5089    recall@20 : 0.6484    recall@30 : 0.727    recall@50 : 0.8124    ndcg@1 : 0.2223    ndcg@2 : 0.2526    ndcg@3 : 0.2733    ndcg@4 : 0.2873    ndcg@5 : 0.3015    ndcg@10 : 0.3485    ndcg@20 : 0.3905    ndcg@30 : 0.4114    ndcg@50 : 0.4317    precision@1 : 0.2223    precision@2 : 0.1934    precision@3 : 0.1702    precision@4 : 0.1499    precision@5 : 0.1362    precision@10 : 0.0962    precision@20 : 0.0646    precision@30 : 0.0496    precision@50 : 0.0341    map@1 : 0.2223    map@2 : 0.223    map@3 : 0.2286    map@4 : 0.2329    map@5 : 0.2396    map@10 : 0.26    map@20 : 0.275    map@30 : 0.2811    map@50 : 0.2859
Sun 15 Mar 2026 14:25:28 INFO  Saving current: saved/SCL-Mar-15-2026_14-22-21.pth
Sun 15 Mar 2026 14:25:28 INFO  Saving current best: saved/SCL-Mar-15-2026_14-22-21.pth
Sun 15 Mar 2026 14:25:28 INFO  Running E-step ! 
Sun 15 Mar 2026 14:25:33 INFO  epoch 29 training [time: 4.67s, train_loss1: 82.2840, train_loss2: 0.0393, train_loss3: 0.0114, train_loss4: 0.0026]
Sun 15 Mar 2026 14:25:35 INFO  epoch 29 evaluating [time: 1.58s, valid_score: 0.348100]
Sun 15 Mar 2026 14:25:35 INFO  valid result: 
recall@1 : 0.1334    recall@2 : 0.2306    recall@3 : 0.2931    recall@4 : 0.3402    recall@5 : 0.3756    recall@10 : 0.5061    recall@20 : 0.6454    recall@30 : 0.7248    recall@50 : 0.8101    ndcg@1 : 0.2199    ndcg@2 : 0.2526    ndcg@3 : 0.2736    ndcg@4 : 0.29    ndcg@5 : 0.3026    ndcg@10 : 0.3481    ndcg@20 : 0.3902    ndcg@30 : 0.4112    ndcg@50 : 0.4316    precision@1 : 0.2199    precision@2 : 0.1943    precision@3 : 0.1708    precision@4 : 0.153    precision@5 : 0.1375    precision@10 : 0.0959    precision@20 : 0.0646    precision@30 : 0.0496    precision@50 : 0.0341    map@1 : 0.2199    map@2 : 0.2233    map@3 : 0.229    map@4 : 0.2352    map@5 : 0.2406    map@10 : 0.2605    map@20 : 0.2755    map@30 : 0.2817    map@50 : 0.2865
Sun 15 Mar 2026 14:25:35 INFO  Running E-step ! 
Sun 15 Mar 2026 14:25:40 INFO  epoch 30 training [time: 5.19s, train_loss1: 80.8589, train_loss2: 0.0388, train_loss3: 0.0114, train_loss4: 0.0026]
Sun 15 Mar 2026 14:25:41 INFO  epoch 30 evaluating [time: 1.58s, valid_score: 0.350100]
Sun 15 Mar 2026 14:25:41 INFO  valid result: 
recall@1 : 0.1356    recall@2 : 0.2343    recall@3 : 0.2957    recall@4 : 0.3413    recall@5 : 0.3766    recall@10 : 0.5076    recall@20 : 0.647    recall@30 : 0.7224    recall@50 : 0.8117    ndcg@1 : 0.2193    ndcg@2 : 0.2545    ndcg@3 : 0.2759    ndcg@4 : 0.2918    ndcg@5 : 0.3043    ndcg@10 : 0.3501    ndcg@20 : 0.3924    ndcg@30 : 0.4125    ndcg@50 : 0.4336    precision@1 : 0.2193    precision@2 : 0.1949    precision@3 : 0.172    precision@4 : 0.1538    precision@5 : 0.1378    precision@10 : 0.0962    precision@20 : 0.0647    precision@30 : 0.0495    precision@50 : 0.0342    map@1 : 0.2193    map@2 : 0.2251    map@3 : 0.2313    map@4 : 0.2372    map@5 : 0.2427    map@10 : 0.2628    map@20 : 0.278    map@30 : 0.284    map@50 : 0.2889
Sun 15 Mar 2026 14:25:41 INFO  Saving current: saved/SCL-Mar-15-2026_14-22-21.pth
Sun 15 Mar 2026 14:25:41 INFO  Saving current best: saved/SCL-Mar-15-2026_14-22-21.pth
Sun 15 Mar 2026 14:25:41 INFO  Running E-step ! 
Sun 15 Mar 2026 14:25:46 INFO  epoch 31 training [time: 4.38s, train_loss1: 80.2150, train_loss2: 0.0383, train_loss3: 0.0114, train_loss4: 0.0024]
Sun 15 Mar 2026 14:25:47 INFO  epoch 31 evaluating [time: 1.58s, valid_score: 0.351500]
Sun 15 Mar 2026 14:25:47 INFO  valid result: 
recall@1 : 0.1335    recall@2 : 0.2338    recall@3 : 0.2982    recall@4 : 0.3411    recall@5 : 0.3843    recall@10 : 0.5126    recall@20 : 0.6479    recall@30 : 0.7263    recall@50 : 0.8149    ndcg@1 : 0.2169    ndcg@2 : 0.2528    ndcg@3 : 0.2759    ndcg@4 : 0.2907    ndcg@5 : 0.3071    ndcg@10 : 0.3515    ndcg@20 : 0.3927    ndcg@30 : 0.4134    ndcg@50 : 0.4344    precision@1 : 0.2169    precision@2 : 0.194    precision@3 : 0.1722    precision@4 : 0.153    precision@5 : 0.1406    precision@10 : 0.0971    precision@20 : 0.0649    precision@30 : 0.0497    precision@50 : 0.0343    map@1 : 0.2169    map@2 : 0.2236    map@3 : 0.2307    map@4 : 0.2359    map@5 : 0.244    map@10 : 0.2631    map@20 : 0.278    map@30 : 0.2841    map@50 : 0.289
Sun 15 Mar 2026 14:25:47 INFO  Saving current: saved/SCL-Mar-15-2026_14-22-21.pth
Sun 15 Mar 2026 14:25:47 INFO  Saving current best: saved/SCL-Mar-15-2026_14-22-21.pth
Sun 15 Mar 2026 14:25:47 INFO  Running E-step ! 
Sun 15 Mar 2026 14:25:52 INFO  epoch 32 training [time: 4.61s, train_loss1: 77.2192, train_loss2: 0.0380, train_loss3: 0.0114, train_loss4: 0.0025]
Sun 15 Mar 2026 14:25:54 INFO  epoch 32 evaluating [time: 1.59s, valid_score: 0.353100]
Sun 15 Mar 2026 14:25:54 INFO  valid result: 
recall@1 : 0.1353    recall@2 : 0.234    recall@3 : 0.298    recall@4 : 0.3408    recall@5 : 0.3811    recall@10 : 0.5146    recall@20 : 0.6509    recall@30 : 0.726    recall@50 : 0.8132    ndcg@1 : 0.2217    ndcg@2 : 0.2546    ndcg@3 : 0.2771    ndcg@4 : 0.2914    ndcg@5 : 0.3065    ndcg@10 : 0.3531    ndcg@20 : 0.3945    ndcg@30 : 0.4145    ndcg@50 : 0.4353    precision@1 : 0.2217    precision@2 : 0.1952    precision@3 : 0.1728    precision@4 : 0.1526    precision@5 : 0.1392    precision@10 : 0.0974    precision@20 : 0.0651    precision@30 : 0.0497    precision@50 : 0.0342    map@1 : 0.2217    map@2 : 0.2251    map@3 : 0.232    map@4 : 0.2369    map@5 : 0.2441    map@10 : 0.2642    map@20 : 0.2792    map@30 : 0.2852    map@50 : 0.29
Sun 15 Mar 2026 14:25:54 INFO  Saving current: saved/SCL-Mar-15-2026_14-22-21.pth
Sun 15 Mar 2026 14:25:54 INFO  Saving current best: saved/SCL-Mar-15-2026_14-22-21.pth
Sun 15 Mar 2026 14:25:54 INFO  Running E-step ! 
Sun 15 Mar 2026 14:25:59 INFO  epoch 33 training [time: 5.50s, train_loss1: 77.8885, train_loss2: 0.0375, train_loss3: 0.0114, train_loss4: 0.0024]
Sun 15 Mar 2026 14:26:01 INFO  epoch 33 evaluating [time: 1.59s, valid_score: 0.352100]
Sun 15 Mar 2026 14:26:01 INFO  valid result: 
recall@1 : 0.1313    recall@2 : 0.2355    recall@3 : 0.2958    recall@4 : 0.3403    recall@5 : 0.3856    recall@10 : 0.5147    recall@20 : 0.6487    recall@30 : 0.7248    recall@50 : 0.8131    ndcg@1 : 0.2181    ndcg@2 : 0.2541    ndcg@3 : 0.2746    ndcg@4 : 0.2897    ndcg@5 : 0.3068    ndcg@10 : 0.3521    ndcg@20 : 0.393    ndcg@30 : 0.4133    ndcg@50 : 0.4343    precision@1 : 0.2181    precision@2 : 0.1961    precision@3 : 0.172    precision@4 : 0.1526    precision@5 : 0.1403    precision@10 : 0.0977    precision@20 : 0.065    precision@30 : 0.0497    precision@50 : 0.0343    map@1 : 0.2181    map@2 : 0.2239    map@3 : 0.2294    map@4 : 0.2349    map@5 : 0.2433    map@10 : 0.2628    map@20 : 0.2776    map@30 : 0.2837    map@50 : 0.2886
Sun 15 Mar 2026 14:26:01 INFO  Running E-step ! 
Sun 15 Mar 2026 14:26:06 INFO  epoch 34 training [time: 5.67s, train_loss1: 76.1441, train_loss2: 0.0369, train_loss3: 0.0114, train_loss4: 0.0027]
Sun 15 Mar 2026 14:26:08 INFO  epoch 34 evaluating [time: 1.58s, valid_score: 0.351300]
Sun 15 Mar 2026 14:26:08 INFO  valid result: 
recall@1 : 0.1329    recall@2 : 0.2301    recall@3 : 0.2906    recall@4 : 0.3366    recall@5 : 0.3824    recall@10 : 0.5138    recall@20 : 0.6492    recall@30 : 0.7259    recall@50 : 0.8152    ndcg@1 : 0.2217    ndcg@2 : 0.2517    ndcg@3 : 0.2722    ndcg@4 : 0.2877    ndcg@5 : 0.3045    ndcg@10 : 0.3513    ndcg@20 : 0.3926    ndcg@30 : 0.413    ndcg@50 : 0.4341    precision@1 : 0.2217    precision@2 : 0.1934    precision@3 : 0.1702    precision@4 : 0.1512    precision@5 : 0.1381    precision@10 : 0.0976    precision@20 : 0.0652    precision@30 : 0.0498    precision@50 : 0.0343    map@1 : 0.2217    map@2 : 0.2226    map@3 : 0.228    map@4 : 0.2336    map@5 : 0.2415    map@10 : 0.2619    map@20 : 0.2771    map@30 : 0.2831    map@50 : 0.288
Sun 15 Mar 2026 14:26:08 INFO  Running E-step ! 
Sun 15 Mar 2026 14:26:13 INFO  epoch 35 training [time: 5.50s, train_loss1: 75.2413, train_loss2: 0.0365, train_loss3: 0.0114, train_loss4: 0.0026]
Sun 15 Mar 2026 14:26:15 INFO  epoch 35 evaluating [time: 1.58s, valid_score: 0.354100]
Sun 15 Mar 2026 14:26:15 INFO  valid result: 
recall@1 : 0.1344    recall@2 : 0.2351    recall@3 : 0.2942    recall@4 : 0.344    recall@5 : 0.3838    recall@10 : 0.5169    recall@20 : 0.6494    recall@30 : 0.7298    recall@50 : 0.8168    ndcg@1 : 0.2229    ndcg@2 : 0.2556    ndcg@3 : 0.2754    ndcg@4 : 0.2927    ndcg@5 : 0.3069    ndcg@10 : 0.3541    ndcg@20 : 0.3945    ndcg@30 : 0.4157    ndcg@50 : 0.4365    precision@1 : 0.2229    precision@2 : 0.1964    precision@3 : 0.1718    precision@4 : 0.1538    precision@5 : 0.1385    precision@10 : 0.0982    precision@20 : 0.0652    precision@30 : 0.0499    precision@50 : 0.0344    map@1 : 0.2229    map@2 : 0.2263    map@3 : 0.2311    map@4 : 0.2375    map@5 : 0.244    map@10 : 0.2648    map@20 : 0.2795    map@30 : 0.2856    map@50 : 0.2905
Sun 15 Mar 2026 14:26:15 INFO  Saving current: saved/SCL-Mar-15-2026_14-22-21.pth
Sun 15 Mar 2026 14:26:15 INFO  Saving current best: saved/SCL-Mar-15-2026_14-22-21.pth
Sun 15 Mar 2026 14:26:15 INFO  Running E-step ! 
Sun 15 Mar 2026 14:26:21 INFO  epoch 36 training [time: 5.46s, train_loss1: 74.2921, train_loss2: 0.0360, train_loss3: 0.0114, train_loss4: 0.0026]
Sun 15 Mar 2026 14:26:22 INFO  epoch 36 evaluating [time: 1.58s, valid_score: 0.354300]
Sun 15 Mar 2026 14:26:22 INFO  valid result: 
recall@1 : 0.1363    recall@2 : 0.237    recall@3 : 0.2954    recall@4 : 0.3403    recall@5 : 0.3821    recall@10 : 0.5154    recall@20 : 0.6473    recall@30 : 0.7295    recall@50 : 0.8181    ndcg@1 : 0.2259    ndcg@2 : 0.258    ndcg@3 : 0.2766    ndcg@4 : 0.2917    ndcg@5 : 0.3074    ndcg@10 : 0.3543    ndcg@20 : 0.3947    ndcg@30 : 0.4162    ndcg@50 : 0.4373    precision@1 : 0.2259    precision@2 : 0.1979    precision@3 : 0.1718    precision@4 : 0.1518    precision@5 : 0.1389    precision@10 : 0.0979    precision@20 : 0.065    precision@30 : 0.0499    precision@50 : 0.0345    map@1 : 0.2259    map@2 : 0.2279    map@3 : 0.2318    map@4 : 0.2371    map@5 : 0.2447    map@10 : 0.2651    map@20 : 0.28    map@30 : 0.2863    map@50 : 0.2912
Sun 15 Mar 2026 14:26:22 INFO  Saving current: saved/SCL-Mar-15-2026_14-22-21.pth
Sun 15 Mar 2026 14:26:22 INFO  Saving current best: saved/SCL-Mar-15-2026_14-22-21.pth
Sun 15 Mar 2026 14:26:22 INFO  Running E-step ! 
Sun 15 Mar 2026 14:26:28 INFO  epoch 37 training [time: 5.46s, train_loss1: 72.0673, train_loss2: 0.0355, train_loss3: 0.0114, train_loss4: 0.0026]
Sun 15 Mar 2026 14:26:29 INFO  epoch 37 evaluating [time: 1.58s, valid_score: 0.355900]
Sun 15 Mar 2026 14:26:29 INFO  valid result: 
recall@1 : 0.1369    recall@2 : 0.2388    recall@3 : 0.2942    recall@4 : 0.3436    recall@5 : 0.3827    recall@10 : 0.517    recall@20 : 0.6481    recall@30 : 0.7295    recall@50 : 0.82    ndcg@1 : 0.2271    ndcg@2 : 0.2592    ndcg@3 : 0.2766    ndcg@4 : 0.2938    ndcg@5 : 0.3083    ndcg@10 : 0.3559    ndcg@20 : 0.3961    ndcg@30 : 0.4175    ndcg@50 : 0.4389    precision@1 : 0.2271    precision@2 : 0.1987    precision@3 : 0.1716    precision@4 : 0.1535    precision@5 : 0.1392    precision@10 : 0.0984    precision@20 : 0.0653    precision@30 : 0.05    precision@50 : 0.0345    map@1 : 0.2271    map@2 : 0.2288    map@3 : 0.2317    map@4 : 0.2384    map@5 : 0.2454    map@10 : 0.2665    map@20 : 0.2813    map@30 : 0.2876    map@50 : 0.2925
Sun 15 Mar 2026 14:26:29 INFO  Saving current: saved/SCL-Mar-15-2026_14-22-21.pth
Sun 15 Mar 2026 14:26:29 INFO  Saving current best: saved/SCL-Mar-15-2026_14-22-21.pth
Sun 15 Mar 2026 14:26:29 INFO  Running E-step ! 
Sun 15 Mar 2026 14:26:34 INFO  epoch 38 training [time: 4.99s, train_loss1: 70.9617, train_loss2: 0.0350, train_loss3: 0.0114, train_loss4: 0.0027]
Sun 15 Mar 2026 14:26:36 INFO  epoch 38 evaluating [time: 1.61s, valid_score: 0.356500]
Sun 15 Mar 2026 14:26:36 INFO  valid result: 
recall@1 : 0.1398    recall@2 : 0.2365    recall@3 : 0.2964    recall@4 : 0.3414    recall@5 : 0.3828    recall@10 : 0.5154    recall@20 : 0.6472    recall@30 : 0.729    recall@50 : 0.8177    ndcg@1 : 0.233    ndcg@2 : 0.2602    ndcg@3 : 0.2797    ndcg@4 : 0.294    ndcg@5 : 0.3093    ndcg@10 : 0.3565    ndcg@20 : 0.397    ndcg@30 : 0.4185    ndcg@50 : 0.4393    precision@1 : 0.233    precision@2 : 0.199    precision@3 : 0.174    precision@4 : 0.1523    precision@5 : 0.1385    precision@10 : 0.098    precision@20 : 0.0653    precision@30 : 0.0501    precision@50 : 0.0344    map@1 : 0.233    map@2 : 0.2302    map@3 : 0.2344    map@4 : 0.2393    map@5 : 0.2465    map@10 : 0.2673    map@20 : 0.2823    map@30 : 0.2886    map@50 : 0.2934
Sun 15 Mar 2026 14:26:36 INFO  Saving current: saved/SCL-Mar-15-2026_14-22-21.pth
Sun 15 Mar 2026 14:26:36 INFO  Saving current best: saved/SCL-Mar-15-2026_14-22-21.pth
Sun 15 Mar 2026 14:26:36 INFO  Running E-step ! 
Sun 15 Mar 2026 14:26:40 INFO  epoch 39 training [time: 4.59s, train_loss1: 70.1305, train_loss2: 0.0347, train_loss3: 0.0114, train_loss4: 0.0026]
Sun 15 Mar 2026 14:26:42 INFO  epoch 39 evaluating [time: 1.58s, valid_score: 0.356100]
Sun 15 Mar 2026 14:26:42 INFO  valid result: 
recall@1 : 0.136    recall@2 : 0.235    recall@3 : 0.2946    recall@4 : 0.3399    recall@5 : 0.383    recall@10 : 0.5198    recall@20 : 0.6501    recall@30 : 0.7293    recall@50 : 0.817    ndcg@1 : 0.2282    ndcg@2 : 0.2572    ndcg@3 : 0.277    ndcg@4 : 0.292    ndcg@5 : 0.3077    ndcg@10 : 0.3561    ndcg@20 : 0.3961    ndcg@30 : 0.4169    ndcg@50 : 0.4376    precision@1 : 0.2282    precision@2 : 0.1979    precision@3 : 0.173    precision@4 : 0.153    precision@5 : 0.1389    precision@10 : 0.0987    precision@20 : 0.0656    precision@30 : 0.0501    precision@50 : 0.0344    map@1 : 0.2282    map@2 : 0.2271    map@3 : 0.2316    map@4 : 0.237    map@5 : 0.2444    map@10 : 0.2655    map@20 : 0.2802    map@30 : 0.2864    map@50 : 0.2912
Sun 15 Mar 2026 14:26:42 INFO  Running E-step ! 
Sun 15 Mar 2026 14:26:47 INFO  epoch 40 training [time: 4.91s, train_loss1: 67.3589, train_loss2: 0.0343, train_loss3: 0.0115, train_loss4: 0.0027]
Sun 15 Mar 2026 14:26:49 INFO  epoch 40 evaluating [time: 1.66s, valid_score: 0.358700]
Sun 15 Mar 2026 14:26:49 INFO  valid result: 
recall@1 : 0.1431    recall@2 : 0.2346    recall@3 : 0.2954    recall@4 : 0.3412    recall@5 : 0.3848    recall@10 : 0.519    recall@20 : 0.6511    recall@30 : 0.7283    recall@50 : 0.8163    ndcg@1 : 0.2336    ndcg@2 : 0.2594    ndcg@3 : 0.2798    ndcg@4 : 0.2947    ndcg@5 : 0.3109    ndcg@10 : 0.3587    ndcg@20 : 0.3992    ndcg@30 : 0.4196    ndcg@50 : 0.4401    precision@1 : 0.2336    precision@2 : 0.1979    precision@3 : 0.1734    precision@4 : 0.1526    precision@5 : 0.1392    precision@10 : 0.0988    precision@20 : 0.0658    precision@30 : 0.0502    precision@50 : 0.0344    map@1 : 0.2336    map@2 : 0.2296    map@3 : 0.2354    map@4 : 0.2406    map@5 : 0.2483    map@10 : 0.2693    map@20 : 0.2842    map@30 : 0.2902    map@50 : 0.2949
Sun 15 Mar 2026 14:26:49 INFO  Saving current: saved/SCL-Mar-15-2026_14-22-21.pth
Sun 15 Mar 2026 14:26:49 INFO  Saving current best: saved/SCL-Mar-15-2026_14-22-21.pth
Sun 15 Mar 2026 14:26:49 INFO  Running E-step ! 
Sun 15 Mar 2026 14:26:53 INFO  epoch 41 training [time: 4.77s, train_loss1: 67.6623, train_loss2: 0.0339, train_loss3: 0.0115, train_loss4: 0.0027]
Sun 15 Mar 2026 14:26:56 INFO  epoch 41 evaluating [time: 3.00s, valid_score: 0.357000]
Sun 15 Mar 2026 14:26:56 INFO  valid result: 
recall@1 : 0.1419    recall@2 : 0.234    recall@3 : 0.2927    recall@4 : 0.3408    recall@5 : 0.3882    recall@10 : 0.5157    recall@20 : 0.6497    recall@30 : 0.7259    recall@50 : 0.8178    ndcg@1 : 0.2336    ndcg@2 : 0.2588    ndcg@3 : 0.278    ndcg@4 : 0.2937    ndcg@5 : 0.3118    ndcg@10 : 0.357    ndcg@20 : 0.398    ndcg@30 : 0.4184    ndcg@50 : 0.4398    precision@1 : 0.2336    precision@2 : 0.1973    precision@3 : 0.1722    precision@4 : 0.1518    precision@5 : 0.1406    precision@10 : 0.0984    precision@20 : 0.0655    precision@30 : 0.0501    precision@50 : 0.0345    map@1 : 0.2336    map@2 : 0.229    map@3 : 0.2338    map@4 : 0.2396    map@5 : 0.2482    map@10 : 0.2682    map@20 : 0.2831    map@30 : 0.2892    map@50 : 0.294
Sun 15 Mar 2026 14:26:56 INFO  Running E-step ! 
Sun 15 Mar 2026 14:27:02 INFO  epoch 42 training [time: 5.29s, train_loss1: 66.4189, train_loss2: 0.0334, train_loss3: 0.0115, train_loss4: 0.0026]
Sun 15 Mar 2026 14:27:07 INFO  epoch 42 evaluating [time: 5.24s, valid_score: 0.358500]
Sun 15 Mar 2026 14:27:07 INFO  valid result: 
recall@1 : 0.1419    recall@2 : 0.2349    recall@3 : 0.298    recall@4 : 0.3442    recall@5 : 0.3895    recall@10 : 0.517    recall@20 : 0.652    recall@30 : 0.725    recall@50 : 0.8167    ndcg@1 : 0.2354    ndcg@2 : 0.2601    ndcg@3 : 0.2815    ndcg@4 : 0.2964    ndcg@5 : 0.3133    ndcg@10 : 0.3585    ndcg@20 : 0.3997    ndcg@30 : 0.4193    ndcg@50 : 0.4407    precision@1 : 0.2354    precision@2 : 0.1985    precision@3 : 0.175    precision@4 : 0.1539    precision@5 : 0.1411    precision@10 : 0.0987    precision@20 : 0.0657    precision@30 : 0.05    precision@50 : 0.0344    map@1 : 0.2354    map@2 : 0.23    map@3 : 0.2362    map@4 : 0.2415    map@5 : 0.2493    map@10 : 0.2695    map@20 : 0.2844    map@30 : 0.2903    map@50 : 0.2952
Sun 15 Mar 2026 14:27:07 INFO  Running E-step ! 
Sun 15 Mar 2026 14:27:14 INFO  epoch 43 training [time: 7.13s, train_loss1: 66.2548, train_loss2: 0.0329, train_loss3: 0.0115, train_loss4: 0.0027]
Sun 15 Mar 2026 14:27:20 INFO  epoch 43 evaluating [time: 5.92s, valid_score: 0.360400]
Sun 15 Mar 2026 14:27:20 INFO  valid result: 
recall@1 : 0.1437    recall@2 : 0.2324    recall@3 : 0.2953    recall@4 : 0.3447    recall@5 : 0.3912    recall@10 : 0.5207    recall@20 : 0.6531    recall@30 : 0.7253    recall@50 : 0.8167    ndcg@1 : 0.2354    ndcg@2 : 0.2592    ndcg@3 : 0.2801    ndcg@4 : 0.2968    ndcg@5 : 0.3141    ndcg@10 : 0.3604    ndcg@20 : 0.4005    ndcg@30 : 0.42    ndcg@50 : 0.4413    precision@1 : 0.2354    precision@2 : 0.1976    precision@3 : 0.1736    precision@4 : 0.1542    precision@5 : 0.1418    precision@10 : 0.0998    precision@20 : 0.0657    precision@30 : 0.0501    precision@50 : 0.0345    map@1 : 0.2354    map@2 : 0.23    map@3 : 0.2359    map@4 : 0.2421    map@5 : 0.2501    map@10 : 0.2707    map@20 : 0.2853    map@30 : 0.2912    map@50 : 0.2961
Sun 15 Mar 2026 14:27:20 INFO  Saving current: saved/SCL-Mar-15-2026_14-22-21.pth
Sun 15 Mar 2026 14:27:20 INFO  Saving current best: saved/SCL-Mar-15-2026_14-22-21.pth
Sun 15 Mar 2026 14:27:20 INFO  Running E-step ! 
Sun 15 Mar 2026 14:27:27 INFO  epoch 44 training [time: 7.08s, train_loss1: 63.6926, train_loss2: 0.0325, train_loss3: 0.0115, train_loss4: 0.0027]
Sun 15 Mar 2026 14:27:33 INFO  epoch 44 evaluating [time: 6.00s, valid_score: 0.360200]
Sun 15 Mar 2026 14:27:33 INFO  valid result: 
recall@1 : 0.1432    recall@2 : 0.2323    recall@3 : 0.2945    recall@4 : 0.3456    recall@5 : 0.392    recall@10 : 0.5204    recall@20 : 0.6565    recall@30 : 0.7249    recall@50 : 0.8144    ndcg@1 : 0.2354    ndcg@2 : 0.2593    ndcg@3 : 0.2791    ndcg@4 : 0.2972    ndcg@5 : 0.3142    ndcg@10 : 0.3602    ndcg@20 : 0.4015    ndcg@30 : 0.4198    ndcg@50 : 0.4409    precision@1 : 0.2354    precision@2 : 0.1979    precision@3 : 0.1722    precision@4 : 0.1549    precision@5 : 0.1417    precision@10 : 0.0999    precision@20 : 0.0662    precision@30 : 0.05    precision@50 : 0.0344    map@1 : 0.2354    map@2 : 0.23    map@3 : 0.2348    map@4 : 0.242    map@5 : 0.2501    map@10 : 0.2706    map@20 : 0.2853    map@30 : 0.2909    map@50 : 0.2959
Sun 15 Mar 2026 14:27:33 INFO  Running E-step ! 
Sun 15 Mar 2026 14:27:40 INFO  epoch 45 training [time: 7.18s, train_loss1: 64.2775, train_loss2: 0.0322, train_loss3: 0.0115, train_loss4: 0.0028]
Sun 15 Mar 2026 14:27:46 INFO  epoch 45 evaluating [time: 6.08s, valid_score: 0.361200]
Sun 15 Mar 2026 14:27:46 INFO  valid result: 
recall@1 : 0.1466    recall@2 : 0.2339    recall@3 : 0.288    recall@4 : 0.343    recall@5 : 0.393    recall@10 : 0.5216    recall@20 : 0.6554    recall@30 : 0.7289    recall@50 : 0.8139    ndcg@1 : 0.2396    ndcg@2 : 0.2612    ndcg@3 : 0.2769    ndcg@4 : 0.2968    ndcg@5 : 0.3154    ndcg@10 : 0.3612    ndcg@20 : 0.4017    ndcg@30 : 0.4213    ndcg@50 : 0.4415    precision@1 : 0.2396    precision@2 : 0.1979    precision@3 : 0.1691    precision@4 : 0.1538    precision@5 : 0.142    precision@10 : 0.0999    precision@20 : 0.066    precision@30 : 0.0501    precision@50 : 0.0344    map@1 : 0.2396    map@2 : 0.2324    map@3 : 0.2343    map@4 : 0.2426    map@5 : 0.2515    map@10 : 0.2716    map@20 : 0.2863    map@30 : 0.2921    map@50 : 0.2969
Sun 15 Mar 2026 14:27:46 INFO  Saving current: saved/SCL-Mar-15-2026_14-22-21.pth
Sun 15 Mar 2026 14:27:46 INFO  Saving current best: saved/SCL-Mar-15-2026_14-22-21.pth
Sun 15 Mar 2026 14:27:46 INFO  Running E-step ! 
Sun 15 Mar 2026 14:27:54 INFO  epoch 46 training [time: 7.28s, train_loss1: 62.2578, train_loss2: 0.0318, train_loss3: 0.0115, train_loss4: 0.0033]
Sun 15 Mar 2026 14:28:00 INFO  epoch 46 evaluating [time: 6.01s, valid_score: 0.362500]
Sun 15 Mar 2026 14:28:00 INFO  valid result: 
recall@1 : 0.1494    recall@2 : 0.2324    recall@3 : 0.2926    recall@4 : 0.3428    recall@5 : 0.3902    recall@10 : 0.5221    recall@20 : 0.6557    recall@30 : 0.7277    recall@50 : 0.8155    ndcg@1 : 0.2431    ndcg@2 : 0.2616    ndcg@3 : 0.2805    ndcg@4 : 0.2981    ndcg@5 : 0.3154    ndcg@10 : 0.3625    ndcg@20 : 0.4032    ndcg@30 : 0.4224    ndcg@50 : 0.4431    precision@1 : 0.2431    precision@2 : 0.1976    precision@3 : 0.1714    precision@4 : 0.1541    precision@5 : 0.141    precision@10 : 0.1    precision@20 : 0.0662    precision@30 : 0.0501    precision@50 : 0.0344    map@1 : 0.2431    map@2 : 0.2333    map@3 : 0.2374    map@4 : 0.2441    map@5 : 0.2522    map@10 : 0.2731    map@20 : 0.2879    map@30 : 0.2937    map@50 : 0.2985
Sun 15 Mar 2026 14:28:00 INFO  Saving current: saved/SCL-Mar-15-2026_14-22-21.pth
Sun 15 Mar 2026 14:28:00 INFO  Saving current best: saved/SCL-Mar-15-2026_14-22-21.pth
Sun 15 Mar 2026 14:28:00 INFO  Running E-step ! 
Sun 15 Mar 2026 14:28:07 INFO  epoch 47 training [time: 7.09s, train_loss1: 61.2078, train_loss2: 0.0315, train_loss3: 0.0115, train_loss4: 0.0033]
Sun 15 Mar 2026 14:28:13 INFO  epoch 47 evaluating [time: 5.87s, valid_score: 0.362200]
Sun 15 Mar 2026 14:28:13 INFO  valid result: 
recall@1 : 0.1469    recall@2 : 0.2325    recall@3 : 0.2924    recall@4 : 0.3425    recall@5 : 0.3891    recall@10 : 0.5234    recall@20 : 0.6575    recall@30 : 0.7274    recall@50 : 0.8139    ndcg@1 : 0.239    ndcg@2 : 0.2606    ndcg@3 : 0.2793    ndcg@4 : 0.2975    ndcg@5 : 0.3142    ndcg@10 : 0.3622    ndcg@20 : 0.4026    ndcg@30 : 0.4214    ndcg@50 : 0.4419    precision@1 : 0.239    precision@2 : 0.1982    precision@3 : 0.1712    precision@4 : 0.1551    precision@5 : 0.1412    precision@10 : 0.1008    precision@20 : 0.0662    precision@30 : 0.0502    precision@50 : 0.0345    map@1 : 0.239    map@2 : 0.2323    map@3 : 0.236    map@4 : 0.2433    map@5 : 0.2509    map@10 : 0.2724    map@20 : 0.2869    map@30 : 0.2926    map@50 : 0.2975
Sun 15 Mar 2026 14:28:13 INFO  Running E-step ! 
Sun 15 Mar 2026 14:28:20 INFO  epoch 48 training [time: 6.95s, train_loss1: 59.8502, train_loss2: 0.0311, train_loss3: 0.0115, train_loss4: 0.0031]
Sun 15 Mar 2026 14:28:26 INFO  epoch 48 evaluating [time: 5.99s, valid_score: 0.360600]
Sun 15 Mar 2026 14:28:26 INFO  valid result: 
recall@1 : 0.1473    recall@2 : 0.2327    recall@3 : 0.2918    recall@4 : 0.3453    recall@5 : 0.3918    recall@10 : 0.5178    recall@20 : 0.656    recall@30 : 0.7281    recall@50 : 0.8123    ndcg@1 : 0.239    ndcg@2 : 0.26    ndcg@3 : 0.2794    ndcg@4 : 0.2984    ndcg@5 : 0.3153    ndcg@10 : 0.3606    ndcg@20 : 0.4024    ndcg@30 : 0.4216    ndcg@50 : 0.4417    precision@1 : 0.239    precision@2 : 0.1967    precision@3 : 0.1718    precision@4 : 0.1552    precision@5 : 0.1416    precision@10 : 0.0998    precision@20 : 0.0662    precision@30 : 0.0501    precision@50 : 0.0344    map@1 : 0.239    map@2 : 0.2312    map@3 : 0.2362    map@4 : 0.2436    map@5 : 0.2516    map@10 : 0.2719    map@20 : 0.287    map@30 : 0.2928    map@50 : 0.2976
Sun 15 Mar 2026 14:28:26 INFO  Running E-step ! 
Sun 15 Mar 2026 14:28:33 INFO  epoch 49 training [time: 7.20s, train_loss1: 59.4013, train_loss2: 0.0307, train_loss3: 0.0115, train_loss4: 0.0027]
Sun 15 Mar 2026 14:28:39 INFO  epoch 49 evaluating [time: 5.91s, valid_score: 0.362200]
Sun 15 Mar 2026 14:28:39 INFO  valid result: 
recall@1 : 0.1479    recall@2 : 0.2355    recall@3 : 0.2928    recall@4 : 0.3452    recall@5 : 0.3899    recall@10 : 0.521    recall@20 : 0.6599    recall@30 : 0.7303    recall@50 : 0.8124    ndcg@1 : 0.2402    ndcg@2 : 0.2617    ndcg@3 : 0.2798    ndcg@4 : 0.2988    ndcg@5 : 0.3153    ndcg@10 : 0.3622    ndcg@20 : 0.4041    ndcg@30 : 0.4228    ndcg@50 : 0.4426    precision@1 : 0.2402    precision@2 : 0.1979    precision@3 : 0.1712    precision@4 : 0.1549    precision@5 : 0.1414    precision@10 : 0.1002    precision@20 : 0.0665    precision@30 : 0.0502    precision@50 : 0.0345    map@1 : 0.2402    map@2 : 0.2329    map@3 : 0.2366    map@4 : 0.2443    map@5 : 0.2519    map@10 : 0.273    map@20 : 0.2881    map@30 : 0.2937    map@50 : 0.2984
Sun 15 Mar 2026 14:28:39 INFO  Running E-step ! 
Sun 15 Mar 2026 14:28:46 INFO  epoch 50 training [time: 7.20s, train_loss1: 58.8403, train_loss2: 0.0304, train_loss3: 0.0115, train_loss4: 0.0029]
Sun 15 Mar 2026 14:28:52 INFO  epoch 50 evaluating [time: 5.87s, valid_score: 0.359200]
Sun 15 Mar 2026 14:28:52 INFO  valid result: 
recall@1 : 0.1463    recall@2 : 0.2296    recall@3 : 0.2898    recall@4 : 0.3412    recall@5 : 0.3896    recall@10 : 0.5176    recall@20 : 0.6624    recall@30 : 0.7301    recall@50 : 0.8119    ndcg@1 : 0.236    ndcg@2 : 0.2576    ndcg@3 : 0.2769    ndcg@4 : 0.2951    ndcg@5 : 0.3133    ndcg@10 : 0.3592    ndcg@20 : 0.4026    ndcg@30 : 0.4208    ndcg@50 : 0.4405    precision@1 : 0.236    precision@2 : 0.1958    precision@3 : 0.17    precision@4 : 0.1535    precision@5 : 0.1414    precision@10 : 0.0997    precision@20 : 0.0666    precision@30 : 0.0502    precision@50 : 0.0344    map@1 : 0.236    map@2 : 0.2296    map@3 : 0.234    map@4 : 0.241    map@5 : 0.2495    map@10 : 0.2702    map@20 : 0.2857    map@30 : 0.2913    map@50 : 0.296
Sun 15 Mar 2026 14:28:52 INFO  Running E-step ! 
Sun 15 Mar 2026 14:28:59 INFO  epoch 51 training [time: 7.18s, train_loss1: 56.9054, train_loss2: 0.0301, train_loss3: 0.0115, train_loss4: 0.0030]
Sun 15 Mar 2026 14:29:05 INFO  epoch 51 evaluating [time: 5.90s, valid_score: 0.358100]
Sun 15 Mar 2026 14:29:05 INFO  valid result: 
recall@1 : 0.1439    recall@2 : 0.2285    recall@3 : 0.2929    recall@4 : 0.345    recall@5 : 0.3883    recall@10 : 0.5164    recall@20 : 0.6623    recall@30 : 0.7306    recall@50 : 0.8114    ndcg@1 : 0.2336    ndcg@2 : 0.2559    ndcg@3 : 0.2778    ndcg@4 : 0.2963    ndcg@5 : 0.312    ndcg@10 : 0.3581    ndcg@20 : 0.4018    ndcg@30 : 0.4202    ndcg@50 : 0.4396    precision@1 : 0.2336    precision@2 : 0.1949    precision@3 : 0.172    precision@4 : 0.1549    precision@5 : 0.1408    precision@10 : 0.0996    precision@20 : 0.0665    precision@30 : 0.0503    precision@50 : 0.0344    map@1 : 0.2336    map@2 : 0.2278    map@3 : 0.2336    map@4 : 0.2407    map@5 : 0.2482    map@10 : 0.2692    map@20 : 0.2847    map@30 : 0.2903    map@50 : 0.295
Sun 15 Mar 2026 14:29:05 INFO  Running E-step ! 
Sun 15 Mar 2026 14:29:12 INFO  epoch 52 training [time: 7.30s, train_loss1: 55.2241, train_loss2: 0.0299, train_loss3: 0.0115, train_loss4: 0.0029]
Sun 15 Mar 2026 14:29:18 INFO  epoch 52 evaluating [time: 5.81s, valid_score: 0.358800]
Sun 15 Mar 2026 14:29:18 INFO  valid result: 
recall@1 : 0.1452    recall@2 : 0.2338    recall@3 : 0.2936    recall@4 : 0.3432    recall@5 : 0.3859    recall@10 : 0.5144    recall@20 : 0.6612    recall@30 : 0.7289    recall@50 : 0.809    ndcg@1 : 0.236    ndcg@2 : 0.2606    ndcg@3 : 0.2798    ndcg@4 : 0.2971    ndcg@5 : 0.3126    ndcg@10 : 0.3588    ndcg@20 : 0.4027    ndcg@30 : 0.421    ndcg@50 : 0.4404    precision@1 : 0.236    precision@2 : 0.199    precision@3 : 0.1728    precision@4 : 0.1551    precision@5 : 0.1405    precision@10 : 0.0996    precision@20 : 0.0665    precision@30 : 0.0502    precision@50 : 0.0344    map@1 : 0.236    map@2 : 0.2311    map@3 : 0.2357    map@4 : 0.2422    map@5 : 0.2494    map@10 : 0.2705    map@20 : 0.286    map@30 : 0.2916    map@50 : 0.2963
Sun 15 Mar 2026 14:29:18 INFO  Running E-step ! 
Sun 15 Mar 2026 14:29:25 INFO  epoch 53 training [time: 7.18s, train_loss1: 56.1672, train_loss2: 0.0296, train_loss3: 0.0115, train_loss4: 0.0033]
Sun 15 Mar 2026 14:29:31 INFO  epoch 53 evaluating [time: 5.83s, valid_score: 0.358700]
Sun 15 Mar 2026 14:29:31 INFO  valid result: 
recall@1 : 0.1471    recall@2 : 0.2346    recall@3 : 0.2948    recall@4 : 0.3432    recall@5 : 0.3853    recall@10 : 0.5126    recall@20 : 0.6583    recall@30 : 0.7286    recall@50 : 0.8077    ndcg@1 : 0.239    ndcg@2 : 0.2611    ndcg@3 : 0.2807    ndcg@4 : 0.2976    ndcg@5 : 0.313    ndcg@10 : 0.3587    ndcg@20 : 0.4025    ndcg@30 : 0.4213    ndcg@50 : 0.4404    precision@1 : 0.239    precision@2 : 0.1982    precision@3 : 0.1724    precision@4 : 0.1541    precision@5 : 0.1399    precision@10 : 0.0989    precision@20 : 0.0662    precision@30 : 0.0501    precision@50 : 0.0343    map@1 : 0.239    map@2 : 0.2323    map@3 : 0.2368    map@4 : 0.2429    map@5 : 0.2503    map@10 : 0.271    map@20 : 0.2865    map@30 : 0.2922    map@50 : 0.2969
Sun 15 Mar 2026 14:29:31 INFO  Running E-step ! 
Sun 15 Mar 2026 14:29:38 INFO  epoch 54 training [time: 7.23s, train_loss1: 54.7550, train_loss2: 0.0293, train_loss3: 0.0115, train_loss4: 0.0030]
Sun 15 Mar 2026 14:29:44 INFO  epoch 54 evaluating [time: 5.94s, valid_score: 0.360600]
Sun 15 Mar 2026 14:29:44 INFO  valid result: 
recall@1 : 0.1486    recall@2 : 0.2362    recall@3 : 0.2944    recall@4 : 0.3466    recall@5 : 0.3885    recall@10 : 0.5144    recall@20 : 0.6587    recall@30 : 0.7283    recall@50 : 0.8083    ndcg@1 : 0.2426    ndcg@2 : 0.263    ndcg@3 : 0.2815    ndcg@4 : 0.2998    ndcg@5 : 0.3156    ndcg@10 : 0.3606    ndcg@20 : 0.4038    ndcg@30 : 0.4224    ndcg@50 : 0.4418    precision@1 : 0.2426    precision@2 : 0.199    precision@3 : 0.172    precision@4 : 0.1546    precision@5 : 0.1412    precision@10 : 0.0995    precision@20 : 0.0664    precision@30 : 0.0502    precision@50 : 0.0344    map@1 : 0.2426    map@2 : 0.2347    map@3 : 0.2381    map@4 : 0.2448    map@5 : 0.2524    map@10 : 0.2728    map@20 : 0.2881    map@30 : 0.2937    map@50 : 0.2984
Sun 15 Mar 2026 14:29:44 INFO  Running E-step ! 
Sun 15 Mar 2026 14:29:51 INFO  epoch 55 training [time: 7.23s, train_loss1: 54.2338, train_loss2: 0.0291, train_loss3: 0.0115, train_loss4: 0.0028]
Sun 15 Mar 2026 14:29:57 INFO  epoch 55 evaluating [time: 5.91s, valid_score: 0.360600]
Sun 15 Mar 2026 14:29:57 INFO  valid result: 
recall@1 : 0.1478    recall@2 : 0.2347    recall@3 : 0.2974    recall@4 : 0.3484    recall@5 : 0.3842    recall@10 : 0.5155    recall@20 : 0.6581    recall@30 : 0.7297    recall@50 : 0.8078    ndcg@1 : 0.2384    ndcg@2 : 0.262    ndcg@3 : 0.2827    ndcg@4 : 0.3002    ndcg@5 : 0.3132    ndcg@10 : 0.3606    ndcg@20 : 0.4034    ndcg@30 : 0.4225    ndcg@50 : 0.4413    precision@1 : 0.2384    precision@2 : 0.1996    precision@3 : 0.1742    precision@4 : 0.1551    precision@5 : 0.1397    precision@10 : 0.0998    precision@20 : 0.0665    precision@30 : 0.0503    precision@50 : 0.0344    map@1 : 0.2384    map@2 : 0.2335    map@3 : 0.2384    map@4 : 0.2448    map@5 : 0.2511    map@10 : 0.2725    map@20 : 0.2878    map@30 : 0.2935    map@50 : 0.2981
Sun 15 Mar 2026 14:29:57 INFO  Running E-step ! 
Sun 15 Mar 2026 14:30:05 INFO  epoch 56 training [time: 7.28s, train_loss1: 53.8185, train_loss2: 0.0288, train_loss3: 0.0115, train_loss4: 0.0027]
Sun 15 Mar 2026 14:30:11 INFO  epoch 56 evaluating [time: 5.90s, valid_score: 0.361200]
Sun 15 Mar 2026 14:30:11 INFO  valid result: 
recall@1 : 0.149    recall@2 : 0.2351    recall@3 : 0.2988    recall@4 : 0.3479    recall@5 : 0.3882    recall@10 : 0.516    recall@20 : 0.662    recall@30 : 0.7296    recall@50 : 0.8085    ndcg@1 : 0.2396    ndcg@2 : 0.2632    ndcg@3 : 0.2833    ndcg@4 : 0.3006    ndcg@5 : 0.3156    ndcg@10 : 0.3612    ndcg@20 : 0.405    ndcg@30 : 0.4232    ndcg@50 : 0.4423    precision@1 : 0.2396    precision@2 : 0.2002    precision@3 : 0.1736    precision@4 : 0.1552    precision@5 : 0.1412    precision@10 : 0.0996    precision@20 : 0.0665    precision@30 : 0.0503    precision@50 : 0.0345    map@1 : 0.2396    map@2 : 0.235    map@3 : 0.2391    map@4 : 0.2456    map@5 : 0.253    map@10 : 0.2734    map@20 : 0.2889    map@30 : 0.2945    map@50 : 0.2991
Sun 15 Mar 2026 14:30:11 INFO  Running E-step ! 
Sun 15 Mar 2026 14:30:18 INFO  epoch 57 training [time: 6.97s, train_loss1: 50.7340, train_loss2: 0.0287, train_loss3: 0.0115, train_loss4: 0.0031]
Sun 15 Mar 2026 14:30:24 INFO  epoch 57 evaluating [time: 6.02s, valid_score: 0.361000]
Sun 15 Mar 2026 14:30:24 INFO  valid result: 
recall@1 : 0.1469    recall@2 : 0.2357    recall@3 : 0.2966    recall@4 : 0.3427    recall@5 : 0.3869    recall@10 : 0.5183    recall@20 : 0.6626    recall@30 : 0.7297    recall@50 : 0.8085    ndcg@1 : 0.239    ndcg@2 : 0.2625    ndcg@3 : 0.2822    ndcg@4 : 0.2974    ndcg@5 : 0.314    ndcg@10 : 0.361    ndcg@20 : 0.4041    ndcg@30 : 0.4222    ndcg@50 : 0.4413    precision@1 : 0.239    precision@2 : 0.1996    precision@3 : 0.1736    precision@4 : 0.1532    precision@5 : 0.1409    precision@10 : 0.1    precision@20 : 0.0666    precision@30 : 0.0503    precision@50 : 0.0344    map@1 : 0.239    map@2 : 0.2339    map@3 : 0.2385    map@4 : 0.2433    map@5 : 0.2515    map@10 : 0.2724    map@20 : 0.2876    map@30 : 0.2932    map@50 : 0.2978
Sun 15 Mar 2026 14:30:24 INFO  Running E-step ! 
Sun 15 Mar 2026 14:30:31 INFO  epoch 58 training [time: 7.30s, train_loss1: 50.7282, train_loss2: 0.0284, train_loss3: 0.0115, train_loss4: 0.0032]
Sun 15 Mar 2026 14:30:37 INFO  epoch 58 evaluating [time: 5.95s, valid_score: 0.358400]
Sun 15 Mar 2026 14:30:37 INFO  valid result: 
recall@1 : 0.1453    recall@2 : 0.2355    recall@3 : 0.2934    recall@4 : 0.3423    recall@5 : 0.3838    recall@10 : 0.5138    recall@20 : 0.6606    recall@30 : 0.7291    recall@50 : 0.8088    ndcg@1 : 0.236    ndcg@2 : 0.2615    ndcg@3 : 0.279    ndcg@4 : 0.2962    ndcg@5 : 0.3118    ndcg@10 : 0.3584    ndcg@20 : 0.4022    ndcg@30 : 0.4206    ndcg@50 : 0.44    precision@1 : 0.236    precision@2 : 0.1993    precision@3 : 0.1706    precision@4 : 0.153    precision@5 : 0.1403    precision@10 : 0.0995    precision@20 : 0.0663    precision@30 : 0.0502    precision@50 : 0.0345    map@1 : 0.236    map@2 : 0.233    map@3 : 0.2359    map@4 : 0.2418    map@5 : 0.2495    map@10 : 0.2705    map@20 : 0.2859    map@30 : 0.2916    map@50 : 0.2963
Sun 15 Mar 2026 14:30:37 INFO  Running E-step ! 
Sun 15 Mar 2026 14:30:44 INFO  epoch 59 training [time: 7.31s, train_loss1: 49.8967, train_loss2: 0.0282, train_loss3: 0.0115, train_loss4: 0.0030]
Sun 15 Mar 2026 14:30:50 INFO  epoch 59 evaluating [time: 5.98s, valid_score: 0.358400]
Sun 15 Mar 2026 14:30:50 INFO  valid result: 
recall@1 : 0.1462    recall@2 : 0.2325    recall@3 : 0.2947    recall@4 : 0.3441    recall@5 : 0.3831    recall@10 : 0.514    recall@20 : 0.6595    recall@30 : 0.7284    recall@50 : 0.8125    ndcg@1 : 0.2372    ndcg@2 : 0.2592    ndcg@3 : 0.2794    ndcg@4 : 0.2971    ndcg@5 : 0.3116    ndcg@10 : 0.3584    ndcg@20 : 0.4019    ndcg@30 : 0.4205    ndcg@50 : 0.4406    precision@1 : 0.2372    precision@2 : 0.1967    precision@3 : 0.171    precision@4 : 0.1541    precision@5 : 0.14    precision@10 : 0.0993    precision@20 : 0.0662    precision@30 : 0.0502    precision@50 : 0.0345    map@1 : 0.2372    map@2 : 0.2309    map@3 : 0.2356    map@4 : 0.2424    map@5 : 0.2496    map@10 : 0.2704    map@20 : 0.2859    map@30 : 0.2915    map@50 : 0.2964
Sun 15 Mar 2026 14:30:50 INFO  Running E-step ! 
Sun 15 Mar 2026 14:30:57 INFO  epoch 60 training [time: 6.98s, train_loss1: 49.9218, train_loss2: 0.0279, train_loss3: 0.0115, train_loss4: 0.0029]
Sun 15 Mar 2026 14:31:03 INFO  epoch 60 evaluating [time: 5.97s, valid_score: 0.358100]
Sun 15 Mar 2026 14:31:03 INFO  valid result: 
recall@1 : 0.1473    recall@2 : 0.2318    recall@3 : 0.2899    recall@4 : 0.3429    recall@5 : 0.3753    recall@10 : 0.515    recall@20 : 0.6594    recall@30 : 0.7293    recall@50 : 0.8126    ndcg@1 : 0.2384    ndcg@2 : 0.2584    ndcg@3 : 0.2771    ndcg@4 : 0.2964    ndcg@5 : 0.3084    ndcg@10 : 0.3581    ndcg@20 : 0.4014    ndcg@30 : 0.4201    ndcg@50 : 0.4401    precision@1 : 0.2384    precision@2 : 0.1952    precision@3 : 0.1692    precision@4 : 0.1536    precision@5 : 0.1384    precision@10 : 0.0995    precision@20 : 0.0663    precision@30 : 0.0502    precision@50 : 0.0345    map@1 : 0.2384    map@2 : 0.2303    map@3 : 0.2342    map@4 : 0.2421    map@5 : 0.2479    map@10 : 0.2699    map@20 : 0.2854    map@30 : 0.291    map@50 : 0.2959
Sun 15 Mar 2026 14:31:03 INFO  Running E-step ! 
Sun 15 Mar 2026 14:31:10 INFO  epoch 61 training [time: 7.03s, train_loss1: 49.6674, train_loss2: 0.0277, train_loss3: 0.0115, train_loss4: 0.0027]
Sun 15 Mar 2026 14:31:16 INFO  epoch 61 evaluating [time: 6.05s, valid_score: 0.358400]
Sun 15 Mar 2026 14:31:16 INFO  valid result: 
recall@1 : 0.1475    recall@2 : 0.2287    recall@3 : 0.2891    recall@4 : 0.3374    recall@5 : 0.3761    recall@10 : 0.518    recall@20 : 0.6567    recall@30 : 0.7296    recall@50 : 0.8127    ndcg@1 : 0.239    ndcg@2 : 0.2568    ndcg@3 : 0.2762    ndcg@4 : 0.2936    ndcg@5 : 0.3082    ndcg@10 : 0.3584    ndcg@20 : 0.3998    ndcg@30 : 0.4193    ndcg@50 : 0.4393    precision@1 : 0.239    precision@2 : 0.1937    precision@3 : 0.1687    precision@4 : 0.1521    precision@5 : 0.1387    precision@10 : 0.0999    precision@20 : 0.0659    precision@30 : 0.0502    precision@50 : 0.0345    map@1 : 0.239    map@2 : 0.2291    map@3 : 0.2336    map@4 : 0.2405    map@5 : 0.2473    map@10 : 0.2694    map@20 : 0.2841    map@30 : 0.29    map@50 : 0.2949
Sun 15 Mar 2026 14:31:16 INFO  Running E-step ! 
Sun 15 Mar 2026 14:31:23 INFO  epoch 62 training [time: 7.08s, train_loss1: 47.2797, train_loss2: 0.0275, train_loss3: 0.0115, train_loss4: 0.0027]
Sun 15 Mar 2026 14:31:30 INFO  epoch 62 evaluating [time: 6.16s, valid_score: 0.357800]
Sun 15 Mar 2026 14:31:30 INFO  valid result: 
recall@1 : 0.1488    recall@2 : 0.2292    recall@3 : 0.2835    recall@4 : 0.3345    recall@5 : 0.3739    recall@10 : 0.5172    recall@20 : 0.6564    recall@30 : 0.7261    recall@50 : 0.812    ndcg@1 : 0.239    ndcg@2 : 0.2572    ndcg@3 : 0.2734    ndcg@4 : 0.2919    ndcg@5 : 0.3069    ndcg@10 : 0.3578    ndcg@20 : 0.3996    ndcg@30 : 0.4182    ndcg@50 : 0.4389    precision@1 : 0.239    precision@2 : 0.194    precision@3 : 0.1661    precision@4 : 0.1505    precision@5 : 0.1377    precision@10 : 0.0993    precision@20 : 0.066    precision@30 : 0.0498    precision@50 : 0.0345    map@1 : 0.239    map@2 : 0.2297    map@3 : 0.2324    map@4 : 0.2398    map@5 : 0.2468    map@10 : 0.2693    map@20 : 0.2842    map@30 : 0.2897    map@50 : 0.2948
Sun 15 Mar 2026 14:31:30 INFO  Running E-step ! 
Sun 15 Mar 2026 14:31:37 INFO  epoch 63 training [time: 6.96s, train_loss1: 47.1222, train_loss2: 0.0273, train_loss3: 0.0115, train_loss4: 0.0026]
Sun 15 Mar 2026 14:31:43 INFO  epoch 63 evaluating [time: 5.98s, valid_score: 0.355500]
Sun 15 Mar 2026 14:31:43 INFO  valid result: 
recall@1 : 0.1471    recall@2 : 0.2286    recall@3 : 0.2829    recall@4 : 0.333    recall@5 : 0.3693    recall@10 : 0.5138    recall@20 : 0.6572    recall@30 : 0.7252    recall@50 : 0.8124    ndcg@1 : 0.2372    ndcg@2 : 0.2557    ndcg@3 : 0.2723    ndcg@4 : 0.2903    ndcg@5 : 0.3041    ndcg@10 : 0.3555    ndcg@20 : 0.3985    ndcg@30 : 0.4168    ndcg@50 : 0.4377    precision@1 : 0.2372    precision@2 : 0.1928    precision@3 : 0.1655    precision@4 : 0.1499    precision@5 : 0.1364    precision@10 : 0.099    precision@20 : 0.066    precision@30 : 0.0498    precision@50 : 0.0345    map@1 : 0.2372    map@2 : 0.2279    map@3 : 0.2312    map@4 : 0.2382    map@5 : 0.2445    map@10 : 0.2675    map@20 : 0.2826    map@30 : 0.2882    map@50 : 0.2933
Sun 15 Mar 2026 14:31:43 INFO  Running E-step ! 
Sun 15 Mar 2026 14:31:50 INFO  epoch 64 training [time: 7.01s, train_loss1: 45.9732, train_loss2: 0.0272, train_loss3: 0.0115, train_loss4: 0.0027]
Sun 15 Mar 2026 14:31:56 INFO  epoch 64 evaluating [time: 6.13s, valid_score: 0.357900]
Sun 15 Mar 2026 14:31:56 INFO  valid result: 
recall@1 : 0.1492    recall@2 : 0.2278    recall@3 : 0.286    recall@4 : 0.3343    recall@5 : 0.3747    recall@10 : 0.5169    recall@20 : 0.6576    recall@30 : 0.7268    recall@50 : 0.8112    ndcg@1 : 0.2384    ndcg@2 : 0.2561    ndcg@3 : 0.2749    ndcg@4 : 0.2918    ndcg@5 : 0.3075    ndcg@10 : 0.3579    ndcg@20 : 0.4002    ndcg@30 : 0.4189    ndcg@50 : 0.4391    precision@1 : 0.2384    precision@2 : 0.1928    precision@3 : 0.1675    precision@4 : 0.15    precision@5 : 0.1383    precision@10 : 0.0995    precision@20 : 0.066    precision@30 : 0.05    precision@50 : 0.0345    map@1 : 0.2384    map@2 : 0.229    map@3 : 0.2335    map@4 : 0.2396    map@5 : 0.2472    map@10 : 0.2696    map@20 : 0.2846    map@30 : 0.2903    map@50 : 0.2952
Sun 15 Mar 2026 14:31:56 INFO  Running E-step ! 
Sun 15 Mar 2026 14:32:03 INFO  epoch 65 training [time: 7.06s, train_loss1: 45.5146, train_loss2: 0.0270, train_loss3: 0.0115, train_loss4: 0.0028]
Sun 15 Mar 2026 14:32:09 INFO  epoch 65 evaluating [time: 6.14s, valid_score: 0.355300]
Sun 15 Mar 2026 14:32:09 INFO  valid result: 
recall@1 : 0.146    recall@2 : 0.2239    recall@3 : 0.2859    recall@4 : 0.3336    recall@5 : 0.3685    recall@10 : 0.5154    recall@20 : 0.658    recall@30 : 0.7249    recall@50 : 0.8107    ndcg@1 : 0.2348    ndcg@2 : 0.2523    ndcg@3 : 0.2729    ndcg@4 : 0.2897    ndcg@5 : 0.3027    ndcg@10 : 0.3553    ndcg@20 : 0.398    ndcg@30 : 0.4162    ndcg@50 : 0.4367    precision@1 : 0.2348    precision@2 : 0.1907    precision@3 : 0.1673    precision@4 : 0.1497    precision@5 : 0.1358    precision@10 : 0.0992    precision@20 : 0.066    precision@30 : 0.05    precision@50 : 0.0345    map@1 : 0.2348    map@2 : 0.225    map@3 : 0.2308    map@4 : 0.2375    map@5 : 0.2432    map@10 : 0.2666    map@20 : 0.2818    map@30 : 0.2873    map@50 : 0.2923
Sun 15 Mar 2026 14:32:09 INFO  Running E-step ! 
Sun 15 Mar 2026 14:32:16 INFO  epoch 66 training [time: 7.16s, train_loss1: 45.5404, train_loss2: 0.0268, train_loss3: 0.0115, train_loss4: 0.0029]
Sun 15 Mar 2026 14:32:22 INFO  epoch 66 evaluating [time: 6.04s, valid_score: 0.354300]
Sun 15 Mar 2026 14:32:22 INFO  valid result: 
recall@1 : 0.1496    recall@2 : 0.221    recall@3 : 0.2849    recall@4 : 0.3335    recall@5 : 0.3631    recall@10 : 0.5101    recall@20 : 0.6577    recall@30 : 0.7248    recall@50 : 0.8104    ndcg@1 : 0.2372    ndcg@2 : 0.2516    ndcg@3 : 0.2732    ndcg@4 : 0.2909    ndcg@5 : 0.3015    ndcg@10 : 0.3543    ndcg@20 : 0.3984    ndcg@30 : 0.4165    ndcg@50 : 0.437    precision@1 : 0.2372    precision@2 : 0.1889    precision@3 : 0.1669    precision@4 : 0.1506    precision@5 : 0.1346    precision@10 : 0.0987    precision@20 : 0.066    precision@30 : 0.05    precision@50 : 0.0345    map@1 : 0.2372    map@2 : 0.2253    map@3 : 0.2317    map@4 : 0.2388    map@5 : 0.2434    map@10 : 0.2668    map@20 : 0.2825    map@30 : 0.288    map@50 : 0.2929
Sun 15 Mar 2026 14:32:22 INFO  Running E-step ! 
Sun 15 Mar 2026 14:32:29 INFO  epoch 67 training [time: 7.11s, train_loss1: 44.4916, train_loss2: 0.0266, train_loss3: 0.0115, train_loss4: 0.0031]
Sun 15 Mar 2026 14:32:35 INFO  epoch 67 evaluating [time: 6.06s, valid_score: 0.354900]
Sun 15 Mar 2026 14:32:35 INFO  valid result: 
recall@1 : 0.146    recall@2 : 0.2248    recall@3 : 0.284    recall@4 : 0.332    recall@5 : 0.3675    recall@10 : 0.5146    recall@20 : 0.6544    recall@30 : 0.7211    recall@50 : 0.8098    ndcg@1 : 0.2336    ndcg@2 : 0.2531    ndcg@3 : 0.2723    ndcg@4 : 0.2894    ndcg@5 : 0.302    ndcg@10 : 0.3549    ndcg@20 : 0.397    ndcg@30 : 0.415    ndcg@50 : 0.4362    precision@1 : 0.2336    precision@2 : 0.1916    precision@3 : 0.1671    precision@4 : 0.1503    precision@5 : 0.1352    precision@10 : 0.0993    precision@20 : 0.0659    precision@30 : 0.0498    precision@50 : 0.0345    map@1 : 0.2336    map@2 : 0.2256    map@3 : 0.2305    map@4 : 0.237    map@5 : 0.2428    map@10 : 0.2664    map@20 : 0.2814    map@30 : 0.2868    map@50 : 0.292
Sun 15 Mar 2026 14:32:35 INFO  Finished training, best eval result in epoch 46
Sun 15 Mar 2026 14:32:35 INFO  Loading model structure and parameters from saved/SCL-Mar-15-2026_14-22-21.pth
Sun 15 Mar 2026 14:32:42 INFO  best valid : OrderedDict([('recall@1', 0.1494), ('recall@2', 0.2324), ('recall@3', 0.2926), ('recall@4', 0.3428), ('recall@5', 0.3902), ('recall@10', 0.5221), ('recall@20', 0.6557), ('recall@30', 0.7277), ('recall@50', 0.8155), ('ndcg@1', 0.2431), ('ndcg@2', 0.2616), ('ndcg@3', 0.2805), ('ndcg@4', 0.2981), ('ndcg@5', 0.3154), ('ndcg@10', 0.3625), ('ndcg@20', 0.4032), ('ndcg@30', 0.4224), ('ndcg@50', 0.4431), ('precision@1', 0.2431), ('precision@2', 0.1976), ('precision@3', 0.1714), ('precision@4', 0.1541), ('precision@5', 0.141), ('precision@10', 0.1), ('precision@20', 0.0662), ('precision@30', 0.0501), ('precision@50', 0.0344), ('map@1', 0.2431), ('map@2', 0.2333), ('map@3', 0.2374), ('map@4', 0.2441), ('map@5', 0.2522), ('map@10', 0.2731), ('map@20', 0.2879), ('map@30', 0.2937), ('map@50', 0.2985)])
Sun 15 Mar 2026 14:32:42 INFO  test result: OrderedDict([('recall@1', 0.1818), ('recall@2', 0.2759), ('recall@3', 0.3304), ('recall@4', 0.3783), ('recall@5', 0.4114), ('recall@10', 0.5266), ('recall@20', 0.6588), ('recall@30', 0.7364), ('recall@50', 0.8217), ('ndcg@1', 0.3021), ('ndcg@2', 0.3164), ('ndcg@3', 0.3283), ('ndcg@4', 0.3432), ('ndcg@5', 0.3536), ('ndcg@10', 0.3919), ('ndcg@20', 0.4299), ('ndcg@30', 0.45), ('ndcg@50', 0.4697), ('precision@1', 0.3021), ('precision@2', 0.2367), ('precision@3', 0.1968), ('precision@4', 0.1728), ('precision@5', 0.1535), ('precision@10', 0.1024), ('precision@20', 0.0653), ('precision@30', 0.0493), ('precision@50', 0.0335), ('map@1', 0.3021), ('map@2', 0.2892), ('map@3', 0.2879), ('map@4', 0.2923), ('map@5', 0.2961), ('map@10', 0.3114), ('map@20', 0.3242), ('map@30', 0.33), ('map@50', 0.3343)])
Sun 15 Mar 2026 14:32:42 INFO  training time: 613.7631s
Sun 15 Mar 2026 14:32:42 INFO  result file: results/scl_seed2028.json
