Sun 15 Mar 2026 22:50:33 INFO  
General Hyper Parameters:
gpu_id = 0
use_gpu = True
seed = 2026
state = INFO
reproducibility = True
data_path = ./travel
checkpoint_dir = saved
show_progress = True
save_dataset = False
dataset_save_path = None
save_dataloaders = False
dataloaders_save_path = None
log_wandb = False

Training Hyper Parameters:
epochs = 1000
train_batch_size = 4096
learner = adam
learning_rate = 0.001
train_neg_sample_args = {'distribution': 'uniform', 'sample_num': 1, 'alpha': 1.0, 'dynamic': False, 'candidate_num': 0}
eval_step = 1
stopping_step = 10
clip_grad_norm = None
weight_decay = 0.0
loss_decimal_place = 4

Evaluation Hyper Parameters:
eval_args = {'split': {'RS': [0.8, 0.1, 0.1]}, 'order': 'RO', 'group_by': 'user', 'mode': {'valid': 'full', 'test': 'full'}}
repeatable = False
metrics = ['Recall', 'NDCG', 'Precision', 'MAP']
topk = [1, 2, 3, 4, 5, 10, 20, 30, 50]
valid_metric = NDCG@10
valid_metric_bigger = True
eval_batch_size = 4096
metric_decimal_place = 4

Dataset Hyper Parameters:
field_separator = 	
seq_separator =  
USER_ID_FIELD = user_id
ITEM_ID_FIELD = item_id
RATING_FIELD = rating
TIME_FIELD = timestamp
seq_len = None
LABEL_FIELD = label
threshold = None
NEG_PREFIX = neg_
load_col = {'inter': ['user_id', 'item_id', 'rating'], 'user': ['user_id', 'post_num', 'follower', 'following', 'timestamp']}
unload_col = None
unused_col = None
additional_feat_suffix = None
rm_dup_inter = None
val_interval = {'rating': '[0,inf)'}
filter_inter_by_user_or_item = True
user_inter_num_interval = [0,inf)
item_inter_num_interval = [0,inf)
alias_of_user_id = None
alias_of_item_id = None
alias_of_entity_id = None
alias_of_relation_id = None
preload_weight = None
normalize_field = None
normalize_all = None
ITEM_LIST_LENGTH_FIELD = item_length
LIST_SUFFIX = _list
MAX_ITEM_LIST_LENGTH = 50
POSITION_FIELD = position_id
HEAD_ENTITY_ID_FIELD = head_id
TAIL_ENTITY_ID_FIELD = tail_id
RELATION_ID_FIELD = relation_id
ENTITY_ID_FIELD = entity_id
benchmark_filename = None

Other Hyper Parameters: 
worker = 0
wandb_project = recbole
shuffle = True
require_pow = False
enable_amp = False
enable_scaler = False
transform = None
numerical_features = []
discretization = None
kg_reverse_r = False
entity_kg_num_interval = [0,inf)
relation_kg_num_interval = [0,inf)
MODEL_TYPE = ModelType.GENERAL
embedding_size = 64
n_layers = 3
reg_weight = 0.0001
smt_latent_dim = 64
ssl_temp = 0.1
ssl_reg = 0.0
hyper_layers = 1
alpha = 1
potential_reg = 8e-08
semantic_reg = 8e-08
num_clusters = 10
m_step = 1
warm_up_step = 20
user_feature_path = features/roberta_user.npy
item_feature_path = features/roberta_item.npy
MODEL_INPUT_TYPE = InputType.PAIRWISE
eval_type = EvaluatorType.RANKING
single_spec = True
local_rank = 0
device = cuda
valid_neg_sample_args = {'distribution': 'uniform', 'sample_num': 'none'}
test_neg_sample_args = {'distribution': 'uniform', 'sample_num': 'none'}


Sun 15 Mar 2026 22:50:33 INFO  travel
The number of users: 2010
Average actions of users: 18.721254355400696
The number of items: 247
Average actions of items: 152.890243902439
The number of inters: 37611
The sparsity of the dataset: 92.42431566862047%
Remain Fields: ['user_id', 'item_id', 'rating', 'post_num', 'follower', 'following', 'timestamp']
Sun 15 Mar 2026 22:50:34 INFO  [Training]: train_batch_size = [4096] train_neg_sample_args: [{'distribution': 'uniform', 'sample_num': 1, 'alpha': 1.0, 'dynamic': False, 'candidate_num': 0}]
Sun 15 Mar 2026 22:50:34 INFO  [Evaluation]: eval_batch_size = [4096] eval_args: [{'split': {'RS': [0.8, 0.1, 0.1]}, 'order': 'RO', 'group_by': 'user', 'mode': {'valid': 'full', 'test': 'full'}}]
Sun 15 Mar 2026 22:50:34 INFO  SCL(
  (u_MLP): Linear(in_features=1024, out_features=64, bias=True)
  (i_MLP): Linear(in_features=1024, out_features=64, bias=True)
  (user_embedding): Embedding(2010, 64)
  (item_embedding): Embedding(247, 64)
  (mf_loss): BPRLoss()
  (reg_loss): EmbLoss()
)
Trainable parameters: 144448
Sun 15 Mar 2026 22:50:34 INFO  trainable parameters: 144448
Sun 15 Mar 2026 22:50:35 INFO  Running E-step ! 
Sun 15 Mar 2026 22:50:36 INFO  epoch 0 training [time: 0.49s, train_loss1: 5.5408, train_loss2: 0.0000, train_loss3: 0.0114]
Sun 15 Mar 2026 22:50:36 INFO  epoch 0 evaluating [time: 0.19s, valid_score: 0.165200]
Sun 15 Mar 2026 22:50:36 INFO  valid result: 
recall@1 : 0.056    recall@2 : 0.0947    recall@3 : 0.1254    recall@4 : 0.1508    recall@5 : 0.1751    recall@10 : 0.2517    recall@20 : 0.3603    recall@30 : 0.4322    recall@50 : 0.5358    ndcg@1 : 0.1061    ndcg@2 : 0.1127    ndcg@3 : 0.1221    ndcg@4 : 0.1308    ndcg@5 : 0.1394    ndcg@10 : 0.1652    ndcg@20 : 0.1965    ndcg@30 : 0.2147    ndcg@50 : 0.239    precision@1 : 0.1061    precision@2 : 0.0897    precision@3 : 0.0807    precision@4 : 0.0733    precision@5 : 0.0678    precision@10 : 0.0495    precision@20 : 0.0359    precision@30 : 0.0291    precision@50 : 0.0226    map@1 : 0.1061    map@2 : 0.0965    map@3 : 0.0975    map@4 : 0.1    map@5 : 0.1032    map@10 : 0.1127    map@20 : 0.1214    map@30 : 0.1254    map@50 : 0.1299
Sun 15 Mar 2026 22:50:36 INFO  Saving current: saved/SCL-Mar-15-2026_22-50-34.pth
Sun 15 Mar 2026 22:50:36 INFO  Saving current best: saved/SCL-Mar-15-2026_22-50-34.pth
Sun 15 Mar 2026 22:50:36 INFO  Running E-step ! 
Sun 15 Mar 2026 22:50:36 INFO  epoch 1 training [time: 0.17s, train_loss1: 5.5275, train_loss2: 0.0000, train_loss3: 0.0112]
Sun 15 Mar 2026 22:50:36 INFO  epoch 1 evaluating [time: 0.15s, valid_score: 0.284200]
Sun 15 Mar 2026 22:50:36 INFO  valid result: 
recall@1 : 0.1055    recall@2 : 0.1816    recall@3 : 0.2321    recall@4 : 0.2821    recall@5 : 0.3099    recall@10 : 0.4292    recall@20 : 0.5615    recall@30 : 0.6304    recall@50 : 0.7303    ndcg@1 : 0.1782    ndcg@2 : 0.1993    ndcg@3 : 0.2154    ndcg@4 : 0.2337    ndcg@5 : 0.2433    ndcg@10 : 0.2842    ndcg@20 : 0.3227    ndcg@30 : 0.3406    ndcg@50 : 0.3646    precision@1 : 0.1782    precision@2 : 0.1523    precision@3 : 0.1319    precision@4 : 0.1201    precision@5 : 0.1073    precision@10 : 0.077    precision@20 : 0.0525    precision@30 : 0.0404    precision@50 : 0.0296    map@1 : 0.1782    map@2 : 0.1749    map@3 : 0.1776    map@4 : 0.1848    map@5 : 0.1885    map@10 : 0.2045    map@20 : 0.2164    map@30 : 0.2211    map@50 : 0.2262
Sun 15 Mar 2026 22:50:36 INFO  Saving current: saved/SCL-Mar-15-2026_22-50-34.pth
Sun 15 Mar 2026 22:50:36 INFO  Saving current best: saved/SCL-Mar-15-2026_22-50-34.pth
Sun 15 Mar 2026 22:50:36 INFO  Running E-step ! 
Sun 15 Mar 2026 22:50:37 INFO  epoch 2 training [time: 0.17s, train_loss1: 5.4931, train_loss2: 0.0000, train_loss3: 0.0111]
Sun 15 Mar 2026 22:50:37 INFO  epoch 2 evaluating [time: 0.14s, valid_score: 0.297200]
Sun 15 Mar 2026 22:50:37 INFO  valid result: 
recall@1 : 0.1105    recall@2 : 0.1948    recall@3 : 0.2546    recall@4 : 0.2968    recall@5 : 0.3294    recall@10 : 0.4439    recall@20 : 0.5818    recall@30 : 0.6586    recall@50 : 0.7606    ndcg@1 : 0.1812    ndcg@2 : 0.2092    ndcg@3 : 0.2302    ndcg@4 : 0.2454    ndcg@5 : 0.2574    ndcg@10 : 0.2972    ndcg@20 : 0.3372    ndcg@30 : 0.3574    ndcg@50 : 0.3818    precision@1 : 0.1812    precision@2 : 0.1597    precision@3 : 0.1404    precision@4 : 0.125    precision@5 : 0.1132    precision@10 : 0.0797    precision@20 : 0.0543    precision@30 : 0.0424    precision@50 : 0.0308    map@1 : 0.1812    map@2 : 0.1833    map@3 : 0.1894    map@4 : 0.1952    map@5 : 0.2004    map@10 : 0.2161    map@20 : 0.2287    map@30 : 0.234    map@50 : 0.2392
Sun 15 Mar 2026 22:50:37 INFO  Saving current: saved/SCL-Mar-15-2026_22-50-34.pth
Sun 15 Mar 2026 22:50:37 INFO  Saving current best: saved/SCL-Mar-15-2026_22-50-34.pth
Sun 15 Mar 2026 22:50:37 INFO  Running E-step ! 
Sun 15 Mar 2026 22:50:37 INFO  epoch 3 training [time: 0.15s, train_loss1: 5.4266, train_loss2: 0.0000, train_loss3: 0.0110]
Sun 15 Mar 2026 22:50:37 INFO  epoch 3 evaluating [time: 0.14s, valid_score: 0.301800]
Sun 15 Mar 2026 22:50:37 INFO  valid result: 
recall@1 : 0.112    recall@2 : 0.1943    recall@3 : 0.2577    recall@4 : 0.3026    recall@5 : 0.3336    recall@10 : 0.4537    recall@20 : 0.5783    recall@30 : 0.667    recall@50 : 0.765    ndcg@1 : 0.183    ndcg@2 : 0.2096    ndcg@3 : 0.2329    ndcg@4 : 0.2489    ndcg@5 : 0.2604    ndcg@10 : 0.3018    ndcg@20 : 0.3381    ndcg@30 : 0.3613    ndcg@50 : 0.385    precision@1 : 0.183    precision@2 : 0.16    precision@3 : 0.1428    precision@4 : 0.1269    precision@5 : 0.1147    precision@10 : 0.0813    precision@20 : 0.0541    precision@30 : 0.043    precision@50 : 0.031    map@1 : 0.183    map@2 : 0.1838    map@3 : 0.1915    map@4 : 0.1979    map@5 : 0.2027    map@10 : 0.2192    map@20 : 0.2306    map@30 : 0.2366    map@50 : 0.2418
Sun 15 Mar 2026 22:50:37 INFO  Saving current: saved/SCL-Mar-15-2026_22-50-34.pth
Sun 15 Mar 2026 22:50:37 INFO  Saving current best: saved/SCL-Mar-15-2026_22-50-34.pth
Sun 15 Mar 2026 22:50:37 INFO  Running E-step ! 
Sun 15 Mar 2026 22:50:37 INFO  epoch 4 training [time: 0.17s, train_loss1: 5.3204, train_loss2: 0.0000, train_loss3: 0.0110]
Sun 15 Mar 2026 22:50:37 INFO  epoch 4 evaluating [time: 0.14s, valid_score: 0.303300]
Sun 15 Mar 2026 22:50:37 INFO  valid result: 
recall@1 : 0.1129    recall@2 : 0.195    recall@3 : 0.2629    recall@4 : 0.3021    recall@5 : 0.3369    recall@10 : 0.4545    recall@20 : 0.5793    recall@30 : 0.6682    recall@50 : 0.7657    ndcg@1 : 0.1847    ndcg@2 : 0.2105    ndcg@3 : 0.236    ndcg@4 : 0.2497    ndcg@5 : 0.2625    ndcg@10 : 0.3033    ndcg@20 : 0.3395    ndcg@30 : 0.3631    ndcg@50 : 0.3865    precision@1 : 0.1847    precision@2 : 0.1603    precision@3 : 0.1448    precision@4 : 0.1271    precision@5 : 0.1154    precision@10 : 0.0814    precision@20 : 0.0541    precision@30 : 0.0434    precision@50 : 0.031    map@1 : 0.1847    map@2 : 0.1852    map@3 : 0.1937    map@4 : 0.1988    map@5 : 0.2044    map@10 : 0.2207    map@20 : 0.2321    map@30 : 0.2384    map@50 : 0.2434
Sun 15 Mar 2026 22:50:37 INFO  Saving current: saved/SCL-Mar-15-2026_22-50-34.pth
Sun 15 Mar 2026 22:50:37 INFO  Saving current best: saved/SCL-Mar-15-2026_22-50-34.pth
Sun 15 Mar 2026 22:50:37 INFO  Running E-step ! 
Sun 15 Mar 2026 22:50:38 INFO  epoch 5 training [time: 0.17s, train_loss1: 5.1693, train_loss2: 0.0000, train_loss3: 0.0110]
Sun 15 Mar 2026 22:50:38 INFO  epoch 5 evaluating [time: 0.14s, valid_score: 0.303500]
Sun 15 Mar 2026 22:50:38 INFO  valid result: 
recall@1 : 0.112    recall@2 : 0.1968    recall@3 : 0.2639    recall@4 : 0.3026    recall@5 : 0.3377    recall@10 : 0.4556    recall@20 : 0.5806    recall@30 : 0.6688    recall@50 : 0.7654    ndcg@1 : 0.1836    ndcg@2 : 0.2118    ndcg@3 : 0.2368    ndcg@4 : 0.2498    ndcg@5 : 0.2628    ndcg@10 : 0.3035    ndcg@20 : 0.3399    ndcg@30 : 0.3635    ndcg@50 : 0.3868    precision@1 : 0.1836    precision@2 : 0.1621    precision@3 : 0.1458    precision@4 : 0.1268    precision@5 : 0.1153    precision@10 : 0.0813    precision@20 : 0.0542    precision@30 : 0.0434    precision@50 : 0.0312    map@1 : 0.1836    map@2 : 0.1859    map@3 : 0.1943    map@4 : 0.1989    map@5 : 0.2046    map@10 : 0.2209    map@20 : 0.2323    map@30 : 0.2386    map@50 : 0.2437
Sun 15 Mar 2026 22:50:38 INFO  Saving current: saved/SCL-Mar-15-2026_22-50-34.pth
Sun 15 Mar 2026 22:50:38 INFO  Saving current best: saved/SCL-Mar-15-2026_22-50-34.pth
Sun 15 Mar 2026 22:50:38 INFO  Running E-step ! 
Sun 15 Mar 2026 22:50:38 INFO  epoch 6 training [time: 0.17s, train_loss1: 4.9832, train_loss2: 0.0000, train_loss3: 0.0110]
Sun 15 Mar 2026 22:50:38 INFO  epoch 6 evaluating [time: 0.15s, valid_score: 0.304000]
Sun 15 Mar 2026 22:50:38 INFO  valid result: 
recall@1 : 0.1124    recall@2 : 0.1974    recall@3 : 0.2641    recall@4 : 0.3011    recall@5 : 0.3408    recall@10 : 0.4553    recall@20 : 0.5822    recall@30 : 0.6672    recall@50 : 0.7634    ndcg@1 : 0.1847    ndcg@2 : 0.2124    ndcg@3 : 0.237    ndcg@4 : 0.2493    ndcg@5 : 0.2642    ndcg@10 : 0.304    ndcg@20 : 0.3408    ndcg@30 : 0.3635    ndcg@50 : 0.3869    precision@1 : 0.1847    precision@2 : 0.1624    precision@3 : 0.1454    precision@4 : 0.1262    precision@5 : 0.1159    precision@10 : 0.0814    precision@20 : 0.0544    precision@30 : 0.0433    precision@50 : 0.0311    map@1 : 0.1847    map@2 : 0.1865    map@3 : 0.1948    map@4 : 0.1988    map@5 : 0.2055    map@10 : 0.2213    map@20 : 0.233    map@30 : 0.2391    map@50 : 0.2442
Sun 15 Mar 2026 22:50:38 INFO  Saving current: saved/SCL-Mar-15-2026_22-50-34.pth
Sun 15 Mar 2026 22:50:38 INFO  Saving current best: saved/SCL-Mar-15-2026_22-50-34.pth
Sun 15 Mar 2026 22:50:38 INFO  Running E-step ! 
Sun 15 Mar 2026 22:50:38 INFO  epoch 7 training [time: 0.16s, train_loss1: 4.7648, train_loss2: 0.0000, train_loss3: 0.0110]
Sun 15 Mar 2026 22:50:38 INFO  epoch 7 evaluating [time: 0.14s, valid_score: 0.303900]
Sun 15 Mar 2026 22:50:38 INFO  valid result: 
recall@1 : 0.1124    recall@2 : 0.1974    recall@3 : 0.2637    recall@4 : 0.3025    recall@5 : 0.3415    recall@10 : 0.4549    recall@20 : 0.5819    recall@30 : 0.6678    recall@50 : 0.7652    ndcg@1 : 0.1847    ndcg@2 : 0.2124    ndcg@3 : 0.2367    ndcg@4 : 0.25    ndcg@5 : 0.2645    ndcg@10 : 0.3039    ndcg@20 : 0.3408    ndcg@30 : 0.3637    ndcg@50 : 0.3874    precision@1 : 0.1847    precision@2 : 0.1624    precision@3 : 0.145    precision@4 : 0.1268    precision@5 : 0.1161    precision@10 : 0.0813    precision@20 : 0.0543    precision@30 : 0.0433    precision@50 : 0.0312    map@1 : 0.1847    map@2 : 0.1865    map@3 : 0.1946    map@4 : 0.1993    map@5 : 0.2057    map@10 : 0.2213    map@20 : 0.233    map@30 : 0.2392    map@50 : 0.2444
Sun 15 Mar 2026 22:50:38 INFO  Running E-step ! 
Sun 15 Mar 2026 22:50:39 INFO  epoch 8 training [time: 0.17s, train_loss1: 4.5324, train_loss2: 0.0000, train_loss3: 0.0110]
Sun 15 Mar 2026 22:50:39 INFO  epoch 8 evaluating [time: 0.14s, valid_score: 0.303900]
Sun 15 Mar 2026 22:50:39 INFO  valid result: 
recall@1 : 0.1124    recall@2 : 0.1974    recall@3 : 0.2637    recall@4 : 0.3025    recall@5 : 0.3412    recall@10 : 0.455    recall@20 : 0.5809    recall@30 : 0.6689    recall@50 : 0.7663    ndcg@1 : 0.1847    ndcg@2 : 0.2124    ndcg@3 : 0.2367    ndcg@4 : 0.2501    ndcg@5 : 0.2644    ndcg@10 : 0.3039    ndcg@20 : 0.3406    ndcg@30 : 0.3639    ndcg@50 : 0.3875    precision@1 : 0.1847    precision@2 : 0.1624    precision@3 : 0.145    precision@4 : 0.1269    precision@5 : 0.116    precision@10 : 0.0813    precision@20 : 0.0543    precision@30 : 0.0433    precision@50 : 0.0311    map@1 : 0.1847    map@2 : 0.1865    map@3 : 0.1946    map@4 : 0.1994    map@5 : 0.2056    map@10 : 0.2213    map@20 : 0.233    map@30 : 0.2392    map@50 : 0.2444
Sun 15 Mar 2026 22:50:39 INFO  Running E-step ! 
Sun 15 Mar 2026 22:50:39 INFO  epoch 9 training [time: 0.17s, train_loss1: 4.2891, train_loss2: 0.0000, train_loss3: 0.0111]
Sun 15 Mar 2026 22:50:39 INFO  epoch 9 evaluating [time: 0.14s, valid_score: 0.304100]
Sun 15 Mar 2026 22:50:39 INFO  valid result: 
recall@1 : 0.1124    recall@2 : 0.1976    recall@3 : 0.2638    recall@4 : 0.3021    recall@5 : 0.3403    recall@10 : 0.4555    recall@20 : 0.5816    recall@30 : 0.6686    recall@50 : 0.7668    ndcg@1 : 0.1847    ndcg@2 : 0.2127    ndcg@3 : 0.2368    ndcg@4 : 0.2498    ndcg@5 : 0.264    ndcg@10 : 0.3041    ndcg@20 : 0.3408    ndcg@30 : 0.3639    ndcg@50 : 0.3876    precision@1 : 0.1847    precision@2 : 0.1627    precision@3 : 0.1452    precision@4 : 0.1265    precision@5 : 0.1157    precision@10 : 0.0815    precision@20 : 0.0544    precision@30 : 0.0433    precision@50 : 0.0311    map@1 : 0.1847    map@2 : 0.1867    map@3 : 0.1948    map@4 : 0.1992    map@5 : 0.2054    map@10 : 0.2214    map@20 : 0.2331    map@30 : 0.2393    map@50 : 0.2444
Sun 15 Mar 2026 22:50:39 INFO  Saving current: saved/SCL-Mar-15-2026_22-50-34.pth
Sun 15 Mar 2026 22:50:39 INFO  Saving current best: saved/SCL-Mar-15-2026_22-50-34.pth
Sun 15 Mar 2026 22:50:39 INFO  Running E-step ! 
Sun 15 Mar 2026 22:50:39 INFO  epoch 10 training [time: 0.18s, train_loss1: 4.0918, train_loss2: 0.0000, train_loss3: 0.0111]
Sun 15 Mar 2026 22:50:39 INFO  epoch 10 evaluating [time: 0.14s, valid_score: 0.304000]
Sun 15 Mar 2026 22:50:39 INFO  valid result: 
recall@1 : 0.1123    recall@2 : 0.1976    recall@3 : 0.2638    recall@4 : 0.3024    recall@5 : 0.3397    recall@10 : 0.4553    recall@20 : 0.5806    recall@30 : 0.6698    recall@50 : 0.7661    ndcg@1 : 0.1841    ndcg@2 : 0.2125    ndcg@3 : 0.2367    ndcg@4 : 0.2499    ndcg@5 : 0.2638    ndcg@10 : 0.304    ndcg@20 : 0.3406    ndcg@30 : 0.3641    ndcg@50 : 0.3875    precision@1 : 0.1841    precision@2 : 0.1627    precision@3 : 0.1452    precision@4 : 0.1268    precision@5 : 0.1156    precision@10 : 0.0814    precision@20 : 0.0543    precision@30 : 0.0433    precision@50 : 0.0311    map@1 : 0.1841    map@2 : 0.1865    map@3 : 0.1947    map@4 : 0.1993    map@5 : 0.2052    map@10 : 0.2214    map@20 : 0.2331    map@30 : 0.2393    map@50 : 0.2445
Sun 15 Mar 2026 22:50:39 INFO  Running E-step ! 
Sun 15 Mar 2026 22:50:40 INFO  epoch 11 training [time: 0.18s, train_loss1: 3.9010, train_loss2: 0.0000, train_loss3: 0.0111]
Sun 15 Mar 2026 22:50:40 INFO  epoch 11 evaluating [time: 0.14s, valid_score: 0.303600]
Sun 15 Mar 2026 22:50:40 INFO  valid result: 
recall@1 : 0.1123    recall@2 : 0.1976    recall@3 : 0.2638    recall@4 : 0.3024    recall@5 : 0.3393    recall@10 : 0.4541    recall@20 : 0.5808    recall@30 : 0.6698    recall@50 : 0.767    ndcg@1 : 0.1841    ndcg@2 : 0.2125    ndcg@3 : 0.2367    ndcg@4 : 0.2499    ndcg@5 : 0.2636    ndcg@10 : 0.3036    ndcg@20 : 0.3407    ndcg@30 : 0.3641    ndcg@50 : 0.3877    precision@1 : 0.1841    precision@2 : 0.1627    precision@3 : 0.1452    precision@4 : 0.1268    precision@5 : 0.1156    precision@10 : 0.0813    precision@20 : 0.0544    precision@30 : 0.0433    precision@50 : 0.0312    map@1 : 0.1841    map@2 : 0.1865    map@3 : 0.1947    map@4 : 0.1993    map@5 : 0.2052    map@10 : 0.2213    map@20 : 0.2331    map@30 : 0.2393    map@50 : 0.2445
Sun 15 Mar 2026 22:50:40 INFO  Running E-step ! 
Sun 15 Mar 2026 22:50:40 INFO  epoch 12 training [time: 0.15s, train_loss1: 3.7747, train_loss2: 0.0000, train_loss3: 0.0111]
Sun 15 Mar 2026 22:50:40 INFO  epoch 12 evaluating [time: 0.15s, valid_score: 0.303400]
Sun 15 Mar 2026 22:50:40 INFO  valid result: 
recall@1 : 0.1123    recall@2 : 0.1976    recall@3 : 0.2638    recall@4 : 0.3024    recall@5 : 0.3393    recall@10 : 0.4535    recall@20 : 0.5812    recall@30 : 0.6694    recall@50 : 0.7682    ndcg@1 : 0.1841    ndcg@2 : 0.2125    ndcg@3 : 0.2367    ndcg@4 : 0.2499    ndcg@5 : 0.2636    ndcg@10 : 0.3034    ndcg@20 : 0.3408    ndcg@30 : 0.3641    ndcg@50 : 0.388    precision@1 : 0.1841    precision@2 : 0.1627    precision@3 : 0.1452    precision@4 : 0.1268    precision@5 : 0.1156    precision@10 : 0.0812    precision@20 : 0.0544    precision@30 : 0.0434    precision@50 : 0.0312    map@1 : 0.1841    map@2 : 0.1865    map@3 : 0.1947    map@4 : 0.1993    map@5 : 0.2052    map@10 : 0.2212    map@20 : 0.2331    map@30 : 0.2394    map@50 : 0.2445
Sun 15 Mar 2026 22:50:40 INFO  Running E-step ! 
Sun 15 Mar 2026 22:50:40 INFO  epoch 13 training [time: 0.16s, train_loss1: 3.6342, train_loss2: 0.0000, train_loss3: 0.0111]
Sun 15 Mar 2026 22:50:40 INFO  epoch 13 evaluating [time: 0.14s, valid_score: 0.303400]
Sun 15 Mar 2026 22:50:40 INFO  valid result: 
recall@1 : 0.1123    recall@2 : 0.1976    recall@3 : 0.2638    recall@4 : 0.3024    recall@5 : 0.3393    recall@10 : 0.4535    recall@20 : 0.5813    recall@30 : 0.6698    recall@50 : 0.7686    ndcg@1 : 0.1841    ndcg@2 : 0.2125    ndcg@3 : 0.2367    ndcg@4 : 0.2499    ndcg@5 : 0.2636    ndcg@10 : 0.3034    ndcg@20 : 0.3409    ndcg@30 : 0.3642    ndcg@50 : 0.3881    precision@1 : 0.1841    precision@2 : 0.1627    precision@3 : 0.1452    precision@4 : 0.1268    precision@5 : 0.1156    precision@10 : 0.0812    precision@20 : 0.0545    precision@30 : 0.0434    precision@50 : 0.0313    map@1 : 0.1841    map@2 : 0.1865    map@3 : 0.1947    map@4 : 0.1993    map@5 : 0.2052    map@10 : 0.2212    map@20 : 0.2332    map@30 : 0.2394    map@50 : 0.2446
Sun 15 Mar 2026 22:50:40 INFO  Running E-step ! 
Sun 15 Mar 2026 22:50:40 INFO  epoch 14 training [time: 0.16s, train_loss1: 3.5272, train_loss2: 0.0000, train_loss3: 0.0111]
Sun 15 Mar 2026 22:50:41 INFO  epoch 14 evaluating [time: 0.14s, valid_score: 0.303400]
Sun 15 Mar 2026 22:50:41 INFO  valid result: 
recall@1 : 0.1123    recall@2 : 0.1976    recall@3 : 0.2638    recall@4 : 0.3024    recall@5 : 0.3393    recall@10 : 0.4534    recall@20 : 0.5819    recall@30 : 0.6706    recall@50 : 0.7694    ndcg@1 : 0.1841    ndcg@2 : 0.2125    ndcg@3 : 0.2367    ndcg@4 : 0.2499    ndcg@5 : 0.2636    ndcg@10 : 0.3034    ndcg@20 : 0.3411    ndcg@30 : 0.3644    ndcg@50 : 0.3883    precision@1 : 0.1841    precision@2 : 0.1627    precision@3 : 0.1452    precision@4 : 0.1268    precision@5 : 0.1156    precision@10 : 0.0812    precision@20 : 0.0546    precision@30 : 0.0435    precision@50 : 0.0313    map@1 : 0.1841    map@2 : 0.1865    map@3 : 0.1947    map@4 : 0.1993    map@5 : 0.2052    map@10 : 0.2212    map@20 : 0.2332    map@30 : 0.2395    map@50 : 0.2447
Sun 15 Mar 2026 22:50:41 INFO  Running E-step ! 
Sun 15 Mar 2026 22:50:41 INFO  epoch 15 training [time: 0.17s, train_loss1: 3.4832, train_loss2: 0.0000, train_loss3: 0.0111]
Sun 15 Mar 2026 22:50:41 INFO  epoch 15 evaluating [time: 0.15s, valid_score: 0.303400]
Sun 15 Mar 2026 22:50:41 INFO  valid result: 
recall@1 : 0.1123    recall@2 : 0.1976    recall@3 : 0.2638    recall@4 : 0.3024    recall@5 : 0.3393    recall@10 : 0.4534    recall@20 : 0.5816    recall@30 : 0.6711    recall@50 : 0.7689    ndcg@1 : 0.1841    ndcg@2 : 0.2125    ndcg@3 : 0.2367    ndcg@4 : 0.2499    ndcg@5 : 0.2637    ndcg@10 : 0.3034    ndcg@20 : 0.341    ndcg@30 : 0.3646    ndcg@50 : 0.3883    precision@1 : 0.1841    precision@2 : 0.1627    precision@3 : 0.1452    precision@4 : 0.1268    precision@5 : 0.1157    precision@10 : 0.0812    precision@20 : 0.0546    precision@30 : 0.0435    precision@50 : 0.0313    map@1 : 0.1841    map@2 : 0.1865    map@3 : 0.1947    map@4 : 0.1993    map@5 : 0.2053    map@10 : 0.2212    map@20 : 0.2332    map@30 : 0.2396    map@50 : 0.2447
Sun 15 Mar 2026 22:50:41 INFO  Running E-step ! 
Sun 15 Mar 2026 22:50:41 INFO  epoch 16 training [time: 0.16s, train_loss1: 3.3956, train_loss2: 0.0000, train_loss3: 0.0111]
Sun 15 Mar 2026 22:50:41 INFO  epoch 16 evaluating [time: 0.14s, valid_score: 0.303500]
Sun 15 Mar 2026 22:50:41 INFO  valid result: 
recall@1 : 0.1123    recall@2 : 0.1976    recall@3 : 0.2638    recall@4 : 0.3024    recall@5 : 0.3393    recall@10 : 0.4537    recall@20 : 0.5822    recall@30 : 0.6714    recall@50 : 0.7686    ndcg@1 : 0.1841    ndcg@2 : 0.2125    ndcg@3 : 0.2367    ndcg@4 : 0.2499    ndcg@5 : 0.2637    ndcg@10 : 0.3035    ndcg@20 : 0.3412    ndcg@30 : 0.3647    ndcg@50 : 0.3882    precision@1 : 0.1841    precision@2 : 0.1627    precision@3 : 0.1452    precision@4 : 0.1268    precision@5 : 0.1157    precision@10 : 0.0812    precision@20 : 0.0546    precision@30 : 0.0436    precision@50 : 0.0313    map@1 : 0.1841    map@2 : 0.1865    map@3 : 0.1947    map@4 : 0.1993    map@5 : 0.2053    map@10 : 0.2212    map@20 : 0.2333    map@30 : 0.2396    map@50 : 0.2447
Sun 15 Mar 2026 22:50:41 INFO  Running E-step ! 
Sun 15 Mar 2026 22:50:41 INFO  epoch 17 training [time: 0.16s, train_loss1: 3.3478, train_loss2: 0.0000, train_loss3: 0.0111]
Sun 15 Mar 2026 22:50:42 INFO  epoch 17 evaluating [time: 0.14s, valid_score: 0.303700]
Sun 15 Mar 2026 22:50:42 INFO  valid result: 
recall@1 : 0.1123    recall@2 : 0.1976    recall@3 : 0.2638    recall@4 : 0.3026    recall@5 : 0.3394    recall@10 : 0.4543    recall@20 : 0.5823    recall@30 : 0.6711    recall@50 : 0.7684    ndcg@1 : 0.1841    ndcg@2 : 0.2125    ndcg@3 : 0.2367    ndcg@4 : 0.25    ndcg@5 : 0.2639    ndcg@10 : 0.3037    ndcg@20 : 0.3413    ndcg@30 : 0.3646    ndcg@50 : 0.3882    precision@1 : 0.1841    precision@2 : 0.1627    precision@3 : 0.1452    precision@4 : 0.1269    precision@5 : 0.116    precision@10 : 0.0812    precision@20 : 0.0546    precision@30 : 0.0435    precision@50 : 0.0313    map@1 : 0.1841    map@2 : 0.1865    map@3 : 0.1947    map@4 : 0.1993    map@5 : 0.2054    map@10 : 0.2213    map@20 : 0.2333    map@30 : 0.2396    map@50 : 0.2447
Sun 15 Mar 2026 22:50:42 INFO  Running E-step ! 
Sun 15 Mar 2026 22:50:42 INFO  epoch 18 training [time: 0.17s, train_loss1: 3.3424, train_loss2: 0.0000, train_loss3: 0.0111]
Sun 15 Mar 2026 22:50:42 INFO  epoch 18 evaluating [time: 0.14s, valid_score: 0.303800]
Sun 15 Mar 2026 22:50:42 INFO  valid result: 
recall@1 : 0.1123    recall@2 : 0.1976    recall@3 : 0.2638    recall@4 : 0.3026    recall@5 : 0.3394    recall@10 : 0.4545    recall@20 : 0.5827    recall@30 : 0.6695    recall@50 : 0.7687    ndcg@1 : 0.1841    ndcg@2 : 0.2125    ndcg@3 : 0.2367    ndcg@4 : 0.25    ndcg@5 : 0.2639    ndcg@10 : 0.3038    ndcg@20 : 0.3414    ndcg@30 : 0.3642    ndcg@50 : 0.3883    precision@1 : 0.1841    precision@2 : 0.1627    precision@3 : 0.1452    precision@4 : 0.1269    precision@5 : 0.116    precision@10 : 0.0813    precision@20 : 0.0546    precision@30 : 0.0434    precision@50 : 0.0313    map@1 : 0.1841    map@2 : 0.1865    map@3 : 0.1947    map@4 : 0.1993    map@5 : 0.2054    map@10 : 0.2214    map@20 : 0.2334    map@30 : 0.2395    map@50 : 0.2448
Sun 15 Mar 2026 22:50:42 INFO  Running E-step ! 
Sun 15 Mar 2026 22:50:42 INFO  epoch 19 training [time: 0.16s, train_loss1: 3.3333, train_loss2: 0.0000, train_loss3: 0.0111]
Sun 15 Mar 2026 22:50:42 INFO  epoch 19 evaluating [time: 0.14s, valid_score: 0.303900]
Sun 15 Mar 2026 22:50:42 INFO  valid result: 
recall@1 : 0.1123    recall@2 : 0.1976    recall@3 : 0.2638    recall@4 : 0.3026    recall@5 : 0.3394    recall@10 : 0.4546    recall@20 : 0.5832    recall@30 : 0.6706    recall@50 : 0.7692    ndcg@1 : 0.1841    ndcg@2 : 0.2125    ndcg@3 : 0.2367    ndcg@4 : 0.25    ndcg@5 : 0.2639    ndcg@10 : 0.3039    ndcg@20 : 0.3416    ndcg@30 : 0.3645    ndcg@50 : 0.3884    precision@1 : 0.1841    precision@2 : 0.1627    precision@3 : 0.1452    precision@4 : 0.1269    precision@5 : 0.116    precision@10 : 0.0813    precision@20 : 0.0547    precision@30 : 0.0435    precision@50 : 0.0314    map@1 : 0.1841    map@2 : 0.1865    map@3 : 0.1947    map@4 : 0.1993    map@5 : 0.2054    map@10 : 0.2214    map@20 : 0.2335    map@30 : 0.2396    map@50 : 0.2448
Sun 15 Mar 2026 22:50:42 INFO  Running E-step ! 
Sun 15 Mar 2026 22:50:42 INFO  epoch 20 training [time: 0.16s, train_loss1: 3.2958, train_loss2: 0.0000, train_loss3: 0.0111, train_loss4: 0.0094]
Sun 15 Mar 2026 22:50:43 INFO  epoch 20 evaluating [time: 0.14s, valid_score: 0.303900]
Sun 15 Mar 2026 22:50:43 INFO  valid result: 
recall@1 : 0.1123    recall@2 : 0.1976    recall@3 : 0.2638    recall@4 : 0.3026    recall@5 : 0.3394    recall@10 : 0.4547    recall@20 : 0.5821    recall@30 : 0.6697    recall@50 : 0.7689    ndcg@1 : 0.1841    ndcg@2 : 0.2125    ndcg@3 : 0.2367    ndcg@4 : 0.25    ndcg@5 : 0.2639    ndcg@10 : 0.3039    ndcg@20 : 0.3413    ndcg@30 : 0.3643    ndcg@50 : 0.3884    precision@1 : 0.1841    precision@2 : 0.1627    precision@3 : 0.1452    precision@4 : 0.1269    precision@5 : 0.116    precision@10 : 0.0814    precision@20 : 0.0546    precision@30 : 0.0434    precision@50 : 0.0314    map@1 : 0.1841    map@2 : 0.1865    map@3 : 0.1947    map@4 : 0.1993    map@5 : 0.2054    map@10 : 0.2215    map@20 : 0.2334    map@30 : 0.2396    map@50 : 0.2449
Sun 15 Mar 2026 22:50:43 INFO  Finished training, best eval result in epoch 9
Sun 15 Mar 2026 22:50:43 INFO  Loading model structure and parameters from saved/SCL-Mar-15-2026_22-50-34.pth
Sun 15 Mar 2026 22:50:43 INFO  best valid : OrderedDict([('recall@1', 0.1124), ('recall@2', 0.1976), ('recall@3', 0.2638), ('recall@4', 0.3021), ('recall@5', 0.3403), ('recall@10', 0.4555), ('recall@20', 0.5816), ('recall@30', 0.6686), ('recall@50', 0.7668), ('ndcg@1', 0.1847), ('ndcg@2', 0.2127), ('ndcg@3', 0.2368), ('ndcg@4', 0.2498), ('ndcg@5', 0.264), ('ndcg@10', 0.3041), ('ndcg@20', 0.3408), ('ndcg@30', 0.3639), ('ndcg@50', 0.3876), ('precision@1', 0.1847), ('precision@2', 0.1627), ('precision@3', 0.1452), ('precision@4', 0.1265), ('precision@5', 0.1157), ('precision@10', 0.0815), ('precision@20', 0.0544), ('precision@30', 0.0433), ('precision@50', 0.0311), ('map@1', 0.1847), ('map@2', 0.1867), ('map@3', 0.1948), ('map@4', 0.1992), ('map@5', 0.2054), ('map@10', 0.2214), ('map@20', 0.2331), ('map@30', 0.2393), ('map@50', 0.2444)])
Sun 15 Mar 2026 22:50:43 INFO  test result: OrderedDict([('recall@1', 0.1399), ('recall@2', 0.2326), ('recall@3', 0.2817), ('recall@4', 0.3253), ('recall@5', 0.3548), ('recall@10', 0.4784), ('recall@20', 0.5969), ('recall@30', 0.689), ('recall@50', 0.7827), ('ndcg@1', 0.2323), ('ndcg@2', 0.2544), ('ndcg@3', 0.2678), ('ndcg@4', 0.2822), ('ndcg@5', 0.2919), ('ndcg@10', 0.3332), ('ndcg@20', 0.3676), ('ndcg@30', 0.3914), ('ndcg@50', 0.4134), ('precision@1', 0.2323), ('precision@2', 0.1877), ('precision@3', 0.1567), ('precision@4', 0.139), ('precision@5', 0.1238), ('precision@10', 0.087), ('precision@20', 0.0567), ('precision@30', 0.0444), ('precision@50', 0.0313), ('map@1', 0.2323), ('map@2', 0.2267), ('map@3', 0.2275), ('map@4', 0.2326), ('map@5', 0.2361), ('map@10', 0.2518), ('map@20', 0.263), ('map@30', 0.2694), ('map@50', 0.2743)])
Sun 15 Mar 2026 22:50:43 INFO  training time: 7.2329s
Sun 15 Mar 2026 22:50:43 INFO  result file: results/again2/scl_wo_struct_seed2026.json
