Sun 15 Mar 2026 22:53:59 INFO  
General Hyper Parameters:
gpu_id = 0
use_gpu = True
seed = 2030
state = INFO
reproducibility = True
data_path = ./travel
checkpoint_dir = saved
show_progress = True
save_dataset = False
dataset_save_path = None
save_dataloaders = False
dataloaders_save_path = None
log_wandb = False

Training Hyper Parameters:
epochs = 1000
train_batch_size = 4096
learner = adam
learning_rate = 0.001
train_neg_sample_args = {'distribution': 'uniform', 'sample_num': 1, 'alpha': 1.0, 'dynamic': False, 'candidate_num': 0}
eval_step = 1
stopping_step = 10
clip_grad_norm = None
weight_decay = 0.0
loss_decimal_place = 4

Evaluation Hyper Parameters:
eval_args = {'split': {'RS': [0.8, 0.1, 0.1]}, 'order': 'RO', 'group_by': 'user', 'mode': {'valid': 'full', 'test': 'full'}}
repeatable = False
metrics = ['Recall', 'NDCG', 'Precision', 'MAP']
topk = [1, 2, 3, 4, 5, 10, 20, 30, 50]
valid_metric = NDCG@10
valid_metric_bigger = True
eval_batch_size = 4096
metric_decimal_place = 4

Dataset Hyper Parameters:
field_separator = 	
seq_separator =  
USER_ID_FIELD = user_id
ITEM_ID_FIELD = item_id
RATING_FIELD = rating
TIME_FIELD = timestamp
seq_len = None
LABEL_FIELD = label
threshold = None
NEG_PREFIX = neg_
load_col = {'inter': ['user_id', 'item_id', 'rating'], 'user': ['user_id', 'post_num', 'follower', 'following', 'timestamp']}
unload_col = None
unused_col = None
additional_feat_suffix = None
rm_dup_inter = None
val_interval = {'rating': '[0,inf)'}
filter_inter_by_user_or_item = True
user_inter_num_interval = [0,inf)
item_inter_num_interval = [0,inf)
alias_of_user_id = None
alias_of_item_id = None
alias_of_entity_id = None
alias_of_relation_id = None
preload_weight = None
normalize_field = None
normalize_all = None
ITEM_LIST_LENGTH_FIELD = item_length
LIST_SUFFIX = _list
MAX_ITEM_LIST_LENGTH = 50
POSITION_FIELD = position_id
HEAD_ENTITY_ID_FIELD = head_id
TAIL_ENTITY_ID_FIELD = tail_id
RELATION_ID_FIELD = relation_id
ENTITY_ID_FIELD = entity_id
benchmark_filename = None

Other Hyper Parameters: 
worker = 0
wandb_project = recbole
shuffle = True
require_pow = False
enable_amp = False
enable_scaler = False
transform = None
numerical_features = []
discretization = None
kg_reverse_r = False
entity_kg_num_interval = [0,inf)
relation_kg_num_interval = [0,inf)
MODEL_TYPE = ModelType.GENERAL
embedding_size = 64
n_layers = 3
reg_weight = 0.0001
smt_latent_dim = 64
ssl_temp = 0.1
ssl_reg = 1e-07
hyper_layers = 1
alpha = 1
potential_reg = 0.0
semantic_reg = 8e-08
num_clusters = 10
m_step = 1
warm_up_step = 20
user_feature_path = features/roberta_user.npy
item_feature_path = features/roberta_item.npy
MODEL_INPUT_TYPE = InputType.PAIRWISE
eval_type = EvaluatorType.RANKING
single_spec = True
local_rank = 0
device = cuda
valid_neg_sample_args = {'distribution': 'uniform', 'sample_num': 'none'}
test_neg_sample_args = {'distribution': 'uniform', 'sample_num': 'none'}


Sun 15 Mar 2026 22:53:59 INFO  travel
The number of users: 2010
Average actions of users: 18.721254355400696
The number of items: 247
Average actions of items: 152.890243902439
The number of inters: 37611
The sparsity of the dataset: 92.42431566862047%
Remain Fields: ['user_id', 'item_id', 'rating', 'post_num', 'follower', 'following', 'timestamp']
Sun 15 Mar 2026 22:53:59 INFO  [Training]: train_batch_size = [4096] train_neg_sample_args: [{'distribution': 'uniform', 'sample_num': 1, 'alpha': 1.0, 'dynamic': False, 'candidate_num': 0}]
Sun 15 Mar 2026 22:53:59 INFO  [Evaluation]: eval_batch_size = [4096] eval_args: [{'split': {'RS': [0.8, 0.1, 0.1]}, 'order': 'RO', 'group_by': 'user', 'mode': {'valid': 'full', 'test': 'full'}}]
Sun 15 Mar 2026 22:54:00 INFO  SCL(
  (u_MLP): Linear(in_features=1024, out_features=64, bias=True)
  (i_MLP): Linear(in_features=1024, out_features=64, bias=True)
  (user_embedding): Embedding(2010, 64)
  (item_embedding): Embedding(247, 64)
  (mf_loss): BPRLoss()
  (reg_loss): EmbLoss()
)
Trainable parameters: 144448
Sun 15 Mar 2026 22:54:00 INFO  trainable parameters: 144448
Sun 15 Mar 2026 22:54:01 INFO  Running E-step ! 
Sun 15 Mar 2026 22:54:01 INFO  epoch 0 training [time: 0.53s, train_loss1: 5.5428, train_loss2: 0.0188, train_loss3: 0.0115]
Sun 15 Mar 2026 22:54:01 INFO  epoch 0 evaluating [time: 0.19s, valid_score: 0.024300]
Sun 15 Mar 2026 22:54:01 INFO  valid result: 
recall@1 : 0.0038    recall@2 : 0.0087    recall@3 : 0.0135    recall@4 : 0.0179    recall@5 : 0.0221    recall@10 : 0.0429    recall@20 : 0.0911    recall@30 : 0.137    recall@50 : 0.2219    ndcg@1 : 0.0107    ndcg@2 : 0.0119    ndcg@3 : 0.0137    ndcg@4 : 0.0153    ndcg@5 : 0.0168    ndcg@10 : 0.0243    ndcg@20 : 0.0387    ndcg@30 : 0.0507    ndcg@50 : 0.07    precision@1 : 0.0107    precision@2 : 0.0104    precision@3 : 0.0109    precision@4 : 0.0107    precision@5 : 0.0101    precision@10 : 0.0101    precision@20 : 0.0106    precision@30 : 0.0107    precision@50 : 0.0103    map@1 : 0.0107    map@2 : 0.0095    map@3 : 0.0097    map@4 : 0.0102    map@5 : 0.0107    map@10 : 0.013    map@20 : 0.0163    map@30 : 0.0184    map@50 : 0.0211
Sun 15 Mar 2026 22:54:01 INFO  Saving current: saved/SCL-Mar-15-2026_22-54-00.pth
Sun 15 Mar 2026 22:54:01 INFO  Saving current best: saved/SCL-Mar-15-2026_22-54-00.pth
Sun 15 Mar 2026 22:54:01 INFO  Running E-step ! 
Sun 15 Mar 2026 22:54:02 INFO  epoch 1 training [time: 0.16s, train_loss1: 5.5427, train_loss2: 0.0149, train_loss3: 0.0114]
Sun 15 Mar 2026 22:54:02 INFO  epoch 1 evaluating [time: 0.15s, valid_score: 0.025500]
Sun 15 Mar 2026 22:54:02 INFO  valid result: 
recall@1 : 0.0038    recall@2 : 0.0084    recall@3 : 0.0144    recall@4 : 0.0199    recall@5 : 0.0247    recall@10 : 0.0454    recall@20 : 0.0936    recall@30 : 0.1336    recall@50 : 0.2125    ndcg@1 : 0.0107    ndcg@2 : 0.0115    ndcg@3 : 0.014    ndcg@4 : 0.0162    ndcg@5 : 0.0181    ndcg@10 : 0.0255    ndcg@20 : 0.0396    ndcg@30 : 0.0504    ndcg@50 : 0.0684    precision@1 : 0.0107    precision@2 : 0.0098    precision@3 : 0.0109    precision@4 : 0.0113    precision@5 : 0.0112    precision@10 : 0.0106    precision@20 : 0.0106    precision@30 : 0.0106    precision@50 : 0.01    map@1 : 0.0107    map@2 : 0.0092    map@3 : 0.01    map@4 : 0.0109    map@5 : 0.0114    map@10 : 0.0135    map@20 : 0.0168    map@30 : 0.0187    map@50 : 0.0212
Sun 15 Mar 2026 22:54:02 INFO  Saving current: saved/SCL-Mar-15-2026_22-54-00.pth
Sun 15 Mar 2026 22:54:02 INFO  Saving current best: saved/SCL-Mar-15-2026_22-54-00.pth
Sun 15 Mar 2026 22:54:02 INFO  Running E-step ! 
Sun 15 Mar 2026 22:54:02 INFO  epoch 2 training [time: 0.15s, train_loss1: 5.5421, train_loss2: 0.0129, train_loss3: 0.0113]
Sun 15 Mar 2026 22:54:02 INFO  epoch 2 evaluating [time: 0.15s, valid_score: 0.027100]
Sun 15 Mar 2026 22:54:02 INFO  valid result: 
recall@1 : 0.0037    recall@2 : 0.01    recall@3 : 0.0158    recall@4 : 0.0213    recall@5 : 0.0249    recall@10 : 0.0479    recall@20 : 0.0991    recall@30 : 0.136    recall@50 : 0.2156    ndcg@1 : 0.0101    ndcg@2 : 0.0126    ndcg@3 : 0.015    ndcg@4 : 0.0175    ndcg@5 : 0.0187    ndcg@10 : 0.0271    ndcg@20 : 0.0423    ndcg@30 : 0.0521    ndcg@50 : 0.0704    precision@1 : 0.0101    precision@2 : 0.0113    precision@3 : 0.0119    precision@4 : 0.0125    precision@5 : 0.0117    precision@10 : 0.0113    precision@20 : 0.0115    precision@30 : 0.0107    precision@50 : 0.0102    map@1 : 0.0101    map@2 : 0.01    map@3 : 0.0107    map@4 : 0.0116    map@5 : 0.0119    map@10 : 0.0144    map@20 : 0.0179    map@30 : 0.0197    map@50 : 0.0224
Sun 15 Mar 2026 22:54:02 INFO  Saving current: saved/SCL-Mar-15-2026_22-54-00.pth
Sun 15 Mar 2026 22:54:02 INFO  Saving current best: saved/SCL-Mar-15-2026_22-54-00.pth
Sun 15 Mar 2026 22:54:02 INFO  Running E-step ! 
Sun 15 Mar 2026 22:54:02 INFO  epoch 3 training [time: 0.18s, train_loss1: 5.5415, train_loss2: 0.0113, train_loss3: 0.0112]
Sun 15 Mar 2026 22:54:02 INFO  epoch 3 evaluating [time: 0.15s, valid_score: 0.030000]
Sun 15 Mar 2026 22:54:02 INFO  valid result: 
recall@1 : 0.0053    recall@2 : 0.0122    recall@3 : 0.0162    recall@4 : 0.0213    recall@5 : 0.0278    recall@10 : 0.0517    recall@20 : 0.1    recall@30 : 0.1412    recall@50 : 0.2215    ndcg@1 : 0.0131    ndcg@2 : 0.015    ndcg@3 : 0.0161    ndcg@4 : 0.0183    ndcg@5 : 0.0212    ndcg@10 : 0.03    ndcg@20 : 0.0444    ndcg@30 : 0.0553    ndcg@50 : 0.0735    precision@1 : 0.0131    precision@2 : 0.0125    precision@3 : 0.0117    precision@4 : 0.0121    precision@5 : 0.0129    precision@10 : 0.0123    precision@20 : 0.0117    precision@30 : 0.0112    precision@50 : 0.0104    map@1 : 0.0131    map@2 : 0.0122    map@3 : 0.012    map@4 : 0.0127    map@5 : 0.0137    map@10 : 0.0165    map@20 : 0.0198    map@30 : 0.0218    map@50 : 0.0244
Sun 15 Mar 2026 22:54:02 INFO  Saving current: saved/SCL-Mar-15-2026_22-54-00.pth
Sun 15 Mar 2026 22:54:02 INFO  Saving current best: saved/SCL-Mar-15-2026_22-54-00.pth
Sun 15 Mar 2026 22:54:02 INFO  Running E-step ! 
Sun 15 Mar 2026 22:54:03 INFO  epoch 4 training [time: 0.17s, train_loss1: 5.5407, train_loss2: 0.0100, train_loss3: 0.0112]
Sun 15 Mar 2026 22:54:03 INFO  epoch 4 evaluating [time: 0.15s, valid_score: 0.032800]
Sun 15 Mar 2026 22:54:03 INFO  valid result: 
recall@1 : 0.0069    recall@2 : 0.0131    recall@3 : 0.0183    recall@4 : 0.0226    recall@5 : 0.0299    recall@10 : 0.0564    recall@20 : 0.1013    recall@30 : 0.1456    recall@50 : 0.228    ndcg@1 : 0.0149    ndcg@2 : 0.0164    ndcg@3 : 0.0182    ndcg@4 : 0.0201    ndcg@5 : 0.0234    ndcg@10 : 0.0328    ndcg@20 : 0.0465    ndcg@30 : 0.058    ndcg@50 : 0.0768    precision@1 : 0.0149    precision@2 : 0.0134    precision@3 : 0.0131    precision@4 : 0.0133    precision@5 : 0.0142    precision@10 : 0.0129    precision@20 : 0.0121    precision@30 : 0.0114    precision@50 : 0.0107    map@1 : 0.0149    map@2 : 0.0136    map@3 : 0.0137    map@4 : 0.014    map@5 : 0.0154    map@10 : 0.0184    map@20 : 0.0215    map@30 : 0.0237    map@50 : 0.0264
Sun 15 Mar 2026 22:54:03 INFO  Saving current: saved/SCL-Mar-15-2026_22-54-00.pth
Sun 15 Mar 2026 22:54:03 INFO  Saving current best: saved/SCL-Mar-15-2026_22-54-00.pth
Sun 15 Mar 2026 22:54:03 INFO  Running E-step ! 
Sun 15 Mar 2026 22:54:03 INFO  epoch 5 training [time: 0.17s, train_loss1: 5.5399, train_loss2: 0.0089, train_loss3: 0.0111]
Sun 15 Mar 2026 22:54:03 INFO  epoch 5 evaluating [time: 0.15s, valid_score: 0.035600]
Sun 15 Mar 2026 22:54:03 INFO  valid result: 
recall@1 : 0.0075    recall@2 : 0.0148    recall@3 : 0.0198    recall@4 : 0.0264    recall@5 : 0.0317    recall@10 : 0.0616    recall@20 : 0.1053    recall@30 : 0.1469    recall@50 : 0.2275    ndcg@1 : 0.0155    ndcg@2 : 0.0176    ndcg@3 : 0.0199    ndcg@4 : 0.0227    ndcg@5 : 0.0249    ndcg@10 : 0.0356    ndcg@20 : 0.0488    ndcg@30 : 0.0597    ndcg@50 : 0.0783    precision@1 : 0.0155    precision@2 : 0.0143    precision@3 : 0.0147    precision@4 : 0.015    precision@5 : 0.0147    precision@10 : 0.014    precision@20 : 0.0125    precision@30 : 0.0116    precision@50 : 0.0108    map@1 : 0.0155    map@2 : 0.0146    map@3 : 0.0148    map@4 : 0.0158    map@5 : 0.0167    map@10 : 0.02    map@20 : 0.023    map@30 : 0.025    map@50 : 0.0278
Sun 15 Mar 2026 22:54:03 INFO  Saving current: saved/SCL-Mar-15-2026_22-54-00.pth
Sun 15 Mar 2026 22:54:03 INFO  Saving current best: saved/SCL-Mar-15-2026_22-54-00.pth
Sun 15 Mar 2026 22:54:03 INFO  Running E-step ! 
Sun 15 Mar 2026 22:54:03 INFO  epoch 6 training [time: 0.18s, train_loss1: 5.5390, train_loss2: 0.0080, train_loss3: 0.0110]
Sun 15 Mar 2026 22:54:03 INFO  epoch 6 evaluating [time: 0.15s, valid_score: 0.037800]
Sun 15 Mar 2026 22:54:03 INFO  valid result: 
recall@1 : 0.0084    recall@2 : 0.0144    recall@3 : 0.0211    recall@4 : 0.0263    recall@5 : 0.0335    recall@10 : 0.0646    recall@20 : 0.1084    recall@30 : 0.151    recall@50 : 0.2346    ndcg@1 : 0.0173    ndcg@2 : 0.0185    ndcg@3 : 0.0211    ndcg@4 : 0.0233    ndcg@5 : 0.0262    ndcg@10 : 0.0378    ndcg@20 : 0.0508    ndcg@30 : 0.0618    ndcg@50 : 0.0812    precision@1 : 0.0173    precision@2 : 0.0152    precision@3 : 0.0155    precision@4 : 0.0152    precision@5 : 0.0151    precision@10 : 0.0153    precision@20 : 0.0129    precision@30 : 0.0118    precision@50 : 0.011    map@1 : 0.0173    map@2 : 0.0153    map@3 : 0.0157    map@4 : 0.0164    map@5 : 0.0175    map@10 : 0.0211    map@20 : 0.0242    map@30 : 0.0262    map@50 : 0.0291
Sun 15 Mar 2026 22:54:03 INFO  Saving current: saved/SCL-Mar-15-2026_22-54-00.pth
Sun 15 Mar 2026 22:54:03 INFO  Saving current best: saved/SCL-Mar-15-2026_22-54-00.pth
Sun 15 Mar 2026 22:54:03 INFO  Running E-step ! 
Sun 15 Mar 2026 22:54:04 INFO  epoch 7 training [time: 0.17s, train_loss1: 5.5379, train_loss2: 0.0073, train_loss3: 0.0110]
Sun 15 Mar 2026 22:54:04 INFO  epoch 7 evaluating [time: 0.15s, valid_score: 0.039800]
Sun 15 Mar 2026 22:54:04 INFO  valid result: 
recall@1 : 0.0092    recall@2 : 0.0175    recall@3 : 0.0231    recall@4 : 0.031    recall@5 : 0.0363    recall@10 : 0.0647    recall@20 : 0.1136    recall@30 : 0.1575    recall@50 : 0.2426    ndcg@1 : 0.0203    ndcg@2 : 0.0223    ndcg@3 : 0.0241    ndcg@4 : 0.0272    ndcg@5 : 0.0294    ndcg@10 : 0.0398    ndcg@20 : 0.0544    ndcg@30 : 0.0661    ndcg@50 : 0.0856    precision@1 : 0.0203    precision@2 : 0.0188    precision@3 : 0.0177    precision@4 : 0.0179    precision@5 : 0.0173    precision@10 : 0.0157    precision@20 : 0.0135    precision@30 : 0.0126    precision@50 : 0.0114    map@1 : 0.0203    map@2 : 0.0186    map@3 : 0.0181    map@4 : 0.019    map@5 : 0.0197    map@10 : 0.0229    map@20 : 0.0265    map@30 : 0.0287    map@50 : 0.0316
Sun 15 Mar 2026 22:54:04 INFO  Saving current: saved/SCL-Mar-15-2026_22-54-00.pth
Sun 15 Mar 2026 22:54:04 INFO  Saving current best: saved/SCL-Mar-15-2026_22-54-00.pth
Sun 15 Mar 2026 22:54:04 INFO  Running E-step ! 
Sun 15 Mar 2026 22:54:04 INFO  epoch 8 training [time: 0.16s, train_loss1: 5.5363, train_loss2: 0.0067, train_loss3: 0.0109]
Sun 15 Mar 2026 22:54:04 INFO  epoch 8 evaluating [time: 0.14s, valid_score: 0.045000]
Sun 15 Mar 2026 22:54:04 INFO  valid result: 
recall@1 : 0.0111    recall@2 : 0.0184    recall@3 : 0.0272    recall@4 : 0.0369    recall@5 : 0.0415    recall@10 : 0.0735    recall@20 : 0.1225    recall@30 : 0.1661    recall@50 : 0.2487    ndcg@1 : 0.0238    ndcg@2 : 0.0246    ndcg@3 : 0.0277    ndcg@4 : 0.0318    ndcg@5 : 0.0337    ndcg@10 : 0.045    ndcg@20 : 0.06    ndcg@30 : 0.0716    ndcg@50 : 0.0905    precision@1 : 0.0238    precision@2 : 0.0206    precision@3 : 0.0205    precision@4 : 0.021    precision@5 : 0.0197    precision@10 : 0.0171    precision@20 : 0.0146    precision@30 : 0.0134    precision@50 : 0.0118    map@1 : 0.0238    map@2 : 0.0206    map@3 : 0.0208    map@4 : 0.0221    map@5 : 0.0226    map@10 : 0.0261    map@20 : 0.0298    map@30 : 0.0321    map@50 : 0.0349
Sun 15 Mar 2026 22:54:04 INFO  Saving current: saved/SCL-Mar-15-2026_22-54-00.pth
Sun 15 Mar 2026 22:54:04 INFO  Saving current best: saved/SCL-Mar-15-2026_22-54-00.pth
Sun 15 Mar 2026 22:54:04 INFO  Running E-step ! 
Sun 15 Mar 2026 22:54:04 INFO  epoch 9 training [time: 0.16s, train_loss1: 5.5346, train_loss2: 0.0063, train_loss3: 0.0109]
Sun 15 Mar 2026 22:54:04 INFO  epoch 9 evaluating [time: 0.15s, valid_score: 0.051900]
Sun 15 Mar 2026 22:54:04 INFO  valid result: 
recall@1 : 0.0126    recall@2 : 0.0241    recall@3 : 0.0312    recall@4 : 0.0411    recall@5 : 0.0476    recall@10 : 0.0841    recall@20 : 0.1284    recall@30 : 0.181    recall@50 : 0.2648    ndcg@1 : 0.0274    ndcg@2 : 0.0309    ndcg@3 : 0.0332    ndcg@4 : 0.0366    ndcg@5 : 0.0387    ndcg@10 : 0.0519    ndcg@20 : 0.0657    ndcg@30 : 0.0793    ndcg@50 : 0.0986    precision@1 : 0.0274    precision@2 : 0.0271    precision@3 : 0.0256    precision@4 : 0.0241    precision@5 : 0.0221    precision@10 : 0.0192    precision@20 : 0.0156    precision@30 : 0.0143    precision@50 : 0.0126    map@1 : 0.0274    map@2 : 0.0253    map@3 : 0.0245    map@4 : 0.0255    map@5 : 0.026    map@10 : 0.0305    map@20 : 0.0338    map@30 : 0.0365    map@50 : 0.0394
Sun 15 Mar 2026 22:54:04 INFO  Saving current: saved/SCL-Mar-15-2026_22-54-00.pth
Sun 15 Mar 2026 22:54:04 INFO  Saving current best: saved/SCL-Mar-15-2026_22-54-00.pth
Sun 15 Mar 2026 22:54:04 INFO  Running E-step ! 
Sun 15 Mar 2026 22:54:05 INFO  epoch 10 training [time: 0.17s, train_loss1: 5.5326, train_loss2: 0.0061, train_loss3: 0.0108]
Sun 15 Mar 2026 22:54:05 INFO  epoch 10 evaluating [time: 0.15s, valid_score: 0.060000]
Sun 15 Mar 2026 22:54:05 INFO  valid result: 
recall@1 : 0.0161    recall@2 : 0.0297    recall@3 : 0.0371    recall@4 : 0.0482    recall@5 : 0.0571    recall@10 : 0.0935    recall@20 : 0.1455    recall@30 : 0.1965    recall@50 : 0.2827    ndcg@1 : 0.0346    ndcg@2 : 0.0386    ndcg@3 : 0.0395    ndcg@4 : 0.0434    ndcg@5 : 0.0467    ndcg@10 : 0.06    ndcg@20 : 0.0757    ndcg@30 : 0.0892    ndcg@50 : 0.109    precision@1 : 0.0346    precision@2 : 0.034    precision@3 : 0.0292    precision@4 : 0.0277    precision@5 : 0.0261    precision@10 : 0.0218    precision@20 : 0.0173    precision@30 : 0.0156    precision@50 : 0.0134    map@1 : 0.0346    map@2 : 0.0317    map@3 : 0.0297    map@4 : 0.0307    map@5 : 0.0319    map@10 : 0.0364    map@20 : 0.0403    map@30 : 0.043    map@50 : 0.0461
Sun 15 Mar 2026 22:54:05 INFO  Saving current: saved/SCL-Mar-15-2026_22-54-00.pth
Sun 15 Mar 2026 22:54:05 INFO  Saving current best: saved/SCL-Mar-15-2026_22-54-00.pth
Sun 15 Mar 2026 22:54:05 INFO  Running E-step ! 
Sun 15 Mar 2026 22:54:05 INFO  epoch 11 training [time: 0.18s, train_loss1: 5.5300, train_loss2: 0.0060, train_loss3: 0.0108]
Sun 15 Mar 2026 22:54:05 INFO  epoch 11 evaluating [time: 0.15s, valid_score: 0.069700]
Sun 15 Mar 2026 22:54:05 INFO  valid result: 
recall@1 : 0.0208    recall@2 : 0.0356    recall@3 : 0.0467    recall@4 : 0.0562    recall@5 : 0.0653    recall@10 : 0.1047    recall@20 : 0.1643    recall@30 : 0.2157    recall@50 : 0.2999    ndcg@1 : 0.0465    ndcg@2 : 0.0482    ndcg@3 : 0.0497    ndcg@4 : 0.0525    ndcg@5 : 0.0555    ndcg@10 : 0.0697    ndcg@20 : 0.088    ndcg@30 : 0.1016    ndcg@50 : 0.121    precision@1 : 0.0465    precision@2 : 0.042    precision@3 : 0.0364    precision@4 : 0.0329    precision@5 : 0.03    precision@10 : 0.0242    precision@20 : 0.0196    precision@30 : 0.0172    precision@50 : 0.0143    map@1 : 0.0465    map@2 : 0.0399    map@3 : 0.0379    map@4 : 0.0379    map@5 : 0.0388    map@10 : 0.0435    map@20 : 0.0483    map@30 : 0.0511    map@50 : 0.0542
Sun 15 Mar 2026 22:54:05 INFO  Saving current: saved/SCL-Mar-15-2026_22-54-00.pth
Sun 15 Mar 2026 22:54:05 INFO  Saving current best: saved/SCL-Mar-15-2026_22-54-00.pth
Sun 15 Mar 2026 22:54:05 INFO  Running E-step ! 
Sun 15 Mar 2026 22:54:05 INFO  epoch 12 training [time: 0.17s, train_loss1: 5.5268, train_loss2: 0.0061, train_loss3: 0.0108]
Sun 15 Mar 2026 22:54:05 INFO  epoch 12 evaluating [time: 0.14s, valid_score: 0.084300]
Sun 15 Mar 2026 22:54:05 INFO  valid result: 
recall@1 : 0.025    recall@2 : 0.044    recall@3 : 0.0596    recall@4 : 0.0699    recall@5 : 0.0815    recall@10 : 0.126    recall@20 : 0.1866    recall@30 : 0.2396    recall@50 : 0.3275    ndcg@1 : 0.0542    ndcg@2 : 0.0583    ndcg@3 : 0.0615    ndcg@4 : 0.064    ndcg@5 : 0.0681    ndcg@10 : 0.0843    ndcg@20 : 0.1027    ndcg@30 : 0.1168    ndcg@50 : 0.1371    precision@1 : 0.0542    precision@2 : 0.0515    precision@3 : 0.0455    precision@4 : 0.0398    precision@5 : 0.0366    precision@10 : 0.029    precision@20 : 0.0221    precision@30 : 0.0191    precision@50 : 0.0156    map@1 : 0.0542    map@2 : 0.0481    map@3 : 0.0467    map@4 : 0.0465    map@5 : 0.048    map@10 : 0.0535    map@20 : 0.0583    map@30 : 0.0614    map@50 : 0.0647
Sun 15 Mar 2026 22:54:05 INFO  Saving current: saved/SCL-Mar-15-2026_22-54-00.pth
Sun 15 Mar 2026 22:54:05 INFO  Saving current best: saved/SCL-Mar-15-2026_22-54-00.pth
Sun 15 Mar 2026 22:54:05 INFO  Running E-step ! 
Sun 15 Mar 2026 22:54:06 INFO  epoch 13 training [time: 0.17s, train_loss1: 5.5225, train_loss2: 0.0066, train_loss3: 0.0107]
Sun 15 Mar 2026 22:54:06 INFO  epoch 13 evaluating [time: 0.15s, valid_score: 0.099400]
Sun 15 Mar 2026 22:54:06 INFO  valid result: 
recall@1 : 0.0289    recall@2 : 0.0542    recall@3 : 0.0717    recall@4 : 0.0849    recall@5 : 0.0979    recall@10 : 0.1471    recall@20 : 0.2176    recall@30 : 0.2737    recall@50 : 0.3647    ndcg@1 : 0.062    ndcg@2 : 0.0693    ndcg@3 : 0.0735    ndcg@4 : 0.077    ndcg@5 : 0.0819    ndcg@10 : 0.0994    ndcg@20 : 0.1209    ndcg@30 : 0.1357    ndcg@50 : 0.1566    precision@1 : 0.062    precision@2 : 0.0617    precision@3 : 0.055    precision@4 : 0.0484    precision@5 : 0.0454    precision@10 : 0.0339    precision@20 : 0.0257    precision@30 : 0.0216    precision@50 : 0.0172    map@1 : 0.062    map@2 : 0.0568    map@3 : 0.0556    map@4 : 0.0562    map@5 : 0.058    map@10 : 0.0641    map@20 : 0.0701    map@30 : 0.0733    map@50 : 0.0769
Sun 15 Mar 2026 22:54:06 INFO  Saving current: saved/SCL-Mar-15-2026_22-54-00.pth
Sun 15 Mar 2026 22:54:06 INFO  Saving current best: saved/SCL-Mar-15-2026_22-54-00.pth
Sun 15 Mar 2026 22:54:06 INFO  Running E-step ! 
Sun 15 Mar 2026 22:54:06 INFO  epoch 14 training [time: 0.17s, train_loss1: 5.5168, train_loss2: 0.0074, train_loss3: 0.0107]
Sun 15 Mar 2026 22:54:06 INFO  epoch 14 evaluating [time: 0.15s, valid_score: 0.119200]
Sun 15 Mar 2026 22:54:06 INFO  valid result: 
recall@1 : 0.0341    recall@2 : 0.062    recall@3 : 0.0857    recall@4 : 0.099    recall@5 : 0.1149    recall@10 : 0.1788    recall@20 : 0.2535    recall@30 : 0.316    recall@50 : 0.4116    ndcg@1 : 0.0757    ndcg@2 : 0.0797    ndcg@3 : 0.0866    ndcg@4 : 0.0901    ndcg@5 : 0.0958    ndcg@10 : 0.1192    ndcg@20 : 0.1421    ndcg@30 : 0.1585    ndcg@50 : 0.1805    precision@1 : 0.0757    precision@2 : 0.0694    precision@3 : 0.0644    precision@4 : 0.0569    precision@5 : 0.0527    precision@10 : 0.0414    precision@20 : 0.03    precision@30 : 0.0251    precision@50 : 0.0195    map@1 : 0.0757    map@2 : 0.0657    map@3 : 0.0659    map@4 : 0.0665    map@5 : 0.0686    map@10 : 0.0773    map@20 : 0.0839    map@30 : 0.0878    map@50 : 0.0916
Sun 15 Mar 2026 22:54:06 INFO  Saving current: saved/SCL-Mar-15-2026_22-54-00.pth
Sun 15 Mar 2026 22:54:06 INFO  Saving current best: saved/SCL-Mar-15-2026_22-54-00.pth
Sun 15 Mar 2026 22:54:06 INFO  Running E-step ! 
Sun 15 Mar 2026 22:54:06 INFO  epoch 15 training [time: 0.17s, train_loss1: 5.5091, train_loss2: 0.0089, train_loss3: 0.0107]
Sun 15 Mar 2026 22:54:06 INFO  epoch 15 evaluating [time: 0.15s, valid_score: 0.143900]
Sun 15 Mar 2026 22:54:06 INFO  valid result: 
recall@1 : 0.0427    recall@2 : 0.0771    recall@3 : 0.1024    recall@4 : 0.1229    recall@5 : 0.1432    recall@10 : 0.2143    recall@20 : 0.3088    recall@30 : 0.3767    recall@50 : 0.473    ndcg@1 : 0.093    ndcg@2 : 0.097    ndcg@3 : 0.1039    ndcg@4 : 0.1105    ndcg@5 : 0.1179    ndcg@10 : 0.1439    ndcg@20 : 0.1726    ndcg@30 : 0.1904    ndcg@50 : 0.2127    precision@1 : 0.093    precision@2 : 0.0831    precision@3 : 0.0755    precision@4 : 0.0684    precision@5 : 0.064    precision@10 : 0.0487    precision@20 : 0.0361    precision@30 : 0.0295    precision@50 : 0.0224    map@1 : 0.093    map@2 : 0.081    map@3 : 0.0809    map@4 : 0.0827    map@5 : 0.0854    map@10 : 0.0955    map@20 : 0.1044    map@30 : 0.1087    map@50 : 0.1129
Sun 15 Mar 2026 22:54:06 INFO  Saving current: saved/SCL-Mar-15-2026_22-54-00.pth
Sun 15 Mar 2026 22:54:06 INFO  Saving current best: saved/SCL-Mar-15-2026_22-54-00.pth
Sun 15 Mar 2026 22:54:06 INFO  Running E-step ! 
Sun 15 Mar 2026 22:54:07 INFO  epoch 16 training [time: 0.16s, train_loss1: 5.4973, train_loss2: 0.0112, train_loss3: 0.0107]
Sun 15 Mar 2026 22:54:07 INFO  epoch 16 evaluating [time: 0.15s, valid_score: 0.176500]
Sun 15 Mar 2026 22:54:07 INFO  valid result: 
recall@1 : 0.0522    recall@2 : 0.0936    recall@3 : 0.1204    recall@4 : 0.1526    recall@5 : 0.1771    recall@10 : 0.267    recall@20 : 0.3715    recall@30 : 0.4485    recall@50 : 0.538    ndcg@1 : 0.1079    ndcg@2 : 0.1162    ndcg@3 : 0.1234    ndcg@4 : 0.1346    ndcg@5 : 0.1438    ndcg@10 : 0.1765    ndcg@20 : 0.2084    ndcg@30 : 0.2286    ndcg@50 : 0.2493    precision@1 : 0.1079    precision@2 : 0.0995    precision@3 : 0.0892    precision@4 : 0.0831    precision@5 : 0.0779    precision@10 : 0.0596    precision@20 : 0.0426    precision@30 : 0.0347    precision@50 : 0.0252    map@1 : 0.1079    map@2 : 0.0983    map@3 : 0.0969    map@4 : 0.1008    map@5 : 0.1049    map@10 : 0.1185    map@20 : 0.1287    map@30 : 0.1339    map@50 : 0.1381
Sun 15 Mar 2026 22:54:07 INFO  Saving current: saved/SCL-Mar-15-2026_22-54-00.pth
Sun 15 Mar 2026 22:54:07 INFO  Saving current best: saved/SCL-Mar-15-2026_22-54-00.pth
Sun 15 Mar 2026 22:54:07 INFO  Running E-step ! 
Sun 15 Mar 2026 22:54:07 INFO  epoch 17 training [time: 0.18s, train_loss1: 5.4786, train_loss2: 0.0149, train_loss3: 0.0107]
Sun 15 Mar 2026 22:54:07 INFO  epoch 17 evaluating [time: 0.15s, valid_score: 0.215900]
Sun 15 Mar 2026 22:54:07 INFO  valid result: 
recall@1 : 0.0658    recall@2 : 0.1172    recall@3 : 0.1567    recall@4 : 0.1897    recall@5 : 0.2206    recall@10 : 0.3288    recall@20 : 0.4518    recall@30 : 0.5308    recall@50 : 0.6239    ndcg@1 : 0.1281    ndcg@2 : 0.1403    ndcg@3 : 0.153    ndcg@4 : 0.1651    ndcg@5 : 0.1766    ndcg@10 : 0.2159    ndcg@20 : 0.2535    ndcg@30 : 0.2742    ndcg@50 : 0.296    precision@1 : 0.1281    precision@2 : 0.1168    precision@3 : 0.1073    precision@4 : 0.0992    precision@5 : 0.093    precision@10 : 0.0703    precision@20 : 0.0499    precision@30 : 0.0397    precision@50 : 0.0284    map@1 : 0.1281    map@2 : 0.1201    map@3 : 0.1213    map@4 : 0.1263    map@5 : 0.1314    map@10 : 0.1479    map@20 : 0.1607    map@30 : 0.1663    map@50 : 0.171
Sun 15 Mar 2026 22:54:07 INFO  Saving current: saved/SCL-Mar-15-2026_22-54-00.pth
Sun 15 Mar 2026 22:54:07 INFO  Saving current best: saved/SCL-Mar-15-2026_22-54-00.pth
Sun 15 Mar 2026 22:54:07 INFO  Running E-step ! 
Sun 15 Mar 2026 22:54:07 INFO  epoch 18 training [time: 0.17s, train_loss1: 5.4478, train_loss2: 0.0206, train_loss3: 0.0107]
Sun 15 Mar 2026 22:54:07 INFO  epoch 18 evaluating [time: 0.15s, valid_score: 0.265300]
Sun 15 Mar 2026 22:54:07 INFO  valid result: 
recall@1 : 0.0861    recall@2 : 0.1434    recall@3 : 0.1937    recall@4 : 0.2439    recall@5 : 0.2799    recall@10 : 0.4079    recall@20 : 0.5378    recall@30 : 0.6042    recall@50 : 0.6878    ndcg@1 : 0.1627    ndcg@2 : 0.1683    ndcg@3 : 0.1857    ndcg@4 : 0.2051    ndcg@5 : 0.2192    ndcg@10 : 0.2653    ndcg@20 : 0.3047    ndcg@30 : 0.3225    ndcg@50 : 0.3424    precision@1 : 0.1627    precision@2 : 0.1335    precision@3 : 0.1232    precision@4 : 0.117    precision@5 : 0.1095    precision@10 : 0.0821    precision@20 : 0.0564    precision@30 : 0.0434    precision@50 : 0.0304    map@1 : 0.1627    map@2 : 0.1454    map@3 : 0.1497    map@4 : 0.1584    map@5 : 0.1648    map@10 : 0.1849    map@20 : 0.1981    map@30 : 0.2033    map@50 : 0.2079
Sun 15 Mar 2026 22:54:07 INFO  Saving current: saved/SCL-Mar-15-2026_22-54-00.pth
Sun 15 Mar 2026 22:54:07 INFO  Saving current best: saved/SCL-Mar-15-2026_22-54-00.pth
Sun 15 Mar 2026 22:54:07 INFO  Running E-step ! 
Sun 15 Mar 2026 22:54:08 INFO  epoch 19 training [time: 0.17s, train_loss1: 5.3854, train_loss2: 0.0289, train_loss3: 0.0107]
Sun 15 Mar 2026 22:54:08 INFO  epoch 19 evaluating [time: 0.15s, valid_score: 0.296500]
Sun 15 Mar 2026 22:54:08 INFO  valid result: 
recall@1 : 0.1    recall@2 : 0.1844    recall@3 : 0.2417    recall@4 : 0.2859    recall@5 : 0.3221    recall@10 : 0.4506    recall@20 : 0.5902    recall@30 : 0.6523    recall@50 : 0.7355    ndcg@1 : 0.1776    ndcg@2 : 0.2018    ndcg@3 : 0.2216    ndcg@4 : 0.238    ndcg@5 : 0.2512    ndcg@10 : 0.2965    ndcg@20 : 0.3393    ndcg@30 : 0.3563    ndcg@50 : 0.3759    precision@1 : 0.1776    precision@2 : 0.1582    precision@3 : 0.141    precision@4 : 0.1278    precision@5 : 0.1164    precision@10 : 0.0849    precision@20 : 0.0592    precision@30 : 0.0452    precision@50 : 0.0314    map@1 : 0.1776    map@2 : 0.1748    map@3 : 0.1809    map@4 : 0.1879    map@5 : 0.1932    map@10 : 0.212    map@20 : 0.2267    map@30 : 0.2317    map@50 : 0.2362
Sun 15 Mar 2026 22:54:08 INFO  Saving current: saved/SCL-Mar-15-2026_22-54-00.pth
Sun 15 Mar 2026 22:54:08 INFO  Saving current best: saved/SCL-Mar-15-2026_22-54-00.pth
Sun 15 Mar 2026 22:54:08 INFO  Running E-step ! 
Sun 15 Mar 2026 22:54:08 INFO  epoch 20 training [time: 0.17s, train_loss1: 5.2546, train_loss2: 0.0346, train_loss3: 0.0107, train_loss4: 0.0000]
Sun 15 Mar 2026 22:54:08 INFO  epoch 20 evaluating [time: 0.15s, valid_score: 0.308200]
Sun 15 Mar 2026 22:54:08 INFO  valid result: 
recall@1 : 0.107    recall@2 : 0.2058    recall@3 : 0.2666    recall@4 : 0.3033    recall@5 : 0.3433    recall@10 : 0.46    recall@20 : 0.6053    recall@30 : 0.6735    recall@50 : 0.7561    ndcg@1 : 0.1836    ndcg@2 : 0.2185    ndcg@3 : 0.2396    ndcg@4 : 0.2524    ndcg@5 : 0.2674    ndcg@10 : 0.3082    ndcg@20 : 0.352    ndcg@30 : 0.3701    ndcg@50 : 0.3898    precision@1 : 0.1836    precision@2 : 0.1701    precision@3 : 0.1496    precision@4 : 0.1316    precision@5 : 0.1212    precision@10 : 0.085    precision@20 : 0.0597    precision@30 : 0.0454    precision@50 : 0.0316    map@1 : 0.1836    map@2 : 0.1894    map@3 : 0.1963    map@4 : 0.2009    map@5 : 0.2074    map@10 : 0.2239    map@20 : 0.2386    map@30 : 0.2436    map@50 : 0.2481
Sun 15 Mar 2026 22:54:08 INFO  Saving current: saved/SCL-Mar-15-2026_22-54-00.pth
Sun 15 Mar 2026 22:54:08 INFO  Saving current best: saved/SCL-Mar-15-2026_22-54-00.pth
Sun 15 Mar 2026 22:54:08 INFO  Running E-step ! 
Sun 15 Mar 2026 22:54:08 INFO  epoch 21 training [time: 0.16s, train_loss1: 5.0310, train_loss2: 0.0367, train_loss3: 0.0108, train_loss4: 0.0000]
Sun 15 Mar 2026 22:54:08 INFO  epoch 21 evaluating [time: 0.14s, valid_score: 0.315800]
Sun 15 Mar 2026 22:54:08 INFO  valid result: 
recall@1 : 0.115    recall@2 : 0.2125    recall@3 : 0.2723    recall@4 : 0.31    recall@5 : 0.3511    recall@10 : 0.4702    recall@20 : 0.6041    recall@30 : 0.678    recall@50 : 0.7557    ndcg@1 : 0.1889    ndcg@2 : 0.2248    ndcg@3 : 0.2457    ndcg@4 : 0.2593    ndcg@5 : 0.2745    ndcg@10 : 0.3158    ndcg@20 : 0.356    ndcg@30 : 0.3757    ndcg@50 : 0.3947    precision@1 : 0.1889    precision@2 : 0.1725    precision@3 : 0.1506    precision@4 : 0.1332    precision@5 : 0.1223    precision@10 : 0.0856    precision@20 : 0.0586    precision@30 : 0.0451    precision@50 : 0.0314    map@1 : 0.1889    map@2 : 0.1959    map@3 : 0.2028    map@4 : 0.2079    map@5 : 0.2144    map@10 : 0.2311    map@20 : 0.2444    map@30 : 0.2498    map@50 : 0.2542
Sun 15 Mar 2026 22:54:08 INFO  Saving current: saved/SCL-Mar-15-2026_22-54-00.pth
Sun 15 Mar 2026 22:54:08 INFO  Saving current best: saved/SCL-Mar-15-2026_22-54-00.pth
Sun 15 Mar 2026 22:54:08 INFO  Running E-step ! 
Sun 15 Mar 2026 22:54:09 INFO  epoch 22 training [time: 0.17s, train_loss1: 4.7208, train_loss2: 0.0373, train_loss3: 0.0109, train_loss4: 0.0000]
Sun 15 Mar 2026 22:54:09 INFO  epoch 22 evaluating [time: 0.15s, valid_score: 0.317900]
Sun 15 Mar 2026 22:54:09 INFO  valid result: 
recall@1 : 0.1163    recall@2 : 0.2129    recall@3 : 0.2745    recall@4 : 0.3119    recall@5 : 0.3551    recall@10 : 0.4746    recall@20 : 0.5998    recall@30 : 0.6805    recall@50 : 0.7566    ndcg@1 : 0.1901    ndcg@2 : 0.2252    ndcg@3 : 0.2474    ndcg@4 : 0.2608    ndcg@5 : 0.2767    ndcg@10 : 0.3179    ndcg@20 : 0.3555    ndcg@30 : 0.377    ndcg@50 : 0.3953    precision@1 : 0.1901    precision@2 : 0.1719    precision@3 : 0.1516    precision@4 : 0.1338    precision@5 : 0.123    precision@10 : 0.0861    precision@20 : 0.058    precision@30 : 0.0453    precision@50 : 0.0313    map@1 : 0.1901    map@2 : 0.1967    map@3 : 0.2041    map@4 : 0.2091    map@5 : 0.216    map@10 : 0.2325    map@20 : 0.245    map@30 : 0.2508    map@50 : 0.255
Sun 15 Mar 2026 22:54:09 INFO  Saving current: saved/SCL-Mar-15-2026_22-54-00.pth
Sun 15 Mar 2026 22:54:09 INFO  Saving current best: saved/SCL-Mar-15-2026_22-54-00.pth
Sun 15 Mar 2026 22:54:09 INFO  Running E-step ! 
Sun 15 Mar 2026 22:54:09 INFO  epoch 23 training [time: 0.16s, train_loss1: 4.3844, train_loss2: 0.0375, train_loss3: 0.0110, train_loss4: 0.0000]
Sun 15 Mar 2026 22:54:09 INFO  epoch 23 evaluating [time: 0.15s, valid_score: 0.319700]
Sun 15 Mar 2026 22:54:09 INFO  valid result: 
recall@1 : 0.1191    recall@2 : 0.2143    recall@3 : 0.2734    recall@4 : 0.3119    recall@5 : 0.3522    recall@10 : 0.4773    recall@20 : 0.6006    recall@30 : 0.6805    recall@50 : 0.7637    ndcg@1 : 0.1931    ndcg@2 : 0.2274    ndcg@3 : 0.2479    ndcg@4 : 0.262    ndcg@5 : 0.2768    ndcg@10 : 0.3197    ndcg@20 : 0.3567    ndcg@30 : 0.3779    ndcg@50 : 0.3976    precision@1 : 0.1931    precision@2 : 0.1731    precision@3 : 0.1506    precision@4 : 0.1341    precision@5 : 0.1223    precision@10 : 0.0865    precision@20 : 0.0579    precision@30 : 0.0452    precision@50 : 0.0314    map@1 : 0.1931    map@2 : 0.1986    map@3 : 0.2052    map@4 : 0.2106    map@5 : 0.2169    map@10 : 0.2342    map@20 : 0.2463    map@30 : 0.252    map@50 : 0.2564
Sun 15 Mar 2026 22:54:09 INFO  Saving current: saved/SCL-Mar-15-2026_22-54-00.pth
Sun 15 Mar 2026 22:54:09 INFO  Saving current best: saved/SCL-Mar-15-2026_22-54-00.pth
Sun 15 Mar 2026 22:54:09 INFO  Running E-step ! 
Sun 15 Mar 2026 22:54:09 INFO  epoch 24 training [time: 0.17s, train_loss1: 4.0411, train_loss2: 0.0377, train_loss3: 0.0110, train_loss4: 0.0000]
Sun 15 Mar 2026 22:54:09 INFO  epoch 24 evaluating [time: 0.15s, valid_score: 0.320200]
Sun 15 Mar 2026 22:54:09 INFO  valid result: 
recall@1 : 0.1202    recall@2 : 0.2143    recall@3 : 0.2723    recall@4 : 0.3122    recall@5 : 0.3489    recall@10 : 0.4782    recall@20 : 0.5999    recall@30 : 0.677    recall@50 : 0.7699    ndcg@1 : 0.1937    ndcg@2 : 0.2274    ndcg@3 : 0.2474    ndcg@4 : 0.2624    ndcg@5 : 0.2757    ndcg@10 : 0.3202    ndcg@20 : 0.3567    ndcg@30 : 0.3771    ndcg@50 : 0.3989    precision@1 : 0.1937    precision@2 : 0.1725    precision@3 : 0.1496    precision@4 : 0.1342    precision@5 : 0.1216    precision@10 : 0.0865    precision@20 : 0.0577    precision@30 : 0.0448    precision@50 : 0.0315    map@1 : 0.1937    map@2 : 0.1989    map@3 : 0.205    map@4 : 0.2111    map@5 : 0.2167    map@10 : 0.2347    map@20 : 0.2466    map@30 : 0.2521    map@50 : 0.2568
Sun 15 Mar 2026 22:54:09 INFO  Saving current: saved/SCL-Mar-15-2026_22-54-00.pth
Sun 15 Mar 2026 22:54:09 INFO  Saving current best: saved/SCL-Mar-15-2026_22-54-00.pth
Sun 15 Mar 2026 22:54:09 INFO  Running E-step ! 
Sun 15 Mar 2026 22:54:10 INFO  epoch 25 training [time: 0.19s, train_loss1: 3.7707, train_loss2: 0.0378, train_loss3: 0.0111, train_loss4: 0.0000]
Sun 15 Mar 2026 22:54:10 INFO  epoch 25 evaluating [time: 0.15s, valid_score: 0.320200]
Sun 15 Mar 2026 22:54:10 INFO  valid result: 
recall@1 : 0.1204    recall@2 : 0.2144    recall@3 : 0.2721    recall@4 : 0.3119    recall@5 : 0.3466    recall@10 : 0.478    recall@20 : 0.5986    recall@30 : 0.6736    recall@50 : 0.7712    ndcg@1 : 0.1949    ndcg@2 : 0.2276    ndcg@3 : 0.2474    ndcg@4 : 0.2624    ndcg@5 : 0.2749    ndcg@10 : 0.3202    ndcg@20 : 0.3562    ndcg@30 : 0.3763    ndcg@50 : 0.3992    precision@1 : 0.1949    precision@2 : 0.1725    precision@3 : 0.1494    precision@4 : 0.1341    precision@5 : 0.1212    precision@10 : 0.0865    precision@20 : 0.0574    precision@30 : 0.0446    precision@50 : 0.0315    map@1 : 0.1949    map@2 : 0.199    map@3 : 0.205    map@4 : 0.211    map@5 : 0.2164    map@10 : 0.2346    map@20 : 0.2464    map@30 : 0.2518    map@50 : 0.2568
Sun 15 Mar 2026 22:54:10 INFO  Saving current: saved/SCL-Mar-15-2026_22-54-00.pth
Sun 15 Mar 2026 22:54:10 INFO  Saving current best: saved/SCL-Mar-15-2026_22-54-00.pth
Sun 15 Mar 2026 22:54:10 INFO  Running E-step ! 
Sun 15 Mar 2026 22:54:10 INFO  epoch 26 training [time: 0.18s, train_loss1: 3.5755, train_loss2: 0.0380, train_loss3: 0.0111, train_loss4: 0.0000]
Sun 15 Mar 2026 22:54:10 INFO  epoch 26 evaluating [time: 0.15s, valid_score: 0.320000]
Sun 15 Mar 2026 22:54:10 INFO  valid result: 
recall@1 : 0.1186    recall@2 : 0.2144    recall@3 : 0.2719    recall@4 : 0.3112    recall@5 : 0.3469    recall@10 : 0.4798    recall@20 : 0.5973    recall@30 : 0.6727    recall@50 : 0.7715    ndcg@1 : 0.1937    ndcg@2 : 0.227    ndcg@3 : 0.2468    ndcg@4 : 0.2614    ndcg@5 : 0.2745    ndcg@10 : 0.32    ndcg@20 : 0.3551    ndcg@30 : 0.3753    ndcg@50 : 0.3984    precision@1 : 0.1937    precision@2 : 0.1725    precision@3 : 0.1494    precision@4 : 0.1339    precision@5 : 0.1215    precision@10 : 0.0867    precision@20 : 0.0572    precision@30 : 0.0445    precision@50 : 0.0315    map@1 : 0.1937    map@2 : 0.1983    map@3 : 0.2042    map@4 : 0.21    map@5 : 0.2156    map@10 : 0.2338    map@20 : 0.2453    map@30 : 0.2508    map@50 : 0.2557
Sun 15 Mar 2026 22:54:10 INFO  Running E-step ! 
Sun 15 Mar 2026 22:54:10 INFO  epoch 27 training [time: 0.17s, train_loss1: 3.4241, train_loss2: 0.0382, train_loss3: 0.0112, train_loss4: 0.0000]
Sun 15 Mar 2026 22:54:10 INFO  epoch 27 evaluating [time: 0.14s, valid_score: 0.320600]
Sun 15 Mar 2026 22:54:10 INFO  valid result: 
recall@1 : 0.1205    recall@2 : 0.2137    recall@3 : 0.2717    recall@4 : 0.3111    recall@5 : 0.3478    recall@10 : 0.4799    recall@20 : 0.5971    recall@30 : 0.6713    recall@50 : 0.7715    ndcg@1 : 0.1955    ndcg@2 : 0.227    ndcg@3 : 0.2472    ndcg@4 : 0.2619    ndcg@5 : 0.2754    ndcg@10 : 0.3206    ndcg@20 : 0.3557    ndcg@30 : 0.3756    ndcg@50 : 0.3989    precision@1 : 0.1955    precision@2 : 0.1716    precision@3 : 0.1492    precision@4 : 0.1339    precision@5 : 0.1217    precision@10 : 0.0868    precision@20 : 0.0572    precision@30 : 0.0445    precision@50 : 0.0315    map@1 : 0.1955    map@2 : 0.1987    map@3 : 0.2048    map@4 : 0.2107    map@5 : 0.2166    map@10 : 0.2347    map@20 : 0.2462    map@30 : 0.2515    map@50 : 0.2565
Sun 15 Mar 2026 22:54:10 INFO  Saving current: saved/SCL-Mar-15-2026_22-54-00.pth
Sun 15 Mar 2026 22:54:10 INFO  Saving current best: saved/SCL-Mar-15-2026_22-54-00.pth
Sun 15 Mar 2026 22:54:10 INFO  Running E-step ! 
Sun 15 Mar 2026 22:54:11 INFO  epoch 28 training [time: 0.16s, train_loss1: 3.3367, train_loss2: 0.0384, train_loss3: 0.0112, train_loss4: 0.0000]
Sun 15 Mar 2026 22:54:11 INFO  epoch 28 evaluating [time: 0.15s, valid_score: 0.319900]
Sun 15 Mar 2026 22:54:11 INFO  valid result: 
recall@1 : 0.1196    recall@2 : 0.2137    recall@3 : 0.2714    recall@4 : 0.3114    recall@5 : 0.3466    recall@10 : 0.4786    recall@20 : 0.5965    recall@30 : 0.6727    recall@50 : 0.7724    ndcg@1 : 0.1949    ndcg@2 : 0.2267    ndcg@3 : 0.2467    ndcg@4 : 0.2619    ndcg@5 : 0.2746    ndcg@10 : 0.3199    ndcg@20 : 0.3551    ndcg@30 : 0.3756    ndcg@50 : 0.3987    precision@1 : 0.1949    precision@2 : 0.1716    precision@3 : 0.149    precision@4 : 0.1344    precision@5 : 0.1215    precision@10 : 0.0867    precision@20 : 0.0572    precision@30 : 0.0446    precision@50 : 0.0316    map@1 : 0.1949    map@2 : 0.1983    map@3 : 0.2042    map@4 : 0.2104    map@5 : 0.2159    map@10 : 0.234    map@20 : 0.2456    map@30 : 0.2511    map@50 : 0.256
Sun 15 Mar 2026 22:54:11 INFO  Running E-step ! 
Sun 15 Mar 2026 22:54:11 INFO  epoch 29 training [time: 0.17s, train_loss1: 3.2765, train_loss2: 0.0386, train_loss3: 0.0112, train_loss4: 0.0000]
Sun 15 Mar 2026 22:54:11 INFO  epoch 29 evaluating [time: 0.15s, valid_score: 0.319600]
Sun 15 Mar 2026 22:54:11 INFO  valid result: 
recall@1 : 0.1196    recall@2 : 0.2137    recall@3 : 0.2715    recall@4 : 0.311    recall@5 : 0.3471    recall@10 : 0.4774    recall@20 : 0.5968    recall@30 : 0.6726    recall@50 : 0.7727    ndcg@1 : 0.1949    ndcg@2 : 0.2267    ndcg@3 : 0.2468    ndcg@4 : 0.2617    ndcg@5 : 0.2748    ndcg@10 : 0.3196    ndcg@20 : 0.3553    ndcg@30 : 0.3755    ndcg@50 : 0.3988    precision@1 : 0.1949    precision@2 : 0.1716    precision@3 : 0.1492    precision@4 : 0.1341    precision@5 : 0.1216    precision@10 : 0.0865    precision@20 : 0.0572    precision@30 : 0.0445    precision@50 : 0.0316    map@1 : 0.1949    map@2 : 0.1983    map@3 : 0.2043    map@4 : 0.2103    map@5 : 0.216    map@10 : 0.234    map@20 : 0.2457    map@30 : 0.2511    map@50 : 0.2561
Sun 15 Mar 2026 22:54:11 INFO  Running E-step ! 
Sun 15 Mar 2026 22:54:11 INFO  epoch 30 training [time: 0.16s, train_loss1: 3.2355, train_loss2: 0.0387, train_loss3: 0.0112, train_loss4: 0.0000]
Sun 15 Mar 2026 22:54:11 INFO  epoch 30 evaluating [time: 0.14s, valid_score: 0.318600]
Sun 15 Mar 2026 22:54:11 INFO  valid result: 
recall@1 : 0.1182    recall@2 : 0.2131    recall@3 : 0.2709    recall@4 : 0.3099    recall@5 : 0.3463    recall@10 : 0.4765    recall@20 : 0.5964    recall@30 : 0.6728    recall@50 : 0.7712    ndcg@1 : 0.1931    ndcg@2 : 0.2258    ndcg@3 : 0.2459    ndcg@4 : 0.2605    ndcg@5 : 0.2737    ndcg@10 : 0.3186    ndcg@20 : 0.3544    ndcg@30 : 0.3748    ndcg@50 : 0.3977    precision@1 : 0.1931    precision@2 : 0.1713    precision@3 : 0.149    precision@4 : 0.1336    precision@5 : 0.1213    precision@10 : 0.0865    precision@20 : 0.0573    precision@30 : 0.0445    precision@50 : 0.0315    map@1 : 0.1931    map@2 : 0.1973    map@3 : 0.2033    map@4 : 0.2092    map@5 : 0.2149    map@10 : 0.233    map@20 : 0.2447    map@30 : 0.2501    map@50 : 0.2551
Sun 15 Mar 2026 22:54:11 INFO  Running E-step ! 
Sun 15 Mar 2026 22:54:12 INFO  epoch 31 training [time: 0.17s, train_loss1: 3.2518, train_loss2: 0.0389, train_loss3: 0.0112, train_loss4: 0.0000]
Sun 15 Mar 2026 22:54:12 INFO  epoch 31 evaluating [time: 0.15s, valid_score: 0.319200]
Sun 15 Mar 2026 22:54:12 INFO  valid result: 
recall@1 : 0.1188    recall@2 : 0.2131    recall@3 : 0.2709    recall@4 : 0.3102    recall@5 : 0.3462    recall@10 : 0.4776    recall@20 : 0.5962    recall@30 : 0.6724    recall@50 : 0.767    ndcg@1 : 0.1937    ndcg@2 : 0.226    ndcg@3 : 0.2461    ndcg@4 : 0.261    ndcg@5 : 0.2739    ndcg@10 : 0.3192    ndcg@20 : 0.3547    ndcg@30 : 0.375    ndcg@50 : 0.3972    precision@1 : 0.1937    precision@2 : 0.1713    precision@3 : 0.149    precision@4 : 0.1341    precision@5 : 0.1213    precision@10 : 0.0866    precision@20 : 0.0573    precision@30 : 0.0445    precision@50 : 0.0315    map@1 : 0.1937    map@2 : 0.1976    map@3 : 0.2036    map@4 : 0.2097    map@5 : 0.2153    map@10 : 0.2334    map@20 : 0.2451    map@30 : 0.2505    map@50 : 0.2554
Sun 15 Mar 2026 22:54:12 INFO  Running E-step ! 
Sun 15 Mar 2026 22:54:12 INFO  epoch 32 training [time: 0.16s, train_loss1: 3.2137, train_loss2: 0.0390, train_loss3: 0.0112, train_loss4: 0.0000]
Sun 15 Mar 2026 22:54:12 INFO  epoch 32 evaluating [time: 0.15s, valid_score: 0.319400]
Sun 15 Mar 2026 22:54:12 INFO  valid result: 
recall@1 : 0.1194    recall@2 : 0.2131    recall@3 : 0.2708    recall@4 : 0.3102    recall@5 : 0.3468    recall@10 : 0.4772    recall@20 : 0.5963    recall@30 : 0.6734    recall@50 : 0.7669    ndcg@1 : 0.1943    ndcg@2 : 0.2262    ndcg@3 : 0.2462    ndcg@4 : 0.2612    ndcg@5 : 0.2744    ndcg@10 : 0.3194    ndcg@20 : 0.355    ndcg@30 : 0.3754    ndcg@50 : 0.3975    precision@1 : 0.1943    precision@2 : 0.1713    precision@3 : 0.1488    precision@4 : 0.1341    precision@5 : 0.1215    precision@10 : 0.0867    precision@20 : 0.0574    precision@30 : 0.0446    precision@50 : 0.0315    map@1 : 0.1943    map@2 : 0.1979    map@3 : 0.2038    map@4 : 0.21    map@5 : 0.2157    map@10 : 0.2338    map@20 : 0.2454    map@30 : 0.2508    map@50 : 0.2557
Sun 15 Mar 2026 22:54:12 INFO  Running E-step ! 
Sun 15 Mar 2026 22:54:12 INFO  epoch 33 training [time: 0.18s, train_loss1: 3.1933, train_loss2: 0.0391, train_loss3: 0.0112, train_loss4: 0.0000]
Sun 15 Mar 2026 22:54:12 INFO  epoch 33 evaluating [time: 0.15s, valid_score: 0.319200]
Sun 15 Mar 2026 22:54:12 INFO  valid result: 
recall@1 : 0.1188    recall@2 : 0.2131    recall@3 : 0.2708    recall@4 : 0.3099    recall@5 : 0.3463    recall@10 : 0.4773    recall@20 : 0.5959    recall@30 : 0.6735    recall@50 : 0.7653    ndcg@1 : 0.1937    ndcg@2 : 0.226    ndcg@3 : 0.246    ndcg@4 : 0.2608    ndcg@5 : 0.2739    ndcg@10 : 0.3192    ndcg@20 : 0.3547    ndcg@30 : 0.3753    ndcg@50 : 0.397    precision@1 : 0.1937    precision@2 : 0.1713    precision@3 : 0.1488    precision@4 : 0.1339    precision@5 : 0.1211    precision@10 : 0.0867    precision@20 : 0.0574    precision@30 : 0.0446    precision@50 : 0.0315    map@1 : 0.1937    map@2 : 0.1976    map@3 : 0.2035    map@4 : 0.2096    map@5 : 0.2152    map@10 : 0.2334    map@20 : 0.2451    map@30 : 0.2505    map@50 : 0.2554
Sun 15 Mar 2026 22:54:12 INFO  Running E-step ! 
Sun 15 Mar 2026 22:54:13 INFO  epoch 34 training [time: 0.19s, train_loss1: 3.1434, train_loss2: 0.0392, train_loss3: 0.0112, train_loss4: 0.0000]
Sun 15 Mar 2026 22:54:13 INFO  epoch 34 evaluating [time: 0.15s, valid_score: 0.318500]
Sun 15 Mar 2026 22:54:13 INFO  valid result: 
recall@1 : 0.1183    recall@2 : 0.2131    recall@3 : 0.2708    recall@4 : 0.3102    recall@5 : 0.3465    recall@10 : 0.4758    recall@20 : 0.5951    recall@30 : 0.6736    recall@50 : 0.7655    ndcg@1 : 0.1937    ndcg@2 : 0.2259    ndcg@3 : 0.2459    ndcg@4 : 0.2609    ndcg@5 : 0.2738    ndcg@10 : 0.3185    ndcg@20 : 0.3543    ndcg@30 : 0.3751    ndcg@50 : 0.397    precision@1 : 0.1937    precision@2 : 0.1713    precision@3 : 0.1488    precision@4 : 0.1341    precision@5 : 0.121    precision@10 : 0.0865    precision@20 : 0.0573    precision@30 : 0.0446    precision@50 : 0.0315    map@1 : 0.1937    map@2 : 0.1974    map@3 : 0.2033    map@4 : 0.2095    map@5 : 0.215    map@10 : 0.233    map@20 : 0.2447    map@30 : 0.2503    map@50 : 0.2552
Sun 15 Mar 2026 22:54:13 INFO  Running E-step ! 
Sun 15 Mar 2026 22:54:13 INFO  epoch 35 training [time: 0.18s, train_loss1: 3.1462, train_loss2: 0.0394, train_loss3: 0.0112, train_loss4: 0.0000]
Sun 15 Mar 2026 22:54:13 INFO  epoch 35 evaluating [time: 0.15s, valid_score: 0.318800]
Sun 15 Mar 2026 22:54:13 INFO  valid result: 
recall@1 : 0.1189    recall@2 : 0.2131    recall@3 : 0.2708    recall@4 : 0.3101    recall@5 : 0.3471    recall@10 : 0.476    recall@20 : 0.5955    recall@30 : 0.6725    recall@50 : 0.765    ndcg@1 : 0.1943    ndcg@2 : 0.2261    ndcg@3 : 0.2461    ndcg@4 : 0.261    ndcg@5 : 0.2742    ndcg@10 : 0.3188    ndcg@20 : 0.3547    ndcg@30 : 0.3752    ndcg@50 : 0.3971    precision@1 : 0.1943    precision@2 : 0.1713    precision@3 : 0.1488    precision@4 : 0.1339    precision@5 : 0.1211    precision@10 : 0.0864    precision@20 : 0.0574    precision@30 : 0.0446    precision@50 : 0.0315    map@1 : 0.1943    map@2 : 0.1977    map@3 : 0.2036    map@4 : 0.2097    map@5 : 0.2154    map@10 : 0.2333    map@20 : 0.2452    map@30 : 0.2506    map@50 : 0.2556
Sun 15 Mar 2026 22:54:13 INFO  Running E-step ! 
Sun 15 Mar 2026 22:54:13 INFO  epoch 36 training [time: 0.16s, train_loss1: 3.1528, train_loss2: 0.0395, train_loss3: 0.0112, train_loss4: 0.0000]
Sun 15 Mar 2026 22:54:13 INFO  epoch 36 evaluating [time: 0.15s, valid_score: 0.319300]
Sun 15 Mar 2026 22:54:13 INFO  valid result: 
recall@1 : 0.1189    recall@2 : 0.2131    recall@3 : 0.2709    recall@4 : 0.3099    recall@5 : 0.3469    recall@10 : 0.4773    recall@20 : 0.5963    recall@30 : 0.6738    recall@50 : 0.7615    ndcg@1 : 0.1943    ndcg@2 : 0.2261    ndcg@3 : 0.2462    ndcg@4 : 0.2609    ndcg@5 : 0.2741    ndcg@10 : 0.3193    ndcg@20 : 0.355    ndcg@30 : 0.3757    ndcg@50 : 0.3966    precision@1 : 0.1943    precision@2 : 0.1713    precision@3 : 0.149    precision@4 : 0.1339    precision@5 : 0.121    precision@10 : 0.0866    precision@20 : 0.0574    precision@30 : 0.0447    precision@50 : 0.0314    map@1 : 0.1943    map@2 : 0.1977    map@3 : 0.2037    map@4 : 0.2097    map@5 : 0.2154    map@10 : 0.2336    map@20 : 0.2453    map@30 : 0.2509    map@50 : 0.2556
Sun 15 Mar 2026 22:54:13 INFO  Running E-step ! 
Sun 15 Mar 2026 22:54:14 INFO  epoch 37 training [time: 0.16s, train_loss1: 3.1652, train_loss2: 0.0396, train_loss3: 0.0112, train_loss4: 0.0000]
Sun 15 Mar 2026 22:54:14 INFO  epoch 37 evaluating [time: 0.14s, valid_score: 0.319500]
Sun 15 Mar 2026 22:54:14 INFO  valid result: 
recall@1 : 0.1195    recall@2 : 0.2131    recall@3 : 0.2713    recall@4 : 0.3093    recall@5 : 0.3471    recall@10 : 0.4772    recall@20 : 0.5965    recall@30 : 0.6752    recall@50 : 0.7602    ndcg@1 : 0.1949    ndcg@2 : 0.2263    ndcg@3 : 0.2467    ndcg@4 : 0.2609    ndcg@5 : 0.2744    ndcg@10 : 0.3195    ndcg@20 : 0.3553    ndcg@30 : 0.3763    ndcg@50 : 0.3967    precision@1 : 0.1949    precision@2 : 0.1713    precision@3 : 0.1494    precision@4 : 0.1338    precision@5 : 0.1211    precision@10 : 0.0866    precision@20 : 0.0575    precision@30 : 0.0448    precision@50 : 0.0314    map@1 : 0.1949    map@2 : 0.198    map@3 : 0.2042    map@4 : 0.2099    map@5 : 0.2157    map@10 : 0.2339    map@20 : 0.2457    map@30 : 0.2513    map@50 : 0.256
Sun 15 Mar 2026 22:54:14 INFO  Running E-step ! 
Sun 15 Mar 2026 22:54:14 INFO  epoch 38 training [time: 0.16s, train_loss1: 3.1015, train_loss2: 0.0397, train_loss3: 0.0112, train_loss4: 0.0000]
Sun 15 Mar 2026 22:54:14 INFO  epoch 38 evaluating [time: 0.14s, valid_score: 0.319500]
Sun 15 Mar 2026 22:54:14 INFO  valid result: 
recall@1 : 0.1195    recall@2 : 0.2132    recall@3 : 0.2711    recall@4 : 0.309    recall@5 : 0.3471    recall@10 : 0.4769    recall@20 : 0.5974    recall@30 : 0.6756    recall@50 : 0.7593    ndcg@1 : 0.1949    ndcg@2 : 0.2266    ndcg@3 : 0.2465    ndcg@4 : 0.2607    ndcg@5 : 0.2745    ndcg@10 : 0.3195    ndcg@20 : 0.3556    ndcg@30 : 0.3764    ndcg@50 : 0.3966    precision@1 : 0.1949    precision@2 : 0.1716    precision@3 : 0.149    precision@4 : 0.1335    precision@5 : 0.1213    precision@10 : 0.0867    precision@20 : 0.0576    precision@30 : 0.0448    precision@50 : 0.0314    map@1 : 0.1949    map@2 : 0.1983    map@3 : 0.2041    map@4 : 0.2097    map@5 : 0.2157    map@10 : 0.2339    map@20 : 0.2458    map@30 : 0.2514    map@50 : 0.256
Sun 15 Mar 2026 22:54:14 INFO  Finished training, best eval result in epoch 27
Sun 15 Mar 2026 22:54:14 INFO  Loading model structure and parameters from saved/SCL-Mar-15-2026_22-54-00.pth
Sun 15 Mar 2026 22:54:14 INFO  best valid : OrderedDict([('recall@1', 0.1205), ('recall@2', 0.2137), ('recall@3', 0.2717), ('recall@4', 0.3111), ('recall@5', 0.3478), ('recall@10', 0.4799), ('recall@20', 0.5971), ('recall@30', 0.6713), ('recall@50', 0.7715), ('ndcg@1', 0.1955), ('ndcg@2', 0.227), ('ndcg@3', 0.2472), ('ndcg@4', 0.2619), ('ndcg@5', 0.2754), ('ndcg@10', 0.3206), ('ndcg@20', 0.3557), ('ndcg@30', 0.3756), ('ndcg@50', 0.3989), ('precision@1', 0.1955), ('precision@2', 0.1716), ('precision@3', 0.1492), ('precision@4', 0.1339), ('precision@5', 0.1217), ('precision@10', 0.0868), ('precision@20', 0.0572), ('precision@30', 0.0445), ('precision@50', 0.0315), ('map@1', 0.1955), ('map@2', 0.1987), ('map@3', 0.2048), ('map@4', 0.2107), ('map@5', 0.2166), ('map@10', 0.2347), ('map@20', 0.2462), ('map@30', 0.2515), ('map@50', 0.2565)])
Sun 15 Mar 2026 22:54:14 INFO  test result: OrderedDict([('recall@1', 0.1328), ('recall@2', 0.2344), ('recall@3', 0.2829), ('recall@4', 0.3262), ('recall@5', 0.3567), ('recall@10', 0.4785), ('recall@20', 0.6077), ('recall@30', 0.6735), ('recall@50', 0.7693), ('ndcg@1', 0.2157), ('ndcg@2', 0.2489), ('ndcg@3', 0.2634), ('ndcg@4', 0.2783), ('ndcg@5', 0.289), ('ndcg@10', 0.3298), ('ndcg@20', 0.3666), ('ndcg@30', 0.3843), ('ndcg@50', 0.4069), ('precision@1', 0.2157), ('precision@2', 0.1844), ('precision@3', 0.1535), ('precision@4', 0.1376), ('precision@5', 0.1238), ('precision@10', 0.0862), ('precision@20', 0.057), ('precision@30', 0.0434), ('precision@50', 0.0308), ('map@1', 0.2157), ('map@2', 0.2218), ('map@3', 0.224), ('map@4', 0.2291), ('map@5', 0.2332), ('map@10', 0.2491), ('map@20', 0.2603), ('map@30', 0.2653), ('map@50', 0.2703)])
Sun 15 Mar 2026 22:54:14 INFO  training time: 13.4305s
Sun 15 Mar 2026 22:54:14 INFO  result file: results/again2/scl_wo_potential_seed2030.json
