Sun 15 Mar 2026 14:14:50 INFO  
General Hyper Parameters:
gpu_id = 0
use_gpu = True
seed = 2027
state = INFO
reproducibility = True
data_path = ./travel
checkpoint_dir = saved
show_progress = True
save_dataset = False
dataset_save_path = None
save_dataloaders = False
dataloaders_save_path = None
log_wandb = False

Training Hyper Parameters:
epochs = 1000
train_batch_size = 100
learner = adam
learning_rate = 0.001
train_neg_sample_args = {'distribution': 'uniform', 'sample_num': 1, 'alpha': 1.0, 'dynamic': False, 'candidate_num': 0}
eval_step = 1
stopping_step = 20
clip_grad_norm = None
weight_decay = 0.0
loss_decimal_place = 4

Evaluation Hyper Parameters:
eval_args = {'split': {'RS': [0.8, 0.1, 0.1]}, 'order': 'RO', 'group_by': 'user', 'mode': {'valid': 'full', 'test': 'full'}}
repeatable = False
metrics = ['Recall', 'NDCG', 'Precision', 'MAP']
topk = [1, 2, 3, 4, 5, 10, 20, 30, 50]
valid_metric = NDCG@10
valid_metric_bigger = True
eval_batch_size = 100
metric_decimal_place = 4

Dataset Hyper Parameters:
field_separator = 	
seq_separator =  
USER_ID_FIELD = user_id
ITEM_ID_FIELD = item_id
RATING_FIELD = rating
TIME_FIELD = timestamp
seq_len = None
LABEL_FIELD = label
threshold = None
NEG_PREFIX = neg_
load_col = {'inter': ['user_id', 'item_id', 'rating'], 'user': ['user_id', 'post_num', 'follower', 'following', 'timestamp']}
unload_col = None
unused_col = None
additional_feat_suffix = None
rm_dup_inter = None
val_interval = {'rating': '[0,inf)'}
filter_inter_by_user_or_item = True
user_inter_num_interval = [0,inf)
item_inter_num_interval = [0,inf)
alias_of_user_id = None
alias_of_item_id = None
alias_of_entity_id = None
alias_of_relation_id = None
preload_weight = None
normalize_field = None
normalize_all = None
ITEM_LIST_LENGTH_FIELD = item_length
LIST_SUFFIX = _list
MAX_ITEM_LIST_LENGTH = 50
POSITION_FIELD = position_id
HEAD_ENTITY_ID_FIELD = head_id
TAIL_ENTITY_ID_FIELD = tail_id
RELATION_ID_FIELD = relation_id
ENTITY_ID_FIELD = entity_id
benchmark_filename = None

Other Hyper Parameters: 
worker = 0
wandb_project = recbole
shuffle = True
require_pow = False
enable_amp = False
enable_scaler = False
transform = None
numerical_features = []
discretization = None
kg_reverse_r = False
entity_kg_num_interval = [0,inf)
relation_kg_num_interval = [0,inf)
MODEL_TYPE = ModelType.GENERAL
embedding_size = 64
n_layers = 3
reg_weight = 0.0001
smt_latent_dim = 64
ssl_temp = 0.1
ssl_reg = 1e-07
hyper_layers = 1
alpha = 1
potential_reg = 8e-08
semantic_reg = 8e-08
num_clusters = 5
m_step = 1
warm_up_step = 20
user_feature_path = features/roberta_user.npy
item_feature_path = features/roberta_item.npy
MODEL_INPUT_TYPE = InputType.PAIRWISE
eval_type = EvaluatorType.RANKING
single_spec = True
local_rank = 0
device = cuda
valid_neg_sample_args = {'distribution': 'uniform', 'sample_num': 'none'}
test_neg_sample_args = {'distribution': 'uniform', 'sample_num': 'none'}


Sun 15 Mar 2026 14:14:51 INFO  travel
The number of users: 2010
Average actions of users: 18.721254355400696
The number of items: 247
Average actions of items: 152.890243902439
The number of inters: 37611
The sparsity of the dataset: 92.42431566862047%
Remain Fields: ['user_id', 'item_id', 'rating', 'post_num', 'follower', 'following', 'timestamp']
Sun 15 Mar 2026 14:14:51 INFO  [Training]: train_batch_size = [100] train_neg_sample_args: [{'distribution': 'uniform', 'sample_num': 1, 'alpha': 1.0, 'dynamic': False, 'candidate_num': 0}]
Sun 15 Mar 2026 14:14:51 INFO  [Evaluation]: eval_batch_size = [100] eval_args: [{'split': {'RS': [0.8, 0.1, 0.1]}, 'order': 'RO', 'group_by': 'user', 'mode': {'valid': 'full', 'test': 'full'}}]
Sun 15 Mar 2026 14:14:53 INFO  SCL(
  (u_MLP): Linear(in_features=1024, out_features=64, bias=True)
  (i_MLP): Linear(in_features=1024, out_features=64, bias=True)
  (user_embedding): Embedding(2010, 64)
  (item_embedding): Embedding(247, 64)
  (mf_loss): BPRLoss()
  (reg_loss): EmbLoss()
)
Trainable parameters: 144448
Sun 15 Mar 2026 14:14:53 INFO  trainable parameters: 144448
Sun 15 Mar 2026 14:14:53 INFO  Running E-step ! 
Sun 15 Mar 2026 14:14:59 INFO  epoch 0 training [time: 5.18s, train_loss1: 157.0453, train_loss2: 0.0389, train_loss3: 0.0078]
Sun 15 Mar 2026 14:15:00 INFO  epoch 0 evaluating [time: 1.64s, valid_score: 0.302700]
Sun 15 Mar 2026 14:15:00 INFO  valid result: 
recall@1 : 0.1164    recall@2 : 0.2097    recall@3 : 0.2698    recall@4 : 0.305    recall@5 : 0.3365    recall@10 : 0.4426    recall@20 : 0.5771    recall@30 : 0.654    recall@50 : 0.7559    ndcg@1 : 0.1871    ndcg@2 : 0.2207    ndcg@3 : 0.242    ndcg@4 : 0.2539    ndcg@5 : 0.2651    ndcg@10 : 0.3027    ndcg@20 : 0.3426    ndcg@30 : 0.3634    ndcg@50 : 0.3879    precision@1 : 0.1871    precision@2 : 0.1672    precision@3 : 0.1452    precision@4 : 0.1269    precision@5 : 0.1137    precision@10 : 0.079    precision@20 : 0.0544    precision@30 : 0.0429    precision@50 : 0.031    map@1 : 0.1871    map@2 : 0.1931    map@3 : 0.2006    map@4 : 0.2042    map@5 : 0.209    map@10 : 0.2246    map@20 : 0.2374    map@30 : 0.2429    map@50 : 0.2482
Sun 15 Mar 2026 14:15:00 INFO  Saving current: saved/SCL-Mar-15-2026_14-14-53.pth
Sun 15 Mar 2026 14:15:00 INFO  Saving current best: saved/SCL-Mar-15-2026_14-14-53.pth
Sun 15 Mar 2026 14:15:00 INFO  Running E-step ! 
Sun 15 Mar 2026 14:15:05 INFO  epoch 1 training [time: 4.57s, train_loss1: 124.7520, train_loss2: 0.0407, train_loss3: 0.0078]
Sun 15 Mar 2026 14:15:06 INFO  epoch 1 evaluating [time: 1.58s, valid_score: 0.309200]
Sun 15 Mar 2026 14:15:06 INFO  valid result: 
recall@1 : 0.1311    recall@2 : 0.2086    recall@3 : 0.2683    recall@4 : 0.306    recall@5 : 0.3391    recall@10 : 0.4455    recall@20 : 0.579    recall@30 : 0.6516    recall@50 : 0.7554    ndcg@1 : 0.2002    ndcg@2 : 0.2246    ndcg@3 : 0.2459    ndcg@4 : 0.2593    ndcg@5 : 0.2713    ndcg@10 : 0.3092    ndcg@20 : 0.3486    ndcg@30 : 0.3683    ndcg@50 : 0.3932    precision@1 : 0.2002    precision@2 : 0.1663    precision@3 : 0.144    precision@4 : 0.1271    precision@5 : 0.1145    precision@10 : 0.08    precision@20 : 0.0546    precision@30 : 0.0427    precision@50 : 0.031    map@1 : 0.2002    map@2 : 0.199    map@3 : 0.207    map@4 : 0.2115    map@5 : 0.2167    map@10 : 0.2325    map@20 : 0.2452    map@30 : 0.2505    map@50 : 0.2559
Sun 15 Mar 2026 14:15:06 INFO  Saving current: saved/SCL-Mar-15-2026_14-14-53.pth
Sun 15 Mar 2026 14:15:06 INFO  Saving current best: saved/SCL-Mar-15-2026_14-14-53.pth
Sun 15 Mar 2026 14:15:06 INFO  Running E-step ! 
Sun 15 Mar 2026 14:15:11 INFO  epoch 2 training [time: 4.70s, train_loss1: 121.5783, train_loss2: 0.0421, train_loss3: 0.0078]
Sun 15 Mar 2026 14:15:13 INFO  epoch 2 evaluating [time: 1.58s, valid_score: 0.309800]
Sun 15 Mar 2026 14:15:13 INFO  valid result: 
recall@1 : 0.1329    recall@2 : 0.2089    recall@3 : 0.2683    recall@4 : 0.3034    recall@5 : 0.3342    recall@10 : 0.4468    recall@20 : 0.5774    recall@30 : 0.6505    recall@50 : 0.7502    ndcg@1 : 0.2032    ndcg@2 : 0.226    ndcg@3 : 0.2471    ndcg@4 : 0.2592    ndcg@5 : 0.2702    ndcg@10 : 0.3098    ndcg@20 : 0.3488    ndcg@30 : 0.3685    ndcg@50 : 0.3925    precision@1 : 0.2032    precision@2 : 0.1666    precision@3 : 0.1446    precision@4 : 0.1268    precision@5 : 0.1136    precision@10 : 0.08    precision@20 : 0.0547    precision@30 : 0.0428    precision@50 : 0.031    map@1 : 0.2032    map@2 : 0.2005    map@3 : 0.208    map@4 : 0.2119    map@5 : 0.2165    map@10 : 0.2328    map@20 : 0.2455    map@30 : 0.2509    map@50 : 0.2561
Sun 15 Mar 2026 14:15:13 INFO  Saving current: saved/SCL-Mar-15-2026_14-14-53.pth
Sun 15 Mar 2026 14:15:13 INFO  Saving current best: saved/SCL-Mar-15-2026_14-14-53.pth
Sun 15 Mar 2026 14:15:13 INFO  Running E-step ! 
Sun 15 Mar 2026 14:15:17 INFO  epoch 3 training [time: 4.73s, train_loss1: 120.4045, train_loss2: 0.0433, train_loss3: 0.0078]
Sun 15 Mar 2026 14:15:19 INFO  epoch 3 evaluating [time: 1.59s, valid_score: 0.309200]
Sun 15 Mar 2026 14:15:19 INFO  valid result: 
recall@1 : 0.1329    recall@2 : 0.2092    recall@3 : 0.27    recall@4 : 0.3037    recall@5 : 0.3343    recall@10 : 0.4442    recall@20 : 0.5759    recall@30 : 0.65    recall@50 : 0.7564    ndcg@1 : 0.2032    ndcg@2 : 0.226    ndcg@3 : 0.248    ndcg@4 : 0.2595    ndcg@5 : 0.2703    ndcg@10 : 0.3092    ndcg@20 : 0.3487    ndcg@30 : 0.3686    ndcg@50 : 0.3941    precision@1 : 0.2032    precision@2 : 0.1666    precision@3 : 0.1454    precision@4 : 0.1268    precision@5 : 0.1133    precision@10 : 0.0795    precision@20 : 0.0546    precision@30 : 0.0428    precision@50 : 0.0311    map@1 : 0.2032    map@2 : 0.2005    map@3 : 0.2087    map@4 : 0.2121    map@5 : 0.2167    map@10 : 0.2328    map@20 : 0.2458    map@30 : 0.2512    map@50 : 0.2566
Sun 15 Mar 2026 14:15:19 INFO  Running E-step ! 
Sun 15 Mar 2026 14:15:24 INFO  epoch 4 training [time: 4.91s, train_loss1: 120.2946, train_loss2: 0.0447, train_loss3: 0.0078]
Sun 15 Mar 2026 14:15:26 INFO  epoch 4 evaluating [time: 1.59s, valid_score: 0.308100]
Sun 15 Mar 2026 14:15:26 INFO  valid result: 
recall@1 : 0.1309    recall@2 : 0.2086    recall@3 : 0.2682    recall@4 : 0.306    recall@5 : 0.338    recall@10 : 0.443    recall@20 : 0.5779    recall@30 : 0.6526    recall@50 : 0.7543    ndcg@1 : 0.1996    ndcg@2 : 0.2243    ndcg@3 : 0.2457    ndcg@4 : 0.2593    ndcg@5 : 0.2707    ndcg@10 : 0.3081    ndcg@20 : 0.3484    ndcg@30 : 0.3684    ndcg@50 : 0.3927    precision@1 : 0.1996    precision@2 : 0.1663    precision@3 : 0.144    precision@4 : 0.1274    precision@5 : 0.1139    precision@10 : 0.0796    precision@20 : 0.0549    precision@30 : 0.0429    precision@50 : 0.0311    map@1 : 0.1996    map@2 : 0.1989    map@3 : 0.2069    map@4 : 0.2115    map@5 : 0.2164    map@10 : 0.2319    map@20 : 0.2451    map@30 : 0.2505    map@50 : 0.2557
Sun 15 Mar 2026 14:15:26 INFO  Running E-step ! 
Sun 15 Mar 2026 14:15:30 INFO  epoch 5 training [time: 4.81s, train_loss1: 119.3538, train_loss2: 0.0463, train_loss3: 0.0078]
Sun 15 Mar 2026 14:15:32 INFO  epoch 5 evaluating [time: 1.59s, valid_score: 0.308300]
Sun 15 Mar 2026 14:15:32 INFO  valid result: 
recall@1 : 0.1311    recall@2 : 0.2084    recall@3 : 0.2682    recall@4 : 0.3061    recall@5 : 0.3404    recall@10 : 0.4425    recall@20 : 0.5782    recall@30 : 0.6485    recall@50 : 0.7423    ndcg@1 : 0.2002    ndcg@2 : 0.2244    ndcg@3 : 0.2459    ndcg@4 : 0.2592    ndcg@5 : 0.272    ndcg@10 : 0.3083    ndcg@20 : 0.3487    ndcg@30 : 0.3678    ndcg@50 : 0.3909    precision@1 : 0.2002    precision@2 : 0.166    precision@3 : 0.1438    precision@4 : 0.1269    precision@5 : 0.1151    precision@10 : 0.0797    precision@20 : 0.0549    precision@30 : 0.0427    precision@50 : 0.0308    map@1 : 0.2002    map@2 : 0.1987    map@3 : 0.2068    map@4 : 0.2113    map@5 : 0.217    map@10 : 0.2322    map@20 : 0.2453    map@30 : 0.2505    map@50 : 0.2557
Sun 15 Mar 2026 14:15:32 INFO  Running E-step ! 
Sun 15 Mar 2026 14:15:37 INFO  epoch 6 training [time: 4.62s, train_loss1: 118.3732, train_loss2: 0.0473, train_loss3: 0.0078]
Sun 15 Mar 2026 14:15:38 INFO  epoch 6 evaluating [time: 1.60s, valid_score: 0.308100]
Sun 15 Mar 2026 14:15:38 INFO  valid result: 
recall@1 : 0.1311    recall@2 : 0.2083    recall@3 : 0.2682    recall@4 : 0.3067    recall@5 : 0.3395    recall@10 : 0.4425    recall@20 : 0.5798    recall@30 : 0.6522    recall@50 : 0.7411    ndcg@1 : 0.2002    ndcg@2 : 0.2239    ndcg@3 : 0.2458    ndcg@4 : 0.2595    ndcg@5 : 0.2713    ndcg@10 : 0.3081    ndcg@20 : 0.3491    ndcg@30 : 0.3687    ndcg@50 : 0.3907    precision@1 : 0.2002    precision@2 : 0.1654    precision@3 : 0.1438    precision@4 : 0.1272    precision@5 : 0.1144    precision@10 : 0.0795    precision@20 : 0.0551    precision@30 : 0.043    precision@50 : 0.0309    map@1 : 0.2002    map@2 : 0.1985    map@3 : 0.2067    map@4 : 0.2114    map@5 : 0.2165    map@10 : 0.2319    map@20 : 0.2454    map@30 : 0.2506    map@50 : 0.2556
Sun 15 Mar 2026 14:15:38 INFO  Running E-step ! 
Sun 15 Mar 2026 14:15:43 INFO  epoch 7 training [time: 4.63s, train_loss1: 116.5081, train_loss2: 0.0481, train_loss3: 0.0078]
Sun 15 Mar 2026 14:15:44 INFO  epoch 7 evaluating [time: 1.59s, valid_score: 0.308600]
Sun 15 Mar 2026 14:15:44 INFO  valid result: 
recall@1 : 0.1308    recall@2 : 0.2074    recall@3 : 0.2618    recall@4 : 0.3087    recall@5 : 0.3412    recall@10 : 0.4443    recall@20 : 0.5803    recall@30 : 0.6507    recall@50 : 0.7428    ndcg@1 : 0.2002    ndcg@2 : 0.2248    ndcg@3 : 0.2426    ndcg@4 : 0.2601    ndcg@5 : 0.2717    ndcg@10 : 0.3086    ndcg@20 : 0.3494    ndcg@30 : 0.3685    ndcg@50 : 0.3911    precision@1 : 0.2002    precision@2 : 0.1672    precision@3 : 0.1416    precision@4 : 0.1283    precision@5 : 0.1151    precision@10 : 0.0799    precision@20 : 0.0554    precision@30 : 0.0431    precision@50 : 0.0309    map@1 : 0.2002    map@2 : 0.199    map@3 : 0.2044    map@4 : 0.2113    map@5 : 0.2165    map@10 : 0.2318    map@20 : 0.2452    map@30 : 0.2504    map@50 : 0.2555
Sun 15 Mar 2026 14:15:44 INFO  Running E-step ! 
Sun 15 Mar 2026 14:15:49 INFO  epoch 8 training [time: 4.84s, train_loss1: 115.9539, train_loss2: 0.0493, train_loss3: 0.0079]
Sun 15 Mar 2026 14:15:51 INFO  epoch 8 evaluating [time: 1.66s, valid_score: 0.304000]
Sun 15 Mar 2026 14:15:51 INFO  valid result: 
recall@1 : 0.1147    recall@2 : 0.2083    recall@3 : 0.268    recall@4 : 0.3063    recall@5 : 0.3397    recall@10 : 0.4475    recall@20 : 0.5799    recall@30 : 0.6535    recall@50 : 0.745    ndcg@1 : 0.1853    ndcg@2 : 0.2198    ndcg@3 : 0.2399    ndcg@4 : 0.2537    ndcg@5 : 0.2659    ndcg@10 : 0.304    ndcg@20 : 0.3437    ndcg@30 : 0.3636    ndcg@50 : 0.3862    precision@1 : 0.1853    precision@2 : 0.1672    precision@3 : 0.1434    precision@4 : 0.1277    precision@5 : 0.1153    precision@10 : 0.0803    precision@20 : 0.0553    precision@30 : 0.0431    precision@50 : 0.0311    map@1 : 0.1853    map@2 : 0.192    map@3 : 0.1987    map@4 : 0.2034    map@5 : 0.2088    map@10 : 0.2246    map@20 : 0.2376    map@30 : 0.243    map@50 : 0.2482
Sun 15 Mar 2026 14:15:51 INFO  Running E-step ! 
Sun 15 Mar 2026 14:15:56 INFO  epoch 9 training [time: 4.74s, train_loss1: 115.3466, train_loss2: 0.0501, train_loss3: 0.0079]
Sun 15 Mar 2026 14:15:57 INFO  epoch 9 evaluating [time: 1.58s, valid_score: 0.305200]
Sun 15 Mar 2026 14:15:57 INFO  valid result: 
recall@1 : 0.1145    recall@2 : 0.2087    recall@3 : 0.2688    recall@4 : 0.3088    recall@5 : 0.3414    recall@10 : 0.4504    recall@20 : 0.5819    recall@30 : 0.6578    recall@50 : 0.7633    ndcg@1 : 0.1836    ndcg@2 : 0.2197    ndcg@3 : 0.2403    ndcg@4 : 0.2545    ndcg@5 : 0.2667    ndcg@10 : 0.3052    ndcg@20 : 0.3447    ndcg@30 : 0.3652    ndcg@50 : 0.3903    precision@1 : 0.1836    precision@2 : 0.1675    precision@3 : 0.1444    precision@4 : 0.1277    precision@5 : 0.116    precision@10 : 0.0812    precision@20 : 0.0557    precision@30 : 0.0436    precision@50 : 0.0315    map@1 : 0.1836    map@2 : 0.1917    map@3 : 0.1987    map@4 : 0.2039    map@5 : 0.2094    map@10 : 0.2253    map@20 : 0.2382    map@30 : 0.2438    map@50 : 0.2493
Sun 15 Mar 2026 14:15:57 INFO  Running E-step ! 
Sun 15 Mar 2026 14:16:02 INFO  epoch 10 training [time: 4.47s, train_loss1: 112.3972, train_loss2: 0.0503, train_loss3: 0.0079]
Sun 15 Mar 2026 14:16:03 INFO  epoch 10 evaluating [time: 1.60s, valid_score: 0.305000]
Sun 15 Mar 2026 14:16:03 INFO  valid result: 
recall@1 : 0.1156    recall@2 : 0.2065    recall@3 : 0.2637    recall@4 : 0.3077    recall@5 : 0.3413    recall@10 : 0.4488    recall@20 : 0.5859    recall@30 : 0.6653    recall@50 : 0.7663    ndcg@1 : 0.1883    ndcg@2 : 0.2198    ndcg@3 : 0.2385    ndcg@4 : 0.2543    ndcg@5 : 0.2668    ndcg@10 : 0.305    ndcg@20 : 0.3463    ndcg@30 : 0.3678    ndcg@50 : 0.3916    precision@1 : 0.1883    precision@2 : 0.1672    precision@3 : 0.143    precision@4 : 0.1277    precision@5 : 0.1161    precision@10 : 0.081    precision@20 : 0.0563    precision@30 : 0.0444    precision@50 : 0.0316    map@1 : 0.1883    map@2 : 0.192    map@3 : 0.1977    map@4 : 0.2037    map@5 : 0.2093    map@10 : 0.2251    map@20 : 0.2388    map@30 : 0.2447    map@50 : 0.2499
Sun 15 Mar 2026 14:16:03 INFO  Running E-step ! 
Sun 15 Mar 2026 14:16:08 INFO  epoch 11 training [time: 4.77s, train_loss1: 112.0810, train_loss2: 0.0500, train_loss3: 0.0079]
Sun 15 Mar 2026 14:16:10 INFO  epoch 11 evaluating [time: 1.60s, valid_score: 0.306800]
Sun 15 Mar 2026 14:16:10 INFO  valid result: 
recall@1 : 0.1151    recall@2 : 0.2094    recall@3 : 0.269    recall@4 : 0.3067    recall@5 : 0.3387    recall@10 : 0.4532    recall@20 : 0.593    recall@30 : 0.6741    recall@50 : 0.7736    ndcg@1 : 0.1865    ndcg@2 : 0.2213    ndcg@3 : 0.2417    ndcg@4 : 0.2545    ndcg@5 : 0.2664    ndcg@10 : 0.3068    ndcg@20 : 0.3491    ndcg@30 : 0.3707    ndcg@50 : 0.3943    precision@1 : 0.1865    precision@2 : 0.1687    precision@3 : 0.1456    precision@4 : 0.1275    precision@5 : 0.1159    precision@10 : 0.0818    precision@20 : 0.0575    precision@30 : 0.045    precision@50 : 0.0321    map@1 : 0.1865    map@2 : 0.1934    map@3 : 0.2004    map@4 : 0.2046    map@5 : 0.2097    map@10 : 0.2262    map@20 : 0.2403    map@30 : 0.2463    map@50 : 0.2516
Sun 15 Mar 2026 14:16:10 INFO  Running E-step ! 
Sun 15 Mar 2026 14:16:14 INFO  epoch 12 training [time: 4.73s, train_loss1: 109.0255, train_loss2: 0.0496, train_loss3: 0.0079]
Sun 15 Mar 2026 14:16:16 INFO  epoch 12 evaluating [time: 1.59s, valid_score: 0.307900]
Sun 15 Mar 2026 14:16:16 INFO  valid result: 
recall@1 : 0.1158    recall@2 : 0.2118    recall@3 : 0.268    recall@4 : 0.3034    recall@5 : 0.3362    recall@10 : 0.4537    recall@20 : 0.6027    recall@30 : 0.6818    recall@50 : 0.7758    ndcg@1 : 0.1913    ndcg@2 : 0.2249    ndcg@3 : 0.2431    ndcg@4 : 0.2545    ndcg@5 : 0.2667    ndcg@10 : 0.3079    ndcg@20 : 0.353    ndcg@30 : 0.3737    ndcg@50 : 0.3963    precision@1 : 0.1913    precision@2 : 0.1713    precision@3 : 0.1466    precision@4 : 0.1277    precision@5 : 0.1163    precision@10 : 0.0824    precision@20 : 0.0589    precision@30 : 0.0455    precision@50 : 0.0323    map@1 : 0.1913    map@2 : 0.1965    map@3 : 0.202    map@4 : 0.2051    map@5 : 0.21    map@10 : 0.227    map@20 : 0.2421    map@30 : 0.2476    map@50 : 0.2528
Sun 15 Mar 2026 14:16:16 INFO  Running E-step ! 
Sun 15 Mar 2026 14:16:21 INFO  epoch 13 training [time: 4.83s, train_loss1: 105.9903, train_loss2: 0.0490, train_loss3: 0.0079]
Sun 15 Mar 2026 14:16:22 INFO  epoch 13 evaluating [time: 1.59s, valid_score: 0.310300]
Sun 15 Mar 2026 14:16:22 INFO  valid result: 
recall@1 : 0.1168    recall@2 : 0.2104    recall@3 : 0.2663    recall@4 : 0.3069    recall@5 : 0.3358    recall@10 : 0.4577    recall@20 : 0.6065    recall@30 : 0.6838    recall@50 : 0.7789    ndcg@1 : 0.1913    ndcg@2 : 0.2257    ndcg@3 : 0.2438    ndcg@4 : 0.2573    ndcg@5 : 0.2676    ndcg@10 : 0.3103    ndcg@20 : 0.3552    ndcg@30 : 0.3755    ndcg@50 : 0.3984    precision@1 : 0.1913    precision@2 : 0.1725    precision@3 : 0.1482    precision@4 : 0.1305    precision@5 : 0.1175    precision@10 : 0.0837    precision@20 : 0.0593    precision@30 : 0.0458    precision@50 : 0.0325    map@1 : 0.1913    map@2 : 0.1976    map@3 : 0.2029    map@4 : 0.2075    map@5 : 0.2114    map@10 : 0.2289    map@20 : 0.2439    map@30 : 0.2495    map@50 : 0.2548
Sun 15 Mar 2026 14:16:22 INFO  Saving current: saved/SCL-Mar-15-2026_14-14-53.pth
Sun 15 Mar 2026 14:16:22 INFO  Saving current best: saved/SCL-Mar-15-2026_14-14-53.pth
Sun 15 Mar 2026 14:16:22 INFO  Running E-step ! 
Sun 15 Mar 2026 14:16:27 INFO  epoch 14 training [time: 4.74s, train_loss1: 105.2123, train_loss2: 0.0485, train_loss3: 0.0080]
Sun 15 Mar 2026 14:16:29 INFO  epoch 14 evaluating [time: 1.59s, valid_score: 0.313500]
Sun 15 Mar 2026 14:16:29 INFO  valid result: 
recall@1 : 0.1174    recall@2 : 0.2127    recall@3 : 0.2672    recall@4 : 0.3048    recall@5 : 0.3345    recall@10 : 0.4632    recall@20 : 0.6092    recall@30 : 0.689    recall@50 : 0.7844    ndcg@1 : 0.1949    ndcg@2 : 0.2297    ndcg@3 : 0.2464    ndcg@4 : 0.2584    ndcg@5 : 0.2683    ndcg@10 : 0.3135    ndcg@20 : 0.3572    ndcg@30 : 0.3783    ndcg@50 : 0.4011    precision@1 : 0.1949    precision@2 : 0.1764    precision@3 : 0.1508    precision@4 : 0.1317    precision@5 : 0.1174    precision@10 : 0.0852    precision@20 : 0.0595    precision@30 : 0.0463    precision@50 : 0.0327    map@1 : 0.1949    map@2 : 0.2013    map@3 : 0.2055    map@4 : 0.2089    map@5 : 0.2126    map@10 : 0.2311    map@20 : 0.2456    map@30 : 0.2514    map@50 : 0.2566
Sun 15 Mar 2026 14:16:29 INFO  Saving current: saved/SCL-Mar-15-2026_14-14-53.pth
Sun 15 Mar 2026 14:16:29 INFO  Saving current best: saved/SCL-Mar-15-2026_14-14-53.pth
Sun 15 Mar 2026 14:16:29 INFO  Running E-step ! 
Sun 15 Mar 2026 14:16:34 INFO  epoch 15 training [time: 4.90s, train_loss1: 103.4379, train_loss2: 0.0479, train_loss3: 0.0080]
Sun 15 Mar 2026 14:16:35 INFO  epoch 15 evaluating [time: 1.59s, valid_score: 0.319500]
Sun 15 Mar 2026 14:16:35 INFO  valid result: 
recall@1 : 0.127    recall@2 : 0.2129    recall@3 : 0.269    recall@4 : 0.3045    recall@5 : 0.3325    recall@10 : 0.4692    recall@20 : 0.6106    recall@30 : 0.6866    recall@50 : 0.7885    ndcg@1 : 0.2044    ndcg@2 : 0.2326    ndcg@3 : 0.2508    ndcg@4 : 0.2616    ndcg@5 : 0.2715    ndcg@10 : 0.3195    ndcg@20 : 0.3616    ndcg@30 : 0.3821    ndcg@50 : 0.406    precision@1 : 0.2044    precision@2 : 0.1755    precision@3 : 0.1518    precision@4 : 0.1311    precision@5 : 0.1179    precision@10 : 0.0868    precision@20 : 0.0598    precision@30 : 0.0465    precision@50 : 0.0328    map@1 : 0.2044    map@2 : 0.2053    map@3 : 0.2102    map@4 : 0.2131    map@5 : 0.2169    map@10 : 0.2368    map@20 : 0.2509    map@30 : 0.2567    map@50 : 0.262
Sun 15 Mar 2026 14:16:35 INFO  Saving current: saved/SCL-Mar-15-2026_14-14-53.pth
Sun 15 Mar 2026 14:16:35 INFO  Saving current best: saved/SCL-Mar-15-2026_14-14-53.pth
Sun 15 Mar 2026 14:16:35 INFO  Running E-step ! 
Sun 15 Mar 2026 14:16:40 INFO  epoch 16 training [time: 4.80s, train_loss1: 99.9035, train_loss2: 0.0472, train_loss3: 0.0080]
Sun 15 Mar 2026 14:16:42 INFO  epoch 16 evaluating [time: 1.59s, valid_score: 0.321200]
Sun 15 Mar 2026 14:16:42 INFO  valid result: 
recall@1 : 0.1299    recall@2 : 0.2121    recall@3 : 0.2678    recall@4 : 0.3041    recall@5 : 0.3388    recall@10 : 0.4695    recall@20 : 0.6123    recall@30 : 0.6843    recall@50 : 0.7901    ndcg@1 : 0.2092    ndcg@2 : 0.2335    ndcg@3 : 0.2511    ndcg@4 : 0.2624    ndcg@5 : 0.2749    ndcg@10 : 0.3212    ndcg@20 : 0.3639    ndcg@30 : 0.3834    ndcg@50 : 0.4079    precision@1 : 0.2092    precision@2 : 0.1758    precision@3 : 0.1508    precision@4 : 0.131    precision@5 : 0.1191    precision@10 : 0.0869    precision@20 : 0.0601    precision@30 : 0.0463    precision@50 : 0.0329    map@1 : 0.2092    map@2 : 0.2063    map@3 : 0.2113    map@4 : 0.2145    map@5 : 0.2194    map@10 : 0.2389    map@20 : 0.2531    map@30 : 0.2587    map@50 : 0.264
Sun 15 Mar 2026 14:16:42 INFO  Saving current: saved/SCL-Mar-15-2026_14-14-53.pth
Sun 15 Mar 2026 14:16:42 INFO  Saving current best: saved/SCL-Mar-15-2026_14-14-53.pth
Sun 15 Mar 2026 14:16:42 INFO  Running E-step ! 
Sun 15 Mar 2026 14:16:46 INFO  epoch 17 training [time: 4.41s, train_loss1: 100.6385, train_loss2: 0.0466, train_loss3: 0.0080]
Sun 15 Mar 2026 14:16:48 INFO  epoch 17 evaluating [time: 1.59s, valid_score: 0.322800]
Sun 15 Mar 2026 14:16:48 INFO  valid result: 
recall@1 : 0.1309    recall@2 : 0.2133    recall@3 : 0.2687    recall@4 : 0.3029    recall@5 : 0.338    recall@10 : 0.4721    recall@20 : 0.61    recall@30 : 0.6816    recall@50 : 0.7909    ndcg@1 : 0.2104    ndcg@2 : 0.2345    ndcg@3 : 0.2517    ndcg@4 : 0.2627    ndcg@5 : 0.2755    ndcg@10 : 0.3228    ndcg@20 : 0.3642    ndcg@30 : 0.3836    ndcg@50 : 0.409    precision@1 : 0.2104    precision@2 : 0.1764    precision@3 : 0.1506    precision@4 : 0.1311    precision@5 : 0.1198    precision@10 : 0.0876    precision@20 : 0.06    precision@30 : 0.0462    precision@50 : 0.0329    map@1 : 0.2104    map@2 : 0.2075    map@3 : 0.2117    map@4 : 0.215    map@5 : 0.2203    map@10 : 0.2401    map@20 : 0.2541    map@30 : 0.2597    map@50 : 0.2652
Sun 15 Mar 2026 14:16:48 INFO  Saving current: saved/SCL-Mar-15-2026_14-14-53.pth
Sun 15 Mar 2026 14:16:48 INFO  Saving current best: saved/SCL-Mar-15-2026_14-14-53.pth
Sun 15 Mar 2026 14:16:48 INFO  Running E-step ! 
Sun 15 Mar 2026 14:16:53 INFO  epoch 18 training [time: 4.88s, train_loss1: 99.9570, train_loss2: 0.0460, train_loss3: 0.0080]
Sun 15 Mar 2026 14:16:54 INFO  epoch 18 evaluating [time: 1.60s, valid_score: 0.323800]
Sun 15 Mar 2026 14:16:54 INFO  valid result: 
recall@1 : 0.1307    recall@2 : 0.212    recall@3 : 0.2719    recall@4 : 0.3028    recall@5 : 0.3335    recall@10 : 0.4747    recall@20 : 0.6112    recall@30 : 0.683    recall@50 : 0.7913    ndcg@1 : 0.2104    ndcg@2 : 0.2338    ndcg@3 : 0.2538    ndcg@4 : 0.2631    ndcg@5 : 0.274    ndcg@10 : 0.3238    ndcg@20 : 0.3647    ndcg@30 : 0.3842    ndcg@50 : 0.4095    precision@1 : 0.2104    precision@2 : 0.1758    precision@3 : 0.1532    precision@4 : 0.1319    precision@5 : 0.1191    precision@10 : 0.0881    precision@20 : 0.06    precision@30 : 0.0463    precision@50 : 0.0331    map@1 : 0.2104    map@2 : 0.2066    map@3 : 0.2133    map@4 : 0.2154    map@5 : 0.2195    map@10 : 0.2406    map@20 : 0.2543    map@30 : 0.26    map@50 : 0.2655
Sun 15 Mar 2026 14:16:54 INFO  Saving current: saved/SCL-Mar-15-2026_14-14-53.pth
Sun 15 Mar 2026 14:16:54 INFO  Saving current best: saved/SCL-Mar-15-2026_14-14-53.pth
Sun 15 Mar 2026 14:16:54 INFO  Running E-step ! 
Sun 15 Mar 2026 14:16:59 INFO  epoch 19 training [time: 4.74s, train_loss1: 97.9196, train_loss2: 0.0455, train_loss3: 0.0080]
Sun 15 Mar 2026 14:17:01 INFO  epoch 19 evaluating [time: 1.59s, valid_score: 0.325600]
Sun 15 Mar 2026 14:17:01 INFO  valid result: 
recall@1 : 0.1326    recall@2 : 0.2115    recall@3 : 0.2703    recall@4 : 0.3057    recall@5 : 0.342    recall@10 : 0.4758    recall@20 : 0.6153    recall@30 : 0.6841    recall@50 : 0.7916    ndcg@1 : 0.2139    ndcg@2 : 0.2347    ndcg@3 : 0.2541    ndcg@4 : 0.2655    ndcg@5 : 0.2786    ndcg@10 : 0.3256    ndcg@20 : 0.3673    ndcg@30 : 0.3862    ndcg@50 : 0.4112    precision@1 : 0.2139    precision@2 : 0.1758    precision@3 : 0.1532    precision@4 : 0.1338    precision@5 : 0.1218    precision@10 : 0.0884    precision@20 : 0.0603    precision@30 : 0.0464    precision@50 : 0.0331    map@1 : 0.2139    map@2 : 0.2077    map@3 : 0.2134    map@4 : 0.2169    map@5 : 0.2225    map@10 : 0.2423    map@20 : 0.2562    map@30 : 0.2617    map@50 : 0.2673
Sun 15 Mar 2026 14:17:01 INFO  Saving current: saved/SCL-Mar-15-2026_14-14-53.pth
Sun 15 Mar 2026 14:17:01 INFO  Saving current best: saved/SCL-Mar-15-2026_14-14-53.pth
Sun 15 Mar 2026 14:17:01 INFO  Running E-step ! 
Sun 15 Mar 2026 14:17:06 INFO  epoch 20 training [time: 5.69s, train_loss1: 97.3966, train_loss2: 0.0451, train_loss3: 0.0080, train_loss4: 0.0028]
Sun 15 Mar 2026 14:17:08 INFO  epoch 20 evaluating [time: 1.60s, valid_score: 0.325900]
Sun 15 Mar 2026 14:17:08 INFO  valid result: 
recall@1 : 0.1273    recall@2 : 0.2146    recall@3 : 0.2719    recall@4 : 0.3142    recall@5 : 0.3476    recall@10 : 0.4785    recall@20 : 0.6182    recall@30 : 0.6864    recall@50 : 0.7932    ndcg@1 : 0.208    ndcg@2 : 0.2351    ndcg@3 : 0.2534    ndcg@4 : 0.2679    ndcg@5 : 0.2798    ndcg@10 : 0.3259    ndcg@20 : 0.3674    ndcg@30 : 0.3861    ndcg@50 : 0.4111    precision@1 : 0.208    precision@2 : 0.1785    precision@3 : 0.1542    precision@4 : 0.1365    precision@5 : 0.1232    precision@10 : 0.0893    precision@20 : 0.0605    precision@30 : 0.0466    precision@50 : 0.0332    map@1 : 0.208    map@2 : 0.2074    map@3 : 0.2121    map@4 : 0.2175    map@5 : 0.2221    map@10 : 0.2417    map@20 : 0.2554    map@30 : 0.261    map@50 : 0.2666
Sun 15 Mar 2026 14:17:08 INFO  Saving current: saved/SCL-Mar-15-2026_14-14-53.pth
Sun 15 Mar 2026 14:17:08 INFO  Saving current best: saved/SCL-Mar-15-2026_14-14-53.pth
Sun 15 Mar 2026 14:17:08 INFO  Running E-step ! 
Sun 15 Mar 2026 14:17:13 INFO  epoch 21 training [time: 5.11s, train_loss1: 95.7013, train_loss2: 0.0446, train_loss3: 0.0080, train_loss4: 0.0028]
Sun 15 Mar 2026 14:17:15 INFO  epoch 21 evaluating [time: 1.59s, valid_score: 0.327300]
Sun 15 Mar 2026 14:17:15 INFO  valid result: 
recall@1 : 0.1296    recall@2 : 0.2174    recall@3 : 0.2745    recall@4 : 0.3187    recall@5 : 0.3521    recall@10 : 0.4763    recall@20 : 0.6203    recall@30 : 0.6882    recall@50 : 0.7901    ndcg@1 : 0.211    ndcg@2 : 0.2379    ndcg@3 : 0.2564    ndcg@4 : 0.2718    ndcg@5 : 0.2835    ndcg@10 : 0.3273    ndcg@20 : 0.3699    ndcg@30 : 0.3887    ndcg@50 : 0.4126    precision@1 : 0.211    precision@2 : 0.1797    precision@3 : 0.1555    precision@4 : 0.1386    precision@5 : 0.1247    precision@10 : 0.089    precision@20 : 0.0606    precision@30 : 0.0467    precision@50 : 0.0331    map@1 : 0.211    map@2 : 0.2096    map@3 : 0.2147    map@4 : 0.2211    map@5 : 0.2257    map@10 : 0.244    map@20 : 0.2581    map@30 : 0.2637    map@50 : 0.2691
Sun 15 Mar 2026 14:17:15 INFO  Saving current: saved/SCL-Mar-15-2026_14-14-53.pth
Sun 15 Mar 2026 14:17:15 INFO  Saving current best: saved/SCL-Mar-15-2026_14-14-53.pth
Sun 15 Mar 2026 14:17:15 INFO  Running E-step ! 
Sun 15 Mar 2026 14:17:20 INFO  epoch 22 training [time: 5.13s, train_loss1: 95.2615, train_loss2: 0.0440, train_loss3: 0.0080, train_loss4: 0.0034]
Sun 15 Mar 2026 14:17:21 INFO  epoch 22 evaluating [time: 1.74s, valid_score: 0.332300]
Sun 15 Mar 2026 14:17:21 INFO  valid result: 
recall@1 : 0.1399    recall@2 : 0.2206    recall@3 : 0.2765    recall@4 : 0.3191    recall@5 : 0.357    recall@10 : 0.4758    recall@20 : 0.6224    recall@30 : 0.6931    recall@50 : 0.7906    ndcg@1 : 0.2235    ndcg@2 : 0.2446    ndcg@3 : 0.2627    ndcg@4 : 0.2767    ndcg@5 : 0.2902    ndcg@10 : 0.3323    ndcg@20 : 0.3759    ndcg@30 : 0.395    ndcg@50 : 0.4181    precision@1 : 0.2235    precision@2 : 0.1821    precision@3 : 0.1579    precision@4 : 0.1384    precision@5 : 0.1262    precision@10 : 0.0892    precision@20 : 0.061    precision@30 : 0.047    precision@50 : 0.0331    map@1 : 0.2235    map@2 : 0.2174    map@3 : 0.2223    map@4 : 0.2274    map@5 : 0.2329    map@10 : 0.2504    map@20 : 0.265    map@30 : 0.2706    map@50 : 0.2759
Sun 15 Mar 2026 14:17:21 INFO  Saving current: saved/SCL-Mar-15-2026_14-14-53.pth
Sun 15 Mar 2026 14:17:22 INFO  Saving current best: saved/SCL-Mar-15-2026_14-14-53.pth
Sun 15 Mar 2026 14:17:22 INFO  Running E-step ! 
Sun 15 Mar 2026 14:17:26 INFO  epoch 23 training [time: 4.82s, train_loss1: 93.4331, train_loss2: 0.0435, train_loss3: 0.0080, train_loss4: 0.0032]
Sun 15 Mar 2026 14:17:28 INFO  epoch 23 evaluating [time: 1.59s, valid_score: 0.336700]
Sun 15 Mar 2026 14:17:28 INFO  valid result: 
recall@1 : 0.1436    recall@2 : 0.222    recall@3 : 0.2843    recall@4 : 0.3258    recall@5 : 0.3601    recall@10 : 0.4802    recall@20 : 0.6267    recall@30 : 0.6976    recall@50 : 0.7938    ndcg@1 : 0.2282    ndcg@2 : 0.2469    ndcg@3 : 0.2689    ndcg@4 : 0.2821    ndcg@5 : 0.2941    ndcg@10 : 0.3367    ndcg@20 : 0.3798    ndcg@30 : 0.399    ndcg@50 : 0.4219    precision@1 : 0.2282    precision@2 : 0.183    precision@3 : 0.1619    precision@4 : 0.1409    precision@5 : 0.1271    precision@10 : 0.0901    precision@20 : 0.0612    precision@30 : 0.0472    precision@50 : 0.0333    map@1 : 0.2282    map@2 : 0.2196    map@3 : 0.2272    map@4 : 0.232    map@5 : 0.2367    map@10 : 0.2544    map@20 : 0.2686    map@30 : 0.2744    map@50 : 0.2796
Sun 15 Mar 2026 14:17:28 INFO  Saving current: saved/SCL-Mar-15-2026_14-14-53.pth
Sun 15 Mar 2026 14:17:28 INFO  Saving current best: saved/SCL-Mar-15-2026_14-14-53.pth
Sun 15 Mar 2026 14:17:28 INFO  Running E-step ! 
Sun 15 Mar 2026 14:17:33 INFO  epoch 24 training [time: 5.41s, train_loss1: 91.7015, train_loss2: 0.0429, train_loss3: 0.0080, train_loss4: 0.0032]
Sun 15 Mar 2026 14:17:35 INFO  epoch 24 evaluating [time: 1.58s, valid_score: 0.340100]
Sun 15 Mar 2026 14:17:35 INFO  valid result: 
recall@1 : 0.1461    recall@2 : 0.2245    recall@3 : 0.284    recall@4 : 0.3279    recall@5 : 0.3629    recall@10 : 0.4855    recall@20 : 0.6299    recall@30 : 0.6988    recall@50 : 0.7926    ndcg@1 : 0.2318    ndcg@2 : 0.2504    ndcg@3 : 0.2701    ndcg@4 : 0.2845    ndcg@5 : 0.2969    ndcg@10 : 0.3401    ndcg@20 : 0.3829    ndcg@30 : 0.4017    ndcg@50 : 0.424    precision@1 : 0.2318    precision@2 : 0.1859    precision@3 : 0.1615    precision@4 : 0.1418    precision@5 : 0.1282    precision@10 : 0.0906    precision@20 : 0.0616    precision@30 : 0.0474    precision@50 : 0.0332    map@1 : 0.2318    map@2 : 0.223    map@3 : 0.2288    map@4 : 0.2343    map@5 : 0.2393    map@10 : 0.2573    map@20 : 0.2714    map@30 : 0.2771    map@50 : 0.2822
Sun 15 Mar 2026 14:17:35 INFO  Saving current: saved/SCL-Mar-15-2026_14-14-53.pth
Sun 15 Mar 2026 14:17:35 INFO  Saving current best: saved/SCL-Mar-15-2026_14-14-53.pth
Sun 15 Mar 2026 14:17:35 INFO  Running E-step ! 
Sun 15 Mar 2026 14:17:41 INFO  epoch 25 training [time: 5.58s, train_loss1: 90.1168, train_loss2: 0.0421, train_loss3: 0.0080, train_loss4: 0.0035]
Sun 15 Mar 2026 14:17:42 INFO  epoch 25 evaluating [time: 1.59s, valid_score: 0.340600]
Sun 15 Mar 2026 14:17:42 INFO  valid result: 
recall@1 : 0.1461    recall@2 : 0.2232    recall@3 : 0.2841    recall@4 : 0.3246    recall@5 : 0.3654    recall@10 : 0.487    recall@20 : 0.6343    recall@30 : 0.7001    recall@50 : 0.7918    ndcg@1 : 0.2324    ndcg@2 : 0.25    ndcg@3 : 0.2703    ndcg@4 : 0.2833    ndcg@5 : 0.2982    ndcg@10 : 0.3406    ndcg@20 : 0.3844    ndcg@30 : 0.4023    ndcg@50 : 0.424    precision@1 : 0.2324    precision@2 : 0.1856    precision@3 : 0.1621    precision@4 : 0.1417    precision@5 : 0.1299    precision@10 : 0.0909    precision@20 : 0.0622    precision@30 : 0.0475    precision@50 : 0.0332    map@1 : 0.2324    map@2 : 0.2226    map@3 : 0.229    map@4 : 0.2334    map@5 : 0.2394    map@10 : 0.2573    map@20 : 0.2718    map@30 : 0.2772    map@50 : 0.2822
Sun 15 Mar 2026 14:17:42 INFO  Saving current: saved/SCL-Mar-15-2026_14-14-53.pth
Sun 15 Mar 2026 14:17:42 INFO  Saving current best: saved/SCL-Mar-15-2026_14-14-53.pth
Sun 15 Mar 2026 14:17:42 INFO  Running E-step ! 
Sun 15 Mar 2026 14:17:48 INFO  epoch 26 training [time: 5.64s, train_loss1: 87.7653, train_loss2: 0.0416, train_loss3: 0.0080, train_loss4: 0.0031]
Sun 15 Mar 2026 14:17:49 INFO  epoch 26 evaluating [time: 1.60s, valid_score: 0.342500]
Sun 15 Mar 2026 14:17:49 INFO  valid result: 
recall@1 : 0.1462    recall@2 : 0.2258    recall@3 : 0.2879    recall@4 : 0.3291    recall@5 : 0.3687    recall@10 : 0.4894    recall@20 : 0.6373    recall@30 : 0.7012    recall@50 : 0.7935    ndcg@1 : 0.2318    ndcg@2 : 0.2515    ndcg@3 : 0.2726    ndcg@4 : 0.2863    ndcg@5 : 0.3005    ndcg@10 : 0.3425    ndcg@20 : 0.3863    ndcg@30 : 0.404    ndcg@50 : 0.4259    precision@1 : 0.2318    precision@2 : 0.1871    precision@3 : 0.1639    precision@4 : 0.1441    precision@5 : 0.131    precision@10 : 0.0912    precision@20 : 0.0623    precision@30 : 0.0476    precision@50 : 0.0332    map@1 : 0.2318    map@2 : 0.2238    map@3 : 0.231    map@4 : 0.2355    map@5 : 0.2417    map@10 : 0.2592    map@20 : 0.2736    map@30 : 0.2791    map@50 : 0.2841
Sun 15 Mar 2026 14:17:49 INFO  Saving current: saved/SCL-Mar-15-2026_14-14-53.pth
Sun 15 Mar 2026 14:17:49 INFO  Saving current best: saved/SCL-Mar-15-2026_14-14-53.pth
Sun 15 Mar 2026 14:17:49 INFO  Running E-step ! 
Sun 15 Mar 2026 14:17:55 INFO  epoch 27 training [time: 5.54s, train_loss1: 87.2995, train_loss2: 0.0410, train_loss3: 0.0080, train_loss4: 0.0031]
Sun 15 Mar 2026 14:17:57 INFO  epoch 27 evaluating [time: 1.58s, valid_score: 0.341100]
Sun 15 Mar 2026 14:17:57 INFO  valid result: 
recall@1 : 0.1398    recall@2 : 0.2248    recall@3 : 0.2893    recall@4 : 0.3339    recall@5 : 0.3701    recall@10 : 0.4912    recall@20 : 0.6371    recall@30 : 0.7028    recall@50 : 0.7953    ndcg@1 : 0.2259    ndcg@2 : 0.2495    ndcg@3 : 0.2712    ndcg@4 : 0.2858    ndcg@5 : 0.2987    ndcg@10 : 0.3411    ndcg@20 : 0.3846    ndcg@30 : 0.4027    ndcg@50 : 0.4246    precision@1 : 0.2259    precision@2 : 0.1877    precision@3 : 0.1647    precision@4 : 0.1445    precision@5 : 0.1306    precision@10 : 0.0915    precision@20 : 0.0624    precision@30 : 0.0477    precision@50 : 0.0333    map@1 : 0.2259    map@2 : 0.2214    map@3 : 0.2286    map@4 : 0.2335    map@5 : 0.239    map@10 : 0.2568    map@20 : 0.2713    map@30 : 0.2768    map@50 : 0.2819
Sun 15 Mar 2026 14:17:57 INFO  Running E-step ! 
Sun 15 Mar 2026 14:18:02 INFO  epoch 28 training [time: 5.49s, train_loss1: 85.7913, train_loss2: 0.0404, train_loss3: 0.0080, train_loss4: 0.0026]
Sun 15 Mar 2026 14:18:04 INFO  epoch 28 evaluating [time: 1.59s, valid_score: 0.343000]
Sun 15 Mar 2026 14:18:04 INFO  valid result: 
recall@1 : 0.1392    recall@2 : 0.2312    recall@3 : 0.288    recall@4 : 0.3364    recall@5 : 0.3679    recall@10 : 0.4942    recall@20 : 0.6378    recall@30 : 0.7021    recall@50 : 0.7962    ndcg@1 : 0.2265    ndcg@2 : 0.254    ndcg@3 : 0.2715    ndcg@4 : 0.2881    ndcg@5 : 0.2989    ndcg@10 : 0.343    ndcg@20 : 0.386    ndcg@30 : 0.4036    ndcg@50 : 0.4259    precision@1 : 0.2265    precision@2 : 0.1928    precision@3 : 0.1645    precision@4 : 0.1462    precision@5 : 0.1305    precision@10 : 0.092    precision@20 : 0.0625    precision@30 : 0.0477    precision@50 : 0.0333    map@1 : 0.2265    map@2 : 0.2251    map@3 : 0.2294    map@4 : 0.2358    map@5 : 0.2399    map@10 : 0.2583    map@20 : 0.2728    map@30 : 0.2782    map@50 : 0.2834
Sun 15 Mar 2026 14:18:04 INFO  Saving current: saved/SCL-Mar-15-2026_14-14-53.pth
Sun 15 Mar 2026 14:18:04 INFO  Saving current best: saved/SCL-Mar-15-2026_14-14-53.pth
Sun 15 Mar 2026 14:18:04 INFO  Running E-step ! 
Sun 15 Mar 2026 14:18:09 INFO  epoch 29 training [time: 5.58s, train_loss1: 84.3780, train_loss2: 0.0396, train_loss3: 0.0080, train_loss4: 0.0023]
Sun 15 Mar 2026 14:18:11 INFO  epoch 29 evaluating [time: 1.60s, valid_score: 0.345200]
Sun 15 Mar 2026 14:18:11 INFO  valid result: 
recall@1 : 0.1403    recall@2 : 0.2331    recall@3 : 0.2877    recall@4 : 0.3383    recall@5 : 0.3699    recall@10 : 0.4983    recall@20 : 0.6409    recall@30 : 0.7065    recall@50 : 0.7971    ndcg@1 : 0.2253    ndcg@2 : 0.256    ndcg@3 : 0.2716    ndcg@4 : 0.2894    ndcg@5 : 0.3002    ndcg@10 : 0.3452    ndcg@20 : 0.3879    ndcg@30 : 0.4058    ndcg@50 : 0.4274    precision@1 : 0.2253    precision@2 : 0.1949    precision@3 : 0.1639    precision@4 : 0.1469    precision@5 : 0.1308    precision@10 : 0.0928    precision@20 : 0.0628    precision@30 : 0.0479    precision@50 : 0.0334    map@1 : 0.2253    map@2 : 0.2271    map@3 : 0.2298    map@4 : 0.237    map@5 : 0.2411    map@10 : 0.2602    map@20 : 0.2744    map@30 : 0.2799    map@50 : 0.285
Sun 15 Mar 2026 14:18:11 INFO  Saving current: saved/SCL-Mar-15-2026_14-14-53.pth
Sun 15 Mar 2026 14:18:11 INFO  Saving current best: saved/SCL-Mar-15-2026_14-14-53.pth
Sun 15 Mar 2026 14:18:11 INFO  Running E-step ! 
Sun 15 Mar 2026 14:18:16 INFO  epoch 30 training [time: 5.23s, train_loss1: 82.9558, train_loss2: 0.0391, train_loss3: 0.0080, train_loss4: 0.0025]
Sun 15 Mar 2026 14:18:18 INFO  epoch 30 evaluating [time: 1.59s, valid_score: 0.347300]
Sun 15 Mar 2026 14:18:18 INFO  valid result: 
recall@1 : 0.1405    recall@2 : 0.2357    recall@3 : 0.2939    recall@4 : 0.3423    recall@5 : 0.3678    recall@10 : 0.5017    recall@20 : 0.643    recall@30 : 0.7072    recall@50 : 0.7986    ndcg@1 : 0.2247    ndcg@2 : 0.257    ndcg@3 : 0.2749    ndcg@4 : 0.2917    ndcg@5 : 0.3004    ndcg@10 : 0.3473    ndcg@20 : 0.3898    ndcg@30 : 0.4072    ndcg@50 : 0.429    precision@1 : 0.2247    precision@2 : 0.1955    precision@3 : 0.1663    precision@4 : 0.1475    precision@5 : 0.1305    precision@10 : 0.0934    precision@20 : 0.0632    precision@30 : 0.048    precision@50 : 0.0335    map@1 : 0.2247    map@2 : 0.2275    map@3 : 0.2318    map@4 : 0.2389    map@5 : 0.2421    map@10 : 0.2619    map@20 : 0.2762    map@30 : 0.2815    map@50 : 0.2866
Sun 15 Mar 2026 14:18:18 INFO  Saving current: saved/SCL-Mar-15-2026_14-14-53.pth
Sun 15 Mar 2026 14:18:18 INFO  Saving current best: saved/SCL-Mar-15-2026_14-14-53.pth
Sun 15 Mar 2026 14:18:18 INFO  Running E-step ! 
Sun 15 Mar 2026 14:18:23 INFO  epoch 31 training [time: 5.40s, train_loss1: 81.3673, train_loss2: 0.0384, train_loss3: 0.0080, train_loss4: 0.0020]
Sun 15 Mar 2026 14:18:25 INFO  epoch 31 evaluating [time: 1.61s, valid_score: 0.348300]
Sun 15 Mar 2026 14:18:25 INFO  valid result: 
recall@1 : 0.1413    recall@2 : 0.2284    recall@3 : 0.2958    recall@4 : 0.3436    recall@5 : 0.3711    recall@10 : 0.5062    recall@20 : 0.6472    recall@30 : 0.7067    recall@50 : 0.7965    ndcg@1 : 0.2235    ndcg@2 : 0.2513    ndcg@3 : 0.2747    ndcg@4 : 0.2916    ndcg@5 : 0.3009    ndcg@10 : 0.3483    ndcg@20 : 0.3903    ndcg@30 : 0.4067    ndcg@50 : 0.4281    precision@1 : 0.2235    precision@2 : 0.1898    precision@3 : 0.1667    precision@4 : 0.1484    precision@5 : 0.1311    precision@10 : 0.0944    precision@20 : 0.0635    precision@30 : 0.0481    precision@50 : 0.0335    map@1 : 0.2235    map@2 : 0.2232    map@3 : 0.2312    map@4 : 0.2386    map@5 : 0.242    map@10 : 0.2622    map@20 : 0.2761    map@30 : 0.2812    map@50 : 0.2862
Sun 15 Mar 2026 14:18:25 INFO  Saving current: saved/SCL-Mar-15-2026_14-14-53.pth
Sun 15 Mar 2026 14:18:25 INFO  Saving current best: saved/SCL-Mar-15-2026_14-14-53.pth
Sun 15 Mar 2026 14:18:25 INFO  Running E-step ! 
Sun 15 Mar 2026 14:18:29 INFO  epoch 32 training [time: 4.40s, train_loss1: 80.9947, train_loss2: 0.0379, train_loss3: 0.0080, train_loss4: 0.0021]
Sun 15 Mar 2026 14:18:31 INFO  epoch 32 evaluating [time: 1.60s, valid_score: 0.350800]
Sun 15 Mar 2026 14:18:31 INFO  valid result: 
recall@1 : 0.1421    recall@2 : 0.2331    recall@3 : 0.2951    recall@4 : 0.3455    recall@5 : 0.3738    recall@10 : 0.5095    recall@20 : 0.643    recall@30 : 0.7092    recall@50 : 0.8013    ndcg@1 : 0.2241    ndcg@2 : 0.2543    ndcg@3 : 0.2753    ndcg@4 : 0.2936    ndcg@5 : 0.3033    ndcg@10 : 0.3508    ndcg@20 : 0.3908    ndcg@30 : 0.4089    ndcg@50 : 0.4307    precision@1 : 0.2241    precision@2 : 0.1919    precision@3 : 0.1667    precision@4 : 0.1496    precision@5 : 0.1325    precision@10 : 0.0949    precision@20 : 0.0633    precision@30 : 0.0481    precision@50 : 0.0336    map@1 : 0.2241    map@2 : 0.2259    map@3 : 0.2321    map@4 : 0.2405    map@5 : 0.2442    map@10 : 0.2643    map@20 : 0.2777    map@30 : 0.2832    map@50 : 0.2883
Sun 15 Mar 2026 14:18:31 INFO  Saving current: saved/SCL-Mar-15-2026_14-14-53.pth
Sun 15 Mar 2026 14:18:31 INFO  Saving current best: saved/SCL-Mar-15-2026_14-14-53.pth
Sun 15 Mar 2026 14:18:31 INFO  Running E-step ! 
Sun 15 Mar 2026 14:18:36 INFO  epoch 33 training [time: 5.28s, train_loss1: 78.5627, train_loss2: 0.0374, train_loss3: 0.0080, train_loss4: 0.0021]
Sun 15 Mar 2026 14:18:38 INFO  epoch 33 evaluating [time: 1.60s, valid_score: 0.352100]
Sun 15 Mar 2026 14:18:38 INFO  valid result: 
recall@1 : 0.1406    recall@2 : 0.2389    recall@3 : 0.2962    recall@4 : 0.3441    recall@5 : 0.3729    recall@10 : 0.5116    recall@20 : 0.6457    recall@30 : 0.7135    recall@50 : 0.802    ndcg@1 : 0.2241    ndcg@2 : 0.258    ndcg@3 : 0.2761    ndcg@4 : 0.2933    ndcg@5 : 0.3035    ndcg@10 : 0.3521    ndcg@20 : 0.3924    ndcg@30 : 0.4109    ndcg@50 : 0.432    precision@1 : 0.2241    precision@2 : 0.1955    precision@3 : 0.1669    precision@4 : 0.1487    precision@5 : 0.133    precision@10 : 0.0954    precision@20 : 0.0634    precision@30 : 0.0485    precision@50 : 0.0337    map@1 : 0.2241    map@2 : 0.2281    map@3 : 0.2323    map@4 : 0.24    map@5 : 0.2444    map@10 : 0.265    map@20 : 0.2786    map@30 : 0.2842    map@50 : 0.2892
Sun 15 Mar 2026 14:18:38 INFO  Saving current: saved/SCL-Mar-15-2026_14-14-53.pth
Sun 15 Mar 2026 14:18:38 INFO  Saving current best: saved/SCL-Mar-15-2026_14-14-53.pth
Sun 15 Mar 2026 14:18:38 INFO  Running E-step ! 
Sun 15 Mar 2026 14:18:42 INFO  epoch 34 training [time: 4.25s, train_loss1: 77.6213, train_loss2: 0.0371, train_loss3: 0.0080, train_loss4: 0.0019]
Sun 15 Mar 2026 14:18:43 INFO  epoch 34 evaluating [time: 1.60s, valid_score: 0.354400]
Sun 15 Mar 2026 14:18:43 INFO  valid result: 
recall@1 : 0.1438    recall@2 : 0.2403    recall@3 : 0.2975    recall@4 : 0.3469    recall@5 : 0.3748    recall@10 : 0.5111    recall@20 : 0.651    recall@30 : 0.7118    recall@50 : 0.8035    ndcg@1 : 0.2288    ndcg@2 : 0.2603    ndcg@3 : 0.2786    ndcg@4 : 0.2965    ndcg@5 : 0.3061    ndcg@10 : 0.3544    ndcg@20 : 0.3962    ndcg@30 : 0.4132    ndcg@50 : 0.4349    precision@1 : 0.2288    precision@2 : 0.1964    precision@3 : 0.1681    precision@4 : 0.1508    precision@5 : 0.1336    precision@10 : 0.0959    precision@20 : 0.064    precision@30 : 0.0485    precision@50 : 0.0338    map@1 : 0.2288    map@2 : 0.2308    map@3 : 0.2354    map@4 : 0.2433    map@5 : 0.2469    map@10 : 0.2678    map@20 : 0.282    map@30 : 0.2873    map@50 : 0.2923
Sun 15 Mar 2026 14:18:43 INFO  Saving current: saved/SCL-Mar-15-2026_14-14-53.pth
Sun 15 Mar 2026 14:18:43 INFO  Saving current best: saved/SCL-Mar-15-2026_14-14-53.pth
Sun 15 Mar 2026 14:18:43 INFO  Running E-step ! 
Sun 15 Mar 2026 14:18:48 INFO  epoch 35 training [time: 4.07s, train_loss1: 76.4290, train_loss2: 0.0365, train_loss3: 0.0080, train_loss4: 0.0016]
Sun 15 Mar 2026 14:18:49 INFO  epoch 35 evaluating [time: 1.60s, valid_score: 0.356000]
Sun 15 Mar 2026 14:18:49 INFO  valid result: 
recall@1 : 0.1431    recall@2 : 0.242    recall@3 : 0.2991    recall@4 : 0.3475    recall@5 : 0.3754    recall@10 : 0.5146    recall@20 : 0.6511    recall@30 : 0.7163    recall@50 : 0.7996    ndcg@1 : 0.2282    ndcg@2 : 0.2614    ndcg@3 : 0.2794    ndcg@4 : 0.2965    ndcg@5 : 0.3063    ndcg@10 : 0.356    ndcg@20 : 0.3968    ndcg@30 : 0.4148    ndcg@50 : 0.4347    precision@1 : 0.2282    precision@2 : 0.1982    precision@3 : 0.1687    precision@4 : 0.1503    precision@5 : 0.1336    precision@10 : 0.0968    precision@20 : 0.064    precision@30 : 0.0488    precision@50 : 0.0337    map@1 : 0.2282    map@2 : 0.2314    map@3 : 0.2361    map@4 : 0.2432    map@5 : 0.2471    map@10 : 0.2686    map@20 : 0.2826    map@30 : 0.2882    map@50 : 0.2929
Sun 15 Mar 2026 14:18:49 INFO  Saving current: saved/SCL-Mar-15-2026_14-14-53.pth
Sun 15 Mar 2026 14:18:49 INFO  Saving current best: saved/SCL-Mar-15-2026_14-14-53.pth
Sun 15 Mar 2026 14:18:49 INFO  Running E-step ! 
Sun 15 Mar 2026 14:18:54 INFO  epoch 36 training [time: 4.40s, train_loss1: 72.9982, train_loss2: 0.0360, train_loss3: 0.0080, train_loss4: 0.0013]
Sun 15 Mar 2026 14:18:55 INFO  epoch 36 evaluating [time: 1.60s, valid_score: 0.356200]
Sun 15 Mar 2026 14:18:55 INFO  valid result: 
recall@1 : 0.1454    recall@2 : 0.238    recall@3 : 0.2971    recall@4 : 0.3409    recall@5 : 0.373    recall@10 : 0.5156    recall@20 : 0.6521    recall@30 : 0.7183    recall@50 : 0.8005    ndcg@1 : 0.2318    ndcg@2 : 0.2595    ndcg@3 : 0.2793    ndcg@4 : 0.2939    ndcg@5 : 0.3052    ndcg@10 : 0.3562    ndcg@20 : 0.3969    ndcg@30 : 0.4152    ndcg@50 : 0.4349    precision@1 : 0.2318    precision@2 : 0.1952    precision@3 : 0.1687    precision@4 : 0.1485    precision@5 : 0.1327    precision@10 : 0.0972    precision@20 : 0.0642    precision@30 : 0.049    precision@50 : 0.0337    map@1 : 0.2318    map@2 : 0.2305    map@3 : 0.2364    map@4 : 0.242    map@5 : 0.2464    map@10 : 0.2688    map@20 : 0.2826    map@30 : 0.2883    map@50 : 0.2929
Sun 15 Mar 2026 14:18:55 INFO  Saving current: saved/SCL-Mar-15-2026_14-14-53.pth
Sun 15 Mar 2026 14:18:55 INFO  Saving current best: saved/SCL-Mar-15-2026_14-14-53.pth
Sun 15 Mar 2026 14:18:55 INFO  Running E-step ! 
Sun 15 Mar 2026 14:19:00 INFO  epoch 37 training [time: 4.72s, train_loss1: 73.1082, train_loss2: 0.0356, train_loss3: 0.0080, train_loss4: 0.0014]
Sun 15 Mar 2026 14:19:01 INFO  epoch 37 evaluating [time: 1.59s, valid_score: 0.357500]
Sun 15 Mar 2026 14:19:01 INFO  valid result: 
recall@1 : 0.1455    recall@2 : 0.2417    recall@3 : 0.3014    recall@4 : 0.3418    recall@5 : 0.3774    recall@10 : 0.5169    recall@20 : 0.6533    recall@30 : 0.7187    recall@50 : 0.8    ndcg@1 : 0.2306    ndcg@2 : 0.2623    ndcg@3 : 0.2817    ndcg@4 : 0.2951    ndcg@5 : 0.3079    ndcg@10 : 0.3575    ndcg@20 : 0.3984    ndcg@30 : 0.4164    ndcg@50 : 0.436    precision@1 : 0.2306    precision@2 : 0.1985    precision@3 : 0.1702    precision@4 : 0.1485    precision@5 : 0.1338    precision@10 : 0.0971    precision@20 : 0.0644    precision@30 : 0.049    precision@50 : 0.0338    map@1 : 0.2306    map@2 : 0.2333    map@3 : 0.2383    map@4 : 0.2435    map@5 : 0.2487    map@10 : 0.2703    map@20 : 0.2843    map@30 : 0.2898    map@50 : 0.2945
Sun 15 Mar 2026 14:19:01 INFO  Saving current: saved/SCL-Mar-15-2026_14-14-53.pth
Sun 15 Mar 2026 14:19:01 INFO  Saving current best: saved/SCL-Mar-15-2026_14-14-53.pth
Sun 15 Mar 2026 14:19:01 INFO  Running E-step ! 
Sun 15 Mar 2026 14:19:07 INFO  epoch 38 training [time: 5.58s, train_loss1: 71.6361, train_loss2: 0.0351, train_loss3: 0.0080, train_loss4: 0.0018]
Sun 15 Mar 2026 14:19:09 INFO  epoch 38 evaluating [time: 1.58s, valid_score: 0.358500]
Sun 15 Mar 2026 14:19:09 INFO  valid result: 
recall@1 : 0.1441    recall@2 : 0.2431    recall@3 : 0.3063    recall@4 : 0.346    recall@5 : 0.3805    recall@10 : 0.5179    recall@20 : 0.65    recall@30 : 0.7195    recall@50 : 0.7974    ndcg@1 : 0.23    ndcg@2 : 0.263    ndcg@3 : 0.2841    ndcg@4 : 0.297    ndcg@5 : 0.3099    ndcg@10 : 0.3585    ndcg@20 : 0.3982    ndcg@30 : 0.4172    ndcg@50 : 0.4361    precision@1 : 0.23    precision@2 : 0.1993    precision@3 : 0.1724    precision@4 : 0.1499    precision@5 : 0.1358    precision@10 : 0.0973    precision@20 : 0.0643    precision@30 : 0.0491    precision@50 : 0.0338    map@1 : 0.23    map@2 : 0.2333    map@3 : 0.2397    map@4 : 0.2443    map@5 : 0.2496    map@10 : 0.271    map@20 : 0.2847    map@30 : 0.2904    map@50 : 0.295
Sun 15 Mar 2026 14:19:09 INFO  Saving current: saved/SCL-Mar-15-2026_14-14-53.pth
Sun 15 Mar 2026 14:19:09 INFO  Saving current best: saved/SCL-Mar-15-2026_14-14-53.pth
Sun 15 Mar 2026 14:19:09 INFO  Running E-step ! 
Sun 15 Mar 2026 14:19:14 INFO  epoch 39 training [time: 5.57s, train_loss1: 70.7507, train_loss2: 0.0347, train_loss3: 0.0080, train_loss4: 0.0017]
Sun 15 Mar 2026 14:19:16 INFO  epoch 39 evaluating [time: 1.61s, valid_score: 0.357800]
Sun 15 Mar 2026 14:19:16 INFO  valid result: 
recall@1 : 0.1419    recall@2 : 0.2451    recall@3 : 0.307    recall@4 : 0.3472    recall@5 : 0.3798    recall@10 : 0.5164    recall@20 : 0.6504    recall@30 : 0.7192    recall@50 : 0.7941    ndcg@1 : 0.2265    ndcg@2 : 0.2631    ndcg@3 : 0.2835    ndcg@4 : 0.2972    ndcg@5 : 0.3094    ndcg@10 : 0.3578    ndcg@20 : 0.3982    ndcg@30 : 0.4168    ndcg@50 : 0.4351    precision@1 : 0.2265    precision@2 : 0.2008    precision@3 : 0.1724    precision@4 : 0.1508    precision@5 : 0.1362    precision@10 : 0.0974    precision@20 : 0.0646    precision@30 : 0.0492    precision@50 : 0.0337    map@1 : 0.2265    map@2 : 0.2324    map@3 : 0.2391    map@4 : 0.2442    map@5 : 0.2492    map@10 : 0.2703    map@20 : 0.2844    map@30 : 0.29    map@50 : 0.2945
Sun 15 Mar 2026 14:19:16 INFO  Running E-step ! 
Sun 15 Mar 2026 14:19:21 INFO  epoch 40 training [time: 5.38s, train_loss1: 68.9522, train_loss2: 0.0343, train_loss3: 0.0080, train_loss4: 0.0017]
Sun 15 Mar 2026 14:19:23 INFO  epoch 40 evaluating [time: 1.61s, valid_score: 0.359700]
Sun 15 Mar 2026 14:19:23 INFO  valid result: 
recall@1 : 0.1431    recall@2 : 0.2441    recall@3 : 0.3084    recall@4 : 0.3462    recall@5 : 0.3801    recall@10 : 0.5211    recall@20 : 0.6481    recall@30 : 0.7191    recall@50 : 0.7938    ndcg@1 : 0.2294    ndcg@2 : 0.2623    ndcg@3 : 0.2843    ndcg@4 : 0.297    ndcg@5 : 0.3097    ndcg@10 : 0.3597    ndcg@20 : 0.3982    ndcg@30 : 0.4174    ndcg@50 : 0.4357    precision@1 : 0.2294    precision@2 : 0.1987    precision@3 : 0.172    precision@4 : 0.15    precision@5 : 0.136    precision@10 : 0.0981    precision@20 : 0.0645    precision@30 : 0.0492    precision@50 : 0.0338    map@1 : 0.2294    map@2 : 0.2323    map@3 : 0.2397    map@4 : 0.2441    map@5 : 0.2496    map@10 : 0.2715    map@20 : 0.285    map@30 : 0.2907    map@50 : 0.2952
Sun 15 Mar 2026 14:19:23 INFO  Saving current: saved/SCL-Mar-15-2026_14-14-53.pth
Sun 15 Mar 2026 14:19:23 INFO  Saving current best: saved/SCL-Mar-15-2026_14-14-53.pth
Sun 15 Mar 2026 14:19:23 INFO  Running E-step ! 
Sun 15 Mar 2026 14:19:28 INFO  epoch 41 training [time: 5.22s, train_loss1: 66.5948, train_loss2: 0.0339, train_loss3: 0.0080, train_loss4: 0.0013]
Sun 15 Mar 2026 14:19:30 INFO  epoch 41 evaluating [time: 1.61s, valid_score: 0.360000]
Sun 15 Mar 2026 14:19:30 INFO  valid result: 
recall@1 : 0.1452    recall@2 : 0.2407    recall@3 : 0.3055    recall@4 : 0.3473    recall@5 : 0.3789    recall@10 : 0.5197    recall@20 : 0.6492    recall@30 : 0.7198    recall@50 : 0.7961    ndcg@1 : 0.2342    ndcg@2 : 0.2614    ndcg@3 : 0.2843    ndcg@4 : 0.2985    ndcg@5 : 0.3099    ndcg@10 : 0.36    ndcg@20 : 0.3992    ndcg@30 : 0.4183    ndcg@50 : 0.437    precision@1 : 0.2342    precision@2 : 0.1976    precision@3 : 0.1728    precision@4 : 0.1517    precision@5 : 0.1361    precision@10 : 0.098    precision@20 : 0.0646    precision@30 : 0.0493    precision@50 : 0.0339    map@1 : 0.2342    map@2 : 0.2315    map@3 : 0.2398    map@4 : 0.2452    map@5 : 0.2497    map@10 : 0.2719    map@20 : 0.2855    map@30 : 0.2913    map@50 : 0.2959
Sun 15 Mar 2026 14:19:30 INFO  Saving current: saved/SCL-Mar-15-2026_14-14-53.pth
Sun 15 Mar 2026 14:19:30 INFO  Saving current best: saved/SCL-Mar-15-2026_14-14-53.pth
Sun 15 Mar 2026 14:19:30 INFO  Running E-step ! 
Sun 15 Mar 2026 14:19:35 INFO  epoch 42 training [time: 4.92s, train_loss1: 66.3193, train_loss2: 0.0336, train_loss3: 0.0080, train_loss4: 0.0013]
Sun 15 Mar 2026 14:19:36 INFO  epoch 42 evaluating [time: 1.60s, valid_score: 0.362600]
Sun 15 Mar 2026 14:19:36 INFO  valid result: 
recall@1 : 0.1495    recall@2 : 0.2428    recall@3 : 0.305    recall@4 : 0.3488    recall@5 : 0.3801    recall@10 : 0.5206    recall@20 : 0.6507    recall@30 : 0.7215    recall@50 : 0.7968    ndcg@1 : 0.239    ndcg@2 : 0.2648    ndcg@3 : 0.2859    ndcg@4 : 0.3013    ndcg@5 : 0.3123    ndcg@10 : 0.3626    ndcg@20 : 0.4018    ndcg@30 : 0.4208    ndcg@50 : 0.4394    precision@1 : 0.239    precision@2 : 0.1993    precision@3 : 0.1722    precision@4 : 0.1526    precision@5 : 0.1361    precision@10 : 0.0982    precision@20 : 0.0648    precision@30 : 0.0493    precision@50 : 0.0339    map@1 : 0.239    map@2 : 0.2355    map@3 : 0.2422    map@4 : 0.2486    map@5 : 0.2528    map@10 : 0.275    map@20 : 0.2886    map@30 : 0.2943    map@50 : 0.2989
Sun 15 Mar 2026 14:19:36 INFO  Saving current: saved/SCL-Mar-15-2026_14-14-53.pth
Sun 15 Mar 2026 14:19:36 INFO  Saving current best: saved/SCL-Mar-15-2026_14-14-53.pth
Sun 15 Mar 2026 14:19:36 INFO  Running E-step ! 
Sun 15 Mar 2026 14:19:42 INFO  epoch 43 training [time: 5.42s, train_loss1: 66.7413, train_loss2: 0.0330, train_loss3: 0.0080, train_loss4: 0.0014]
Sun 15 Mar 2026 14:19:43 INFO  epoch 43 evaluating [time: 1.61s, valid_score: 0.361400]
Sun 15 Mar 2026 14:19:43 INFO  valid result: 
recall@1 : 0.1498    recall@2 : 0.2421    recall@3 : 0.3025    recall@4 : 0.3436    recall@5 : 0.3787    recall@10 : 0.5197    recall@20 : 0.6516    recall@30 : 0.7207    recall@50 : 0.7973    ndcg@1 : 0.2354    ndcg@2 : 0.2633    ndcg@3 : 0.2837    ndcg@4 : 0.298    ndcg@5 : 0.311    ndcg@10 : 0.3614    ndcg@20 : 0.4014    ndcg@30 : 0.4201    ndcg@50 : 0.4389    precision@1 : 0.2354    precision@2 : 0.1985    precision@3 : 0.1708    precision@4 : 0.1505    precision@5 : 0.136    precision@10 : 0.0975    precision@20 : 0.0648    precision@30 : 0.0493    precision@50 : 0.0339    map@1 : 0.2354    map@2 : 0.2338    map@3 : 0.2405    map@4 : 0.2464    map@5 : 0.2518    map@10 : 0.2741    map@20 : 0.2882    map@30 : 0.2938    map@50 : 0.2984
Sun 15 Mar 2026 14:19:43 INFO  Running E-step ! 
Sun 15 Mar 2026 14:19:49 INFO  epoch 44 training [time: 5.37s, train_loss1: 63.7562, train_loss2: 0.0327, train_loss3: 0.0080, train_loss4: 0.0016]
Sun 15 Mar 2026 14:19:50 INFO  epoch 44 evaluating [time: 1.60s, valid_score: 0.364400]
Sun 15 Mar 2026 14:19:50 INFO  valid result: 
recall@1 : 0.1507    recall@2 : 0.2445    recall@3 : 0.3028    recall@4 : 0.3494    recall@5 : 0.3849    recall@10 : 0.5254    recall@20 : 0.6546    recall@30 : 0.7217    recall@50 : 0.796    ndcg@1 : 0.2354    ndcg@2 : 0.2649    ndcg@3 : 0.2844    ndcg@4 : 0.3012    ndcg@5 : 0.3144    ndcg@10 : 0.3644    ndcg@20 : 0.4035    ndcg@30 : 0.4216    ndcg@50 : 0.44    precision@1 : 0.2354    precision@2 : 0.1996    precision@3 : 0.171    precision@4 : 0.1523    precision@5 : 0.1378    precision@10 : 0.0985    precision@20 : 0.0651    precision@30 : 0.0493    precision@50 : 0.0339    map@1 : 0.2354    map@2 : 0.2347    map@3 : 0.2409    map@4 : 0.2484    map@5 : 0.254    map@10 : 0.2761    map@20 : 0.29    map@30 : 0.2954    map@50 : 0.2999
Sun 15 Mar 2026 14:19:50 INFO  Saving current: saved/SCL-Mar-15-2026_14-14-53.pth
Sun 15 Mar 2026 14:19:50 INFO  Saving current best: saved/SCL-Mar-15-2026_14-14-53.pth
Sun 15 Mar 2026 14:19:50 INFO  Running E-step ! 
Sun 15 Mar 2026 14:19:55 INFO  epoch 45 training [time: 5.18s, train_loss1: 63.1838, train_loss2: 0.0324, train_loss3: 0.0080, train_loss4: 0.0014]
Sun 15 Mar 2026 14:19:57 INFO  epoch 45 evaluating [time: 1.60s, valid_score: 0.364100]
Sun 15 Mar 2026 14:19:57 INFO  valid result: 
recall@1 : 0.1511    recall@2 : 0.2448    recall@3 : 0.3057    recall@4 : 0.3489    recall@5 : 0.3869    recall@10 : 0.5226    recall@20 : 0.6506    recall@30 : 0.7206    recall@50 : 0.7953    ndcg@1 : 0.2366    ndcg@2 : 0.2658    ndcg@3 : 0.2864    ndcg@4 : 0.301    ndcg@5 : 0.3157    ndcg@10 : 0.3641    ndcg@20 : 0.4031    ndcg@30 : 0.4219    ndcg@50 : 0.4404    precision@1 : 0.2366    precision@2 : 0.2005    precision@3 : 0.1728    precision@4 : 0.1512    precision@5 : 0.1383    precision@10 : 0.098    precision@20 : 0.0648    precision@30 : 0.0493    precision@50 : 0.0339    map@1 : 0.2366    map@2 : 0.2363    map@3 : 0.2429    map@4 : 0.2487    map@5 : 0.2553    map@10 : 0.2767    map@20 : 0.2907    map@30 : 0.2962    map@50 : 0.3008
Sun 15 Mar 2026 14:19:57 INFO  Running E-step ! 
Sun 15 Mar 2026 14:20:02 INFO  epoch 46 training [time: 5.28s, train_loss1: 63.0832, train_loss2: 0.0320, train_loss3: 0.0080, train_loss4: 0.0015]
Sun 15 Mar 2026 14:20:04 INFO  epoch 46 evaluating [time: 1.60s, valid_score: 0.362200]
Sun 15 Mar 2026 14:20:04 INFO  valid result: 
recall@1 : 0.1491    recall@2 : 0.2417    recall@3 : 0.3066    recall@4 : 0.3514    recall@5 : 0.3876    recall@10 : 0.5199    recall@20 : 0.6508    recall@30 : 0.7211    recall@50 : 0.7971    ndcg@1 : 0.2342    ndcg@2 : 0.262    ndcg@3 : 0.2856    ndcg@4 : 0.3009    ndcg@5 : 0.3149    ndcg@10 : 0.3622    ndcg@20 : 0.402    ndcg@30 : 0.421    ndcg@50 : 0.4395    precision@1 : 0.2342    precision@2 : 0.197    precision@3 : 0.1732    precision@4 : 0.1517    precision@5 : 0.1386    precision@10 : 0.0977    precision@20 : 0.0647    precision@30 : 0.0494    precision@50 : 0.0339    map@1 : 0.2342    map@2 : 0.2326    map@3 : 0.2412    map@4 : 0.2477    map@5 : 0.2542    map@10 : 0.275    map@20 : 0.2892    map@30 : 0.2948    map@50 : 0.2993
Sun 15 Mar 2026 14:20:04 INFO  Running E-step ! 
Sun 15 Mar 2026 14:20:08 INFO  epoch 47 training [time: 4.36s, train_loss1: 60.0302, train_loss2: 0.0316, train_loss3: 0.0080, train_loss4: 0.0014]
Sun 15 Mar 2026 14:20:10 INFO  epoch 47 evaluating [time: 1.60s, valid_score: 0.363300]
Sun 15 Mar 2026 14:20:10 INFO  valid result: 
recall@1 : 0.1515    recall@2 : 0.2417    recall@3 : 0.3043    recall@4 : 0.3525    recall@5 : 0.3892    recall@10 : 0.5195    recall@20 : 0.6538    recall@30 : 0.7196    recall@50 : 0.7971    ndcg@1 : 0.2396    ndcg@2 : 0.2638    ndcg@3 : 0.2856    ndcg@4 : 0.3029    ndcg@5 : 0.3166    ndcg@10 : 0.3633    ndcg@20 : 0.4038    ndcg@30 : 0.4217    ndcg@50 : 0.4407    precision@1 : 0.2396    precision@2 : 0.1976    precision@3 : 0.1722    precision@4 : 0.1532    precision@5 : 0.139    precision@10 : 0.0982    precision@20 : 0.065    precision@30 : 0.0493    precision@50 : 0.034    map@1 : 0.2396    map@2 : 0.2347    map@3 : 0.2419    map@4 : 0.2498    map@5 : 0.2558    map@10 : 0.2764    map@20 : 0.2907    map@30 : 0.296    map@50 : 0.3007
Sun 15 Mar 2026 14:20:10 INFO  Running E-step ! 
Sun 15 Mar 2026 14:20:14 INFO  epoch 48 training [time: 4.40s, train_loss1: 59.4594, train_loss2: 0.0313, train_loss3: 0.0080, train_loss4: 0.0015]
Sun 15 Mar 2026 14:20:16 INFO  epoch 48 evaluating [time: 1.60s, valid_score: 0.362300]
Sun 15 Mar 2026 14:20:16 INFO  valid result: 
recall@1 : 0.1517    recall@2 : 0.2398    recall@3 : 0.3029    recall@4 : 0.3547    recall@5 : 0.3895    recall@10 : 0.5169    recall@20 : 0.6526    recall@30 : 0.7205    recall@50 : 0.798    ndcg@1 : 0.2414    ndcg@2 : 0.2628    ndcg@3 : 0.2851    ndcg@4 : 0.3038    ndcg@5 : 0.3165    ndcg@10 : 0.3623    ndcg@20 : 0.4032    ndcg@30 : 0.4215    ndcg@50 : 0.4405    precision@1 : 0.2414    precision@2 : 0.1967    precision@3 : 0.1718    precision@4 : 0.1539    precision@5 : 0.1387    precision@10 : 0.0977    precision@20 : 0.0648    precision@30 : 0.0493    precision@50 : 0.034    map@1 : 0.2414    map@2 : 0.2338    map@3 : 0.2415    map@4 : 0.2499    map@5 : 0.2554    map@10 : 0.2757    map@20 : 0.2901    map@30 : 0.2955    map@50 : 0.3002
Sun 15 Mar 2026 14:20:16 INFO  Running E-step ! 
Sun 15 Mar 2026 14:20:21 INFO  epoch 49 training [time: 5.10s, train_loss1: 59.4509, train_loss2: 0.0309, train_loss3: 0.0080, train_loss4: 0.0014]
Sun 15 Mar 2026 14:20:23 INFO  epoch 49 evaluating [time: 1.61s, valid_score: 0.363600]
Sun 15 Mar 2026 14:20:23 INFO  valid result: 
recall@1 : 0.1545    recall@2 : 0.241    recall@3 : 0.3048    recall@4 : 0.3565    recall@5 : 0.3861    recall@10 : 0.5167    recall@20 : 0.6536    recall@30 : 0.7171    recall@50 : 0.7999    ndcg@1 : 0.2408    ndcg@2 : 0.2646    ndcg@3 : 0.2868    ndcg@4 : 0.3057    ndcg@5 : 0.3162    ndcg@10 : 0.3636    ndcg@20 : 0.4046    ndcg@30 : 0.4221    ndcg@50 : 0.4421    precision@1 : 0.2408    precision@2 : 0.1982    precision@3 : 0.1726    precision@4 : 0.1546    precision@5 : 0.1375    precision@10 : 0.098    precision@20 : 0.0649    precision@30 : 0.0492    precision@50 : 0.034    map@1 : 0.2408    map@2 : 0.2358    map@3 : 0.2432    map@4 : 0.252    map@5 : 0.2564    map@10 : 0.2776    map@20 : 0.2919    map@30 : 0.2973    map@50 : 0.302
Sun 15 Mar 2026 14:20:23 INFO  Running E-step ! 
Sun 15 Mar 2026 14:20:28 INFO  epoch 50 training [time: 5.12s, train_loss1: 58.9466, train_loss2: 0.0305, train_loss3: 0.0080, train_loss4: 0.0016]
Sun 15 Mar 2026 14:20:29 INFO  epoch 50 evaluating [time: 1.61s, valid_score: 0.362700]
Sun 15 Mar 2026 14:20:29 INFO  valid result: 
recall@1 : 0.1553    recall@2 : 0.2427    recall@3 : 0.306    recall@4 : 0.3546    recall@5 : 0.3896    recall@10 : 0.5121    recall@20 : 0.6488    recall@30 : 0.718    recall@50 : 0.8005    ndcg@1 : 0.242    ndcg@2 : 0.2662    ndcg@3 : 0.2878    ndcg@4 : 0.3049    ndcg@5 : 0.3182    ndcg@10 : 0.3627    ndcg@20 : 0.4038    ndcg@30 : 0.4226    ndcg@50 : 0.4426    precision@1 : 0.242    precision@2 : 0.1993    precision@3 : 0.1724    precision@4 : 0.1529    precision@5 : 0.1386    precision@10 : 0.0973    precision@20 : 0.0644    precision@30 : 0.0492    precision@50 : 0.034    map@1 : 0.242    map@2 : 0.237    map@3 : 0.2439    map@4 : 0.2515    map@5 : 0.2577    map@10 : 0.2775    map@20 : 0.292    map@30 : 0.2976    map@50 : 0.3024
Sun 15 Mar 2026 14:20:29 INFO  Running E-step ! 
Sun 15 Mar 2026 14:20:35 INFO  epoch 51 training [time: 5.54s, train_loss1: 56.8737, train_loss2: 0.0302, train_loss3: 0.0080, train_loss4: 0.0015]
Sun 15 Mar 2026 14:20:37 INFO  epoch 51 evaluating [time: 1.61s, valid_score: 0.362500]
Sun 15 Mar 2026 14:20:37 INFO  valid result: 
recall@1 : 0.1534    recall@2 : 0.2473    recall@3 : 0.3064    recall@4 : 0.3557    recall@5 : 0.3905    recall@10 : 0.5117    recall@20 : 0.6493    recall@30 : 0.7183    recall@50 : 0.7981    ndcg@1 : 0.2372    ndcg@2 : 0.268    ndcg@3 : 0.2871    ndcg@4 : 0.3052    ndcg@5 : 0.3183    ndcg@10 : 0.3625    ndcg@20 : 0.4039    ndcg@30 : 0.4225    ndcg@50 : 0.4421    precision@1 : 0.2372    precision@2 : 0.2014    precision@3 : 0.1714    precision@4 : 0.1536    precision@5 : 0.1387    precision@10 : 0.0973    precision@20 : 0.0645    precision@30 : 0.0491    precision@50 : 0.034    map@1 : 0.2372    map@2 : 0.2384    map@3 : 0.2435    map@4 : 0.2519    map@5 : 0.2577    map@10 : 0.2775    map@20 : 0.2921    map@30 : 0.2977    map@50 : 0.3025
Sun 15 Mar 2026 14:20:37 INFO  Running E-step ! 
Sun 15 Mar 2026 14:20:42 INFO  epoch 52 training [time: 5.53s, train_loss1: 56.8712, train_loss2: 0.0299, train_loss3: 0.0080, train_loss4: 0.0017]
Sun 15 Mar 2026 14:20:44 INFO  epoch 52 evaluating [time: 1.60s, valid_score: 0.361300]
Sun 15 Mar 2026 14:20:44 INFO  valid result: 
recall@1 : 0.1523    recall@2 : 0.2464    recall@3 : 0.3033    recall@4 : 0.3561    recall@5 : 0.3928    recall@10 : 0.5101    recall@20 : 0.6505    recall@30 : 0.7172    recall@50 : 0.799    ndcg@1 : 0.2354    ndcg@2 : 0.2663    ndcg@3 : 0.285    ndcg@4 : 0.3046    ndcg@5 : 0.3188    ndcg@10 : 0.3613    ndcg@20 : 0.4032    ndcg@30 : 0.4214    ndcg@50 : 0.4414    precision@1 : 0.2354    precision@2 : 0.1999    precision@3 : 0.1706    precision@4 : 0.1541    precision@5 : 0.1404    precision@10 : 0.0972    precision@20 : 0.0645    precision@30 : 0.049    precision@50 : 0.034    map@1 : 0.2354    map@2 : 0.2367    map@3 : 0.2413    map@4 : 0.2506    map@5 : 0.2575    map@10 : 0.2765    map@20 : 0.2911    map@30 : 0.2966    map@50 : 0.3015
Sun 15 Mar 2026 14:20:44 INFO  Running E-step ! 
Sun 15 Mar 2026 14:20:49 INFO  epoch 53 training [time: 5.33s, train_loss1: 55.0691, train_loss2: 0.0295, train_loss3: 0.0080, train_loss4: 0.0019]
Sun 15 Mar 2026 14:20:51 INFO  epoch 53 evaluating [time: 1.61s, valid_score: 0.362600]
Sun 15 Mar 2026 14:20:51 INFO  valid result: 
recall@1 : 0.1544    recall@2 : 0.2488    recall@3 : 0.302    recall@4 : 0.3527    recall@5 : 0.3932    recall@10 : 0.5123    recall@20 : 0.6494    recall@30 : 0.7167    recall@50 : 0.8012    ndcg@1 : 0.236    ndcg@2 : 0.2685    ndcg@3 : 0.2855    ndcg@4 : 0.3042    ndcg@5 : 0.3197    ndcg@10 : 0.3626    ndcg@20 : 0.4036    ndcg@30 : 0.4219    ndcg@50 : 0.4424    precision@1 : 0.236    precision@2 : 0.2014    precision@3 : 0.1704    precision@4 : 0.1535    precision@5 : 0.1402    precision@10 : 0.0976    precision@20 : 0.0644    precision@30 : 0.049    precision@50 : 0.034    map@1 : 0.236    map@2 : 0.2388    map@3 : 0.2427    map@4 : 0.2513    map@5 : 0.2589    map@10 : 0.2779    map@20 : 0.2921    map@30 : 0.2977    map@50 : 0.3026
Sun 15 Mar 2026 14:20:51 INFO  Running E-step ! 
Sun 15 Mar 2026 14:20:56 INFO  epoch 54 training [time: 5.57s, train_loss1: 53.9487, train_loss2: 0.0293, train_loss3: 0.0080, train_loss4: 0.0019]
Sun 15 Mar 2026 14:20:58 INFO  epoch 54 evaluating [time: 1.60s, valid_score: 0.359400]
Sun 15 Mar 2026 14:20:58 INFO  valid result: 
recall@1 : 0.1526    recall@2 : 0.2438    recall@3 : 0.3002    recall@4 : 0.355    recall@5 : 0.3935    recall@10 : 0.507    recall@20 : 0.6473    recall@30 : 0.7138    recall@50 : 0.801    ndcg@1 : 0.233    ndcg@2 : 0.265    ndcg@3 : 0.2832    ndcg@4 : 0.3035    ndcg@5 : 0.3181    ndcg@10 : 0.3594    ndcg@20 : 0.4015    ndcg@30 : 0.4196    ndcg@50 : 0.4406    precision@1 : 0.233    precision@2 : 0.1996    precision@3 : 0.1694    precision@4 : 0.1535    precision@5 : 0.1396    precision@10 : 0.0967    precision@20 : 0.0643    precision@30 : 0.0489    precision@50 : 0.034    map@1 : 0.233    map@2 : 0.236    map@3 : 0.2411    map@4 : 0.2501    map@5 : 0.257    map@10 : 0.2754    map@20 : 0.2902    map@30 : 0.2957    map@50 : 0.3007
Sun 15 Mar 2026 14:20:58 INFO  Running E-step ! 
Sun 15 Mar 2026 14:21:03 INFO  epoch 55 training [time: 5.49s, train_loss1: 53.1168, train_loss2: 0.0291, train_loss3: 0.0080, train_loss4: 0.0017]
Sun 15 Mar 2026 14:21:05 INFO  epoch 55 evaluating [time: 1.60s, valid_score: 0.359600]
Sun 15 Mar 2026 14:21:05 INFO  valid result: 
recall@1 : 0.1549    recall@2 : 0.2442    recall@3 : 0.2974    recall@4 : 0.3515    recall@5 : 0.3912    recall@10 : 0.5064    recall@20 : 0.6485    recall@30 : 0.7142    recall@50 : 0.8007    ndcg@1 : 0.236    ndcg@2 : 0.2659    ndcg@3 : 0.2823    ndcg@4 : 0.3019    ndcg@5 : 0.3174    ndcg@10 : 0.3596    ndcg@20 : 0.402    ndcg@30 : 0.42    ndcg@50 : 0.4408    precision@1 : 0.236    precision@2 : 0.1999    precision@3 : 0.1677    precision@4 : 0.1509    precision@5 : 0.1386    precision@10 : 0.0968    precision@20 : 0.0643    precision@30 : 0.049    precision@50 : 0.034    map@1 : 0.236    map@2 : 0.2372    map@3 : 0.2407    map@4 : 0.2495    map@5 : 0.2568    map@10 : 0.2758    map@20 : 0.2905    map@30 : 0.2961    map@50 : 0.301
Sun 15 Mar 2026 14:21:05 INFO  Running E-step ! 
Sun 15 Mar 2026 14:21:11 INFO  epoch 56 training [time: 5.69s, train_loss1: 52.5942, train_loss2: 0.0289, train_loss3: 0.0080, train_loss4: 0.0019]
Sun 15 Mar 2026 14:21:12 INFO  epoch 56 evaluating [time: 1.59s, valid_score: 0.360300]
Sun 15 Mar 2026 14:21:12 INFO  valid result: 
recall@1 : 0.1525    recall@2 : 0.2478    recall@3 : 0.3005    recall@4 : 0.3522    recall@5 : 0.3908    recall@10 : 0.5089    recall@20 : 0.6481    recall@30 : 0.7175    recall@50 : 0.7983    ndcg@1 : 0.233    ndcg@2 : 0.2677    ndcg@3 : 0.2837    ndcg@4 : 0.3026    ndcg@5 : 0.3169    ndcg@10 : 0.3603    ndcg@20 : 0.4017    ndcg@30 : 0.4205    ndcg@50 : 0.4402    precision@1 : 0.233    precision@2 : 0.202    precision@3 : 0.1692    precision@4 : 0.1523    precision@5 : 0.1381    precision@10 : 0.0971    precision@20 : 0.0643    precision@30 : 0.049    precision@50 : 0.0339    map@1 : 0.233    map@2 : 0.2388    map@3 : 0.2416    map@4 : 0.2498    map@5 : 0.2563    map@10 : 0.276    map@20 : 0.2904    map@30 : 0.2961    map@50 : 0.3008
Sun 15 Mar 2026 14:21:12 INFO  Running E-step ! 
Sun 15 Mar 2026 14:21:18 INFO  epoch 57 training [time: 5.57s, train_loss1: 52.5216, train_loss2: 0.0286, train_loss3: 0.0080, train_loss4: 0.0019]
Sun 15 Mar 2026 14:21:19 INFO  epoch 57 evaluating [time: 1.59s, valid_score: 0.358500]
Sun 15 Mar 2026 14:21:19 INFO  valid result: 
recall@1 : 0.1513    recall@2 : 0.2468    recall@3 : 0.3026    recall@4 : 0.3485    recall@5 : 0.3901    recall@10 : 0.5056    recall@20 : 0.6488    recall@30 : 0.717    recall@50 : 0.8015    ndcg@1 : 0.2282    ndcg@2 : 0.2662    ndcg@3 : 0.2837    ndcg@4 : 0.3001    ndcg@5 : 0.3158    ndcg@10 : 0.3585    ndcg@20 : 0.401    ndcg@30 : 0.4194    ndcg@50 : 0.4398    precision@1 : 0.2282    precision@2 : 0.202    precision@3 : 0.17    precision@4 : 0.1508    precision@5 : 0.1379    precision@10 : 0.097    precision@20 : 0.0644    precision@30 : 0.0491    precision@50 : 0.034    map@1 : 0.2282    map@2 : 0.2372    map@3 : 0.2409    map@4 : 0.2479    map@5 : 0.2554    map@10 : 0.2748    map@20 : 0.2896    map@30 : 0.2951    map@50 : 0.2999
Sun 15 Mar 2026 14:21:19 INFO  Running E-step ! 
Sun 15 Mar 2026 14:21:24 INFO  epoch 58 training [time: 4.48s, train_loss1: 50.7991, train_loss2: 0.0283, train_loss3: 0.0080, train_loss4: 0.0019]
Sun 15 Mar 2026 14:21:25 INFO  epoch 58 evaluating [time: 1.60s, valid_score: 0.358600]
Sun 15 Mar 2026 14:21:25 INFO  valid result: 
recall@1 : 0.1521    recall@2 : 0.2447    recall@3 : 0.303    recall@4 : 0.3516    recall@5 : 0.3932    recall@10 : 0.504    recall@20 : 0.651    recall@30 : 0.7173    recall@50 : 0.8014    ndcg@1 : 0.2324    ndcg@2 : 0.2654    ndcg@3 : 0.2845    ndcg@4 : 0.302    ndcg@5 : 0.3179    ndcg@10 : 0.3586    ndcg@20 : 0.4021    ndcg@30 : 0.4201    ndcg@50 : 0.4404    precision@1 : 0.2324    precision@2 : 0.2005    precision@3 : 0.1708    precision@4 : 0.1523    precision@5 : 0.1395    precision@10 : 0.097    precision@20 : 0.0646    precision@30 : 0.0491    precision@50 : 0.034    map@1 : 0.2324    map@2 : 0.2369    map@3 : 0.2416    map@4 : 0.2493    map@5 : 0.2567    map@10 : 0.2751    map@20 : 0.2901    map@30 : 0.2956    map@50 : 0.3004
Sun 15 Mar 2026 14:21:25 INFO  Running E-step ! 
Sun 15 Mar 2026 14:21:30 INFO  epoch 59 training [time: 5.04s, train_loss1: 51.1119, train_loss2: 0.0281, train_loss3: 0.0080, train_loss4: 0.0020]
Sun 15 Mar 2026 14:21:32 INFO  epoch 59 evaluating [time: 1.60s, valid_score: 0.359600]
Sun 15 Mar 2026 14:21:32 INFO  valid result: 
recall@1 : 0.1528    recall@2 : 0.2486    recall@3 : 0.3038    recall@4 : 0.3499    recall@5 : 0.3917    recall@10 : 0.506    recall@20 : 0.6481    recall@30 : 0.7164    recall@50 : 0.8007    ndcg@1 : 0.2312    ndcg@2 : 0.2681    ndcg@3 : 0.2857    ndcg@4 : 0.3023    ndcg@5 : 0.3178    ndcg@10 : 0.3596    ndcg@20 : 0.4016    ndcg@30 : 0.4202    ndcg@50 : 0.4406    precision@1 : 0.2312    precision@2 : 0.2029    precision@3 : 0.1716    precision@4 : 0.1524    precision@5 : 0.1389    precision@10 : 0.0968    precision@20 : 0.0641    precision@30 : 0.0489    precision@50 : 0.0339    map@1 : 0.2312    map@2 : 0.2388    map@3 : 0.2429    map@4 : 0.2499    map@5 : 0.2571    map@10 : 0.2761    map@20 : 0.2906    map@30 : 0.2962    map@50 : 0.3011
Sun 15 Mar 2026 14:21:32 INFO  Running E-step ! 
Sun 15 Mar 2026 14:21:38 INFO  epoch 60 training [time: 5.62s, train_loss1: 49.6375, train_loss2: 0.0278, train_loss3: 0.0080, train_loss4: 0.0019]
Sun 15 Mar 2026 14:21:39 INFO  epoch 60 evaluating [time: 1.60s, valid_score: 0.358300]
Sun 15 Mar 2026 14:21:39 INFO  valid result: 
recall@1 : 0.1528    recall@2 : 0.2495    recall@3 : 0.3039    recall@4 : 0.3488    recall@5 : 0.3917    recall@10 : 0.5014    recall@20 : 0.646    recall@30 : 0.7159    recall@50 : 0.8008    ndcg@1 : 0.2324    ndcg@2 : 0.2688    ndcg@3 : 0.286    ndcg@4 : 0.302    ndcg@5 : 0.3183    ndcg@10 : 0.3583    ndcg@20 : 0.4012    ndcg@30 : 0.4201    ndcg@50 : 0.4406    precision@1 : 0.2324    precision@2 : 0.2032    precision@3 : 0.1714    precision@4 : 0.152    precision@5 : 0.1396    precision@10 : 0.0963    precision@20 : 0.064    precision@30 : 0.0489    precision@50 : 0.034    map@1 : 0.2324    map@2 : 0.2402    map@3 : 0.2438    map@4 : 0.2502    map@5 : 0.2578    map@10 : 0.276    map@20 : 0.2907    map@30 : 0.2965    map@50 : 0.3013
Sun 15 Mar 2026 14:21:39 INFO  Running E-step ! 
Sun 15 Mar 2026 14:21:45 INFO  epoch 61 training [time: 5.55s, train_loss1: 48.6601, train_loss2: 0.0276, train_loss3: 0.0080, train_loss4: 0.0020]
Sun 15 Mar 2026 14:21:46 INFO  epoch 61 evaluating [time: 1.61s, valid_score: 0.357900]
Sun 15 Mar 2026 14:21:46 INFO  valid result: 
recall@1 : 0.1532    recall@2 : 0.2508    recall@3 : 0.304    recall@4 : 0.3471    recall@5 : 0.389    recall@10 : 0.5004    recall@20 : 0.6457    recall@30 : 0.7131    recall@50 : 0.8013    ndcg@1 : 0.233    ndcg@2 : 0.2698    ndcg@3 : 0.2863    ndcg@4 : 0.3013    ndcg@5 : 0.3172    ndcg@10 : 0.3579    ndcg@20 : 0.4013    ndcg@30 : 0.4195    ndcg@50 : 0.4407    precision@1 : 0.233    precision@2 : 0.2038    precision@3 : 0.1714    precision@4 : 0.1511    precision@5 : 0.1384    precision@10 : 0.0959    precision@20 : 0.0642    precision@30 : 0.0488    precision@50 : 0.034    map@1 : 0.233    map@2 : 0.2406    map@3 : 0.2435    map@4 : 0.2497    map@5 : 0.2571    map@10 : 0.2757    map@20 : 0.2907    map@30 : 0.2962    map@50 : 0.3011
Sun 15 Mar 2026 14:21:46 INFO  Running E-step ! 
Sun 15 Mar 2026 14:21:52 INFO  epoch 62 training [time: 5.49s, train_loss1: 47.3948, train_loss2: 0.0274, train_loss3: 0.0080, train_loss4: 0.0021]
Sun 15 Mar 2026 14:21:54 INFO  epoch 62 evaluating [time: 1.60s, valid_score: 0.357400]
Sun 15 Mar 2026 14:21:54 INFO  valid result: 
recall@1 : 0.1532    recall@2 : 0.2492    recall@3 : 0.3015    recall@4 : 0.3413    recall@5 : 0.3853    recall@10 : 0.5013    recall@20 : 0.6435    recall@30 : 0.713    recall@50 : 0.8005    ndcg@1 : 0.2354    ndcg@2 : 0.2697    ndcg@3 : 0.2849    ndcg@4 : 0.2985    ndcg@5 : 0.315    ndcg@10 : 0.3574    ndcg@20 : 0.4    ndcg@30 : 0.4189    ndcg@50 : 0.4397    precision@1 : 0.2354    precision@2 : 0.2038    precision@3 : 0.1702    precision@4 : 0.1493    precision@5 : 0.1371    precision@10 : 0.0959    precision@20 : 0.064    precision@30 : 0.0489    precision@50 : 0.0339    map@1 : 0.2354    map@2 : 0.2405    map@3 : 0.2423    map@4 : 0.2476    map@5 : 0.2552    map@10 : 0.2746    map@20 : 0.2894    map@30 : 0.2951    map@50 : 0.2999
Sun 15 Mar 2026 14:21:54 INFO  Running E-step ! 
Sun 15 Mar 2026 14:21:59 INFO  epoch 63 training [time: 5.30s, train_loss1: 45.8467, train_loss2: 0.0272, train_loss3: 0.0080, train_loss4: 0.0021]
Sun 15 Mar 2026 14:22:00 INFO  epoch 63 evaluating [time: 1.60s, valid_score: 0.357000]
Sun 15 Mar 2026 14:22:00 INFO  valid result: 
recall@1 : 0.1514    recall@2 : 0.252    recall@3 : 0.3013    recall@4 : 0.3394    recall@5 : 0.3829    recall@10 : 0.5012    recall@20 : 0.6428    recall@30 : 0.713    recall@50 : 0.7974    ndcg@1 : 0.2336    ndcg@2 : 0.2714    ndcg@3 : 0.2846    ndcg@4 : 0.2977    ndcg@5 : 0.314    ndcg@10 : 0.357    ndcg@20 : 0.3995    ndcg@30 : 0.4185    ndcg@50 : 0.4387    precision@1 : 0.2336    precision@2 : 0.2062    precision@3 : 0.17    precision@4 : 0.1494    precision@5 : 0.1369    precision@10 : 0.0958    precision@20 : 0.064    precision@30 : 0.0489    precision@50 : 0.0338    map@1 : 0.2336    map@2 : 0.2414    map@3 : 0.2419    map@4 : 0.247    map@5 : 0.2545    map@10 : 0.2738    map@20 : 0.2888    map@30 : 0.2945    map@50 : 0.2992
Sun 15 Mar 2026 14:22:00 INFO  Running E-step ! 
Sun 15 Mar 2026 14:22:06 INFO  epoch 64 training [time: 5.61s, train_loss1: 45.4677, train_loss2: 0.0270, train_loss3: 0.0080, train_loss4: 0.0021]
Sun 15 Mar 2026 14:22:08 INFO  epoch 64 evaluating [time: 1.60s, valid_score: 0.358100]
Sun 15 Mar 2026 14:22:08 INFO  valid result: 
recall@1 : 0.1529    recall@2 : 0.2485    recall@3 : 0.3048    recall@4 : 0.3429    recall@5 : 0.3839    recall@10 : 0.5021    recall@20 : 0.6462    recall@30 : 0.7125    recall@50 : 0.7992    ndcg@1 : 0.2372    ndcg@2 : 0.269    ndcg@3 : 0.2869    ndcg@4 : 0.2996    ndcg@5 : 0.3152    ndcg@10 : 0.3581    ndcg@20 : 0.4011    ndcg@30 : 0.4192    ndcg@50 : 0.4399    precision@1 : 0.2372    precision@2 : 0.2023    precision@3 : 0.1716    precision@4 : 0.1505    precision@5 : 0.1379    precision@10 : 0.0959    precision@20 : 0.0643    precision@30 : 0.0489    precision@50 : 0.0338    map@1 : 0.2372    map@2 : 0.2396    map@3 : 0.2433    map@4 : 0.2481    map@5 : 0.2556    map@10 : 0.2748    map@20 : 0.2898    map@30 : 0.2954    map@50 : 0.3001
Sun 15 Mar 2026 14:22:08 INFO  Running E-step ! 
Sun 15 Mar 2026 14:22:12 INFO  epoch 65 training [time: 4.29s, train_loss1: 45.4800, train_loss2: 0.0268, train_loss3: 0.0080, train_loss4: 0.0021]
Sun 15 Mar 2026 14:22:14 INFO  epoch 65 evaluating [time: 1.60s, valid_score: 0.357500]
Sun 15 Mar 2026 14:22:14 INFO  valid result: 
recall@1 : 0.1521    recall@2 : 0.2486    recall@3 : 0.3051    recall@4 : 0.3427    recall@5 : 0.3852    recall@10 : 0.5018    recall@20 : 0.645    recall@30 : 0.7138    recall@50 : 0.7974    ndcg@1 : 0.2324    ndcg@2 : 0.2679    ndcg@3 : 0.2858    ndcg@4 : 0.2984    ndcg@5 : 0.3148    ndcg@10 : 0.3575    ndcg@20 : 0.4001    ndcg@30 : 0.4187    ndcg@50 : 0.4389    precision@1 : 0.2324    precision@2 : 0.2023    precision@3 : 0.171    precision@4 : 0.1494    precision@5 : 0.1373    precision@10 : 0.0961    precision@20 : 0.064    precision@30 : 0.0487    precision@50 : 0.0338    map@1 : 0.2324    map@2 : 0.2388    map@3 : 0.2426    map@4 : 0.2473    map@5 : 0.255    map@10 : 0.2745    map@20 : 0.2894    map@30 : 0.295    map@50 : 0.2997
Sun 15 Mar 2026 14:22:14 INFO  Finished training, best eval result in epoch 44
Sun 15 Mar 2026 14:22:14 INFO  Loading model structure and parameters from saved/SCL-Mar-15-2026_14-14-53.pth
Sun 15 Mar 2026 14:22:15 INFO  best valid : OrderedDict([('recall@1', 0.1507), ('recall@2', 0.2445), ('recall@3', 0.3028), ('recall@4', 0.3494), ('recall@5', 0.3849), ('recall@10', 0.5254), ('recall@20', 0.6546), ('recall@30', 0.7217), ('recall@50', 0.796), ('ndcg@1', 0.2354), ('ndcg@2', 0.2649), ('ndcg@3', 0.2844), ('ndcg@4', 0.3012), ('ndcg@5', 0.3144), ('ndcg@10', 0.3644), ('ndcg@20', 0.4035), ('ndcg@30', 0.4216), ('ndcg@50', 0.44), ('precision@1', 0.2354), ('precision@2', 0.1996), ('precision@3', 0.171), ('precision@4', 0.1523), ('precision@5', 0.1378), ('precision@10', 0.0985), ('precision@20', 0.0651), ('precision@30', 0.0493), ('precision@50', 0.0339), ('map@1', 0.2354), ('map@2', 0.2347), ('map@3', 0.2409), ('map@4', 0.2484), ('map@5', 0.254), ('map@10', 0.2761), ('map@20', 0.29), ('map@30', 0.2954), ('map@50', 0.2999)])
Sun 15 Mar 2026 14:22:15 INFO  test result: OrderedDict([('recall@1', 0.1726), ('recall@2', 0.2688), ('recall@3', 0.3237), ('recall@4', 0.3672), ('recall@5', 0.4041), ('recall@10', 0.5377), ('recall@20', 0.6743), ('recall@30', 0.7417), ('recall@50', 0.8207), ('ndcg@1', 0.3027), ('ndcg@2', 0.3146), ('ndcg@3', 0.3247), ('ndcg@4', 0.3361), ('ndcg@5', 0.3482), ('ndcg@10', 0.3916), ('ndcg@20', 0.4311), ('ndcg@30', 0.4488), ('ndcg@50', 0.4667), ('precision@1', 0.3027), ('precision@2', 0.2389), ('precision@3', 0.1987), ('precision@4', 0.1723), ('precision@5', 0.155), ('precision@10', 0.1054), ('precision@20', 0.0679), ('precision@30', 0.0506), ('precision@50', 0.0337), ('map@1', 0.3027), ('map@2', 0.2871), ('map@3', 0.2831), ('map@4', 0.285), ('map@5', 0.2896), ('map@10', 0.3063), ('map@20', 0.3202), ('map@30', 0.3256), ('map@50', 0.3295)])
Sun 15 Mar 2026 14:22:15 INFO  training time: 440.2173s
Sun 15 Mar 2026 14:22:15 INFO  result file: results/scl_seed2027.json
