Mon 16 Mar 2026 08:32:10 INFO  
General Hyper Parameters:
gpu_id = 0
use_gpu = True
seed = 2023
state = INFO
reproducibility = True
data_path = ./travel
checkpoint_dir = saved
show_progress = True
save_dataset = False
dataset_save_path = None
save_dataloaders = False
dataloaders_save_path = None
log_wandb = False

Training Hyper Parameters:
epochs = 1000
train_batch_size = 4096
learner = adam
learning_rate = 0.001
train_neg_sample_args = {'distribution': 'uniform', 'sample_num': 1, 'alpha': 1.0, 'dynamic': False, 'candidate_num': 0}
eval_step = 1
stopping_step = 10
clip_grad_norm = None
weight_decay = 0.0
loss_decimal_place = 4

Evaluation Hyper Parameters:
eval_args = {'split': {'RS': [0.8, 0.1, 0.1]}, 'order': 'RO', 'group_by': 'user', 'mode': {'valid': 'full', 'test': 'full'}}
repeatable = False
metrics = ['Recall', 'NDCG', 'Precision', 'MAP']
topk = [1, 2, 3, 4, 5, 10, 20, 30, 50]
valid_metric = NDCG@10
valid_metric_bigger = True
eval_batch_size = 4096
metric_decimal_place = 4

Dataset Hyper Parameters:
field_separator = 	
seq_separator =  
USER_ID_FIELD = user_id
ITEM_ID_FIELD = item_id
RATING_FIELD = rating
TIME_FIELD = timestamp
seq_len = None
LABEL_FIELD = label
threshold = None
NEG_PREFIX = neg_
load_col = {'inter': ['user_id', 'item_id', 'rating'], 'user': ['user_id', 'post_num', 'follower', 'following', 'timestamp']}
unload_col = None
unused_col = None
additional_feat_suffix = None
rm_dup_inter = None
val_interval = {'rating': '[0,inf)'}
filter_inter_by_user_or_item = True
user_inter_num_interval = [0,inf)
item_inter_num_interval = [0,inf)
alias_of_user_id = None
alias_of_item_id = None
alias_of_entity_id = None
alias_of_relation_id = None
preload_weight = None
normalize_field = None
normalize_all = None
ITEM_LIST_LENGTH_FIELD = item_length
LIST_SUFFIX = _list
MAX_ITEM_LIST_LENGTH = 50
POSITION_FIELD = position_id
HEAD_ENTITY_ID_FIELD = head_id
TAIL_ENTITY_ID_FIELD = tail_id
RELATION_ID_FIELD = relation_id
ENTITY_ID_FIELD = entity_id
benchmark_filename = None

Other Hyper Parameters: 
worker = 0
wandb_project = recbole
shuffle = True
require_pow = False
enable_amp = False
enable_scaler = False
transform = None
numerical_features = []
discretization = None
kg_reverse_r = False
entity_kg_num_interval = [0,inf)
relation_kg_num_interval = [0,inf)
MODEL_TYPE = ModelType.GENERAL
stoping_step = 10
embedding_size = 64
n_layers = 3
reg_weight = 0.0001
smt_latent_dim = 64
ssl_temp = 0.1
ssl_reg = 1e-07
hyper_layers = 1
alpha = 1
potential_reg = 0.0
semantic_reg = 8e-08
num_clusters = 10
m_step = 1
warm_up_step = 20
user_feature_path = features/roberta_user.npy
item_feature_path = features/roberta_item.npy
MODEL_INPUT_TYPE = InputType.PAIRWISE
eval_type = EvaluatorType.RANKING
single_spec = True
local_rank = 0
device = cuda
valid_neg_sample_args = {'distribution': 'uniform', 'sample_num': 'none'}
test_neg_sample_args = {'distribution': 'uniform', 'sample_num': 'none'}


Mon 16 Mar 2026 08:32:11 INFO  travel
The number of users: 2010
Average actions of users: 18.721254355400696
The number of items: 247
Average actions of items: 152.890243902439
The number of inters: 37611
The sparsity of the dataset: 92.42431566862047%
Remain Fields: ['user_id', 'item_id', 'rating', 'post_num', 'follower', 'following', 'timestamp']
Mon 16 Mar 2026 08:32:11 INFO  [Training]: train_batch_size = [4096] train_neg_sample_args: [{'distribution': 'uniform', 'sample_num': 1, 'alpha': 1.0, 'dynamic': False, 'candidate_num': 0}]
Mon 16 Mar 2026 08:32:11 INFO  [Evaluation]: eval_batch_size = [4096] eval_args: [{'split': {'RS': [0.8, 0.1, 0.1]}, 'order': 'RO', 'group_by': 'user', 'mode': {'valid': 'full', 'test': 'full'}}]
Mon 16 Mar 2026 08:32:11 INFO  SCL(
  (u_MLP): Linear(in_features=1024, out_features=64, bias=True)
  (i_MLP): Linear(in_features=1024, out_features=64, bias=True)
  (user_embedding): Embedding(2010, 64)
  (item_embedding): Embedding(247, 64)
  (mf_loss): BPRLoss()
  (reg_loss): EmbLoss()
)
Trainable parameters: 144448
Mon 16 Mar 2026 08:32:11 INFO  trainable parameters: 144448
Mon 16 Mar 2026 08:32:12 INFO  Running E-step ! 
Mon 16 Mar 2026 08:32:13 INFO  epoch 0 training [time: 0.50s, train_loss1: 5.5428, train_loss2: 0.0198, train_loss3: 0.0115]
Mon 16 Mar 2026 08:32:13 INFO  epoch 0 evaluating [time: 0.19s, valid_score: 0.029500]
Mon 16 Mar 2026 08:32:13 INFO  valid result: 
recall@1 : 0.0064    recall@2 : 0.0107    recall@3 : 0.0145    recall@4 : 0.0222    recall@5 : 0.0277    recall@10 : 0.0528    recall@20 : 0.0936    recall@30 : 0.1415    recall@50 : 0.2198    ndcg@1 : 0.0125    ndcg@2 : 0.0135    ndcg@3 : 0.0149    ndcg@4 : 0.0183    ndcg@5 : 0.0202    ndcg@10 : 0.0295    ndcg@20 : 0.0416    ndcg@30 : 0.0538    ndcg@50 : 0.0718    precision@1 : 0.0125    precision@2 : 0.0107    precision@3 : 0.0099    precision@4 : 0.0116    precision@5 : 0.0113    precision@10 : 0.0117    precision@20 : 0.0107    precision@30 : 0.0106    precision@50 : 0.0101    map@1 : 0.0125    map@2 : 0.0113    map@3 : 0.0115    map@4 : 0.0128    map@5 : 0.0134    map@10 : 0.0165    map@20 : 0.0194    map@30 : 0.0216    map@50 : 0.0242
Mon 16 Mar 2026 08:32:13 INFO  Saving current: saved/SCL-Mar-16-2026_08-32-11.pth
Mon 16 Mar 2026 08:32:13 INFO  Saving current best: saved/SCL-Mar-16-2026_08-32-11.pth
Mon 16 Mar 2026 08:32:13 INFO  Running E-step ! 
Mon 16 Mar 2026 08:32:13 INFO  epoch 1 training [time: 0.18s, train_loss1: 5.5426, train_loss2: 0.0148, train_loss3: 0.0114]
Mon 16 Mar 2026 08:32:13 INFO  epoch 1 evaluating [time: 0.15s, valid_score: 0.028900]
Mon 16 Mar 2026 08:32:13 INFO  valid result: 
recall@1 : 0.0058    recall@2 : 0.0132    recall@3 : 0.016    recall@4 : 0.0233    recall@5 : 0.027    recall@10 : 0.0508    recall@20 : 0.0952    recall@30 : 0.1402    recall@50 : 0.2197    ndcg@1 : 0.0095    ndcg@2 : 0.0141    ndcg@3 : 0.0154    ndcg@4 : 0.0186    ndcg@5 : 0.0199    ndcg@10 : 0.0289    ndcg@20 : 0.0422    ndcg@30 : 0.0536    ndcg@50 : 0.072    precision@1 : 0.0095    precision@2 : 0.0116    precision@3 : 0.0109    precision@4 : 0.0119    precision@5 : 0.0111    precision@10 : 0.0111    precision@20 : 0.0108    precision@30 : 0.0104    precision@50 : 0.0101    map@1 : 0.0095    map@2 : 0.0116    map@3 : 0.0118    map@4 : 0.013    map@5 : 0.0135    map@10 : 0.0166    map@20 : 0.0198    map@30 : 0.0218    map@50 : 0.0246
Mon 16 Mar 2026 08:32:13 INFO  Running E-step ! 
Mon 16 Mar 2026 08:32:14 INFO  epoch 2 training [time: 0.18s, train_loss1: 5.5420, train_loss2: 0.0127, train_loss3: 0.0113]
Mon 16 Mar 2026 08:32:14 INFO  epoch 2 evaluating [time: 0.15s, valid_score: 0.030600]
Mon 16 Mar 2026 08:32:14 INFO  valid result: 
recall@1 : 0.0073    recall@2 : 0.0133    recall@3 : 0.019    recall@4 : 0.0232    recall@5 : 0.0289    recall@10 : 0.0533    recall@20 : 0.0979    recall@30 : 0.1395    recall@50 : 0.222    ndcg@1 : 0.0107    ndcg@2 : 0.0153    ndcg@3 : 0.0181    ndcg@4 : 0.0196    ndcg@5 : 0.0217    ndcg@10 : 0.0306    ndcg@20 : 0.044    ndcg@30 : 0.0546    ndcg@50 : 0.0736    precision@1 : 0.0107    precision@2 : 0.0125    precision@3 : 0.0129    precision@4 : 0.0121    precision@5 : 0.0118    precision@10 : 0.0115    precision@20 : 0.0111    precision@30 : 0.0103    precision@50 : 0.0102    map@1 : 0.0107    map@2 : 0.013    map@3 : 0.0139    map@4 : 0.0143    map@5 : 0.0151    map@10 : 0.018    map@20 : 0.0212    map@30 : 0.0231    map@50 : 0.0259
Mon 16 Mar 2026 08:32:14 INFO  Saving current: saved/SCL-Mar-16-2026_08-32-11.pth
Mon 16 Mar 2026 08:32:14 INFO  Saving current best: saved/SCL-Mar-16-2026_08-32-11.pth
Mon 16 Mar 2026 08:32:14 INFO  Running E-step ! 
Mon 16 Mar 2026 08:32:14 INFO  epoch 3 training [time: 0.18s, train_loss1: 5.5415, train_loss2: 0.0111, train_loss3: 0.0112]
Mon 16 Mar 2026 08:32:14 INFO  epoch 3 evaluating [time: 0.15s, valid_score: 0.032100]
Mon 16 Mar 2026 08:32:14 INFO  valid result: 
recall@1 : 0.0074    recall@2 : 0.0139    recall@3 : 0.0209    recall@4 : 0.0255    recall@5 : 0.0304    recall@10 : 0.0556    recall@20 : 0.097    recall@30 : 0.1409    recall@50 : 0.226    ndcg@1 : 0.0113    ndcg@2 : 0.0162    ndcg@3 : 0.0194    ndcg@4 : 0.0212    ndcg@5 : 0.0231    ndcg@10 : 0.0321    ndcg@20 : 0.0445    ndcg@30 : 0.0557    ndcg@50 : 0.0754    precision@1 : 0.0113    precision@2 : 0.0137    precision@3 : 0.0139    precision@4 : 0.0133    precision@5 : 0.013    precision@10 : 0.012    precision@20 : 0.0111    precision@30 : 0.0105    precision@50 : 0.0105    map@1 : 0.0113    map@2 : 0.0136    map@3 : 0.0147    map@4 : 0.0152    map@5 : 0.0159    map@10 : 0.0189    map@20 : 0.0218    map@30 : 0.0239    map@50 : 0.0267
Mon 16 Mar 2026 08:32:14 INFO  Saving current: saved/SCL-Mar-16-2026_08-32-11.pth
Mon 16 Mar 2026 08:32:14 INFO  Saving current best: saved/SCL-Mar-16-2026_08-32-11.pth
Mon 16 Mar 2026 08:32:14 INFO  Running E-step ! 
Mon 16 Mar 2026 08:32:14 INFO  epoch 4 training [time: 0.18s, train_loss1: 5.5408, train_loss2: 0.0097, train_loss3: 0.0111]
Mon 16 Mar 2026 08:32:15 INFO  epoch 4 evaluating [time: 0.15s, valid_score: 0.034100]
Mon 16 Mar 2026 08:32:15 INFO  valid result: 
recall@1 : 0.0082    recall@2 : 0.0157    recall@3 : 0.0216    recall@4 : 0.0263    recall@5 : 0.0329    recall@10 : 0.0582    recall@20 : 0.1017    recall@30 : 0.1427    recall@50 : 0.2252    ndcg@1 : 0.0143    ndcg@2 : 0.0183    ndcg@3 : 0.0206    ndcg@4 : 0.0225    ndcg@5 : 0.0248    ndcg@10 : 0.0341    ndcg@20 : 0.047    ndcg@30 : 0.0575    ndcg@50 : 0.0767    precision@1 : 0.0143    precision@2 : 0.0152    precision@3 : 0.0143    precision@4 : 0.0137    precision@5 : 0.0132    precision@10 : 0.0126    precision@20 : 0.0114    precision@30 : 0.0106    precision@50 : 0.0105    map@1 : 0.0143    map@2 : 0.0153    map@3 : 0.0158    map@4 : 0.0164    map@5 : 0.0173    map@10 : 0.0202    map@20 : 0.0233    map@30 : 0.0252    map@50 : 0.028
Mon 16 Mar 2026 08:32:15 INFO  Saving current: saved/SCL-Mar-16-2026_08-32-11.pth
Mon 16 Mar 2026 08:32:15 INFO  Saving current best: saved/SCL-Mar-16-2026_08-32-11.pth
Mon 16 Mar 2026 08:32:15 INFO  Running E-step ! 
Mon 16 Mar 2026 08:32:15 INFO  epoch 5 training [time: 0.18s, train_loss1: 5.5399, train_loss2: 0.0086, train_loss3: 0.0111]
Mon 16 Mar 2026 08:32:15 INFO  epoch 5 evaluating [time: 0.15s, valid_score: 0.035700]
Mon 16 Mar 2026 08:32:15 INFO  valid result: 
recall@1 : 0.0089    recall@2 : 0.0169    recall@3 : 0.0227    recall@4 : 0.0281    recall@5 : 0.0331    recall@10 : 0.0603    recall@20 : 0.1052    recall@30 : 0.1436    recall@50 : 0.2269    ndcg@1 : 0.0161    ndcg@2 : 0.0195    ndcg@3 : 0.0217    ndcg@4 : 0.0239    ndcg@5 : 0.0257    ndcg@10 : 0.0357    ndcg@20 : 0.0488    ndcg@30 : 0.0589    ndcg@50 : 0.0782    precision@1 : 0.0161    precision@2 : 0.0158    precision@3 : 0.0147    precision@4 : 0.0143    precision@5 : 0.0136    precision@10 : 0.0133    precision@20 : 0.0115    precision@30 : 0.0108    precision@50 : 0.0105    map@1 : 0.0161    map@2 : 0.0164    map@3 : 0.0169    map@4 : 0.0174    map@5 : 0.018    map@10 : 0.0213    map@20 : 0.0245    map@30 : 0.0264    map@50 : 0.0291
Mon 16 Mar 2026 08:32:15 INFO  Saving current: saved/SCL-Mar-16-2026_08-32-11.pth
Mon 16 Mar 2026 08:32:15 INFO  Saving current best: saved/SCL-Mar-16-2026_08-32-11.pth
Mon 16 Mar 2026 08:32:15 INFO  Running E-step ! 
Mon 16 Mar 2026 08:32:15 INFO  epoch 6 training [time: 0.18s, train_loss1: 5.5390, train_loss2: 0.0077, train_loss3: 0.0110]
Mon 16 Mar 2026 08:32:15 INFO  epoch 6 evaluating [time: 0.14s, valid_score: 0.038400]
Mon 16 Mar 2026 08:32:15 INFO  valid result: 
recall@1 : 0.0085    recall@2 : 0.017    recall@3 : 0.0239    recall@4 : 0.0316    recall@5 : 0.0354    recall@10 : 0.0673    recall@20 : 0.1062    recall@30 : 0.1486    recall@50 : 0.2327    ndcg@1 : 0.0167    ndcg@2 : 0.02    ndcg@3 : 0.0227    ndcg@4 : 0.0256    ndcg@5 : 0.027    ndcg@10 : 0.0384    ndcg@20 : 0.0502    ndcg@30 : 0.0613    ndcg@50 : 0.0807    precision@1 : 0.0167    precision@2 : 0.0164    precision@3 : 0.0157    precision@4 : 0.0155    precision@5 : 0.0144    precision@10 : 0.0141    precision@20 : 0.0118    precision@30 : 0.0113    precision@50 : 0.0108    map@1 : 0.0167    map@2 : 0.0168    map@3 : 0.0175    map@4 : 0.0184    map@5 : 0.0188    map@10 : 0.0225    map@20 : 0.0254    map@30 : 0.0275    map@50 : 0.0302
Mon 16 Mar 2026 08:32:15 INFO  Saving current: saved/SCL-Mar-16-2026_08-32-11.pth
Mon 16 Mar 2026 08:32:15 INFO  Saving current best: saved/SCL-Mar-16-2026_08-32-11.pth
Mon 16 Mar 2026 08:32:15 INFO  Running E-step ! 
Mon 16 Mar 2026 08:32:15 INFO  epoch 7 training [time: 0.18s, train_loss1: 5.5378, train_loss2: 0.0070, train_loss3: 0.0109]
Mon 16 Mar 2026 08:32:16 INFO  epoch 7 evaluating [time: 0.15s, valid_score: 0.040700]
Mon 16 Mar 2026 08:32:16 INFO  valid result: 
recall@1 : 0.009    recall@2 : 0.019    recall@3 : 0.0255    recall@4 : 0.0334    recall@5 : 0.0384    recall@10 : 0.0698    recall@20 : 0.1121    recall@30 : 0.1522    recall@50 : 0.241    ndcg@1 : 0.0185    ndcg@2 : 0.0223    ndcg@3 : 0.0243    ndcg@4 : 0.0275    ndcg@5 : 0.0293    ndcg@10 : 0.0407    ndcg@20 : 0.0533    ndcg@30 : 0.064    ndcg@50 : 0.0847    precision@1 : 0.0185    precision@2 : 0.0185    precision@3 : 0.0165    precision@4 : 0.0167    precision@5 : 0.0156    precision@10 : 0.0148    precision@20 : 0.0125    precision@30 : 0.0117    precision@50 : 0.0114    map@1 : 0.0185    map@2 : 0.0188    map@3 : 0.0188    map@4 : 0.0198    map@5 : 0.0203    map@10 : 0.0241    map@20 : 0.0272    map@30 : 0.0292    map@50 : 0.0322
Mon 16 Mar 2026 08:32:16 INFO  Saving current: saved/SCL-Mar-16-2026_08-32-11.pth
Mon 16 Mar 2026 08:32:16 INFO  Saving current best: saved/SCL-Mar-16-2026_08-32-11.pth
Mon 16 Mar 2026 08:32:16 INFO  Running E-step ! 
Mon 16 Mar 2026 08:32:16 INFO  epoch 8 training [time: 0.18s, train_loss1: 5.5365, train_loss2: 0.0064, train_loss3: 0.0109]
Mon 16 Mar 2026 08:32:16 INFO  epoch 8 evaluating [time: 0.15s, valid_score: 0.044700]
Mon 16 Mar 2026 08:32:16 INFO  valid result: 
recall@1 : 0.0114    recall@2 : 0.0223    recall@3 : 0.0287    recall@4 : 0.0379    recall@5 : 0.0423    recall@10 : 0.0744    recall@20 : 0.1198    recall@30 : 0.1644    recall@50 : 0.2535    ndcg@1 : 0.0221    ndcg@2 : 0.0256    ndcg@3 : 0.0278    ndcg@4 : 0.0316    ndcg@5 : 0.0331    ndcg@10 : 0.0447    ndcg@20 : 0.0585    ndcg@30 : 0.07    ndcg@50 : 0.0908    precision@1 : 0.0221    precision@2 : 0.0206    precision@3 : 0.0185    precision@4 : 0.0186    precision@5 : 0.0172    precision@10 : 0.016    precision@20 : 0.0137    precision@30 : 0.0125    precision@50 : 0.012    map@1 : 0.0221    map@2 : 0.0219    map@3 : 0.0219    map@4 : 0.0232    map@5 : 0.0236    map@10 : 0.0273    map@20 : 0.0307    map@30 : 0.0328    map@50 : 0.0359
Mon 16 Mar 2026 08:32:16 INFO  Saving current: saved/SCL-Mar-16-2026_08-32-11.pth
Mon 16 Mar 2026 08:32:16 INFO  Saving current best: saved/SCL-Mar-16-2026_08-32-11.pth
Mon 16 Mar 2026 08:32:16 INFO  Running E-step ! 
Mon 16 Mar 2026 08:32:16 INFO  epoch 9 training [time: 0.18s, train_loss1: 5.5348, train_loss2: 0.0061, train_loss3: 0.0108]
Mon 16 Mar 2026 08:32:16 INFO  epoch 9 evaluating [time: 0.15s, valid_score: 0.048500]
Mon 16 Mar 2026 08:32:16 INFO  valid result: 
recall@1 : 0.0134    recall@2 : 0.0253    recall@3 : 0.0349    recall@4 : 0.0414    recall@5 : 0.0487    recall@10 : 0.0771    recall@20 : 0.1312    recall@30 : 0.1736    recall@50 : 0.2647    ndcg@1 : 0.025    ndcg@2 : 0.0294    ndcg@3 : 0.0333    ndcg@4 : 0.0358    ndcg@5 : 0.0383    ndcg@10 : 0.0485    ndcg@20 : 0.0648    ndcg@30 : 0.0761    ndcg@50 : 0.0973    precision@1 : 0.025    precision@2 : 0.0235    precision@3 : 0.0226    precision@4 : 0.0215    precision@5 : 0.0201    precision@10 : 0.0169    precision@20 : 0.0149    precision@30 : 0.0135    precision@50 : 0.0126    map@1 : 0.025    map@2 : 0.0252    map@3 : 0.0261    map@4 : 0.0265    map@5 : 0.0273    map@10 : 0.0305    map@20 : 0.0346    map@30 : 0.0368    map@50 : 0.04
Mon 16 Mar 2026 08:32:16 INFO  Saving current: saved/SCL-Mar-16-2026_08-32-11.pth
Mon 16 Mar 2026 08:32:16 INFO  Saving current best: saved/SCL-Mar-16-2026_08-32-11.pth
Mon 16 Mar 2026 08:32:16 INFO  Running E-step ! 
Mon 16 Mar 2026 08:32:16 INFO  epoch 10 training [time: 0.18s, train_loss1: 5.5329, train_loss2: 0.0058, train_loss3: 0.0108]
Mon 16 Mar 2026 08:32:17 INFO  epoch 10 evaluating [time: 0.14s, valid_score: 0.055700]
Mon 16 Mar 2026 08:32:17 INFO  valid result: 
recall@1 : 0.0179    recall@2 : 0.0269    recall@3 : 0.0374    recall@4 : 0.0454    recall@5 : 0.0531    recall@10 : 0.0872    recall@20 : 0.1429    recall@30 : 0.19    recall@50 : 0.2787    ndcg@1 : 0.0316    ndcg@2 : 0.0341    ndcg@3 : 0.0379    ndcg@4 : 0.0407    ndcg@5 : 0.0434    ndcg@10 : 0.0557    ndcg@20 : 0.0725    ndcg@30 : 0.0848    ndcg@50 : 0.1058    precision@1 : 0.0316    precision@2 : 0.0271    precision@3 : 0.0256    precision@4 : 0.0237    precision@5 : 0.0225    precision@10 : 0.0196    precision@20 : 0.0165    precision@30 : 0.0147    precision@50 : 0.0135    map@1 : 0.0316    map@2 : 0.0295    map@3 : 0.03    map@4 : 0.0308    map@5 : 0.0315    map@10 : 0.0353    map@20 : 0.0396    map@30 : 0.042    map@50 : 0.0453
Mon 16 Mar 2026 08:32:17 INFO  Saving current: saved/SCL-Mar-16-2026_08-32-11.pth
Mon 16 Mar 2026 08:32:17 INFO  Saving current best: saved/SCL-Mar-16-2026_08-32-11.pth
Mon 16 Mar 2026 08:32:17 INFO  Running E-step ! 
Mon 16 Mar 2026 08:32:17 INFO  epoch 11 training [time: 0.18s, train_loss1: 5.5306, train_loss2: 0.0057, train_loss3: 0.0107]
Mon 16 Mar 2026 08:32:17 INFO  epoch 11 evaluating [time: 0.15s, valid_score: 0.064900]
Mon 16 Mar 2026 08:32:17 INFO  valid result: 
recall@1 : 0.0209    recall@2 : 0.0316    recall@3 : 0.0435    recall@4 : 0.0532    recall@5 : 0.0591    recall@10 : 0.1006    recall@20 : 0.1567    recall@30 : 0.2047    recall@50 : 0.2964    ndcg@1 : 0.0387    ndcg@2 : 0.041    ndcg@3 : 0.0446    ndcg@4 : 0.0479    ndcg@5 : 0.0496    ndcg@10 : 0.0649    ndcg@20 : 0.0816    ndcg@30 : 0.0945    ndcg@50 : 0.116    precision@1 : 0.0387    precision@2 : 0.0331    precision@3 : 0.0302    precision@4 : 0.028    precision@5 : 0.0254    precision@10 : 0.0228    precision@20 : 0.0181    precision@30 : 0.0162    precision@50 : 0.0144    map@1 : 0.0387    map@2 : 0.0349    map@3 : 0.0354    map@4 : 0.0361    map@5 : 0.0363    map@10 : 0.0413    map@20 : 0.0456    map@30 : 0.0482    map@50 : 0.0517
Mon 16 Mar 2026 08:32:17 INFO  Saving current: saved/SCL-Mar-16-2026_08-32-11.pth
Mon 16 Mar 2026 08:32:17 INFO  Saving current best: saved/SCL-Mar-16-2026_08-32-11.pth
Mon 16 Mar 2026 08:32:17 INFO  Running E-step ! 
Mon 16 Mar 2026 08:32:17 INFO  epoch 12 training [time: 0.17s, train_loss1: 5.5274, train_loss2: 0.0057, train_loss3: 0.0107]
Mon 16 Mar 2026 08:32:17 INFO  epoch 12 evaluating [time: 0.15s, valid_score: 0.075500]
Mon 16 Mar 2026 08:32:17 INFO  valid result: 
recall@1 : 0.0242    recall@2 : 0.0378    recall@3 : 0.051    recall@4 : 0.0655    recall@5 : 0.0749    recall@10 : 0.1149    recall@20 : 0.1788    recall@30 : 0.2305    recall@50 : 0.3266    ndcg@1 : 0.0477    ndcg@2 : 0.0487    ndcg@3 : 0.0529    ndcg@4 : 0.0581    ndcg@5 : 0.0612    ndcg@10 : 0.0755    ndcg@20 : 0.0948    ndcg@30 : 0.1087    ndcg@50 : 0.1311    precision@1 : 0.0477    precision@2 : 0.0393    precision@3 : 0.0366    precision@4 : 0.0347    precision@5 : 0.0321    precision@10 : 0.0258    precision@20 : 0.0207    precision@30 : 0.0183    precision@50 : 0.0158    map@1 : 0.0477    map@2 : 0.0414    map@3 : 0.0417    map@4 : 0.0433    map@5 : 0.044    map@10 : 0.0488    map@20 : 0.0538    map@30 : 0.0568    map@50 : 0.0605
Mon 16 Mar 2026 08:32:17 INFO  Saving current: saved/SCL-Mar-16-2026_08-32-11.pth
Mon 16 Mar 2026 08:32:17 INFO  Saving current best: saved/SCL-Mar-16-2026_08-32-11.pth
Mon 16 Mar 2026 08:32:17 INFO  Running E-step ! 
Mon 16 Mar 2026 08:32:17 INFO  epoch 13 training [time: 0.18s, train_loss1: 5.5236, train_loss2: 0.0061, train_loss3: 0.0107]
Mon 16 Mar 2026 08:32:18 INFO  epoch 13 evaluating [time: 0.15s, valid_score: 0.090300]
Mon 16 Mar 2026 08:32:18 INFO  valid result: 
recall@1 : 0.0279    recall@2 : 0.0466    recall@3 : 0.0606    recall@4 : 0.0766    recall@5 : 0.0876    recall@10 : 0.1385    recall@20 : 0.2037    recall@30 : 0.2575    recall@50 : 0.3601    ndcg@1 : 0.0554    ndcg@2 : 0.0601    ndcg@3 : 0.0631    ndcg@4 : 0.0683    ndcg@5 : 0.0724    ndcg@10 : 0.0903    ndcg@20 : 0.1104    ndcg@30 : 0.1248    ndcg@50 : 0.1486    precision@1 : 0.0554    precision@2 : 0.0504    precision@3 : 0.0441    precision@4 : 0.0407    precision@5 : 0.0384    precision@10 : 0.031    precision@20 : 0.0241    precision@30 : 0.0206    precision@50 : 0.0174    map@1 : 0.0554    map@2 : 0.051    map@3 : 0.0496    map@4 : 0.051    map@5 : 0.052    map@10 : 0.0585    map@20 : 0.064    map@30 : 0.0672    map@50 : 0.0713
Mon 16 Mar 2026 08:32:18 INFO  Saving current: saved/SCL-Mar-16-2026_08-32-11.pth
Mon 16 Mar 2026 08:32:18 INFO  Saving current best: saved/SCL-Mar-16-2026_08-32-11.pth
Mon 16 Mar 2026 08:32:18 INFO  Running E-step ! 
Mon 16 Mar 2026 08:32:18 INFO  epoch 14 training [time: 0.18s, train_loss1: 5.5186, train_loss2: 0.0067, train_loss3: 0.0106]
Mon 16 Mar 2026 08:32:18 INFO  epoch 14 evaluating [time: 0.15s, valid_score: 0.105900]
Mon 16 Mar 2026 08:32:18 INFO  valid result: 
recall@1 : 0.0304    recall@2 : 0.0524    recall@3 : 0.0763    recall@4 : 0.0934    recall@5 : 0.1069    recall@10 : 0.1627    recall@20 : 0.2408    recall@30 : 0.2986    recall@50 : 0.3991    ndcg@1 : 0.0626    ndcg@2 : 0.0669    ndcg@3 : 0.0753    ndcg@4 : 0.081    ndcg@5 : 0.0857    ndcg@10 : 0.1059    ndcg@20 : 0.1295    ndcg@30 : 0.1449    ndcg@50 : 0.1683    precision@1 : 0.0626    precision@2 : 0.056    precision@3 : 0.0538    precision@4 : 0.0495    precision@5 : 0.046    precision@10 : 0.0371    precision@20 : 0.0285    precision@30 : 0.0239    precision@50 : 0.0192    map@1 : 0.0626    map@2 : 0.0568    map@3 : 0.0581    map@4 : 0.0596    map@5 : 0.061    map@10 : 0.0687    map@20 : 0.0753    map@30 : 0.0789    map@50 : 0.0832
Mon 16 Mar 2026 08:32:18 INFO  Saving current: saved/SCL-Mar-16-2026_08-32-11.pth
Mon 16 Mar 2026 08:32:18 INFO  Saving current best: saved/SCL-Mar-16-2026_08-32-11.pth
Mon 16 Mar 2026 08:32:18 INFO  Running E-step ! 
Mon 16 Mar 2026 08:32:18 INFO  epoch 15 training [time: 0.18s, train_loss1: 5.5117, train_loss2: 0.0079, train_loss3: 0.0106]
Mon 16 Mar 2026 08:32:18 INFO  epoch 15 evaluating [time: 0.15s, valid_score: 0.129700]
Mon 16 Mar 2026 08:32:18 INFO  valid result: 
recall@1 : 0.0405    recall@2 : 0.0704    recall@3 : 0.094    recall@4 : 0.1113    recall@5 : 0.1275    recall@10 : 0.1954    recall@20 : 0.2873    recall@30 : 0.3561    recall@50 : 0.4521    ndcg@1 : 0.0787    ndcg@2 : 0.0867    ndcg@3 : 0.0942    ndcg@4 : 0.0999    ndcg@5 : 0.1054    ndcg@10 : 0.1297    ndcg@20 : 0.158    ndcg@30 : 0.176    ndcg@50 : 0.1983    precision@1 : 0.0787    precision@2 : 0.0715    precision@3 : 0.066    precision@4 : 0.0603    precision@5 : 0.0559    precision@10 : 0.0442    precision@20 : 0.0339    precision@30 : 0.028    precision@50 : 0.0215    map@1 : 0.0787    map@2 : 0.0743    map@3 : 0.0744    map@4 : 0.0758    map@5 : 0.0774    map@10 : 0.0868    map@20 : 0.0954    map@30 : 0.0998    map@50 : 0.104
Mon 16 Mar 2026 08:32:18 INFO  Saving current: saved/SCL-Mar-16-2026_08-32-11.pth
Mon 16 Mar 2026 08:32:18 INFO  Saving current best: saved/SCL-Mar-16-2026_08-32-11.pth
Mon 16 Mar 2026 08:32:18 INFO  Running E-step ! 
Mon 16 Mar 2026 08:32:19 INFO  epoch 16 training [time: 0.18s, train_loss1: 5.5018, train_loss2: 0.0098, train_loss3: 0.0106]
Mon 16 Mar 2026 08:32:19 INFO  epoch 16 evaluating [time: 0.15s, valid_score: 0.155100]
Mon 16 Mar 2026 08:32:19 INFO  valid result: 
recall@1 : 0.0463    recall@2 : 0.0838    recall@3 : 0.1106    recall@4 : 0.1361    recall@5 : 0.1537    recall@10 : 0.235    recall@20 : 0.3484    recall@30 : 0.4186    recall@50 : 0.5113    ndcg@1 : 0.0924    ndcg@2 : 0.1036    ndcg@3 : 0.1105    ndcg@4 : 0.1194    ndcg@5 : 0.1256    ndcg@10 : 0.1551    ndcg@20 : 0.1895    ndcg@30 : 0.2082    ndcg@50 : 0.2299    precision@1 : 0.0924    precision@2 : 0.087    precision@3 : 0.0773    precision@4 : 0.072    precision@5 : 0.0669    precision@10 : 0.0535    precision@20 : 0.0402    precision@30 : 0.0327    precision@50 : 0.0242    map@1 : 0.0924    map@2 : 0.0889    map@3 : 0.0879    map@4 : 0.0908    map@5 : 0.0928    map@10 : 0.1043    map@20 : 0.1152    map@30 : 0.1201    map@50 : 0.1244
Mon 16 Mar 2026 08:32:19 INFO  Saving current: saved/SCL-Mar-16-2026_08-32-11.pth
Mon 16 Mar 2026 08:32:19 INFO  Saving current best: saved/SCL-Mar-16-2026_08-32-11.pth
Mon 16 Mar 2026 08:32:19 INFO  Running E-step ! 
Mon 16 Mar 2026 08:32:19 INFO  epoch 17 training [time: 0.18s, train_loss1: 5.4871, train_loss2: 0.0129, train_loss3: 0.0106]
Mon 16 Mar 2026 08:32:19 INFO  epoch 17 evaluating [time: 0.15s, valid_score: 0.193300]
Mon 16 Mar 2026 08:32:19 INFO  valid result: 
recall@1 : 0.0567    recall@2 : 0.101    recall@3 : 0.1323    recall@4 : 0.1588    recall@5 : 0.1884    recall@10 : 0.3024    recall@20 : 0.4182    recall@30 : 0.4917    recall@50 : 0.5839    ndcg@1 : 0.1174    ndcg@2 : 0.1243    ndcg@3 : 0.1326    ndcg@4 : 0.1414    ndcg@5 : 0.1525    ndcg@10 : 0.1933    ndcg@20 : 0.2283    ndcg@30 : 0.2479    ndcg@50 : 0.2694    precision@1 : 0.1174    precision@2 : 0.1025    precision@3 : 0.092    precision@4 : 0.084    precision@5 : 0.0803    precision@10 : 0.0665    precision@20 : 0.0474    precision@30 : 0.0377    precision@50 : 0.027    map@1 : 0.1174    map@2 : 0.1059    map@3 : 0.105    map@4 : 0.1081    map@5 : 0.1125    map@10 : 0.1292    map@20 : 0.1407    map@30 : 0.1462    map@50 : 0.1507
Mon 16 Mar 2026 08:32:19 INFO  Saving current: saved/SCL-Mar-16-2026_08-32-11.pth
Mon 16 Mar 2026 08:32:19 INFO  Saving current best: saved/SCL-Mar-16-2026_08-32-11.pth
Mon 16 Mar 2026 08:32:19 INFO  Running E-step ! 
Mon 16 Mar 2026 08:32:19 INFO  epoch 18 training [time: 0.18s, train_loss1: 5.4627, train_loss2: 0.0177, train_loss3: 0.0105]
Mon 16 Mar 2026 08:32:19 INFO  epoch 18 evaluating [time: 0.15s, valid_score: 0.232300]
Mon 16 Mar 2026 08:32:19 INFO  valid result: 
recall@1 : 0.0701    recall@2 : 0.1226    recall@3 : 0.1616    recall@4 : 0.1947    recall@5 : 0.2332    recall@10 : 0.3643    recall@20 : 0.504    recall@30 : 0.5755    recall@50 : 0.6637    ndcg@1 : 0.1383    ndcg@2 : 0.1488    ndcg@3 : 0.1595    ndcg@4 : 0.1706    ndcg@5 : 0.1853    ndcg@10 : 0.2323    ndcg@20 : 0.2741    ndcg@30 : 0.2932    ndcg@50 : 0.3136    precision@1 : 0.1383    precision@2 : 0.121    precision@3 : 0.1075    precision@4 : 0.0991    precision@5 : 0.0957    precision@10 : 0.0769    precision@20 : 0.0547    precision@30 : 0.0426    precision@50 : 0.0298    map@1 : 0.1383    map@2 : 0.1286    map@3 : 0.1283    map@4 : 0.1319    map@5 : 0.1381    map@10 : 0.1582    map@20 : 0.1724    map@30 : 0.1779    map@50 : 0.1822
Mon 16 Mar 2026 08:32:19 INFO  Saving current: saved/SCL-Mar-16-2026_08-32-11.pth
Mon 16 Mar 2026 08:32:19 INFO  Saving current best: saved/SCL-Mar-16-2026_08-32-11.pth
Mon 16 Mar 2026 08:32:19 INFO  Running E-step ! 
Mon 16 Mar 2026 08:32:20 INFO  epoch 19 training [time: 0.18s, train_loss1: 5.4151, train_loss2: 0.0252, train_loss3: 0.0105]
Mon 16 Mar 2026 08:32:20 INFO  epoch 19 evaluating [time: 0.15s, valid_score: 0.274700]
Mon 16 Mar 2026 08:32:20 INFO  valid result: 
recall@1 : 0.0894    recall@2 : 0.1461    recall@3 : 0.2035    recall@4 : 0.2525    recall@5 : 0.2877    recall@10 : 0.4334    recall@20 : 0.5792    recall@30 : 0.6465    recall@50 : 0.7174    ndcg@1 : 0.1645    ndcg@2 : 0.1735    ndcg@3 : 0.1931    ndcg@4 : 0.2111    ndcg@5 : 0.2236    ndcg@10 : 0.2747    ndcg@20 : 0.3188    ndcg@30 : 0.3373    ndcg@50 : 0.3545    precision@1 : 0.1645    precision@2 : 0.1374    precision@3 : 0.1255    precision@4 : 0.1171    precision@5 : 0.1079    precision@10 : 0.0836    precision@20 : 0.059    precision@30 : 0.0456    precision@50 : 0.0312    map@1 : 0.1645    map@2 : 0.1511    map@3 : 0.1565    map@4 : 0.1638    map@5 : 0.169    map@10 : 0.1904    map@20 : 0.2057    map@30 : 0.2112    map@50 : 0.2152
Mon 16 Mar 2026 08:32:20 INFO  Saving current: saved/SCL-Mar-16-2026_08-32-11.pth
Mon 16 Mar 2026 08:32:20 INFO  Saving current best: saved/SCL-Mar-16-2026_08-32-11.pth
Mon 16 Mar 2026 08:32:20 INFO  Running E-step ! 
Mon 16 Mar 2026 08:32:20 INFO  epoch 20 training [time: 0.19s, train_loss1: 5.3176, train_loss2: 0.0319, train_loss3: 0.0106, train_loss4: 0.0000]
Mon 16 Mar 2026 08:32:20 INFO  epoch 20 evaluating [time: 0.15s, valid_score: 0.298900]
Mon 16 Mar 2026 08:32:20 INFO  valid result: 
recall@1 : 0.1111    recall@2 : 0.1946    recall@3 : 0.2418    recall@4 : 0.2865    recall@5 : 0.3174    recall@10 : 0.4465    recall@20 : 0.6014    recall@30 : 0.6707    recall@50 : 0.7411    ndcg@1 : 0.1871    ndcg@2 : 0.212    ndcg@3 : 0.2276    ndcg@4 : 0.2427    ndcg@5 : 0.2537    ndcg@10 : 0.2989    ndcg@20 : 0.3452    ndcg@30 : 0.3641    ndcg@50 : 0.3817    precision@1 : 0.1871    precision@2 : 0.1618    precision@3 : 0.14    precision@4 : 0.125    precision@5 : 0.1135    precision@10 : 0.0831    precision@20 : 0.0591    precision@30 : 0.0455    precision@50 : 0.0315    map@1 : 0.1871    map@2 : 0.1847    map@3 : 0.1885    map@4 : 0.1941    map@5 : 0.1982    map@10 : 0.217    map@20 : 0.2327    map@30 : 0.2381    map@50 : 0.2425
Mon 16 Mar 2026 08:32:20 INFO  Saving current: saved/SCL-Mar-16-2026_08-32-11.pth
Mon 16 Mar 2026 08:32:20 INFO  Saving current best: saved/SCL-Mar-16-2026_08-32-11.pth
Mon 16 Mar 2026 08:32:20 INFO  Running E-step ! 
Mon 16 Mar 2026 08:32:20 INFO  epoch 21 training [time: 0.19s, train_loss1: 5.1354, train_loss2: 0.0351, train_loss3: 0.0106, train_loss4: 0.0000]
Mon 16 Mar 2026 08:32:20 INFO  epoch 21 evaluating [time: 0.14s, valid_score: 0.305200]
Mon 16 Mar 2026 08:32:20 INFO  valid result: 
recall@1 : 0.1141    recall@2 : 0.2047    recall@3 : 0.2522    recall@4 : 0.2928    recall@5 : 0.3301    recall@10 : 0.4556    recall@20 : 0.6054    recall@30 : 0.6806    recall@50 : 0.7596    ndcg@1 : 0.1877    ndcg@2 : 0.2191    ndcg@3 : 0.2345    ndcg@4 : 0.2477    ndcg@5 : 0.2616    ndcg@10 : 0.3052    ndcg@20 : 0.3493    ndcg@30 : 0.3696    ndcg@50 : 0.3891    precision@1 : 0.1877    precision@2 : 0.1672    precision@3 : 0.1424    precision@4 : 0.1254    precision@5 : 0.1156    precision@10 : 0.0836    precision@20 : 0.0583    precision@30 : 0.0453    precision@50 : 0.0317    map@1 : 0.1877    map@2 : 0.1907    map@3 : 0.1943    map@4 : 0.1985    map@5 : 0.2044    map@10 : 0.2225    map@20 : 0.2369    map@30 : 0.2426    map@50 : 0.2472
Mon 16 Mar 2026 08:32:20 INFO  Saving current: saved/SCL-Mar-16-2026_08-32-11.pth
Mon 16 Mar 2026 08:32:20 INFO  Saving current best: saved/SCL-Mar-16-2026_08-32-11.pth
Mon 16 Mar 2026 08:32:20 INFO  Running E-step ! 
Mon 16 Mar 2026 08:32:21 INFO  epoch 22 training [time: 0.19s, train_loss1: 4.8737, train_loss2: 0.0362, train_loss3: 0.0106, train_loss4: 0.0000]
Mon 16 Mar 2026 08:32:21 INFO  epoch 22 evaluating [time: 0.14s, valid_score: 0.307700]
Mon 16 Mar 2026 08:32:21 INFO  valid result: 
recall@1 : 0.1126    recall@2 : 0.2074    recall@3 : 0.2633    recall@4 : 0.3    recall@5 : 0.3378    recall@10 : 0.46    recall@20 : 0.6013    recall@30 : 0.6892    recall@50 : 0.7583    ndcg@1 : 0.1836    ndcg@2 : 0.22    ndcg@3 : 0.2394    ndcg@4 : 0.2513    ndcg@5 : 0.2649    ndcg@10 : 0.3077    ndcg@20 : 0.3493    ndcg@30 : 0.3727    ndcg@50 : 0.3902    precision@1 : 0.1836    precision@2 : 0.1687    precision@3 : 0.1458    precision@4 : 0.1274    precision@5 : 0.1164    precision@10 : 0.0834    precision@20 : 0.0573    precision@30 : 0.0452    precision@50 : 0.0314    map@1 : 0.1836    map@2 : 0.1917    map@3 : 0.1977    map@4 : 0.2011    map@5 : 0.2069    map@10 : 0.2247    map@20 : 0.2381    map@30 : 0.2445    map@50 : 0.2487
Mon 16 Mar 2026 08:32:21 INFO  Saving current: saved/SCL-Mar-16-2026_08-32-11.pth
Mon 16 Mar 2026 08:32:21 INFO  Saving current best: saved/SCL-Mar-16-2026_08-32-11.pth
Mon 16 Mar 2026 08:32:21 INFO  Running E-step ! 
Mon 16 Mar 2026 08:32:21 INFO  epoch 23 training [time: 0.19s, train_loss1: 4.5463, train_loss2: 0.0367, train_loss3: 0.0107, train_loss4: 0.0000]
Mon 16 Mar 2026 08:32:21 INFO  epoch 23 evaluating [time: 0.14s, valid_score: 0.307800]
Mon 16 Mar 2026 08:32:21 INFO  valid result: 
recall@1 : 0.1121    recall@2 : 0.2096    recall@3 : 0.2616    recall@4 : 0.2972    recall@5 : 0.3357    recall@10 : 0.4618    recall@20 : 0.5957    recall@30 : 0.6861    recall@50 : 0.7585    ndcg@1 : 0.1841    ndcg@2 : 0.2214    ndcg@3 : 0.238    ndcg@4 : 0.25    ndcg@5 : 0.2638    ndcg@10 : 0.3078    ndcg@20 : 0.3471    ndcg@30 : 0.3708    ndcg@50 : 0.3891    precision@1 : 0.1841    precision@2 : 0.1701    precision@3 : 0.144    precision@4 : 0.1265    precision@5 : 0.1156    precision@10 : 0.0837    precision@20 : 0.0566    precision@30 : 0.0448    precision@50 : 0.0313    map@1 : 0.1841    map@2 : 0.1928    map@3 : 0.1962    map@4 : 0.2002    map@5 : 0.2059    map@10 : 0.2241    map@20 : 0.2368    map@30 : 0.2431    map@50 : 0.2475
Mon 16 Mar 2026 08:32:21 INFO  Saving current: saved/SCL-Mar-16-2026_08-32-11.pth
Mon 16 Mar 2026 08:32:21 INFO  Saving current best: saved/SCL-Mar-16-2026_08-32-11.pth
Mon 16 Mar 2026 08:32:21 INFO  Running E-step ! 
Mon 16 Mar 2026 08:32:21 INFO  epoch 24 training [time: 0.18s, train_loss1: 4.2065, train_loss2: 0.0371, train_loss3: 0.0107, train_loss4: 0.0000]
Mon 16 Mar 2026 08:32:21 INFO  epoch 24 evaluating [time: 0.14s, valid_score: 0.305900]
Mon 16 Mar 2026 08:32:21 INFO  valid result: 
recall@1 : 0.1119    recall@2 : 0.2069    recall@3 : 0.2596    recall@4 : 0.2984    recall@5 : 0.3348    recall@10 : 0.4573    recall@20 : 0.5956    recall@30 : 0.6838    recall@50 : 0.7609    ndcg@1 : 0.1841    ndcg@2 : 0.2189    ndcg@3 : 0.2366    ndcg@4 : 0.2501    ndcg@5 : 0.2628    ndcg@10 : 0.3059    ndcg@20 : 0.3461    ndcg@30 : 0.3693    ndcg@50 : 0.3886    precision@1 : 0.1841    precision@2 : 0.1675    precision@3 : 0.1434    precision@4 : 0.1272    precision@5 : 0.1151    precision@10 : 0.0833    precision@20 : 0.0564    precision@30 : 0.0446    precision@50 : 0.0313    map@1 : 0.1841    map@2 : 0.1907    map@3 : 0.195    map@4 : 0.1999    map@5 : 0.205    map@10 : 0.2229    map@20 : 0.2358    map@30 : 0.2419    map@50 : 0.2464
Mon 16 Mar 2026 08:32:21 INFO  Running E-step ! 
Mon 16 Mar 2026 08:32:22 INFO  epoch 25 training [time: 0.20s, train_loss1: 3.9117, train_loss2: 0.0373, train_loss3: 0.0108, train_loss4: 0.0000]
Mon 16 Mar 2026 08:32:22 INFO  epoch 25 evaluating [time: 0.15s, valid_score: 0.305500]
Mon 16 Mar 2026 08:32:22 INFO  valid result: 
recall@1 : 0.1113    recall@2 : 0.2065    recall@3 : 0.2603    recall@4 : 0.2998    recall@5 : 0.3362    recall@10 : 0.4567    recall@20 : 0.5947    recall@30 : 0.68    recall@50 : 0.7609    ndcg@1 : 0.1841    ndcg@2 : 0.2186    ndcg@3 : 0.2368    ndcg@4 : 0.2504    ndcg@5 : 0.2632    ndcg@10 : 0.3055    ndcg@20 : 0.3456    ndcg@30 : 0.3682    ndcg@50 : 0.3882    precision@1 : 0.1841    precision@2 : 0.1672    precision@3 : 0.144    precision@4 : 0.1274    precision@5 : 0.1154    precision@10 : 0.0832    precision@20 : 0.0563    precision@30 : 0.0444    precision@50 : 0.0312    map@1 : 0.1841    map@2 : 0.1904    map@3 : 0.1949    map@4 : 0.1999    map@5 : 0.2051    map@10 : 0.2226    map@20 : 0.2354    map@30 : 0.2414    map@50 : 0.2459
Mon 16 Mar 2026 08:32:22 INFO  Running E-step ! 
Mon 16 Mar 2026 08:32:22 INFO  epoch 26 training [time: 0.18s, train_loss1: 3.6627, train_loss2: 0.0376, train_loss3: 0.0108, train_loss4: 0.0000]
Mon 16 Mar 2026 08:32:22 INFO  epoch 26 evaluating [time: 0.15s, valid_score: 0.305800]
Mon 16 Mar 2026 08:32:22 INFO  valid result: 
recall@1 : 0.1128    recall@2 : 0.2064    recall@3 : 0.2588    recall@4 : 0.2975    recall@5 : 0.3369    recall@10 : 0.4562    recall@20 : 0.5929    recall@30 : 0.6779    recall@50 : 0.7643    ndcg@1 : 0.1865    ndcg@2 : 0.2197    ndcg@3 : 0.2368    ndcg@4 : 0.25    ndcg@5 : 0.2639    ndcg@10 : 0.3058    ndcg@20 : 0.3454    ndcg@30 : 0.368    ndcg@50 : 0.3891    precision@1 : 0.1865    precision@2 : 0.1678    precision@3 : 0.1434    precision@4 : 0.1269    precision@5 : 0.1155    precision@10 : 0.083    precision@20 : 0.0558    precision@30 : 0.0442    precision@50 : 0.0313    map@1 : 0.1865    map@2 : 0.1916    map@3 : 0.1954    map@4 : 0.1999    map@5 : 0.2057    map@10 : 0.223    map@20 : 0.2356    map@30 : 0.2416    map@50 : 0.2464
Mon 16 Mar 2026 08:32:22 INFO  Running E-step ! 
Mon 16 Mar 2026 08:32:22 INFO  epoch 27 training [time: 0.18s, train_loss1: 3.4900, train_loss2: 0.0379, train_loss3: 0.0108, train_loss4: 0.0000]
Mon 16 Mar 2026 08:32:22 INFO  epoch 27 evaluating [time: 0.15s, valid_score: 0.306000]
Mon 16 Mar 2026 08:32:22 INFO  valid result: 
recall@1 : 0.1134    recall@2 : 0.2047    recall@3 : 0.2585    recall@4 : 0.2991    recall@5 : 0.3363    recall@10 : 0.457    recall@20 : 0.5912    recall@30 : 0.675    recall@50 : 0.7689    ndcg@1 : 0.1883    ndcg@2 : 0.2189    ndcg@3 : 0.2366    ndcg@4 : 0.2508    ndcg@5 : 0.2637    ndcg@10 : 0.306    ndcg@20 : 0.3449    ndcg@30 : 0.3674    ndcg@50 : 0.3899    precision@1 : 0.1883    precision@2 : 0.1666    precision@3 : 0.143    precision@4 : 0.1274    precision@5 : 0.1153    precision@10 : 0.083    precision@20 : 0.0556    precision@30 : 0.0441    precision@50 : 0.0314    map@1 : 0.1883    map@2 : 0.1913    map@3 : 0.1953    map@4 : 0.2004    map@5 : 0.2057    map@10 : 0.2231    map@20 : 0.2355    map@30 : 0.2416    map@50 : 0.2465
Mon 16 Mar 2026 08:32:22 INFO  Running E-step ! 
Mon 16 Mar 2026 08:32:23 INFO  epoch 28 training [time: 0.19s, train_loss1: 3.3882, train_loss2: 0.0381, train_loss3: 0.0109, train_loss4: 0.0000]
Mon 16 Mar 2026 08:32:23 INFO  epoch 28 evaluating [time: 0.15s, valid_score: 0.305900]
Mon 16 Mar 2026 08:32:23 INFO  valid result: 
recall@1 : 0.1127    recall@2 : 0.2047    recall@3 : 0.2581    recall@4 : 0.2987    recall@5 : 0.3366    recall@10 : 0.4577    recall@20 : 0.5913    recall@30 : 0.6738    recall@50 : 0.7688    ndcg@1 : 0.1871    ndcg@2 : 0.2186    ndcg@3 : 0.2361    ndcg@4 : 0.2501    ndcg@5 : 0.2635    ndcg@10 : 0.3059    ndcg@20 : 0.3446    ndcg@30 : 0.3667    ndcg@50 : 0.3895    precision@1 : 0.1871    precision@2 : 0.1666    precision@3 : 0.143    precision@4 : 0.1269    precision@5 : 0.1153    precision@10 : 0.0831    precision@20 : 0.0556    precision@30 : 0.044    precision@50 : 0.0313    map@1 : 0.1871    map@2 : 0.1909    map@3 : 0.1948    map@4 : 0.1998    map@5 : 0.2053    map@10 : 0.2227    map@20 : 0.2351    map@30 : 0.2411    map@50 : 0.246
Mon 16 Mar 2026 08:32:23 INFO  Running E-step ! 
Mon 16 Mar 2026 08:32:23 INFO  epoch 29 training [time: 0.19s, train_loss1: 3.2516, train_loss2: 0.0383, train_loss3: 0.0109, train_loss4: 0.0000]
Mon 16 Mar 2026 08:32:23 INFO  epoch 29 evaluating [time: 0.15s, valid_score: 0.306100]
Mon 16 Mar 2026 08:32:23 INFO  valid result: 
recall@1 : 0.114    recall@2 : 0.2026    recall@3 : 0.2588    recall@4 : 0.299    recall@5 : 0.3365    recall@10 : 0.4575    recall@20 : 0.5904    recall@30 : 0.6746    recall@50 : 0.7689    ndcg@1 : 0.1889    ndcg@2 : 0.2176    ndcg@3 : 0.2368    ndcg@4 : 0.2505    ndcg@5 : 0.2637    ndcg@10 : 0.3061    ndcg@20 : 0.3448    ndcg@30 : 0.3672    ndcg@50 : 0.3899    precision@1 : 0.1889    precision@2 : 0.1651    precision@3 : 0.1434    precision@4 : 0.1269    precision@5 : 0.1151    precision@10 : 0.083    precision@20 : 0.0556    precision@30 : 0.044    precision@50 : 0.0313    map@1 : 0.1889    map@2 : 0.1903    map@3 : 0.1954    map@4 : 0.2003    map@5 : 0.2056    map@10 : 0.2232    map@20 : 0.2354    map@30 : 0.2415    map@50 : 0.2464
Mon 16 Mar 2026 08:32:23 INFO  Running E-step ! 
Mon 16 Mar 2026 08:32:23 INFO  epoch 30 training [time: 0.16s, train_loss1: 3.2549, train_loss2: 0.0385, train_loss3: 0.0109, train_loss4: 0.0000]
Mon 16 Mar 2026 08:32:24 INFO  epoch 30 evaluating [time: 0.14s, valid_score: 0.306100]
Mon 16 Mar 2026 08:32:24 INFO  valid result: 
recall@1 : 0.1134    recall@2 : 0.2032    recall@3 : 0.2579    recall@4 : 0.3001    recall@5 : 0.335    recall@10 : 0.4578    recall@20 : 0.5906    recall@30 : 0.6742    recall@50 : 0.7689    ndcg@1 : 0.1883    ndcg@2 : 0.2177    ndcg@3 : 0.2363    ndcg@4 : 0.2509    ndcg@5 : 0.263    ndcg@10 : 0.3061    ndcg@20 : 0.3446    ndcg@30 : 0.3669    ndcg@50 : 0.3896    precision@1 : 0.1883    precision@2 : 0.1654    precision@3 : 0.1434    precision@4 : 0.1274    precision@5 : 0.1149    precision@10 : 0.0831    precision@20 : 0.0557    precision@30 : 0.044    precision@50 : 0.0313    map@1 : 0.1883    map@2 : 0.1903    map@3 : 0.1949    map@4 : 0.2003    map@5 : 0.2051    map@10 : 0.2229    map@20 : 0.2352    map@30 : 0.2412    map@50 : 0.2461
Mon 16 Mar 2026 08:32:24 INFO  Running E-step ! 
Mon 16 Mar 2026 08:32:24 INFO  epoch 31 training [time: 0.18s, train_loss1: 3.2430, train_loss2: 0.0386, train_loss3: 0.0109, train_loss4: 0.0000]
Mon 16 Mar 2026 08:32:24 INFO  epoch 31 evaluating [time: 0.15s, valid_score: 0.306500]
Mon 16 Mar 2026 08:32:24 INFO  valid result: 
recall@1 : 0.1146    recall@2 : 0.2034    recall@3 : 0.2578    recall@4 : 0.301    recall@5 : 0.3342    recall@10 : 0.4578    recall@20 : 0.5907    recall@30 : 0.6749    recall@50 : 0.7688    ndcg@1 : 0.1895    ndcg@2 : 0.2184    ndcg@3 : 0.2367    ndcg@4 : 0.2517    ndcg@5 : 0.2632    ndcg@10 : 0.3065    ndcg@20 : 0.3452    ndcg@30 : 0.3676    ndcg@50 : 0.3901    precision@1 : 0.1895    precision@2 : 0.1657    precision@3 : 0.1432    precision@4 : 0.1277    precision@5 : 0.1147    precision@10 : 0.0831    precision@20 : 0.0557    precision@30 : 0.0441    precision@50 : 0.0313    map@1 : 0.1895    map@2 : 0.191    map@3 : 0.1955    map@4 : 0.2011    map@5 : 0.2056    map@10 : 0.2235    map@20 : 0.2358    map@30 : 0.2419    map@50 : 0.2468
Mon 16 Mar 2026 08:32:24 INFO  Running E-step ! 
Mon 16 Mar 2026 08:32:24 INFO  epoch 32 training [time: 0.20s, train_loss1: 3.2292, train_loss2: 0.0388, train_loss3: 0.0109, train_loss4: 0.0000]
Mon 16 Mar 2026 08:32:24 INFO  epoch 32 evaluating [time: 0.15s, valid_score: 0.306400]
Mon 16 Mar 2026 08:32:24 INFO  valid result: 
recall@1 : 0.1146    recall@2 : 0.2028    recall@3 : 0.2575    recall@4 : 0.3007    recall@5 : 0.3349    recall@10 : 0.4578    recall@20 : 0.5909    recall@30 : 0.673    recall@50 : 0.7685    ndcg@1 : 0.1895    ndcg@2 : 0.218    ndcg@3 : 0.2364    ndcg@4 : 0.2515    ndcg@5 : 0.2633    ndcg@10 : 0.3064    ndcg@20 : 0.3452    ndcg@30 : 0.3672    ndcg@50 : 0.39    precision@1 : 0.1895    precision@2 : 0.1654    precision@3 : 0.143    precision@4 : 0.1275    precision@5 : 0.1149    precision@10 : 0.0831    precision@20 : 0.0558    precision@30 : 0.044    precision@50 : 0.0313    map@1 : 0.1895    map@2 : 0.1907    map@3 : 0.1953    map@4 : 0.2009    map@5 : 0.2056    map@10 : 0.2234    map@20 : 0.2358    map@30 : 0.2418    map@50 : 0.2468
Mon 16 Mar 2026 08:32:24 INFO  Running E-step ! 
Mon 16 Mar 2026 08:32:24 INFO  epoch 33 training [time: 0.19s, train_loss1: 3.2220, train_loss2: 0.0389, train_loss3: 0.0109, train_loss4: 0.0000]
Mon 16 Mar 2026 08:32:25 INFO  epoch 33 evaluating [time: 0.14s, valid_score: 0.306200]
Mon 16 Mar 2026 08:32:25 INFO  valid result: 
recall@1 : 0.114    recall@2 : 0.2028    recall@3 : 0.2574    recall@4 : 0.3013    recall@5 : 0.3358    recall@10 : 0.4575    recall@20 : 0.5906    recall@30 : 0.6724    recall@50 : 0.7671    ndcg@1 : 0.1889    ndcg@2 : 0.2178    ndcg@3 : 0.2361    ndcg@4 : 0.2515    ndcg@5 : 0.2634    ndcg@10 : 0.3062    ndcg@20 : 0.3449    ndcg@30 : 0.3669    ndcg@50 : 0.3896    precision@1 : 0.1889    precision@2 : 0.1654    precision@3 : 0.1428    precision@4 : 0.1277    precision@5 : 0.1149    precision@10 : 0.0831    precision@20 : 0.0558    precision@30 : 0.044    precision@50 : 0.0313    map@1 : 0.1889    map@2 : 0.1904    map@3 : 0.1949    map@4 : 0.2008    map@5 : 0.2055    map@10 : 0.2231    map@20 : 0.2356    map@30 : 0.2416    map@50 : 0.2465
Mon 16 Mar 2026 08:32:25 INFO  Running E-step ! 
Mon 16 Mar 2026 08:32:25 INFO  epoch 34 training [time: 0.17s, train_loss1: 3.1938, train_loss2: 0.0390, train_loss3: 0.0109, train_loss4: 0.0000]
Mon 16 Mar 2026 08:32:25 INFO  epoch 34 evaluating [time: 0.15s, valid_score: 0.306100]
Mon 16 Mar 2026 08:32:25 INFO  valid result: 
recall@1 : 0.1143    recall@2 : 0.2034    recall@3 : 0.2574    recall@4 : 0.301    recall@5 : 0.3356    recall@10 : 0.4564    recall@20 : 0.5903    recall@30 : 0.6739    recall@50 : 0.7651    ndcg@1 : 0.1895    ndcg@2 : 0.2183    ndcg@3 : 0.2363    ndcg@4 : 0.2516    ndcg@5 : 0.2638    ndcg@10 : 0.3061    ndcg@20 : 0.3451    ndcg@30 : 0.3675    ndcg@50 : 0.3895    precision@1 : 0.1895    precision@2 : 0.1657    precision@3 : 0.1428    precision@4 : 0.1275    precision@5 : 0.1154    precision@10 : 0.0831    precision@20 : 0.0558    precision@30 : 0.0442    precision@50 : 0.0313    map@1 : 0.1895    map@2 : 0.1909    map@3 : 0.1952    map@4 : 0.201    map@5 : 0.2059    map@10 : 0.2233    map@20 : 0.2359    map@30 : 0.242    map@50 : 0.2468
Mon 16 Mar 2026 08:32:25 INFO  Finished training, best eval result in epoch 23
Mon 16 Mar 2026 08:32:25 INFO  Loading model structure and parameters from saved/SCL-Mar-16-2026_08-32-11.pth
Mon 16 Mar 2026 08:32:25 INFO  best valid : OrderedDict([('recall@1', 0.1121), ('recall@2', 0.2096), ('recall@3', 0.2616), ('recall@4', 0.2972), ('recall@5', 0.3357), ('recall@10', 0.4618), ('recall@20', 0.5957), ('recall@30', 0.6861), ('recall@50', 0.7585), ('ndcg@1', 0.1841), ('ndcg@2', 0.2214), ('ndcg@3', 0.238), ('ndcg@4', 0.25), ('ndcg@5', 0.2638), ('ndcg@10', 0.3078), ('ndcg@20', 0.3471), ('ndcg@30', 0.3708), ('ndcg@50', 0.3891), ('precision@1', 0.1841), ('precision@2', 0.1701), ('precision@3', 0.144), ('precision@4', 0.1265), ('precision@5', 0.1156), ('precision@10', 0.0837), ('precision@20', 0.0566), ('precision@30', 0.0448), ('precision@50', 0.0313), ('map@1', 0.1841), ('map@2', 0.1928), ('map@3', 0.1962), ('map@4', 0.2002), ('map@5', 0.2059), ('map@10', 0.2241), ('map@20', 0.2368), ('map@30', 0.2431), ('map@50', 0.2475)])
Mon 16 Mar 2026 08:32:25 INFO  test result: OrderedDict([('recall@1', 0.1324), ('recall@2', 0.2385), ('recall@3', 0.286), ('recall@4', 0.3276), ('recall@5', 0.368), ('recall@10', 0.4863), ('recall@20', 0.6164), ('recall@30', 0.6997), ('recall@50', 0.7739), ('ndcg@1', 0.2196), ('ndcg@2', 0.254), ('ndcg@3', 0.2679), ('ndcg@4', 0.2811), ('ndcg@5', 0.2957), ('ndcg@10', 0.3353), ('ndcg@20', 0.3733), ('ndcg@30', 0.3949), ('ndcg@50', 0.4127), ('precision@1', 0.2196), ('precision@2', 0.1901), ('precision@3', 0.16), ('precision@4', 0.1397), ('precision@5', 0.1279), ('precision@10', 0.0882), ('precision@20', 0.0589), ('precision@30', 0.0455), ('precision@50', 0.0312), ('map@1', 0.2196), ('map@2', 0.2254), ('map@3', 0.2267), ('map@4', 0.2307), ('map@5', 0.2373), ('map@10', 0.2524), ('map@20', 0.2647), ('map@30', 0.2707), ('map@50', 0.2748)])
Mon 16 Mar 2026 08:32:25 INFO  training time: 12.5078s
Mon 16 Mar 2026 08:32:25 INFO  result file: results/again3/scl_wo_potential_seed2023.json
