Sun 15 Mar 2026 22:39:22 INFO  
General Hyper Parameters:
gpu_id = 0
use_gpu = True
seed = 2022
state = INFO
reproducibility = True
data_path = ./travel
checkpoint_dir = saved
show_progress = True
save_dataset = False
dataset_save_path = None
save_dataloaders = False
dataloaders_save_path = None
log_wandb = False

Training Hyper Parameters:
epochs = 1000
train_batch_size = 4096
learner = adam
learning_rate = 0.001
train_neg_sample_args = {'distribution': 'uniform', 'sample_num': 1, 'alpha': 1.0, 'dynamic': False, 'candidate_num': 0}
eval_step = 1
stopping_step = 10
clip_grad_norm = None
weight_decay = 0.0
loss_decimal_place = 4

Evaluation Hyper Parameters:
eval_args = {'split': {'RS': [0.8, 0.1, 0.1]}, 'order': 'RO', 'group_by': 'user', 'mode': {'valid': 'full', 'test': 'full'}}
repeatable = False
metrics = ['Recall', 'NDCG', 'Precision', 'MAP']
topk = [1, 2, 3, 4, 5, 10, 20, 30, 50]
valid_metric = NDCG@10
valid_metric_bigger = True
eval_batch_size = 4096
metric_decimal_place = 4

Dataset Hyper Parameters:
field_separator = 	
seq_separator =  
USER_ID_FIELD = user_id
ITEM_ID_FIELD = item_id
RATING_FIELD = rating
TIME_FIELD = timestamp
seq_len = None
LABEL_FIELD = label
threshold = None
NEG_PREFIX = neg_
load_col = {'inter': ['user_id', 'item_id', 'rating'], 'user': ['user_id', 'post_num', 'follower', 'following', 'timestamp']}
unload_col = None
unused_col = None
additional_feat_suffix = None
rm_dup_inter = None
val_interval = {'rating': '[0,inf)'}
filter_inter_by_user_or_item = True
user_inter_num_interval = [0,inf)
item_inter_num_interval = [0,inf)
alias_of_user_id = None
alias_of_item_id = None
alias_of_entity_id = None
alias_of_relation_id = None
preload_weight = None
normalize_field = None
normalize_all = None
ITEM_LIST_LENGTH_FIELD = item_length
LIST_SUFFIX = _list
MAX_ITEM_LIST_LENGTH = 50
POSITION_FIELD = position_id
HEAD_ENTITY_ID_FIELD = head_id
TAIL_ENTITY_ID_FIELD = tail_id
RELATION_ID_FIELD = relation_id
ENTITY_ID_FIELD = entity_id
benchmark_filename = None

Other Hyper Parameters: 
worker = 0
wandb_project = recbole
shuffle = True
require_pow = False
enable_amp = False
enable_scaler = False
transform = None
numerical_features = []
discretization = None
kg_reverse_r = False
entity_kg_num_interval = [0,inf)
relation_kg_num_interval = [0,inf)
MODEL_TYPE = ModelType.GENERAL
embedding_size = 64
n_layers = 3
reg_weight = 0.0001
smt_latent_dim = 64
ssl_temp = 0.1
ssl_reg = 1e-07
hyper_layers = 1
alpha = 1
potential_reg = 8e-08
semantic_reg = 0.0
num_clusters = 10
m_step = 1
warm_up_step = 20
user_feature_path = features/roberta_user.npy
item_feature_path = features/roberta_item.npy
MODEL_INPUT_TYPE = InputType.PAIRWISE
eval_type = EvaluatorType.RANKING
single_spec = True
local_rank = 0
device = cuda
valid_neg_sample_args = {'distribution': 'uniform', 'sample_num': 'none'}
test_neg_sample_args = {'distribution': 'uniform', 'sample_num': 'none'}


Sun 15 Mar 2026 22:39:22 INFO  travel
The number of users: 2010
Average actions of users: 18.721254355400696
The number of items: 247
Average actions of items: 152.890243902439
The number of inters: 37611
The sparsity of the dataset: 92.42431566862047%
Remain Fields: ['user_id', 'item_id', 'rating', 'post_num', 'follower', 'following', 'timestamp']
Sun 15 Mar 2026 22:39:22 INFO  [Training]: train_batch_size = [4096] train_neg_sample_args: [{'distribution': 'uniform', 'sample_num': 1, 'alpha': 1.0, 'dynamic': False, 'candidate_num': 0}]
Sun 15 Mar 2026 22:39:22 INFO  [Evaluation]: eval_batch_size = [4096] eval_args: [{'split': {'RS': [0.8, 0.1, 0.1]}, 'order': 'RO', 'group_by': 'user', 'mode': {'valid': 'full', 'test': 'full'}}]
Sun 15 Mar 2026 22:39:23 INFO  SCL(
  (u_MLP): Linear(in_features=1024, out_features=64, bias=True)
  (i_MLP): Linear(in_features=1024, out_features=64, bias=True)
  (user_embedding): Embedding(2010, 64)
  (item_embedding): Embedding(247, 64)
  (mf_loss): BPRLoss()
  (reg_loss): EmbLoss()
)
Trainable parameters: 144448
Sun 15 Mar 2026 22:39:23 INFO  trainable parameters: 144448
Sun 15 Mar 2026 22:39:24 INFO  Running E-step ! 
Sun 15 Mar 2026 22:39:25 INFO  epoch 0 training [time: 0.49s, train_loss1: 5.5425, train_loss2: 0.0200, train_loss3: 0.0000]
Sun 15 Mar 2026 22:39:25 INFO  epoch 0 evaluating [time: 0.19s, valid_score: 0.032100]
Sun 15 Mar 2026 22:39:25 INFO  valid result: 
recall@1 : 0.0079    recall@2 : 0.0133    recall@3 : 0.021    recall@4 : 0.0252    recall@5 : 0.0312    recall@10 : 0.0548    recall@20 : 0.0986    recall@30 : 0.1481    recall@50 : 0.2392    ndcg@1 : 0.0137    ndcg@2 : 0.0162    ndcg@3 : 0.0199    ndcg@4 : 0.0215    ndcg@5 : 0.024    ndcg@10 : 0.0321    ndcg@20 : 0.0454    ndcg@30 : 0.058    ndcg@50 : 0.0791    precision@1 : 0.0137    precision@2 : 0.0131    precision@3 : 0.0143    precision@4 : 0.0134    precision@5 : 0.0133    precision@10 : 0.0119    precision@20 : 0.0114    precision@30 : 0.0113    precision@50 : 0.0112    map@1 : 0.0137    map@2 : 0.0136    map@3 : 0.0151    map@4 : 0.0155    map@5 : 0.0164    map@10 : 0.0189    map@20 : 0.022    map@30 : 0.0243    map@50 : 0.0274
Sun 15 Mar 2026 22:39:25 INFO  Saving current: saved/SCL-Mar-15-2026_22-39-23.pth
Sun 15 Mar 2026 22:39:25 INFO  Saving current best: saved/SCL-Mar-15-2026_22-39-23.pth
Sun 15 Mar 2026 22:39:25 INFO  Running E-step ! 
Sun 15 Mar 2026 22:39:25 INFO  epoch 1 training [time: 0.16s, train_loss1: 5.5425, train_loss2: 0.0150, train_loss3: 0.0000]
Sun 15 Mar 2026 22:39:25 INFO  epoch 1 evaluating [time: 0.14s, valid_score: 0.031600]
Sun 15 Mar 2026 22:39:25 INFO  valid result: 
recall@1 : 0.0062    recall@2 : 0.0137    recall@3 : 0.021    recall@4 : 0.0253    recall@5 : 0.0316    recall@10 : 0.0547    recall@20 : 0.0972    recall@30 : 0.1433    recall@50 : 0.2341    ndcg@1 : 0.0113    ndcg@2 : 0.0159    ndcg@3 : 0.0197    ndcg@4 : 0.0213    ndcg@5 : 0.0238    ndcg@10 : 0.0316    ndcg@20 : 0.0444    ndcg@30 : 0.0565    ndcg@50 : 0.0774    precision@1 : 0.0113    precision@2 : 0.0137    precision@3 : 0.0149    precision@4 : 0.014    precision@5 : 0.0138    precision@10 : 0.0119    precision@20 : 0.0112    precision@30 : 0.0111    precision@50 : 0.0109    map@1 : 0.0113    map@2 : 0.013    map@3 : 0.0146    map@4 : 0.015    map@5 : 0.0159    map@10 : 0.0182    map@20 : 0.0212    map@30 : 0.0234    map@50 : 0.0265
Sun 15 Mar 2026 22:39:25 INFO  Running E-step ! 
Sun 15 Mar 2026 22:39:25 INFO  epoch 2 training [time: 0.19s, train_loss1: 5.5421, train_loss2: 0.0129, train_loss3: 0.0000]
Sun 15 Mar 2026 22:39:26 INFO  epoch 2 evaluating [time: 0.15s, valid_score: 0.033900]
Sun 15 Mar 2026 22:39:26 INFO  valid result: 
recall@1 : 0.0064    recall@2 : 0.0133    recall@3 : 0.0223    recall@4 : 0.0288    recall@5 : 0.035    recall@10 : 0.059    recall@20 : 0.1008    recall@30 : 0.1472    recall@50 : 0.2412    ndcg@1 : 0.0125    ndcg@2 : 0.0156    ndcg@3 : 0.0207    ndcg@4 : 0.0231    ndcg@5 : 0.0256    ndcg@10 : 0.0339    ndcg@20 : 0.0466    ndcg@30 : 0.0586    ndcg@50 : 0.0801    precision@1 : 0.0125    precision@2 : 0.0131    precision@3 : 0.0157    precision@4 : 0.015    precision@5 : 0.0149    precision@10 : 0.0131    precision@20 : 0.0118    precision@30 : 0.0114    precision@50 : 0.0112    map@1 : 0.0125    map@2 : 0.0128    map@3 : 0.0151    map@4 : 0.016    map@5 : 0.0168    map@10 : 0.0194    map@20 : 0.0223    map@30 : 0.0245    map@50 : 0.0277
Sun 15 Mar 2026 22:39:26 INFO  Saving current: saved/SCL-Mar-15-2026_22-39-23.pth
Sun 15 Mar 2026 22:39:26 INFO  Saving current best: saved/SCL-Mar-15-2026_22-39-23.pth
Sun 15 Mar 2026 22:39:26 INFO  Running E-step ! 
Sun 15 Mar 2026 22:39:26 INFO  epoch 3 training [time: 0.18s, train_loss1: 5.5414, train_loss2: 0.0113, train_loss3: 0.0000]
Sun 15 Mar 2026 22:39:26 INFO  epoch 3 evaluating [time: 0.15s, valid_score: 0.035400]
Sun 15 Mar 2026 22:39:26 INFO  valid result: 
recall@1 : 0.0065    recall@2 : 0.0149    recall@3 : 0.0243    recall@4 : 0.0309    recall@5 : 0.0369    recall@10 : 0.0599    recall@20 : 0.1102    recall@30 : 0.1535    recall@50 : 0.2473    ndcg@1 : 0.0131    ndcg@2 : 0.0173    ndcg@3 : 0.0216    ndcg@4 : 0.0248    ndcg@5 : 0.0273    ndcg@10 : 0.0354    ndcg@20 : 0.0502    ndcg@30 : 0.0615    ndcg@50 : 0.0831    precision@1 : 0.0131    precision@2 : 0.0149    precision@3 : 0.0159    precision@4 : 0.0162    precision@5 : 0.0161    precision@10 : 0.0137    precision@20 : 0.0126    precision@30 : 0.0119    precision@50 : 0.0115    map@1 : 0.0131    map@2 : 0.014    map@3 : 0.0158    map@4 : 0.0171    map@5 : 0.0179    map@10 : 0.0204    map@20 : 0.0239    map@30 : 0.0259    map@50 : 0.0292
Sun 15 Mar 2026 22:39:26 INFO  Saving current: saved/SCL-Mar-15-2026_22-39-23.pth
Sun 15 Mar 2026 22:39:26 INFO  Saving current best: saved/SCL-Mar-15-2026_22-39-23.pth
Sun 15 Mar 2026 22:39:26 INFO  Running E-step ! 
Sun 15 Mar 2026 22:39:26 INFO  epoch 4 training [time: 0.18s, train_loss1: 5.5407, train_loss2: 0.0100, train_loss3: 0.0000]
Sun 15 Mar 2026 22:39:26 INFO  epoch 4 evaluating [time: 0.15s, valid_score: 0.037700]
Sun 15 Mar 2026 22:39:26 INFO  valid result: 
recall@1 : 0.0062    recall@2 : 0.0174    recall@3 : 0.0276    recall@4 : 0.0324    recall@5 : 0.0379    recall@10 : 0.0635    recall@20 : 0.1111    recall@30 : 0.1614    recall@50 : 0.2531    ndcg@1 : 0.0143    ndcg@2 : 0.02    ndcg@3 : 0.0243    ndcg@4 : 0.0266    ndcg@5 : 0.0285    ndcg@10 : 0.0377    ndcg@20 : 0.0519    ndcg@30 : 0.0647    ndcg@50 : 0.0858    precision@1 : 0.0143    precision@2 : 0.0179    precision@3 : 0.0179    precision@4 : 0.0174    precision@5 : 0.0163    precision@10 : 0.0147    precision@20 : 0.0129    precision@30 : 0.0123    precision@50 : 0.0117    map@1 : 0.0143    map@2 : 0.0159    map@3 : 0.0176    map@4 : 0.0181    map@5 : 0.0188    map@10 : 0.0216    map@20 : 0.025    map@30 : 0.0273    map@50 : 0.0305
Sun 15 Mar 2026 22:39:26 INFO  Saving current: saved/SCL-Mar-15-2026_22-39-23.pth
Sun 15 Mar 2026 22:39:26 INFO  Saving current best: saved/SCL-Mar-15-2026_22-39-23.pth
Sun 15 Mar 2026 22:39:26 INFO  Running E-step ! 
Sun 15 Mar 2026 22:39:26 INFO  epoch 5 training [time: 0.18s, train_loss1: 5.5399, train_loss2: 0.0089, train_loss3: 0.0000]
Sun 15 Mar 2026 22:39:27 INFO  epoch 5 evaluating [time: 0.15s, valid_score: 0.041100]
Sun 15 Mar 2026 22:39:27 INFO  valid result: 
recall@1 : 0.0089    recall@2 : 0.0181    recall@3 : 0.028    recall@4 : 0.0352    recall@5 : 0.0372    recall@10 : 0.0685    recall@20 : 0.1144    recall@30 : 0.1662    recall@50 : 0.2552    ndcg@1 : 0.0185    ndcg@2 : 0.0221    ndcg@3 : 0.0266    ndcg@4 : 0.0293    ndcg@5 : 0.03    ndcg@10 : 0.0411    ndcg@20 : 0.0547    ndcg@30 : 0.068    ndcg@50 : 0.0886    precision@1 : 0.0185    precision@2 : 0.0188    precision@3 : 0.0195    precision@4 : 0.0186    precision@5 : 0.0168    precision@10 : 0.0159    precision@20 : 0.0133    precision@30 : 0.0128    precision@50 : 0.0119    map@1 : 0.0185    map@2 : 0.0182    map@3 : 0.0198    map@4 : 0.0205    map@5 : 0.0205    map@10 : 0.0238    map@20 : 0.0271    map@30 : 0.0296    map@50 : 0.0327
Sun 15 Mar 2026 22:39:27 INFO  Saving current: saved/SCL-Mar-15-2026_22-39-23.pth
Sun 15 Mar 2026 22:39:27 INFO  Saving current best: saved/SCL-Mar-15-2026_22-39-23.pth
Sun 15 Mar 2026 22:39:27 INFO  Running E-step ! 
Sun 15 Mar 2026 22:39:27 INFO  epoch 6 training [time: 0.18s, train_loss1: 5.5390, train_loss2: 0.0080, train_loss3: 0.0000]
Sun 15 Mar 2026 22:39:27 INFO  epoch 6 evaluating [time: 0.15s, valid_score: 0.044400]
Sun 15 Mar 2026 22:39:27 INFO  valid result: 
recall@1 : 0.0109    recall@2 : 0.0193    recall@3 : 0.0307    recall@4 : 0.0362    recall@5 : 0.0411    recall@10 : 0.0719    recall@20 : 0.1219    recall@30 : 0.1723    recall@50 : 0.2601    ndcg@1 : 0.0221    ndcg@2 : 0.0248    ndcg@3 : 0.0299    ndcg@4 : 0.0315    ndcg@5 : 0.0333    ndcg@10 : 0.0444    ndcg@20 : 0.0592    ndcg@30 : 0.0719    ndcg@50 : 0.0924    precision@1 : 0.0221    precision@2 : 0.0209    precision@3 : 0.0219    precision@4 : 0.0197    precision@5 : 0.0184    precision@10 : 0.0167    precision@20 : 0.0142    precision@30 : 0.0131    precision@50 : 0.0122    map@1 : 0.0221    map@2 : 0.0206    map@3 : 0.0223    map@4 : 0.0224    map@5 : 0.0228    map@10 : 0.0263    map@20 : 0.0298    map@30 : 0.0323    map@50 : 0.0354
Sun 15 Mar 2026 22:39:27 INFO  Saving current: saved/SCL-Mar-15-2026_22-39-23.pth
Sun 15 Mar 2026 22:39:27 INFO  Saving current best: saved/SCL-Mar-15-2026_22-39-23.pth
Sun 15 Mar 2026 22:39:27 INFO  Running E-step ! 
Sun 15 Mar 2026 22:39:27 INFO  epoch 7 training [time: 0.18s, train_loss1: 5.5379, train_loss2: 0.0073, train_loss3: 0.0000]
Sun 15 Mar 2026 22:39:27 INFO  epoch 7 evaluating [time: 0.15s, valid_score: 0.049400]
Sun 15 Mar 2026 22:39:27 INFO  valid result: 
recall@1 : 0.0135    recall@2 : 0.023    recall@3 : 0.0311    recall@4 : 0.043    recall@5 : 0.0475    recall@10 : 0.0784    recall@20 : 0.1243    recall@30 : 0.1789    recall@50 : 0.2704    ndcg@1 : 0.0274    ndcg@2 : 0.03    ndcg@3 : 0.0326    ndcg@4 : 0.0371    ndcg@5 : 0.0387    ndcg@10 : 0.0494    ndcg@20 : 0.0632    ndcg@30 : 0.0772    ndcg@50 : 0.0984    precision@1 : 0.0274    precision@2 : 0.0253    precision@3 : 0.0232    precision@4 : 0.0231    precision@5 : 0.0215    precision@10 : 0.0181    precision@20 : 0.0144    precision@30 : 0.0137    precision@50 : 0.0127    map@1 : 0.0274    map@2 : 0.0249    map@3 : 0.0248    map@4 : 0.0265    map@5 : 0.0268    map@10 : 0.0299    map@20 : 0.0333    map@30 : 0.0361    map@50 : 0.0393
Sun 15 Mar 2026 22:39:27 INFO  Saving current: saved/SCL-Mar-15-2026_22-39-23.pth
Sun 15 Mar 2026 22:39:27 INFO  Saving current best: saved/SCL-Mar-15-2026_22-39-23.pth
Sun 15 Mar 2026 22:39:27 INFO  Running E-step ! 
Sun 15 Mar 2026 22:39:27 INFO  epoch 8 training [time: 0.18s, train_loss1: 5.5364, train_loss2: 0.0068, train_loss3: 0.0000]
Sun 15 Mar 2026 22:39:28 INFO  epoch 8 evaluating [time: 0.15s, valid_score: 0.054900]
Sun 15 Mar 2026 22:39:28 INFO  valid result: 
recall@1 : 0.0153    recall@2 : 0.0243    recall@3 : 0.035    recall@4 : 0.0434    recall@5 : 0.0506    recall@10 : 0.0884    recall@20 : 0.1369    recall@30 : 0.1872    recall@50 : 0.2818    ndcg@1 : 0.031    ndcg@2 : 0.0327    ndcg@3 : 0.0368    ndcg@4 : 0.0394    ndcg@5 : 0.0419    ndcg@10 : 0.0549    ndcg@20 : 0.0693    ndcg@30 : 0.0826    ndcg@50 : 0.1043    precision@1 : 0.031    precision@2 : 0.0274    precision@3 : 0.0268    precision@4 : 0.0249    precision@5 : 0.0235    precision@10 : 0.0197    precision@20 : 0.0156    precision@30 : 0.0145    precision@50 : 0.0133    map@1 : 0.031    map@2 : 0.0274    map@3 : 0.028    map@4 : 0.0284    map@5 : 0.0291    map@10 : 0.0333    map@20 : 0.0367    map@30 : 0.0393    map@50 : 0.0427
Sun 15 Mar 2026 22:39:28 INFO  Saving current: saved/SCL-Mar-15-2026_22-39-23.pth
Sun 15 Mar 2026 22:39:28 INFO  Saving current best: saved/SCL-Mar-15-2026_22-39-23.pth
Sun 15 Mar 2026 22:39:28 INFO  Running E-step ! 
Sun 15 Mar 2026 22:39:28 INFO  epoch 9 training [time: 0.18s, train_loss1: 5.5347, train_loss2: 0.0064, train_loss3: 0.0000]
Sun 15 Mar 2026 22:39:28 INFO  epoch 9 evaluating [time: 0.15s, valid_score: 0.059300]
Sun 15 Mar 2026 22:39:28 INFO  valid result: 
recall@1 : 0.0165    recall@2 : 0.0267    recall@3 : 0.0394    recall@4 : 0.0483    recall@5 : 0.058    recall@10 : 0.0931    recall@20 : 0.1551    recall@30 : 0.2025    recall@50 : 0.2949    ndcg@1 : 0.0352    ndcg@2 : 0.0364    ndcg@3 : 0.0409    ndcg@4 : 0.0436    ndcg@5 : 0.0474    ndcg@10 : 0.0593    ndcg@20 : 0.0776    ndcg@30 : 0.0902    ndcg@50 : 0.1115    precision@1 : 0.0352    precision@2 : 0.031    precision@3 : 0.0298    precision@4 : 0.0276    precision@5 : 0.0268    precision@10 : 0.0209    precision@20 : 0.0176    precision@30 : 0.0158    precision@50 : 0.0138    map@1 : 0.0352    map@2 : 0.0304    map@3 : 0.0309    map@4 : 0.0312    map@5 : 0.0326    map@10 : 0.0364    map@20 : 0.041    map@30 : 0.0434    map@50 : 0.0469
Sun 15 Mar 2026 22:39:28 INFO  Saving current: saved/SCL-Mar-15-2026_22-39-23.pth
Sun 15 Mar 2026 22:39:28 INFO  Saving current best: saved/SCL-Mar-15-2026_22-39-23.pth
Sun 15 Mar 2026 22:39:28 INFO  Running E-step ! 
Sun 15 Mar 2026 22:39:28 INFO  epoch 10 training [time: 0.18s, train_loss1: 5.5327, train_loss2: 0.0061, train_loss3: 0.0000]
Sun 15 Mar 2026 22:39:28 INFO  epoch 10 evaluating [time: 0.15s, valid_score: 0.067300]
Sun 15 Mar 2026 22:39:28 INFO  valid result: 
recall@1 : 0.0188    recall@2 : 0.0295    recall@3 : 0.0404    recall@4 : 0.0518    recall@5 : 0.0637    recall@10 : 0.1078    recall@20 : 0.1669    recall@30 : 0.2204    recall@50 : 0.3086    ndcg@1 : 0.0423    ndcg@2 : 0.0412    ndcg@3 : 0.0442    ndcg@4 : 0.0481    ndcg@5 : 0.0524    ndcg@10 : 0.0673    ndcg@20 : 0.0855    ndcg@30 : 0.0995    ndcg@50 : 0.1199    precision@1 : 0.0423    precision@2 : 0.0346    precision@3 : 0.0322    precision@4 : 0.0305    precision@5 : 0.0297    precision@10 : 0.0237    precision@20 : 0.0192    precision@30 : 0.0171    precision@50 : 0.0146    map@1 : 0.0423    map@2 : 0.0343    map@3 : 0.0337    map@4 : 0.0345    map@5 : 0.0361    map@10 : 0.0412    map@20 : 0.0459    map@30 : 0.0487    map@50 : 0.052
Sun 15 Mar 2026 22:39:28 INFO  Saving current: saved/SCL-Mar-15-2026_22-39-23.pth
Sun 15 Mar 2026 22:39:28 INFO  Saving current best: saved/SCL-Mar-15-2026_22-39-23.pth
Sun 15 Mar 2026 22:39:28 INFO  Running E-step ! 
Sun 15 Mar 2026 22:39:28 INFO  epoch 11 training [time: 0.18s, train_loss1: 5.5302, train_loss2: 0.0060, train_loss3: 0.0000]
Sun 15 Mar 2026 22:39:29 INFO  epoch 11 evaluating [time: 0.15s, valid_score: 0.078400]
Sun 15 Mar 2026 22:39:29 INFO  valid result: 
recall@1 : 0.023    recall@2 : 0.0347    recall@3 : 0.0476    recall@4 : 0.06    recall@5 : 0.0712    recall@10 : 0.1236    recall@20 : 0.1863    recall@30 : 0.239    recall@50 : 0.3256    ndcg@1 : 0.0524    ndcg@2 : 0.0482    ndcg@3 : 0.0523    ndcg@4 : 0.0562    ndcg@5 : 0.0599    ndcg@10 : 0.0784    ndcg@20 : 0.0972    ndcg@30 : 0.111    ndcg@50 : 0.1314    precision@1 : 0.0524    precision@2 : 0.0399    precision@3 : 0.0377    precision@4 : 0.0352    precision@5 : 0.0328    precision@10 : 0.0278    precision@20 : 0.0216    precision@30 : 0.0186    precision@50 : 0.0155    map@1 : 0.0524    map@2 : 0.0408    map@3 : 0.0405    map@4 : 0.0413    map@5 : 0.0423    map@10 : 0.0488    map@20 : 0.0537    map@30 : 0.0565    map@50 : 0.06
Sun 15 Mar 2026 22:39:29 INFO  Saving current: saved/SCL-Mar-15-2026_22-39-23.pth
Sun 15 Mar 2026 22:39:29 INFO  Saving current best: saved/SCL-Mar-15-2026_22-39-23.pth
Sun 15 Mar 2026 22:39:29 INFO  Running E-step ! 
Sun 15 Mar 2026 22:39:29 INFO  epoch 12 training [time: 0.18s, train_loss1: 5.5271, train_loss2: 0.0061, train_loss3: 0.0000]
Sun 15 Mar 2026 22:39:29 INFO  epoch 12 evaluating [time: 0.15s, valid_score: 0.089500]
Sun 15 Mar 2026 22:39:29 INFO  valid result: 
recall@1 : 0.0254    recall@2 : 0.0438    recall@3 : 0.0611    recall@4 : 0.076    recall@5 : 0.0879    recall@10 : 0.1366    recall@20 : 0.2099    recall@30 : 0.2694    recall@50 : 0.3532    ndcg@1 : 0.0602    ndcg@2 : 0.0591    ndcg@3 : 0.0641    ndcg@4 : 0.0688    ndcg@5 : 0.0727    ndcg@10 : 0.0895    ndcg@20 : 0.1119    ndcg@30 : 0.1271    ndcg@50 : 0.1468    precision@1 : 0.0602    precision@2 : 0.0507    precision@3 : 0.0467    precision@4 : 0.0432    precision@5 : 0.0396    precision@10 : 0.031    precision@20 : 0.0246    precision@30 : 0.0209    precision@50 : 0.0167    map@1 : 0.0602    map@2 : 0.0498    map@3 : 0.0496    map@4 : 0.0503    map@5 : 0.0515    map@10 : 0.057    map@20 : 0.063    map@30 : 0.0663    map@50 : 0.0697
Sun 15 Mar 2026 22:39:29 INFO  Saving current: saved/SCL-Mar-15-2026_22-39-23.pth
Sun 15 Mar 2026 22:39:29 INFO  Saving current best: saved/SCL-Mar-15-2026_22-39-23.pth
Sun 15 Mar 2026 22:39:29 INFO  Running E-step ! 
Sun 15 Mar 2026 22:39:29 INFO  epoch 13 training [time: 0.18s, train_loss1: 5.5231, train_loss2: 0.0064, train_loss3: 0.0000]
Sun 15 Mar 2026 22:39:29 INFO  epoch 13 evaluating [time: 0.15s, valid_score: 0.104300]
Sun 15 Mar 2026 22:39:29 INFO  valid result: 
recall@1 : 0.0286    recall@2 : 0.0542    recall@3 : 0.0728    recall@4 : 0.0885    recall@5 : 0.1002    recall@10 : 0.1593    recall@20 : 0.2383    recall@30 : 0.2976    recall@50 : 0.3832    ndcg@1 : 0.0662    ndcg@2 : 0.0699    ndcg@3 : 0.0747    ndcg@4 : 0.0796    ndcg@5 : 0.0835    ndcg@10 : 0.1043    ndcg@20 : 0.1281    ndcg@30 : 0.1435    ndcg@50 : 0.1635    precision@1 : 0.0662    precision@2 : 0.0602    precision@3 : 0.054    precision@4 : 0.0495    precision@5 : 0.0454    precision@10 : 0.0366    precision@20 : 0.0279    precision@30 : 0.0232    precision@50 : 0.0181    map@1 : 0.0662    map@2 : 0.0587    map@3 : 0.0576    map@4 : 0.0587    map@5 : 0.0596    map@10 : 0.0668    map@20 : 0.0735    map@30 : 0.0771    map@50 : 0.0806
Sun 15 Mar 2026 22:39:29 INFO  Saving current: saved/SCL-Mar-15-2026_22-39-23.pth
Sun 15 Mar 2026 22:39:29 INFO  Saving current best: saved/SCL-Mar-15-2026_22-39-23.pth
Sun 15 Mar 2026 22:39:29 INFO  Running E-step ! 
Sun 15 Mar 2026 22:39:30 INFO  epoch 14 training [time: 0.18s, train_loss1: 5.5177, train_loss2: 0.0072, train_loss3: 0.0000]
Sun 15 Mar 2026 22:39:30 INFO  epoch 14 evaluating [time: 0.15s, valid_score: 0.123800]
Sun 15 Mar 2026 22:39:30 INFO  valid result: 
recall@1 : 0.039    recall@2 : 0.064    recall@3 : 0.0843    recall@4 : 0.1015    recall@5 : 0.1162    recall@10 : 0.1867    recall@20 : 0.2724    recall@30 : 0.338    recall@50 : 0.4266    ndcg@1 : 0.0834    ndcg@2 : 0.0823    ndcg@3 : 0.089    ndcg@4 : 0.0942    ndcg@5 : 0.0992    ndcg@10 : 0.1238    ndcg@20 : 0.1497    ndcg@30 : 0.1671    ndcg@50 : 0.1875    precision@1 : 0.0834    precision@2 : 0.0679    precision@3 : 0.0634    precision@4 : 0.0577    precision@5 : 0.0534    precision@10 : 0.0427    precision@20 : 0.0319    precision@30 : 0.0266    precision@50 : 0.0202    map@1 : 0.0834    map@2 : 0.0703    map@3 : 0.0703    map@4 : 0.0713    map@5 : 0.0727    map@10 : 0.0817    map@20 : 0.0891    map@30 : 0.0934    map@50 : 0.097
Sun 15 Mar 2026 22:39:30 INFO  Saving current: saved/SCL-Mar-15-2026_22-39-23.pth
Sun 15 Mar 2026 22:39:30 INFO  Saving current best: saved/SCL-Mar-15-2026_22-39-23.pth
Sun 15 Mar 2026 22:39:30 INFO  Running E-step ! 
Sun 15 Mar 2026 22:39:30 INFO  epoch 15 training [time: 0.18s, train_loss1: 5.5103, train_loss2: 0.0086, train_loss3: 0.0000]
Sun 15 Mar 2026 22:39:30 INFO  epoch 15 evaluating [time: 0.15s, valid_score: 0.145100]
Sun 15 Mar 2026 22:39:30 INFO  valid result: 
recall@1 : 0.0456    recall@2 : 0.0718    recall@3 : 0.1032    recall@4 : 0.1228    recall@5 : 0.1418    recall@10 : 0.2171    recall@20 : 0.3106    recall@30 : 0.388    recall@50 : 0.4812    ndcg@1 : 0.0954    ndcg@2 : 0.0939    ndcg@3 : 0.1051    ndcg@4 : 0.1115    ndcg@5 : 0.1181    ndcg@10 : 0.1451    ndcg@20 : 0.1743    ndcg@30 : 0.1941    ndcg@50 : 0.2156    precision@1 : 0.0954    precision@2 : 0.0781    precision@3 : 0.0751    precision@4 : 0.0685    precision@5 : 0.0636    precision@10 : 0.0495    precision@20 : 0.0372    precision@30 : 0.0304    precision@50 : 0.0226    map@1 : 0.0954    map@2 : 0.0808    map@3 : 0.083    map@4 : 0.0849    map@5 : 0.087    map@10 : 0.0972    map@20 : 0.1065    map@30 : 0.1113    map@50 : 0.1154
Sun 15 Mar 2026 22:39:30 INFO  Saving current: saved/SCL-Mar-15-2026_22-39-23.pth
Sun 15 Mar 2026 22:39:30 INFO  Saving current best: saved/SCL-Mar-15-2026_22-39-23.pth
Sun 15 Mar 2026 22:39:30 INFO  Running E-step ! 
Sun 15 Mar 2026 22:39:30 INFO  epoch 16 training [time: 0.18s, train_loss1: 5.4989, train_loss2: 0.0109, train_loss3: 0.0000]
Sun 15 Mar 2026 22:39:30 INFO  epoch 16 evaluating [time: 0.15s, valid_score: 0.173200]
Sun 15 Mar 2026 22:39:30 INFO  valid result: 
recall@1 : 0.0521    recall@2 : 0.0867    recall@3 : 0.1238    recall@4 : 0.1502    recall@5 : 0.171    recall@10 : 0.2627    recall@20 : 0.3784    recall@30 : 0.4465    recall@50 : 0.5436    ndcg@1 : 0.1025    ndcg@2 : 0.1114    ndcg@3 : 0.1237    ndcg@4 : 0.1327    ndcg@5 : 0.1404    ndcg@10 : 0.1732    ndcg@20 : 0.2082    ndcg@30 : 0.2261    ndcg@50 : 0.2486    precision@1 : 0.1025    precision@2 : 0.0951    precision@3 : 0.0886    precision@4 : 0.0824    precision@5 : 0.0768    precision@10 : 0.0598    precision@20 : 0.0442    precision@30 : 0.035    precision@50 : 0.0256    map@1 : 0.1025    map@2 : 0.0951    map@3 : 0.0981    map@4 : 0.1009    map@5 : 0.1033    map@10 : 0.1166    map@20 : 0.1278    map@30 : 0.1327    map@50 : 0.1372
Sun 15 Mar 2026 22:39:30 INFO  Saving current: saved/SCL-Mar-15-2026_22-39-23.pth
Sun 15 Mar 2026 22:39:30 INFO  Saving current best: saved/SCL-Mar-15-2026_22-39-23.pth
Sun 15 Mar 2026 22:39:30 INFO  Running E-step ! 
Sun 15 Mar 2026 22:39:31 INFO  epoch 17 training [time: 0.17s, train_loss1: 5.4814, train_loss2: 0.0143, train_loss3: 0.0000]
Sun 15 Mar 2026 22:39:31 INFO  epoch 17 evaluating [time: 0.15s, valid_score: 0.213800]
Sun 15 Mar 2026 22:39:31 INFO  valid result: 
recall@1 : 0.066    recall@2 : 0.1153    recall@3 : 0.1536    recall@4 : 0.1851    recall@5 : 0.2158    recall@10 : 0.3241    recall@20 : 0.4436    recall@30 : 0.5193    recall@50 : 0.6149    ndcg@1 : 0.1299    ndcg@2 : 0.1389    ndcg@3 : 0.151    ndcg@4 : 0.1624    ndcg@5 : 0.1745    ndcg@10 : 0.2138    ndcg@20 : 0.2501    ndcg@30 : 0.2701    ndcg@50 : 0.2919    precision@1 : 0.1299    precision@2 : 0.1144    precision@3 : 0.1045    precision@4 : 0.0968    precision@5 : 0.0918    precision@10 : 0.0711    precision@20 : 0.0502    precision@30 : 0.0397    precision@50 : 0.0283    map@1 : 0.1299    map@2 : 0.119    map@3 : 0.1204    map@4 : 0.1244    map@5 : 0.1297    map@10 : 0.1468    map@20 : 0.1593    map@30 : 0.1648    map@50 : 0.1694
Sun 15 Mar 2026 22:39:31 INFO  Saving current: saved/SCL-Mar-15-2026_22-39-23.pth
Sun 15 Mar 2026 22:39:31 INFO  Saving current best: saved/SCL-Mar-15-2026_22-39-23.pth
Sun 15 Mar 2026 22:39:31 INFO  Running E-step ! 
Sun 15 Mar 2026 22:39:31 INFO  epoch 18 training [time: 0.16s, train_loss1: 5.4521, train_loss2: 0.0198, train_loss3: 0.0000]
Sun 15 Mar 2026 22:39:31 INFO  epoch 18 evaluating [time: 0.15s, valid_score: 0.254400]
Sun 15 Mar 2026 22:39:31 INFO  valid result: 
recall@1 : 0.0849    recall@2 : 0.1383    recall@3 : 0.1838    recall@4 : 0.2166    recall@5 : 0.257    recall@10 : 0.3888    recall@20 : 0.5193    recall@30 : 0.5954    recall@50 : 0.6891    ndcg@1 : 0.1603    ndcg@2 : 0.1649    ndcg@3 : 0.1782    ndcg@4 : 0.1901    ndcg@5 : 0.2062    ndcg@10 : 0.2544    ndcg@20 : 0.2931    ndcg@30 : 0.313    ndcg@50 : 0.335    precision@1 : 0.1603    precision@2 : 0.1311    precision@3 : 0.116    precision@4 : 0.1064    precision@5 : 0.1025    precision@10 : 0.0814    precision@20 : 0.0554    precision@30 : 0.0431    precision@50 : 0.0305    map@1 : 0.1603    map@2 : 0.1429    map@3 : 0.1444    map@4 : 0.1486    map@5 : 0.1561    map@10 : 0.1772    map@20 : 0.1904    map@30 : 0.1959    map@50 : 0.2007
Sun 15 Mar 2026 22:39:31 INFO  Saving current: saved/SCL-Mar-15-2026_22-39-23.pth
Sun 15 Mar 2026 22:39:31 INFO  Saving current best: saved/SCL-Mar-15-2026_22-39-23.pth
Sun 15 Mar 2026 22:39:31 INFO  Running E-step ! 
Sun 15 Mar 2026 22:39:31 INFO  epoch 19 training [time: 0.18s, train_loss1: 5.3930, train_loss2: 0.0277, train_loss3: 0.0000]
Sun 15 Mar 2026 22:39:31 INFO  epoch 19 evaluating [time: 0.15s, valid_score: 0.285400]
Sun 15 Mar 2026 22:39:31 INFO  valid result: 
recall@1 : 0.103    recall@2 : 0.1608    recall@3 : 0.2205    recall@4 : 0.2656    recall@5 : 0.3011    recall@10 : 0.4347    recall@20 : 0.5832    recall@30 : 0.6437    recall@50 : 0.732    ndcg@1 : 0.1776    ndcg@2 : 0.1856    ndcg@3 : 0.2068    ndcg@4 : 0.2229    ndcg@5 : 0.2366    ndcg@10 : 0.2854    ndcg@20 : 0.3294    ndcg@30 : 0.346    ndcg@50 : 0.367    precision@1 : 0.1776    precision@2 : 0.1418    precision@3 : 0.1289    precision@4 : 0.117    precision@5 : 0.1092    precision@10 : 0.0844    precision@20 : 0.0582    precision@30 : 0.0445    precision@50 : 0.0313    map@1 : 0.1776    map@2 : 0.163    map@3 : 0.1692    map@4 : 0.1761    map@5 : 0.182    map@10 : 0.2031    map@20 : 0.2181    map@30 : 0.223    map@50 : 0.2277
Sun 15 Mar 2026 22:39:31 INFO  Saving current: saved/SCL-Mar-15-2026_22-39-23.pth
Sun 15 Mar 2026 22:39:31 INFO  Saving current best: saved/SCL-Mar-15-2026_22-39-23.pth
Sun 15 Mar 2026 22:39:31 INFO  Running E-step ! 
Sun 15 Mar 2026 22:39:32 INFO  epoch 20 training [time: 0.18s, train_loss1: 5.2680, train_loss2: 0.0332, train_loss3: 0.0000, train_loss4: 0.0034]
Sun 15 Mar 2026 22:39:32 INFO  epoch 20 evaluating [time: 0.15s, valid_score: 0.299700]
Sun 15 Mar 2026 22:39:32 INFO  valid result: 
recall@1 : 0.1156    recall@2 : 0.1878    recall@3 : 0.241    recall@4 : 0.2832    recall@5 : 0.3213    recall@10 : 0.4469    recall@20 : 0.6042    recall@30 : 0.6558    recall@50 : 0.7383    ndcg@1 : 0.1907    ndcg@2 : 0.2078    ndcg@3 : 0.2246    ndcg@4 : 0.2397    ndcg@5 : 0.2548    ndcg@10 : 0.2997    ndcg@20 : 0.3461    ndcg@30 : 0.3605    ndcg@50 : 0.3805    precision@1 : 0.1907    precision@2 : 0.1555    precision@3 : 0.1343    precision@4 : 0.1207    precision@5 : 0.1135    precision@10 : 0.0834    precision@20 : 0.0587    precision@30 : 0.0442    precision@50 : 0.031    map@1 : 0.1907    map@2 : 0.1831    map@3 : 0.1862    map@4 : 0.1923    map@5 : 0.1994    map@10 : 0.2184    map@20 : 0.2337    map@30 : 0.238    map@50 : 0.2426
Sun 15 Mar 2026 22:39:32 INFO  Saving current: saved/SCL-Mar-15-2026_22-39-23.pth
Sun 15 Mar 2026 22:39:32 INFO  Saving current best: saved/SCL-Mar-15-2026_22-39-23.pth
Sun 15 Mar 2026 22:39:32 INFO  Running E-step ! 
Sun 15 Mar 2026 22:39:32 INFO  epoch 21 training [time: 0.20s, train_loss1: 5.0550, train_loss2: 0.0355, train_loss3: 0.0000, train_loss4: 0.0039]
Sun 15 Mar 2026 22:39:32 INFO  epoch 21 evaluating [time: 0.15s, valid_score: 0.308800]
Sun 15 Mar 2026 22:39:32 INFO  valid result: 
recall@1 : 0.1211    recall@2 : 0.205    recall@3 : 0.2556    recall@4 : 0.297    recall@5 : 0.3389    recall@10 : 0.4566    recall@20 : 0.6037    recall@30 : 0.6677    recall@50 : 0.7432    ndcg@1 : 0.1949    ndcg@2 : 0.2198    ndcg@3 : 0.236    ndcg@4 : 0.2508    ndcg@5 : 0.2674    ndcg@10 : 0.3088    ndcg@20 : 0.3524    ndcg@30 : 0.3695    ndcg@50 : 0.3883    precision@1 : 0.1949    precision@2 : 0.163    precision@3 : 0.1389    precision@4 : 0.1243    precision@5 : 0.117    precision@10 : 0.0833    precision@20 : 0.0582    precision@30 : 0.0441    precision@50 : 0.0309    map@1 : 0.1949    map@2 : 0.194    map@3 : 0.1971    map@4 : 0.2025    map@5 : 0.2103    map@10 : 0.2275    map@20 : 0.2418    map@30 : 0.2465    map@50 : 0.251
Sun 15 Mar 2026 22:39:32 INFO  Saving current: saved/SCL-Mar-15-2026_22-39-23.pth
Sun 15 Mar 2026 22:39:32 INFO  Saving current best: saved/SCL-Mar-15-2026_22-39-23.pth
Sun 15 Mar 2026 22:39:32 INFO  Running E-step ! 
Sun 15 Mar 2026 22:39:32 INFO  epoch 22 training [time: 0.18s, train_loss1: 4.7572, train_loss2: 0.0364, train_loss3: 0.0000, train_loss4: 0.0047]
Sun 15 Mar 2026 22:39:32 INFO  epoch 22 evaluating [time: 0.15s, valid_score: 0.309800]
Sun 15 Mar 2026 22:39:32 INFO  valid result: 
recall@1 : 0.1192    recall@2 : 0.2055    recall@3 : 0.2581    recall@4 : 0.3011    recall@5 : 0.3439    recall@10 : 0.4603    recall@20 : 0.6052    recall@30 : 0.6732    recall@50 : 0.7492    ndcg@1 : 0.1931    ndcg@2 : 0.2191    ndcg@3 : 0.2364    ndcg@4 : 0.2522    ndcg@5 : 0.2687    ndcg@10 : 0.3098    ndcg@20 : 0.3525    ndcg@30 : 0.3707    ndcg@50 : 0.3895    precision@1 : 0.1931    precision@2 : 0.1624    precision@3 : 0.1393    precision@4 : 0.1256    precision@5 : 0.1175    precision@10 : 0.0835    precision@20 : 0.0577    precision@30 : 0.0441    precision@50 : 0.0309    map@1 : 0.1931    map@2 : 0.1932    map@3 : 0.197    map@4 : 0.2027    map@5 : 0.2107    map@10 : 0.2278    map@20 : 0.2414    map@30 : 0.2464    map@50 : 0.2508
Sun 15 Mar 2026 22:39:32 INFO  Saving current: saved/SCL-Mar-15-2026_22-39-23.pth
Sun 15 Mar 2026 22:39:32 INFO  Saving current best: saved/SCL-Mar-15-2026_22-39-23.pth
Sun 15 Mar 2026 22:39:32 INFO  Running E-step ! 
Sun 15 Mar 2026 22:39:33 INFO  epoch 23 training [time: 0.26s, train_loss1: 4.4115, train_loss2: 0.0369, train_loss3: 0.0000, train_loss4: 0.0056]
Sun 15 Mar 2026 22:39:33 INFO  epoch 23 evaluating [time: 0.15s, valid_score: 0.311600]
Sun 15 Mar 2026 22:39:33 INFO  valid result: 
recall@1 : 0.124    recall@2 : 0.2049    recall@3 : 0.2616    recall@4 : 0.3054    recall@5 : 0.3425    recall@10 : 0.4603    recall@20 : 0.5997    recall@30 : 0.6739    recall@50 : 0.7524    ndcg@1 : 0.1973    ndcg@2 : 0.2204    ndcg@3 : 0.2396    ndcg@4 : 0.256    ndcg@5 : 0.2702    ndcg@10 : 0.3116    ndcg@20 : 0.3525    ndcg@30 : 0.3724    ndcg@50 : 0.3916    precision@1 : 0.1973    precision@2 : 0.1621    precision@3 : 0.1402    precision@4 : 0.1268    precision@5 : 0.117    precision@10 : 0.0833    precision@20 : 0.0569    precision@30 : 0.0442    precision@50 : 0.0309    map@1 : 0.1973    map@2 : 0.1952    map@3 : 0.2003    map@4 : 0.2064    map@5 : 0.2131    map@10 : 0.2303    map@20 : 0.2434    map@30 : 0.2488    map@50 : 0.2532
Sun 15 Mar 2026 22:39:33 INFO  Saving current: saved/SCL-Mar-15-2026_22-39-23.pth
Sun 15 Mar 2026 22:39:33 INFO  Saving current best: saved/SCL-Mar-15-2026_22-39-23.pth
Sun 15 Mar 2026 22:39:33 INFO  Running E-step ! 
Sun 15 Mar 2026 22:39:33 INFO  epoch 24 training [time: 0.20s, train_loss1: 4.0600, train_loss2: 0.0372, train_loss3: 0.0000, train_loss4: 0.0062]
Sun 15 Mar 2026 22:39:33 INFO  epoch 24 evaluating [time: 0.15s, valid_score: 0.311600]
Sun 15 Mar 2026 22:39:33 INFO  valid result: 
recall@1 : 0.1229    recall@2 : 0.2033    recall@3 : 0.2653    recall@4 : 0.3046    recall@5 : 0.3425    recall@10 : 0.4615    recall@20 : 0.5995    recall@30 : 0.6718    recall@50 : 0.7564    ndcg@1 : 0.1973    ndcg@2 : 0.2195    ndcg@3 : 0.2412    ndcg@4 : 0.2556    ndcg@5 : 0.27    ndcg@10 : 0.3116    ndcg@20 : 0.352    ndcg@30 : 0.3718    ndcg@50 : 0.392    precision@1 : 0.1973    precision@2 : 0.1621    precision@3 : 0.142    precision@4 : 0.1269    precision@5 : 0.117    precision@10 : 0.0832    precision@20 : 0.0564    precision@30 : 0.0441    precision@50 : 0.0309    map@1 : 0.1973    map@2 : 0.1943    map@3 : 0.201    map@4 : 0.206    map@5 : 0.2126    map@10 : 0.23    map@20 : 0.2427    map@30 : 0.2482    map@50 : 0.2527
Sun 15 Mar 2026 22:39:33 INFO  Saving current: saved/SCL-Mar-15-2026_22-39-23.pth
Sun 15 Mar 2026 22:39:33 INFO  Saving current best: saved/SCL-Mar-15-2026_22-39-23.pth
Sun 15 Mar 2026 22:39:33 INFO  Running E-step ! 
Sun 15 Mar 2026 22:39:33 INFO  epoch 25 training [time: 0.17s, train_loss1: 3.7918, train_loss2: 0.0375, train_loss3: 0.0000, train_loss4: 0.0067]
Sun 15 Mar 2026 22:39:34 INFO  epoch 25 evaluating [time: 0.15s, valid_score: 0.311700]
Sun 15 Mar 2026 22:39:34 INFO  valid result: 
recall@1 : 0.1229    recall@2 : 0.2026    recall@3 : 0.2665    recall@4 : 0.3045    recall@5 : 0.3421    recall@10 : 0.4615    recall@20 : 0.5997    recall@30 : 0.6674    recall@50 : 0.7581    ndcg@1 : 0.1973    ndcg@2 : 0.2187    ndcg@3 : 0.2419    ndcg@4 : 0.2555    ndcg@5 : 0.2697    ndcg@10 : 0.3117    ndcg@20 : 0.3519    ndcg@30 : 0.3706    ndcg@50 : 0.3921    precision@1 : 0.1973    precision@2 : 0.1612    precision@3 : 0.1428    precision@4 : 0.1268    precision@5 : 0.1167    precision@10 : 0.0833    precision@20 : 0.0563    precision@30 : 0.0437    precision@50 : 0.0308    map@1 : 0.1973    map@2 : 0.1935    map@3 : 0.2014    map@4 : 0.206    map@5 : 0.2123    map@10 : 0.2299    map@20 : 0.2426    map@30 : 0.2479    map@50 : 0.2525
Sun 15 Mar 2026 22:39:34 INFO  Saving current: saved/SCL-Mar-15-2026_22-39-23.pth
Sun 15 Mar 2026 22:39:34 INFO  Saving current best: saved/SCL-Mar-15-2026_22-39-23.pth
Sun 15 Mar 2026 22:39:34 INFO  Running E-step ! 
Sun 15 Mar 2026 22:39:34 INFO  epoch 26 training [time: 0.18s, train_loss1: 3.5977, train_loss2: 0.0378, train_loss3: 0.0000, train_loss4: 0.0069]
Sun 15 Mar 2026 22:39:34 INFO  epoch 26 evaluating [time: 0.15s, valid_score: 0.312500]
Sun 15 Mar 2026 22:39:34 INFO  valid result: 
recall@1 : 0.1247    recall@2 : 0.2026    recall@3 : 0.2668    recall@4 : 0.3055    recall@5 : 0.343    recall@10 : 0.4617    recall@20 : 0.5982    recall@30 : 0.6662    recall@50 : 0.7584    ndcg@1 : 0.199    ndcg@2 : 0.2194    ndcg@3 : 0.2427    ndcg@4 : 0.2566    ndcg@5 : 0.2707    ndcg@10 : 0.3125    ndcg@20 : 0.3522    ndcg@30 : 0.371    ndcg@50 : 0.3928    precision@1 : 0.199    precision@2 : 0.1612    precision@3 : 0.143    precision@4 : 0.1269    precision@5 : 0.1167    precision@10 : 0.0833    precision@20 : 0.0561    precision@30 : 0.0436    precision@50 : 0.0308    map@1 : 0.199    map@2 : 0.1944    map@3 : 0.2024    map@4 : 0.2071    map@5 : 0.2134    map@10 : 0.2309    map@20 : 0.2434    map@30 : 0.2487    map@50 : 0.2534
Sun 15 Mar 2026 22:39:34 INFO  Saving current: saved/SCL-Mar-15-2026_22-39-23.pth
Sun 15 Mar 2026 22:39:34 INFO  Saving current best: saved/SCL-Mar-15-2026_22-39-23.pth
Sun 15 Mar 2026 22:39:34 INFO  Running E-step ! 
Sun 15 Mar 2026 22:39:34 INFO  epoch 27 training [time: 0.19s, train_loss1: 3.4285, train_loss2: 0.0380, train_loss3: 0.0000, train_loss4: 0.0071]
Sun 15 Mar 2026 22:39:34 INFO  epoch 27 evaluating [time: 0.15s, valid_score: 0.311900]
Sun 15 Mar 2026 22:39:34 INFO  valid result: 
recall@1 : 0.1233    recall@2 : 0.2026    recall@3 : 0.2668    recall@4 : 0.3048    recall@5 : 0.3427    recall@10 : 0.4617    recall@20 : 0.5987    recall@30 : 0.6663    recall@50 : 0.7609    ndcg@1 : 0.1979    ndcg@2 : 0.2189    ndcg@3 : 0.2423    ndcg@4 : 0.2559    ndcg@5 : 0.27    ndcg@10 : 0.3119    ndcg@20 : 0.3517    ndcg@30 : 0.3704    ndcg@50 : 0.3926    precision@1 : 0.1979    precision@2 : 0.1612    precision@3 : 0.143    precision@4 : 0.1269    precision@5 : 0.1164    precision@10 : 0.0832    precision@20 : 0.0561    precision@30 : 0.0436    precision@50 : 0.0309    map@1 : 0.1979    map@2 : 0.1938    map@3 : 0.2017    map@4 : 0.2063    map@5 : 0.2126    map@10 : 0.2302    map@20 : 0.2427    map@30 : 0.2479    map@50 : 0.2527
Sun 15 Mar 2026 22:39:34 INFO  Running E-step ! 
Sun 15 Mar 2026 22:39:34 INFO  epoch 28 training [time: 0.18s, train_loss1: 3.3343, train_loss2: 0.0382, train_loss3: 0.0000, train_loss4: 0.0072]
Sun 15 Mar 2026 22:39:35 INFO  epoch 28 evaluating [time: 0.15s, valid_score: 0.311900]
Sun 15 Mar 2026 22:39:35 INFO  valid result: 
recall@1 : 0.1242    recall@2 : 0.2024    recall@3 : 0.2663    recall@4 : 0.3057    recall@5 : 0.3425    recall@10 : 0.4609    recall@20 : 0.5986    recall@30 : 0.6672    recall@50 : 0.7622    ndcg@1 : 0.199    ndcg@2 : 0.219    ndcg@3 : 0.2423    ndcg@4 : 0.2566    ndcg@5 : 0.2702    ndcg@10 : 0.3119    ndcg@20 : 0.3519    ndcg@30 : 0.3708    ndcg@50 : 0.3931    precision@1 : 0.199    precision@2 : 0.1609    precision@3 : 0.1426    precision@4 : 0.1272    precision@5 : 0.1163    precision@10 : 0.0831    precision@20 : 0.0561    precision@30 : 0.0437    precision@50 : 0.0309    map@1 : 0.199    map@2 : 0.1941    map@3 : 0.202    map@4 : 0.2069    map@5 : 0.2129    map@10 : 0.2304    map@20 : 0.243    map@30 : 0.2483    map@50 : 0.253
Sun 15 Mar 2026 22:39:35 INFO  Running E-step ! 
Sun 15 Mar 2026 22:39:35 INFO  epoch 29 training [time: 0.19s, train_loss1: 3.2815, train_loss2: 0.0384, train_loss3: 0.0000, train_loss4: 0.0072]
Sun 15 Mar 2026 22:39:35 INFO  epoch 29 evaluating [time: 0.15s, valid_score: 0.312400]
Sun 15 Mar 2026 22:39:35 INFO  valid result: 
recall@1 : 0.126    recall@2 : 0.2024    recall@3 : 0.2671    recall@4 : 0.3054    recall@5 : 0.3419    recall@10 : 0.4604    recall@20 : 0.598    recall@30 : 0.6658    recall@50 : 0.7622    ndcg@1 : 0.2008    ndcg@2 : 0.2196    ndcg@3 : 0.2432    ndcg@4 : 0.2571    ndcg@5 : 0.2707    ndcg@10 : 0.3124    ndcg@20 : 0.3524    ndcg@30 : 0.371    ndcg@50 : 0.3937    precision@1 : 0.2008    precision@2 : 0.1609    precision@3 : 0.1428    precision@4 : 0.1271    precision@5 : 0.1162    precision@10 : 0.0831    precision@20 : 0.0561    precision@30 : 0.0435    precision@50 : 0.0309    map@1 : 0.2008    map@2 : 0.1949    map@3 : 0.203    map@4 : 0.2077    map@5 : 0.2137    map@10 : 0.2312    map@20 : 0.2438    map@30 : 0.249    map@50 : 0.2538
Sun 15 Mar 2026 22:39:35 INFO  Running E-step ! 
Sun 15 Mar 2026 22:39:35 INFO  epoch 30 training [time: 0.21s, train_loss1: 3.2086, train_loss2: 0.0386, train_loss3: 0.0000, train_loss4: 0.0072]
Sun 15 Mar 2026 22:39:35 INFO  epoch 30 evaluating [time: 0.15s, valid_score: 0.313100]
Sun 15 Mar 2026 22:39:35 INFO  valid result: 
recall@1 : 0.1277    recall@2 : 0.2024    recall@3 : 0.2668    recall@4 : 0.3054    recall@5 : 0.3419    recall@10 : 0.4604    recall@20 : 0.5978    recall@30 : 0.6652    recall@50 : 0.7611    ndcg@1 : 0.2032    ndcg@2 : 0.2203    ndcg@3 : 0.2438    ndcg@4 : 0.2578    ndcg@5 : 0.2714    ndcg@10 : 0.3131    ndcg@20 : 0.353    ndcg@30 : 0.3716    ndcg@50 : 0.3942    precision@1 : 0.2032    precision@2 : 0.1609    precision@3 : 0.1428    precision@4 : 0.1271    precision@5 : 0.1162    precision@10 : 0.0831    precision@20 : 0.056    precision@30 : 0.0435    precision@50 : 0.0309    map@1 : 0.2032    map@2 : 0.1958    map@3 : 0.2038    map@4 : 0.2086    map@5 : 0.2146    map@10 : 0.2321    map@20 : 0.2447    map@30 : 0.2499    map@50 : 0.2547
Sun 15 Mar 2026 22:39:35 INFO  Saving current: saved/SCL-Mar-15-2026_22-39-23.pth
Sun 15 Mar 2026 22:39:35 INFO  Saving current best: saved/SCL-Mar-15-2026_22-39-23.pth
Sun 15 Mar 2026 22:39:35 INFO  Running E-step ! 
Sun 15 Mar 2026 22:39:36 INFO  epoch 31 training [time: 0.22s, train_loss1: 3.2438, train_loss2: 0.0387, train_loss3: 0.0000, train_loss4: 0.0072]
Sun 15 Mar 2026 22:39:36 INFO  epoch 31 evaluating [time: 0.15s, valid_score: 0.312300]
Sun 15 Mar 2026 22:39:36 INFO  valid result: 
recall@1 : 0.1265    recall@2 : 0.202    recall@3 : 0.2656    recall@4 : 0.3048    recall@5 : 0.3407    recall@10 : 0.4598    recall@20 : 0.5976    recall@30 : 0.6656    recall@50 : 0.7607    ndcg@1 : 0.202    ndcg@2 : 0.2197    ndcg@3 : 0.2427    ndcg@4 : 0.257    ndcg@5 : 0.2703    ndcg@10 : 0.3123    ndcg@20 : 0.3524    ndcg@30 : 0.3711    ndcg@50 : 0.3935    precision@1 : 0.202    precision@2 : 0.1609    precision@3 : 0.1424    precision@4 : 0.1269    precision@5 : 0.116    precision@10 : 0.0831    precision@20 : 0.0562    precision@30 : 0.0436    precision@50 : 0.0309    map@1 : 0.202    map@2 : 0.195    map@3 : 0.2028    map@4 : 0.2077    map@5 : 0.2136    map@10 : 0.2312    map@20 : 0.2439    map@30 : 0.2491    map@50 : 0.2538
Sun 15 Mar 2026 22:39:36 INFO  Running E-step ! 
Sun 15 Mar 2026 22:39:36 INFO  epoch 32 training [time: 0.19s, train_loss1: 3.1882, train_loss2: 0.0388, train_loss3: 0.0000, train_loss4: 0.0070]
Sun 15 Mar 2026 22:39:36 INFO  epoch 32 evaluating [time: 0.15s, valid_score: 0.312400]
Sun 15 Mar 2026 22:39:36 INFO  valid result: 
recall@1 : 0.127    recall@2 : 0.2025    recall@3 : 0.2647    recall@4 : 0.304    recall@5 : 0.3415    recall@10 : 0.4595    recall@20 : 0.5972    recall@30 : 0.6655    recall@50 : 0.7586    ndcg@1 : 0.202    ndcg@2 : 0.2205    ndcg@3 : 0.2425    ndcg@4 : 0.2568    ndcg@5 : 0.2707    ndcg@10 : 0.3124    ndcg@20 : 0.3525    ndcg@30 : 0.3713    ndcg@50 : 0.3933    precision@1 : 0.202    precision@2 : 0.1618    precision@3 : 0.1422    precision@4 : 0.1266    precision@5 : 0.116    precision@10 : 0.0831    precision@20 : 0.0562    precision@30 : 0.0436    precision@50 : 0.0309    map@1 : 0.202    map@2 : 0.1958    map@3 : 0.2028    map@4 : 0.2077    map@5 : 0.214    map@10 : 0.2314    map@20 : 0.2441    map@30 : 0.2494    map@50 : 0.2541
Sun 15 Mar 2026 22:39:36 INFO  Running E-step ! 
Sun 15 Mar 2026 22:39:36 INFO  epoch 33 training [time: 0.19s, train_loss1: 3.1883, train_loss2: 0.0389, train_loss3: 0.0000, train_loss4: 0.0070]
Sun 15 Mar 2026 22:39:36 INFO  epoch 33 evaluating [time: 0.15s, valid_score: 0.312200]
Sun 15 Mar 2026 22:39:36 INFO  valid result: 
recall@1 : 0.1264    recall@2 : 0.2025    recall@3 : 0.2651    recall@4 : 0.3036    recall@5 : 0.3417    recall@10 : 0.4595    recall@20 : 0.5981    recall@30 : 0.6655    recall@50 : 0.758    ndcg@1 : 0.2014    ndcg@2 : 0.2203    ndcg@3 : 0.2425    ndcg@4 : 0.2565    ndcg@5 : 0.2706    ndcg@10 : 0.3122    ndcg@20 : 0.3525    ndcg@30 : 0.3712    ndcg@50 : 0.3931    precision@1 : 0.2014    precision@2 : 0.1618    precision@3 : 0.1424    precision@4 : 0.1266    precision@5 : 0.1162    precision@10 : 0.0831    precision@20 : 0.0563    precision@30 : 0.0437    precision@50 : 0.0309    map@1 : 0.2014    map@2 : 0.1955    map@3 : 0.2027    map@4 : 0.2074    map@5 : 0.2138    map@10 : 0.2311    map@20 : 0.2439    map@30 : 0.2492    map@50 : 0.2539
Sun 15 Mar 2026 22:39:36 INFO  Running E-step ! 
Sun 15 Mar 2026 22:39:37 INFO  epoch 34 training [time: 0.18s, train_loss1: 3.1555, train_loss2: 0.0390, train_loss3: 0.0000, train_loss4: 0.0067]
Sun 15 Mar 2026 22:39:37 INFO  epoch 34 evaluating [time: 0.15s, valid_score: 0.312600]
Sun 15 Mar 2026 22:39:37 INFO  valid result: 
recall@1 : 0.127    recall@2 : 0.2022    recall@3 : 0.265    recall@4 : 0.3036    recall@5 : 0.3429    recall@10 : 0.4602    recall@20 : 0.5979    recall@30 : 0.666    recall@50 : 0.7575    ndcg@1 : 0.202    ndcg@2 : 0.2203    ndcg@3 : 0.2424    ndcg@4 : 0.2566    ndcg@5 : 0.2713    ndcg@10 : 0.3126    ndcg@20 : 0.3527    ndcg@30 : 0.3715    ndcg@50 : 0.3933    precision@1 : 0.202    precision@2 : 0.1615    precision@3 : 0.142    precision@4 : 0.1266    precision@5 : 0.1164    precision@10 : 0.0833    precision@20 : 0.0563    precision@30 : 0.0437    precision@50 : 0.0309    map@1 : 0.202    map@2 : 0.1955    map@3 : 0.2027    map@4 : 0.2076    map@5 : 0.2142    map@10 : 0.2315    map@20 : 0.2442    map@30 : 0.2495    map@50 : 0.2542
Sun 15 Mar 2026 22:39:37 INFO  Running E-step ! 
Sun 15 Mar 2026 22:39:37 INFO  epoch 35 training [time: 0.19s, train_loss1: 3.1923, train_loss2: 0.0391, train_loss3: 0.0000, train_loss4: 0.0067]
Sun 15 Mar 2026 22:39:37 INFO  epoch 35 evaluating [time: 0.15s, valid_score: 0.312900]
Sun 15 Mar 2026 22:39:37 INFO  valid result: 
recall@1 : 0.127    recall@2 : 0.2022    recall@3 : 0.265    recall@4 : 0.3042    recall@5 : 0.3424    recall@10 : 0.4608    recall@20 : 0.5985    recall@30 : 0.6669    recall@50 : 0.7568    ndcg@1 : 0.202    ndcg@2 : 0.2203    ndcg@3 : 0.2426    ndcg@4 : 0.2569    ndcg@5 : 0.2711    ndcg@10 : 0.3129    ndcg@20 : 0.3531    ndcg@30 : 0.372    ndcg@50 : 0.3934    precision@1 : 0.202    precision@2 : 0.1615    precision@3 : 0.1422    precision@4 : 0.1268    precision@5 : 0.1163    precision@10 : 0.0833    precision@20 : 0.0564    precision@30 : 0.0438    precision@50 : 0.0309    map@1 : 0.202    map@2 : 0.1955    map@3 : 0.2028    map@4 : 0.2078    map@5 : 0.2142    map@10 : 0.2317    map@20 : 0.2444    map@30 : 0.2497    map@50 : 0.2544
Sun 15 Mar 2026 22:39:37 INFO  Running E-step ! 
Sun 15 Mar 2026 22:39:37 INFO  epoch 36 training [time: 0.18s, train_loss1: 3.1712, train_loss2: 0.0392, train_loss3: 0.0000, train_loss4: 0.0064]
Sun 15 Mar 2026 22:39:37 INFO  epoch 36 evaluating [time: 0.14s, valid_score: 0.312900]
Sun 15 Mar 2026 22:39:37 INFO  valid result: 
recall@1 : 0.127    recall@2 : 0.2022    recall@3 : 0.265    recall@4 : 0.3052    recall@5 : 0.3424    recall@10 : 0.4606    recall@20 : 0.5984    recall@30 : 0.6659    recall@50 : 0.7569    ndcg@1 : 0.202    ndcg@2 : 0.2203    ndcg@3 : 0.2424    ndcg@4 : 0.2574    ndcg@5 : 0.2711    ndcg@10 : 0.3129    ndcg@20 : 0.3531    ndcg@30 : 0.3718    ndcg@50 : 0.3935    precision@1 : 0.202    precision@2 : 0.1615    precision@3 : 0.142    precision@4 : 0.1272    precision@5 : 0.1163    precision@10 : 0.0833    precision@20 : 0.0563    precision@30 : 0.0438    precision@50 : 0.031    map@1 : 0.202    map@2 : 0.1955    map@3 : 0.2027    map@4 : 0.208    map@5 : 0.2142    map@10 : 0.2317    map@20 : 0.2445    map@30 : 0.2497    map@50 : 0.2545
Sun 15 Mar 2026 22:39:37 INFO  Running E-step ! 
Sun 15 Mar 2026 22:39:38 INFO  epoch 37 training [time: 0.17s, train_loss1: 3.1582, train_loss2: 0.0393, train_loss3: 0.0000, train_loss4: 0.0063]
Sun 15 Mar 2026 22:39:38 INFO  epoch 37 evaluating [time: 0.15s, valid_score: 0.312900]
Sun 15 Mar 2026 22:39:38 INFO  valid result: 
recall@1 : 0.1264    recall@2 : 0.2023    recall@3 : 0.265    recall@4 : 0.3055    recall@5 : 0.3421    recall@10 : 0.4609    recall@20 : 0.5989    recall@30 : 0.6664    recall@50 : 0.757    ndcg@1 : 0.2014    ndcg@2 : 0.2203    ndcg@3 : 0.2423    ndcg@4 : 0.2574    ndcg@5 : 0.2709    ndcg@10 : 0.3129    ndcg@20 : 0.3532    ndcg@30 : 0.3718    ndcg@50 : 0.3934    precision@1 : 0.2014    precision@2 : 0.1618    precision@3 : 0.142    precision@4 : 0.1275    precision@5 : 0.1164    precision@10 : 0.0834    precision@20 : 0.0565    precision@30 : 0.0438    precision@50 : 0.031    map@1 : 0.2014    map@2 : 0.1955    map@3 : 0.2025    map@4 : 0.2079    map@5 : 0.214    map@10 : 0.2316    map@20 : 0.2444    map@30 : 0.2496    map@50 : 0.2544
Sun 15 Mar 2026 22:39:38 INFO  Running E-step ! 
Sun 15 Mar 2026 22:39:38 INFO  epoch 38 training [time: 0.18s, train_loss1: 3.1342, train_loss2: 0.0394, train_loss3: 0.0000, train_loss4: 0.0061]
Sun 15 Mar 2026 22:39:38 INFO  epoch 38 evaluating [time: 0.15s, valid_score: 0.312800]
Sun 15 Mar 2026 22:39:38 INFO  valid result: 
recall@1 : 0.127    recall@2 : 0.2023    recall@3 : 0.2651    recall@4 : 0.3055    recall@5 : 0.3419    recall@10 : 0.4599    recall@20 : 0.5988    recall@30 : 0.6673    recall@50 : 0.756    ndcg@1 : 0.202    ndcg@2 : 0.2205    ndcg@3 : 0.2426    ndcg@4 : 0.2576    ndcg@5 : 0.2711    ndcg@10 : 0.3128    ndcg@20 : 0.3534    ndcg@30 : 0.3723    ndcg@50 : 0.3935    precision@1 : 0.202    precision@2 : 0.1618    precision@3 : 0.1422    precision@4 : 0.1275    precision@5 : 0.1164    precision@10 : 0.0834    precision@20 : 0.0566    precision@30 : 0.0439    precision@50 : 0.031    map@1 : 0.202    map@2 : 0.1958    map@3 : 0.2028    map@4 : 0.2082    map@5 : 0.2143    map@10 : 0.2318    map@20 : 0.2446    map@30 : 0.2499    map@50 : 0.2547
Sun 15 Mar 2026 22:39:38 INFO  Running E-step ! 
Sun 15 Mar 2026 22:39:38 INFO  epoch 39 training [time: 0.19s, train_loss1: 3.1656, train_loss2: 0.0395, train_loss3: 0.0000, train_loss4: 0.0060]
Sun 15 Mar 2026 22:39:38 INFO  epoch 39 evaluating [time: 0.15s, valid_score: 0.312900]
Sun 15 Mar 2026 22:39:38 INFO  valid result: 
recall@1 : 0.1269    recall@2 : 0.2026    recall@3 : 0.2648    recall@4 : 0.3055    recall@5 : 0.3423    recall@10 : 0.4599    recall@20 : 0.5999    recall@30 : 0.6697    recall@50 : 0.7558    ndcg@1 : 0.2014    ndcg@2 : 0.2206    ndcg@3 : 0.2425    ndcg@4 : 0.2576    ndcg@5 : 0.2713    ndcg@10 : 0.3129    ndcg@20 : 0.3538    ndcg@30 : 0.3728    ndcg@50 : 0.3935    precision@1 : 0.2014    precision@2 : 0.1621    precision@3 : 0.1422    precision@4 : 0.1275    precision@5 : 0.1167    precision@10 : 0.0835    precision@20 : 0.0568    precision@30 : 0.044    precision@50 : 0.0311    map@1 : 0.2014    map@2 : 0.1959    map@3 : 0.2028    map@4 : 0.2082    map@5 : 0.2144    map@10 : 0.2319    map@20 : 0.2448    map@30 : 0.2501    map@50 : 0.2548
Sun 15 Mar 2026 22:39:38 INFO  Running E-step ! 
Sun 15 Mar 2026 22:39:39 INFO  epoch 40 training [time: 0.20s, train_loss1: 3.0980, train_loss2: 0.0396, train_loss3: 0.0000, train_loss4: 0.0058]
Sun 15 Mar 2026 22:39:39 INFO  epoch 40 evaluating [time: 0.15s, valid_score: 0.313000]
Sun 15 Mar 2026 22:39:39 INFO  valid result: 
recall@1 : 0.1263    recall@2 : 0.2025    recall@3 : 0.2641    recall@4 : 0.306    recall@5 : 0.3423    recall@10 : 0.4616    recall@20 : 0.5996    recall@30 : 0.6698    recall@50 : 0.7563    ndcg@1 : 0.2008    ndcg@2 : 0.2202    ndcg@3 : 0.2418    ndcg@4 : 0.2574    ndcg@5 : 0.271    ndcg@10 : 0.313    ndcg@20 : 0.3535    ndcg@30 : 0.3726    ndcg@50 : 0.3935    precision@1 : 0.2008    precision@2 : 0.1618    precision@3 : 0.1418    precision@4 : 0.1275    precision@5 : 0.1168    precision@10 : 0.0836    precision@20 : 0.0568    precision@30 : 0.0441    precision@50 : 0.0311    map@1 : 0.2008    map@2 : 0.1953    map@3 : 0.2022    map@4 : 0.2078    map@5 : 0.214    map@10 : 0.2316    map@20 : 0.2445    map@30 : 0.2498    map@50 : 0.2545
Sun 15 Mar 2026 22:39:39 INFO  Running E-step ! 
Sun 15 Mar 2026 22:39:39 INFO  epoch 41 training [time: 0.20s, train_loss1: 3.0856, train_loss2: 0.0397, train_loss3: 0.0000, train_loss4: 0.0057]
Sun 15 Mar 2026 22:39:39 INFO  epoch 41 evaluating [time: 0.15s, valid_score: 0.313000]
Sun 15 Mar 2026 22:39:39 INFO  valid result: 
recall@1 : 0.1257    recall@2 : 0.2025    recall@3 : 0.2647    recall@4 : 0.3058    recall@5 : 0.3418    recall@10 : 0.4622    recall@20 : 0.5998    recall@30 : 0.6697    recall@50 : 0.7587    ndcg@1 : 0.2002    ndcg@2 : 0.2199    ndcg@3 : 0.2418    ndcg@4 : 0.2572    ndcg@5 : 0.2706    ndcg@10 : 0.313    ndcg@20 : 0.3534    ndcg@30 : 0.3724    ndcg@50 : 0.3938    precision@1 : 0.2002    precision@2 : 0.1618    precision@3 : 0.1418    precision@4 : 0.1277    precision@5 : 0.1167    precision@10 : 0.0837    precision@20 : 0.0569    precision@30 : 0.0441    precision@50 : 0.0312    map@1 : 0.2002    map@2 : 0.195    map@3 : 0.2019    map@4 : 0.2075    map@5 : 0.2137    map@10 : 0.2314    map@20 : 0.2443    map@30 : 0.2496    map@50 : 0.2544
Sun 15 Mar 2026 22:39:39 INFO  Finished training, best eval result in epoch 30
Sun 15 Mar 2026 22:39:39 INFO  Loading model structure and parameters from saved/SCL-Mar-15-2026_22-39-23.pth
Sun 15 Mar 2026 22:39:39 INFO  best valid : OrderedDict([('recall@1', 0.1277), ('recall@2', 0.2024), ('recall@3', 0.2668), ('recall@4', 0.3054), ('recall@5', 0.3419), ('recall@10', 0.4604), ('recall@20', 0.5978), ('recall@30', 0.6652), ('recall@50', 0.7611), ('ndcg@1', 0.2032), ('ndcg@2', 0.2203), ('ndcg@3', 0.2438), ('ndcg@4', 0.2578), ('ndcg@5', 0.2714), ('ndcg@10', 0.3131), ('ndcg@20', 0.353), ('ndcg@30', 0.3716), ('ndcg@50', 0.3942), ('precision@1', 0.2032), ('precision@2', 0.1609), ('precision@3', 0.1428), ('precision@4', 0.1271), ('precision@5', 0.1162), ('precision@10', 0.0831), ('precision@20', 0.056), ('precision@30', 0.0435), ('precision@50', 0.0309), ('map@1', 0.2032), ('map@2', 0.1958), ('map@3', 0.2038), ('map@4', 0.2086), ('map@5', 0.2146), ('map@10', 0.2321), ('map@20', 0.2447), ('map@30', 0.2499), ('map@50', 0.2547)])
Sun 15 Mar 2026 22:39:39 INFO  test result: OrderedDict([('recall@1', 0.1442), ('recall@2', 0.2477), ('recall@3', 0.2903), ('recall@4', 0.3289), ('recall@5', 0.3615), ('recall@10', 0.4767), ('recall@20', 0.6207), ('recall@30', 0.6875), ('recall@50', 0.7844), ('ndcg@1', 0.235), ('ndcg@2', 0.2675), ('ndcg@3', 0.2772), ('ndcg@4', 0.2885), ('ndcg@5', 0.299), ('ndcg@10', 0.3372), ('ndcg@20', 0.3781), ('ndcg@30', 0.396), ('ndcg@50', 0.4188), ('precision@1', 0.235), ('precision@2', 0.1987), ('precision@3', 0.162), ('precision@4', 0.1398), ('precision@5', 0.1247), ('precision@10', 0.086), ('precision@20', 0.0576), ('precision@30', 0.0439), ('precision@50', 0.0312), ('map@1', 0.235), ('map@2', 0.2389), ('map@3', 0.2371), ('map@4', 0.24), ('map@5', 0.2434), ('map@10', 0.2577), ('map@20', 0.2704), ('map@30', 0.2753), ('map@50', 0.2804)])
Sun 15 Mar 2026 22:39:39 INFO  training time: 15.0975s
Sun 15 Mar 2026 22:39:39 INFO  result file: results/again/scl_wo_semantic_seed2022.json
