Mon 16 Mar 2026 13:04:05 INFO  
General Hyper Parameters:
gpu_id = 0
use_gpu = True
seed = 2022
state = INFO
reproducibility = True
data_path = ./travel
checkpoint_dir = saved
show_progress = True
save_dataset = False
dataset_save_path = None
save_dataloaders = False
dataloaders_save_path = None
log_wandb = False

Training Hyper Parameters:
epochs = 1000
train_batch_size = 4096
learner = adam
learning_rate = 0.001
train_neg_sample_args = {'distribution': 'uniform', 'sample_num': 1, 'alpha': 1.0, 'dynamic': False, 'candidate_num': 0}
eval_step = 1
stopping_step = 10
clip_grad_norm = None
weight_decay = 0.0
loss_decimal_place = 4

Evaluation Hyper Parameters:
eval_args = {'split': {'RS': [0.8, 0.1, 0.1]}, 'order': 'RO', 'group_by': 'user', 'mode': {'valid': 'full', 'test': 'full'}}
repeatable = False
metrics = ['Recall', 'NDCG', 'Precision', 'MAP']
topk = [1, 2, 3, 4, 5, 10, 20, 30, 50]
valid_metric = NDCG@10
valid_metric_bigger = True
eval_batch_size = 4096
metric_decimal_place = 4

Dataset Hyper Parameters:
field_separator = 	
seq_separator =  
USER_ID_FIELD = user_id
ITEM_ID_FIELD = item_id
RATING_FIELD = rating
TIME_FIELD = timestamp
seq_len = None
LABEL_FIELD = label
threshold = None
NEG_PREFIX = neg_
load_col = {'inter': ['user_id', 'item_id', 'rating'], 'user': ['user_id', 'post_num', 'follower', 'following', 'timestamp']}
unload_col = None
unused_col = None
additional_feat_suffix = None
rm_dup_inter = None
val_interval = {'rating': '[0,inf)'}
filter_inter_by_user_or_item = True
user_inter_num_interval = [0,inf)
item_inter_num_interval = [0,inf)
alias_of_user_id = None
alias_of_item_id = None
alias_of_entity_id = None
alias_of_relation_id = None
preload_weight = None
normalize_field = None
normalize_all = None
ITEM_LIST_LENGTH_FIELD = item_length
LIST_SUFFIX = _list
MAX_ITEM_LIST_LENGTH = 50
POSITION_FIELD = position_id
HEAD_ENTITY_ID_FIELD = head_id
TAIL_ENTITY_ID_FIELD = tail_id
RELATION_ID_FIELD = relation_id
ENTITY_ID_FIELD = entity_id
benchmark_filename = None

Other Hyper Parameters: 
worker = 0
wandb_project = recbole
shuffle = True
require_pow = False
enable_amp = False
enable_scaler = False
transform = None
numerical_features = []
discretization = None
kg_reverse_r = False
entity_kg_num_interval = [0,inf)
relation_kg_num_interval = [0,inf)
MODEL_TYPE = ModelType.GENERAL
stoping_step = 20
embedding_size = 64
n_layers = 3
reg_weight = 0.0001
smt_latent_dim = 64
ssl_temp = 0.1
ssl_reg = 0.0
hyper_layers = 1
alpha = 1
potential_reg = 8e-08
semantic_reg = 8e-08
num_clusters = 10
m_step = 1
warm_up_step = 20
user_feature_path = features/roberta_user.npy
item_feature_path = features/roberta_item.npy
MODEL_INPUT_TYPE = InputType.PAIRWISE
eval_type = EvaluatorType.RANKING
single_spec = True
local_rank = 0
device = cuda
valid_neg_sample_args = {'distribution': 'uniform', 'sample_num': 'none'}
test_neg_sample_args = {'distribution': 'uniform', 'sample_num': 'none'}


Mon 16 Mar 2026 13:04:05 INFO  travel
The number of users: 2010
Average actions of users: 18.721254355400696
The number of items: 247
Average actions of items: 152.890243902439
The number of inters: 37611
The sparsity of the dataset: 92.42431566862047%
Remain Fields: ['user_id', 'item_id', 'rating', 'post_num', 'follower', 'following', 'timestamp']
Mon 16 Mar 2026 13:04:05 INFO  [Training]: train_batch_size = [4096] train_neg_sample_args: [{'distribution': 'uniform', 'sample_num': 1, 'alpha': 1.0, 'dynamic': False, 'candidate_num': 0}]
Mon 16 Mar 2026 13:04:05 INFO  [Evaluation]: eval_batch_size = [4096] eval_args: [{'split': {'RS': [0.8, 0.1, 0.1]}, 'order': 'RO', 'group_by': 'user', 'mode': {'valid': 'full', 'test': 'full'}}]
Mon 16 Mar 2026 13:04:06 INFO  SCL(
  (u_MLP): Linear(in_features=1024, out_features=64, bias=True)
  (i_MLP): Linear(in_features=1024, out_features=64, bias=True)
  (user_embedding): Embedding(2010, 64)
  (item_embedding): Embedding(247, 64)
  (mf_loss): BPRLoss()
  (reg_loss): EmbLoss()
)
Trainable parameters: 144448
Mon 16 Mar 2026 13:04:06 INFO  trainable parameters: 144448
Mon 16 Mar 2026 13:04:07 INFO  Running E-step ! 
Mon 16 Mar 2026 13:04:08 INFO  epoch 0 training [time: 0.52s, train_loss1: 5.5395, train_loss2: 0.0000, train_loss3: 0.0115]
Mon 16 Mar 2026 13:04:08 INFO  epoch 0 evaluating [time: 0.26s, valid_score: 0.193200]
Mon 16 Mar 2026 13:04:08 INFO  valid result: 
recall@1 : 0.0588    recall@2 : 0.1052    recall@3 : 0.1406    recall@4 : 0.1737    recall@5 : 0.1957    recall@10 : 0.3057    recall@20 : 0.4211    recall@30 : 0.4938    recall@50 : 0.6112    ndcg@1 : 0.1138    ndcg@2 : 0.1262    ndcg@3 : 0.1364    ndcg@4 : 0.148    ndcg@5 : 0.1546    ndcg@10 : 0.1932    ndcg@20 : 0.2266    ndcg@30 : 0.2456    ndcg@50 : 0.2723    precision@1 : 0.1138    precision@2 : 0.1031    precision@3 : 0.0924    precision@4 : 0.0858    precision@5 : 0.0759    precision@10 : 0.0602    precision@20 : 0.0423    precision@30 : 0.0339    precision@50 : 0.0256    map@1 : 0.1138    map@2 : 0.1082    map@3 : 0.1082    map@4 : 0.1122    map@5 : 0.1141    map@10 : 0.1294    map@20 : 0.1389    map@30 : 0.1436    map@50 : 0.1486
Mon 16 Mar 2026 13:04:08 INFO  Saving current: saved/SCL-Mar-16-2026_13-04-06.pth
Mon 16 Mar 2026 13:04:08 INFO  Saving current best: saved/SCL-Mar-16-2026_13-04-06.pth
Mon 16 Mar 2026 13:04:08 INFO  Running E-step ! 
Mon 16 Mar 2026 13:04:08 INFO  epoch 1 training [time: 0.19s, train_loss1: 5.5233, train_loss2: 0.0000, train_loss3: 0.0113]
Mon 16 Mar 2026 13:04:09 INFO  epoch 1 evaluating [time: 0.22s, valid_score: 0.290600]
Mon 16 Mar 2026 13:04:09 INFO  valid result: 
recall@1 : 0.1107    recall@2 : 0.1839    recall@3 : 0.2391    recall@4 : 0.2772    recall@5 : 0.3123    recall@10 : 0.4392    recall@20 : 0.5733    recall@30 : 0.6429    recall@50 : 0.7381    ndcg@1 : 0.1788    ndcg@2 : 0.2005    ndcg@3 : 0.2198    ndcg@4 : 0.2329    ndcg@5 : 0.2463    ndcg@10 : 0.2906    ndcg@20 : 0.3302    ndcg@30 : 0.3487    ndcg@50 : 0.3716    precision@1 : 0.1788    precision@2 : 0.1502    precision@3 : 0.1323    precision@4 : 0.1173    precision@5 : 0.1082    precision@10 : 0.079    precision@20 : 0.0541    precision@30 : 0.0419    precision@50 : 0.0301    map@1 : 0.1788    map@2 : 0.1764    map@3 : 0.1816    map@4 : 0.1865    map@5 : 0.1924    map@10 : 0.2106    map@20 : 0.2231    map@30 : 0.2281    map@50 : 0.2329
Mon 16 Mar 2026 13:04:09 INFO  Saving current: saved/SCL-Mar-16-2026_13-04-06.pth
Mon 16 Mar 2026 13:04:09 INFO  Saving current best: saved/SCL-Mar-16-2026_13-04-06.pth
Mon 16 Mar 2026 13:04:09 INFO  Running E-step ! 
Mon 16 Mar 2026 13:04:09 INFO  epoch 2 training [time: 0.19s, train_loss1: 5.4833, train_loss2: 0.0000, train_loss3: 0.0112]
Mon 16 Mar 2026 13:04:09 INFO  epoch 2 evaluating [time: 0.24s, valid_score: 0.303400]
Mon 16 Mar 2026 13:04:09 INFO  valid result: 
recall@1 : 0.1126    recall@2 : 0.2057    recall@3 : 0.2603    recall@4 : 0.2989    recall@5 : 0.3288    recall@10 : 0.4543    recall@20 : 0.589    recall@30 : 0.6557    recall@50 : 0.7551    ndcg@1 : 0.1865    ndcg@2 : 0.2176    ndcg@3 : 0.2348    ndcg@4 : 0.2478    ndcg@5 : 0.259    ndcg@10 : 0.3034    ndcg@20 : 0.3428    ndcg@30 : 0.361    ndcg@50 : 0.3848    precision@1 : 0.1865    precision@2 : 0.1642    precision@3 : 0.1395    precision@4 : 0.1226    precision@5 : 0.1111    precision@10 : 0.0814    precision@20 : 0.0552    precision@30 : 0.0428    precision@50 : 0.0308    map@1 : 0.1865    map@2 : 0.1901    map@3 : 0.1939    map@4 : 0.1984    map@5 : 0.203    map@10 : 0.2214    map@20 : 0.2339    map@30 : 0.2388    map@50 : 0.2439
Mon 16 Mar 2026 13:04:09 INFO  Saving current: saved/SCL-Mar-16-2026_13-04-06.pth
Mon 16 Mar 2026 13:04:09 INFO  Saving current best: saved/SCL-Mar-16-2026_13-04-06.pth
Mon 16 Mar 2026 13:04:09 INFO  Running E-step ! 
Mon 16 Mar 2026 13:04:09 INFO  epoch 3 training [time: 0.21s, train_loss1: 5.4099, train_loss2: 0.0000, train_loss3: 0.0112]
Mon 16 Mar 2026 13:04:09 INFO  epoch 3 evaluating [time: 0.22s, valid_score: 0.306400]
Mon 16 Mar 2026 13:04:09 INFO  valid result: 
recall@1 : 0.1161    recall@2 : 0.2031    recall@3 : 0.2644    recall@4 : 0.3005    recall@5 : 0.3354    recall@10 : 0.4574    recall@20 : 0.591    recall@30 : 0.6634    recall@50 : 0.764    ndcg@1 : 0.1901    ndcg@2 : 0.2167    ndcg@3 : 0.2378    ndcg@4 : 0.2497    ndcg@5 : 0.2634    ndcg@10 : 0.3064    ndcg@20 : 0.3453    ndcg@30 : 0.3647    ndcg@50 : 0.3885    precision@1 : 0.1901    precision@2 : 0.1624    precision@3 : 0.141    precision@4 : 0.1226    precision@5 : 0.1137    precision@10 : 0.0822    precision@20 : 0.0554    precision@30 : 0.0431    precision@50 : 0.0309    map@1 : 0.1901    map@2 : 0.1904    map@3 : 0.197    map@4 : 0.2005    map@5 : 0.2066    map@10 : 0.2243    map@20 : 0.2366    map@30 : 0.2418    map@50 : 0.2468
Mon 16 Mar 2026 13:04:09 INFO  Saving current: saved/SCL-Mar-16-2026_13-04-06.pth
Mon 16 Mar 2026 13:04:09 INFO  Saving current best: saved/SCL-Mar-16-2026_13-04-06.pth
Mon 16 Mar 2026 13:04:09 INFO  Running E-step ! 
Mon 16 Mar 2026 13:04:10 INFO  epoch 4 training [time: 0.19s, train_loss1: 5.2990, train_loss2: 0.0000, train_loss3: 0.0111]
Mon 16 Mar 2026 13:04:10 INFO  epoch 4 evaluating [time: 0.23s, valid_score: 0.308600]
Mon 16 Mar 2026 13:04:10 INFO  valid result: 
recall@1 : 0.1202    recall@2 : 0.2048    recall@3 : 0.2644    recall@4 : 0.2982    recall@5 : 0.339    recall@10 : 0.4586    recall@20 : 0.5919    recall@30 : 0.6712    recall@50 : 0.7642    ndcg@1 : 0.1943    ndcg@2 : 0.2196    ndcg@3 : 0.2395    ndcg@4 : 0.2507    ndcg@5 : 0.2663    ndcg@10 : 0.3086    ndcg@20 : 0.3474    ndcg@30 : 0.3683    ndcg@50 : 0.3905    precision@1 : 0.1943    precision@2 : 0.1639    precision@3 : 0.1408    precision@4 : 0.1225    precision@5 : 0.1141    precision@10 : 0.0825    precision@20 : 0.0554    precision@30 : 0.0433    precision@50 : 0.0309    map@1 : 0.1943    map@2 : 0.1935    map@3 : 0.1991    map@4 : 0.2024    map@5 : 0.2094    map@10 : 0.2267    map@20 : 0.2391    map@30 : 0.2445    map@50 : 0.2493
Mon 16 Mar 2026 13:04:10 INFO  Saving current: saved/SCL-Mar-16-2026_13-04-06.pth
Mon 16 Mar 2026 13:04:10 INFO  Saving current best: saved/SCL-Mar-16-2026_13-04-06.pth
Mon 16 Mar 2026 13:04:10 INFO  Running E-step ! 
Mon 16 Mar 2026 13:04:10 INFO  epoch 5 training [time: 0.20s, train_loss1: 5.1415, train_loss2: 0.0000, train_loss3: 0.0111]
Mon 16 Mar 2026 13:04:10 INFO  epoch 5 evaluating [time: 0.23s, valid_score: 0.310100]
Mon 16 Mar 2026 13:04:10 INFO  valid result: 
recall@1 : 0.1212    recall@2 : 0.2067    recall@3 : 0.2645    recall@4 : 0.3002    recall@5 : 0.3387    recall@10 : 0.4605    recall@20 : 0.5916    recall@30 : 0.6705    recall@50 : 0.7636    ndcg@1 : 0.1955    ndcg@2 : 0.2215    ndcg@3 : 0.2406    ndcg@4 : 0.2525    ndcg@5 : 0.2672    ndcg@10 : 0.3101    ndcg@20 : 0.3483    ndcg@30 : 0.3692    ndcg@50 : 0.3914    precision@1 : 0.1955    precision@2 : 0.1654    precision@3 : 0.1416    precision@4 : 0.1237    precision@5 : 0.1144    precision@10 : 0.0827    precision@20 : 0.0554    precision@30 : 0.0433    precision@50 : 0.0308    map@1 : 0.1955    map@2 : 0.1952    map@3 : 0.2002    map@4 : 0.204    map@5 : 0.2103    map@10 : 0.2281    map@20 : 0.2402    map@30 : 0.2457    map@50 : 0.2505
Mon 16 Mar 2026 13:04:10 INFO  Saving current: saved/SCL-Mar-16-2026_13-04-06.pth
Mon 16 Mar 2026 13:04:10 INFO  Saving current best: saved/SCL-Mar-16-2026_13-04-06.pth
Mon 16 Mar 2026 13:04:10 INFO  Running E-step ! 
Mon 16 Mar 2026 13:04:11 INFO  epoch 6 training [time: 0.20s, train_loss1: 4.9539, train_loss2: 0.0000, train_loss3: 0.0111]
Mon 16 Mar 2026 13:04:11 INFO  epoch 6 evaluating [time: 0.23s, valid_score: 0.311100]
Mon 16 Mar 2026 13:04:11 INFO  valid result: 
recall@1 : 0.1233    recall@2 : 0.2074    recall@3 : 0.2644    recall@4 : 0.2999    recall@5 : 0.3391    recall@10 : 0.4607    recall@20 : 0.5919    recall@30 : 0.6704    recall@50 : 0.7618    ndcg@1 : 0.199    ndcg@2 : 0.2235    ndcg@3 : 0.242    ndcg@4 : 0.2535    ndcg@5 : 0.2684    ndcg@10 : 0.3111    ndcg@20 : 0.3493    ndcg@30 : 0.3702    ndcg@50 : 0.3921    precision@1 : 0.199    precision@2 : 0.1666    precision@3 : 0.1424    precision@4 : 0.1237    precision@5 : 0.1143    precision@10 : 0.0827    precision@20 : 0.0553    precision@30 : 0.0433    precision@50 : 0.0308    map@1 : 0.199    map@2 : 0.1971    map@3 : 0.2019    map@4 : 0.2053    map@5 : 0.2117    map@10 : 0.2294    map@20 : 0.2415    map@30 : 0.2469    map@50 : 0.2516
Mon 16 Mar 2026 13:04:11 INFO  Saving current: saved/SCL-Mar-16-2026_13-04-06.pth
Mon 16 Mar 2026 13:04:11 INFO  Saving current best: saved/SCL-Mar-16-2026_13-04-06.pth
Mon 16 Mar 2026 13:04:11 INFO  Running E-step ! 
Mon 16 Mar 2026 13:04:11 INFO  epoch 7 training [time: 0.18s, train_loss1: 4.7335, train_loss2: 0.0000, train_loss3: 0.0111]
Mon 16 Mar 2026 13:04:11 INFO  epoch 7 evaluating [time: 0.23s, valid_score: 0.311100]
Mon 16 Mar 2026 13:04:11 INFO  valid result: 
recall@1 : 0.1236    recall@2 : 0.2075    recall@3 : 0.2632    recall@4 : 0.3006    recall@5 : 0.3396    recall@10 : 0.4597    recall@20 : 0.591    recall@30 : 0.6694    recall@50 : 0.7612    ndcg@1 : 0.1996    ndcg@2 : 0.2238    ndcg@3 : 0.2416    ndcg@4 : 0.2541    ndcg@5 : 0.2686    ndcg@10 : 0.3111    ndcg@20 : 0.3493    ndcg@30 : 0.3701    ndcg@50 : 0.3921    precision@1 : 0.1996    precision@2 : 0.1669    precision@3 : 0.1418    precision@4 : 0.1243    precision@5 : 0.1143    precision@10 : 0.0828    precision@20 : 0.0553    precision@30 : 0.0432    precision@50 : 0.0308    map@1 : 0.1996    map@2 : 0.1974    map@3 : 0.2016    map@4 : 0.2056    map@5 : 0.2118    map@10 : 0.2295    map@20 : 0.2416    map@30 : 0.247    map@50 : 0.2517
Mon 16 Mar 2026 13:04:11 INFO  Saving current: saved/SCL-Mar-16-2026_13-04-06.pth
Mon 16 Mar 2026 13:04:11 INFO  Saving current best: saved/SCL-Mar-16-2026_13-04-06.pth
Mon 16 Mar 2026 13:04:11 INFO  Running E-step ! 
Mon 16 Mar 2026 13:04:11 INFO  epoch 8 training [time: 0.20s, train_loss1: 4.5051, train_loss2: 0.0000, train_loss3: 0.0111]
Mon 16 Mar 2026 13:04:12 INFO  epoch 8 evaluating [time: 0.22s, valid_score: 0.310600]
Mon 16 Mar 2026 13:04:12 INFO  valid result: 
recall@1 : 0.1232    recall@2 : 0.2053    recall@3 : 0.2653    recall@4 : 0.3017    recall@5 : 0.339    recall@10 : 0.4596    recall@20 : 0.5901    recall@30 : 0.6707    recall@50 : 0.7616    ndcg@1 : 0.199    ndcg@2 : 0.2215    ndcg@3 : 0.2424    ndcg@4 : 0.2545    ndcg@5 : 0.2681    ndcg@10 : 0.3106    ndcg@20 : 0.3487    ndcg@30 : 0.3701    ndcg@50 : 0.3919    precision@1 : 0.199    precision@2 : 0.1642    precision@3 : 0.1432    precision@4 : 0.1251    precision@5 : 0.1142    precision@10 : 0.0825    precision@20 : 0.0552    precision@30 : 0.0433    precision@50 : 0.0308    map@1 : 0.199    map@2 : 0.1956    map@3 : 0.2018    map@4 : 0.2058    map@5 : 0.2114    map@10 : 0.2291    map@20 : 0.2411    map@30 : 0.2467    map@50 : 0.2514
Mon 16 Mar 2026 13:04:12 INFO  Running E-step ! 
Mon 16 Mar 2026 13:04:12 INFO  epoch 9 training [time: 0.17s, train_loss1: 4.2830, train_loss2: 0.0000, train_loss3: 0.0111]
Mon 16 Mar 2026 13:04:12 INFO  epoch 9 evaluating [time: 0.23s, valid_score: 0.310800]
Mon 16 Mar 2026 13:04:12 INFO  valid result: 
recall@1 : 0.1232    recall@2 : 0.2049    recall@3 : 0.2661    recall@4 : 0.3021    recall@5 : 0.3385    recall@10 : 0.4602    recall@20 : 0.5909    recall@30 : 0.67    recall@50 : 0.7614    ndcg@1 : 0.199    ndcg@2 : 0.2213    ndcg@3 : 0.2427    ndcg@4 : 0.2547    ndcg@5 : 0.2681    ndcg@10 : 0.3108    ndcg@20 : 0.349    ndcg@30 : 0.3701    ndcg@50 : 0.3919    precision@1 : 0.199    precision@2 : 0.1642    precision@3 : 0.1434    precision@4 : 0.1253    precision@5 : 0.1143    precision@10 : 0.0825    precision@20 : 0.0552    precision@30 : 0.0433    precision@50 : 0.0308    map@1 : 0.199    map@2 : 0.1955    map@3 : 0.2019    map@4 : 0.2058    map@5 : 0.2114    map@10 : 0.2292    map@20 : 0.2412    map@30 : 0.2468    map@50 : 0.2514
Mon 16 Mar 2026 13:04:12 INFO  Running E-step ! 
Mon 16 Mar 2026 13:04:12 INFO  epoch 10 training [time: 0.19s, train_loss1: 4.0854, train_loss2: 0.0000, train_loss3: 0.0111]
Mon 16 Mar 2026 13:04:13 INFO  epoch 10 evaluating [time: 0.22s, valid_score: 0.310900]
Mon 16 Mar 2026 13:04:13 INFO  valid result: 
recall@1 : 0.1232    recall@2 : 0.2049    recall@3 : 0.2666    recall@4 : 0.301    recall@5 : 0.3365    recall@10 : 0.4607    recall@20 : 0.5908    recall@30 : 0.67    recall@50 : 0.7609    ndcg@1 : 0.199    ndcg@2 : 0.2213    ndcg@3 : 0.2431    ndcg@4 : 0.2542    ndcg@5 : 0.2672    ndcg@10 : 0.3109    ndcg@20 : 0.3489    ndcg@30 : 0.37    ndcg@50 : 0.3918    precision@1 : 0.199    precision@2 : 0.1642    precision@3 : 0.144    precision@4 : 0.1249    precision@5 : 0.1137    precision@10 : 0.0825    precision@20 : 0.0552    precision@30 : 0.0433    precision@50 : 0.0308    map@1 : 0.199    map@2 : 0.1955    map@3 : 0.2023    map@4 : 0.2055    map@5 : 0.211    map@10 : 0.2292    map@20 : 0.2412    map@30 : 0.2467    map@50 : 0.2514
Mon 16 Mar 2026 13:04:13 INFO  Running E-step ! 
Mon 16 Mar 2026 13:04:13 INFO  epoch 11 training [time: 0.18s, train_loss1: 3.8962, train_loss2: 0.0000, train_loss3: 0.0111]
Mon 16 Mar 2026 13:04:13 INFO  epoch 11 evaluating [time: 0.25s, valid_score: 0.310900]
Mon 16 Mar 2026 13:04:13 INFO  valid result: 
recall@1 : 0.1232    recall@2 : 0.2049    recall@3 : 0.2666    recall@4 : 0.3008    recall@5 : 0.3365    recall@10 : 0.4602    recall@20 : 0.5919    recall@30 : 0.6699    recall@50 : 0.7612    ndcg@1 : 0.199    ndcg@2 : 0.2213    ndcg@3 : 0.2431    ndcg@4 : 0.2541    ndcg@5 : 0.2672    ndcg@10 : 0.3109    ndcg@20 : 0.3493    ndcg@30 : 0.3701    ndcg@50 : 0.3919    precision@1 : 0.199    precision@2 : 0.1642    precision@3 : 0.144    precision@4 : 0.1249    precision@5 : 0.1137    precision@10 : 0.0825    precision@20 : 0.0554    precision@30 : 0.0433    precision@50 : 0.0308    map@1 : 0.199    map@2 : 0.1955    map@3 : 0.2023    map@4 : 0.2053    map@5 : 0.2109    map@10 : 0.2292    map@20 : 0.2413    map@30 : 0.2468    map@50 : 0.2514
Mon 16 Mar 2026 13:04:13 INFO  Running E-step ! 
Mon 16 Mar 2026 13:04:13 INFO  epoch 12 training [time: 0.18s, train_loss1: 3.7527, train_loss2: 0.0000, train_loss3: 0.0111]
Mon 16 Mar 2026 13:04:13 INFO  epoch 12 evaluating [time: 0.23s, valid_score: 0.310800]
Mon 16 Mar 2026 13:04:13 INFO  valid result: 
recall@1 : 0.1232    recall@2 : 0.2049    recall@3 : 0.2666    recall@4 : 0.3008    recall@5 : 0.3363    recall@10 : 0.4599    recall@20 : 0.5919    recall@30 : 0.6686    recall@50 : 0.76    ndcg@1 : 0.199    ndcg@2 : 0.2213    ndcg@3 : 0.2431    ndcg@4 : 0.2541    ndcg@5 : 0.2671    ndcg@10 : 0.3108    ndcg@20 : 0.3493    ndcg@30 : 0.3698    ndcg@50 : 0.3917    precision@1 : 0.199    precision@2 : 0.1642    precision@3 : 0.144    precision@4 : 0.1249    precision@5 : 0.1136    precision@10 : 0.0825    precision@20 : 0.0554    precision@30 : 0.0432    precision@50 : 0.0307    map@1 : 0.199    map@2 : 0.1955    map@3 : 0.2023    map@4 : 0.2053    map@5 : 0.2109    map@10 : 0.2292    map@20 : 0.2413    map@30 : 0.2467    map@50 : 0.2514
Mon 16 Mar 2026 13:04:13 INFO  Running E-step ! 
Mon 16 Mar 2026 13:04:14 INFO  epoch 13 training [time: 0.18s, train_loss1: 3.6183, train_loss2: 0.0000, train_loss3: 0.0111]
Mon 16 Mar 2026 13:04:14 INFO  epoch 13 evaluating [time: 0.22s, valid_score: 0.310800]
Mon 16 Mar 2026 13:04:14 INFO  valid result: 
recall@1 : 0.1232    recall@2 : 0.2049    recall@3 : 0.2666    recall@4 : 0.3008    recall@5 : 0.3363    recall@10 : 0.4599    recall@20 : 0.5912    recall@30 : 0.6685    recall@50 : 0.7585    ndcg@1 : 0.199    ndcg@2 : 0.2213    ndcg@3 : 0.2431    ndcg@4 : 0.2541    ndcg@5 : 0.2671    ndcg@10 : 0.3108    ndcg@20 : 0.349    ndcg@30 : 0.3698    ndcg@50 : 0.3913    precision@1 : 0.199    precision@2 : 0.1642    precision@3 : 0.144    precision@4 : 0.1249    precision@5 : 0.1136    precision@10 : 0.0825    precision@20 : 0.0553    precision@30 : 0.0433    precision@50 : 0.0307    map@1 : 0.199    map@2 : 0.1955    map@3 : 0.2023    map@4 : 0.2053    map@5 : 0.2109    map@10 : 0.2292    map@20 : 0.2413    map@30 : 0.2467    map@50 : 0.2514
Mon 16 Mar 2026 13:04:14 INFO  Running E-step ! 
Mon 16 Mar 2026 13:04:14 INFO  epoch 14 training [time: 0.19s, train_loss1: 3.5435, train_loss2: 0.0000, train_loss3: 0.0111]
Mon 16 Mar 2026 13:04:14 INFO  epoch 14 evaluating [time: 0.23s, valid_score: 0.311200]
Mon 16 Mar 2026 13:04:14 INFO  valid result: 
recall@1 : 0.1232    recall@2 : 0.2049    recall@3 : 0.2666    recall@4 : 0.3007    recall@5 : 0.3363    recall@10 : 0.461    recall@20 : 0.591    recall@30 : 0.6691    recall@50 : 0.7577    ndcg@1 : 0.199    ndcg@2 : 0.2213    ndcg@3 : 0.2431    ndcg@4 : 0.254    ndcg@5 : 0.2671    ndcg@10 : 0.3112    ndcg@20 : 0.349    ndcg@30 : 0.3699    ndcg@50 : 0.3912    precision@1 : 0.199    precision@2 : 0.1642    precision@3 : 0.144    precision@4 : 0.1247    precision@5 : 0.1136    precision@10 : 0.0827    precision@20 : 0.0553    precision@30 : 0.0433    precision@50 : 0.0307    map@1 : 0.199    map@2 : 0.1955    map@3 : 0.2023    map@4 : 0.2053    map@5 : 0.2109    map@10 : 0.2293    map@20 : 0.2413    map@30 : 0.2468    map@50 : 0.2514
Mon 16 Mar 2026 13:04:14 INFO  Saving current: saved/SCL-Mar-16-2026_13-04-06.pth
Mon 16 Mar 2026 13:04:14 INFO  Saving current best: saved/SCL-Mar-16-2026_13-04-06.pth
Mon 16 Mar 2026 13:04:14 INFO  Running E-step ! 
Mon 16 Mar 2026 13:04:14 INFO  epoch 15 training [time: 0.18s, train_loss1: 3.4557, train_loss2: 0.0000, train_loss3: 0.0111]
Mon 16 Mar 2026 13:04:15 INFO  epoch 15 evaluating [time: 0.23s, valid_score: 0.310900]
Mon 16 Mar 2026 13:04:15 INFO  valid result: 
recall@1 : 0.1232    recall@2 : 0.2049    recall@3 : 0.2666    recall@4 : 0.3007    recall@5 : 0.3363    recall@10 : 0.4603    recall@20 : 0.5919    recall@30 : 0.6703    recall@50 : 0.7576    ndcg@1 : 0.199    ndcg@2 : 0.2213    ndcg@3 : 0.2431    ndcg@4 : 0.254    ndcg@5 : 0.2671    ndcg@10 : 0.3109    ndcg@20 : 0.3493    ndcg@30 : 0.3702    ndcg@50 : 0.3912    precision@1 : 0.199    precision@2 : 0.1642    precision@3 : 0.144    precision@4 : 0.1247    precision@5 : 0.1136    precision@10 : 0.0826    precision@20 : 0.0554    precision@30 : 0.0434    precision@50 : 0.0307    map@1 : 0.199    map@2 : 0.1953    map@3 : 0.2023    map@4 : 0.2053    map@5 : 0.2108    map@10 : 0.2292    map@20 : 0.2413    map@30 : 0.2468    map@50 : 0.2514
Mon 16 Mar 2026 13:04:15 INFO  Running E-step ! 
Mon 16 Mar 2026 13:04:15 INFO  epoch 16 training [time: 0.17s, train_loss1: 3.4017, train_loss2: 0.0000, train_loss3: 0.0111]
Mon 16 Mar 2026 13:04:15 INFO  epoch 16 evaluating [time: 0.23s, valid_score: 0.310800]
Mon 16 Mar 2026 13:04:15 INFO  valid result: 
recall@1 : 0.1231    recall@2 : 0.2047    recall@3 : 0.2669    recall@4 : 0.301    recall@5 : 0.3362    recall@10 : 0.46    recall@20 : 0.5925    recall@30 : 0.6704    recall@50 : 0.7575    ndcg@1 : 0.1985    ndcg@2 : 0.221    ndcg@3 : 0.2431    ndcg@4 : 0.2541    ndcg@5 : 0.2671    ndcg@10 : 0.3108    ndcg@20 : 0.3493    ndcg@30 : 0.3702    ndcg@50 : 0.3912    precision@1 : 0.1985    precision@2 : 0.1639    precision@3 : 0.1442    precision@4 : 0.1249    precision@5 : 0.1137    precision@10 : 0.0825    precision@20 : 0.0554    precision@30 : 0.0434    precision@50 : 0.0307    map@1 : 0.1985    map@2 : 0.195    map@3 : 0.2022    map@4 : 0.2053    map@5 : 0.2108    map@10 : 0.2291    map@20 : 0.2414    map@30 : 0.2468    map@50 : 0.2514
Mon 16 Mar 2026 13:04:15 INFO  Running E-step ! 
Mon 16 Mar 2026 13:04:15 INFO  epoch 17 training [time: 0.18s, train_loss1: 3.3501, train_loss2: 0.0000, train_loss3: 0.0111]
Mon 16 Mar 2026 13:04:15 INFO  epoch 17 evaluating [time: 0.22s, valid_score: 0.310800]
Mon 16 Mar 2026 13:04:15 INFO  valid result: 
recall@1 : 0.1231    recall@2 : 0.2049    recall@3 : 0.2668    recall@4 : 0.3008    recall@5 : 0.3362    recall@10 : 0.46    recall@20 : 0.5931    recall@30 : 0.6699    recall@50 : 0.7578    ndcg@1 : 0.1985    ndcg@2 : 0.2212    ndcg@3 : 0.243    ndcg@4 : 0.254    ndcg@5 : 0.2671    ndcg@10 : 0.3108    ndcg@20 : 0.3495    ndcg@30 : 0.3701    ndcg@50 : 0.3913    precision@1 : 0.1985    precision@2 : 0.1642    precision@3 : 0.144    precision@4 : 0.1247    precision@5 : 0.1137    precision@10 : 0.0825    precision@20 : 0.0555    precision@30 : 0.0434    precision@50 : 0.0308    map@1 : 0.1985    map@2 : 0.1953    map@3 : 0.2022    map@4 : 0.2053    map@5 : 0.2108    map@10 : 0.2292    map@20 : 0.2414    map@30 : 0.2468    map@50 : 0.2514
Mon 16 Mar 2026 13:04:15 INFO  Running E-step ! 
Mon 16 Mar 2026 13:04:16 INFO  epoch 18 training [time: 0.18s, train_loss1: 3.3216, train_loss2: 0.0000, train_loss3: 0.0111]
Mon 16 Mar 2026 13:04:16 INFO  epoch 18 evaluating [time: 0.22s, valid_score: 0.310900]
Mon 16 Mar 2026 13:04:16 INFO  valid result: 
recall@1 : 0.1231    recall@2 : 0.2049    recall@3 : 0.2671    recall@4 : 0.3011    recall@5 : 0.3362    recall@10 : 0.4602    recall@20 : 0.5931    recall@30 : 0.6694    recall@50 : 0.7574    ndcg@1 : 0.1985    ndcg@2 : 0.2212    ndcg@3 : 0.2432    ndcg@4 : 0.2542    ndcg@5 : 0.2671    ndcg@10 : 0.3109    ndcg@20 : 0.3496    ndcg@30 : 0.3701    ndcg@50 : 0.3912    precision@1 : 0.1985    precision@2 : 0.1642    precision@3 : 0.1442    precision@4 : 0.1249    precision@5 : 0.1137    precision@10 : 0.0825    precision@20 : 0.0555    precision@30 : 0.0434    precision@50 : 0.0307    map@1 : 0.1985    map@2 : 0.1953    map@3 : 0.2024    map@4 : 0.2054    map@5 : 0.2109    map@10 : 0.2292    map@20 : 0.2415    map@30 : 0.2469    map@50 : 0.2515
Mon 16 Mar 2026 13:04:16 INFO  Running E-step ! 
Mon 16 Mar 2026 13:04:16 INFO  epoch 19 training [time: 0.18s, train_loss1: 3.3328, train_loss2: 0.0000, train_loss3: 0.0111]
Mon 16 Mar 2026 13:04:16 INFO  epoch 19 evaluating [time: 0.23s, valid_score: 0.310200]
Mon 16 Mar 2026 13:04:16 INFO  valid result: 
recall@1 : 0.1225    recall@2 : 0.2043    recall@3 : 0.2662    recall@4 : 0.3007    recall@5 : 0.3363    recall@10 : 0.4594    recall@20 : 0.5924    recall@30 : 0.6689    recall@50 : 0.7576    ndcg@1 : 0.1979    ndcg@2 : 0.2206    ndcg@3 : 0.2424    ndcg@4 : 0.2538    ndcg@5 : 0.2668    ndcg@10 : 0.3102    ndcg@20 : 0.349    ndcg@30 : 0.3695    ndcg@50 : 0.3909    precision@1 : 0.1979    precision@2 : 0.1639    precision@3 : 0.1438    precision@4 : 0.125    precision@5 : 0.1138    precision@10 : 0.0823    precision@20 : 0.0554    precision@30 : 0.0434    precision@50 : 0.0308    map@1 : 0.1979    map@2 : 0.1947    map@3 : 0.2017    map@4 : 0.2049    map@5 : 0.2105    map@10 : 0.2286    map@20 : 0.2409    map@30 : 0.2463    map@50 : 0.251
Mon 16 Mar 2026 13:04:16 INFO  Running E-step ! 
Mon 16 Mar 2026 13:04:17 INFO  epoch 20 training [time: 0.19s, train_loss1: 3.2873, train_loss2: 0.0000, train_loss3: 0.0111, train_loss4: 0.0093]
Mon 16 Mar 2026 13:04:17 INFO  epoch 20 evaluating [time: 0.22s, valid_score: 0.309600]
Mon 16 Mar 2026 13:04:17 INFO  valid result: 
recall@1 : 0.1219    recall@2 : 0.2043    recall@3 : 0.2662    recall@4 : 0.3005    recall@5 : 0.3366    recall@10 : 0.4582    recall@20 : 0.5922    recall@30 : 0.6687    recall@50 : 0.7576    ndcg@1 : 0.1973    ndcg@2 : 0.2204    ndcg@3 : 0.2422    ndcg@4 : 0.2533    ndcg@5 : 0.2669    ndcg@10 : 0.3096    ndcg@20 : 0.3487    ndcg@30 : 0.3692    ndcg@50 : 0.3906    precision@1 : 0.1973    precision@2 : 0.1639    precision@3 : 0.1438    precision@4 : 0.1247    precision@5 : 0.1143    precision@10 : 0.0821    precision@20 : 0.0554    precision@30 : 0.0434    precision@50 : 0.0308    map@1 : 0.1973    map@2 : 0.1944    map@3 : 0.2014    map@4 : 0.2045    map@5 : 0.2104    map@10 : 0.2282    map@20 : 0.2406    map@30 : 0.246    map@50 : 0.2507
Mon 16 Mar 2026 13:04:17 INFO  Running E-step ! 
Mon 16 Mar 2026 13:04:17 INFO  epoch 21 training [time: 0.19s, train_loss1: 3.2776, train_loss2: 0.0000, train_loss3: 0.0111, train_loss4: 0.0093]
Mon 16 Mar 2026 13:04:17 INFO  epoch 21 evaluating [time: 0.22s, valid_score: 0.309600]
Mon 16 Mar 2026 13:04:17 INFO  valid result: 
recall@1 : 0.1219    recall@2 : 0.2037    recall@3 : 0.2663    recall@4 : 0.3003    recall@5 : 0.3366    recall@10 : 0.458    recall@20 : 0.5928    recall@30 : 0.6679    recall@50 : 0.7576    ndcg@1 : 0.1973    ndcg@2 : 0.22    ndcg@3 : 0.2423    ndcg@4 : 0.2532    ndcg@5 : 0.2669    ndcg@10 : 0.3096    ndcg@20 : 0.3488    ndcg@30 : 0.3689    ndcg@50 : 0.3906    precision@1 : 0.1973    precision@2 : 0.1636    precision@3 : 0.144    precision@4 : 0.1246    precision@5 : 0.1144    precision@10 : 0.0822    precision@20 : 0.0554    precision@30 : 0.0433    precision@50 : 0.0308    map@1 : 0.1973    map@2 : 0.1941    map@3 : 0.2014    map@4 : 0.2043    map@5 : 0.2103    map@10 : 0.2281    map@20 : 0.2406    map@30 : 0.246    map@50 : 0.2507
Mon 16 Mar 2026 13:04:17 INFO  Running E-step ! 
Mon 16 Mar 2026 13:04:17 INFO  epoch 22 training [time: 0.20s, train_loss1: 3.2606, train_loss2: 0.0000, train_loss3: 0.0111, train_loss4: 0.0092]
Mon 16 Mar 2026 13:04:18 INFO  epoch 22 evaluating [time: 0.22s, valid_score: 0.309300]
Mon 16 Mar 2026 13:04:18 INFO  valid result: 
recall@1 : 0.1221    recall@2 : 0.2026    recall@3 : 0.2674    recall@4 : 0.2999    recall@5 : 0.3359    recall@10 : 0.4574    recall@20 : 0.5925    recall@30 : 0.6682    recall@50 : 0.7579    ndcg@1 : 0.1973    ndcg@2 : 0.2185    ndcg@3 : 0.2424    ndcg@4 : 0.2529    ndcg@5 : 0.2665    ndcg@10 : 0.3093    ndcg@20 : 0.3487    ndcg@30 : 0.3689    ndcg@50 : 0.3905    precision@1 : 0.1973    precision@2 : 0.1615    precision@3 : 0.1442    precision@4 : 0.1244    precision@5 : 0.1143    precision@10 : 0.0822    precision@20 : 0.0555    precision@30 : 0.0434    precision@50 : 0.0308    map@1 : 0.1973    map@2 : 0.1932    map@3 : 0.2014    map@4 : 0.2041    map@5 : 0.2101    map@10 : 0.228    map@20 : 0.2406    map@30 : 0.2459    map@50 : 0.2506
Mon 16 Mar 2026 13:04:18 INFO  Running E-step ! 
Mon 16 Mar 2026 13:04:18 INFO  epoch 23 training [time: 0.19s, train_loss1: 3.2496, train_loss2: 0.0000, train_loss3: 0.0111, train_loss4: 0.0091]
Mon 16 Mar 2026 13:04:18 INFO  epoch 23 evaluating [time: 0.22s, valid_score: 0.308900]
Mon 16 Mar 2026 13:04:18 INFO  valid result: 
recall@1 : 0.1218    recall@2 : 0.2023    recall@3 : 0.266    recall@4 : 0.2991    recall@5 : 0.3361    recall@10 : 0.4572    recall@20 : 0.593    recall@30 : 0.6667    recall@50 : 0.7584    ndcg@1 : 0.1967    ndcg@2 : 0.2182    ndcg@3 : 0.2413    ndcg@4 : 0.2523    ndcg@5 : 0.2663    ndcg@10 : 0.3089    ndcg@20 : 0.3485    ndcg@30 : 0.3682    ndcg@50 : 0.3903    precision@1 : 0.1967    precision@2 : 0.1612    precision@3 : 0.1432    precision@4 : 0.1243    precision@5 : 0.1144    precision@10 : 0.0822    precision@20 : 0.0555    precision@30 : 0.0433    precision@50 : 0.0309    map@1 : 0.1967    map@2 : 0.1929    map@3 : 0.2007    map@4 : 0.2037    map@5 : 0.2098    map@10 : 0.2277    map@20 : 0.2403    map@30 : 0.2455    map@50 : 0.2503
Mon 16 Mar 2026 13:04:18 INFO  Running E-step ! 
Mon 16 Mar 2026 13:04:18 INFO  epoch 24 training [time: 0.19s, train_loss1: 3.1948, train_loss2: 0.0000, train_loss3: 0.0111, train_loss4: 0.0091]
Mon 16 Mar 2026 13:04:18 INFO  epoch 24 evaluating [time: 0.22s, valid_score: 0.309000]
Mon 16 Mar 2026 13:04:18 INFO  valid result: 
recall@1 : 0.1218    recall@2 : 0.2018    recall@3 : 0.266    recall@4 : 0.2991    recall@5 : 0.3355    recall@10 : 0.4576    recall@20 : 0.5918    recall@30 : 0.6624    recall@50 : 0.7577    ndcg@1 : 0.1967    ndcg@2 : 0.218    ndcg@3 : 0.2413    ndcg@4 : 0.2522    ndcg@5 : 0.266    ndcg@10 : 0.309    ndcg@20 : 0.3481    ndcg@30 : 0.3672    ndcg@50 : 0.39    precision@1 : 0.1967    precision@2 : 0.1612    precision@3 : 0.1432    precision@4 : 0.1243    precision@5 : 0.1143    precision@10 : 0.0824    precision@20 : 0.0555    precision@30 : 0.0431    precision@50 : 0.0309    map@1 : 0.1967    map@2 : 0.1928    map@3 : 0.2006    map@4 : 0.2037    map@5 : 0.2096    map@10 : 0.2277    map@20 : 0.2401    map@30 : 0.2452    map@50 : 0.2501
Mon 16 Mar 2026 13:04:18 INFO  Running E-step ! 
Mon 16 Mar 2026 13:04:19 INFO  epoch 25 training [time: 0.21s, train_loss1: 3.2431, train_loss2: 0.0000, train_loss3: 0.0111, train_loss4: 0.0091]
Mon 16 Mar 2026 13:04:19 INFO  epoch 25 evaluating [time: 0.23s, valid_score: 0.309100]
Mon 16 Mar 2026 13:04:19 INFO  valid result: 
recall@1 : 0.1218    recall@2 : 0.2018    recall@3 : 0.266    recall@4 : 0.2991    recall@5 : 0.3356    recall@10 : 0.4578    recall@20 : 0.5925    recall@30 : 0.6555    recall@50 : 0.7581    ndcg@1 : 0.1967    ndcg@2 : 0.218    ndcg@3 : 0.2413    ndcg@4 : 0.2522    ndcg@5 : 0.2661    ndcg@10 : 0.3091    ndcg@20 : 0.3483    ndcg@30 : 0.3658    ndcg@50 : 0.3901    precision@1 : 0.1967    precision@2 : 0.1612    precision@3 : 0.1432    precision@4 : 0.1243    precision@5 : 0.1144    precision@10 : 0.0825    precision@20 : 0.0555    precision@30 : 0.0429    precision@50 : 0.0309    map@1 : 0.1967    map@2 : 0.1928    map@3 : 0.2006    map@4 : 0.2037    map@5 : 0.2097    map@10 : 0.2278    map@20 : 0.2402    map@30 : 0.245    map@50 : 0.2502
Mon 16 Mar 2026 13:04:19 INFO  Finished training, best eval result in epoch 14
Mon 16 Mar 2026 13:04:19 INFO  Loading model structure and parameters from saved/SCL-Mar-16-2026_13-04-06.pth
Mon 16 Mar 2026 13:04:19 INFO  best valid : OrderedDict([('recall@1', 0.1232), ('recall@2', 0.2049), ('recall@3', 0.2666), ('recall@4', 0.3007), ('recall@5', 0.3363), ('recall@10', 0.461), ('recall@20', 0.591), ('recall@30', 0.6691), ('recall@50', 0.7577), ('ndcg@1', 0.199), ('ndcg@2', 0.2213), ('ndcg@3', 0.2431), ('ndcg@4', 0.254), ('ndcg@5', 0.2671), ('ndcg@10', 0.3112), ('ndcg@20', 0.349), ('ndcg@30', 0.3699), ('ndcg@50', 0.3912), ('precision@1', 0.199), ('precision@2', 0.1642), ('precision@3', 0.144), ('precision@4', 0.1247), ('precision@5', 0.1136), ('precision@10', 0.0827), ('precision@20', 0.0553), ('precision@30', 0.0433), ('precision@50', 0.0307), ('map@1', 0.199), ('map@2', 0.1955), ('map@3', 0.2023), ('map@4', 0.2053), ('map@5', 0.2109), ('map@10', 0.2293), ('map@20', 0.2413), ('map@30', 0.2468), ('map@50', 0.2514)])
Mon 16 Mar 2026 13:04:19 INFO  test result: OrderedDict([('recall@1', 0.1448), ('recall@2', 0.2456), ('recall@3', 0.2903), ('recall@4', 0.3365), ('recall@5', 0.3618), ('recall@10', 0.4771), ('recall@20', 0.619), ('recall@30', 0.6984), ('recall@50', 0.7842), ('ndcg@1', 0.2361), ('ndcg@2', 0.2656), ('ndcg@3', 0.2763), ('ndcg@4', 0.2913), ('ndcg@5', 0.2989), ('ndcg@10', 0.3372), ('ndcg@20', 0.3774), ('ndcg@30', 0.3982), ('ndcg@50', 0.4188), ('precision@1', 0.2361), ('precision@2', 0.1965), ('precision@3', 0.1605), ('precision@4', 0.1416), ('precision@5', 0.1242), ('precision@10', 0.0856), ('precision@20', 0.0571), ('precision@30', 0.0441), ('precision@50', 0.031), ('map@1', 0.2361), ('map@2', 0.2372), ('map@3', 0.2362), ('map@4', 0.241), ('map@5', 0.243), ('map@10', 0.2575), ('map@20', 0.27), ('map@30', 0.2755), ('map@50', 0.2802)])
Mon 16 Mar 2026 13:04:19 INFO  training time: 11.6083s
Mon 16 Mar 2026 13:04:19 INFO  result file: results/again3/scl_wo_struct_seed2022.json
