Sun 15 Mar 2026 21:56:17 INFO  
General Hyper Parameters:
gpu_id = 0
use_gpu = True
seed = 2024
state = INFO
reproducibility = True
data_path = ./travel
checkpoint_dir = saved
show_progress = True
save_dataset = False
dataset_save_path = None
save_dataloaders = False
dataloaders_save_path = None
log_wandb = False

Training Hyper Parameters:
epochs = 1000
train_batch_size = 4096
learner = adam
learning_rate = 0.001
train_neg_sample_args = {'distribution': 'uniform', 'sample_num': 1, 'alpha': 1.0, 'dynamic': False, 'candidate_num': 0}
eval_step = 1
stopping_step = 20
clip_grad_norm = None
weight_decay = 0.0
loss_decimal_place = 4

Evaluation Hyper Parameters:
eval_args = {'split': {'RS': [0.8, 0.1, 0.1]}, 'order': 'RO', 'group_by': 'user', 'mode': {'valid': 'full', 'test': 'full'}}
repeatable = False
metrics = ['Recall', 'NDCG', 'Precision', 'MAP']
topk = [1, 2, 3, 4, 5, 10, 20, 30, 50]
valid_metric = NDCG@10
valid_metric_bigger = True
eval_batch_size = 4096
metric_decimal_place = 4

Dataset Hyper Parameters:
field_separator = 	
seq_separator =  
USER_ID_FIELD = user_id
ITEM_ID_FIELD = item_id
RATING_FIELD = rating
TIME_FIELD = timestamp
seq_len = None
LABEL_FIELD = label
threshold = None
NEG_PREFIX = neg_
load_col = {'inter': ['user_id', 'item_id', 'rating'], 'user': ['user_id', 'post_num', 'follower', 'following', 'timestamp']}
unload_col = None
unused_col = None
additional_feat_suffix = None
rm_dup_inter = None
val_interval = {'rating': '[0,inf)'}
filter_inter_by_user_or_item = True
user_inter_num_interval = [0,inf)
item_inter_num_interval = [0,inf)
alias_of_user_id = None
alias_of_item_id = None
alias_of_entity_id = None
alias_of_relation_id = None
preload_weight = None
normalize_field = None
normalize_all = None
ITEM_LIST_LENGTH_FIELD = item_length
LIST_SUFFIX = _list
MAX_ITEM_LIST_LENGTH = 50
POSITION_FIELD = position_id
HEAD_ENTITY_ID_FIELD = head_id
TAIL_ENTITY_ID_FIELD = tail_id
RELATION_ID_FIELD = relation_id
ENTITY_ID_FIELD = entity_id
benchmark_filename = None

Other Hyper Parameters: 
worker = 0
wandb_project = recbole
shuffle = True
require_pow = False
enable_amp = False
enable_scaler = False
transform = None
numerical_features = []
discretization = None
kg_reverse_r = False
entity_kg_num_interval = [0,inf)
relation_kg_num_interval = [0,inf)
MODEL_TYPE = ModelType.GENERAL
embedding_size = 64
n_layers = 3
reg_weight = 0.0001
smt_latent_dim = 64
ssl_temp = 0.1
ssl_reg = 1e-07
hyper_layers = 1
alpha = 1
potential_reg = 8e-08
semantic_reg = 8e-08
num_clusters = 10
m_step = 1
warm_up_step = 20
user_feature_path = features/roberta_user.npy
item_feature_path = features/roberta_item.npy
MODEL_INPUT_TYPE = InputType.PAIRWISE
eval_type = EvaluatorType.RANKING
single_spec = True
local_rank = 0
device = cuda
valid_neg_sample_args = {'distribution': 'uniform', 'sample_num': 'none'}
test_neg_sample_args = {'distribution': 'uniform', 'sample_num': 'none'}


Sun 15 Mar 2026 21:56:17 INFO  travel
The number of users: 2010
Average actions of users: 18.721254355400696
The number of items: 247
Average actions of items: 152.890243902439
The number of inters: 37611
The sparsity of the dataset: 92.42431566862047%
Remain Fields: ['user_id', 'item_id', 'rating', 'post_num', 'follower', 'following', 'timestamp']
Sun 15 Mar 2026 21:56:17 INFO  [Training]: train_batch_size = [4096] train_neg_sample_args: [{'distribution': 'uniform', 'sample_num': 1, 'alpha': 1.0, 'dynamic': False, 'candidate_num': 0}]
Sun 15 Mar 2026 21:56:17 INFO  [Evaluation]: eval_batch_size = [4096] eval_args: [{'split': {'RS': [0.8, 0.1, 0.1]}, 'order': 'RO', 'group_by': 'user', 'mode': {'valid': 'full', 'test': 'full'}}]
Sun 15 Mar 2026 21:56:18 INFO  SCL(
  (u_MLP): Linear(in_features=1024, out_features=64, bias=True)
  (i_MLP): Linear(in_features=1024, out_features=64, bias=True)
  (user_embedding): Embedding(2010, 64)
  (item_embedding): Embedding(247, 64)
  (mf_loss): BPRLoss()
  (reg_loss): EmbLoss()
)
Trainable parameters: 144448
Sun 15 Mar 2026 21:56:18 INFO  trainable parameters: 144448
Sun 15 Mar 2026 21:56:19 INFO  Running E-step ! 
Sun 15 Mar 2026 21:56:20 INFO  epoch 0 training [time: 0.57s, train_loss1: 5.5428, train_loss2: 0.0193, train_loss3: 0.0114]
Sun 15 Mar 2026 21:56:20 INFO  epoch 0 evaluating [time: 0.36s, valid_score: 0.033000]
Sun 15 Mar 2026 21:56:20 INFO  valid result: 
recall@1 : 0.0084    recall@2 : 0.0151    recall@3 : 0.0202    recall@4 : 0.0256    recall@5 : 0.0304    recall@10 : 0.0562    recall@20 : 0.097    recall@30 : 0.1303    recall@50 : 0.2244    ndcg@1 : 0.0173    ndcg@2 : 0.0185    ndcg@3 : 0.0199    ndcg@4 : 0.0218    ndcg@5 : 0.0235    ndcg@10 : 0.033    ndcg@20 : 0.0454    ndcg@30 : 0.0545    ndcg@50 : 0.0756    precision@1 : 0.0173    precision@2 : 0.0152    precision@3 : 0.0133    precision@4 : 0.0127    precision@5 : 0.0122    precision@10 : 0.0119    precision@20 : 0.0109    precision@30 : 0.0103    precision@50 : 0.0103    map@1 : 0.0173    map@2 : 0.0155    map@3 : 0.0153    map@4 : 0.0158    map@5 : 0.0163    map@10 : 0.0194    map@20 : 0.0223    map@30 : 0.0239    map@50 : 0.0269
Sun 15 Mar 2026 21:56:20 INFO  Saving current: saved/SCL-Mar-15-2026_21-56-18.pth
Sun 15 Mar 2026 21:56:20 INFO  Saving current best: saved/SCL-Mar-15-2026_21-56-18.pth
Sun 15 Mar 2026 21:56:20 INFO  Running E-step ! 
Sun 15 Mar 2026 21:56:21 INFO  epoch 1 training [time: 0.24s, train_loss1: 5.5426, train_loss2: 0.0148, train_loss3: 0.0114]
Sun 15 Mar 2026 21:56:21 INFO  epoch 1 evaluating [time: 0.33s, valid_score: 0.034700]
Sun 15 Mar 2026 21:56:21 INFO  valid result: 
recall@1 : 0.0098    recall@2 : 0.016    recall@3 : 0.0222    recall@4 : 0.0269    recall@5 : 0.0319    recall@10 : 0.0584    recall@20 : 0.0963    recall@30 : 0.1332    recall@50 : 0.2254    ndcg@1 : 0.0191    ndcg@2 : 0.0199    ndcg@3 : 0.0217    ndcg@4 : 0.0232    ndcg@5 : 0.0252    ndcg@10 : 0.0347    ndcg@20 : 0.0463    ndcg@30 : 0.0563    ndcg@50 : 0.0769    precision@1 : 0.0191    precision@2 : 0.0158    precision@3 : 0.0143    precision@4 : 0.013    precision@5 : 0.013    precision@10 : 0.012    precision@20 : 0.0108    precision@30 : 0.0104    precision@50 : 0.0102    map@1 : 0.0191    map@2 : 0.0168    map@3 : 0.0169    map@4 : 0.0171    map@5 : 0.0177    map@10 : 0.0209    map@20 : 0.0236    map@30 : 0.0254    map@50 : 0.0283
Sun 15 Mar 2026 21:56:21 INFO  Saving current: saved/SCL-Mar-15-2026_21-56-18.pth
Sun 15 Mar 2026 21:56:21 INFO  Saving current best: saved/SCL-Mar-15-2026_21-56-18.pth
Sun 15 Mar 2026 21:56:21 INFO  Running E-step ! 
Sun 15 Mar 2026 21:56:21 INFO  epoch 2 training [time: 0.20s, train_loss1: 5.5421, train_loss2: 0.0128, train_loss3: 0.0113]
Sun 15 Mar 2026 21:56:21 INFO  epoch 2 evaluating [time: 0.31s, valid_score: 0.036800]
Sun 15 Mar 2026 21:56:21 INFO  valid result: 
recall@1 : 0.0126    recall@2 : 0.0165    recall@3 : 0.0227    recall@4 : 0.0272    recall@5 : 0.0324    recall@10 : 0.0598    recall@20 : 0.0995    recall@30 : 0.1399    recall@50 : 0.2248    ndcg@1 : 0.0226    ndcg@2 : 0.0217    ndcg@3 : 0.0233    ndcg@4 : 0.0248    ndcg@5 : 0.0266    ndcg@10 : 0.0368    ndcg@20 : 0.0487    ndcg@30 : 0.0595    ndcg@50 : 0.0788    precision@1 : 0.0226    precision@2 : 0.0167    precision@3 : 0.0147    precision@4 : 0.0134    precision@5 : 0.0131    precision@10 : 0.0126    precision@20 : 0.0111    precision@30 : 0.0109    precision@50 : 0.0104    map@1 : 0.0226    map@2 : 0.0188    map@3 : 0.0186    map@4 : 0.0188    map@5 : 0.0193    map@10 : 0.0227    map@20 : 0.0255    map@30 : 0.0274    map@50 : 0.0302
Sun 15 Mar 2026 21:56:21 INFO  Saving current: saved/SCL-Mar-15-2026_21-56-18.pth
Sun 15 Mar 2026 21:56:21 INFO  Saving current best: saved/SCL-Mar-15-2026_21-56-18.pth
Sun 15 Mar 2026 21:56:21 INFO  Running E-step ! 
Sun 15 Mar 2026 21:56:22 INFO  epoch 3 training [time: 0.20s, train_loss1: 5.5415, train_loss2: 0.0111, train_loss3: 0.0112]
Sun 15 Mar 2026 21:56:22 INFO  epoch 3 evaluating [time: 0.31s, valid_score: 0.037000]
Sun 15 Mar 2026 21:56:22 INFO  valid result: 
recall@1 : 0.0131    recall@2 : 0.0182    recall@3 : 0.0235    recall@4 : 0.0292    recall@5 : 0.0338    recall@10 : 0.0578    recall@20 : 0.1042    recall@30 : 0.1459    recall@50 : 0.2313    ndcg@1 : 0.0244    ndcg@2 : 0.0233    ndcg@3 : 0.0243    ndcg@4 : 0.0265    ndcg@5 : 0.0279    ndcg@10 : 0.037    ndcg@20 : 0.0509    ndcg@30 : 0.0619    ndcg@50 : 0.0812    precision@1 : 0.0244    precision@2 : 0.0179    precision@3 : 0.0149    precision@4 : 0.0146    precision@5 : 0.0135    precision@10 : 0.0124    precision@20 : 0.0117    precision@30 : 0.0112    precision@50 : 0.0106    map@1 : 0.0244    map@2 : 0.0201    map@3 : 0.0195    map@4 : 0.02    map@5 : 0.0203    map@10 : 0.0233    map@20 : 0.0266    map@30 : 0.0286    map@50 : 0.0314
Sun 15 Mar 2026 21:56:22 INFO  Saving current: saved/SCL-Mar-15-2026_21-56-18.pth
Sun 15 Mar 2026 21:56:22 INFO  Saving current best: saved/SCL-Mar-15-2026_21-56-18.pth
Sun 15 Mar 2026 21:56:22 INFO  Running E-step ! 
Sun 15 Mar 2026 21:56:22 INFO  epoch 4 training [time: 0.21s, train_loss1: 5.5409, train_loss2: 0.0097, train_loss3: 0.0111]
Sun 15 Mar 2026 21:56:22 INFO  epoch 4 evaluating [time: 0.33s, valid_score: 0.038100]
Sun 15 Mar 2026 21:56:22 INFO  valid result: 
recall@1 : 0.0145    recall@2 : 0.0196    recall@3 : 0.0263    recall@4 : 0.0306    recall@5 : 0.0349    recall@10 : 0.0574    recall@20 : 0.1101    recall@30 : 0.152    recall@50 : 0.2364    ndcg@1 : 0.0256    ndcg@2 : 0.0247    ndcg@3 : 0.0266    ndcg@4 : 0.0281    ndcg@5 : 0.0294    ndcg@10 : 0.0381    ndcg@20 : 0.0538    ndcg@30 : 0.0648    ndcg@50 : 0.0839    precision@1 : 0.0256    precision@2 : 0.0188    precision@3 : 0.0167    precision@4 : 0.0152    precision@5 : 0.0141    precision@10 : 0.0125    precision@20 : 0.0122    precision@30 : 0.0116    precision@50 : 0.0108    map@1 : 0.0256    map@2 : 0.0215    map@3 : 0.0213    map@4 : 0.0215    map@5 : 0.0218    map@10 : 0.0246    map@20 : 0.0283    map@30 : 0.0304    map@50 : 0.0332
Sun 15 Mar 2026 21:56:22 INFO  Saving current: saved/SCL-Mar-15-2026_21-56-18.pth
Sun 15 Mar 2026 21:56:22 INFO  Saving current best: saved/SCL-Mar-15-2026_21-56-18.pth
Sun 15 Mar 2026 21:56:22 INFO  Running E-step ! 
Sun 15 Mar 2026 21:56:23 INFO  epoch 5 training [time: 0.22s, train_loss1: 5.5401, train_loss2: 0.0087, train_loss3: 0.0110]
Sun 15 Mar 2026 21:56:23 INFO  epoch 5 evaluating [time: 0.32s, valid_score: 0.039600]
Sun 15 Mar 2026 21:56:23 INFO  valid result: 
recall@1 : 0.0152    recall@2 : 0.0212    recall@3 : 0.0267    recall@4 : 0.0354    recall@5 : 0.0388    recall@10 : 0.059    recall@20 : 0.116    recall@30 : 0.1583    recall@50 : 0.2401    ndcg@1 : 0.0256    ndcg@2 : 0.0261    ndcg@3 : 0.0275    ndcg@4 : 0.0307    ndcg@5 : 0.0318    ndcg@10 : 0.0396    ndcg@20 : 0.0565    ndcg@30 : 0.0675    ndcg@50 : 0.0862    precision@1 : 0.0256    precision@2 : 0.02    precision@3 : 0.0175    precision@4 : 0.0167    precision@5 : 0.0153    precision@10 : 0.0129    precision@20 : 0.0128    precision@30 : 0.0119    precision@50 : 0.011    map@1 : 0.0256    map@2 : 0.0226    map@3 : 0.0222    map@4 : 0.0234    map@5 : 0.0235    map@10 : 0.0259    map@20 : 0.03    map@30 : 0.032    map@50 : 0.0347
Sun 15 Mar 2026 21:56:23 INFO  Saving current: saved/SCL-Mar-15-2026_21-56-18.pth
Sun 15 Mar 2026 21:56:23 INFO  Saving current best: saved/SCL-Mar-15-2026_21-56-18.pth
Sun 15 Mar 2026 21:56:23 INFO  Running E-step ! 
Sun 15 Mar 2026 21:56:23 INFO  epoch 6 training [time: 0.22s, train_loss1: 5.5392, train_loss2: 0.0078, train_loss3: 0.0110]
Sun 15 Mar 2026 21:56:24 INFO  epoch 6 evaluating [time: 0.32s, valid_score: 0.042200]
Sun 15 Mar 2026 21:56:24 INFO  valid result: 
recall@1 : 0.0148    recall@2 : 0.0232    recall@3 : 0.0304    recall@4 : 0.0366    recall@5 : 0.0401    recall@10 : 0.0638    recall@20 : 0.1184    recall@30 : 0.1631    recall@50 : 0.2486    ndcg@1 : 0.0268    ndcg@2 : 0.028    ndcg@3 : 0.0302    ndcg@4 : 0.0324    ndcg@5 : 0.0335    ndcg@10 : 0.0422    ndcg@20 : 0.0586    ndcg@30 : 0.0702    ndcg@50 : 0.0897    precision@1 : 0.0268    precision@2 : 0.0218    precision@3 : 0.0197    precision@4 : 0.018    precision@5 : 0.0166    precision@10 : 0.0139    precision@20 : 0.0132    precision@30 : 0.0124    precision@50 : 0.0114    map@1 : 0.0268    map@2 : 0.024    map@3 : 0.0239    map@4 : 0.0244    map@5 : 0.0245    map@10 : 0.0272    map@20 : 0.0312    map@30 : 0.0334    map@50 : 0.0362
Sun 15 Mar 2026 21:56:24 INFO  Saving current: saved/SCL-Mar-15-2026_21-56-18.pth
Sun 15 Mar 2026 21:56:24 INFO  Saving current best: saved/SCL-Mar-15-2026_21-56-18.pth
Sun 15 Mar 2026 21:56:24 INFO  Running E-step ! 
Sun 15 Mar 2026 21:56:24 INFO  epoch 7 training [time: 0.20s, train_loss1: 5.5381, train_loss2: 0.0070, train_loss3: 0.0109]
Sun 15 Mar 2026 21:56:24 INFO  epoch 7 evaluating [time: 0.33s, valid_score: 0.045500]
Sun 15 Mar 2026 21:56:24 INFO  valid result: 
recall@1 : 0.0144    recall@2 : 0.025    recall@3 : 0.032    recall@4 : 0.0386    recall@5 : 0.0415    recall@10 : 0.0709    recall@20 : 0.1248    recall@30 : 0.1691    recall@50 : 0.253    ndcg@1 : 0.028    ndcg@2 : 0.0303    ndcg@3 : 0.0317    ndcg@4 : 0.034    ndcg@5 : 0.035    ndcg@10 : 0.0455    ndcg@20 : 0.0619    ndcg@30 : 0.0733    ndcg@50 : 0.0926    precision@1 : 0.028    precision@2 : 0.0244    precision@3 : 0.0211    precision@4 : 0.0195    precision@5 : 0.0178    precision@10 : 0.0152    precision@20 : 0.0139    precision@30 : 0.0128    precision@50 : 0.0116    map@1 : 0.028    map@2 : 0.0255    map@3 : 0.0247    map@4 : 0.0253    map@5 : 0.0253    map@10 : 0.0286    map@20 : 0.0327    map@30 : 0.0348    map@50 : 0.0377
Sun 15 Mar 2026 21:56:24 INFO  Saving current: saved/SCL-Mar-15-2026_21-56-18.pth
Sun 15 Mar 2026 21:56:24 INFO  Saving current best: saved/SCL-Mar-15-2026_21-56-18.pth
Sun 15 Mar 2026 21:56:24 INFO  Running E-step ! 
Sun 15 Mar 2026 21:56:24 INFO  epoch 8 training [time: 0.23s, train_loss1: 5.5367, train_loss2: 0.0065, train_loss3: 0.0108]
Sun 15 Mar 2026 21:56:25 INFO  epoch 8 evaluating [time: 0.29s, valid_score: 0.050300]
Sun 15 Mar 2026 21:56:25 INFO  valid result: 
recall@1 : 0.0146    recall@2 : 0.0252    recall@3 : 0.035    recall@4 : 0.0412    recall@5 : 0.0475    recall@10 : 0.0802    recall@20 : 0.1296    recall@30 : 0.1804    recall@50 : 0.2617    ndcg@1 : 0.0292    ndcg@2 : 0.0308    ndcg@3 : 0.0339    ndcg@4 : 0.0362    ndcg@5 : 0.0385    ndcg@10 : 0.0503    ndcg@20 : 0.0653    ndcg@30 : 0.0784    ndcg@50 : 0.0973    precision@1 : 0.0292    precision@2 : 0.0247    precision@3 : 0.0232    precision@4 : 0.0215    precision@5 : 0.0203    precision@10 : 0.0174    precision@20 : 0.0146    precision@30 : 0.0136    precision@50 : 0.0122    map@1 : 0.0292    map@2 : 0.0259    map@3 : 0.0261    map@4 : 0.0265    map@5 : 0.0271    map@10 : 0.0309    map@20 : 0.0347    map@30 : 0.0372    map@50 : 0.0401
Sun 15 Mar 2026 21:56:25 INFO  Saving current: saved/SCL-Mar-15-2026_21-56-18.pth
Sun 15 Mar 2026 21:56:25 INFO  Saving current best: saved/SCL-Mar-15-2026_21-56-18.pth
Sun 15 Mar 2026 21:56:25 INFO  Running E-step ! 
Sun 15 Mar 2026 21:56:25 INFO  epoch 9 training [time: 0.23s, train_loss1: 5.5352, train_loss2: 0.0060, train_loss3: 0.0108]
Sun 15 Mar 2026 21:56:25 INFO  epoch 9 evaluating [time: 0.33s, valid_score: 0.054400]
Sun 15 Mar 2026 21:56:25 INFO  valid result: 
recall@1 : 0.0139    recall@2 : 0.0298    recall@3 : 0.0379    recall@4 : 0.049    recall@5 : 0.0546    recall@10 : 0.0848    recall@20 : 0.1425    recall@30 : 0.1886    recall@50 : 0.2736    ndcg@1 : 0.0298    ndcg@2 : 0.035    ndcg@3 : 0.0372    ndcg@4 : 0.0414    ndcg@5 : 0.0431    ndcg@10 : 0.0544    ndcg@20 : 0.0716    ndcg@30 : 0.0835    ndcg@50 : 0.1033    precision@1 : 0.0298    precision@2 : 0.0295    precision@3 : 0.0262    precision@4 : 0.0256    precision@5 : 0.023    precision@10 : 0.019    precision@20 : 0.016    precision@30 : 0.0142    precision@50 : 0.0127    map@1 : 0.0298    map@2 : 0.0289    map@3 : 0.0282    map@4 : 0.0296    map@5 : 0.0298    map@10 : 0.0335    map@20 : 0.0379    map@30 : 0.0402    map@50 : 0.0433
Sun 15 Mar 2026 21:56:25 INFO  Saving current: saved/SCL-Mar-15-2026_21-56-18.pth
Sun 15 Mar 2026 21:56:25 INFO  Saving current best: saved/SCL-Mar-15-2026_21-56-18.pth
Sun 15 Mar 2026 21:56:25 INFO  Running E-step ! 
Sun 15 Mar 2026 21:56:26 INFO  epoch 10 training [time: 0.24s, train_loss1: 5.5333, train_loss2: 0.0057, train_loss3: 0.0107]
Sun 15 Mar 2026 21:56:26 INFO  epoch 10 evaluating [time: 0.30s, valid_score: 0.061600]
Sun 15 Mar 2026 21:56:26 INFO  valid result: 
recall@1 : 0.0173    recall@2 : 0.0325    recall@3 : 0.0445    recall@4 : 0.0536    recall@5 : 0.0622    recall@10 : 0.0944    recall@20 : 0.1494    recall@30 : 0.199    recall@50 : 0.2857    ndcg@1 : 0.0369    ndcg@2 : 0.0396    ndcg@3 : 0.0438    ndcg@4 : 0.0468    ndcg@5 : 0.0497    ndcg@10 : 0.0616    ndcg@20 : 0.0781    ndcg@30 : 0.091    ndcg@50 : 0.1116    precision@1 : 0.0369    precision@2 : 0.0328    precision@3 : 0.0314    precision@4 : 0.0285    precision@5 : 0.0263    precision@10 : 0.0213    precision@20 : 0.0168    precision@30 : 0.0151    precision@50 : 0.0136    map@1 : 0.0369    map@2 : 0.0329    map@3 : 0.0332    map@4 : 0.0337    map@5 : 0.0346    map@10 : 0.0385    map@20 : 0.0428    map@30 : 0.0454    map@50 : 0.0486
Sun 15 Mar 2026 21:56:26 INFO  Saving current: saved/SCL-Mar-15-2026_21-56-18.pth
Sun 15 Mar 2026 21:56:26 INFO  Saving current best: saved/SCL-Mar-15-2026_21-56-18.pth
Sun 15 Mar 2026 21:56:26 INFO  Running E-step ! 
Sun 15 Mar 2026 21:56:26 INFO  epoch 11 training [time: 0.24s, train_loss1: 5.5311, train_loss2: 0.0056, train_loss3: 0.0107]
Sun 15 Mar 2026 21:56:26 INFO  epoch 11 evaluating [time: 0.32s, valid_score: 0.071600]
Sun 15 Mar 2026 21:56:26 INFO  valid result: 
recall@1 : 0.0222    recall@2 : 0.0385    recall@3 : 0.0476    recall@4 : 0.0635    recall@5 : 0.0719    recall@10 : 0.1088    recall@20 : 0.163    recall@30 : 0.2147    recall@50 : 0.3129    ndcg@1 : 0.0447    ndcg@2 : 0.0479    ndcg@3 : 0.05    ndcg@4 : 0.0557    ndcg@5 : 0.0582    ndcg@10 : 0.0716    ndcg@20 : 0.0882    ndcg@30 : 0.1017    ndcg@50 : 0.1245    precision@1 : 0.0447    precision@2 : 0.0399    precision@3 : 0.0356    precision@4 : 0.0338    precision@5 : 0.0302    precision@10 : 0.0241    precision@20 : 0.0187    precision@30 : 0.0165    precision@50 : 0.0147    map@1 : 0.0447    map@2 : 0.0398    map@3 : 0.0385    map@4 : 0.0406    map@5 : 0.0411    map@10 : 0.0456    map@20 : 0.05    map@30 : 0.0528    map@50 : 0.0563
Sun 15 Mar 2026 21:56:26 INFO  Saving current: saved/SCL-Mar-15-2026_21-56-18.pth
Sun 15 Mar 2026 21:56:26 INFO  Saving current best: saved/SCL-Mar-15-2026_21-56-18.pth
Sun 15 Mar 2026 21:56:26 INFO  Running E-step ! 
Sun 15 Mar 2026 21:56:27 INFO  epoch 12 training [time: 0.22s, train_loss1: 5.5283, train_loss2: 0.0056, train_loss3: 0.0106]
Sun 15 Mar 2026 21:56:27 INFO  epoch 12 evaluating [time: 0.31s, valid_score: 0.082600]
Sun 15 Mar 2026 21:56:27 INFO  valid result: 
recall@1 : 0.0266    recall@2 : 0.0473    recall@3 : 0.0588    recall@4 : 0.0715    recall@5 : 0.081    recall@10 : 0.1229    recall@20 : 0.1838    recall@30 : 0.2362    recall@50 : 0.3361    ndcg@1 : 0.0542    ndcg@2 : 0.0592    ndcg@3 : 0.0605    ndcg@4 : 0.0647    ndcg@5 : 0.068    ndcg@10 : 0.0826    ndcg@20 : 0.1014    ndcg@30 : 0.115    ndcg@50 : 0.1383    precision@1 : 0.0542    precision@2 : 0.0498    precision@3 : 0.0417    precision@4 : 0.0381    precision@5 : 0.0354    precision@10 : 0.0273    precision@20 : 0.0212    precision@30 : 0.0183    precision@50 : 0.0158    map@1 : 0.0542    map@2 : 0.0492    map@3 : 0.0468    map@4 : 0.048    map@5 : 0.0488    map@10 : 0.0536    map@20 : 0.0588    map@30 : 0.0616    map@50 : 0.0654
Sun 15 Mar 2026 21:56:27 INFO  Saving current: saved/SCL-Mar-15-2026_21-56-18.pth
Sun 15 Mar 2026 21:56:27 INFO  Saving current best: saved/SCL-Mar-15-2026_21-56-18.pth
Sun 15 Mar 2026 21:56:27 INFO  Running E-step ! 
Sun 15 Mar 2026 21:56:27 INFO  epoch 13 training [time: 0.24s, train_loss1: 5.5246, train_loss2: 0.0059, train_loss3: 0.0106]
Sun 15 Mar 2026 21:56:28 INFO  epoch 13 evaluating [time: 0.30s, valid_score: 0.099000]
Sun 15 Mar 2026 21:56:28 INFO  valid result: 
recall@1 : 0.0333    recall@2 : 0.0525    recall@3 : 0.0691    recall@4 : 0.0848    recall@5 : 0.0959    recall@10 : 0.1471    recall@20 : 0.2095    recall@30 : 0.2644    recall@50 : 0.369    ndcg@1 : 0.0673    ndcg@2 : 0.0677    ndcg@3 : 0.0718    ndcg@4 : 0.0774    ndcg@5 : 0.0811    ndcg@10 : 0.099    ndcg@20 : 0.1179    ndcg@30 : 0.1326    ndcg@50 : 0.1565    precision@1 : 0.0673    precision@2 : 0.0554    precision@3 : 0.0495    precision@4 : 0.0463    precision@5 : 0.0424    precision@10 : 0.0331    precision@20 : 0.0242    precision@30 : 0.0207    precision@50 : 0.0173    map@1 : 0.0673    map@2 : 0.0569    map@3 : 0.0561    map@4 : 0.0578    map@5 : 0.0586    map@10 : 0.0649    map@20 : 0.0702    map@30 : 0.0733    map@50 : 0.0774
Sun 15 Mar 2026 21:56:28 INFO  Saving current: saved/SCL-Mar-15-2026_21-56-18.pth
Sun 15 Mar 2026 21:56:28 INFO  Saving current best: saved/SCL-Mar-15-2026_21-56-18.pth
Sun 15 Mar 2026 21:56:28 INFO  Running E-step ! 
Sun 15 Mar 2026 21:56:28 INFO  epoch 14 training [time: 0.21s, train_loss1: 5.5201, train_loss2: 0.0064, train_loss3: 0.0106]
Sun 15 Mar 2026 21:56:28 INFO  epoch 14 evaluating [time: 0.31s, valid_score: 0.119200]
Sun 15 Mar 2026 21:56:28 INFO  valid result: 
recall@1 : 0.042    recall@2 : 0.0649    recall@3 : 0.0839    recall@4 : 0.1013    recall@5 : 0.1157    recall@10 : 0.1723    recall@20 : 0.2468    recall@30 : 0.3037    recall@50 : 0.4119    ndcg@1 : 0.087    ndcg@2 : 0.0841    ndcg@3 : 0.0883    ndcg@4 : 0.094    ndcg@5 : 0.0988    ndcg@10 : 0.1192    ndcg@20 : 0.1415    ndcg@30 : 0.1566    ndcg@50 : 0.1812    precision@1 : 0.087    precision@2 : 0.0679    precision@3 : 0.06    precision@4 : 0.0548    precision@5 : 0.0508    precision@10 : 0.0394    precision@20 : 0.0287    precision@30 : 0.0238    precision@50 : 0.0192    map@1 : 0.087    map@2 : 0.0718    map@3 : 0.0697    map@4 : 0.0714    map@5 : 0.0727    map@10 : 0.0803    map@20 : 0.0866    map@30 : 0.09    map@50 : 0.0943
Sun 15 Mar 2026 21:56:28 INFO  Saving current: saved/SCL-Mar-15-2026_21-56-18.pth
Sun 15 Mar 2026 21:56:28 INFO  Saving current best: saved/SCL-Mar-15-2026_21-56-18.pth
Sun 15 Mar 2026 21:56:28 INFO  Running E-step ! 
Sun 15 Mar 2026 21:56:28 INFO  epoch 15 training [time: 0.23s, train_loss1: 5.5138, train_loss2: 0.0075, train_loss3: 0.0106]
Sun 15 Mar 2026 21:56:29 INFO  epoch 15 evaluating [time: 0.30s, valid_score: 0.142200]
Sun 15 Mar 2026 21:56:29 INFO  valid result: 
recall@1 : 0.0477    recall@2 : 0.0823    recall@3 : 0.105    recall@4 : 0.1264    recall@5 : 0.1453    recall@10 : 0.2048    recall@20 : 0.287    recall@30 : 0.3547    recall@50 : 0.4488    ndcg@1 : 0.0989    ndcg@2 : 0.1023    ndcg@3 : 0.1077    ndcg@4 : 0.1148    ndcg@5 : 0.1214    ndcg@10 : 0.1422    ndcg@20 : 0.1673    ndcg@30 : 0.185    ndcg@50 : 0.2068    precision@1 : 0.0989    precision@2 : 0.084    precision@3 : 0.0743    precision@4 : 0.0681    precision@5 : 0.0634    precision@10 : 0.0467    precision@20 : 0.0336    precision@30 : 0.0277    precision@50 : 0.0211    map@1 : 0.0989    map@2 : 0.0875    map@3 : 0.0853    map@4 : 0.0872    map@5 : 0.0896    map@10 : 0.0973    map@20 : 0.1051    map@30 : 0.1093    map@50 : 0.1133
Sun 15 Mar 2026 21:56:29 INFO  Saving current: saved/SCL-Mar-15-2026_21-56-18.pth
Sun 15 Mar 2026 21:56:29 INFO  Saving current best: saved/SCL-Mar-15-2026_21-56-18.pth
Sun 15 Mar 2026 21:56:29 INFO  Running E-step ! 
Sun 15 Mar 2026 21:56:29 INFO  epoch 16 training [time: 0.22s, train_loss1: 5.5048, train_loss2: 0.0092, train_loss3: 0.0105]
Sun 15 Mar 2026 21:56:29 INFO  epoch 16 evaluating [time: 0.31s, valid_score: 0.171100]
Sun 15 Mar 2026 21:56:29 INFO  valid result: 
recall@1 : 0.0596    recall@2 : 0.0971    recall@3 : 0.1244    recall@4 : 0.1479    recall@5 : 0.1706    recall@10 : 0.2474    recall@20 : 0.3494    recall@30 : 0.4163    recall@50 : 0.5169    ndcg@1 : 0.118    ndcg@2 : 0.122    ndcg@3 : 0.1282    ndcg@4 : 0.1353    ndcg@5 : 0.1432    ndcg@10 : 0.1711    ndcg@20 : 0.2021    ndcg@30 : 0.2197    ndcg@50 : 0.243    precision@1 : 0.118    precision@2 : 0.1001    precision@3 : 0.088    precision@4 : 0.0785    precision@5 : 0.0733    precision@10 : 0.0558    precision@20 : 0.0404    precision@30 : 0.0322    precision@50 : 0.0241    map@1 : 0.118    map@2 : 0.105    map@3 : 0.1031    map@4 : 0.1049    map@5 : 0.1077    map@10 : 0.1188    map@20 : 0.129    map@30 : 0.1334    map@50 : 0.1379
Sun 15 Mar 2026 21:56:29 INFO  Saving current: saved/SCL-Mar-15-2026_21-56-18.pth
Sun 15 Mar 2026 21:56:29 INFO  Saving current best: saved/SCL-Mar-15-2026_21-56-18.pth
Sun 15 Mar 2026 21:56:29 INFO  Running E-step ! 
Sun 15 Mar 2026 21:56:29 INFO  epoch 17 training [time: 0.23s, train_loss1: 5.4910, train_loss2: 0.0120, train_loss3: 0.0105]
Sun 15 Mar 2026 21:56:30 INFO  epoch 17 evaluating [time: 0.32s, valid_score: 0.205600]
Sun 15 Mar 2026 21:56:30 INFO  valid result: 
recall@1 : 0.07    recall@2 : 0.111    recall@3 : 0.147    recall@4 : 0.1792    recall@5 : 0.2097    recall@10 : 0.304    recall@20 : 0.4153    recall@30 : 0.4811    recall@50 : 0.5865    ndcg@1 : 0.1353    ndcg@2 : 0.1394    ndcg@3 : 0.1489    ndcg@4 : 0.1608    ndcg@5 : 0.1718    ndcg@10 : 0.2056    ndcg@20 : 0.2394    ndcg@30 : 0.2571    ndcg@50 : 0.2814    precision@1 : 0.1353    precision@2 : 0.1141    precision@3 : 0.1017    precision@4 : 0.0952    precision@5 : 0.0894    precision@10 : 0.0664    precision@20 : 0.0467    precision@30 : 0.0368    precision@50 : 0.027    map@1 : 0.1353    map@2 : 0.1208    map@3 : 0.12    map@4 : 0.1244    map@5 : 0.1288    map@10 : 0.1431    map@20 : 0.1546    map@30 : 0.1594    map@50 : 0.1643
Sun 15 Mar 2026 21:56:30 INFO  Saving current: saved/SCL-Mar-15-2026_21-56-18.pth
Sun 15 Mar 2026 21:56:30 INFO  Saving current best: saved/SCL-Mar-15-2026_21-56-18.pth
Sun 15 Mar 2026 21:56:30 INFO  Running E-step ! 
Sun 15 Mar 2026 21:56:30 INFO  epoch 18 training [time: 0.21s, train_loss1: 5.4694, train_loss2: 0.0162, train_loss3: 0.0105]
Sun 15 Mar 2026 21:56:30 INFO  epoch 18 evaluating [time: 0.14s, valid_score: 0.245900]
Sun 15 Mar 2026 21:56:30 INFO  valid result: 
recall@1 : 0.0811    recall@2 : 0.136    recall@3 : 0.184    recall@4 : 0.2209    recall@5 : 0.2523    recall@10 : 0.3726    recall@20 : 0.4892    recall@30 : 0.5661    recall@50 : 0.6572    ndcg@1 : 0.1508    ndcg@2 : 0.1611    ndcg@3 : 0.177    ndcg@4 : 0.1907    ndcg@5 : 0.202    ndcg@10 : 0.2459    ndcg@20 : 0.2812    ndcg@30 : 0.3013    ndcg@50 : 0.3225    precision@1 : 0.1508    precision@2 : 0.1287    precision@3 : 0.118    precision@4 : 0.1089    precision@5 : 0.1005    precision@10 : 0.0781    precision@20 : 0.0533    precision@30 : 0.0416    precision@50 : 0.0294    map@1 : 0.1508    map@2 : 0.1399    map@3 : 0.1428    map@4 : 0.1485    map@5 : 0.1529    map@10 : 0.1715    map@20 : 0.1838    map@30 : 0.1894    map@50 : 0.1941
Sun 15 Mar 2026 21:56:30 INFO  Saving current: saved/SCL-Mar-15-2026_21-56-18.pth
Sun 15 Mar 2026 21:56:30 INFO  Saving current best: saved/SCL-Mar-15-2026_21-56-18.pth
Sun 15 Mar 2026 21:56:30 INFO  Running E-step ! 
Sun 15 Mar 2026 21:56:30 INFO  epoch 19 training [time: 0.22s, train_loss1: 5.4287, train_loss2: 0.0232, train_loss3: 0.0105]
Sun 15 Mar 2026 21:56:31 INFO  epoch 19 evaluating [time: 0.32s, valid_score: 0.288100]
Sun 15 Mar 2026 21:56:31 INFO  valid result: 
recall@1 : 0.1005    recall@2 : 0.1691    recall@3 : 0.2198    recall@4 : 0.2647    recall@5 : 0.3043    recall@10 : 0.4428    recall@20 : 0.5782    recall@30 : 0.6383    recall@50 : 0.717    ndcg@1 : 0.1692    ndcg@2 : 0.1898    ndcg@3 : 0.2066    ndcg@4 : 0.2234    ndcg@5 : 0.2383    ndcg@10 : 0.2881    ndcg@20 : 0.3296    ndcg@30 : 0.346    ndcg@50 : 0.3648    precision@1 : 0.1692    precision@2 : 0.1472    precision@3 : 0.1309    precision@4 : 0.1199    precision@5 : 0.1114    precision@10 : 0.0856    precision@20 : 0.0591    precision@30 : 0.0449    precision@50 : 0.0312    map@1 : 0.1692    map@2 : 0.1663    map@3 : 0.1693    map@4 : 0.1761    map@5 : 0.183    map@10 : 0.2039    map@20 : 0.2189    map@30 : 0.2239    map@50 : 0.2282
Sun 15 Mar 2026 21:56:31 INFO  Saving current: saved/SCL-Mar-15-2026_21-56-18.pth
Sun 15 Mar 2026 21:56:31 INFO  Saving current best: saved/SCL-Mar-15-2026_21-56-18.pth
Sun 15 Mar 2026 21:56:31 INFO  Running E-step ! 
Sun 15 Mar 2026 21:56:31 INFO  epoch 20 training [time: 0.22s, train_loss1: 5.3428, train_loss2: 0.0307, train_loss3: 0.0105, train_loss4: 0.0030]
Sun 15 Mar 2026 21:56:31 INFO  epoch 20 evaluating [time: 0.32s, valid_score: 0.312400]
Sun 15 Mar 2026 21:56:31 INFO  valid result: 
recall@1 : 0.1199    recall@2 : 0.1981    recall@3 : 0.2606    recall@4 : 0.304    recall@5 : 0.3459    recall@10 : 0.4674    recall@20 : 0.6125    recall@30 : 0.6753    recall@50 : 0.746    ndcg@1 : 0.1859    ndcg@2 : 0.2135    ndcg@3 : 0.2373    ndcg@4 : 0.2532    ndcg@5 : 0.2689    ndcg@10 : 0.3124    ndcg@20 : 0.3567    ndcg@30 : 0.3741    ndcg@50 : 0.3913    precision@1 : 0.1859    precision@2 : 0.1606    precision@3 : 0.1434    precision@4 : 0.128    precision@5 : 0.1182    precision@10 : 0.0856    precision@20 : 0.0602    precision@30 : 0.046    precision@50 : 0.0315    map@1 : 0.1859    map@2 : 0.1886    map@3 : 0.1974    map@4 : 0.2039    map@5 : 0.211    map@10 : 0.2287    map@20 : 0.2441    map@30 : 0.2493    map@50 : 0.2534
Sun 15 Mar 2026 21:56:31 INFO  Saving current: saved/SCL-Mar-15-2026_21-56-18.pth
Sun 15 Mar 2026 21:56:31 INFO  Saving current best: saved/SCL-Mar-15-2026_21-56-18.pth
Sun 15 Mar 2026 21:56:31 INFO  Running E-step ! 
Sun 15 Mar 2026 21:56:31 INFO  epoch 21 training [time: 0.21s, train_loss1: 5.1770, train_loss2: 0.0345, train_loss3: 0.0105, train_loss4: 0.0036]
Sun 15 Mar 2026 21:56:32 INFO  epoch 21 evaluating [time: 0.33s, valid_score: 0.320000]
Sun 15 Mar 2026 21:56:32 INFO  valid result: 
recall@1 : 0.1232    recall@2 : 0.2081    recall@3 : 0.2669    recall@4 : 0.3177    recall@5 : 0.3505    recall@10 : 0.4812    recall@20 : 0.6258    recall@30 : 0.6798    recall@50 : 0.7572    ndcg@1 : 0.1913    ndcg@2 : 0.2203    ndcg@3 : 0.2422    ndcg@4 : 0.2623    ndcg@5 : 0.2741    ndcg@10 : 0.32    ndcg@20 : 0.3638    ndcg@30 : 0.379    ndcg@50 : 0.3978    precision@1 : 0.1913    precision@2 : 0.1633    precision@3 : 0.1436    precision@4 : 0.1324    precision@5 : 0.1191    precision@10 : 0.0856    precision@20 : 0.0601    precision@30 : 0.0454    precision@50 : 0.0314    map@1 : 0.1913    map@2 : 0.195    map@3 : 0.2025    map@4 : 0.2116    map@5 : 0.2162    map@10 : 0.235    map@20 : 0.2497    map@30 : 0.2544    map@50 : 0.2587
Sun 15 Mar 2026 21:56:32 INFO  Saving current: saved/SCL-Mar-15-2026_21-56-18.pth
Sun 15 Mar 2026 21:56:32 INFO  Saving current best: saved/SCL-Mar-15-2026_21-56-18.pth
Sun 15 Mar 2026 21:56:32 INFO  Running E-step ! 
Sun 15 Mar 2026 21:56:32 INFO  epoch 22 training [time: 0.23s, train_loss1: 4.9177, train_loss2: 0.0359, train_loss3: 0.0105, train_loss4: 0.0043]
Sun 15 Mar 2026 21:56:32 INFO  epoch 22 evaluating [time: 0.32s, valid_score: 0.322400]
Sun 15 Mar 2026 21:56:32 INFO  valid result: 
recall@1 : 0.1265    recall@2 : 0.211    recall@3 : 0.275    recall@4 : 0.3239    recall@5 : 0.3543    recall@10 : 0.4816    recall@20 : 0.6148    recall@30 : 0.6825    recall@50 : 0.7589    ndcg@1 : 0.1949    ndcg@2 : 0.2234    ndcg@3 : 0.2476    ndcg@4 : 0.2667    ndcg@5 : 0.2775    ndcg@10 : 0.3224    ndcg@20 : 0.3628    ndcg@30 : 0.3813    ndcg@50 : 0.4002    precision@1 : 0.1949    precision@2 : 0.1645    precision@3 : 0.1456    precision@4 : 0.1327    precision@5 : 0.119    precision@10 : 0.0849    precision@20 : 0.0586    precision@30 : 0.0449    precision@50 : 0.0313    map@1 : 0.1949    map@2 : 0.1985    map@3 : 0.2071    map@4 : 0.2155    map@5 : 0.2197    map@10 : 0.238    map@20 : 0.2515    map@30 : 0.2569    map@50 : 0.2612
Sun 15 Mar 2026 21:56:32 INFO  Saving current: saved/SCL-Mar-15-2026_21-56-18.pth
Sun 15 Mar 2026 21:56:32 INFO  Saving current best: saved/SCL-Mar-15-2026_21-56-18.pth
Sun 15 Mar 2026 21:56:32 INFO  Running E-step ! 
Sun 15 Mar 2026 21:56:33 INFO  epoch 23 training [time: 0.23s, train_loss1: 4.5944, train_loss2: 0.0366, train_loss3: 0.0106, train_loss4: 0.0052]
Sun 15 Mar 2026 21:56:33 INFO  epoch 23 evaluating [time: 0.33s, valid_score: 0.320600]
Sun 15 Mar 2026 21:56:33 INFO  valid result: 
recall@1 : 0.1235    recall@2 : 0.2095    recall@3 : 0.269    recall@4 : 0.3176    recall@5 : 0.3544    recall@10 : 0.4838    recall@20 : 0.6088    recall@30 : 0.6816    recall@50 : 0.7624    ndcg@1 : 0.1919    ndcg@2 : 0.2211    ndcg@3 : 0.243    ndcg@4 : 0.2618    ndcg@5 : 0.2756    ndcg@10 : 0.3206    ndcg@20 : 0.3584    ndcg@30 : 0.3781    ndcg@50 : 0.398    precision@1 : 0.1919    precision@2 : 0.1633    precision@3 : 0.1432    precision@4 : 0.1304    precision@5 : 0.1192    precision@10 : 0.0852    precision@20 : 0.0577    precision@30 : 0.0446    precision@50 : 0.0313    map@1 : 0.1919    map@2 : 0.1961    map@3 : 0.2033    map@4 : 0.2115    map@5 : 0.2171    map@10 : 0.2352    map@20 : 0.2477    map@30 : 0.2533    map@50 : 0.2579
Sun 15 Mar 2026 21:56:33 INFO  Running E-step ! 
Sun 15 Mar 2026 21:56:33 INFO  epoch 24 training [time: 0.23s, train_loss1: 4.2442, train_loss2: 0.0370, train_loss3: 0.0106, train_loss4: 0.0058]
Sun 15 Mar 2026 21:56:33 INFO  epoch 24 evaluating [time: 0.30s, valid_score: 0.319800]
Sun 15 Mar 2026 21:56:33 INFO  valid result: 
recall@1 : 0.1241    recall@2 : 0.207    recall@3 : 0.2689    recall@4 : 0.3183    recall@5 : 0.3522    recall@10 : 0.4824    recall@20 : 0.6087    recall@30 : 0.6838    recall@50 : 0.7669    ndcg@1 : 0.1925    ndcg@2 : 0.2196    ndcg@3 : 0.2428    ndcg@4 : 0.2618    ndcg@5 : 0.2743    ndcg@10 : 0.3198    ndcg@20 : 0.3578    ndcg@30 : 0.3782    ndcg@50 : 0.3982    precision@1 : 0.1925    precision@2 : 0.1618    precision@3 : 0.1432    precision@4 : 0.1301    precision@5 : 0.1179    precision@10 : 0.0849    precision@20 : 0.0573    precision@30 : 0.0447    precision@50 : 0.0312    map@1 : 0.1925    map@2 : 0.195    map@3 : 0.203    map@4 : 0.2115    map@5 : 0.2164    map@10 : 0.2346    map@20 : 0.2472    map@30 : 0.2529    map@50 : 0.2573
Sun 15 Mar 2026 21:56:33 INFO  Running E-step ! 
Sun 15 Mar 2026 21:56:34 INFO  epoch 25 training [time: 0.24s, train_loss1: 3.9316, train_loss2: 0.0373, train_loss3: 0.0107, train_loss4: 0.0063]
Sun 15 Mar 2026 21:56:34 INFO  epoch 25 evaluating [time: 0.31s, valid_score: 0.318600]
Sun 15 Mar 2026 21:56:34 INFO  valid result: 
recall@1 : 0.1255    recall@2 : 0.2058    recall@3 : 0.2689    recall@4 : 0.3165    recall@5 : 0.35    recall@10 : 0.4782    recall@20 : 0.6048    recall@30 : 0.6802    recall@50 : 0.7683    ndcg@1 : 0.1949    ndcg@2 : 0.2196    ndcg@3 : 0.2435    ndcg@4 : 0.2614    ndcg@5 : 0.2739    ndcg@10 : 0.3186    ndcg@20 : 0.3569    ndcg@30 : 0.3773    ndcg@50 : 0.3984    precision@1 : 0.1949    precision@2 : 0.1615    precision@3 : 0.1434    precision@4 : 0.1293    precision@5 : 0.1175    precision@10 : 0.084    precision@20 : 0.0569    precision@30 : 0.0444    precision@50 : 0.0312    map@1 : 0.1949    map@2 : 0.1953    map@3 : 0.2038    map@4 : 0.2116    map@5 : 0.2164    map@10 : 0.2343    map@20 : 0.247    map@30 : 0.2528    map@50 : 0.2574
Sun 15 Mar 2026 21:56:34 INFO  Running E-step ! 
Sun 15 Mar 2026 21:56:34 INFO  epoch 26 training [time: 0.23s, train_loss1: 3.6979, train_loss2: 0.0376, train_loss3: 0.0107, train_loss4: 0.0066]
Sun 15 Mar 2026 21:56:35 INFO  epoch 26 evaluating [time: 0.29s, valid_score: 0.317900]
Sun 15 Mar 2026 21:56:35 INFO  valid result: 
recall@1 : 0.1239    recall@2 : 0.2063    recall@3 : 0.269    recall@4 : 0.3167    recall@5 : 0.3507    recall@10 : 0.4773    recall@20 : 0.6059    recall@30 : 0.6785    recall@50 : 0.7688    ndcg@1 : 0.1937    ndcg@2 : 0.2196    ndcg@3 : 0.2431    ndcg@4 : 0.2611    ndcg@5 : 0.2737    ndcg@10 : 0.3179    ndcg@20 : 0.3565    ndcg@30 : 0.3763    ndcg@50 : 0.3981    precision@1 : 0.1937    precision@2 : 0.1621    precision@3 : 0.1436    precision@4 : 0.1295    precision@5 : 0.1178    precision@10 : 0.0839    precision@20 : 0.0569    precision@30 : 0.0443    precision@50 : 0.0313    map@1 : 0.1937    map@2 : 0.1949    map@3 : 0.2033    map@4 : 0.211    map@5 : 0.2159    map@10 : 0.2335    map@20 : 0.2462    map@30 : 0.2518    map@50 : 0.2567
Sun 15 Mar 2026 21:56:35 INFO  Running E-step ! 
Sun 15 Mar 2026 21:56:35 INFO  epoch 27 training [time: 0.23s, train_loss1: 3.5009, train_loss2: 0.0379, train_loss3: 0.0108, train_loss4: 0.0068]
Sun 15 Mar 2026 21:56:35 INFO  epoch 27 evaluating [time: 0.30s, valid_score: 0.318100]
Sun 15 Mar 2026 21:56:35 INFO  valid result: 
recall@1 : 0.1239    recall@2 : 0.2062    recall@3 : 0.269    recall@4 : 0.3155    recall@5 : 0.3491    recall@10 : 0.479    recall@20 : 0.6047    recall@30 : 0.6783    recall@50 : 0.7687    ndcg@1 : 0.1937    ndcg@2 : 0.2193    ndcg@3 : 0.2431    ndcg@4 : 0.2605    ndcg@5 : 0.273    ndcg@10 : 0.3181    ndcg@20 : 0.3559    ndcg@30 : 0.376    ndcg@50 : 0.3978    precision@1 : 0.1937    precision@2 : 0.1618    precision@3 : 0.1436    precision@4 : 0.1292    precision@5 : 0.1175    precision@10 : 0.084    precision@20 : 0.0567    precision@30 : 0.0443    precision@50 : 0.0313    map@1 : 0.1937    map@2 : 0.1947    map@3 : 0.2032    map@4 : 0.2107    map@5 : 0.2155    map@10 : 0.2335    map@20 : 0.2459    map@30 : 0.2515    map@50 : 0.2564
Sun 15 Mar 2026 21:56:35 INFO  Running E-step ! 
Sun 15 Mar 2026 21:56:35 INFO  epoch 28 training [time: 0.23s, train_loss1: 3.4172, train_loss2: 0.0381, train_loss3: 0.0108, train_loss4: 0.0070]
Sun 15 Mar 2026 21:56:36 INFO  epoch 28 evaluating [time: 0.30s, valid_score: 0.317800]
Sun 15 Mar 2026 21:56:36 INFO  valid result: 
recall@1 : 0.1233    recall@2 : 0.2056    recall@3 : 0.2684    recall@4 : 0.3149    recall@5 : 0.3484    recall@10 : 0.4792    recall@20 : 0.6041    recall@30 : 0.6785    recall@50 : 0.7683    ndcg@1 : 0.1931    ndcg@2 : 0.2187    ndcg@3 : 0.2425    ndcg@4 : 0.26    ndcg@5 : 0.2724    ndcg@10 : 0.3178    ndcg@20 : 0.3553    ndcg@30 : 0.3756    ndcg@50 : 0.3973    precision@1 : 0.1931    precision@2 : 0.1615    precision@3 : 0.1434    precision@4 : 0.129    precision@5 : 0.1173    precision@10 : 0.0841    precision@20 : 0.0566    precision@30 : 0.0443    precision@50 : 0.0313    map@1 : 0.1931    map@2 : 0.1941    map@3 : 0.2026    map@4 : 0.2101    map@5 : 0.2149    map@10 : 0.2329    map@20 : 0.2452    map@30 : 0.2509    map@50 : 0.2558
Sun 15 Mar 2026 21:56:36 INFO  Running E-step ! 
Sun 15 Mar 2026 21:56:36 INFO  epoch 29 training [time: 0.22s, train_loss1: 3.3317, train_loss2: 0.0383, train_loss3: 0.0108, train_loss4: 0.0070]
Sun 15 Mar 2026 21:56:36 INFO  epoch 29 evaluating [time: 0.30s, valid_score: 0.317500]
Sun 15 Mar 2026 21:56:36 INFO  valid result: 
recall@1 : 0.1233    recall@2 : 0.2056    recall@3 : 0.2688    recall@4 : 0.3147    recall@5 : 0.3485    recall@10 : 0.478    recall@20 : 0.6039    recall@30 : 0.6801    recall@50 : 0.7683    ndcg@1 : 0.1931    ndcg@2 : 0.2187    ndcg@3 : 0.2426    ndcg@4 : 0.2599    ndcg@5 : 0.2725    ndcg@10 : 0.3175    ndcg@20 : 0.3552    ndcg@30 : 0.3759    ndcg@50 : 0.3973    precision@1 : 0.1931    precision@2 : 0.1615    precision@3 : 0.1434    precision@4 : 0.129    precision@5 : 0.1174    precision@10 : 0.084    precision@20 : 0.0565    precision@30 : 0.0444    precision@50 : 0.0314    map@1 : 0.1931    map@2 : 0.1941    map@3 : 0.2028    map@4 : 0.21    map@5 : 0.2149    map@10 : 0.2329    map@20 : 0.2452    map@30 : 0.251    map@50 : 0.2558
Sun 15 Mar 2026 21:56:36 INFO  Running E-step ! 
Sun 15 Mar 2026 21:56:36 INFO  epoch 30 training [time: 0.21s, train_loss1: 3.2506, train_loss2: 0.0385, train_loss3: 0.0108, train_loss4: 0.0070]
Sun 15 Mar 2026 21:56:37 INFO  epoch 30 evaluating [time: 0.30s, valid_score: 0.316700]
Sun 15 Mar 2026 21:56:37 INFO  valid result: 
recall@1 : 0.1233    recall@2 : 0.2052    recall@3 : 0.2682    recall@4 : 0.3141    recall@5 : 0.3479    recall@10 : 0.4762    recall@20 : 0.6048    recall@30 : 0.6773    recall@50 : 0.7674    ndcg@1 : 0.1931    ndcg@2 : 0.2183    ndcg@3 : 0.2423    ndcg@4 : 0.2594    ndcg@5 : 0.272    ndcg@10 : 0.3167    ndcg@20 : 0.3553    ndcg@30 : 0.3751    ndcg@50 : 0.3968    precision@1 : 0.1931    precision@2 : 0.1609    precision@3 : 0.1432    precision@4 : 0.1287    precision@5 : 0.1172    precision@10 : 0.0838    precision@20 : 0.0567    precision@30 : 0.0444    precision@50 : 0.0313    map@1 : 0.1931    map@2 : 0.1938    map@3 : 0.2025    map@4 : 0.2097    map@5 : 0.2147    map@10 : 0.2325    map@20 : 0.245    map@30 : 0.2506    map@50 : 0.2555
Sun 15 Mar 2026 21:56:37 INFO  Running E-step ! 
Sun 15 Mar 2026 21:56:37 INFO  epoch 31 training [time: 0.22s, train_loss1: 3.1944, train_loss2: 0.0387, train_loss3: 0.0108, train_loss4: 0.0069]
Sun 15 Mar 2026 21:56:37 INFO  epoch 31 evaluating [time: 0.33s, valid_score: 0.316800]
Sun 15 Mar 2026 21:56:37 INFO  valid result: 
recall@1 : 0.1232    recall@2 : 0.2056    recall@3 : 0.2686    recall@4 : 0.3133    recall@5 : 0.3489    recall@10 : 0.4767    recall@20 : 0.6045    recall@30 : 0.6761    recall@50 : 0.7684    ndcg@1 : 0.1925    ndcg@2 : 0.2186    ndcg@3 : 0.2424    ndcg@4 : 0.2592    ndcg@5 : 0.2724    ndcg@10 : 0.3168    ndcg@20 : 0.3551    ndcg@30 : 0.3748    ndcg@50 : 0.3969    precision@1 : 0.1925    precision@2 : 0.1615    precision@3 : 0.1432    precision@4 : 0.1286    precision@5 : 0.1173    precision@10 : 0.0838    precision@20 : 0.0566    precision@30 : 0.0444    precision@50 : 0.0314    map@1 : 0.1925    map@2 : 0.194    map@3 : 0.2026    map@4 : 0.2095    map@5 : 0.2149    map@10 : 0.2325    map@20 : 0.245    map@30 : 0.2506    map@50 : 0.2554
Sun 15 Mar 2026 21:56:37 INFO  Running E-step ! 
Sun 15 Mar 2026 21:56:38 INFO  epoch 32 training [time: 0.23s, train_loss1: 3.2535, train_loss2: 0.0388, train_loss3: 0.0108, train_loss4: 0.0069]
Sun 15 Mar 2026 21:56:38 INFO  epoch 32 evaluating [time: 0.33s, valid_score: 0.316600]
Sun 15 Mar 2026 21:56:38 INFO  valid result: 
recall@1 : 0.1231    recall@2 : 0.206    recall@3 : 0.2683    recall@4 : 0.3139    recall@5 : 0.3489    recall@10 : 0.4763    recall@20 : 0.6049    recall@30 : 0.6772    recall@50 : 0.7686    ndcg@1 : 0.1919    ndcg@2 : 0.2189    ndcg@3 : 0.2424    ndcg@4 : 0.2594    ndcg@5 : 0.2724    ndcg@10 : 0.3166    ndcg@20 : 0.3552    ndcg@30 : 0.375    ndcg@50 : 0.3969    precision@1 : 0.1919    precision@2 : 0.1621    precision@3 : 0.1434    precision@4 : 0.1287    precision@5 : 0.1173    precision@10 : 0.0836    precision@20 : 0.0568    precision@30 : 0.0444    precision@50 : 0.0314    map@1 : 0.1919    map@2 : 0.1944    map@3 : 0.2026    map@4 : 0.2097    map@5 : 0.215    map@10 : 0.2324    map@20 : 0.2451    map@30 : 0.2507    map@50 : 0.2555
Sun 15 Mar 2026 21:56:38 INFO  Running E-step ! 
Sun 15 Mar 2026 21:56:38 INFO  epoch 33 training [time: 0.30s, train_loss1: 3.1857, train_loss2: 0.0389, train_loss3: 0.0108, train_loss4: 0.0068]
Sun 15 Mar 2026 21:56:38 INFO  epoch 33 evaluating [time: 0.19s, valid_score: 0.316400]
Sun 15 Mar 2026 21:56:38 INFO  valid result: 
recall@1 : 0.1231    recall@2 : 0.2057    recall@3 : 0.268    recall@4 : 0.3139    recall@5 : 0.3485    recall@10 : 0.4757    recall@20 : 0.6056    recall@30 : 0.676    recall@50 : 0.7694    ndcg@1 : 0.1919    ndcg@2 : 0.219    ndcg@3 : 0.2422    ndcg@4 : 0.2594    ndcg@5 : 0.2722    ndcg@10 : 0.3164    ndcg@20 : 0.3555    ndcg@30 : 0.3748    ndcg@50 : 0.3971    precision@1 : 0.1919    precision@2 : 0.1624    precision@3 : 0.1432    precision@4 : 0.1287    precision@5 : 0.1172    precision@10 : 0.0836    precision@20 : 0.0569    precision@30 : 0.0443    precision@50 : 0.0314    map@1 : 0.1919    map@2 : 0.1946    map@3 : 0.2025    map@4 : 0.2097    map@5 : 0.2149    map@10 : 0.2324    map@20 : 0.2452    map@30 : 0.2507    map@50 : 0.2556
Sun 15 Mar 2026 21:56:38 INFO  Running E-step ! 
Sun 15 Mar 2026 21:56:39 INFO  epoch 34 training [time: 0.23s, train_loss1: 3.1598, train_loss2: 0.0391, train_loss3: 0.0108, train_loss4: 0.0067]
Sun 15 Mar 2026 21:56:39 INFO  epoch 34 evaluating [time: 0.31s, valid_score: 0.316500]
Sun 15 Mar 2026 21:56:39 INFO  valid result: 
recall@1 : 0.1231    recall@2 : 0.2057    recall@3 : 0.2681    recall@4 : 0.3139    recall@5 : 0.3481    recall@10 : 0.4758    recall@20 : 0.6054    recall@30 : 0.6761    recall@50 : 0.7694    ndcg@1 : 0.1919    ndcg@2 : 0.219    ndcg@3 : 0.2422    ndcg@4 : 0.2594    ndcg@5 : 0.272    ndcg@10 : 0.3165    ndcg@20 : 0.3555    ndcg@30 : 0.3749    ndcg@50 : 0.3971    precision@1 : 0.1919    precision@2 : 0.1624    precision@3 : 0.1432    precision@4 : 0.1287    precision@5 : 0.1169    precision@10 : 0.0837    precision@20 : 0.057    precision@30 : 0.0444    precision@50 : 0.0314    map@1 : 0.1919    map@2 : 0.1946    map@3 : 0.2024    map@4 : 0.2097    map@5 : 0.2148    map@10 : 0.2324    map@20 : 0.2453    map@30 : 0.2508    map@50 : 0.2556
Sun 15 Mar 2026 21:56:39 INFO  Running E-step ! 
Sun 15 Mar 2026 21:56:39 INFO  epoch 35 training [time: 0.23s, train_loss1: 3.1744, train_loss2: 0.0392, train_loss3: 0.0108, train_loss4: 0.0066]
Sun 15 Mar 2026 21:56:39 INFO  epoch 35 evaluating [time: 0.32s, valid_score: 0.316700]
Sun 15 Mar 2026 21:56:39 INFO  valid result: 
recall@1 : 0.1231    recall@2 : 0.2057    recall@3 : 0.2687    recall@4 : 0.3139    recall@5 : 0.3495    recall@10 : 0.4762    recall@20 : 0.6054    recall@30 : 0.6783    recall@50 : 0.7688    ndcg@1 : 0.1919    ndcg@2 : 0.219    ndcg@3 : 0.2425    ndcg@4 : 0.2594    ndcg@5 : 0.2727    ndcg@10 : 0.3167    ndcg@20 : 0.3557    ndcg@30 : 0.3755    ndcg@50 : 0.397    precision@1 : 0.1919    precision@2 : 0.1624    precision@3 : 0.1434    precision@4 : 0.1287    precision@5 : 0.1175    precision@10 : 0.0838    precision@20 : 0.057    precision@30 : 0.0445    precision@50 : 0.0314    map@1 : 0.1919    map@2 : 0.1946    map@3 : 0.2026    map@4 : 0.2097    map@5 : 0.2152    map@10 : 0.2326    map@20 : 0.2454    map@30 : 0.251    map@50 : 0.2557
Sun 15 Mar 2026 21:56:39 INFO  Running E-step ! 
Sun 15 Mar 2026 21:56:40 INFO  epoch 36 training [time: 0.25s, train_loss1: 3.1721, train_loss2: 0.0393, train_loss3: 0.0108, train_loss4: 0.0065]
Sun 15 Mar 2026 21:56:40 INFO  epoch 36 evaluating [time: 0.31s, valid_score: 0.316500]
Sun 15 Mar 2026 21:56:40 INFO  valid result: 
recall@1 : 0.1231    recall@2 : 0.2057    recall@3 : 0.2681    recall@4 : 0.3139    recall@5 : 0.3493    recall@10 : 0.4755    recall@20 : 0.6071    recall@30 : 0.6774    recall@50 : 0.7688    ndcg@1 : 0.1919    ndcg@2 : 0.219    ndcg@3 : 0.2422    ndcg@4 : 0.2593    ndcg@5 : 0.2725    ndcg@10 : 0.3165    ndcg@20 : 0.356    ndcg@30 : 0.3753    ndcg@50 : 0.397    precision@1 : 0.1919    precision@2 : 0.1624    precision@3 : 0.1432    precision@4 : 0.1286    precision@5 : 0.1174    precision@10 : 0.0837    precision@20 : 0.0571    precision@30 : 0.0445    precision@50 : 0.0314    map@1 : 0.1919    map@2 : 0.1946    map@3 : 0.2024    map@4 : 0.2096    map@5 : 0.2151    map@10 : 0.2325    map@20 : 0.2454    map@30 : 0.2509    map@50 : 0.2556
Sun 15 Mar 2026 21:56:40 INFO  Running E-step ! 
Sun 15 Mar 2026 21:56:40 INFO  epoch 37 training [time: 0.24s, train_loss1: 3.1520, train_loss2: 0.0394, train_loss3: 0.0108, train_loss4: 0.0064]
Sun 15 Mar 2026 21:56:41 INFO  epoch 37 evaluating [time: 0.33s, valid_score: 0.316700]
Sun 15 Mar 2026 21:56:41 INFO  valid result: 
recall@1 : 0.1231    recall@2 : 0.2057    recall@3 : 0.2669    recall@4 : 0.3139    recall@5 : 0.3484    recall@10 : 0.4767    recall@20 : 0.6064    recall@30 : 0.6772    recall@50 : 0.7671    ndcg@1 : 0.1919    ndcg@2 : 0.219    ndcg@3 : 0.2416    ndcg@4 : 0.2592    ndcg@5 : 0.272    ndcg@10 : 0.3167    ndcg@20 : 0.3558    ndcg@30 : 0.3752    ndcg@50 : 0.3966    precision@1 : 0.1919    precision@2 : 0.1624    precision@3 : 0.1428    precision@4 : 0.1286    precision@5 : 0.1172    precision@10 : 0.0838    precision@20 : 0.0571    precision@30 : 0.0445    precision@50 : 0.0313    map@1 : 0.1919    map@2 : 0.1946    map@3 : 0.202    map@4 : 0.2095    map@5 : 0.2147    map@10 : 0.2324    map@20 : 0.2453    map@30 : 0.2508    map@50 : 0.2555
Sun 15 Mar 2026 21:56:41 INFO  Running E-step ! 
Sun 15 Mar 2026 21:56:41 INFO  epoch 38 training [time: 0.24s, train_loss1: 3.0932, train_loss2: 0.0395, train_loss3: 0.0108, train_loss4: 0.0062]
Sun 15 Mar 2026 21:56:41 INFO  epoch 38 evaluating [time: 0.30s, valid_score: 0.316600]
Sun 15 Mar 2026 21:56:41 INFO  valid result: 
recall@1 : 0.1231    recall@2 : 0.2051    recall@3 : 0.2663    recall@4 : 0.3142    recall@5 : 0.3497    recall@10 : 0.4764    recall@20 : 0.6067    recall@30 : 0.6778    recall@50 : 0.7668    ndcg@1 : 0.1919    ndcg@2 : 0.2188    ndcg@3 : 0.2412    ndcg@4 : 0.2593    ndcg@5 : 0.2725    ndcg@10 : 0.3166    ndcg@20 : 0.3558    ndcg@30 : 0.3753    ndcg@50 : 0.3966    precision@1 : 0.1919    precision@2 : 0.1621    precision@3 : 0.1426    precision@4 : 0.1287    precision@5 : 0.1176    precision@10 : 0.0839    precision@20 : 0.0572    precision@30 : 0.0445    precision@50 : 0.0313    map@1 : 0.1919    map@2 : 0.1943    map@3 : 0.2017    map@4 : 0.2094    map@5 : 0.2148    map@10 : 0.2323    map@20 : 0.2452    map@30 : 0.2508    map@50 : 0.2554
Sun 15 Mar 2026 21:56:41 INFO  Running E-step ! 
Sun 15 Mar 2026 21:56:41 INFO  epoch 39 training [time: 0.22s, train_loss1: 3.1266, train_loss2: 0.0396, train_loss3: 0.0108, train_loss4: 0.0060]
Sun 15 Mar 2026 21:56:42 INFO  epoch 39 evaluating [time: 0.32s, valid_score: 0.316600]
Sun 15 Mar 2026 21:56:42 INFO  valid result: 
recall@1 : 0.1237    recall@2 : 0.2051    recall@3 : 0.2666    recall@4 : 0.3152    recall@5 : 0.3499    recall@10 : 0.4755    recall@20 : 0.6084    recall@30 : 0.6786    recall@50 : 0.7656    ndcg@1 : 0.1925    ndcg@2 : 0.219    ndcg@3 : 0.2416    ndcg@4 : 0.26    ndcg@5 : 0.273    ndcg@10 : 0.3166    ndcg@20 : 0.3567    ndcg@30 : 0.3759    ndcg@50 : 0.3967    precision@1 : 0.1925    precision@2 : 0.1621    precision@3 : 0.1428    precision@4 : 0.1292    precision@5 : 0.1179    precision@10 : 0.0837    precision@20 : 0.0574    precision@30 : 0.0445    precision@50 : 0.0313    map@1 : 0.1925    map@2 : 0.1946    map@3 : 0.2022    map@4 : 0.21    map@5 : 0.2153    map@10 : 0.2326    map@20 : 0.2459    map@30 : 0.2513    map@50 : 0.2559
Sun 15 Mar 2026 21:56:42 INFO  Running E-step ! 
Sun 15 Mar 2026 21:56:42 INFO  epoch 40 training [time: 0.23s, train_loss1: 3.1516, train_loss2: 0.0397, train_loss3: 0.0108, train_loss4: 0.0058]
Sun 15 Mar 2026 21:56:42 INFO  epoch 40 evaluating [time: 0.33s, valid_score: 0.316800]
Sun 15 Mar 2026 21:56:42 INFO  valid result: 
recall@1 : 0.1237    recall@2 : 0.2054    recall@3 : 0.2673    recall@4 : 0.3165    recall@5 : 0.3509    recall@10 : 0.4751    recall@20 : 0.6064    recall@30 : 0.6798    recall@50 : 0.7646    ndcg@1 : 0.1925    ndcg@2 : 0.2192    ndcg@3 : 0.2421    ndcg@4 : 0.2608    ndcg@5 : 0.2736    ndcg@10 : 0.3168    ndcg@20 : 0.3564    ndcg@30 : 0.3765    ndcg@50 : 0.3968    precision@1 : 0.1925    precision@2 : 0.1624    precision@3 : 0.1434    precision@4 : 0.1298    precision@5 : 0.1181    precision@10 : 0.0836    precision@20 : 0.0573    precision@30 : 0.0447    precision@50 : 0.0313    map@1 : 0.1925    map@2 : 0.1949    map@3 : 0.2026    map@4 : 0.2106    map@5 : 0.2157    map@10 : 0.2328    map@20 : 0.2461    map@30 : 0.2518    map@50 : 0.2562
Sun 15 Mar 2026 21:56:42 INFO  Running E-step ! 
Sun 15 Mar 2026 21:56:43 INFO  epoch 41 training [time: 0.23s, train_loss1: 3.0964, train_loss2: 0.0398, train_loss3: 0.0108, train_loss4: 0.0057]
Sun 15 Mar 2026 21:56:43 INFO  epoch 41 evaluating [time: 0.34s, valid_score: 0.317500]
Sun 15 Mar 2026 21:56:43 INFO  valid result: 
recall@1 : 0.1249    recall@2 : 0.2054    recall@3 : 0.2679    recall@4 : 0.317    recall@5 : 0.3519    recall@10 : 0.4758    recall@20 : 0.6074    recall@30 : 0.68    recall@50 : 0.7622    ndcg@1 : 0.1937    ndcg@2 : 0.2197    ndcg@3 : 0.2429    ndcg@4 : 0.2615    ndcg@5 : 0.2745    ndcg@10 : 0.3175    ndcg@20 : 0.3573    ndcg@30 : 0.3771    ndcg@50 : 0.397    precision@1 : 0.1937    precision@2 : 0.1624    precision@3 : 0.1436    precision@4 : 0.1301    precision@5 : 0.1185    precision@10 : 0.0837    precision@20 : 0.0574    precision@30 : 0.0447    precision@50 : 0.0313    map@1 : 0.1937    map@2 : 0.1955    map@3 : 0.2034    map@4 : 0.2113    map@5 : 0.2167    map@10 : 0.2336    map@20 : 0.2469    map@30 : 0.2525    map@50 : 0.257
Sun 15 Mar 2026 21:56:43 INFO  Running E-step ! 
Sun 15 Mar 2026 21:56:43 INFO  epoch 42 training [time: 0.21s, train_loss1: 3.1291, train_loss2: 0.0399, train_loss3: 0.0108, train_loss4: 0.0055]
Sun 15 Mar 2026 21:56:43 INFO  epoch 42 evaluating [time: 0.33s, valid_score: 0.317900]
Sun 15 Mar 2026 21:56:43 INFO  valid result: 
recall@1 : 0.1255    recall@2 : 0.2053    recall@3 : 0.27    recall@4 : 0.3179    recall@5 : 0.3519    recall@10 : 0.4758    recall@20 : 0.6067    recall@30 : 0.6814    recall@50 : 0.7625    ndcg@1 : 0.1943    ndcg@2 : 0.2197    ndcg@3 : 0.2443    ndcg@4 : 0.2624    ndcg@5 : 0.2749    ndcg@10 : 0.3179    ndcg@20 : 0.3576    ndcg@30 : 0.3779    ndcg@50 : 0.3976    precision@1 : 0.1943    precision@2 : 0.1621    precision@3 : 0.1446    precision@4 : 0.1307    precision@5 : 0.1185    precision@10 : 0.0837    precision@20 : 0.0574    precision@30 : 0.0448    precision@50 : 0.0313    map@1 : 0.1943    map@2 : 0.1956    map@3 : 0.2044    map@4 : 0.2121    map@5 : 0.2172    map@10 : 0.2342    map@20 : 0.2474    map@30 : 0.2532    map@50 : 0.2576
Sun 15 Mar 2026 21:56:43 INFO  Running E-step ! 
Sun 15 Mar 2026 21:56:44 INFO  epoch 43 training [time: 0.23s, train_loss1: 3.0971, train_loss2: 0.0400, train_loss3: 0.0108, train_loss4: 0.0054]
Sun 15 Mar 2026 21:56:44 INFO  epoch 43 evaluating [time: 0.32s, valid_score: 0.318000]
Sun 15 Mar 2026 21:56:44 INFO  valid result: 
recall@1 : 0.1255    recall@2 : 0.2047    recall@3 : 0.2694    recall@4 : 0.3181    recall@5 : 0.3524    recall@10 : 0.4763    recall@20 : 0.6078    recall@30 : 0.6816    recall@50 : 0.7638    ndcg@1 : 0.1943    ndcg@2 : 0.2192    ndcg@3 : 0.2438    ndcg@4 : 0.2624    ndcg@5 : 0.2751    ndcg@10 : 0.318    ndcg@20 : 0.3579    ndcg@30 : 0.3779    ndcg@50 : 0.3978    precision@1 : 0.1943    precision@2 : 0.1615    precision@3 : 0.1442    precision@4 : 0.1308    precision@5 : 0.1187    precision@10 : 0.0838    precision@20 : 0.0576    precision@30 : 0.0448    precision@50 : 0.0314    map@1 : 0.1943    map@2 : 0.1953    map@3 : 0.2041    map@4 : 0.212    map@5 : 0.2173    map@10 : 0.2342    map@20 : 0.2475    map@30 : 0.2532    map@50 : 0.2577
Sun 15 Mar 2026 21:56:44 INFO  Finished training, best eval result in epoch 22
Sun 15 Mar 2026 21:56:44 INFO  Loading model structure and parameters from saved/SCL-Mar-15-2026_21-56-18.pth
Sun 15 Mar 2026 21:56:44 INFO  best valid : OrderedDict([('recall@1', 0.1265), ('recall@2', 0.211), ('recall@3', 0.275), ('recall@4', 0.3239), ('recall@5', 0.3543), ('recall@10', 0.4816), ('recall@20', 0.6148), ('recall@30', 0.6825), ('recall@50', 0.7589), ('ndcg@1', 0.1949), ('ndcg@2', 0.2234), ('ndcg@3', 0.2476), ('ndcg@4', 0.2667), ('ndcg@5', 0.2775), ('ndcg@10', 0.3224), ('ndcg@20', 0.3628), ('ndcg@30', 0.3813), ('ndcg@50', 0.4002), ('precision@1', 0.1949), ('precision@2', 0.1645), ('precision@3', 0.1456), ('precision@4', 0.1327), ('precision@5', 0.119), ('precision@10', 0.0849), ('precision@20', 0.0586), ('precision@30', 0.0449), ('precision@50', 0.0313), ('map@1', 0.1949), ('map@2', 0.1985), ('map@3', 0.2071), ('map@4', 0.2155), ('map@5', 0.2197), ('map@10', 0.238), ('map@20', 0.2515), ('map@30', 0.2569), ('map@50', 0.2612)])
Sun 15 Mar 2026 21:56:44 INFO  test result: OrderedDict([('recall@1', 0.1421), ('recall@2', 0.2342), ('recall@3', 0.283), ('recall@4', 0.3239), ('recall@5', 0.3571), ('recall@10', 0.4783), ('recall@20', 0.614), ('recall@30', 0.6814), ('recall@50', 0.7673), ('ndcg@1', 0.2389), ('ndcg@2', 0.2596), ('ndcg@3', 0.2716), ('ndcg@4', 0.2847), ('ndcg@5', 0.2957), ('ndcg@10', 0.3364), ('ndcg@20', 0.3756), ('ndcg@30', 0.3935), ('ndcg@50', 0.4137), ('precision@1', 0.2389), ('precision@2', 0.1924), ('precision@3', 0.1602), ('precision@4', 0.1414), ('precision@5', 0.1269), ('precision@10', 0.088), ('precision@20', 0.059), ('precision@30', 0.0446), ('precision@50', 0.0311), ('map@1', 0.2389), ('map@2', 0.2321), ('map@3', 0.2311), ('map@4', 0.2355), ('map@5', 0.2394), ('map@10', 0.2555), ('map@20', 0.2681), ('map@30', 0.2731), ('map@50', 0.2776)])
Sun 15 Mar 2026 21:56:44 INFO  training time: 24.7478s
Sun 15 Mar 2026 21:56:44 INFO  result file: results/again/scl_scl_seed2024.json
