Sun 15 Mar 2026 16:16:43 INFO  
General Hyper Parameters:
gpu_id = 0
use_gpu = True
seed = 2026
state = INFO
reproducibility = True
data_path = ./travel
checkpoint_dir = saved
show_progress = True
save_dataset = False
dataset_save_path = None
save_dataloaders = False
dataloaders_save_path = None
log_wandb = False

Training Hyper Parameters:
epochs = 1000
train_batch_size = 100
learner = adam
learning_rate = 0.001
train_neg_sample_args = {'distribution': 'uniform', 'sample_num': 1, 'alpha': 1.0, 'dynamic': False, 'candidate_num': 0}
eval_step = 1
stopping_step = 20
clip_grad_norm = None
weight_decay = 0.0
loss_decimal_place = 4

Evaluation Hyper Parameters:
eval_args = {'split': {'RS': [0.8, 0.1, 0.1]}, 'order': 'RO', 'group_by': 'user', 'mode': {'valid': 'full', 'test': 'full'}}
repeatable = False
metrics = ['Recall', 'NDCG', 'Precision', 'MAP']
topk = [1, 2, 3, 4, 5, 10, 20, 30, 50]
valid_metric = NDCG@10
valid_metric_bigger = True
eval_batch_size = 100
metric_decimal_place = 4

Dataset Hyper Parameters:
field_separator = 	
seq_separator =  
USER_ID_FIELD = user_id
ITEM_ID_FIELD = item_id
RATING_FIELD = rating
TIME_FIELD = timestamp
seq_len = None
LABEL_FIELD = label
threshold = None
NEG_PREFIX = neg_
load_col = {'inter': ['user_id', 'item_id', 'rating'], 'user': ['user_id', 'post_num', 'follower', 'following', 'timestamp']}
unload_col = None
unused_col = None
additional_feat_suffix = None
rm_dup_inter = None
val_interval = {'rating': '[0,inf)'}
filter_inter_by_user_or_item = True
user_inter_num_interval = [0,inf)
item_inter_num_interval = [0,inf)
alias_of_user_id = None
alias_of_item_id = None
alias_of_entity_id = None
alias_of_relation_id = None
preload_weight = None
normalize_field = None
normalize_all = None
ITEM_LIST_LENGTH_FIELD = item_length
LIST_SUFFIX = _list
MAX_ITEM_LIST_LENGTH = 50
POSITION_FIELD = position_id
HEAD_ENTITY_ID_FIELD = head_id
TAIL_ENTITY_ID_FIELD = tail_id
RELATION_ID_FIELD = relation_id
ENTITY_ID_FIELD = entity_id
benchmark_filename = None

Other Hyper Parameters: 
worker = 0
wandb_project = recbole
shuffle = True
require_pow = False
enable_amp = False
enable_scaler = False
transform = None
embedding_size = 64
n_layers = 3
reg_weight = 0.0001
numerical_features = []
discretization = None
kg_reverse_r = False
entity_kg_num_interval = [0,inf)
relation_kg_num_interval = [0,inf)
MODEL_TYPE = ModelType.GENERAL
MODEL_INPUT_TYPE = InputType.PAIRWISE
eval_type = EvaluatorType.RANKING
single_spec = True
local_rank = 0
device = cuda
valid_neg_sample_args = {'distribution': 'uniform', 'sample_num': 'none'}
test_neg_sample_args = {'distribution': 'uniform', 'sample_num': 'none'}


Sun 15 Mar 2026 16:16:44 INFO  travel
The number of users: 2010
Average actions of users: 18.721254355400696
The number of items: 247
Average actions of items: 152.890243902439
The number of inters: 37611
The sparsity of the dataset: 92.42431566862047%
Remain Fields: ['user_id', 'item_id', 'rating', 'post_num', 'follower', 'following', 'timestamp']
Sun 15 Mar 2026 16:16:44 INFO  [Training]: train_batch_size = [100] train_neg_sample_args: [{'distribution': 'uniform', 'sample_num': 1, 'alpha': 1.0, 'dynamic': False, 'candidate_num': 0}]
Sun 15 Mar 2026 16:16:44 INFO  [Evaluation]: eval_batch_size = [100] eval_args: [{'split': {'RS': [0.8, 0.1, 0.1]}, 'order': 'RO', 'group_by': 'user', 'mode': {'valid': 'full', 'test': 'full'}}]
Sun 15 Mar 2026 16:16:45 INFO  LightGCN(
  (user_embedding): Embedding(2010, 64)
  (item_embedding): Embedding(247, 64)
  (mf_loss): BPRLoss()
  (reg_loss): EmbLoss()
)
Trainable parameters: 144448
Sun 15 Mar 2026 16:16:45 INFO  trainable parameters: 144448
Sun 15 Mar 2026 16:16:49 INFO  epoch 0 training [time: 2.56s, train loss: 157.5916]
Sun 15 Mar 2026 16:16:50 INFO  epoch 0 evaluating [time: 1.73s, valid_score: 0.303200]
Sun 15 Mar 2026 16:16:50 INFO  valid result: 
recall@1 : 0.1132    recall@2 : 0.198    recall@3 : 0.2612    recall@4 : 0.2995    recall@5 : 0.339    recall@10 : 0.4524    recall@20 : 0.5836    recall@30 : 0.6702    recall@50 : 0.7688    ndcg@1 : 0.1841    ndcg@2 : 0.2128    ndcg@3 : 0.2355    ndcg@4 : 0.2487    ndcg@5 : 0.2635    ndcg@10 : 0.3032    ndcg@20 : 0.3419    ndcg@30 : 0.3647    ndcg@50 : 0.3886    precision@1 : 0.1841    precision@2 : 0.1624    precision@3 : 0.144    precision@4 : 0.1259    precision@5 : 0.1155    precision@10 : 0.0812    precision@20 : 0.0551    precision@30 : 0.0436    precision@50 : 0.0314    map@1 : 0.1841    map@2 : 0.1867    map@3 : 0.1941    map@4 : 0.1987    map@5 : 0.2053    map@10 : 0.2214    map@20 : 0.2338    map@30 : 0.2399    map@50 : 0.2452
Sun 15 Mar 2026 16:16:50 INFO  Saving current: saved/LightGCN-Mar-15-2026_16-16-45.pth
Sun 15 Mar 2026 16:16:52 INFO  epoch 1 training [time: 1.96s, train loss: 124.0153]
Sun 15 Mar 2026 16:16:54 INFO  epoch 1 evaluating [time: 1.60s, valid_score: 0.303700]
Sun 15 Mar 2026 16:16:54 INFO  valid result: 
recall@1 : 0.1123    recall@2 : 0.1975    recall@3 : 0.2636    recall@4 : 0.3037    recall@5 : 0.3407    recall@10 : 0.4527    recall@20 : 0.5872    recall@30 : 0.6563    recall@50 : 0.7688    ndcg@1 : 0.1841    ndcg@2 : 0.2125    ndcg@3 : 0.2367    ndcg@4 : 0.2508    ndcg@5 : 0.2648    ndcg@10 : 0.3037    ndcg@20 : 0.3434    ndcg@30 : 0.362    ndcg@50 : 0.3887    precision@1 : 0.1841    precision@2 : 0.1627    precision@3 : 0.1452    precision@4 : 0.1278    precision@5 : 0.117    precision@10 : 0.0815    precision@20 : 0.0557    precision@30 : 0.0431    precision@50 : 0.0314    map@1 : 0.1841    map@2 : 0.1865    map@3 : 0.1947    map@4 : 0.1999    map@5 : 0.2061    map@10 : 0.2218    map@20 : 0.2346    map@30 : 0.2397    map@50 : 0.2454
Sun 15 Mar 2026 16:16:54 INFO  Saving current: saved/LightGCN-Mar-15-2026_16-16-45.pth
Sun 15 Mar 2026 16:16:56 INFO  epoch 2 training [time: 2.10s, train loss: 123.0187]
Sun 15 Mar 2026 16:16:58 INFO  epoch 2 evaluating [time: 1.60s, valid_score: 0.306500]
Sun 15 Mar 2026 16:16:58 INFO  valid result: 
recall@1 : 0.1123    recall@2 : 0.1975    recall@3 : 0.2634    recall@4 : 0.304    recall@5 : 0.3419    recall@10 : 0.461    recall@20 : 0.5885    recall@30 : 0.6529    recall@50 : 0.7621    ndcg@1 : 0.1841    ndcg@2 : 0.2123    ndcg@3 : 0.2366    ndcg@4 : 0.2507    ndcg@5 : 0.2654    ndcg@10 : 0.3065    ndcg@20 : 0.3444    ndcg@30 : 0.3619    ndcg@50 : 0.3878    precision@1 : 0.1841    precision@2 : 0.1624    precision@3 : 0.1454    precision@4 : 0.1277    precision@5 : 0.1179    precision@10 : 0.0828    precision@20 : 0.0561    precision@30 : 0.043    precision@50 : 0.0314    map@1 : 0.1841    map@2 : 0.1864    map@3 : 0.1947    map@4 : 0.1999    map@5 : 0.2066    map@10 : 0.2231    map@20 : 0.2354    map@30 : 0.2402    map@50 : 0.2458
Sun 15 Mar 2026 16:16:58 INFO  Saving current: saved/LightGCN-Mar-15-2026_16-16-45.pth
Sun 15 Mar 2026 16:17:00 INFO  epoch 3 training [time: 2.13s, train loss: 119.2652]
Sun 15 Mar 2026 16:17:01 INFO  epoch 3 evaluating [time: 1.60s, valid_score: 0.304800]
Sun 15 Mar 2026 16:17:01 INFO  valid result: 
recall@1 : 0.1123    recall@2 : 0.1967    recall@3 : 0.2623    recall@4 : 0.3037    recall@5 : 0.3403    recall@10 : 0.456    recall@20 : 0.5878    recall@30 : 0.6566    recall@50 : 0.755    ndcg@1 : 0.1841    ndcg@2 : 0.2115    ndcg@3 : 0.2356    ndcg@4 : 0.2506    ndcg@5 : 0.2644    ndcg@10 : 0.3048    ndcg@20 : 0.3439    ndcg@30 : 0.3624    ndcg@50 : 0.3863    precision@1 : 0.1841    precision@2 : 0.1615    precision@3 : 0.1444    precision@4 : 0.1281    precision@5 : 0.1172    precision@10 : 0.0822    precision@20 : 0.0561    precision@30 : 0.0433    precision@50 : 0.0313    map@1 : 0.1841    map@2 : 0.1858    map@3 : 0.194    map@4 : 0.1997    map@5 : 0.2058    map@10 : 0.2222    map@20 : 0.2349    map@30 : 0.24    map@50 : 0.2453
Sun 15 Mar 2026 16:17:04 INFO  epoch 4 training [time: 2.17s, train loss: 120.5513]
Sun 15 Mar 2026 16:17:05 INFO  epoch 4 evaluating [time: 1.60s, valid_score: 0.307400]
Sun 15 Mar 2026 16:17:05 INFO  valid result: 
recall@1 : 0.1135    recall@2 : 0.1986    recall@3 : 0.2634    recall@4 : 0.3048    recall@5 : 0.3387    recall@10 : 0.4619    recall@20 : 0.5884    recall@30 : 0.6556    recall@50 : 0.7548    ndcg@1 : 0.1847    ndcg@2 : 0.2129    ndcg@3 : 0.2368    ndcg@4 : 0.2513    ndcg@5 : 0.2647    ndcg@10 : 0.3074    ndcg@20 : 0.3449    ndcg@30 : 0.3631    ndcg@50 : 0.3871    precision@1 : 0.1847    precision@2 : 0.1624    precision@3 : 0.145    precision@4 : 0.1274    precision@5 : 0.1173    precision@10 : 0.0831    precision@20 : 0.0561    precision@30 : 0.0433    precision@50 : 0.0313    map@1 : 0.1847    map@2 : 0.187    map@3 : 0.1953    map@4 : 0.2008    map@5 : 0.2067    map@10 : 0.224    map@20 : 0.2362    map@30 : 0.2412    map@50 : 0.2465
Sun 15 Mar 2026 16:17:05 INFO  Saving current: saved/LightGCN-Mar-15-2026_16-16-45.pth
Sun 15 Mar 2026 16:17:07 INFO  epoch 5 training [time: 2.20s, train loss: 119.7502]
Sun 15 Mar 2026 16:17:09 INFO  epoch 5 evaluating [time: 1.60s, valid_score: 0.307200]
Sun 15 Mar 2026 16:17:09 INFO  valid result: 
recall@1 : 0.1135    recall@2 : 0.1987    recall@3 : 0.2634    recall@4 : 0.3052    recall@5 : 0.3387    recall@10 : 0.4611    recall@20 : 0.5874    recall@30 : 0.6537    recall@50 : 0.7513    ndcg@1 : 0.1853    ndcg@2 : 0.2135    ndcg@3 : 0.2371    ndcg@4 : 0.252    ndcg@5 : 0.2649    ndcg@10 : 0.3072    ndcg@20 : 0.3448    ndcg@30 : 0.3626    ndcg@50 : 0.3864    precision@1 : 0.1853    precision@2 : 0.163    precision@3 : 0.1452    precision@4 : 0.1281    precision@5 : 0.1173    precision@10 : 0.083    precision@20 : 0.0561    precision@30 : 0.0431    precision@50 : 0.0312    map@1 : 0.1853    map@2 : 0.1876    map@3 : 0.1955    map@4 : 0.2012    map@5 : 0.207    map@10 : 0.2239    map@20 : 0.2362    map@30 : 0.2411    map@50 : 0.2464
Sun 15 Mar 2026 16:17:11 INFO  epoch 6 training [time: 2.21s, train loss: 118.8507]
Sun 15 Mar 2026 16:17:13 INFO  epoch 6 evaluating [time: 1.60s, valid_score: 0.304500]
Sun 15 Mar 2026 16:17:13 INFO  valid result: 
recall@1 : 0.1123    recall@2 : 0.1963    recall@3 : 0.2621    recall@4 : 0.3021    recall@5 : 0.3382    recall@10 : 0.4569    recall@20 : 0.5887    recall@30 : 0.6532    recall@50 : 0.7559    ndcg@1 : 0.1836    ndcg@2 : 0.2114    ndcg@3 : 0.236    ndcg@4 : 0.2499    ndcg@5 : 0.2634    ndcg@10 : 0.3045    ndcg@20 : 0.3439    ndcg@30 : 0.3613    ndcg@50 : 0.3859    precision@1 : 0.1836    precision@2 : 0.1618    precision@3 : 0.1454    precision@4 : 0.1277    precision@5 : 0.1166    precision@10 : 0.0824    precision@20 : 0.0564    precision@30 : 0.0432    precision@50 : 0.0313    map@1 : 0.1836    map@2 : 0.1855    map@3 : 0.1943    map@4 : 0.1991    map@5 : 0.2052    map@10 : 0.2216    map@20 : 0.2345    map@30 : 0.2394    map@50 : 0.2448
Sun 15 Mar 2026 16:17:15 INFO  epoch 7 training [time: 2.19s, train loss: 118.2266]
Sun 15 Mar 2026 16:17:17 INFO  epoch 7 evaluating [time: 1.62s, valid_score: 0.306400]
Sun 15 Mar 2026 16:17:17 INFO  valid result: 
recall@1 : 0.1141    recall@2 : 0.1977    recall@3 : 0.2629    recall@4 : 0.3056    recall@5 : 0.3378    recall@10 : 0.4582    recall@20 : 0.5878    recall@30 : 0.6542    recall@50 : 0.7615    ndcg@1 : 0.1853    ndcg@2 : 0.2127    ndcg@3 : 0.2371    ndcg@4 : 0.252    ndcg@5 : 0.2646    ndcg@10 : 0.3064    ndcg@20 : 0.3449    ndcg@30 : 0.3629    ndcg@50 : 0.3885    precision@1 : 0.1853    precision@2 : 0.1621    precision@3 : 0.1456    precision@4 : 0.128    precision@5 : 0.117    precision@10 : 0.083    precision@20 : 0.0562    precision@30 : 0.0433    precision@50 : 0.0315    map@1 : 0.1853    map@2 : 0.187    map@3 : 0.1955    map@4 : 0.2011    map@5 : 0.2068    map@10 : 0.2236    map@20 : 0.2362    map@30 : 0.2413    map@50 : 0.2469
Sun 15 Mar 2026 16:17:19 INFO  epoch 8 training [time: 2.18s, train loss: 115.4877]
Sun 15 Mar 2026 16:17:20 INFO  epoch 8 evaluating [time: 1.62s, valid_score: 0.306900]
Sun 15 Mar 2026 16:17:20 INFO  valid result: 
recall@1 : 0.1135    recall@2 : 0.1958    recall@3 : 0.2632    recall@4 : 0.3029    recall@5 : 0.3374    recall@10 : 0.4617    recall@20 : 0.5885    recall@30 : 0.6553    recall@50 : 0.7591    ndcg@1 : 0.1841    ndcg@2 : 0.2118    ndcg@3 : 0.2369    ndcg@4 : 0.2505    ndcg@5 : 0.264    ndcg@10 : 0.3069    ndcg@20 : 0.3448    ndcg@30 : 0.3629    ndcg@50 : 0.3878    precision@1 : 0.1841    precision@2 : 0.1621    precision@3 : 0.146    precision@4 : 0.1275    precision@5 : 0.1174    precision@10 : 0.0832    precision@20 : 0.0566    precision@30 : 0.0435    precision@50 : 0.0315    map@1 : 0.1841    map@2 : 0.1861    map@3 : 0.1952    map@4 : 0.2001    map@5 : 0.2062    map@10 : 0.2232    map@20 : 0.2357    map@30 : 0.2408    map@50 : 0.2463
Sun 15 Mar 2026 16:17:23 INFO  epoch 9 training [time: 2.17s, train loss: 114.9960]
Sun 15 Mar 2026 16:17:24 INFO  epoch 9 evaluating [time: 1.61s, valid_score: 0.307100]
Sun 15 Mar 2026 16:17:24 INFO  valid result: 
recall@1 : 0.1116    recall@2 : 0.1959    recall@3 : 0.2637    recall@4 : 0.3028    recall@5 : 0.335    recall@10 : 0.4643    recall@20 : 0.5917    recall@30 : 0.6648    recall@50 : 0.7679    ndcg@1 : 0.183    ndcg@2 : 0.2121    ndcg@3 : 0.2373    ndcg@4 : 0.2507    ndcg@5 : 0.2626    ndcg@10 : 0.3071    ndcg@20 : 0.3451    ndcg@30 : 0.3649    ndcg@50 : 0.3893    precision@1 : 0.183    precision@2 : 0.1636    precision@3 : 0.1474    precision@4 : 0.1289    precision@5 : 0.1166    precision@10 : 0.0841    precision@20 : 0.057    precision@30 : 0.0443    precision@50 : 0.0318    map@1 : 0.183    map@2 : 0.1861    map@3 : 0.1951    map@4 : 0.1995    map@5 : 0.2048    map@10 : 0.2226    map@20 : 0.2351    map@30 : 0.2405    map@50 : 0.2459
Sun 15 Mar 2026 16:17:26 INFO  epoch 10 training [time: 2.12s, train loss: 111.8455]
Sun 15 Mar 2026 16:17:28 INFO  epoch 10 evaluating [time: 1.60s, valid_score: 0.307500]
Sun 15 Mar 2026 16:17:28 INFO  valid result: 
recall@1 : 0.1118    recall@2 : 0.196    recall@3 : 0.2608    recall@4 : 0.302    recall@5 : 0.3362    recall@10 : 0.4637    recall@20 : 0.5944    recall@30 : 0.6703    recall@50 : 0.7672    ndcg@1 : 0.183    ndcg@2 : 0.2121    ndcg@3 : 0.2364    ndcg@4 : 0.2503    ndcg@5 : 0.2627    ndcg@10 : 0.3075    ndcg@20 : 0.3465    ndcg@30 : 0.3671    ndcg@50 : 0.3901    precision@1 : 0.183    precision@2 : 0.1633    precision@3 : 0.1476    precision@4 : 0.129    precision@5 : 0.1166    precision@10 : 0.0846    precision@20 : 0.0576    precision@30 : 0.0449    precision@50 : 0.0319    map@1 : 0.183    map@2 : 0.1855    map@3 : 0.1941    map@4 : 0.1989    map@5 : 0.2043    map@10 : 0.2228    map@20 : 0.2357    map@30 : 0.2415    map@50 : 0.2467
Sun 15 Mar 2026 16:17:28 INFO  Saving current: saved/LightGCN-Mar-15-2026_16-16-45.pth
Sun 15 Mar 2026 16:17:30 INFO  epoch 11 training [time: 2.19s, train loss: 110.3169]
Sun 15 Mar 2026 16:17:32 INFO  epoch 11 evaluating [time: 1.61s, valid_score: 0.309900]
Sun 15 Mar 2026 16:17:32 INFO  valid result: 
recall@1 : 0.1161    recall@2 : 0.1977    recall@3 : 0.2588    recall@4 : 0.3    recall@5 : 0.3349    recall@10 : 0.4647    recall@20 : 0.6    recall@30 : 0.681    recall@50 : 0.7723    ndcg@1 : 0.1895    ndcg@2 : 0.2165    ndcg@3 : 0.2374    ndcg@4 : 0.2518    ndcg@5 : 0.2643    ndcg@10 : 0.3099    ndcg@20 : 0.3504    ndcg@30 : 0.372    ndcg@50 : 0.3942    precision@1 : 0.1895    precision@2 : 0.1663    precision@3 : 0.1466    precision@4 : 0.1292    precision@5 : 0.1167    precision@10 : 0.0848    precision@20 : 0.0582    precision@30 : 0.0455    precision@50 : 0.0323    map@1 : 0.1895    map@2 : 0.1898    map@3 : 0.1956    map@4 : 0.2007    map@5 : 0.2063    map@10 : 0.2253    map@20 : 0.2389    map@30 : 0.245    map@50 : 0.2501
Sun 15 Mar 2026 16:17:32 INFO  Saving current: saved/LightGCN-Mar-15-2026_16-16-45.pth
Sun 15 Mar 2026 16:17:34 INFO  epoch 12 training [time: 1.96s, train loss: 109.0225]
Sun 15 Mar 2026 16:17:35 INFO  epoch 12 evaluating [time: 1.60s, valid_score: 0.314400]
Sun 15 Mar 2026 16:17:35 INFO  valid result: 
recall@1 : 0.1227    recall@2 : 0.1978    recall@3 : 0.2629    recall@4 : 0.3003    recall@5 : 0.3393    recall@10 : 0.4673    recall@20 : 0.6038    recall@30 : 0.6869    recall@50 : 0.7829    ndcg@1 : 0.1973    ndcg@2 : 0.2192    ndcg@3 : 0.2425    ndcg@4 : 0.2548    ndcg@5 : 0.269    ndcg@10 : 0.3144    ndcg@20 : 0.3552    ndcg@30 : 0.377    ndcg@50 : 0.4001    precision@1 : 0.1973    precision@2 : 0.1666    precision@3 : 0.149    precision@4 : 0.1296    precision@5 : 0.118    precision@10 : 0.0859    precision@20 : 0.0588    precision@30 : 0.0458    precision@50 : 0.0326    map@1 : 0.1973    map@2 : 0.1932    map@3 : 0.2007    map@4 : 0.2043    map@5 : 0.211    map@10 : 0.2302    map@20 : 0.2439    map@30 : 0.2499    map@50 : 0.2552
Sun 15 Mar 2026 16:17:35 INFO  Saving current: saved/LightGCN-Mar-15-2026_16-16-45.pth
Sun 15 Mar 2026 16:17:37 INFO  epoch 13 training [time: 2.02s, train loss: 106.3096]
Sun 15 Mar 2026 16:17:39 INFO  epoch 13 evaluating [time: 1.61s, valid_score: 0.315700]
Sun 15 Mar 2026 16:17:39 INFO  valid result: 
recall@1 : 0.123    recall@2 : 0.2003    recall@3 : 0.2614    recall@4 : 0.3    recall@5 : 0.3375    recall@10 : 0.4693    recall@20 : 0.6071    recall@30 : 0.6903    recall@50 : 0.7909    ndcg@1 : 0.1973    ndcg@2 : 0.2214    ndcg@3 : 0.2428    ndcg@4 : 0.2552    ndcg@5 : 0.2687    ndcg@10 : 0.3157    ndcg@20 : 0.3566    ndcg@30 : 0.3787    ndcg@50 : 0.4027    precision@1 : 0.1973    precision@2 : 0.1687    precision@3 : 0.1496    precision@4 : 0.1298    precision@5 : 0.1176    precision@10 : 0.0868    precision@20 : 0.059    precision@30 : 0.0462    precision@50 : 0.0329    map@1 : 0.1973    map@2 : 0.1955    map@3 : 0.2016    map@4 : 0.2055    map@5 : 0.2113    map@10 : 0.2315    map@20 : 0.2452    map@30 : 0.2513    map@50 : 0.2568
Sun 15 Mar 2026 16:17:39 INFO  Saving current: saved/LightGCN-Mar-15-2026_16-16-45.pth
Sun 15 Mar 2026 16:17:41 INFO  epoch 14 training [time: 1.83s, train loss: 103.3486]
Sun 15 Mar 2026 16:17:42 INFO  epoch 14 evaluating [time: 1.60s, valid_score: 0.316800]
Sun 15 Mar 2026 16:17:42 INFO  valid result: 
recall@1 : 0.1199    recall@2 : 0.1986    recall@3 : 0.2584    recall@4 : 0.3016    recall@5 : 0.3322    recall@10 : 0.4762    recall@20 : 0.6164    recall@30 : 0.6977    recall@50 : 0.7942    ndcg@1 : 0.1943    ndcg@2 : 0.2191    ndcg@3 : 0.2404    ndcg@4 : 0.2547    ndcg@5 : 0.2654    ndcg@10 : 0.3168    ndcg@20 : 0.358    ndcg@30 : 0.3797    ndcg@50 : 0.4026    precision@1 : 0.1943    precision@2 : 0.1675    precision@3 : 0.1496    precision@4 : 0.1311    precision@5 : 0.1172    precision@10 : 0.0884    precision@20 : 0.0598    precision@30 : 0.0468    precision@50 : 0.033    map@1 : 0.1943    map@2 : 0.1929    map@3 : 0.1989    map@4 : 0.2043    map@5 : 0.2085    map@10 : 0.2307    map@20 : 0.2445    map@30 : 0.2506    map@50 : 0.2558
Sun 15 Mar 2026 16:17:42 INFO  Saving current: saved/LightGCN-Mar-15-2026_16-16-45.pth
Sun 15 Mar 2026 16:17:45 INFO  epoch 15 training [time: 2.20s, train loss: 102.1108]
Sun 15 Mar 2026 16:17:46 INFO  epoch 15 evaluating [time: 1.60s, valid_score: 0.319700]
Sun 15 Mar 2026 16:17:46 INFO  valid result: 
recall@1 : 0.122    recall@2 : 0.2002    recall@3 : 0.2618    recall@4 : 0.303    recall@5 : 0.3404    recall@10 : 0.4789    recall@20 : 0.6165    recall@30 : 0.6987    recall@50 : 0.7966    ndcg@1 : 0.1979    ndcg@2 : 0.2218    ndcg@3 : 0.243    ndcg@4 : 0.2565    ndcg@5 : 0.2702    ndcg@10 : 0.3197    ndcg@20 : 0.3601    ndcg@30 : 0.3821    ndcg@50 : 0.4054    precision@1 : 0.1979    precision@2 : 0.1692    precision@3 : 0.15    precision@4 : 0.1313    precision@5 : 0.1194    precision@10 : 0.0892    precision@20 : 0.0598    precision@30 : 0.047    precision@50 : 0.0332    map@1 : 0.1979    map@2 : 0.1955    map@3 : 0.2014    map@4 : 0.2062    map@5 : 0.2121    map@10 : 0.2335    map@20 : 0.2471    map@30 : 0.2534    map@50 : 0.2586
Sun 15 Mar 2026 16:17:46 INFO  Saving current: saved/LightGCN-Mar-15-2026_16-16-45.pth
Sun 15 Mar 2026 16:17:48 INFO  epoch 16 training [time: 1.93s, train loss: 100.1922]
Sun 15 Mar 2026 16:17:50 INFO  epoch 16 evaluating [time: 1.61s, valid_score: 0.321100]
Sun 15 Mar 2026 16:17:50 INFO  valid result: 
recall@1 : 0.1229    recall@2 : 0.2007    recall@3 : 0.2654    recall@4 : 0.3051    recall@5 : 0.343    recall@10 : 0.4789    recall@20 : 0.6162    recall@30 : 0.6996    recall@50 : 0.7944    ndcg@1 : 0.1979    ndcg@2 : 0.2221    ndcg@3 : 0.2453    ndcg@4 : 0.2585    ndcg@5 : 0.2724    ndcg@10 : 0.3211    ndcg@20 : 0.3614    ndcg@30 : 0.3836    ndcg@50 : 0.4063    precision@1 : 0.1979    precision@2 : 0.1692    precision@3 : 0.1518    precision@4 : 0.1327    precision@5 : 0.1211    precision@10 : 0.0897    precision@20 : 0.06    precision@30 : 0.047    precision@50 : 0.0332    map@1 : 0.1979    map@2 : 0.1961    map@3 : 0.2032    map@4 : 0.2078    map@5 : 0.2137    map@10 : 0.235    map@20 : 0.2486    map@30 : 0.2549    map@50 : 0.2601
Sun 15 Mar 2026 16:17:50 INFO  Saving current: saved/LightGCN-Mar-15-2026_16-16-45.pth
Sun 15 Mar 2026 16:17:52 INFO  epoch 17 training [time: 2.04s, train loss: 99.1627]
Sun 15 Mar 2026 16:17:53 INFO  epoch 17 evaluating [time: 1.60s, valid_score: 0.323200]
Sun 15 Mar 2026 16:17:53 INFO  valid result: 
recall@1 : 0.1242    recall@2 : 0.2015    recall@3 : 0.2651    recall@4 : 0.3111    recall@5 : 0.3484    recall@10 : 0.4812    recall@20 : 0.616    recall@30 : 0.7026    recall@50 : 0.7984    ndcg@1 : 0.2014    ndcg@2 : 0.2228    ndcg@3 : 0.2458    ndcg@4 : 0.262    ndcg@5 : 0.2756    ndcg@10 : 0.3232    ndcg@20 : 0.3629    ndcg@30 : 0.3858    ndcg@50 : 0.4087    precision@1 : 0.2014    precision@2 : 0.1684    precision@3 : 0.1518    precision@4 : 0.135    precision@5 : 0.1225    precision@10 : 0.0903    precision@20 : 0.0603    precision@30 : 0.0471    precision@50 : 0.0333    map@1 : 0.2014    map@2 : 0.1965    map@3 : 0.2038    map@4 : 0.2102    map@5 : 0.216    map@10 : 0.2367    map@20 : 0.2502    map@30 : 0.2566    map@50 : 0.262
Sun 15 Mar 2026 16:17:53 INFO  Saving current: saved/LightGCN-Mar-15-2026_16-16-45.pth
Sun 15 Mar 2026 16:17:55 INFO  epoch 18 training [time: 1.98s, train loss: 97.2911]
Sun 15 Mar 2026 16:17:57 INFO  epoch 18 evaluating [time: 1.61s, valid_score: 0.322400]
Sun 15 Mar 2026 16:17:57 INFO  valid result: 
recall@1 : 0.1199    recall@2 : 0.2028    recall@3 : 0.272    recall@4 : 0.3115    recall@5 : 0.3476    recall@10 : 0.4812    recall@20 : 0.6203    recall@30 : 0.7051    recall@50 : 0.7967    ndcg@1 : 0.1967    ndcg@2 : 0.2219    ndcg@3 : 0.2477    ndcg@4 : 0.2614    ndcg@5 : 0.2746    ndcg@10 : 0.3224    ndcg@20 : 0.3634    ndcg@30 : 0.3858    ndcg@50 : 0.4081    precision@1 : 0.1967    precision@2 : 0.169    precision@3 : 0.1542    precision@4 : 0.1356    precision@5 : 0.123    precision@10 : 0.0903    precision@20 : 0.0606    precision@30 : 0.0473    precision@50 : 0.0334    map@1 : 0.1967    map@2 : 0.1949    map@3 : 0.2039    map@4 : 0.2089    map@5 : 0.2146    map@10 : 0.2355    map@20 : 0.2494    map@30 : 0.2557    map@50 : 0.261
Sun 15 Mar 2026 16:17:59 INFO  epoch 19 training [time: 2.19s, train loss: 97.1671]
Sun 15 Mar 2026 16:18:01 INFO  epoch 19 evaluating [time: 1.60s, valid_score: 0.322600]
Sun 15 Mar 2026 16:18:01 INFO  valid result: 
recall@1 : 0.1136    recall@2 : 0.2043    recall@3 : 0.2728    recall@4 : 0.3148    recall@5 : 0.3492    recall@10 : 0.4872    recall@20 : 0.6237    recall@30 : 0.707    recall@50 : 0.7954    ndcg@1 : 0.1907    ndcg@2 : 0.2214    ndcg@3 : 0.2466    ndcg@4 : 0.2614    ndcg@5 : 0.2738    ndcg@10 : 0.3226    ndcg@20 : 0.3633    ndcg@30 : 0.3852    ndcg@50 : 0.4068    precision@1 : 0.1907    precision@2 : 0.1707    precision@3 : 0.1549    precision@4 : 0.1377    precision@5 : 0.124    precision@10 : 0.0911    precision@20 : 0.0612    precision@30 : 0.0475    precision@50 : 0.0334    map@1 : 0.1907    map@2 : 0.1932    map@3 : 0.2019    map@4 : 0.2076    map@5 : 0.2128    map@10 : 0.2339    map@20 : 0.2479    map@30 : 0.254    map@50 : 0.2592
Sun 15 Mar 2026 16:18:03 INFO  epoch 20 training [time: 1.89s, train loss: 94.9164]
Sun 15 Mar 2026 16:18:04 INFO  epoch 20 evaluating [time: 1.60s, valid_score: 0.323600]
Sun 15 Mar 2026 16:18:04 INFO  valid result: 
recall@1 : 0.1118    recall@2 : 0.2055    recall@3 : 0.2717    recall@4 : 0.3138    recall@5 : 0.352    recall@10 : 0.49    recall@20 : 0.6267    recall@30 : 0.7085    recall@50 : 0.7977    ndcg@1 : 0.1889    ndcg@2 : 0.222    ndcg@3 : 0.2458    ndcg@4 : 0.2606    ndcg@5 : 0.2743    ndcg@10 : 0.3236    ndcg@20 : 0.3639    ndcg@30 : 0.3859    ndcg@50 : 0.4074    precision@1 : 0.1889    precision@2 : 0.1722    precision@3 : 0.1551    precision@4 : 0.1375    precision@5 : 0.1244    precision@10 : 0.0916    precision@20 : 0.0613    precision@30 : 0.0478    precision@50 : 0.0335    map@1 : 0.1889    map@2 : 0.1937    map@3 : 0.2007    map@4 : 0.2068    map@5 : 0.2127    map@10 : 0.2341    map@20 : 0.2477    map@30 : 0.2541    map@50 : 0.2592
Sun 15 Mar 2026 16:18:04 INFO  Saving current: saved/LightGCN-Mar-15-2026_16-16-45.pth
Sun 15 Mar 2026 16:18:06 INFO  epoch 21 training [time: 2.00s, train loss: 93.2643]
Sun 15 Mar 2026 16:18:08 INFO  epoch 21 evaluating [time: 1.60s, valid_score: 0.325700]
Sun 15 Mar 2026 16:18:08 INFO  valid result: 
recall@1 : 0.1131    recall@2 : 0.2087    recall@3 : 0.271    recall@4 : 0.318    recall@5 : 0.3546    recall@10 : 0.4911    recall@20 : 0.6284    recall@30 : 0.7115    recall@50 : 0.8022    ndcg@1 : 0.1895    ndcg@2 : 0.2242    ndcg@3 : 0.2464    ndcg@4 : 0.2631    ndcg@5 : 0.2764    ndcg@10 : 0.3257    ndcg@20 : 0.366    ndcg@30 : 0.3884    ndcg@50 : 0.4101    precision@1 : 0.1895    precision@2 : 0.1743    precision@3 : 0.1551    precision@4 : 0.1387    precision@5 : 0.1256    precision@10 : 0.0923    precision@20 : 0.0614    precision@30 : 0.048    precision@50 : 0.0336    map@1 : 0.1895    map@2 : 0.195    map@3 : 0.2014    map@4 : 0.2084    map@5 : 0.2144    map@10 : 0.2361    map@20 : 0.2499    map@30 : 0.2564    map@50 : 0.2614
Sun 15 Mar 2026 16:18:08 INFO  Saving current: saved/LightGCN-Mar-15-2026_16-16-45.pth
Sun 15 Mar 2026 16:18:10 INFO  epoch 22 training [time: 2.17s, train loss: 92.1486]
Sun 15 Mar 2026 16:18:12 INFO  epoch 22 evaluating [time: 1.60s, valid_score: 0.327900]
Sun 15 Mar 2026 16:18:12 INFO  valid result: 
recall@1 : 0.1192    recall@2 : 0.2109    recall@3 : 0.2722    recall@4 : 0.3137    recall@5 : 0.3519    recall@10 : 0.4904    recall@20 : 0.6316    recall@30 : 0.7103    recall@50 : 0.803    ndcg@1 : 0.1961    ndcg@2 : 0.2278    ndcg@3 : 0.2496    ndcg@4 : 0.2641    ndcg@5 : 0.2778    ndcg@10 : 0.3279    ndcg@20 : 0.3692    ndcg@30 : 0.3904    ndcg@50 : 0.4128    precision@1 : 0.1961    precision@2 : 0.1752    precision@3 : 0.1559    precision@4 : 0.1384    precision@5 : 0.1249    precision@10 : 0.0924    precision@20 : 0.0617    precision@30 : 0.0479    precision@50 : 0.0337    map@1 : 0.1961    map@2 : 0.1992    map@3 : 0.2052    map@4 : 0.2112    map@5 : 0.2173    map@10 : 0.2395    map@20 : 0.2533    map@30 : 0.2596    map@50 : 0.2648
Sun 15 Mar 2026 16:18:12 INFO  Saving current: saved/LightGCN-Mar-15-2026_16-16-45.pth
Sun 15 Mar 2026 16:18:14 INFO  epoch 23 training [time: 2.18s, train loss: 89.6293]
Sun 15 Mar 2026 16:18:15 INFO  epoch 23 evaluating [time: 1.61s, valid_score: 0.330600]
Sun 15 Mar 2026 16:18:15 INFO  valid result: 
recall@1 : 0.1221    recall@2 : 0.2119    recall@3 : 0.2756    recall@4 : 0.3177    recall@5 : 0.355    recall@10 : 0.4919    recall@20 : 0.6346    recall@30 : 0.7119    recall@50 : 0.8051    ndcg@1 : 0.2032    ndcg@2 : 0.2295    ndcg@3 : 0.2528    ndcg@4 : 0.2676    ndcg@5 : 0.2812    ndcg@10 : 0.3306    ndcg@20 : 0.3727    ndcg@30 : 0.3935    ndcg@50 : 0.4159    precision@1 : 0.2032    precision@2 : 0.1749    precision@3 : 0.1571    precision@4 : 0.1393    precision@5 : 0.1263    precision@10 : 0.0925    precision@20 : 0.0621    precision@30 : 0.048    precision@50 : 0.0338    map@1 : 0.2032    map@2 : 0.2016    map@3 : 0.2086    map@4 : 0.2143    map@5 : 0.2203    map@10 : 0.2422    map@20 : 0.2566    map@30 : 0.2627    map@50 : 0.2679
Sun 15 Mar 2026 16:18:15 INFO  Saving current: saved/LightGCN-Mar-15-2026_16-16-45.pth
Sun 15 Mar 2026 16:18:18 INFO  epoch 24 training [time: 2.21s, train loss: 89.3761]
Sun 15 Mar 2026 16:18:19 INFO  epoch 24 evaluating [time: 1.71s, valid_score: 0.327800]
Sun 15 Mar 2026 16:18:19 INFO  valid result: 
recall@1 : 0.1212    recall@2 : 0.2088    recall@3 : 0.2711    recall@4 : 0.316    recall@5 : 0.3506    recall@10 : 0.4873    recall@20 : 0.6334    recall@30 : 0.7122    recall@50 : 0.8058    ndcg@1 : 0.202    ndcg@2 : 0.2274    ndcg@3 : 0.2497    ndcg@4 : 0.266    ndcg@5 : 0.2784    ndcg@10 : 0.3278    ndcg@20 : 0.371    ndcg@30 : 0.392    ndcg@50 : 0.4145    precision@1 : 0.202    precision@2 : 0.1734    precision@3 : 0.1553    precision@4 : 0.1396    precision@5 : 0.1255    precision@10 : 0.0918    precision@20 : 0.0622    precision@30 : 0.048    precision@50 : 0.0338    map@1 : 0.202    map@2 : 0.1995    map@3 : 0.2059    map@4 : 0.2127    map@5 : 0.218    map@10 : 0.2398    map@20 : 0.2549    map@30 : 0.2609    map@50 : 0.2661
Sun 15 Mar 2026 16:18:22 INFO  epoch 25 training [time: 2.17s, train loss: 87.7206]
Sun 15 Mar 2026 16:18:23 INFO  epoch 25 evaluating [time: 1.60s, valid_score: 0.327800]
Sun 15 Mar 2026 16:18:23 INFO  valid result: 
recall@1 : 0.1212    recall@2 : 0.2141    recall@3 : 0.2673    recall@4 : 0.3161    recall@5 : 0.3522    recall@10 : 0.4855    recall@20 : 0.6303    recall@30 : 0.7097    recall@50 : 0.8024    ndcg@1 : 0.2032    ndcg@2 : 0.2313    ndcg@3 : 0.2485    ndcg@4 : 0.2665    ndcg@5 : 0.2798    ndcg@10 : 0.3278    ndcg@20 : 0.3709    ndcg@30 : 0.392    ndcg@50 : 0.4143    precision@1 : 0.2032    precision@2 : 0.177    precision@3 : 0.1538    precision@4 : 0.1395    precision@5 : 0.1265    precision@10 : 0.0913    precision@20 : 0.0622    precision@30 : 0.048    precision@50 : 0.0337    map@1 : 0.2032    map@2 : 0.2022    map@3 : 0.2055    map@4 : 0.2134    map@5 : 0.219    map@10 : 0.2404    map@20 : 0.2553    map@30 : 0.2614    map@50 : 0.2667
Sun 15 Mar 2026 16:18:25 INFO  epoch 26 training [time: 1.97s, train loss: 86.8500]
Sun 15 Mar 2026 16:18:27 INFO  epoch 26 evaluating [time: 1.61s, valid_score: 0.329900]
Sun 15 Mar 2026 16:18:27 INFO  valid result: 
recall@1 : 0.1227    recall@2 : 0.2125    recall@3 : 0.2716    recall@4 : 0.3192    recall@5 : 0.3523    recall@10 : 0.4897    recall@20 : 0.634    recall@30 : 0.7139    recall@50 : 0.8075    ndcg@1 : 0.2044    ndcg@2 : 0.231    ndcg@3 : 0.2509    ndcg@4 : 0.2686    ndcg@5 : 0.2808    ndcg@10 : 0.3299    ndcg@20 : 0.3729    ndcg@30 : 0.3943    ndcg@50 : 0.4165    precision@1 : 0.2044    precision@2 : 0.1764    precision@3 : 0.1551    precision@4 : 0.1403    precision@5 : 0.1271    precision@10 : 0.092    precision@20 : 0.0626    precision@30 : 0.0484    precision@50 : 0.0338    map@1 : 0.2044    map@2 : 0.2026    map@3 : 0.2076    map@4 : 0.2152    map@5 : 0.2204    map@10 : 0.242    map@20 : 0.2569    map@30 : 0.2631    map@50 : 0.2682
Sun 15 Mar 2026 16:18:29 INFO  epoch 27 training [time: 2.03s, train loss: 85.9692]
Sun 15 Mar 2026 16:18:30 INFO  epoch 27 evaluating [time: 1.60s, valid_score: 0.330700]
Sun 15 Mar 2026 16:18:30 INFO  valid result: 
recall@1 : 0.1243    recall@2 : 0.2136    recall@3 : 0.2737    recall@4 : 0.3199    recall@5 : 0.3539    recall@10 : 0.4883    recall@20 : 0.6341    recall@30 : 0.7106    recall@50 : 0.8051    ndcg@1 : 0.2056    ndcg@2 : 0.2316    ndcg@3 : 0.2525    ndcg@4 : 0.2697    ndcg@5 : 0.2824    ndcg@10 : 0.3307    ndcg@20 : 0.3741    ndcg@30 : 0.3946    ndcg@50 : 0.4171    precision@1 : 0.2056    precision@2 : 0.1761    precision@3 : 0.1559    precision@4 : 0.1408    precision@5 : 0.1277    precision@10 : 0.0921    precision@20 : 0.0628    precision@30 : 0.0483    precision@50 : 0.0339    map@1 : 0.2056    map@2 : 0.2032    map@3 : 0.2093    map@4 : 0.2164    map@5 : 0.2219    map@10 : 0.2435    map@20 : 0.2585    map@30 : 0.2645    map@50 : 0.2697
Sun 15 Mar 2026 16:18:30 INFO  Saving current: saved/LightGCN-Mar-15-2026_16-16-45.pth
Sun 15 Mar 2026 16:18:32 INFO  epoch 28 training [time: 2.04s, train loss: 83.7402]
Sun 15 Mar 2026 16:18:34 INFO  epoch 28 evaluating [time: 1.61s, valid_score: 0.334200]
Sun 15 Mar 2026 16:18:34 INFO  valid result: 
recall@1 : 0.1261    recall@2 : 0.218    recall@3 : 0.2764    recall@4 : 0.3224    recall@5 : 0.3566    recall@10 : 0.4939    recall@20 : 0.638    recall@30 : 0.711    recall@50 : 0.8054    ndcg@1 : 0.2074    ndcg@2 : 0.2358    ndcg@3 : 0.2555    ndcg@4 : 0.2724    ndcg@5 : 0.285    ndcg@10 : 0.3342    ndcg@20 : 0.3771    ndcg@30 : 0.3969    ndcg@50 : 0.4192    precision@1 : 0.2074    precision@2 : 0.1794    precision@3 : 0.1571    precision@4 : 0.1415    precision@5 : 0.1279    precision@10 : 0.093    precision@20 : 0.0631    precision@30 : 0.0485    precision@50 : 0.0339    map@1 : 0.2074    map@2 : 0.2069    map@3 : 0.2119    map@4 : 0.2187    map@5 : 0.2243    map@10 : 0.2461    map@20 : 0.2611    map@30 : 0.2669    map@50 : 0.272
Sun 15 Mar 2026 16:18:34 INFO  Saving current: saved/LightGCN-Mar-15-2026_16-16-45.pth
Sun 15 Mar 2026 16:18:36 INFO  epoch 29 training [time: 2.14s, train loss: 80.9487]
Sun 15 Mar 2026 16:18:38 INFO  epoch 29 evaluating [time: 1.59s, valid_score: 0.333400]
Sun 15 Mar 2026 16:18:38 INFO  valid result: 
recall@1 : 0.124    recall@2 : 0.2181    recall@3 : 0.2774    recall@4 : 0.3267    recall@5 : 0.3585    recall@10 : 0.4929    recall@20 : 0.6353    recall@30 : 0.7131    recall@50 : 0.8015    ndcg@1 : 0.2056    ndcg@2 : 0.2352    ndcg@3 : 0.2557    ndcg@4 : 0.2735    ndcg@5 : 0.2854    ndcg@10 : 0.3334    ndcg@20 : 0.3761    ndcg@30 : 0.3969    ndcg@50 : 0.4181    precision@1 : 0.2056    precision@2 : 0.1797    precision@3 : 0.1585    precision@4 : 0.1424    precision@5 : 0.1285    precision@10 : 0.0931    precision@20 : 0.0631    precision@30 : 0.0486    precision@50 : 0.0338    map@1 : 0.2056    map@2 : 0.2056    map@3 : 0.2115    map@4 : 0.2188    map@5 : 0.2243    map@10 : 0.2454    map@20 : 0.2603    map@30 : 0.2665    map@50 : 0.2714
Sun 15 Mar 2026 16:18:40 INFO  epoch 30 training [time: 2.12s, train loss: 81.0005]
Sun 15 Mar 2026 16:18:42 INFO  epoch 30 evaluating [time: 1.61s, valid_score: 0.336000]
Sun 15 Mar 2026 16:18:42 INFO  valid result: 
recall@1 : 0.1269    recall@2 : 0.2161    recall@3 : 0.2777    recall@4 : 0.326    recall@5 : 0.3572    recall@10 : 0.4972    recall@20 : 0.6345    recall@30 : 0.7149    recall@50 : 0.8025    ndcg@1 : 0.208    ndcg@2 : 0.2355    ndcg@3 : 0.2568    ndcg@4 : 0.2746    ndcg@5 : 0.2859    ndcg@10 : 0.336    ndcg@20 : 0.3772    ndcg@30 : 0.3987    ndcg@50 : 0.4196    precision@1 : 0.208    precision@2 : 0.1797    precision@3 : 0.1587    precision@4 : 0.1435    precision@5 : 0.1287    precision@10 : 0.0936    precision@20 : 0.063    precision@30 : 0.0487    precision@50 : 0.0338    map@1 : 0.208    map@2 : 0.2068    map@3 : 0.2127    map@4 : 0.2206    map@5 : 0.2255    map@10 : 0.2475    map@20 : 0.2621    map@30 : 0.2683    map@50 : 0.2732
Sun 15 Mar 2026 16:18:42 INFO  Saving current: saved/LightGCN-Mar-15-2026_16-16-45.pth
Sun 15 Mar 2026 16:18:44 INFO  epoch 31 training [time: 1.99s, train loss: 79.1983]
Sun 15 Mar 2026 16:18:45 INFO  epoch 31 evaluating [time: 1.61s, valid_score: 0.337400]
Sun 15 Mar 2026 16:18:45 INFO  valid result: 
recall@1 : 0.1305    recall@2 : 0.2121    recall@3 : 0.2781    recall@4 : 0.3251    recall@5 : 0.3606    recall@10 : 0.4977    recall@20 : 0.6417    recall@30 : 0.7176    recall@50 : 0.8045    ndcg@1 : 0.2139    ndcg@2 : 0.2342    ndcg@3 : 0.2578    ndcg@4 : 0.2753    ndcg@5 : 0.2882    ndcg@10 : 0.3374    ndcg@20 : 0.3806    ndcg@30 : 0.401    ndcg@50 : 0.4217    precision@1 : 0.2139    precision@2 : 0.1773    precision@3 : 0.1585    precision@4 : 0.1435    precision@5 : 0.1293    precision@10 : 0.094    precision@20 : 0.0636    precision@30 : 0.0489    precision@50 : 0.0339    map@1 : 0.2139    map@2 : 0.2065    map@3 : 0.2143    map@4 : 0.2216    map@5 : 0.2272    map@10 : 0.249    map@20 : 0.2643    map@30 : 0.2703    map@50 : 0.2752
Sun 15 Mar 2026 16:18:45 INFO  Saving current: saved/LightGCN-Mar-15-2026_16-16-45.pth
Sun 15 Mar 2026 16:18:47 INFO  epoch 32 training [time: 2.11s, train loss: 78.2501]
Sun 15 Mar 2026 16:18:49 INFO  epoch 32 evaluating [time: 1.61s, valid_score: 0.340000]
Sun 15 Mar 2026 16:18:49 INFO  valid result: 
recall@1 : 0.1303    recall@2 : 0.2176    recall@3 : 0.2804    recall@4 : 0.3289    recall@5 : 0.3648    recall@10 : 0.5013    recall@20 : 0.6449    recall@30 : 0.719    recall@50 : 0.8053    ndcg@1 : 0.2133    ndcg@2 : 0.2384    ndcg@3 : 0.2598    ndcg@4 : 0.2778    ndcg@5 : 0.2914    ndcg@10 : 0.34    ndcg@20 : 0.3831    ndcg@30 : 0.4031    ndcg@50 : 0.4237    precision@1 : 0.2133    precision@2 : 0.1812    precision@3 : 0.1597    precision@4 : 0.1445    precision@5 : 0.1313    precision@10 : 0.0946    precision@20 : 0.064    precision@30 : 0.0491    precision@50 : 0.034    map@1 : 0.2133    map@2 : 0.2102    map@3 : 0.216    map@4 : 0.2237    map@5 : 0.2299    map@10 : 0.2513    map@20 : 0.2665    map@30 : 0.2725    map@50 : 0.2773
Sun 15 Mar 2026 16:18:49 INFO  Saving current: saved/LightGCN-Mar-15-2026_16-16-45.pth
Sun 15 Mar 2026 16:18:51 INFO  epoch 33 training [time: 2.12s, train loss: 77.1290]
Sun 15 Mar 2026 16:18:53 INFO  epoch 33 evaluating [time: 1.61s, valid_score: 0.342700]
Sun 15 Mar 2026 16:18:53 INFO  valid result: 
recall@1 : 0.1318    recall@2 : 0.2178    recall@3 : 0.2835    recall@4 : 0.3288    recall@5 : 0.3686    recall@10 : 0.5056    recall@20 : 0.6472    recall@30 : 0.7179    recall@50 : 0.8067    ndcg@1 : 0.2181    ndcg@2 : 0.2391    ndcg@3 : 0.2631    ndcg@4 : 0.2792    ndcg@5 : 0.2938    ndcg@10 : 0.3427    ndcg@20 : 0.3852    ndcg@30 : 0.4045    ndcg@50 : 0.4255    precision@1 : 0.2181    precision@2 : 0.1809    precision@3 : 0.1627    precision@4 : 0.1454    precision@5 : 0.1318    precision@10 : 0.0951    precision@20 : 0.0642    precision@30 : 0.0491    precision@50 : 0.034    map@1 : 0.2181    map@2 : 0.2108    map@3 : 0.2188    map@4 : 0.2248    map@5 : 0.2313    map@10 : 0.2532    map@20 : 0.2683    map@30 : 0.2741    map@50 : 0.2789
Sun 15 Mar 2026 16:18:53 INFO  Saving current: saved/LightGCN-Mar-15-2026_16-16-45.pth
Sun 15 Mar 2026 16:18:55 INFO  epoch 34 training [time: 2.02s, train loss: 76.8034]
Sun 15 Mar 2026 16:18:56 INFO  epoch 34 evaluating [time: 1.61s, valid_score: 0.343500]
Sun 15 Mar 2026 16:18:56 INFO  valid result: 
recall@1 : 0.1277    recall@2 : 0.2258    recall@3 : 0.2894    recall@4 : 0.3336    recall@5 : 0.37    recall@10 : 0.507    recall@20 : 0.648    recall@30 : 0.7203    recall@50 : 0.8074    ndcg@1 : 0.211    ndcg@2 : 0.242    ndcg@3 : 0.2648    ndcg@4 : 0.2811    ndcg@5 : 0.2942    ndcg@10 : 0.3435    ndcg@20 : 0.3859    ndcg@30 : 0.4054    ndcg@50 : 0.426    precision@1 : 0.211    precision@2 : 0.1844    precision@3 : 0.1637    precision@4 : 0.1469    precision@5 : 0.1323    precision@10 : 0.0958    precision@20 : 0.0644    precision@30 : 0.0493    precision@50 : 0.034    map@1 : 0.211    map@2 : 0.2119    map@3 : 0.2192    map@4 : 0.2256    map@5 : 0.2315    map@10 : 0.2536    map@20 : 0.2686    map@30 : 0.2745    map@50 : 0.2793
Sun 15 Mar 2026 16:18:56 INFO  Saving current: saved/LightGCN-Mar-15-2026_16-16-45.pth
Sun 15 Mar 2026 16:18:58 INFO  epoch 35 training [time: 2.11s, train loss: 75.4405]
Sun 15 Mar 2026 16:19:00 INFO  epoch 35 evaluating [time: 1.61s, valid_score: 0.344400]
Sun 15 Mar 2026 16:19:00 INFO  valid result: 
recall@1 : 0.1267    recall@2 : 0.2265    recall@3 : 0.2921    recall@4 : 0.3344    recall@5 : 0.3728    recall@10 : 0.5087    recall@20 : 0.6484    recall@30 : 0.7248    recall@50 : 0.8064    ndcg@1 : 0.2086    ndcg@2 : 0.2423    ndcg@3 : 0.2663    ndcg@4 : 0.2812    ndcg@5 : 0.2957    ndcg@10 : 0.3444    ndcg@20 : 0.3864    ndcg@30 : 0.4069    ndcg@50 : 0.4264    precision@1 : 0.2086    precision@2 : 0.1862    precision@3 : 0.1661    precision@4 : 0.1469    precision@5 : 0.1337    precision@10 : 0.0961    precision@20 : 0.0644    precision@30 : 0.0495    precision@50 : 0.0339    map@1 : 0.2086    map@2 : 0.2117    map@3 : 0.2203    map@4 : 0.2258    map@5 : 0.2326    map@10 : 0.2545    map@20 : 0.2693    map@30 : 0.2755    map@50 : 0.28
Sun 15 Mar 2026 16:19:00 INFO  Saving current: saved/LightGCN-Mar-15-2026_16-16-45.pth
Sun 15 Mar 2026 16:19:02 INFO  epoch 36 training [time: 2.16s, train loss: 72.8485]
Sun 15 Mar 2026 16:19:04 INFO  epoch 36 evaluating [time: 1.61s, valid_score: 0.345400]
Sun 15 Mar 2026 16:19:04 INFO  valid result: 
recall@1 : 0.1273    recall@2 : 0.2263    recall@3 : 0.2909    recall@4 : 0.3381    recall@5 : 0.3736    recall@10 : 0.511    recall@20 : 0.6523    recall@30 : 0.724    recall@50 : 0.8061    ndcg@1 : 0.2068    ndcg@2 : 0.2423    ndcg@3 : 0.2657    ndcg@4 : 0.2828    ndcg@5 : 0.2963    ndcg@10 : 0.3454    ndcg@20 : 0.3879    ndcg@30 : 0.4073    ndcg@50 : 0.4269    precision@1 : 0.2068    precision@2 : 0.1865    precision@3 : 0.1657    precision@4 : 0.1482    precision@5 : 0.1342    precision@10 : 0.0968    precision@20 : 0.0648    precision@30 : 0.0494    precision@50 : 0.034    map@1 : 0.2068    map@2 : 0.2122    map@3 : 0.2201    map@4 : 0.2271    map@5 : 0.2333    map@10 : 0.2553    map@20 : 0.2703    map@30 : 0.2762    map@50 : 0.2808
Sun 15 Mar 2026 16:19:04 INFO  Saving current: saved/LightGCN-Mar-15-2026_16-16-45.pth
Sun 15 Mar 2026 16:19:06 INFO  epoch 37 training [time: 2.19s, train loss: 71.9388]
Sun 15 Mar 2026 16:19:08 INFO  epoch 37 evaluating [time: 1.61s, valid_score: 0.347100]
Sun 15 Mar 2026 16:19:08 INFO  valid result: 
recall@1 : 0.1292    recall@2 : 0.2258    recall@3 : 0.2893    recall@4 : 0.3374    recall@5 : 0.3714    recall@10 : 0.5138    recall@20 : 0.6527    recall@30 : 0.7258    recall@50 : 0.8092    ndcg@1 : 0.2098    ndcg@2 : 0.243    ndcg@3 : 0.2651    ndcg@4 : 0.2829    ndcg@5 : 0.2957    ndcg@10 : 0.3471    ndcg@20 : 0.3887    ndcg@30 : 0.4085    ndcg@50 : 0.4284    precision@1 : 0.2098    precision@2 : 0.1862    precision@3 : 0.1643    precision@4 : 0.1478    precision@5 : 0.1334    precision@10 : 0.0974    precision@20 : 0.0647    precision@30 : 0.0496    precision@50 : 0.0341    map@1 : 0.2098    map@2 : 0.2132    map@3 : 0.2202    map@4 : 0.2275    map@5 : 0.2333    map@10 : 0.2563    map@20 : 0.2711    map@30 : 0.2771    map@50 : 0.2818
Sun 15 Mar 2026 16:19:08 INFO  Saving current: saved/LightGCN-Mar-15-2026_16-16-45.pth
Sun 15 Mar 2026 16:19:10 INFO  epoch 38 training [time: 2.21s, train loss: 72.0926]
Sun 15 Mar 2026 16:19:11 INFO  epoch 38 evaluating [time: 1.61s, valid_score: 0.348200]
Sun 15 Mar 2026 16:19:11 INFO  valid result: 
recall@1 : 0.1302    recall@2 : 0.2273    recall@3 : 0.2922    recall@4 : 0.3412    recall@5 : 0.3713    recall@10 : 0.5127    recall@20 : 0.6522    recall@30 : 0.73    recall@50 : 0.8092    ndcg@1 : 0.2139    ndcg@2 : 0.2449    ndcg@3 : 0.2675    ndcg@4 : 0.2858    ndcg@5 : 0.297    ndcg@10 : 0.3482    ndcg@20 : 0.3902    ndcg@30 : 0.411    ndcg@50 : 0.43    precision@1 : 0.2139    precision@2 : 0.1874    precision@3 : 0.1653    precision@4 : 0.1493    precision@5 : 0.1337    precision@10 : 0.0973    precision@20 : 0.0649    precision@30 : 0.0498    precision@50 : 0.0341    map@1 : 0.2139    map@2 : 0.215    map@3 : 0.2221    map@4 : 0.2297    map@5 : 0.2349    map@10 : 0.2577    map@20 : 0.2729    map@30 : 0.279    map@50 : 0.2836
Sun 15 Mar 2026 16:19:11 INFO  Saving current: saved/LightGCN-Mar-15-2026_16-16-45.pth
Sun 15 Mar 2026 16:19:13 INFO  epoch 39 training [time: 2.11s, train loss: 69.7206]
Sun 15 Mar 2026 16:19:15 INFO  epoch 39 evaluating [time: 1.62s, valid_score: 0.349100]
Sun 15 Mar 2026 16:19:15 INFO  valid result: 
recall@1 : 0.1295    recall@2 : 0.2301    recall@3 : 0.2908    recall@4 : 0.3412    recall@5 : 0.3743    recall@10 : 0.5144    recall@20 : 0.6563    recall@30 : 0.7284    recall@50 : 0.8095    ndcg@1 : 0.2139    ndcg@2 : 0.2469    ndcg@3 : 0.2669    ndcg@4 : 0.2865    ndcg@5 : 0.2986    ndcg@10 : 0.3491    ndcg@20 : 0.3917    ndcg@30 : 0.4112    ndcg@50 : 0.4306    precision@1 : 0.2139    precision@2 : 0.1895    precision@3 : 0.1647    precision@4 : 0.1503    precision@5 : 0.1348    precision@10 : 0.0977    precision@20 : 0.0653    precision@30 : 0.0498    precision@50 : 0.0341    map@1 : 0.2139    map@2 : 0.2163    map@3 : 0.2216    map@4 : 0.2299    map@5 : 0.2356    map@10 : 0.2581    map@20 : 0.2734    map@30 : 0.2793    map@50 : 0.284
Sun 15 Mar 2026 16:19:15 INFO  Saving current: saved/LightGCN-Mar-15-2026_16-16-45.pth
Sun 15 Mar 2026 16:19:17 INFO  epoch 40 training [time: 2.04s, train loss: 69.9974]
Sun 15 Mar 2026 16:19:19 INFO  epoch 40 evaluating [time: 1.61s, valid_score: 0.351000]
Sun 15 Mar 2026 16:19:19 INFO  valid result: 
recall@1 : 0.131    recall@2 : 0.2263    recall@3 : 0.2954    recall@4 : 0.3434    recall@5 : 0.3749    recall@10 : 0.5176    recall@20 : 0.6553    recall@30 : 0.7305    recall@50 : 0.812    ndcg@1 : 0.2163    ndcg@2 : 0.2453    ndcg@3 : 0.2699    ndcg@4 : 0.2877    ndcg@5 : 0.2994    ndcg@10 : 0.351    ndcg@20 : 0.3923    ndcg@30 : 0.4126    ndcg@50 : 0.4319    precision@1 : 0.2163    precision@2 : 0.188    precision@3 : 0.1677    precision@4 : 0.1508    precision@5 : 0.1352    precision@10 : 0.0983    precision@20 : 0.0651    precision@30 : 0.0499    precision@50 : 0.0341    map@1 : 0.2163    map@2 : 0.215    map@3 : 0.2237    map@4 : 0.2309    map@5 : 0.2362    map@10 : 0.2595    map@20 : 0.2743    map@30 : 0.2804    map@50 : 0.285
Sun 15 Mar 2026 16:19:19 INFO  Saving current: saved/LightGCN-Mar-15-2026_16-16-45.pth
Sun 15 Mar 2026 16:19:21 INFO  epoch 41 training [time: 2.16s, train loss: 68.1859]
Sun 15 Mar 2026 16:19:23 INFO  epoch 41 evaluating [time: 1.62s, valid_score: 0.351000]
Sun 15 Mar 2026 16:19:23 INFO  valid result: 
recall@1 : 0.1311    recall@2 : 0.2266    recall@3 : 0.2945    recall@4 : 0.3445    recall@5 : 0.3777    recall@10 : 0.5162    recall@20 : 0.6592    recall@30 : 0.7325    recall@50 : 0.8093    ndcg@1 : 0.2187    ndcg@2 : 0.2456    ndcg@3 : 0.2703    ndcg@4 : 0.2885    ndcg@5 : 0.301    ndcg@10 : 0.351    ndcg@20 : 0.3937    ndcg@30 : 0.4134    ndcg@50 : 0.4319    precision@1 : 0.2187    precision@2 : 0.1877    precision@3 : 0.1687    precision@4 : 0.1511    precision@5 : 0.1362    precision@10 : 0.0982    precision@20 : 0.0654    precision@30 : 0.0499    precision@50 : 0.0341    map@1 : 0.2187    map@2 : 0.2154    map@3 : 0.2242    map@4 : 0.2315    map@5 : 0.2373    map@10 : 0.2598    map@20 : 0.2749    map@30 : 0.2809    map@50 : 0.2853
Sun 15 Mar 2026 16:19:23 INFO  Saving current: saved/LightGCN-Mar-15-2026_16-16-45.pth
Sun 15 Mar 2026 16:19:24 INFO  epoch 42 training [time: 1.79s, train loss: 65.9881]
Sun 15 Mar 2026 16:19:26 INFO  epoch 42 evaluating [time: 1.62s, valid_score: 0.351400]
Sun 15 Mar 2026 16:19:26 INFO  valid result: 
recall@1 : 0.1323    recall@2 : 0.2287    recall@3 : 0.2929    recall@4 : 0.3499    recall@5 : 0.3836    recall@10 : 0.5142    recall@20 : 0.6582    recall@30 : 0.732    recall@50 : 0.8134    ndcg@1 : 0.2175    ndcg@2 : 0.2474    ndcg@3 : 0.2692    ndcg@4 : 0.2914    ndcg@5 : 0.304    ndcg@10 : 0.3514    ndcg@20 : 0.3946    ndcg@30 : 0.4143    ndcg@50 : 0.4337    precision@1 : 0.2175    precision@2 : 0.1895    precision@3 : 0.1667    precision@4 : 0.153    precision@5 : 0.1375    precision@10 : 0.098    precision@20 : 0.0656    precision@30 : 0.0499    precision@50 : 0.0342    map@1 : 0.2175    map@2 : 0.2174    map@3 : 0.224    map@4 : 0.2336    map@5 : 0.2396    map@10 : 0.2611    map@20 : 0.2765    map@30 : 0.2823    map@50 : 0.287
Sun 15 Mar 2026 16:19:26 INFO  Saving current: saved/LightGCN-Mar-15-2026_16-16-45.pth
Sun 15 Mar 2026 16:19:28 INFO  epoch 43 training [time: 1.83s, train loss: 66.6866]
Sun 15 Mar 2026 16:19:29 INFO  epoch 43 evaluating [time: 1.61s, valid_score: 0.353200]
Sun 15 Mar 2026 16:19:29 INFO  valid result: 
recall@1 : 0.1364    recall@2 : 0.2285    recall@3 : 0.2933    recall@4 : 0.3486    recall@5 : 0.3824    recall@10 : 0.5145    recall@20 : 0.6588    recall@30 : 0.7321    recall@50 : 0.8145    ndcg@1 : 0.2223    ndcg@2 : 0.249    ndcg@3 : 0.2711    ndcg@4 : 0.2925    ndcg@5 : 0.3051    ndcg@10 : 0.3532    ndcg@20 : 0.3964    ndcg@30 : 0.4161    ndcg@50 : 0.4355    precision@1 : 0.2223    precision@2 : 0.1898    precision@3 : 0.1669    precision@4 : 0.1526    precision@5 : 0.1369    precision@10 : 0.098    precision@20 : 0.0657    precision@30 : 0.05    precision@50 : 0.0342    map@1 : 0.2223    map@2 : 0.2192    map@3 : 0.2263    map@4 : 0.2357    map@5 : 0.2415    map@10 : 0.2633    map@20 : 0.2787    map@30 : 0.2846    map@50 : 0.2892
Sun 15 Mar 2026 16:19:29 INFO  Saving current: saved/LightGCN-Mar-15-2026_16-16-45.pth
Sun 15 Mar 2026 16:19:31 INFO  epoch 44 training [time: 2.01s, train loss: 64.1147]
Sun 15 Mar 2026 16:19:33 INFO  epoch 44 evaluating [time: 1.61s, valid_score: 0.353500]
Sun 15 Mar 2026 16:19:33 INFO  valid result: 
recall@1 : 0.136    recall@2 : 0.2278    recall@3 : 0.2952    recall@4 : 0.347    recall@5 : 0.382    recall@10 : 0.5164    recall@20 : 0.6574    recall@30 : 0.7361    recall@50 : 0.8174    ndcg@1 : 0.2205    ndcg@2 : 0.2485    ndcg@3 : 0.272    ndcg@4 : 0.2917    ndcg@5 : 0.3049    ndcg@10 : 0.3535    ndcg@20 : 0.3959    ndcg@30 : 0.4168    ndcg@50 : 0.4361    precision@1 : 0.2205    precision@2 : 0.1895    precision@3 : 0.1681    precision@4 : 0.1523    precision@5 : 0.1375    precision@10 : 0.0982    precision@20 : 0.0655    precision@30 : 0.0502    precision@50 : 0.0344    map@1 : 0.2205    map@2 : 0.2183    map@3 : 0.2267    map@4 : 0.2352    map@5 : 0.2412    map@10 : 0.2632    map@20 : 0.2784    map@30 : 0.2846    map@50 : 0.2892
Sun 15 Mar 2026 16:19:33 INFO  Saving current: saved/LightGCN-Mar-15-2026_16-16-45.pth
Sun 15 Mar 2026 16:19:35 INFO  epoch 45 training [time: 2.08s, train loss: 62.7863]
Sun 15 Mar 2026 16:19:37 INFO  epoch 45 evaluating [time: 1.61s, valid_score: 0.356100]
Sun 15 Mar 2026 16:19:37 INFO  valid result: 
recall@1 : 0.1378    recall@2 : 0.2354    recall@3 : 0.2966    recall@4 : 0.3463    recall@5 : 0.3844    recall@10 : 0.5181    recall@20 : 0.6594    recall@30 : 0.7328    recall@50 : 0.8175    ndcg@1 : 0.2229    ndcg@2 : 0.2547    ndcg@3 : 0.2742    ndcg@4 : 0.293    ndcg@5 : 0.3076    ndcg@10 : 0.3561    ndcg@20 : 0.3985    ndcg@30 : 0.4182    ndcg@50 : 0.4382    precision@1 : 0.2229    precision@2 : 0.1952    precision@3 : 0.1681    precision@4 : 0.1515    precision@5 : 0.138    precision@10 : 0.0986    precision@20 : 0.0658    precision@30 : 0.05    precision@50 : 0.0344    map@1 : 0.2229    map@2 : 0.2233    map@3 : 0.2293    map@4 : 0.2373    map@5 : 0.244    map@10 : 0.2658    map@20 : 0.2811    map@30 : 0.287    map@50 : 0.2918
Sun 15 Mar 2026 16:19:37 INFO  Saving current: saved/LightGCN-Mar-15-2026_16-16-45.pth
Sun 15 Mar 2026 16:19:39 INFO  epoch 46 training [time: 2.21s, train loss: 62.4946]
Sun 15 Mar 2026 16:19:41 INFO  epoch 46 evaluating [time: 1.62s, valid_score: 0.355100]
Sun 15 Mar 2026 16:19:41 INFO  valid result: 
recall@1 : 0.1376    recall@2 : 0.2369    recall@3 : 0.2958    recall@4 : 0.3448    recall@5 : 0.3835    recall@10 : 0.5147    recall@20 : 0.662    recall@30 : 0.7336    recall@50 : 0.8188    ndcg@1 : 0.2241    ndcg@2 : 0.2555    ndcg@3 : 0.2742    ndcg@4 : 0.2927    ndcg@5 : 0.3074    ndcg@10 : 0.3551    ndcg@20 : 0.3993    ndcg@30 : 0.4184    ndcg@50 : 0.4386    precision@1 : 0.2241    precision@2 : 0.1955    precision@3 : 0.1681    precision@4 : 0.1514    precision@5 : 0.1379    precision@10 : 0.0982    precision@20 : 0.0661    precision@30 : 0.05    precision@50 : 0.0344    map@1 : 0.2241    map@2 : 0.2235    map@3 : 0.2286    map@4 : 0.2369    map@5 : 0.2439    map@10 : 0.2653    map@20 : 0.2812    map@30 : 0.2868    map@50 : 0.2917
Sun 15 Mar 2026 16:19:43 INFO  epoch 47 training [time: 2.10s, train loss: 61.2462]
Sun 15 Mar 2026 16:19:44 INFO  epoch 47 evaluating [time: 1.60s, valid_score: 0.354600]
Sun 15 Mar 2026 16:19:44 INFO  valid result: 
recall@1 : 0.1378    recall@2 : 0.2318    recall@3 : 0.2966    recall@4 : 0.3438    recall@5 : 0.3832    recall@10 : 0.5146    recall@20 : 0.661    recall@30 : 0.7349    recall@50 : 0.8208    ndcg@1 : 0.2277    ndcg@2 : 0.2519    ndcg@3 : 0.2748    ndcg@4 : 0.292    ndcg@5 : 0.3071    ndcg@10 : 0.3546    ndcg@20 : 0.3985    ndcg@30 : 0.4182    ndcg@50 : 0.4386    precision@1 : 0.2277    precision@2 : 0.191    precision@3 : 0.1694    precision@4 : 0.1512    precision@5 : 0.1384    precision@10 : 0.0982    precision@20 : 0.0659    precision@30 : 0.0501    precision@50 : 0.0345    map@1 : 0.2277    map@2 : 0.2205    map@3 : 0.2288    map@4 : 0.2362    map@5 : 0.2431    map@10 : 0.2645    map@20 : 0.2802    map@30 : 0.2861    map@50 : 0.291
Sun 15 Mar 2026 16:19:46 INFO  epoch 48 training [time: 2.17s, train loss: 59.7622]
Sun 15 Mar 2026 16:19:48 INFO  epoch 48 evaluating [time: 1.61s, valid_score: 0.355000]
Sun 15 Mar 2026 16:19:48 INFO  valid result: 
recall@1 : 0.1376    recall@2 : 0.2333    recall@3 : 0.3025    recall@4 : 0.3461    recall@5 : 0.3805    recall@10 : 0.5142    recall@20 : 0.6614    recall@30 : 0.7341    recall@50 : 0.8205    ndcg@1 : 0.2265    ndcg@2 : 0.2533    ndcg@3 : 0.2776    ndcg@4 : 0.2938    ndcg@5 : 0.3065    ndcg@10 : 0.355    ndcg@20 : 0.3992    ndcg@30 : 0.4186    ndcg@50 : 0.4392    precision@1 : 0.2265    precision@2 : 0.1928    precision@3 : 0.1708    precision@4 : 0.1524    precision@5 : 0.1372    precision@10 : 0.098    precision@20 : 0.0658    precision@30 : 0.05    precision@50 : 0.0345    map@1 : 0.2265    map@2 : 0.222    map@3 : 0.2307    map@4 : 0.238    map@5 : 0.2436    map@10 : 0.2654    map@20 : 0.2812    map@30 : 0.287    map@50 : 0.2919
Sun 15 Mar 2026 16:19:50 INFO  epoch 49 training [time: 2.03s, train loss: 59.3762]
Sun 15 Mar 2026 16:19:52 INFO  epoch 49 evaluating [time: 1.61s, valid_score: 0.358200]
Sun 15 Mar 2026 16:19:52 INFO  valid result: 
recall@1 : 0.1407    recall@2 : 0.2345    recall@3 : 0.3009    recall@4 : 0.3461    recall@5 : 0.3873    recall@10 : 0.5182    recall@20 : 0.661    recall@30 : 0.7361    recall@50 : 0.8209    ndcg@1 : 0.2294    ndcg@2 : 0.2557    ndcg@3 : 0.2785    ndcg@4 : 0.2949    ndcg@5 : 0.3106    ndcg@10 : 0.3582    ndcg@20 : 0.4011    ndcg@30 : 0.4211    ndcg@50 : 0.4412    precision@1 : 0.2294    precision@2 : 0.1943    precision@3 : 0.1714    precision@4 : 0.1521    precision@5 : 0.1391    precision@10 : 0.0989    precision@20 : 0.0659    precision@30 : 0.0502    precision@50 : 0.0346    map@1 : 0.2294    map@2 : 0.2239    map@3 : 0.2321    map@4 : 0.2391    map@5 : 0.2465    map@10 : 0.2681    map@20 : 0.2834    map@30 : 0.2893    map@50 : 0.2942
Sun 15 Mar 2026 16:19:52 INFO  Saving current: saved/LightGCN-Mar-15-2026_16-16-45.pth
Sun 15 Mar 2026 16:19:54 INFO  epoch 50 training [time: 2.16s, train loss: 58.3300]
Sun 15 Mar 2026 16:19:55 INFO  epoch 50 evaluating [time: 1.60s, valid_score: 0.359900]
Sun 15 Mar 2026 16:19:55 INFO  valid result: 
recall@1 : 0.1423    recall@2 : 0.2363    recall@3 : 0.3002    recall@4 : 0.3469    recall@5 : 0.3872    recall@10 : 0.5207    recall@20 : 0.6626    recall@30 : 0.7373    recall@50 : 0.8207    ndcg@1 : 0.2324    ndcg@2 : 0.2588    ndcg@3 : 0.2797    ndcg@4 : 0.2964    ndcg@5 : 0.3118    ndcg@10 : 0.3599    ndcg@20 : 0.4027    ndcg@30 : 0.4224    ndcg@50 : 0.4423    precision@1 : 0.2324    precision@2 : 0.197    precision@3 : 0.1716    precision@4 : 0.1526    precision@5 : 0.1395    precision@10 : 0.0993    precision@20 : 0.0662    precision@30 : 0.0503    precision@50 : 0.0346    map@1 : 0.2324    map@2 : 0.2277    map@3 : 0.234    map@4 : 0.2408    map@5 : 0.2481    map@10 : 0.2696    map@20 : 0.285    map@30 : 0.2908    map@50 : 0.2957
Sun 15 Mar 2026 16:19:55 INFO  Saving current: saved/LightGCN-Mar-15-2026_16-16-45.pth
Sun 15 Mar 2026 16:19:58 INFO  epoch 51 training [time: 2.22s, train loss: 56.5757]
Sun 15 Mar 2026 16:19:59 INFO  epoch 51 evaluating [time: 1.60s, valid_score: 0.359200]
Sun 15 Mar 2026 16:19:59 INFO  valid result: 
recall@1 : 0.1403    recall@2 : 0.2352    recall@3 : 0.3008    recall@4 : 0.3476    recall@5 : 0.3889    recall@10 : 0.5215    recall@20 : 0.6602    recall@30 : 0.7393    recall@50 : 0.82    ndcg@1 : 0.2294    ndcg@2 : 0.2581    ndcg@3 : 0.2793    ndcg@4 : 0.2959    ndcg@5 : 0.3113    ndcg@10 : 0.3592    ndcg@20 : 0.4012    ndcg@30 : 0.4218    ndcg@50 : 0.4413    precision@1 : 0.2294    precision@2 : 0.1976    precision@3 : 0.1718    precision@4 : 0.1529    precision@5 : 0.1393    precision@10 : 0.0993    precision@20 : 0.066    precision@30 : 0.0503    precision@50 : 0.0345    map@1 : 0.2294    map@2 : 0.2268    map@3 : 0.2337    map@4 : 0.2401    map@5 : 0.2472    map@10 : 0.2686    map@20 : 0.2838    map@30 : 0.2898    map@50 : 0.2946
Sun 15 Mar 2026 16:20:01 INFO  epoch 52 training [time: 2.19s, train loss: 56.2428]
Sun 15 Mar 2026 16:20:03 INFO  epoch 52 evaluating [time: 1.60s, valid_score: 0.360400]
Sun 15 Mar 2026 16:20:03 INFO  valid result: 
recall@1 : 0.1416    recall@2 : 0.2368    recall@3 : 0.305    recall@4 : 0.3504    recall@5 : 0.3887    recall@10 : 0.5214    recall@20 : 0.6629    recall@30 : 0.7405    recall@50 : 0.818    ndcg@1 : 0.2306    ndcg@2 : 0.2598    ndcg@3 : 0.2822    ndcg@4 : 0.2982    ndcg@5 : 0.3128    ndcg@10 : 0.3604    ndcg@20 : 0.4029    ndcg@30 : 0.4234    ndcg@50 : 0.4423    precision@1 : 0.2306    precision@2 : 0.1993    precision@3 : 0.1738    precision@4 : 0.1536    precision@5 : 0.14    precision@10 : 0.0996    precision@20 : 0.066    precision@30 : 0.0504    precision@50 : 0.0345    map@1 : 0.2306    map@2 : 0.2284    map@3 : 0.2361    map@4 : 0.2421    map@5 : 0.249    map@10 : 0.2701    map@20 : 0.2854    map@30 : 0.2914    map@50 : 0.2961
Sun 15 Mar 2026 16:20:03 INFO  Saving current: saved/LightGCN-Mar-15-2026_16-16-45.pth
Sun 15 Mar 2026 16:20:05 INFO  epoch 53 training [time: 1.82s, train loss: 56.1810]
Sun 15 Mar 2026 16:20:07 INFO  epoch 53 evaluating [time: 1.60s, valid_score: 0.358900]
Sun 15 Mar 2026 16:20:07 INFO  valid result: 
recall@1 : 0.1382    recall@2 : 0.2351    recall@3 : 0.3039    recall@4 : 0.3497    recall@5 : 0.3821    recall@10 : 0.5238    recall@20 : 0.6628    recall@30 : 0.7377    recall@50 : 0.8182    ndcg@1 : 0.2265    ndcg@2 : 0.2572    ndcg@3 : 0.28    ndcg@4 : 0.2966    ndcg@5 : 0.3083    ndcg@10 : 0.3589    ndcg@20 : 0.4009    ndcg@30 : 0.4208    ndcg@50 : 0.4403    precision@1 : 0.2265    precision@2 : 0.1982    precision@3 : 0.1732    precision@4 : 0.1541    precision@5 : 0.138    precision@10 : 0.0992    precision@20 : 0.066    precision@30 : 0.0502    precision@50 : 0.0345    map@1 : 0.2265    map@2 : 0.226    map@3 : 0.2336    map@4 : 0.2401    map@5 : 0.2454    map@10 : 0.2676    map@20 : 0.283    map@30 : 0.2889    map@50 : 0.2937
Sun 15 Mar 2026 16:20:08 INFO  epoch 54 training [time: 1.82s, train loss: 54.3842]
Sun 15 Mar 2026 16:20:10 INFO  epoch 54 evaluating [time: 1.60s, valid_score: 0.360600]
Sun 15 Mar 2026 16:20:10 INFO  valid result: 
recall@1 : 0.1424    recall@2 : 0.2379    recall@3 : 0.3008    recall@4 : 0.3469    recall@5 : 0.3811    recall@10 : 0.523    recall@20 : 0.6649    recall@30 : 0.7391    recall@50 : 0.8169    ndcg@1 : 0.2324    ndcg@2 : 0.2613    ndcg@3 : 0.2811    ndcg@4 : 0.2972    ndcg@5 : 0.3101    ndcg@10 : 0.3606    ndcg@20 : 0.4036    ndcg@30 : 0.4231    ndcg@50 : 0.442    precision@1 : 0.2324    precision@2 : 0.2011    precision@3 : 0.1736    precision@4 : 0.1533    precision@5 : 0.1389    precision@10 : 0.0992    precision@20 : 0.0663    precision@30 : 0.0503    precision@50 : 0.0345    map@1 : 0.2324    map@2 : 0.2299    map@3 : 0.2353    map@4 : 0.2416    map@5 : 0.2476    map@10 : 0.2699    map@20 : 0.2856    map@30 : 0.2914    map@50 : 0.296
Sun 15 Mar 2026 16:20:10 INFO  Saving current: saved/LightGCN-Mar-15-2026_16-16-45.pth
Sun 15 Mar 2026 16:20:12 INFO  epoch 55 training [time: 1.98s, train loss: 52.8194]
Sun 15 Mar 2026 16:20:14 INFO  epoch 55 evaluating [time: 1.60s, valid_score: 0.359600]
Sun 15 Mar 2026 16:20:14 INFO  valid result: 
recall@1 : 0.1411    recall@2 : 0.2364    recall@3 : 0.2975    recall@4 : 0.3462    recall@5 : 0.3824    recall@10 : 0.5231    recall@20 : 0.664    recall@30 : 0.7396    recall@50 : 0.8179    ndcg@1 : 0.2282    ndcg@2 : 0.2599    ndcg@3 : 0.278    ndcg@4 : 0.2956    ndcg@5 : 0.3093    ndcg@10 : 0.3596    ndcg@20 : 0.4021    ndcg@30 : 0.4219    ndcg@50 : 0.4411    precision@1 : 0.2282    precision@2 : 0.2008    precision@3 : 0.1712    precision@4 : 0.1527    precision@5 : 0.1389    precision@10 : 0.0996    precision@20 : 0.0662    precision@30 : 0.0503    precision@50 : 0.0345    map@1 : 0.2282    map@2 : 0.2284    map@3 : 0.2328    map@4 : 0.2401    map@5 : 0.2465    map@10 : 0.2687    map@20 : 0.2842    map@30 : 0.29    map@50 : 0.2948
Sun 15 Mar 2026 16:20:16 INFO  epoch 56 training [time: 2.21s, train loss: 52.5356]
Sun 15 Mar 2026 16:20:17 INFO  epoch 56 evaluating [time: 1.60s, valid_score: 0.360900]
Sun 15 Mar 2026 16:20:17 INFO  valid result: 
recall@1 : 0.1423    recall@2 : 0.2384    recall@3 : 0.3034    recall@4 : 0.3458    recall@5 : 0.3881    recall@10 : 0.523    recall@20 : 0.6633    recall@30 : 0.7357    recall@50 : 0.8175    ndcg@1 : 0.2306    ndcg@2 : 0.2618    ndcg@3 : 0.2821    ndcg@4 : 0.2971    ndcg@5 : 0.3133    ndcg@10 : 0.3609    ndcg@20 : 0.4032    ndcg@30 : 0.4222    ndcg@50 : 0.4421    precision@1 : 0.2306    precision@2 : 0.202    precision@3 : 0.1742    precision@4 : 0.1536    precision@5 : 0.141    precision@10 : 0.0995    precision@20 : 0.0662    precision@30 : 0.05    precision@50 : 0.0345    map@1 : 0.2306    map@2 : 0.23    map@3 : 0.2359    map@4 : 0.2419    map@5 : 0.2498    map@10 : 0.2704    map@20 : 0.2857    map@30 : 0.2913    map@50 : 0.2963
Sun 15 Mar 2026 16:20:17 INFO  Saving current: saved/LightGCN-Mar-15-2026_16-16-45.pth
Sun 15 Mar 2026 16:20:20 INFO  epoch 57 training [time: 2.20s, train loss: 51.8591]
Sun 15 Mar 2026 16:20:21 INFO  epoch 57 evaluating [time: 1.60s, valid_score: 0.361700]
Sun 15 Mar 2026 16:20:21 INFO  valid result: 
recall@1 : 0.1419    recall@2 : 0.2357    recall@3 : 0.3061    recall@4 : 0.346    recall@5 : 0.3868    recall@10 : 0.5267    recall@20 : 0.6639    recall@30 : 0.7401    recall@50 : 0.8191    ndcg@1 : 0.23    ndcg@2 : 0.2594    ndcg@3 : 0.2829    ndcg@4 : 0.2967    ndcg@5 : 0.312    ndcg@10 : 0.3617    ndcg@20 : 0.4028    ndcg@30 : 0.4228    ndcg@50 : 0.4422    precision@1 : 0.23    precision@2 : 0.1996    precision@3 : 0.175    precision@4 : 0.1532    precision@5 : 0.1399    precision@10 : 0.1002    precision@20 : 0.0661    precision@30 : 0.0503    precision@50 : 0.0346    map@1 : 0.23    map@2 : 0.2278    map@3 : 0.2364    map@4 : 0.2413    map@5 : 0.2484    map@10 : 0.2703    map@20 : 0.2851    map@30 : 0.2909    map@50 : 0.2958
Sun 15 Mar 2026 16:20:21 INFO  Saving current: saved/LightGCN-Mar-15-2026_16-16-45.pth
Sun 15 Mar 2026 16:20:23 INFO  epoch 58 training [time: 1.86s, train loss: 50.5768]
Sun 15 Mar 2026 16:20:25 INFO  epoch 58 evaluating [time: 1.61s, valid_score: 0.359100]
Sun 15 Mar 2026 16:20:25 INFO  valid result: 
recall@1 : 0.1415    recall@2 : 0.2353    recall@3 : 0.3028    recall@4 : 0.3461    recall@5 : 0.3847    recall@10 : 0.5201    recall@20 : 0.6627    recall@30 : 0.7395    recall@50 : 0.8206    ndcg@1 : 0.2294    ndcg@2 : 0.2585    ndcg@3 : 0.2809    ndcg@4 : 0.2962    ndcg@5 : 0.3109    ndcg@10 : 0.3591    ndcg@20 : 0.4019    ndcg@30 : 0.422    ndcg@50 : 0.4418    precision@1 : 0.2294    precision@2 : 0.1982    precision@3 : 0.1734    precision@4 : 0.1532    precision@5 : 0.1399    precision@10 : 0.0995    precision@20 : 0.066    precision@30 : 0.0503    precision@50 : 0.0346    map@1 : 0.2294    map@2 : 0.2271    map@3 : 0.2347    map@4 : 0.2407    map@5 : 0.2474    map@10 : 0.2689    map@20 : 0.2842    map@30 : 0.2901    map@50 : 0.295
Sun 15 Mar 2026 16:20:27 INFO  epoch 59 training [time: 1.90s, train loss: 49.3899]
Sun 15 Mar 2026 16:20:28 INFO  epoch 59 evaluating [time: 1.60s, valid_score: 0.357600]
Sun 15 Mar 2026 16:20:28 INFO  valid result: 
recall@1 : 0.1371    recall@2 : 0.2349    recall@3 : 0.3047    recall@4 : 0.3467    recall@5 : 0.3839    recall@10 : 0.5206    recall@20 : 0.6614    recall@30 : 0.7383    recall@50 : 0.8216    ndcg@1 : 0.2235    ndcg@2 : 0.2556    ndcg@3 : 0.2805    ndcg@4 : 0.2953    ndcg@5 : 0.3089    ndcg@10 : 0.3576    ndcg@20 : 0.3996    ndcg@30 : 0.4199    ndcg@50 : 0.4401    precision@1 : 0.2235    precision@2 : 0.1967    precision@3 : 0.1754    precision@4 : 0.1544    precision@5 : 0.1397    precision@10 : 0.1    precision@20 : 0.0659    precision@30 : 0.0502    precision@50 : 0.0347    map@1 : 0.2235    map@2 : 0.2239    map@3 : 0.2334    map@4 : 0.2393    map@5 : 0.2453    map@10 : 0.2669    map@20 : 0.2819    map@30 : 0.2878    map@50 : 0.2928
Sun 15 Mar 2026 16:20:30 INFO  epoch 60 training [time: 1.99s, train loss: 49.6138]
Sun 15 Mar 2026 16:20:32 INFO  epoch 60 evaluating [time: 1.61s, valid_score: 0.357000]
Sun 15 Mar 2026 16:20:32 INFO  valid result: 
recall@1 : 0.1396    recall@2 : 0.232    recall@3 : 0.3017    recall@4 : 0.3455    recall@5 : 0.3841    recall@10 : 0.518    recall@20 : 0.6605    recall@30 : 0.7374    recall@50 : 0.8232    ndcg@1 : 0.2288    ndcg@2 : 0.2552    ndcg@3 : 0.2791    ndcg@4 : 0.295    ndcg@5 : 0.3094    ndcg@10 : 0.357    ndcg@20 : 0.3998    ndcg@30 : 0.42    ndcg@50 : 0.4407    precision@1 : 0.2288    precision@2 : 0.1955    precision@3 : 0.1726    precision@4 : 0.1535    precision@5 : 0.1396    precision@10 : 0.0992    precision@20 : 0.0659    precision@30 : 0.0502    precision@50 : 0.0347    map@1 : 0.2288    map@2 : 0.2247    map@3 : 0.2331    map@4 : 0.2391    map@5 : 0.2458    map@10 : 0.267    map@20 : 0.2823    map@30 : 0.2881    map@50 : 0.2932
Sun 15 Mar 2026 16:20:34 INFO  epoch 61 training [time: 2.17s, train loss: 48.6238]
Sun 15 Mar 2026 16:20:35 INFO  epoch 61 evaluating [time: 1.60s, valid_score: 0.358100]
Sun 15 Mar 2026 16:20:35 INFO  valid result: 
recall@1 : 0.1421    recall@2 : 0.2347    recall@3 : 0.3002    recall@4 : 0.3459    recall@5 : 0.3821    recall@10 : 0.5172    recall@20 : 0.6623    recall@30 : 0.7364    recall@50 : 0.8227    ndcg@1 : 0.2312    ndcg@2 : 0.2573    ndcg@3 : 0.2792    ndcg@4 : 0.2964    ndcg@5 : 0.3098    ndcg@10 : 0.3581    ndcg@20 : 0.4012    ndcg@30 : 0.4208    ndcg@50 : 0.4416    precision@1 : 0.2312    precision@2 : 0.1958    precision@3 : 0.1712    precision@4 : 0.1538    precision@5 : 0.1392    precision@10 : 0.0995    precision@20 : 0.0659    precision@30 : 0.0501    precision@50 : 0.0347    map@1 : 0.2312    map@2 : 0.2266    map@3 : 0.2337    map@4 : 0.2411    map@5 : 0.2472    map@10 : 0.2686    map@20 : 0.2838    map@30 : 0.2896    map@50 : 0.2947
Sun 15 Mar 2026 16:20:38 INFO  epoch 62 training [time: 2.20s, train loss: 48.4188]
Sun 15 Mar 2026 16:20:39 INFO  epoch 62 evaluating [time: 1.60s, valid_score: 0.356500]
Sun 15 Mar 2026 16:20:39 INFO  valid result: 
recall@1 : 0.1394    recall@2 : 0.2352    recall@3 : 0.2988    recall@4 : 0.3459    recall@5 : 0.382    recall@10 : 0.5167    recall@20 : 0.6615    recall@30 : 0.7381    recall@50 : 0.8229    ndcg@1 : 0.2271    ndcg@2 : 0.2572    ndcg@3 : 0.2774    ndcg@4 : 0.295    ndcg@5 : 0.3084    ndcg@10 : 0.3565    ndcg@20 : 0.3998    ndcg@30 : 0.4201    ndcg@50 : 0.4406    precision@1 : 0.2271    precision@2 : 0.1973    precision@3 : 0.1704    precision@4 : 0.1532    precision@5 : 0.1387    precision@10 : 0.099    precision@20 : 0.0659    precision@30 : 0.0503    precision@50 : 0.0347    map@1 : 0.2271    map@2 : 0.226    map@3 : 0.2317    map@4 : 0.2394    map@5 : 0.2455    map@10 : 0.2669    map@20 : 0.2823    map@30 : 0.2882    map@50 : 0.2932
Sun 15 Mar 2026 16:20:42 INFO  epoch 63 training [time: 2.21s, train loss: 46.7631]
Sun 15 Mar 2026 16:20:43 INFO  epoch 63 evaluating [time: 1.61s, valid_score: 0.357500]
Sun 15 Mar 2026 16:20:43 INFO  valid result: 
recall@1 : 0.1412    recall@2 : 0.2374    recall@3 : 0.3003    recall@4 : 0.3454    recall@5 : 0.38    recall@10 : 0.5166    recall@20 : 0.6614    recall@30 : 0.7388    recall@50 : 0.8225    ndcg@1 : 0.2282    ndcg@2 : 0.2583    ndcg@3 : 0.2792    ndcg@4 : 0.2956    ndcg@5 : 0.3084    ndcg@10 : 0.3575    ndcg@20 : 0.4007    ndcg@30 : 0.4213    ndcg@50 : 0.4415    precision@1 : 0.2282    precision@2 : 0.1973    precision@3 : 0.1718    precision@4 : 0.1529    precision@5 : 0.1379    precision@10 : 0.099    precision@20 : 0.0659    precision@30 : 0.0504    precision@50 : 0.0347    map@1 : 0.2282    map@2 : 0.2274    map@3 : 0.2336    map@4 : 0.2405    map@5 : 0.2461    map@10 : 0.2681    map@20 : 0.2836    map@30 : 0.2897    map@50 : 0.2946
Sun 15 Mar 2026 16:20:45 INFO  epoch 64 training [time: 2.01s, train loss: 45.5922]
Sun 15 Mar 2026 16:20:47 INFO  epoch 64 evaluating [time: 1.60s, valid_score: 0.354200]
Sun 15 Mar 2026 16:20:47 INFO  valid result: 
recall@1 : 0.1379    recall@2 : 0.2339    recall@3 : 0.2972    recall@4 : 0.3433    recall@5 : 0.3786    recall@10 : 0.5122    recall@20 : 0.6602    recall@30 : 0.7384    recall@50 : 0.8237    ndcg@1 : 0.2277    ndcg@2 : 0.2562    ndcg@3 : 0.2762    ndcg@4 : 0.2932    ndcg@5 : 0.306    ndcg@10 : 0.3542    ndcg@20 : 0.3984    ndcg@30 : 0.419    ndcg@50 : 0.4395    precision@1 : 0.2277    precision@2 : 0.1967    precision@3 : 0.1702    precision@4 : 0.1524    precision@5 : 0.1373    precision@10 : 0.0983    precision@20 : 0.0659    precision@30 : 0.0502    precision@50 : 0.0347    map@1 : 0.2277    map@2 : 0.2248    map@3 : 0.23    map@4 : 0.2375    map@5 : 0.2432    map@10 : 0.2647    map@20 : 0.2804    map@30 : 0.2864    map@50 : 0.2914
Sun 15 Mar 2026 16:20:49 INFO  epoch 65 training [time: 1.93s, train loss: 45.6524]
Sun 15 Mar 2026 16:20:50 INFO  epoch 65 evaluating [time: 1.60s, valid_score: 0.352600]
Sun 15 Mar 2026 16:20:50 INFO  valid result: 
recall@1 : 0.1358    recall@2 : 0.2347    recall@3 : 0.3009    recall@4 : 0.3415    recall@5 : 0.3774    recall@10 : 0.5102    recall@20 : 0.6577    recall@30 : 0.7403    recall@50 : 0.8236    ndcg@1 : 0.2241    ndcg@2 : 0.2553    ndcg@3 : 0.2769    ndcg@4 : 0.2917    ndcg@5 : 0.3047    ndcg@10 : 0.3526    ndcg@20 : 0.3967    ndcg@30 : 0.4184    ndcg@50 : 0.4384    precision@1 : 0.2241    precision@2 : 0.1964    precision@3 : 0.171    precision@4 : 0.1518    precision@5 : 0.1368    precision@10 : 0.098    precision@20 : 0.0656    precision@30 : 0.0504    precision@50 : 0.0347    map@1 : 0.2241    map@2 : 0.2239    map@3 : 0.2302    map@4 : 0.2361    map@5 : 0.242    map@10 : 0.2635    map@20 : 0.2792    map@30 : 0.2855    map@50 : 0.2903
Sun 15 Mar 2026 16:20:52 INFO  epoch 66 training [time: 2.21s, train loss: 44.6371]
Sun 15 Mar 2026 16:20:54 INFO  epoch 66 evaluating [time: 1.60s, valid_score: 0.353500]
Sun 15 Mar 2026 16:20:54 INFO  valid result: 
recall@1 : 0.1375    recall@2 : 0.2356    recall@3 : 0.3003    recall@4 : 0.3398    recall@5 : 0.3792    recall@10 : 0.51    recall@20 : 0.6597    recall@30 : 0.7384    recall@50 : 0.8235    ndcg@1 : 0.2253    ndcg@2 : 0.2554    ndcg@3 : 0.2774    ndcg@4 : 0.2911    ndcg@5 : 0.306    ndcg@10 : 0.3535    ndcg@20 : 0.3982    ndcg@30 : 0.4188    ndcg@50 : 0.4393    precision@1 : 0.2253    precision@2 : 0.1955    precision@3 : 0.1714    precision@4 : 0.1506    precision@5 : 0.1374    precision@10 : 0.0981    precision@20 : 0.0659    precision@30 : 0.0502    precision@50 : 0.0347    map@1 : 0.2253    map@2 : 0.2241    map@3 : 0.2309    map@4 : 0.2361    map@5 : 0.2432    map@10 : 0.2646    map@20 : 0.2805    map@30 : 0.2864    map@50 : 0.2914
Sun 15 Mar 2026 16:20:56 INFO  epoch 67 training [time: 2.21s, train loss: 44.0096]
Sun 15 Mar 2026 16:20:58 INFO  epoch 67 evaluating [time: 1.60s, valid_score: 0.351700]
Sun 15 Mar 2026 16:20:58 INFO  valid result: 
recall@1 : 0.1369    recall@2 : 0.2341    recall@3 : 0.2992    recall@4 : 0.3407    recall@5 : 0.3789    recall@10 : 0.5072    recall@20 : 0.6597    recall@30 : 0.7367    recall@50 : 0.8204    ndcg@1 : 0.2235    ndcg@2 : 0.2551    ndcg@3 : 0.2767    ndcg@4 : 0.2911    ndcg@5 : 0.3054    ndcg@10 : 0.3517    ndcg@20 : 0.3972    ndcg@30 : 0.4176    ndcg@50 : 0.4378    precision@1 : 0.2235    precision@2 : 0.1967    precision@3 : 0.1716    precision@4 : 0.1508    precision@5 : 0.1372    precision@10 : 0.0973    precision@20 : 0.0658    precision@30 : 0.0501    precision@50 : 0.0346    map@1 : 0.2235    map@2 : 0.2239    map@3 : 0.2303    map@4 : 0.2359    map@5 : 0.2425    map@10 : 0.2636    map@20 : 0.2796    map@30 : 0.2854    map@50 : 0.2904
Sun 15 Mar 2026 16:21:00 INFO  epoch 68 training [time: 2.10s, train loss: 42.7561]
Sun 15 Mar 2026 16:21:02 INFO  epoch 68 evaluating [time: 1.61s, valid_score: 0.353000]
Sun 15 Mar 2026 16:21:02 INFO  valid result: 
recall@1 : 0.1384    recall@2 : 0.2363    recall@3 : 0.298    recall@4 : 0.3411    recall@5 : 0.3756    recall@10 : 0.5086    recall@20 : 0.6598    recall@30 : 0.7377    recall@50 : 0.8222    ndcg@1 : 0.2253    ndcg@2 : 0.2563    ndcg@3 : 0.2773    ndcg@4 : 0.2922    ndcg@5 : 0.3049    ndcg@10 : 0.353    ndcg@20 : 0.3983    ndcg@30 : 0.4189    ndcg@50 : 0.4392    precision@1 : 0.2253    precision@2 : 0.1964    precision@3 : 0.1718    precision@4 : 0.1511    precision@5 : 0.1365    precision@10 : 0.0974    precision@20 : 0.0658    precision@30 : 0.0502    precision@50 : 0.0346    map@1 : 0.2253    map@2 : 0.2257    map@3 : 0.2315    map@4 : 0.2372    map@5 : 0.243    map@10 : 0.265    map@20 : 0.281    map@30 : 0.287    map@50 : 0.2919
Sun 15 Mar 2026 16:21:04 INFO  epoch 69 training [time: 2.04s, train loss: 42.5613]
Sun 15 Mar 2026 16:21:05 INFO  epoch 69 evaluating [time: 1.60s, valid_score: 0.352700]
Sun 15 Mar 2026 16:21:05 INFO  valid result: 
recall@1 : 0.137    recall@2 : 0.2342    recall@3 : 0.2969    recall@4 : 0.3403    recall@5 : 0.3764    recall@10 : 0.5112    recall@20 : 0.6559    recall@30 : 0.7359    recall@50 : 0.8205    ndcg@1 : 0.2223    ndcg@2 : 0.2538    ndcg@3 : 0.2753    ndcg@4 : 0.2906    ndcg@5 : 0.304    ndcg@10 : 0.3527    ndcg@20 : 0.396    ndcg@30 : 0.4173    ndcg@50 : 0.4376    precision@1 : 0.2223    precision@2 : 0.1946    precision@3 : 0.1708    precision@4 : 0.1508    precision@5 : 0.1366    precision@10 : 0.0977    precision@20 : 0.0653    precision@30 : 0.0502    precision@50 : 0.0346    map@1 : 0.2223    map@2 : 0.2233    map@3 : 0.2297    map@4 : 0.2357    map@5 : 0.2419    map@10 : 0.264    map@20 : 0.2793    map@30 : 0.2856    map@50 : 0.2904
Sun 15 Mar 2026 16:21:07 INFO  epoch 70 training [time: 1.74s, train loss: 42.9828]
Sun 15 Mar 2026 16:21:09 INFO  epoch 70 evaluating [time: 1.60s, valid_score: 0.350700]
Sun 15 Mar 2026 16:21:09 INFO  valid result: 
recall@1 : 0.1348    recall@2 : 0.2326    recall@3 : 0.2928    recall@4 : 0.3383    recall@5 : 0.3714    recall@10 : 0.5122    recall@20 : 0.6541    recall@30 : 0.7342    recall@50 : 0.8204    ndcg@1 : 0.2199    ndcg@2 : 0.2521    ndcg@3 : 0.2719    ndcg@4 : 0.2878    ndcg@5 : 0.3001    ndcg@10 : 0.3507    ndcg@20 : 0.3933    ndcg@30 : 0.4147    ndcg@50 : 0.4354    precision@1 : 0.2199    precision@2 : 0.194    precision@3 : 0.1685    precision@4 : 0.149    precision@5 : 0.1344    precision@10 : 0.0971    precision@20 : 0.0649    precision@30 : 0.05    precision@50 : 0.0346    map@1 : 0.2199    map@2 : 0.2212    map@3 : 0.2267    map@4 : 0.233    map@5 : 0.2384    map@10 : 0.2612    map@20 : 0.2764    map@30 : 0.2827    map@50 : 0.2876
Sun 15 Mar 2026 16:21:10 INFO  epoch 71 training [time: 1.82s, train loss: 42.2541]
Sun 15 Mar 2026 16:21:12 INFO  epoch 71 evaluating [time: 1.60s, valid_score: 0.352000]
Sun 15 Mar 2026 16:21:12 INFO  valid result: 
recall@1 : 0.1379    recall@2 : 0.2322    recall@3 : 0.2901    recall@4 : 0.3356    recall@5 : 0.3735    recall@10 : 0.5133    recall@20 : 0.6553    recall@30 : 0.7353    recall@50 : 0.8202    ndcg@1 : 0.2247    ndcg@2 : 0.2528    ndcg@3 : 0.2715    ndcg@4 : 0.2878    ndcg@5 : 0.3019    ndcg@10 : 0.352    ndcg@20 : 0.3946    ndcg@30 : 0.4159    ndcg@50 : 0.4364    precision@1 : 0.2247    precision@2 : 0.1931    precision@3 : 0.1669    precision@4 : 0.1484    precision@5 : 0.135    precision@10 : 0.0973    precision@20 : 0.065    precision@30 : 0.05    precision@50 : 0.0346    map@1 : 0.2247    map@2 : 0.2223    map@3 : 0.2268    map@4 : 0.2334    map@5 : 0.2399    map@10 : 0.2626    map@20 : 0.2776    map@30 : 0.2839    map@50 : 0.2888
Sun 15 Mar 2026 16:21:14 INFO  epoch 72 training [time: 2.13s, train loss: 40.5015]
Sun 15 Mar 2026 16:21:16 INFO  epoch 72 evaluating [time: 1.61s, valid_score: 0.350700]
Sun 15 Mar 2026 16:21:16 INFO  valid result: 
recall@1 : 0.1364    recall@2 : 0.229    recall@3 : 0.2949    recall@4 : 0.3344    recall@5 : 0.3747    recall@10 : 0.5123    recall@20 : 0.6542    recall@30 : 0.7349    recall@50 : 0.8196    ndcg@1 : 0.2211    ndcg@2 : 0.2496    ndcg@3 : 0.2729    ndcg@4 : 0.286    ndcg@5 : 0.3014    ndcg@10 : 0.3507    ndcg@20 : 0.3933    ndcg@30 : 0.4148    ndcg@50 : 0.4353    precision@1 : 0.2211    precision@2 : 0.191    precision@3 : 0.1691    precision@4 : 0.1472    precision@5 : 0.1352    precision@10 : 0.0971    precision@20 : 0.0649    precision@30 : 0.05    precision@50 : 0.0346    map@1 : 0.2211    map@2 : 0.2193    map@3 : 0.2272    map@4 : 0.2318    map@5 : 0.2391    map@10 : 0.2613    map@20 : 0.2764    map@30 : 0.2827    map@50 : 0.2876
Sun 15 Mar 2026 16:21:18 INFO  epoch 73 training [time: 2.22s, train loss: 40.2943]
Sun 15 Mar 2026 16:21:20 INFO  epoch 73 evaluating [time: 1.61s, valid_score: 0.351500]
Sun 15 Mar 2026 16:21:20 INFO  valid result: 
recall@1 : 0.1405    recall@2 : 0.2279    recall@3 : 0.2923    recall@4 : 0.3333    recall@5 : 0.3726    recall@10 : 0.5105    recall@20 : 0.6562    recall@30 : 0.7342    recall@50 : 0.8175    ndcg@1 : 0.2288    ndcg@2 : 0.2514    ndcg@3 : 0.2735    ndcg@4 : 0.2871    ndcg@5 : 0.3023    ndcg@10 : 0.3515    ndcg@20 : 0.3952    ndcg@30 : 0.416    ndcg@50 : 0.4362    precision@1 : 0.2288    precision@2 : 0.191    precision@3 : 0.1683    precision@4 : 0.1469    precision@5 : 0.1353    precision@10 : 0.0967    precision@20 : 0.065    precision@30 : 0.0499    precision@50 : 0.0345    map@1 : 0.2288    map@2 : 0.222    map@3 : 0.2285    map@4 : 0.2336    map@5 : 0.2407    map@10 : 0.2627    map@20 : 0.2781    map@30 : 0.2843    map@50 : 0.2892
Sun 15 Mar 2026 16:21:21 INFO  epoch 74 training [time: 1.84s, train loss: 38.7243]
Sun 15 Mar 2026 16:21:23 INFO  epoch 74 evaluating [time: 1.60s, valid_score: 0.349200]
Sun 15 Mar 2026 16:21:23 INFO  valid result: 
recall@1 : 0.1359    recall@2 : 0.2248    recall@3 : 0.2924    recall@4 : 0.334    recall@5 : 0.3737    recall@10 : 0.5101    recall@20 : 0.6543    recall@30 : 0.7333    recall@50 : 0.8167    ndcg@1 : 0.2217    ndcg@2 : 0.2474    ndcg@3 : 0.2712    ndcg@4 : 0.2854    ndcg@5 : 0.3001    ndcg@10 : 0.3492    ndcg@20 : 0.3927    ndcg@30 : 0.4138    ndcg@50 : 0.4339    precision@1 : 0.2217    precision@2 : 0.1898    precision@3 : 0.1683    precision@4 : 0.1476    precision@5 : 0.1344    precision@10 : 0.0965    precision@20 : 0.0651    precision@30 : 0.05    precision@50 : 0.0345    map@1 : 0.2217    map@2 : 0.2181    map@3 : 0.2255    map@4 : 0.2313    map@5 : 0.2379    map@10 : 0.2602    map@20 : 0.2755    map@30 : 0.2818    map@50 : 0.2866
Sun 15 Mar 2026 16:21:25 INFO  epoch 75 training [time: 1.84s, train loss: 38.2722]
Sun 15 Mar 2026 16:21:26 INFO  epoch 75 evaluating [time: 1.60s, valid_score: 0.346600]
Sun 15 Mar 2026 16:21:26 INFO  valid result: 
recall@1 : 0.1328    recall@2 : 0.2235    recall@3 : 0.2891    recall@4 : 0.3324    recall@5 : 0.373    recall@10 : 0.5067    recall@20 : 0.6499    recall@30 : 0.7317    recall@50 : 0.8172    ndcg@1 : 0.2211    ndcg@2 : 0.247    ndcg@3 : 0.2688    ndcg@4 : 0.2835    ndcg@5 : 0.2986    ndcg@10 : 0.3466    ndcg@20 : 0.3897    ndcg@30 : 0.4117    ndcg@50 : 0.4322    precision@1 : 0.2211    precision@2 : 0.191    precision@3 : 0.1675    precision@4 : 0.1473    precision@5 : 0.1347    precision@10 : 0.0962    precision@20 : 0.0645    precision@30 : 0.05    precision@50 : 0.0345    map@1 : 0.2211    map@2 : 0.2169    map@3 : 0.2233    map@4 : 0.2292    map@5 : 0.2358    map@10 : 0.2575    map@20 : 0.2727    map@30 : 0.2793    map@50 : 0.2841
Sun 15 Mar 2026 16:21:29 INFO  epoch 76 training [time: 2.20s, train loss: 38.0407]
Sun 15 Mar 2026 16:21:30 INFO  epoch 76 evaluating [time: 1.61s, valid_score: 0.345500]
Sun 15 Mar 2026 16:21:30 INFO  valid result: 
recall@1 : 0.133    recall@2 : 0.2233    recall@3 : 0.2882    recall@4 : 0.3343    recall@5 : 0.3763    recall@10 : 0.5036    recall@20 : 0.6491    recall@30 : 0.73    recall@50 : 0.8175    ndcg@1 : 0.2181    ndcg@2 : 0.2453    ndcg@3 : 0.2671    ndcg@4 : 0.2838    ndcg@5 : 0.2996    ndcg@10 : 0.3455    ndcg@20 : 0.3894    ndcg@30 : 0.411    ndcg@50 : 0.432    precision@1 : 0.2181    precision@2 : 0.1886    precision@3 : 0.1655    precision@4 : 0.1478    precision@5 : 0.1355    precision@10 : 0.0958    precision@20 : 0.0645    precision@30 : 0.0498    precision@50 : 0.0345    map@1 : 0.2181    map@2 : 0.2154    map@3 : 0.2223    map@4 : 0.2293    map@5 : 0.2366    map@10 : 0.2572    map@20 : 0.2729    map@30 : 0.2793    map@50 : 0.2843
Sun 15 Mar 2026 16:21:32 INFO  epoch 77 training [time: 2.21s, train loss: 37.1283]
Sun 15 Mar 2026 16:21:34 INFO  epoch 77 evaluating [time: 1.61s, valid_score: 0.346600]
Sun 15 Mar 2026 16:21:34 INFO  valid result: 
recall@1 : 0.1339    recall@2 : 0.2243    recall@3 : 0.2889    recall@4 : 0.3357    recall@5 : 0.3744    recall@10 : 0.5051    recall@20 : 0.6525    recall@30 : 0.7287    recall@50 : 0.8193    ndcg@1 : 0.2187    ndcg@2 : 0.246    ndcg@3 : 0.2681    ndcg@4 : 0.2847    ndcg@5 : 0.2997    ndcg@10 : 0.3466    ndcg@20 : 0.3906    ndcg@30 : 0.4113    ndcg@50 : 0.433    precision@1 : 0.2187    precision@2 : 0.1892    precision@3 : 0.1661    precision@4 : 0.1478    precision@5 : 0.1356    precision@10 : 0.0962    precision@20 : 0.0644    precision@30 : 0.0496    precision@50 : 0.0345    map@1 : 0.2187    map@2 : 0.2162    map@3 : 0.223    map@4 : 0.2299    map@5 : 0.237    map@10 : 0.2583    map@20 : 0.2737    map@30 : 0.2799    map@50 : 0.285
Sun 15 Mar 2026 16:21:36 INFO  epoch 78 training [time: 2.20s, train loss: 36.4292]
Sun 15 Mar 2026 16:21:38 INFO  epoch 78 evaluating [time: 1.60s, valid_score: 0.345200]
Sun 15 Mar 2026 16:21:38 INFO  valid result: 
recall@1 : 0.1334    recall@2 : 0.2215    recall@3 : 0.2854    recall@4 : 0.3309    recall@5 : 0.3675    recall@10 : 0.5056    recall@20 : 0.6503    recall@30 : 0.7277    recall@50 : 0.8177    ndcg@1 : 0.2199    ndcg@2 : 0.2441    ndcg@3 : 0.2659    ndcg@4 : 0.2821    ndcg@5 : 0.2956    ndcg@10 : 0.3452    ndcg@20 : 0.3887    ndcg@30 : 0.4095    ndcg@50 : 0.4311    precision@1 : 0.2199    precision@2 : 0.1871    precision@3 : 0.1647    precision@4 : 0.1469    precision@5 : 0.133    precision@10 : 0.0961    precision@20 : 0.0643    precision@30 : 0.0496    precision@50 : 0.0344    map@1 : 0.2199    map@2 : 0.2148    map@3 : 0.2215    map@4 : 0.228    map@5 : 0.2341    map@10 : 0.2565    map@20 : 0.2718    map@30 : 0.278    map@50 : 0.2831
Sun 15 Mar 2026 16:21:38 INFO  Finished training, best eval result in epoch 57
Sun 15 Mar 2026 16:21:38 INFO  Loading model structure and parameters from saved/LightGCN-Mar-15-2026_16-16-45.pth
Sun 15 Mar 2026 16:21:40 INFO  best valid : OrderedDict([('recall@1', 0.1419), ('recall@2', 0.2357), ('recall@3', 0.3061), ('recall@4', 0.346), ('recall@5', 0.3868), ('recall@10', 0.5267), ('recall@20', 0.6639), ('recall@30', 0.7401), ('recall@50', 0.8191), ('ndcg@1', 0.23), ('ndcg@2', 0.2594), ('ndcg@3', 0.2829), ('ndcg@4', 0.2967), ('ndcg@5', 0.312), ('ndcg@10', 0.3617), ('ndcg@20', 0.4028), ('ndcg@30', 0.4228), ('ndcg@50', 0.4422), ('precision@1', 0.23), ('precision@2', 0.1996), ('precision@3', 0.175), ('precision@4', 0.1532), ('precision@5', 0.1399), ('precision@10', 0.1002), ('precision@20', 0.0661), ('precision@30', 0.0503), ('precision@50', 0.0346), ('map@1', 0.23), ('map@2', 0.2278), ('map@3', 0.2364), ('map@4', 0.2413), ('map@5', 0.2484), ('map@10', 0.2703), ('map@20', 0.2851), ('map@30', 0.2909), ('map@50', 0.2958)])
Sun 15 Mar 2026 16:21:40 INFO  test result: OrderedDict([('recall@1', 0.1765), ('recall@2', 0.2589), ('recall@3', 0.319), ('recall@4', 0.3645), ('recall@5', 0.4085), ('recall@10', 0.524), ('recall@20', 0.6651), ('recall@30', 0.741), ('recall@50', 0.8168), ('ndcg@1', 0.3021), ('ndcg@2', 0.3063), ('ndcg@3', 0.3197), ('ndcg@4', 0.3331), ('ndcg@5', 0.3478), ('ndcg@10', 0.3857), ('ndcg@20', 0.4271), ('ndcg@30', 0.4467), ('ndcg@50', 0.464), ('precision@1', 0.3021), ('precision@2', 0.2317), ('precision@3', 0.1943), ('precision@4', 0.1707), ('precision@5', 0.1538), ('precision@10', 0.102), ('precision@20', 0.067), ('precision@30', 0.0503), ('precision@50', 0.0336), ('map@1', 0.3021), ('map@2', 0.28), ('map@3', 0.279), ('map@4', 0.2823), ('map@5', 0.2883), ('map@10', 0.3033), ('map@20', 0.3181), ('map@30', 0.3239), ('map@50', 0.3277)])
Sun 15 Mar 2026 16:21:40 INFO  training time: 291.7498s
Sun 15 Mar 2026 16:21:40 INFO  result file: results/lightgcn_seed2026.json
