Sun 15 Mar 2026 16:21:43 INFO  
General Hyper Parameters:
gpu_id = 0
use_gpu = True
seed = 2027
state = INFO
reproducibility = True
data_path = ./travel
checkpoint_dir = saved
show_progress = True
save_dataset = False
dataset_save_path = None
save_dataloaders = False
dataloaders_save_path = None
log_wandb = False

Training Hyper Parameters:
epochs = 1000
train_batch_size = 100
learner = adam
learning_rate = 0.001
train_neg_sample_args = {'distribution': 'uniform', 'sample_num': 1, 'alpha': 1.0, 'dynamic': False, 'candidate_num': 0}
eval_step = 1
stopping_step = 20
clip_grad_norm = None
weight_decay = 0.0
loss_decimal_place = 4

Evaluation Hyper Parameters:
eval_args = {'split': {'RS': [0.8, 0.1, 0.1]}, 'order': 'RO', 'group_by': 'user', 'mode': {'valid': 'full', 'test': 'full'}}
repeatable = False
metrics = ['Recall', 'NDCG', 'Precision', 'MAP']
topk = [1, 2, 3, 4, 5, 10, 20, 30, 50]
valid_metric = NDCG@10
valid_metric_bigger = True
eval_batch_size = 100
metric_decimal_place = 4

Dataset Hyper Parameters:
field_separator = 	
seq_separator =  
USER_ID_FIELD = user_id
ITEM_ID_FIELD = item_id
RATING_FIELD = rating
TIME_FIELD = timestamp
seq_len = None
LABEL_FIELD = label
threshold = None
NEG_PREFIX = neg_
load_col = {'inter': ['user_id', 'item_id', 'rating'], 'user': ['user_id', 'post_num', 'follower', 'following', 'timestamp']}
unload_col = None
unused_col = None
additional_feat_suffix = None
rm_dup_inter = None
val_interval = {'rating': '[0,inf)'}
filter_inter_by_user_or_item = True
user_inter_num_interval = [0,inf)
item_inter_num_interval = [0,inf)
alias_of_user_id = None
alias_of_item_id = None
alias_of_entity_id = None
alias_of_relation_id = None
preload_weight = None
normalize_field = None
normalize_all = None
ITEM_LIST_LENGTH_FIELD = item_length
LIST_SUFFIX = _list
MAX_ITEM_LIST_LENGTH = 50
POSITION_FIELD = position_id
HEAD_ENTITY_ID_FIELD = head_id
TAIL_ENTITY_ID_FIELD = tail_id
RELATION_ID_FIELD = relation_id
ENTITY_ID_FIELD = entity_id
benchmark_filename = None

Other Hyper Parameters: 
worker = 0
wandb_project = recbole
shuffle = True
require_pow = False
enable_amp = False
enable_scaler = False
transform = None
embedding_size = 64
n_layers = 3
reg_weight = 0.0001
numerical_features = []
discretization = None
kg_reverse_r = False
entity_kg_num_interval = [0,inf)
relation_kg_num_interval = [0,inf)
MODEL_TYPE = ModelType.GENERAL
MODEL_INPUT_TYPE = InputType.PAIRWISE
eval_type = EvaluatorType.RANKING
single_spec = True
local_rank = 0
device = cuda
valid_neg_sample_args = {'distribution': 'uniform', 'sample_num': 'none'}
test_neg_sample_args = {'distribution': 'uniform', 'sample_num': 'none'}


Sun 15 Mar 2026 16:21:43 INFO  travel
The number of users: 2010
Average actions of users: 18.721254355400696
The number of items: 247
Average actions of items: 152.890243902439
The number of inters: 37611
The sparsity of the dataset: 92.42431566862047%
Remain Fields: ['user_id', 'item_id', 'rating', 'post_num', 'follower', 'following', 'timestamp']
Sun 15 Mar 2026 16:21:43 INFO  [Training]: train_batch_size = [100] train_neg_sample_args: [{'distribution': 'uniform', 'sample_num': 1, 'alpha': 1.0, 'dynamic': False, 'candidate_num': 0}]
Sun 15 Mar 2026 16:21:43 INFO  [Evaluation]: eval_batch_size = [100] eval_args: [{'split': {'RS': [0.8, 0.1, 0.1]}, 'order': 'RO', 'group_by': 'user', 'mode': {'valid': 'full', 'test': 'full'}}]
Sun 15 Mar 2026 16:21:45 INFO  LightGCN(
  (user_embedding): Embedding(2010, 64)
  (item_embedding): Embedding(247, 64)
  (mf_loss): BPRLoss()
  (reg_loss): EmbLoss()
)
Trainable parameters: 144448
Sun 15 Mar 2026 16:21:45 INFO  trainable parameters: 144448
Sun 15 Mar 2026 16:21:48 INFO  epoch 0 training [time: 2.53s, train loss: 156.6405]
Sun 15 Mar 2026 16:21:50 INFO  epoch 0 evaluating [time: 1.72s, valid_score: 0.302700]
Sun 15 Mar 2026 16:21:50 INFO  valid result: 
recall@1 : 0.1157    recall@2 : 0.2088    recall@3 : 0.2685    recall@4 : 0.3054    recall@5 : 0.3395    recall@10 : 0.444    recall@20 : 0.5769    recall@30 : 0.6537    recall@50 : 0.7587    ndcg@1 : 0.1847    ndcg@2 : 0.2192    ndcg@3 : 0.2406    ndcg@4 : 0.2535    ndcg@5 : 0.2657    ndcg@10 : 0.3027    ndcg@20 : 0.3421    ndcg@30 : 0.3628    ndcg@50 : 0.388    precision@1 : 0.1847    precision@2 : 0.1666    precision@3 : 0.1444    precision@4 : 0.1271    precision@5 : 0.1143    precision@10 : 0.0794    precision@20 : 0.0544    precision@30 : 0.0428    precision@50 : 0.031    map@1 : 0.1847    map@2 : 0.1919    map@3 : 0.1997    map@4 : 0.2038    map@5 : 0.2091    map@10 : 0.2245    map@20 : 0.2371    map@30 : 0.2426    map@50 : 0.2481
Sun 15 Mar 2026 16:21:50 INFO  Saving current: saved/LightGCN-Mar-15-2026_16-21-45.pth
Sun 15 Mar 2026 16:21:52 INFO  epoch 1 training [time: 2.11s, train loss: 124.6775]
Sun 15 Mar 2026 16:21:54 INFO  epoch 1 evaluating [time: 1.60s, valid_score: 0.309500]
Sun 15 Mar 2026 16:21:54 INFO  valid result: 
recall@1 : 0.1311    recall@2 : 0.2086    recall@3 : 0.2684    recall@4 : 0.306    recall@5 : 0.3392    recall@10 : 0.446    recall@20 : 0.5782    recall@30 : 0.6523    recall@50 : 0.7547    ndcg@1 : 0.2002    ndcg@2 : 0.2246    ndcg@3 : 0.2461    ndcg@4 : 0.2593    ndcg@5 : 0.2715    ndcg@10 : 0.3095    ndcg@20 : 0.3484    ndcg@30 : 0.3684    ndcg@50 : 0.393    precision@1 : 0.2002    precision@2 : 0.1663    precision@3 : 0.1442    precision@4 : 0.1271    precision@5 : 0.1149    precision@10 : 0.0803    precision@20 : 0.0545    precision@30 : 0.0427    precision@50 : 0.031    map@1 : 0.2002    map@2 : 0.199    map@3 : 0.2071    map@4 : 0.2115    map@5 : 0.2169    map@10 : 0.2326    map@20 : 0.2451    map@30 : 0.2505    map@50 : 0.2558
Sun 15 Mar 2026 16:21:54 INFO  Saving current: saved/LightGCN-Mar-15-2026_16-21-45.pth
Sun 15 Mar 2026 16:21:56 INFO  epoch 2 training [time: 2.12s, train loss: 121.5519]
Sun 15 Mar 2026 16:21:57 INFO  epoch 2 evaluating [time: 1.59s, valid_score: 0.310300]
Sun 15 Mar 2026 16:21:57 INFO  valid result: 
recall@1 : 0.1328    recall@2 : 0.2095    recall@3 : 0.27    recall@4 : 0.3038    recall@5 : 0.3352    recall@10 : 0.4469    recall@20 : 0.5769    recall@30 : 0.6511    recall@50 : 0.7548    ndcg@1 : 0.2026    ndcg@2 : 0.2263    ndcg@3 : 0.248    ndcg@4 : 0.2594    ndcg@5 : 0.2708    ndcg@10 : 0.3103    ndcg@20 : 0.3491    ndcg@30 : 0.369    ndcg@50 : 0.3938    precision@1 : 0.2026    precision@2 : 0.1672    precision@3 : 0.1454    precision@4 : 0.1268    precision@5 : 0.1139    precision@10 : 0.0802    precision@20 : 0.0547    precision@30 : 0.0427    precision@50 : 0.031    map@1 : 0.2026    map@2 : 0.2008    map@3 : 0.2087    map@4 : 0.2121    map@5 : 0.217    map@10 : 0.2334    map@20 : 0.246    map@30 : 0.2514    map@50 : 0.2567
Sun 15 Mar 2026 16:21:57 INFO  Saving current: saved/LightGCN-Mar-15-2026_16-21-45.pth
Sun 15 Mar 2026 16:22:00 INFO  epoch 3 training [time: 2.14s, train loss: 120.3957]
Sun 15 Mar 2026 16:22:01 INFO  epoch 3 evaluating [time: 1.59s, valid_score: 0.309900]
Sun 15 Mar 2026 16:22:01 INFO  valid result: 
recall@1 : 0.1329    recall@2 : 0.2092    recall@3 : 0.27    recall@4 : 0.3037    recall@5 : 0.3348    recall@10 : 0.446    recall@20 : 0.5756    recall@30 : 0.6482    recall@50 : 0.754    ndcg@1 : 0.2032    ndcg@2 : 0.226    ndcg@3 : 0.248    ndcg@4 : 0.2594    ndcg@5 : 0.2705    ndcg@10 : 0.3099    ndcg@20 : 0.3486    ndcg@30 : 0.3682    ndcg@50 : 0.3936    precision@1 : 0.2032    precision@2 : 0.1666    precision@3 : 0.1454    precision@4 : 0.1266    precision@5 : 0.1136    precision@10 : 0.0799    precision@20 : 0.0546    precision@30 : 0.0426    precision@50 : 0.0311    map@1 : 0.2032    map@2 : 0.2005    map@3 : 0.2087    map@4 : 0.212    map@5 : 0.2169    map@10 : 0.2331    map@20 : 0.2458    map@30 : 0.2511    map@50 : 0.2566
Sun 15 Mar 2026 16:22:03 INFO  epoch 4 training [time: 2.20s, train loss: 120.3094]
Sun 15 Mar 2026 16:22:05 INFO  epoch 4 evaluating [time: 1.59s, valid_score: 0.308400]
Sun 15 Mar 2026 16:22:05 INFO  valid result: 
recall@1 : 0.1309    recall@2 : 0.2086    recall@3 : 0.2682    recall@4 : 0.306    recall@5 : 0.3378    recall@10 : 0.4438    recall@20 : 0.5773    recall@30 : 0.652    recall@50 : 0.7538    ndcg@1 : 0.1996    ndcg@2 : 0.2243    ndcg@3 : 0.2457    ndcg@4 : 0.2593    ndcg@5 : 0.2706    ndcg@10 : 0.3084    ndcg@20 : 0.3481    ndcg@30 : 0.3682    ndcg@50 : 0.3926    precision@1 : 0.1996    precision@2 : 0.1663    precision@3 : 0.144    precision@4 : 0.1274    precision@5 : 0.1138    precision@10 : 0.0798    precision@20 : 0.0547    precision@30 : 0.0429    precision@50 : 0.031    map@1 : 0.1996    map@2 : 0.1989    map@3 : 0.2069    map@4 : 0.2115    map@5 : 0.2163    map@10 : 0.232    map@20 : 0.245    map@30 : 0.2504    map@50 : 0.2557
Sun 15 Mar 2026 16:22:07 INFO  epoch 5 training [time: 2.08s, train loss: 119.4036]
Sun 15 Mar 2026 16:22:09 INFO  epoch 5 evaluating [time: 1.60s, valid_score: 0.308300]
Sun 15 Mar 2026 16:22:09 INFO  valid result: 
recall@1 : 0.1311    recall@2 : 0.2084    recall@3 : 0.2682    recall@4 : 0.3055    recall@5 : 0.3405    recall@10 : 0.4425    recall@20 : 0.5781    recall@30 : 0.6493    recall@50 : 0.7418    ndcg@1 : 0.2002    ndcg@2 : 0.2244    ndcg@3 : 0.2459    ndcg@4 : 0.259    ndcg@5 : 0.272    ndcg@10 : 0.3083    ndcg@20 : 0.3487    ndcg@30 : 0.3679    ndcg@50 : 0.3908    precision@1 : 0.2002    precision@2 : 0.166    precision@3 : 0.1438    precision@4 : 0.1268    precision@5 : 0.1153    precision@10 : 0.0797    precision@20 : 0.0549    precision@30 : 0.0427    precision@50 : 0.0308    map@1 : 0.2002    map@2 : 0.1987    map@3 : 0.2068    map@4 : 0.2112    map@5 : 0.217    map@10 : 0.2321    map@20 : 0.2452    map@30 : 0.2505    map@50 : 0.2556
Sun 15 Mar 2026 16:22:11 INFO  epoch 6 training [time: 1.99s, train loss: 118.5069]
Sun 15 Mar 2026 16:22:12 INFO  epoch 6 evaluating [time: 1.59s, valid_score: 0.308200]
Sun 15 Mar 2026 16:22:12 INFO  valid result: 
recall@1 : 0.1309    recall@2 : 0.2086    recall@3 : 0.2682    recall@4 : 0.3062    recall@5 : 0.3391    recall@10 : 0.4428    recall@20 : 0.5795    recall@30 : 0.6517    recall@50 : 0.7419    ndcg@1 : 0.1996    ndcg@2 : 0.224    ndcg@3 : 0.2457    ndcg@4 : 0.2592    ndcg@5 : 0.2711    ndcg@10 : 0.3082    ndcg@20 : 0.3489    ndcg@30 : 0.3683    ndcg@50 : 0.3907    precision@1 : 0.1996    precision@2 : 0.1657    precision@3 : 0.1438    precision@4 : 0.1269    precision@5 : 0.1143    precision@10 : 0.0798    precision@20 : 0.055    precision@30 : 0.0429    precision@50 : 0.0309    map@1 : 0.1996    map@2 : 0.1985    map@3 : 0.2067    map@4 : 0.2112    map@5 : 0.2164    map@10 : 0.2319    map@20 : 0.2452    map@30 : 0.2504    map@50 : 0.2555
Sun 15 Mar 2026 16:22:14 INFO  epoch 7 training [time: 2.17s, train loss: 116.7102]
Sun 15 Mar 2026 16:22:16 INFO  epoch 7 evaluating [time: 1.59s, valid_score: 0.308800]
Sun 15 Mar 2026 16:22:16 INFO  valid result: 
recall@1 : 0.131    recall@2 : 0.2075    recall@3 : 0.2595    recall@4 : 0.3095    recall@5 : 0.3399    recall@10 : 0.4451    recall@20 : 0.5792    recall@30 : 0.6503    recall@50 : 0.743    ndcg@1 : 0.2002    ndcg@2 : 0.2248    ndcg@3 : 0.2413    ndcg@4 : 0.26    ndcg@5 : 0.2713    ndcg@10 : 0.3088    ndcg@20 : 0.3489    ndcg@30 : 0.3682    ndcg@50 : 0.3909    precision@1 : 0.2002    precision@2 : 0.1672    precision@3 : 0.1406    precision@4 : 0.1278    precision@5 : 0.1151    precision@10 : 0.0802    precision@20 : 0.0552    precision@30 : 0.043    precision@50 : 0.031    map@1 : 0.2002    map@2 : 0.199    map@3 : 0.2036    map@4 : 0.2111    map@5 : 0.2161    map@10 : 0.2318    map@20 : 0.2449    map@30 : 0.2502    map@50 : 0.2552
Sun 15 Mar 2026 16:22:18 INFO  epoch 8 training [time: 2.12s, train loss: 116.3281]
Sun 15 Mar 2026 16:22:20 INFO  epoch 8 evaluating [time: 1.59s, valid_score: 0.304900]
Sun 15 Mar 2026 16:22:20 INFO  valid result: 
recall@1 : 0.1148    recall@2 : 0.2105    recall@3 : 0.2676    recall@4 : 0.3088    recall@5 : 0.3397    recall@10 : 0.4487    recall@20 : 0.5816    recall@30 : 0.6547    recall@50 : 0.744    ndcg@1 : 0.1853    ndcg@2 : 0.2216    ndcg@3 : 0.2401    ndcg@4 : 0.2551    ndcg@5 : 0.2662    ndcg@10 : 0.3049    ndcg@20 : 0.3447    ndcg@30 : 0.3644    ndcg@50 : 0.3864    precision@1 : 0.1853    precision@2 : 0.1692    precision@3 : 0.1434    precision@4 : 0.1283    precision@5 : 0.1151    precision@10 : 0.0805    precision@20 : 0.0555    precision@30 : 0.0433    precision@50 : 0.031    map@1 : 0.1853    map@2 : 0.1932    map@3 : 0.1989    map@4 : 0.2043    map@5 : 0.2091    map@10 : 0.2252    map@20 : 0.2382    map@30 : 0.2435    map@50 : 0.2485
Sun 15 Mar 2026 16:22:22 INFO  epoch 9 training [time: 2.17s, train loss: 115.9316]
Sun 15 Mar 2026 16:22:23 INFO  epoch 9 evaluating [time: 1.59s, valid_score: 0.305000]
Sun 15 Mar 2026 16:22:23 INFO  valid result: 
recall@1 : 0.1159    recall@2 : 0.2101    recall@3 : 0.2669    recall@4 : 0.3089    recall@5 : 0.3403    recall@10 : 0.4479    recall@20 : 0.5817    recall@30 : 0.6555    recall@50 : 0.7613    ndcg@1 : 0.1871    ndcg@2 : 0.2218    ndcg@3 : 0.2405    ndcg@4 : 0.255    ndcg@5 : 0.2669    ndcg@10 : 0.305    ndcg@20 : 0.3453    ndcg@30 : 0.3652    ndcg@50 : 0.3903    precision@1 : 0.1871    precision@2 : 0.169    precision@3 : 0.144    precision@4 : 0.1271    precision@5 : 0.1154    precision@10 : 0.0805    precision@20 : 0.0556    precision@30 : 0.0433    precision@50 : 0.0314    map@1 : 0.1871    map@2 : 0.1938    map@3 : 0.1992    map@4 : 0.2046    map@5 : 0.2097    map@10 : 0.2256    map@20 : 0.2388    map@30 : 0.2442    map@50 : 0.2497
Sun 15 Mar 2026 16:22:26 INFO  epoch 10 training [time: 2.14s, train loss: 113.2080]
Sun 15 Mar 2026 16:22:27 INFO  epoch 10 evaluating [time: 1.59s, valid_score: 0.304100]
Sun 15 Mar 2026 16:22:27 INFO  valid result: 
recall@1 : 0.1153    recall@2 : 0.2071    recall@3 : 0.2612    recall@4 : 0.3063    recall@5 : 0.3397    recall@10 : 0.4474    recall@20 : 0.5852    recall@30 : 0.662    recall@50 : 0.7639    ndcg@1 : 0.1871    ndcg@2 : 0.2199    ndcg@3 : 0.2371    ndcg@4 : 0.2532    ndcg@5 : 0.2657    ndcg@10 : 0.3041    ndcg@20 : 0.3454    ndcg@30 : 0.3663    ndcg@50 : 0.3903    precision@1 : 0.1871    precision@2 : 0.1675    precision@3 : 0.142    precision@4 : 0.1266    precision@5 : 0.1153    precision@10 : 0.0807    precision@20 : 0.056    precision@30 : 0.044    precision@50 : 0.0315    map@1 : 0.1871    map@2 : 0.192    map@3 : 0.1966    map@4 : 0.2028    map@5 : 0.2083    map@10 : 0.2245    map@20 : 0.2379    map@30 : 0.2437    map@50 : 0.2489
Sun 15 Mar 2026 16:22:29 INFO  epoch 11 training [time: 2.06s, train loss: 113.1528]
Sun 15 Mar 2026 16:22:31 INFO  epoch 11 evaluating [time: 1.59s, valid_score: 0.306900]
Sun 15 Mar 2026 16:22:31 INFO  valid result: 
recall@1 : 0.1157    recall@2 : 0.21    recall@3 : 0.2683    recall@4 : 0.3066    recall@5 : 0.341    recall@10 : 0.4518    recall@20 : 0.5918    recall@30 : 0.6694    recall@50 : 0.7649    ndcg@1 : 0.1889    ndcg@2 : 0.2224    ndcg@3 : 0.2419    ndcg@4 : 0.2548    ndcg@5 : 0.2678    ndcg@10 : 0.3069    ndcg@20 : 0.3491    ndcg@30 : 0.3699    ndcg@50 : 0.3927    precision@1 : 0.1889    precision@2 : 0.1695    precision@3 : 0.1454    precision@4 : 0.1274    precision@5 : 0.1164    precision@10 : 0.0815    precision@20 : 0.0571    precision@30 : 0.0446    precision@50 : 0.0317    map@1 : 0.1889    map@2 : 0.1943    map@3 : 0.2006    map@4 : 0.2045    map@5 : 0.2104    map@10 : 0.2265    map@20 : 0.2404    map@30 : 0.2463    map@50 : 0.2513
Sun 15 Mar 2026 16:22:33 INFO  epoch 12 training [time: 1.91s, train loss: 110.1761]
Sun 15 Mar 2026 16:22:34 INFO  epoch 12 evaluating [time: 1.59s, valid_score: 0.308700]
Sun 15 Mar 2026 16:22:34 INFO  valid result: 
recall@1 : 0.1181    recall@2 : 0.21    recall@3 : 0.2685    recall@4 : 0.3066    recall@5 : 0.3417    recall@10 : 0.453    recall@20 : 0.6013    recall@30 : 0.6768    recall@50 : 0.7699    ndcg@1 : 0.1943    ndcg@2 : 0.2248    ndcg@3 : 0.2434    ndcg@4 : 0.2568    ndcg@5 : 0.2696    ndcg@10 : 0.3087    ndcg@20 : 0.3533    ndcg@30 : 0.3737    ndcg@50 : 0.3959    precision@1 : 0.1943    precision@2 : 0.1707    precision@3 : 0.1458    precision@4 : 0.129    precision@5 : 0.1173    precision@10 : 0.0819    precision@20 : 0.0582    precision@30 : 0.0453    precision@50 : 0.0321    map@1 : 0.1943    map@2 : 0.1964    map@3 : 0.2021    map@4 : 0.2067    map@5 : 0.212    map@10 : 0.228    map@20 : 0.2428    map@30 : 0.2486    map@50 : 0.2536
Sun 15 Mar 2026 16:22:36 INFO  epoch 13 training [time: 2.13s, train loss: 106.9886]
Sun 15 Mar 2026 16:22:38 INFO  epoch 13 evaluating [time: 1.60s, valid_score: 0.310600]
Sun 15 Mar 2026 16:22:38 INFO  valid result: 
recall@1 : 0.1182    recall@2 : 0.2132    recall@3 : 0.265    recall@4 : 0.3057    recall@5 : 0.3393    recall@10 : 0.4556    recall@20 : 0.6077    recall@30 : 0.6805    recall@50 : 0.775    ndcg@1 : 0.1937    ndcg@2 : 0.2284    ndcg@3 : 0.2437    ndcg@4 : 0.2577    ndcg@5 : 0.2699    ndcg@10 : 0.3106    ndcg@20 : 0.3563    ndcg@30 : 0.3759    ndcg@50 : 0.3984    precision@1 : 0.1937    precision@2 : 0.1749    precision@3 : 0.1472    precision@4 : 0.1307    precision@5 : 0.1186    precision@10 : 0.0833    precision@20 : 0.0593    precision@30 : 0.0457    precision@50 : 0.0323    map@1 : 0.1937    map@2 : 0.1999    map@3 : 0.203    map@4 : 0.2081    map@5 : 0.2128    map@10 : 0.2296    map@20 : 0.2448    map@30 : 0.2503    map@50 : 0.2554
Sun 15 Mar 2026 16:22:38 INFO  Saving current: saved/LightGCN-Mar-15-2026_16-21-45.pth
Sun 15 Mar 2026 16:22:40 INFO  epoch 14 training [time: 2.20s, train loss: 105.9595]
Sun 15 Mar 2026 16:22:42 INFO  epoch 14 evaluating [time: 1.59s, valid_score: 0.312600]
Sun 15 Mar 2026 16:22:42 INFO  valid result: 
recall@1 : 0.1159    recall@2 : 0.2149    recall@3 : 0.2683    recall@4 : 0.3061    recall@5 : 0.3409    recall@10 : 0.4609    recall@20 : 0.6122    recall@30 : 0.6809    recall@50 : 0.7848    ndcg@1 : 0.1907    ndcg@2 : 0.2297    ndcg@3 : 0.2469    ndcg@4 : 0.2586    ndcg@5 : 0.2708    ndcg@10 : 0.3126    ndcg@20 : 0.358    ndcg@30 : 0.3766    ndcg@50 : 0.4011    precision@1 : 0.1907    precision@2 : 0.1776    precision@3 : 0.1524    precision@4 : 0.1324    precision@5 : 0.1195    precision@10 : 0.0846    precision@20 : 0.0599    precision@30 : 0.0459    precision@50 : 0.0328    map@1 : 0.1907    map@2 : 0.2007    map@3 : 0.2052    map@4 : 0.2087    map@5 : 0.2135    map@10 : 0.2306    map@20 : 0.2457    map@30 : 0.2509    map@50 : 0.2564
Sun 15 Mar 2026 16:22:42 INFO  Saving current: saved/LightGCN-Mar-15-2026_16-21-45.pth
Sun 15 Mar 2026 16:22:44 INFO  epoch 15 training [time: 2.18s, train loss: 103.7674]
Sun 15 Mar 2026 16:22:46 INFO  epoch 15 evaluating [time: 1.60s, valid_score: 0.317900]
Sun 15 Mar 2026 16:22:46 INFO  valid result: 
recall@1 : 0.1226    recall@2 : 0.2141    recall@3 : 0.2698    recall@4 : 0.3082    recall@5 : 0.3368    recall@10 : 0.4674    recall@20 : 0.6151    recall@30 : 0.686    recall@50 : 0.7834    ndcg@1 : 0.1996    ndcg@2 : 0.232    ndcg@3 : 0.2505    ndcg@4 : 0.2627    ndcg@5 : 0.2725    ndcg@10 : 0.3179    ndcg@20 : 0.3621    ndcg@30 : 0.3814    ndcg@50 : 0.4043    precision@1 : 0.1996    precision@2 : 0.1773    precision@3 : 0.1536    precision@4 : 0.1341    precision@5 : 0.1199    precision@10 : 0.0862    precision@20 : 0.0602    precision@30 : 0.0465    precision@50 : 0.0328    map@1 : 0.1996    map@2 : 0.2037    map@3 : 0.2088    map@4 : 0.2125    map@5 : 0.2164    map@10 : 0.2351    map@20 : 0.2498    map@30 : 0.2554    map@50 : 0.2605
Sun 15 Mar 2026 16:22:46 INFO  Saving current: saved/LightGCN-Mar-15-2026_16-21-45.pth
Sun 15 Mar 2026 16:22:48 INFO  epoch 16 training [time: 2.20s, train loss: 99.9181]
Sun 15 Mar 2026 16:22:49 INFO  epoch 16 evaluating [time: 1.60s, valid_score: 0.321200]
Sun 15 Mar 2026 16:22:49 INFO  valid result: 
recall@1 : 0.1294    recall@2 : 0.2121    recall@3 : 0.2716    recall@4 : 0.3089    recall@5 : 0.3423    recall@10 : 0.4683    recall@20 : 0.6132    recall@30 : 0.6873    recall@50 : 0.7868    ndcg@1 : 0.2092    ndcg@2 : 0.2336    ndcg@3 : 0.2531    ndcg@4 : 0.2656    ndcg@5 : 0.2773    ndcg@10 : 0.3212    ndcg@20 : 0.3648    ndcg@30 : 0.3849    ndcg@50 : 0.4081    precision@1 : 0.2092    precision@2 : 0.1761    precision@3 : 0.1528    precision@4 : 0.1344    precision@5 : 0.1212    precision@10 : 0.0864    precision@20 : 0.0602    precision@30 : 0.0466    precision@50 : 0.0328    map@1 : 0.2092    map@2 : 0.2065    map@3 : 0.212    map@4 : 0.2161    map@5 : 0.2212    map@10 : 0.2391    map@20 : 0.2538    map@30 : 0.2596    map@50 : 0.2647
Sun 15 Mar 2026 16:22:49 INFO  Saving current: saved/LightGCN-Mar-15-2026_16-21-45.pth
Sun 15 Mar 2026 16:22:51 INFO  epoch 17 training [time: 2.02s, train loss: 100.2524]
Sun 15 Mar 2026 16:22:53 INFO  epoch 17 evaluating [time: 1.60s, valid_score: 0.324400]
Sun 15 Mar 2026 16:22:53 INFO  valid result: 
recall@1 : 0.1302    recall@2 : 0.214    recall@3 : 0.2711    recall@4 : 0.3057    recall@5 : 0.3437    recall@10 : 0.4756    recall@20 : 0.6183    recall@30 : 0.6849    recall@50 : 0.7904    ndcg@1 : 0.2092    ndcg@2 : 0.2348    ndcg@3 : 0.2532    ndcg@4 : 0.2644    ndcg@5 : 0.2783    ndcg@10 : 0.3244    ndcg@20 : 0.3669    ndcg@30 : 0.3852    ndcg@50 : 0.4099    precision@1 : 0.2092    precision@2 : 0.177    precision@3 : 0.1524    precision@4 : 0.133    precision@5 : 0.1222    precision@10 : 0.0881    precision@20 : 0.0605    precision@30 : 0.0465    precision@50 : 0.0331    map@1 : 0.2092    map@2 : 0.2072    map@3 : 0.2123    map@4 : 0.2157    map@5 : 0.2217    map@10 : 0.2409    map@20 : 0.2552    map@30 : 0.2606    map@50 : 0.2659
Sun 15 Mar 2026 16:22:53 INFO  Saving current: saved/LightGCN-Mar-15-2026_16-21-45.pth
Sun 15 Mar 2026 16:22:55 INFO  epoch 18 training [time: 2.17s, train loss: 99.3306]
Sun 15 Mar 2026 16:22:57 INFO  epoch 18 evaluating [time: 1.60s, valid_score: 0.324800]
Sun 15 Mar 2026 16:22:57 INFO  valid result: 
recall@1 : 0.1269    recall@2 : 0.2151    recall@3 : 0.2736    recall@4 : 0.3081    recall@5 : 0.3416    recall@10 : 0.4765    recall@20 : 0.6176    recall@30 : 0.6844    recall@50 : 0.7849    ndcg@1 : 0.2074    ndcg@2 : 0.2353    ndcg@3 : 0.2544    ndcg@4 : 0.2652    ndcg@5 : 0.2774    ndcg@10 : 0.3248    ndcg@20 : 0.3667    ndcg@30 : 0.3852    ndcg@50 : 0.4089    precision@1 : 0.2074    precision@2 : 0.1788    precision@3 : 0.1549    precision@4 : 0.1344    precision@5 : 0.1223    precision@10 : 0.0888    precision@20 : 0.0605    precision@30 : 0.0466    precision@50 : 0.0329    map@1 : 0.2074    map@2 : 0.2071    map@3 : 0.213    map@4 : 0.2158    map@5 : 0.2209    map@10 : 0.241    map@20 : 0.2549    map@30 : 0.2604    map@50 : 0.2656
Sun 15 Mar 2026 16:22:57 INFO  Saving current: saved/LightGCN-Mar-15-2026_16-21-45.pth
Sun 15 Mar 2026 16:22:59 INFO  epoch 19 training [time: 2.01s, train loss: 97.0673]
Sun 15 Mar 2026 16:23:00 INFO  epoch 19 evaluating [time: 1.60s, valid_score: 0.328400]
Sun 15 Mar 2026 16:23:00 INFO  valid result: 
recall@1 : 0.1324    recall@2 : 0.2151    recall@3 : 0.2729    recall@4 : 0.3142    recall@5 : 0.3486    recall@10 : 0.479    recall@20 : 0.6211    recall@30 : 0.691    recall@50 : 0.786    ndcg@1 : 0.2116    ndcg@2 : 0.2369    ndcg@3 : 0.2565    ndcg@4 : 0.2701    ndcg@5 : 0.2826    ndcg@10 : 0.3284    ndcg@20 : 0.3706    ndcg@30 : 0.3898    ndcg@50 : 0.4124    precision@1 : 0.2116    precision@2 : 0.1785    precision@3 : 0.1559    precision@4 : 0.1371    precision@5 : 0.1246    precision@10 : 0.0893    precision@20 : 0.0607    precision@30 : 0.047    precision@50 : 0.0331    map@1 : 0.2116    map@2 : 0.2095    map@3 : 0.2156    map@4 : 0.2203    map@5 : 0.2256    map@10 : 0.2448    map@20 : 0.2589    map@30 : 0.2646    map@50 : 0.2697
Sun 15 Mar 2026 16:23:00 INFO  Saving current: saved/LightGCN-Mar-15-2026_16-21-45.pth
Sun 15 Mar 2026 16:23:03 INFO  epoch 20 training [time: 2.15s, train loss: 96.3018]
Sun 15 Mar 2026 16:23:04 INFO  epoch 20 evaluating [time: 1.60s, valid_score: 0.331000]
Sun 15 Mar 2026 16:23:04 INFO  valid result: 
recall@1 : 0.1323    recall@2 : 0.2206    recall@3 : 0.2754    recall@4 : 0.3208    recall@5 : 0.3532    recall@10 : 0.4811    recall@20 : 0.6241    recall@30 : 0.6917    recall@50 : 0.7879    ndcg@1 : 0.2139    ndcg@2 : 0.2417    ndcg@3 : 0.2593    ndcg@4 : 0.2747    ndcg@5 : 0.2861    ndcg@10 : 0.331    ndcg@20 : 0.3734    ndcg@30 : 0.392    ndcg@50 : 0.415    precision@1 : 0.2139    precision@2 : 0.183    precision@3 : 0.1579    precision@4 : 0.14    precision@5 : 0.1261    precision@10 : 0.0899    precision@20 : 0.061    precision@30 : 0.047    precision@50 : 0.0331    map@1 : 0.2139    map@2 : 0.2131    map@3 : 0.2179    map@4 : 0.2236    map@5 : 0.2281    map@10 : 0.2471    map@20 : 0.2612    map@30 : 0.2668    map@50 : 0.2721
Sun 15 Mar 2026 16:23:04 INFO  Saving current: saved/LightGCN-Mar-15-2026_16-21-45.pth
Sun 15 Mar 2026 16:23:06 INFO  epoch 21 training [time: 2.17s, train loss: 94.4569]
Sun 15 Mar 2026 16:23:08 INFO  epoch 21 evaluating [time: 1.60s, valid_score: 0.330000]
Sun 15 Mar 2026 16:23:08 INFO  valid result: 
recall@1 : 0.1308    recall@2 : 0.2209    recall@3 : 0.2762    recall@4 : 0.3222    recall@5 : 0.3589    recall@10 : 0.4777    recall@20 : 0.6276    recall@30 : 0.6958    recall@50 : 0.7874    ndcg@1 : 0.2139    ndcg@2 : 0.241    ndcg@3 : 0.2599    ndcg@4 : 0.2755    ndcg@5 : 0.2883    ndcg@10 : 0.33    ndcg@20 : 0.3743    ndcg@30 : 0.393    ndcg@50 : 0.415    precision@1 : 0.2139    precision@2 : 0.1824    precision@3 : 0.1593    precision@4 : 0.1414    precision@5 : 0.1278    precision@10 : 0.0897    precision@20 : 0.0613    precision@30 : 0.0471    precision@50 : 0.0331    map@1 : 0.2139    map@2 : 0.2122    map@3 : 0.2177    map@4 : 0.224    map@5 : 0.2293    map@10 : 0.2466    map@20 : 0.2612    map@30 : 0.2669    map@50 : 0.272
Sun 15 Mar 2026 16:23:10 INFO  epoch 22 training [time: 2.18s, train loss: 94.0013]
Sun 15 Mar 2026 16:23:12 INFO  epoch 22 evaluating [time: 1.60s, valid_score: 0.334100]
Sun 15 Mar 2026 16:23:12 INFO  valid result: 
recall@1 : 0.1365    recall@2 : 0.223    recall@3 : 0.2816    recall@4 : 0.3238    recall@5 : 0.3587    recall@10 : 0.4811    recall@20 : 0.6279    recall@30 : 0.6991    recall@50 : 0.7876    ndcg@1 : 0.2193    ndcg@2 : 0.2466    ndcg@3 : 0.2656    ndcg@4 : 0.2793    ndcg@5 : 0.2913    ndcg@10 : 0.3341    ndcg@20 : 0.3777    ndcg@30 : 0.397    ndcg@50 : 0.4184    precision@1 : 0.2193    precision@2 : 0.1868    precision@3 : 0.1619    precision@4 : 0.1424    precision@5 : 0.1279    precision@10 : 0.0899    precision@20 : 0.0614    precision@30 : 0.0474    precision@50 : 0.0332    map@1 : 0.2193    map@2 : 0.2183    map@3 : 0.2238    map@4 : 0.2287    map@5 : 0.2334    map@10 : 0.2511    map@20 : 0.2656    map@30 : 0.2714    map@50 : 0.2764
Sun 15 Mar 2026 16:23:12 INFO  Saving current: saved/LightGCN-Mar-15-2026_16-21-45.pth
Sun 15 Mar 2026 16:23:14 INFO  epoch 23 training [time: 2.20s, train loss: 92.0112]
Sun 15 Mar 2026 16:23:16 INFO  epoch 23 evaluating [time: 1.59s, valid_score: 0.337800]
Sun 15 Mar 2026 16:23:16 INFO  valid result: 
recall@1 : 0.1441    recall@2 : 0.2207    recall@3 : 0.2826    recall@4 : 0.3267    recall@5 : 0.3609    recall@10 : 0.4822    recall@20 : 0.6307    recall@30 : 0.7015    recall@50 : 0.7911    ndcg@1 : 0.2318    ndcg@2 : 0.248    ndcg@3 : 0.269    ndcg@4 : 0.2836    ndcg@5 : 0.2953    ndcg@10 : 0.3378    ndcg@20 : 0.3818    ndcg@30 : 0.401    ndcg@50 : 0.4226    precision@1 : 0.2318    precision@2 : 0.1847    precision@3 : 0.1623    precision@4 : 0.143    precision@5 : 0.1284    precision@10 : 0.0903    precision@20 : 0.0617    precision@30 : 0.0475    precision@50 : 0.0333    map@1 : 0.2318    map@2 : 0.2208    map@3 : 0.2278    map@4 : 0.233    map@5 : 0.2377    map@10 : 0.2553    map@20 : 0.2698    map@30 : 0.2757    map@50 : 0.2807
Sun 15 Mar 2026 16:23:16 INFO  Saving current: saved/LightGCN-Mar-15-2026_16-21-45.pth
Sun 15 Mar 2026 16:23:18 INFO  epoch 24 training [time: 2.19s, train loss: 90.2649]
Sun 15 Mar 2026 16:23:20 INFO  epoch 24 evaluating [time: 1.73s, valid_score: 0.341200]
Sun 15 Mar 2026 16:23:20 INFO  valid result: 
recall@1 : 0.1477    recall@2 : 0.2291    recall@3 : 0.2858    recall@4 : 0.325    recall@5 : 0.3666    recall@10 : 0.4834    recall@20 : 0.6349    recall@30 : 0.7005    recall@50 : 0.7923    ndcg@1 : 0.236    ndcg@2 : 0.2551    ndcg@3 : 0.2733    ndcg@4 : 0.2856    ndcg@5 : 0.3006    ndcg@10 : 0.3412    ndcg@20 : 0.3861    ndcg@30 : 0.404    ndcg@50 : 0.4259    precision@1 : 0.236    precision@2 : 0.1898    precision@3 : 0.1637    precision@4 : 0.1426    precision@5 : 0.1305    precision@10 : 0.0906    precision@20 : 0.0623    precision@30 : 0.0475    precision@50 : 0.0333    map@1 : 0.236    map@2 : 0.2269    map@3 : 0.2321    map@4 : 0.2361    map@5 : 0.2427    map@10 : 0.2593    map@20 : 0.2741    map@30 : 0.2795    map@50 : 0.2846
Sun 15 Mar 2026 16:23:20 INFO  Saving current: saved/LightGCN-Mar-15-2026_16-21-45.pth
Sun 15 Mar 2026 16:23:22 INFO  epoch 25 training [time: 2.12s, train loss: 88.5796]
Sun 15 Mar 2026 16:23:23 INFO  epoch 25 evaluating [time: 1.59s, valid_score: 0.338700]
Sun 15 Mar 2026 16:23:23 INFO  valid result: 
recall@1 : 0.1388    recall@2 : 0.2248    recall@3 : 0.2845    recall@4 : 0.332    recall@5 : 0.3695    recall@10 : 0.4869    recall@20 : 0.6332    recall@30 : 0.6983    recall@50 : 0.7905    ndcg@1 : 0.2253    ndcg@2 : 0.2492    ndcg@3 : 0.2683    ndcg@4 : 0.2848    ndcg@5 : 0.2982    ndcg@10 : 0.3387    ndcg@20 : 0.3822    ndcg@30 : 0.4001    ndcg@50 : 0.4222    precision@1 : 0.2253    precision@2 : 0.1883    precision@3 : 0.1625    precision@4 : 0.1451    precision@5 : 0.1317    precision@10 : 0.0911    precision@20 : 0.0621    precision@30 : 0.0474    precision@50 : 0.0333    map@1 : 0.2253    map@2 : 0.2205    map@3 : 0.2263    map@4 : 0.2327    map@5 : 0.2385    map@10 : 0.2549    map@20 : 0.2694    map@30 : 0.2749    map@50 : 0.28
Sun 15 Mar 2026 16:23:25 INFO  epoch 26 training [time: 1.99s, train loss: 86.2614]
Sun 15 Mar 2026 16:23:27 INFO  epoch 26 evaluating [time: 1.59s, valid_score: 0.341400]
Sun 15 Mar 2026 16:23:27 INFO  valid result: 
recall@1 : 0.1385    recall@2 : 0.2281    recall@3 : 0.2874    recall@4 : 0.3322    recall@5 : 0.3705    recall@10 : 0.4929    recall@20 : 0.6334    recall@30 : 0.7003    recall@50 : 0.7931    ndcg@1 : 0.2259    ndcg@2 : 0.2518    ndcg@3 : 0.2705    ndcg@4 : 0.2856    ndcg@5 : 0.2993    ndcg@10 : 0.3414    ndcg@20 : 0.3833    ndcg@30 : 0.4018    ndcg@50 : 0.4239    precision@1 : 0.2259    precision@2 : 0.1907    precision@3 : 0.1643    precision@4 : 0.1453    precision@5 : 0.1321    precision@10 : 0.0919    precision@20 : 0.0622    precision@30 : 0.0477    precision@50 : 0.0334    map@1 : 0.2259    map@2 : 0.223    map@3 : 0.2286    map@4 : 0.2335    map@5 : 0.2394    map@10 : 0.2567    map@20 : 0.2707    map@30 : 0.2764    map@50 : 0.2815
Sun 15 Mar 2026 16:23:27 INFO  Saving current: saved/LightGCN-Mar-15-2026_16-21-45.pth
Sun 15 Mar 2026 16:23:29 INFO  epoch 27 training [time: 1.98s, train loss: 85.8841]
Sun 15 Mar 2026 16:23:30 INFO  epoch 27 evaluating [time: 1.59s, valid_score: 0.342600]
Sun 15 Mar 2026 16:23:30 INFO  valid result: 
recall@1 : 0.1382    recall@2 : 0.2284    recall@3 : 0.2893    recall@4 : 0.3346    recall@5 : 0.3706    recall@10 : 0.4943    recall@20 : 0.6356    recall@30 : 0.7028    recall@50 : 0.7938    ndcg@1 : 0.2265    ndcg@2 : 0.2522    ndcg@3 : 0.2713    ndcg@4 : 0.2866    ndcg@5 : 0.2997    ndcg@10 : 0.3426    ndcg@20 : 0.3849    ndcg@30 : 0.4032    ndcg@50 : 0.4249    precision@1 : 0.2265    precision@2 : 0.1913    precision@3 : 0.1647    precision@4 : 0.1454    precision@5 : 0.1324    precision@10 : 0.0924    precision@20 : 0.0626    precision@30 : 0.0478    precision@50 : 0.0334    map@1 : 0.2265    map@2 : 0.2232    map@3 : 0.2288    map@4 : 0.2341    map@5 : 0.2399    map@10 : 0.2575    map@20 : 0.2719    map@30 : 0.2774    map@50 : 0.2825
Sun 15 Mar 2026 16:23:30 INFO  Saving current: saved/LightGCN-Mar-15-2026_16-21-45.pth
Sun 15 Mar 2026 16:23:33 INFO  epoch 28 training [time: 2.21s, train loss: 84.5282]
Sun 15 Mar 2026 16:23:34 INFO  epoch 28 evaluating [time: 1.59s, valid_score: 0.342000]
Sun 15 Mar 2026 16:23:34 INFO  valid result: 
recall@1 : 0.1348    recall@2 : 0.2302    recall@3 : 0.2919    recall@4 : 0.3336    recall@5 : 0.3649    recall@10 : 0.4958    recall@20 : 0.6347    recall@30 : 0.7046    recall@50 : 0.7939    ndcg@1 : 0.2211    ndcg@2 : 0.252    ndcg@3 : 0.2718    ndcg@4 : 0.2855    ndcg@5 : 0.2961    ndcg@10 : 0.342    ndcg@20 : 0.3838    ndcg@30 : 0.4027    ndcg@50 : 0.424    precision@1 : 0.2211    precision@2 : 0.1931    precision@3 : 0.1663    precision@4 : 0.146    precision@5 : 0.13    precision@10 : 0.0929    precision@20 : 0.0628    precision@30 : 0.048    precision@50 : 0.0335    map@1 : 0.2211    map@2 : 0.2227    map@3 : 0.2288    map@4 : 0.2333    map@5 : 0.2374    map@10 : 0.2566    map@20 : 0.2708    map@30 : 0.2765    map@50 : 0.2815
Sun 15 Mar 2026 16:23:36 INFO  epoch 29 training [time: 2.17s, train loss: 83.0618]
Sun 15 Mar 2026 16:23:38 INFO  epoch 29 evaluating [time: 1.59s, valid_score: 0.343700]
Sun 15 Mar 2026 16:23:38 INFO  valid result: 
recall@1 : 0.135    recall@2 : 0.2294    recall@3 : 0.2933    recall@4 : 0.3344    recall@5 : 0.3662    recall@10 : 0.5    recall@20 : 0.6343    recall@30 : 0.7093    recall@50 : 0.7966    ndcg@1 : 0.2223    ndcg@2 : 0.2518    ndcg@3 : 0.2717    ndcg@4 : 0.2855    ndcg@5 : 0.2969    ndcg@10 : 0.3437    ndcg@20 : 0.3845    ndcg@30 : 0.4046    ndcg@50 : 0.4254    precision@1 : 0.2223    precision@2 : 0.1928    precision@3 : 0.1653    precision@4 : 0.1454    precision@5 : 0.1308    precision@10 : 0.0932    precision@20 : 0.0628    precision@30 : 0.0483    precision@50 : 0.0335    map@1 : 0.2223    map@2 : 0.2229    map@3 : 0.2283    map@4 : 0.2328    map@5 : 0.2377    map@10 : 0.2574    map@20 : 0.2715    map@30 : 0.2774    map@50 : 0.2823
Sun 15 Mar 2026 16:23:38 INFO  Saving current: saved/LightGCN-Mar-15-2026_16-21-45.pth
Sun 15 Mar 2026 16:23:40 INFO  epoch 30 training [time: 2.06s, train loss: 81.7813]
Sun 15 Mar 2026 16:23:42 INFO  epoch 30 evaluating [time: 1.60s, valid_score: 0.345800]
Sun 15 Mar 2026 16:23:42 INFO  valid result: 
recall@1 : 0.1357    recall@2 : 0.2279    recall@3 : 0.2938    recall@4 : 0.3397    recall@5 : 0.3656    recall@10 : 0.5052    recall@20 : 0.6377    recall@30 : 0.7105    recall@50 : 0.7972    ndcg@1 : 0.2229    ndcg@2 : 0.2505    ndcg@3 : 0.2723    ndcg@4 : 0.288    ndcg@5 : 0.297    ndcg@10 : 0.3458    ndcg@20 : 0.3859    ndcg@30 : 0.4055    ndcg@50 : 0.4262    precision@1 : 0.2229    precision@2 : 0.191    precision@3 : 0.1663    precision@4 : 0.1469    precision@5 : 0.1305    precision@10 : 0.0943    precision@20 : 0.0631    precision@30 : 0.0484    precision@50 : 0.0336    map@1 : 0.2229    map@2 : 0.222    map@3 : 0.2287    map@4 : 0.2348    map@5 : 0.2383    map@10 : 0.2588    map@20 : 0.2724    map@30 : 0.2783    map@50 : 0.2831
Sun 15 Mar 2026 16:23:42 INFO  Saving current: saved/LightGCN-Mar-15-2026_16-21-45.pth
Sun 15 Mar 2026 16:23:44 INFO  epoch 31 training [time: 1.90s, train loss: 80.4564]
Sun 15 Mar 2026 16:23:45 INFO  epoch 31 evaluating [time: 1.60s, valid_score: 0.347000]
Sun 15 Mar 2026 16:23:45 INFO  valid result: 
recall@1 : 0.1396    recall@2 : 0.2279    recall@3 : 0.2952    recall@4 : 0.3376    recall@5 : 0.365    recall@10 : 0.5038    recall@20 : 0.6375    recall@30 : 0.7109    recall@50 : 0.7963    ndcg@1 : 0.2271    ndcg@2 : 0.2515    ndcg@3 : 0.2749    ndcg@4 : 0.2888    ndcg@5 : 0.2984    ndcg@10 : 0.347    ndcg@20 : 0.3876    ndcg@30 : 0.4071    ndcg@50 : 0.4276    precision@1 : 0.2271    precision@2 : 0.1904    precision@3 : 0.1679    precision@4 : 0.1468    precision@5 : 0.1309    precision@10 : 0.0945    precision@20 : 0.0634    precision@30 : 0.0485    precision@50 : 0.0337    map@1 : 0.2271    map@2 : 0.2233    map@3 : 0.2315    map@4 : 0.2363    map@5 : 0.2399    map@10 : 0.2607    map@20 : 0.2747    map@30 : 0.2804    map@50 : 0.2852
Sun 15 Mar 2026 16:23:45 INFO  Saving current: saved/LightGCN-Mar-15-2026_16-21-45.pth
Sun 15 Mar 2026 16:23:47 INFO  epoch 32 training [time: 2.03s, train loss: 80.0195]
Sun 15 Mar 2026 16:23:49 INFO  epoch 32 evaluating [time: 1.59s, valid_score: 0.347200]
Sun 15 Mar 2026 16:23:49 INFO  valid result: 
recall@1 : 0.1387    recall@2 : 0.2291    recall@3 : 0.2958    recall@4 : 0.3361    recall@5 : 0.3663    recall@10 : 0.5044    recall@20 : 0.6391    recall@30 : 0.7103    recall@50 : 0.7945    ndcg@1 : 0.2247    ndcg@2 : 0.2507    ndcg@3 : 0.2743    ndcg@4 : 0.288    ndcg@5 : 0.2986    ndcg@10 : 0.3472    ndcg@20 : 0.3881    ndcg@30 : 0.4071    ndcg@50 : 0.4274    precision@1 : 0.2247    precision@2 : 0.1895    precision@3 : 0.1673    precision@4 : 0.1469    precision@5 : 0.1312    precision@10 : 0.0946    precision@20 : 0.0636    precision@30 : 0.0485    precision@50 : 0.0336    map@1 : 0.2247    map@2 : 0.2227    map@3 : 0.2308    map@4 : 0.2359    map@5 : 0.24    map@10 : 0.2609    map@20 : 0.275    map@30 : 0.2807    map@50 : 0.2855
Sun 15 Mar 2026 16:23:49 INFO  Saving current: saved/LightGCN-Mar-15-2026_16-21-45.pth
Sun 15 Mar 2026 16:23:50 INFO  epoch 33 training [time: 1.66s, train loss: 77.7825]
Sun 15 Mar 2026 16:23:52 INFO  epoch 33 evaluating [time: 1.59s, valid_score: 0.348100]
Sun 15 Mar 2026 16:23:52 INFO  valid result: 
recall@1 : 0.1378    recall@2 : 0.2336    recall@3 : 0.2951    recall@4 : 0.3391    recall@5 : 0.3683    recall@10 : 0.5045    recall@20 : 0.6421    recall@30 : 0.712    recall@50 : 0.7974    ndcg@1 : 0.2235    ndcg@2 : 0.2538    ndcg@3 : 0.2745    ndcg@4 : 0.2894    ndcg@5 : 0.2998    ndcg@10 : 0.3481    ndcg@20 : 0.3896    ndcg@30 : 0.4084    ndcg@50 : 0.429    precision@1 : 0.2235    precision@2 : 0.1928    precision@3 : 0.1677    precision@4 : 0.1476    precision@5 : 0.1319    precision@10 : 0.0948    precision@20 : 0.0638    precision@30 : 0.0485    precision@50 : 0.0337    map@1 : 0.2235    map@2 : 0.2247    map@3 : 0.2308    map@4 : 0.2365    map@5 : 0.2408    map@10 : 0.2617    map@20 : 0.276    map@30 : 0.2816    map@50 : 0.2865
Sun 15 Mar 2026 16:23:52 INFO  Saving current: saved/LightGCN-Mar-15-2026_16-21-45.pth
Sun 15 Mar 2026 16:23:54 INFO  epoch 34 training [time: 2.11s, train loss: 76.9427]
Sun 15 Mar 2026 16:23:56 INFO  epoch 34 evaluating [time: 1.59s, valid_score: 0.350500]
Sun 15 Mar 2026 16:23:56 INFO  valid result: 
recall@1 : 0.1404    recall@2 : 0.2318    recall@3 : 0.2951    recall@4 : 0.3394    recall@5 : 0.3728    recall@10 : 0.5078    recall@20 : 0.6425    recall@30 : 0.7123    recall@50 : 0.7975    ndcg@1 : 0.2265    ndcg@2 : 0.253    ndcg@3 : 0.2754    ndcg@4 : 0.2904    ndcg@5 : 0.3023    ndcg@10 : 0.3505    ndcg@20 : 0.391    ndcg@30 : 0.41    ndcg@50 : 0.4304    precision@1 : 0.2265    precision@2 : 0.191    precision@3 : 0.1685    precision@4 : 0.1484    precision@5 : 0.1331    precision@10 : 0.0958    precision@20 : 0.0638    precision@30 : 0.0487    precision@50 : 0.0337    map@1 : 0.2265    map@2 : 0.2247    map@3 : 0.2321    map@4 : 0.2379    map@5 : 0.2428    map@10 : 0.2638    map@20 : 0.2778    map@30 : 0.2836    map@50 : 0.2884
Sun 15 Mar 2026 16:23:56 INFO  Saving current: saved/LightGCN-Mar-15-2026_16-21-45.pth
Sun 15 Mar 2026 16:23:58 INFO  epoch 35 training [time: 2.13s, train loss: 75.9587]
Sun 15 Mar 2026 16:23:59 INFO  epoch 35 evaluating [time: 1.59s, valid_score: 0.353100]
Sun 15 Mar 2026 16:23:59 INFO  valid result: 
recall@1 : 0.1409    recall@2 : 0.2352    recall@3 : 0.2966    recall@4 : 0.3418    recall@5 : 0.3738    recall@10 : 0.5123    recall@20 : 0.6428    recall@30 : 0.7143    recall@50 : 0.7989    ndcg@1 : 0.2271    ndcg@2 : 0.2551    ndcg@3 : 0.2766    ndcg@4 : 0.2924    ndcg@5 : 0.3037    ndcg@10 : 0.3531    ndcg@20 : 0.3925    ndcg@30 : 0.412    ndcg@50 : 0.4321    precision@1 : 0.2271    precision@2 : 0.1925    precision@3 : 0.1689    precision@4 : 0.1496    precision@5 : 0.1336    precision@10 : 0.0965    precision@20 : 0.0639    precision@30 : 0.0489    precision@50 : 0.0338    map@1 : 0.2271    map@2 : 0.2262    map@3 : 0.2333    map@4 : 0.2396    map@5 : 0.2441    map@10 : 0.2659    map@20 : 0.2795    map@30 : 0.2854    map@50 : 0.2901
Sun 15 Mar 2026 16:23:59 INFO  Saving current: saved/LightGCN-Mar-15-2026_16-21-45.pth
Sun 15 Mar 2026 16:24:02 INFO  epoch 36 training [time: 2.15s, train loss: 72.6926]
