Mon 16 Mar 2026 13:00:17 INFO  
General Hyper Parameters:
gpu_id = 0
use_gpu = True
seed = 2024
state = INFO
reproducibility = True
data_path = ./travel
checkpoint_dir = saved
show_progress = True
save_dataset = False
dataset_save_path = None
save_dataloaders = False
dataloaders_save_path = None
log_wandb = False

Training Hyper Parameters:
epochs = 1000
train_batch_size = 4096
learner = adam
learning_rate = 0.001
train_neg_sample_args = {'distribution': 'uniform', 'sample_num': 1, 'alpha': 1.0, 'dynamic': False, 'candidate_num': 0}
eval_step = 1
stopping_step = 10
clip_grad_norm = None
weight_decay = 0.0
loss_decimal_place = 4

Evaluation Hyper Parameters:
eval_args = {'split': {'RS': [0.8, 0.1, 0.1]}, 'order': 'RO', 'group_by': 'user', 'mode': {'valid': 'full', 'test': 'full'}}
repeatable = False
metrics = ['Recall', 'NDCG', 'Precision', 'MAP']
topk = [1, 2, 3, 4, 5, 10, 20, 30, 50]
valid_metric = NDCG@10
valid_metric_bigger = True
eval_batch_size = 4096
metric_decimal_place = 4

Dataset Hyper Parameters:
field_separator = 	
seq_separator =  
USER_ID_FIELD = user_id
ITEM_ID_FIELD = item_id
RATING_FIELD = rating
TIME_FIELD = timestamp
seq_len = None
LABEL_FIELD = label
threshold = None
NEG_PREFIX = neg_
load_col = {'inter': ['user_id', 'item_id', 'rating'], 'user': ['user_id', 'post_num', 'follower', 'following', 'timestamp']}
unload_col = None
unused_col = None
additional_feat_suffix = None
rm_dup_inter = None
val_interval = {'rating': '[0,inf)'}
filter_inter_by_user_or_item = True
user_inter_num_interval = [0,inf)
item_inter_num_interval = [0,inf)
alias_of_user_id = None
alias_of_item_id = None
alias_of_entity_id = None
alias_of_relation_id = None
preload_weight = None
normalize_field = None
normalize_all = None
ITEM_LIST_LENGTH_FIELD = item_length
LIST_SUFFIX = _list
MAX_ITEM_LIST_LENGTH = 50
POSITION_FIELD = position_id
HEAD_ENTITY_ID_FIELD = head_id
TAIL_ENTITY_ID_FIELD = tail_id
RELATION_ID_FIELD = relation_id
ENTITY_ID_FIELD = entity_id
benchmark_filename = None

Other Hyper Parameters: 
worker = 0
wandb_project = recbole
shuffle = True
require_pow = False
enable_amp = False
enable_scaler = False
transform = None
embedding_size = 64
n_layers = 3
reg_weight = 0.0001
ssl_temp = 0.1
ssl_reg = 1e-07
hyper_layers = 1
alpha = 1
proto_reg = 8e-08
num_clusters = 10
m_step = 1
warm_up_step = 20
numerical_features = []
discretization = None
kg_reverse_r = False
entity_kg_num_interval = [0,inf)
relation_kg_num_interval = [0,inf)
MODEL_TYPE = ModelType.GENERAL
stoping_step = 20
MODEL_INPUT_TYPE = InputType.PAIRWISE
eval_type = EvaluatorType.RANKING
single_spec = True
local_rank = 0
device = cuda
valid_neg_sample_args = {'distribution': 'uniform', 'sample_num': 'none'}
test_neg_sample_args = {'distribution': 'uniform', 'sample_num': 'none'}


Mon 16 Mar 2026 13:00:17 INFO  travel
The number of users: 2010
Average actions of users: 18.721254355400696
The number of items: 247
Average actions of items: 152.890243902439
The number of inters: 37611
The sparsity of the dataset: 92.42431566862047%
Remain Fields: ['user_id', 'item_id', 'rating', 'post_num', 'follower', 'following', 'timestamp']
Mon 16 Mar 2026 13:00:17 INFO  [Training]: train_batch_size = [4096] train_neg_sample_args: [{'distribution': 'uniform', 'sample_num': 1, 'alpha': 1.0, 'dynamic': False, 'candidate_num': 0}]
Mon 16 Mar 2026 13:00:17 INFO  [Evaluation]: eval_batch_size = [4096] eval_args: [{'split': {'RS': [0.8, 0.1, 0.1]}, 'order': 'RO', 'group_by': 'user', 'mode': {'valid': 'full', 'test': 'full'}}]
Mon 16 Mar 2026 13:00:18 INFO  NCL(
  (user_embedding): Embedding(2010, 64)
  (item_embedding): Embedding(247, 64)
  (mf_loss): BPRLoss()
  (reg_loss): EmbLoss()
)
Trainable parameters: 144448
Mon 16 Mar 2026 13:00:18 INFO  trainable parameters: 144448
Mon 16 Mar 2026 13:00:18 INFO  Running E-step ! 
Mon 16 Mar 2026 13:00:19 INFO  epoch 0 training [time: 0.61s, train_loss1: 5.5428, train_loss2: 0.0196]
Mon 16 Mar 2026 13:00:19 INFO  epoch 0 evaluating [time: 0.27s, valid_score: 0.028200]
Mon 16 Mar 2026 13:00:19 INFO  valid result: 
recall@1 : 0.0053    recall@2 : 0.0095    recall@3 : 0.0154    recall@4 : 0.0195    recall@5 : 0.0235    recall@10 : 0.0485    recall@20 : 0.1087    recall@30 : 0.1563    recall@50 : 0.2495    ndcg@1 : 0.0149    ndcg@2 : 0.0139    ndcg@3 : 0.016    ndcg@4 : 0.0175    ndcg@5 : 0.0191    ndcg@10 : 0.0282    ndcg@20 : 0.0458    ndcg@30 : 0.0582    ndcg@50 : 0.0794    precision@1 : 0.0149    precision@2 : 0.0116    precision@3 : 0.0117    precision@4 : 0.0116    precision@5 : 0.0118    precision@10 : 0.0123    precision@20 : 0.0126    precision@30 : 0.0122    precision@50 : 0.0116    map@1 : 0.0149    map@2 : 0.0116    map@3 : 0.0119    map@4 : 0.0121    map@5 : 0.0124    map@10 : 0.015    map@20 : 0.0192    map@30 : 0.0216    map@50 : 0.0246
Mon 16 Mar 2026 13:00:19 INFO  Saving current: saved/NCL-Mar-16-2026_13-00-18.pth
Mon 16 Mar 2026 13:00:19 INFO  Saving current best: saved/NCL-Mar-16-2026_13-00-18.pth
Mon 16 Mar 2026 13:00:19 INFO  Running E-step ! 
Mon 16 Mar 2026 13:00:20 INFO  epoch 1 training [time: 0.20s, train_loss1: 5.5425, train_loss2: 0.0150]
Mon 16 Mar 2026 13:00:20 INFO  epoch 1 evaluating [time: 0.23s, valid_score: 0.029900]
Mon 16 Mar 2026 13:00:20 INFO  valid result: 
recall@1 : 0.0045    recall@2 : 0.0102    recall@3 : 0.0144    recall@4 : 0.0196    recall@5 : 0.0254    recall@10 : 0.0545    recall@20 : 0.1075    recall@30 : 0.1567    recall@50 : 0.2445    ndcg@1 : 0.0119    ndcg@2 : 0.014    ndcg@3 : 0.0154    ndcg@4 : 0.0173    ndcg@5 : 0.0196    ndcg@10 : 0.0299    ndcg@20 : 0.0456    ndcg@30 : 0.0582    ndcg@50 : 0.0785    precision@1 : 0.0119    precision@2 : 0.0125    precision@3 : 0.0117    precision@4 : 0.0118    precision@5 : 0.0124    precision@10 : 0.013    precision@20 : 0.0126    precision@30 : 0.0121    precision@50 : 0.0114    map@1 : 0.0119    map@2 : 0.0115    map@3 : 0.0114    map@4 : 0.0118    map@5 : 0.0124    map@10 : 0.0156    map@20 : 0.0193    map@30 : 0.0216    map@50 : 0.0246
Mon 16 Mar 2026 13:00:20 INFO  Saving current: saved/NCL-Mar-16-2026_13-00-18.pth
Mon 16 Mar 2026 13:00:20 INFO  Saving current best: saved/NCL-Mar-16-2026_13-00-18.pth
Mon 16 Mar 2026 13:00:20 INFO  Running E-step ! 
Mon 16 Mar 2026 13:00:20 INFO  epoch 2 training [time: 0.17s, train_loss1: 5.5421, train_loss2: 0.0129]
Mon 16 Mar 2026 13:00:20 INFO  epoch 2 evaluating [time: 0.23s, valid_score: 0.031100]
Mon 16 Mar 2026 13:00:20 INFO  valid result: 
recall@1 : 0.0037    recall@2 : 0.0102    recall@3 : 0.0148    recall@4 : 0.0223    recall@5 : 0.0294    recall@10 : 0.0576    recall@20 : 0.11    recall@30 : 0.162    recall@50 : 0.254    ndcg@1 : 0.0107    ndcg@2 : 0.0137    ndcg@3 : 0.0154    ndcg@4 : 0.0183    ndcg@5 : 0.0211    ndcg@10 : 0.0311    ndcg@20 : 0.047    ndcg@30 : 0.0604    ndcg@50 : 0.0813    precision@1 : 0.0107    precision@2 : 0.0125    precision@3 : 0.0121    precision@4 : 0.0128    precision@5 : 0.0136    precision@10 : 0.0135    precision@20 : 0.0131    precision@30 : 0.0127    precision@50 : 0.0119    map@1 : 0.0107    map@2 : 0.0109    map@3 : 0.0111    map@4 : 0.0121    map@5 : 0.013    map@10 : 0.016    map@20 : 0.0198    map@30 : 0.0223    map@50 : 0.0254
Mon 16 Mar 2026 13:00:20 INFO  Saving current: saved/NCL-Mar-16-2026_13-00-18.pth
Mon 16 Mar 2026 13:00:20 INFO  Saving current best: saved/NCL-Mar-16-2026_13-00-18.pth
Mon 16 Mar 2026 13:00:20 INFO  Running E-step ! 
Mon 16 Mar 2026 13:00:20 INFO  epoch 3 training [time: 0.20s, train_loss1: 5.5414, train_loss2: 0.0113]
Mon 16 Mar 2026 13:00:21 INFO  epoch 3 evaluating [time: 0.23s, valid_score: 0.033500]
Mon 16 Mar 2026 13:00:21 INFO  valid result: 
recall@1 : 0.0043    recall@2 : 0.0122    recall@3 : 0.017    recall@4 : 0.0254    recall@5 : 0.031    recall@10 : 0.0605    recall@20 : 0.1139    recall@30 : 0.1678    recall@50 : 0.259    ndcg@1 : 0.0125    ndcg@2 : 0.0162    ndcg@3 : 0.0178    ndcg@4 : 0.0207    ndcg@5 : 0.0228    ndcg@10 : 0.0335    ndcg@20 : 0.0493    ndcg@30 : 0.0632    ndcg@50 : 0.0842    precision@1 : 0.0125    precision@2 : 0.0149    precision@3 : 0.0139    precision@4 : 0.0139    precision@5 : 0.0138    precision@10 : 0.0143    precision@20 : 0.0134    precision@30 : 0.013    precision@50 : 0.0121    map@1 : 0.0125    map@2 : 0.0128    map@3 : 0.0128    map@4 : 0.0139    map@5 : 0.0144    map@10 : 0.0176    map@20 : 0.0214    map@30 : 0.024    map@50 : 0.0271
Mon 16 Mar 2026 13:00:21 INFO  Saving current: saved/NCL-Mar-16-2026_13-00-18.pth
Mon 16 Mar 2026 13:00:21 INFO  Saving current best: saved/NCL-Mar-16-2026_13-00-18.pth
Mon 16 Mar 2026 13:00:21 INFO  Running E-step ! 
Mon 16 Mar 2026 13:00:21 INFO  epoch 4 training [time: 0.19s, train_loss1: 5.5408, train_loss2: 0.0100]
Mon 16 Mar 2026 13:00:21 INFO  epoch 4 evaluating [time: 0.23s, valid_score: 0.036700]
Mon 16 Mar 2026 13:00:21 INFO  valid result: 
recall@1 : 0.0067    recall@2 : 0.0138    recall@3 : 0.0199    recall@4 : 0.0272    recall@5 : 0.0342    recall@10 : 0.0645    recall@20 : 0.1223    recall@30 : 0.1701    recall@50 : 0.2589    ndcg@1 : 0.0173    ndcg@2 : 0.0191    ndcg@3 : 0.0208    ndcg@4 : 0.0233    ndcg@5 : 0.0259    ndcg@10 : 0.0367    ndcg@20 : 0.0537    ndcg@30 : 0.0661    ndcg@50 : 0.0867    precision@1 : 0.0173    precision@2 : 0.0167    precision@3 : 0.0153    precision@4 : 0.0149    precision@5 : 0.015    precision@10 : 0.015    precision@20 : 0.0141    precision@30 : 0.0132    precision@50 : 0.0122    map@1 : 0.0173    map@2 : 0.0155    map@3 : 0.0154    map@4 : 0.0161    map@5 : 0.0169    map@10 : 0.0202    map@20 : 0.0241    map@30 : 0.0265    map@50 : 0.0296
Mon 16 Mar 2026 13:00:21 INFO  Saving current: saved/NCL-Mar-16-2026_13-00-18.pth
Mon 16 Mar 2026 13:00:21 INFO  Saving current best: saved/NCL-Mar-16-2026_13-00-18.pth
Mon 16 Mar 2026 13:00:21 INFO  Running E-step ! 
Mon 16 Mar 2026 13:00:21 INFO  epoch 5 training [time: 0.19s, train_loss1: 5.5399, train_loss2: 0.0089]
Mon 16 Mar 2026 13:00:22 INFO  epoch 5 evaluating [time: 0.23s, valid_score: 0.039000]
Mon 16 Mar 2026 13:00:22 INFO  valid result: 
recall@1 : 0.0077    recall@2 : 0.0155    recall@3 : 0.0237    recall@4 : 0.0299    recall@5 : 0.0381    recall@10 : 0.0662    recall@20 : 0.1264    recall@30 : 0.177    recall@50 : 0.2627    ndcg@1 : 0.0185    ndcg@2 : 0.0211    ndcg@3 : 0.0238    ndcg@4 : 0.0259    ndcg@5 : 0.0291    ndcg@10 : 0.039    ndcg@20 : 0.0568    ndcg@30 : 0.0699    ndcg@50 : 0.0899    precision@1 : 0.0185    precision@2 : 0.0185    precision@3 : 0.0175    precision@4 : 0.0164    precision@5 : 0.0168    precision@10 : 0.0154    precision@20 : 0.0148    precision@30 : 0.0138    precision@50 : 0.0125    map@1 : 0.0185    map@2 : 0.0173    map@3 : 0.0179    map@4 : 0.0185    map@5 : 0.0193    map@10 : 0.0221    map@20 : 0.0264    map@30 : 0.0289    map@50 : 0.0319
Mon 16 Mar 2026 13:00:22 INFO  Saving current: saved/NCL-Mar-16-2026_13-00-18.pth
Mon 16 Mar 2026 13:00:22 INFO  Saving current best: saved/NCL-Mar-16-2026_13-00-18.pth
Mon 16 Mar 2026 13:00:22 INFO  Running E-step ! 
Mon 16 Mar 2026 13:00:22 INFO  epoch 6 training [time: 0.17s, train_loss1: 5.5390, train_loss2: 0.0080]
Mon 16 Mar 2026 13:00:22 INFO  epoch 6 evaluating [time: 0.24s, valid_score: 0.044100]
Mon 16 Mar 2026 13:00:22 INFO  valid result: 
recall@1 : 0.0099    recall@2 : 0.0184    recall@3 : 0.0264    recall@4 : 0.036    recall@5 : 0.0436    recall@10 : 0.0736    recall@20 : 0.1298    recall@30 : 0.1825    recall@50 : 0.2647    ndcg@1 : 0.0226    ndcg@2 : 0.024    ndcg@3 : 0.027    ndcg@4 : 0.0307    ndcg@5 : 0.0338    ndcg@10 : 0.0441    ndcg@20 : 0.0611    ndcg@30 : 0.0743    ndcg@50 : 0.0938    precision@1 : 0.0226    precision@2 : 0.02    precision@3 : 0.0195    precision@4 : 0.0194    precision@5 : 0.0195    precision@10 : 0.0169    precision@20 : 0.0156    precision@30 : 0.014    precision@50 : 0.0127    map@1 : 0.0226    map@2 : 0.0198    map@3 : 0.0205    map@4 : 0.0217    map@5 : 0.0226    map@10 : 0.0256    map@20 : 0.0297    map@30 : 0.0323    map@50 : 0.0352
Mon 16 Mar 2026 13:00:22 INFO  Saving current: saved/NCL-Mar-16-2026_13-00-18.pth
Mon 16 Mar 2026 13:00:22 INFO  Saving current best: saved/NCL-Mar-16-2026_13-00-18.pth
Mon 16 Mar 2026 13:00:22 INFO  Running E-step ! 
Mon 16 Mar 2026 13:00:22 INFO  epoch 7 training [time: 0.18s, train_loss1: 5.5378, train_loss2: 0.0073]
Mon 16 Mar 2026 13:00:22 INFO  epoch 7 evaluating [time: 0.23s, valid_score: 0.047300]
Mon 16 Mar 2026 13:00:22 INFO  valid result: 
recall@1 : 0.0108    recall@2 : 0.0211    recall@3 : 0.0316    recall@4 : 0.0386    recall@5 : 0.0459    recall@10 : 0.0773    recall@20 : 0.1382    recall@30 : 0.1851    recall@50 : 0.2714    ndcg@1 : 0.025    ndcg@2 : 0.0273    ndcg@3 : 0.0311    ndcg@4 : 0.0336    ndcg@5 : 0.0364    ndcg@10 : 0.0473    ndcg@20 : 0.0653    ndcg@30 : 0.0774    ndcg@50 : 0.0978    precision@1 : 0.025    precision@2 : 0.0229    precision@3 : 0.0222    precision@4 : 0.0212    precision@5 : 0.0206    precision@10 : 0.0181    precision@20 : 0.0163    precision@30 : 0.0144    precision@50 : 0.013    map@1 : 0.025    map@2 : 0.0226    map@3 : 0.0234    map@4 : 0.024    map@5 : 0.0248    map@10 : 0.0279    map@20 : 0.0322    map@30 : 0.0346    map@50 : 0.0378
Mon 16 Mar 2026 13:00:22 INFO  Saving current: saved/NCL-Mar-16-2026_13-00-18.pth
Mon 16 Mar 2026 13:00:22 INFO  Saving current best: saved/NCL-Mar-16-2026_13-00-18.pth
Mon 16 Mar 2026 13:00:22 INFO  Running E-step ! 
Mon 16 Mar 2026 13:00:23 INFO  epoch 8 training [time: 0.19s, train_loss1: 5.5364, train_loss2: 0.0068]
Mon 16 Mar 2026 13:00:23 INFO  epoch 8 evaluating [time: 0.22s, valid_score: 0.052100]
Mon 16 Mar 2026 13:00:23 INFO  valid result: 
recall@1 : 0.0132    recall@2 : 0.0261    recall@3 : 0.0358    recall@4 : 0.044    recall@5 : 0.0511    recall@10 : 0.082    recall@20 : 0.1466    recall@30 : 0.1956    recall@50 : 0.2852    ndcg@1 : 0.0292    ndcg@2 : 0.0329    ndcg@3 : 0.0358    ndcg@4 : 0.0385    ndcg@5 : 0.0414    ndcg@10 : 0.0521    ndcg@20 : 0.0712    ndcg@30 : 0.0839    ndcg@50 : 0.1048    precision@1 : 0.0292    precision@2 : 0.0277    precision@3 : 0.0254    precision@4 : 0.0235    precision@5 : 0.0228    precision@10 : 0.0194    precision@20 : 0.0172    precision@30 : 0.0153    precision@50 : 0.0136    map@1 : 0.0292    map@2 : 0.0273    map@3 : 0.0274    map@4 : 0.0279    map@5 : 0.0287    map@10 : 0.0318    map@20 : 0.0365    map@30 : 0.039    map@50 : 0.0422
Mon 16 Mar 2026 13:00:23 INFO  Saving current: saved/NCL-Mar-16-2026_13-00-18.pth
Mon 16 Mar 2026 13:00:23 INFO  Saving current best: saved/NCL-Mar-16-2026_13-00-18.pth
Mon 16 Mar 2026 13:00:23 INFO  Running E-step ! 
Mon 16 Mar 2026 13:00:23 INFO  epoch 9 training [time: 0.18s, train_loss1: 5.5346, train_loss2: 0.0064]
Mon 16 Mar 2026 13:00:23 INFO  epoch 9 evaluating [time: 0.22s, valid_score: 0.060600]
Mon 16 Mar 2026 13:00:23 INFO  valid result: 
recall@1 : 0.018    recall@2 : 0.0313    recall@3 : 0.0418    recall@4 : 0.0501    recall@5 : 0.0558    recall@10 : 0.0931    recall@20 : 0.1581    recall@30 : 0.2047    recall@50 : 0.2974    ndcg@1 : 0.0393    ndcg@2 : 0.0403    ndcg@3 : 0.0434    ndcg@4 : 0.0456    ndcg@5 : 0.0476    ndcg@10 : 0.0606    ndcg@20 : 0.0796    ndcg@30 : 0.0921    ndcg@50 : 0.1134    precision@1 : 0.0393    precision@2 : 0.0331    precision@3 : 0.0298    precision@4 : 0.0268    precision@5 : 0.0248    precision@10 : 0.0219    precision@20 : 0.0184    precision@30 : 0.0163    precision@50 : 0.0141    map@1 : 0.0393    map@2 : 0.0338    map@3 : 0.0337    map@4 : 0.0338    map@5 : 0.0343    map@10 : 0.0379    map@20 : 0.0426    map@30 : 0.0452    map@50 : 0.0485
Mon 16 Mar 2026 13:00:23 INFO  Saving current: saved/NCL-Mar-16-2026_13-00-18.pth
Mon 16 Mar 2026 13:00:23 INFO  Saving current best: saved/NCL-Mar-16-2026_13-00-18.pth
Mon 16 Mar 2026 13:00:23 INFO  Running E-step ! 
Mon 16 Mar 2026 13:00:23 INFO  epoch 10 training [time: 0.18s, train_loss1: 5.5326, train_loss2: 0.0061]
Mon 16 Mar 2026 13:00:24 INFO  epoch 10 evaluating [time: 0.22s, valid_score: 0.069200]
Mon 16 Mar 2026 13:00:24 INFO  valid result: 
recall@1 : 0.0232    recall@2 : 0.0375    recall@3 : 0.047    recall@4 : 0.0573    recall@5 : 0.0644    recall@10 : 0.1028    recall@20 : 0.1732    recall@30 : 0.2179    recall@50 : 0.3137    ndcg@1 : 0.0489    ndcg@2 : 0.0482    ndcg@3 : 0.0501    ndcg@4 : 0.0538    ndcg@5 : 0.0561    ndcg@10 : 0.0692    ndcg@20 : 0.0898    ndcg@30 : 0.102    ndcg@50 : 0.124    precision@1 : 0.0489    precision@2 : 0.0387    precision@3 : 0.0334    precision@4 : 0.0314    precision@5 : 0.0292    precision@10 : 0.0241    precision@20 : 0.0201    precision@30 : 0.0173    precision@50 : 0.0148    map@1 : 0.0489    map@2 : 0.0413    map@3 : 0.0399    map@4 : 0.0407    map@5 : 0.0411    map@10 : 0.0446    map@20 : 0.0499    map@30 : 0.0524    map@50 : 0.056
Mon 16 Mar 2026 13:00:24 INFO  Saving current: saved/NCL-Mar-16-2026_13-00-18.pth
Mon 16 Mar 2026 13:00:24 INFO  Saving current best: saved/NCL-Mar-16-2026_13-00-18.pth
Mon 16 Mar 2026 13:00:24 INFO  Running E-step ! 
Mon 16 Mar 2026 13:00:24 INFO  epoch 11 training [time: 0.19s, train_loss1: 5.5300, train_loss2: 0.0060]
Mon 16 Mar 2026 13:00:24 INFO  epoch 11 evaluating [time: 0.23s, valid_score: 0.079700]
Mon 16 Mar 2026 13:00:24 INFO  valid result: 
recall@1 : 0.0245    recall@2 : 0.0431    recall@3 : 0.0536    recall@4 : 0.0622    recall@5 : 0.0751    recall@10 : 0.1215    recall@20 : 0.19    recall@30 : 0.2421    recall@50 : 0.3296    ndcg@1 : 0.053    ndcg@2 : 0.0544    ndcg@3 : 0.0567    ndcg@4 : 0.0593    ndcg@5 : 0.0639    ndcg@10 : 0.0797    ndcg@20 : 0.1001    ndcg@30 : 0.1138    ndcg@50 : 0.1342    precision@1 : 0.053    precision@2 : 0.0447    precision@3 : 0.0389    precision@4 : 0.0355    precision@5 : 0.034    precision@10 : 0.0281    precision@20 : 0.0223    precision@30 : 0.019    precision@50 : 0.0157    map@1 : 0.053    map@2 : 0.0462    map@3 : 0.0447    map@4 : 0.0447    map@5 : 0.0462    map@10 : 0.0506    map@20 : 0.0561    map@30 : 0.0589    map@50 : 0.0623
Mon 16 Mar 2026 13:00:24 INFO  Saving current: saved/NCL-Mar-16-2026_13-00-18.pth
Mon 16 Mar 2026 13:00:24 INFO  Saving current best: saved/NCL-Mar-16-2026_13-00-18.pth
Mon 16 Mar 2026 13:00:24 INFO  Running E-step ! 
Mon 16 Mar 2026 13:00:24 INFO  epoch 12 training [time: 0.19s, train_loss1: 5.5269, train_loss2: 0.0061]
Mon 16 Mar 2026 13:00:25 INFO  epoch 12 evaluating [time: 0.23s, valid_score: 0.092700]
Mon 16 Mar 2026 13:00:25 INFO  valid result: 
recall@1 : 0.0284    recall@2 : 0.0478    recall@3 : 0.0645    recall@4 : 0.0757    recall@5 : 0.0844    recall@10 : 0.1416    recall@20 : 0.2115    recall@30 : 0.2651    recall@50 : 0.3578    ndcg@1 : 0.0614    ndcg@2 : 0.0618    ndcg@3 : 0.0669    ndcg@4 : 0.0703    ndcg@5 : 0.0729    ndcg@10 : 0.0927    ndcg@20 : 0.1135    ndcg@30 : 0.1279    ndcg@50 : 0.1494    precision@1 : 0.0614    precision@2 : 0.0507    precision@3 : 0.0469    precision@4 : 0.0425    precision@5 : 0.0386    precision@10 : 0.0324    precision@20 : 0.0246    precision@30 : 0.021    precision@50 : 0.0169    map@1 : 0.0614    map@2 : 0.0521    map@3 : 0.0522    map@4 : 0.0526    map@5 : 0.0529    map@10 : 0.0595    map@20 : 0.0651    map@30 : 0.0682    map@50 : 0.0719
Mon 16 Mar 2026 13:00:25 INFO  Saving current: saved/NCL-Mar-16-2026_13-00-18.pth
Mon 16 Mar 2026 13:00:25 INFO  Saving current best: saved/NCL-Mar-16-2026_13-00-18.pth
Mon 16 Mar 2026 13:00:25 INFO  Running E-step ! 
Mon 16 Mar 2026 13:00:25 INFO  epoch 13 training [time: 0.16s, train_loss1: 5.5230, train_loss2: 0.0065]
Mon 16 Mar 2026 13:00:25 INFO  epoch 13 evaluating [time: 0.22s, valid_score: 0.108500]
Mon 16 Mar 2026 13:00:25 INFO  valid result: 
recall@1 : 0.0344    recall@2 : 0.0555    recall@3 : 0.0722    recall@4 : 0.0883    recall@5 : 0.1043    recall@10 : 0.1659    recall@20 : 0.2398    recall@30 : 0.302    recall@50 : 0.3909    ndcg@1 : 0.0697    ndcg@2 : 0.0712    ndcg@3 : 0.0758    ndcg@4 : 0.0816    ndcg@5 : 0.0872    ndcg@10 : 0.1085    ndcg@20 : 0.1314    ndcg@30 : 0.1475    ndcg@50 : 0.1682    precision@1 : 0.0697    precision@2 : 0.0584    precision@3 : 0.0524    precision@4 : 0.0495    precision@5 : 0.0466    precision@10 : 0.0372    precision@20 : 0.0284    precision@30 : 0.0237    precision@50 : 0.0185    map@1 : 0.0697    map@2 : 0.0609    map@3 : 0.06    map@4 : 0.0613    map@5 : 0.0635    map@10 : 0.0709    map@20 : 0.0773    map@30 : 0.0809    map@50 : 0.0846
Mon 16 Mar 2026 13:00:25 INFO  Saving current: saved/NCL-Mar-16-2026_13-00-18.pth
Mon 16 Mar 2026 13:00:25 INFO  Saving current best: saved/NCL-Mar-16-2026_13-00-18.pth
Mon 16 Mar 2026 13:00:25 INFO  Running E-step ! 
Mon 16 Mar 2026 13:00:25 INFO  epoch 14 training [time: 0.18s, train_loss1: 5.5175, train_loss2: 0.0073]
Mon 16 Mar 2026 13:00:25 INFO  epoch 14 evaluating [time: 0.23s, valid_score: 0.127200]
Mon 16 Mar 2026 13:00:25 INFO  valid result: 
recall@1 : 0.0372    recall@2 : 0.0646    recall@3 : 0.083    recall@4 : 0.1048    recall@5 : 0.1261    recall@10 : 0.1962    recall@20 : 0.2804    recall@30 : 0.3448    recall@50 : 0.4309    ndcg@1 : 0.0781    ndcg@2 : 0.0816    ndcg@3 : 0.0866    ndcg@4 : 0.0944    ndcg@5 : 0.1026    ndcg@10 : 0.1272    ndcg@20 : 0.1533    ndcg@30 : 0.17    ndcg@50 : 0.1903    precision@1 : 0.0781    precision@2 : 0.0679    precision@3 : 0.061    precision@4 : 0.0578    precision@5 : 0.0563    precision@10 : 0.0442    precision@20 : 0.033    precision@30 : 0.027    precision@50 : 0.0204    map@1 : 0.0781    map@2 : 0.0694    map@3 : 0.0683    map@4 : 0.0706    map@5 : 0.074    map@10 : 0.083    map@20 : 0.0909    map@30 : 0.0949    map@50 : 0.0986
Mon 16 Mar 2026 13:00:25 INFO  Saving current: saved/NCL-Mar-16-2026_13-00-18.pth
Mon 16 Mar 2026 13:00:25 INFO  Saving current best: saved/NCL-Mar-16-2026_13-00-18.pth
Mon 16 Mar 2026 13:00:25 INFO  Running E-step ! 
Mon 16 Mar 2026 13:00:26 INFO  epoch 15 training [time: 0.18s, train_loss1: 5.5099, train_loss2: 0.0087]
Mon 16 Mar 2026 13:00:26 INFO  epoch 15 evaluating [time: 0.23s, valid_score: 0.152300]
Mon 16 Mar 2026 13:00:26 INFO  valid result: 
recall@1 : 0.0408    recall@2 : 0.0768    recall@3 : 0.1028    recall@4 : 0.1286    recall@5 : 0.1553    recall@10 : 0.2396    recall@20 : 0.3364    recall@30 : 0.4043    recall@50 : 0.4925    ndcg@1 : 0.0852    ndcg@2 : 0.095    ndcg@3 : 0.1027    ndcg@4 : 0.1121    ndcg@5 : 0.1224    ndcg@10 : 0.1523    ndcg@20 : 0.1819    ndcg@30 : 0.1996    ndcg@50 : 0.2202    precision@1 : 0.0852    precision@2 : 0.0813    precision@3 : 0.0733    precision@4 : 0.069    precision@5 : 0.0672    precision@10 : 0.0531    precision@20 : 0.0389    precision@30 : 0.0312    precision@50 : 0.0231    map@1 : 0.0852    map@2 : 0.08    map@3 : 0.0801    map@4 : 0.0835    map@5 : 0.0878    map@10 : 0.0995    map@20 : 0.1087    map@30 : 0.1131    map@50 : 0.1171
Mon 16 Mar 2026 13:00:26 INFO  Saving current: saved/NCL-Mar-16-2026_13-00-18.pth
Mon 16 Mar 2026 13:00:26 INFO  Saving current best: saved/NCL-Mar-16-2026_13-00-18.pth
Mon 16 Mar 2026 13:00:26 INFO  Running E-step ! 
Mon 16 Mar 2026 13:00:26 INFO  epoch 16 training [time: 0.18s, train_loss1: 5.4984, train_loss2: 0.0110]
Mon 16 Mar 2026 13:00:26 INFO  epoch 16 evaluating [time: 0.24s, valid_score: 0.186300]
Mon 16 Mar 2026 13:00:26 INFO  valid result: 
recall@1 : 0.054    recall@2 : 0.0958    recall@3 : 0.1276    recall@4 : 0.1626    recall@5 : 0.1848    recall@10 : 0.2919    recall@20 : 0.3985    recall@30 : 0.4651    recall@50 : 0.5643    ndcg@1 : 0.1061    ndcg@2 : 0.1167    ndcg@3 : 0.1266    ndcg@4 : 0.1402    ndcg@5 : 0.1479    ndcg@10 : 0.1863    ndcg@20 : 0.2193    ndcg@30 : 0.2365    ndcg@50 : 0.2601    precision@1 : 0.1061    precision@2 : 0.0971    precision@3 : 0.0884    precision@4 : 0.0851    precision@5 : 0.0782    precision@10 : 0.063    precision@20 : 0.0453    precision@30 : 0.0353    precision@50 : 0.0263    map@1 : 0.1061    map@2 : 0.0998    map@3 : 0.1004    map@4 : 0.1063    map@5 : 0.1092    map@10 : 0.1246    map@20 : 0.1357    map@30 : 0.1401    map@50 : 0.145
Mon 16 Mar 2026 13:00:26 INFO  Saving current: saved/NCL-Mar-16-2026_13-00-18.pth
Mon 16 Mar 2026 13:00:26 INFO  Saving current best: saved/NCL-Mar-16-2026_13-00-18.pth
Mon 16 Mar 2026 13:00:26 INFO  Running E-step ! 
Mon 16 Mar 2026 13:00:26 INFO  epoch 17 training [time: 0.18s, train_loss1: 5.4804, train_loss2: 0.0145]
Mon 16 Mar 2026 13:00:27 INFO  epoch 17 evaluating [time: 0.23s, valid_score: 0.220100]
Mon 16 Mar 2026 13:00:27 INFO  valid result: 
recall@1 : 0.0663    recall@2 : 0.1135    recall@3 : 0.1613    recall@4 : 0.1953    recall@5 : 0.2282    recall@10 : 0.3431    recall@20 : 0.4649    recall@30 : 0.5335    recall@50 : 0.6348    ndcg@1 : 0.1287    ndcg@2 : 0.1362    ndcg@3 : 0.1532    ndcg@4 : 0.1659    ndcg@5 : 0.1789    ndcg@10 : 0.2201    ndcg@20 : 0.2574    ndcg@30 : 0.276    ndcg@50 : 0.2998    precision@1 : 0.1287    precision@2 : 0.1103    precision@3 : 0.1041    precision@4 : 0.0968    precision@5 : 0.0927    precision@10 : 0.0716    precision@20 : 0.0508    precision@30 : 0.04    precision@50 : 0.029    map@1 : 0.1287    map@2 : 0.118    map@3 : 0.1227    map@4 : 0.1275    map@5 : 0.1333    map@10 : 0.15    map@20 : 0.1628    map@30 : 0.168    map@50 : 0.1732
Mon 16 Mar 2026 13:00:27 INFO  Saving current: saved/NCL-Mar-16-2026_13-00-18.pth
Mon 16 Mar 2026 13:00:27 INFO  Saving current best: saved/NCL-Mar-16-2026_13-00-18.pth
Mon 16 Mar 2026 13:00:27 INFO  Running E-step ! 
Mon 16 Mar 2026 13:00:27 INFO  epoch 18 training [time: 0.16s, train_loss1: 5.4503, train_loss2: 0.0201]
Mon 16 Mar 2026 13:00:27 INFO  epoch 18 evaluating [time: 0.24s, valid_score: 0.264100]
Mon 16 Mar 2026 13:00:27 INFO  valid result: 
recall@1 : 0.091    recall@2 : 0.1467    recall@3 : 0.1979    recall@4 : 0.2413    recall@5 : 0.275    recall@10 : 0.4069    recall@20 : 0.5398    recall@30 : 0.6151    recall@50 : 0.6967    ndcg@1 : 0.1561    ndcg@2 : 0.1686    ndcg@3 : 0.1878    ndcg@4 : 0.2043    ndcg@5 : 0.2167    ndcg@10 : 0.2641    ndcg@20 : 0.3049    ndcg@30 : 0.3251    ndcg@50 : 0.3448    precision@1 : 0.1561    precision@2 : 0.1308    precision@3 : 0.122    precision@4 : 0.1128    precision@5 : 0.1043    precision@10 : 0.0803    precision@20 : 0.0562    precision@30 : 0.044    precision@50 : 0.0308    map@1 : 0.1561    map@2 : 0.1479    map@3 : 0.1538    map@4 : 0.1605    map@5 : 0.1657    map@10 : 0.1855    map@20 : 0.1998    map@30 : 0.2057    map@50 : 0.2103
Mon 16 Mar 2026 13:00:27 INFO  Saving current: saved/NCL-Mar-16-2026_13-00-18.pth
Mon 16 Mar 2026 13:00:27 INFO  Saving current best: saved/NCL-Mar-16-2026_13-00-18.pth
Mon 16 Mar 2026 13:00:27 INFO  Running E-step ! 
Mon 16 Mar 2026 13:00:27 INFO  epoch 19 training [time: 0.17s, train_loss1: 5.3876, train_loss2: 0.0284]
Mon 16 Mar 2026 13:00:27 INFO  epoch 19 evaluating [time: 0.22s, valid_score: 0.296900]
Mon 16 Mar 2026 13:00:27 INFO  valid result: 
recall@1 : 0.1102    recall@2 : 0.1816    recall@3 : 0.2486    recall@4 : 0.2913    recall@5 : 0.327    recall@10 : 0.4458    recall@20 : 0.5913    recall@30 : 0.6521    recall@50 : 0.7352    ndcg@1 : 0.1824    ndcg@2 : 0.2015    ndcg@3 : 0.2249    ndcg@4 : 0.241    ndcg@5 : 0.2543    ndcg@10 : 0.2969    ndcg@20 : 0.3416    ndcg@30 : 0.3583    ndcg@50 : 0.3783    precision@1 : 0.1824    precision@2 : 0.1535    precision@3 : 0.1369    precision@4 : 0.1235    precision@5 : 0.113    precision@10 : 0.0828    precision@20 : 0.059    precision@30 : 0.045    precision@50 : 0.0315    map@1 : 0.1824    map@2 : 0.1777    map@3 : 0.1856    map@4 : 0.1921    map@5 : 0.1978    map@10 : 0.2149    map@20 : 0.2304    map@30 : 0.2354    map@50 : 0.2401
Mon 16 Mar 2026 13:00:28 INFO  Saving current: saved/NCL-Mar-16-2026_13-00-18.pth
Mon 16 Mar 2026 13:00:28 INFO  Saving current best: saved/NCL-Mar-16-2026_13-00-18.pth
Mon 16 Mar 2026 13:00:28 INFO  Running E-step ! 
Mon 16 Mar 2026 13:00:28 INFO  epoch 20 training [time: 0.17s, train_loss1: 5.2578, train_loss2: 0.0342, train_loss3: 0.0031]
Mon 16 Mar 2026 13:00:28 INFO  epoch 20 evaluating [time: 0.23s, valid_score: 0.309700]
Mon 16 Mar 2026 13:00:28 INFO  valid result: 
recall@1 : 0.1197    recall@2 : 0.2014    recall@3 : 0.2629    recall@4 : 0.3054    recall@5 : 0.3421    recall@10 : 0.4605    recall@20 : 0.6092    recall@30 : 0.674    recall@50 : 0.7475    ndcg@1 : 0.1877    ndcg@2 : 0.2159    ndcg@3 : 0.2379    ndcg@4 : 0.2544    ndcg@5 : 0.2678    ndcg@10 : 0.3097    ndcg@20 : 0.3549    ndcg@30 : 0.3724    ndcg@50 : 0.3904    precision@1 : 0.1877    precision@2 : 0.1618    precision@3 : 0.142    precision@4 : 0.1284    precision@5 : 0.1169    precision@10 : 0.0829    precision@20 : 0.0594    precision@30 : 0.0453    precision@50 : 0.0314    map@1 : 0.1877    map@2 : 0.1909    map@3 : 0.1983    map@4 : 0.2051    map@5 : 0.2107    map@10 : 0.2275    map@20 : 0.2428    map@30 : 0.2479    map@50 : 0.2522
Mon 16 Mar 2026 13:00:28 INFO  Saving current: saved/NCL-Mar-16-2026_13-00-18.pth
Mon 16 Mar 2026 13:00:28 INFO  Saving current best: saved/NCL-Mar-16-2026_13-00-18.pth
Mon 16 Mar 2026 13:00:28 INFO  Running E-step ! 
Mon 16 Mar 2026 13:00:28 INFO  epoch 21 training [time: 0.17s, train_loss1: 5.0332, train_loss2: 0.0364, train_loss3: 0.0040]
Mon 16 Mar 2026 13:00:28 INFO  epoch 21 evaluating [time: 0.24s, valid_score: 0.309900]
Mon 16 Mar 2026 13:00:28 INFO  valid result: 
recall@1 : 0.1125    recall@2 : 0.2032    recall@3 : 0.2667    recall@4 : 0.3092    recall@5 : 0.3384    recall@10 : 0.4701    recall@20 : 0.6052    recall@30 : 0.6784    recall@50 : 0.7492    ndcg@1 : 0.1794    ndcg@2 : 0.2128    ndcg@3 : 0.2371    ndcg@4 : 0.2531    ndcg@5 : 0.2636    ndcg@10 : 0.3099    ndcg@20 : 0.3508    ndcg@30 : 0.3707    ndcg@50 : 0.3882    precision@1 : 0.1794    precision@2 : 0.16    precision@3 : 0.1432    precision@4 : 0.1281    precision@5 : 0.1151    precision@10 : 0.0838    precision@20 : 0.0581    precision@30 : 0.045    precision@50 : 0.0311    map@1 : 0.1794    map@2 : 0.1871    map@3 : 0.1961    map@4 : 0.2028    map@5 : 0.2068    map@10 : 0.2252    map@20 : 0.239    map@30 : 0.2446    map@50 : 0.2488
Mon 16 Mar 2026 13:00:28 INFO  Saving current: saved/NCL-Mar-16-2026_13-00-18.pth
Mon 16 Mar 2026 13:00:28 INFO  Saving current best: saved/NCL-Mar-16-2026_13-00-18.pth
Mon 16 Mar 2026 13:00:28 INFO  Running E-step ! 
Mon 16 Mar 2026 13:00:29 INFO  epoch 22 training [time: 0.18s, train_loss1: 4.7197, train_loss2: 0.0372, train_loss3: 0.0049]
Mon 16 Mar 2026 13:00:29 INFO  epoch 22 evaluating [time: 0.24s, valid_score: 0.315300]
Mon 16 Mar 2026 13:00:29 INFO  valid result: 
recall@1 : 0.1154    recall@2 : 0.2047    recall@3 : 0.2711    recall@4 : 0.3158    recall@5 : 0.3482    recall@10 : 0.4809    recall@20 : 0.6103    recall@30 : 0.6834    recall@50 : 0.7577    ndcg@1 : 0.1824    ndcg@2 : 0.2146    ndcg@3 : 0.2406    ndcg@4 : 0.2572    ndcg@5 : 0.269    ndcg@10 : 0.3153    ndcg@20 : 0.3544    ndcg@30 : 0.3743    ndcg@50 : 0.3924    precision@1 : 0.1824    precision@2 : 0.1603    precision@3 : 0.1448    precision@4 : 0.1292    precision@5 : 0.1166    precision@10 : 0.0846    precision@20 : 0.0579    precision@30 : 0.045    precision@50 : 0.0311    map@1 : 0.1824    map@2 : 0.1891    map@3 : 0.1993    map@4 : 0.2061    map@5 : 0.2109    map@10 : 0.2293    map@20 : 0.2422    map@30 : 0.2478    map@50 : 0.252
Mon 16 Mar 2026 13:00:29 INFO  Saving current: saved/NCL-Mar-16-2026_13-00-18.pth
Mon 16 Mar 2026 13:00:29 INFO  Saving current best: saved/NCL-Mar-16-2026_13-00-18.pth
Mon 16 Mar 2026 13:00:29 INFO  Running E-step ! 
Mon 16 Mar 2026 13:00:29 INFO  epoch 23 training [time: 0.19s, train_loss1: 4.3692, train_loss2: 0.0375, train_loss3: 0.0057]
Mon 16 Mar 2026 13:00:29 INFO  epoch 23 evaluating [time: 0.23s, valid_score: 0.315100]
Mon 16 Mar 2026 13:00:29 INFO  valid result: 
recall@1 : 0.115    recall@2 : 0.2069    recall@3 : 0.2705    recall@4 : 0.3122    recall@5 : 0.3497    recall@10 : 0.4807    recall@20 : 0.6079    recall@30 : 0.681    recall@50 : 0.7598    ndcg@1 : 0.1824    ndcg@2 : 0.2158    ndcg@3 : 0.2401    ndcg@4 : 0.2555    ndcg@5 : 0.2696    ndcg@10 : 0.3151    ndcg@20 : 0.3534    ndcg@30 : 0.3734    ndcg@50 : 0.3926    precision@1 : 0.1824    precision@2 : 0.1615    precision@3 : 0.1438    precision@4 : 0.1278    precision@5 : 0.117    precision@10 : 0.0844    precision@20 : 0.0573    precision@30 : 0.0447    precision@50 : 0.0311    map@1 : 0.1824    map@2 : 0.19    map@3 : 0.199    map@4 : 0.2052    map@5 : 0.2111    map@10 : 0.2292    map@20 : 0.2417    map@30 : 0.2473    map@50 : 0.2517
Mon 16 Mar 2026 13:00:29 INFO  Running E-step ! 
Mon 16 Mar 2026 13:00:29 INFO  epoch 24 training [time: 0.16s, train_loss1: 4.0279, train_loss2: 0.0377, train_loss3: 0.0064]
Mon 16 Mar 2026 13:00:30 INFO  epoch 24 evaluating [time: 0.22s, valid_score: 0.315300]
Mon 16 Mar 2026 13:00:30 INFO  valid result: 
recall@1 : 0.1182    recall@2 : 0.2043    recall@3 : 0.2681    recall@4 : 0.3129    recall@5 : 0.3498    recall@10 : 0.4791    recall@20 : 0.6068    recall@30 : 0.6804    recall@50 : 0.7616    ndcg@1 : 0.1865    ndcg@2 : 0.2154    ndcg@3 : 0.2397    ndcg@4 : 0.2565    ndcg@5 : 0.2704    ndcg@10 : 0.3153    ndcg@20 : 0.3535    ndcg@30 : 0.3738    ndcg@50 : 0.3935    precision@1 : 0.1865    precision@2 : 0.16    precision@3 : 0.1426    precision@4 : 0.1278    precision@5 : 0.1172    precision@10 : 0.0841    precision@20 : 0.0568    precision@30 : 0.0445    precision@50 : 0.0311    map@1 : 0.1865    map@2 : 0.1904    map@3 : 0.1993    map@4 : 0.2063    map@5 : 0.2122    map@10 : 0.23    map@20 : 0.2424    map@30 : 0.2481    map@50 : 0.2526
Mon 16 Mar 2026 13:00:30 INFO  Saving current: saved/NCL-Mar-16-2026_13-00-18.pth
Mon 16 Mar 2026 13:00:30 INFO  Saving current best: saved/NCL-Mar-16-2026_13-00-18.pth
Mon 16 Mar 2026 13:00:30 INFO  Running E-step ! 
Mon 16 Mar 2026 13:00:30 INFO  epoch 25 training [time: 0.20s, train_loss1: 3.7515, train_loss2: 0.0379, train_loss3: 0.0068]
Mon 16 Mar 2026 13:00:30 INFO  epoch 25 evaluating [time: 0.23s, valid_score: 0.314800]
Mon 16 Mar 2026 13:00:30 INFO  valid result: 
recall@1 : 0.1178    recall@2 : 0.2046    recall@3 : 0.2689    recall@4 : 0.3135    recall@5 : 0.3484    recall@10 : 0.4775    recall@20 : 0.6049    recall@30 : 0.6785    recall@50 : 0.762    ndcg@1 : 0.1865    ndcg@2 : 0.2156    ndcg@3 : 0.2402    ndcg@4 : 0.2568    ndcg@5 : 0.27    ndcg@10 : 0.3148    ndcg@20 : 0.353    ndcg@30 : 0.3731    ndcg@50 : 0.3934    precision@1 : 0.1865    precision@2 : 0.1603    precision@3 : 0.143    precision@4 : 0.1281    precision@5 : 0.117    precision@10 : 0.0838    precision@20 : 0.0566    precision@30 : 0.0443    precision@50 : 0.0311    map@1 : 0.1865    map@2 : 0.1904    map@3 : 0.1997    map@4 : 0.2064    map@5 : 0.2119    map@10 : 0.2296    map@20 : 0.2421    map@30 : 0.2477    map@50 : 0.2524
Mon 16 Mar 2026 13:00:30 INFO  Running E-step ! 
Mon 16 Mar 2026 13:00:30 INFO  epoch 26 training [time: 0.19s, train_loss1: 3.5682, train_loss2: 0.0381, train_loss3: 0.0070]
Mon 16 Mar 2026 13:00:30 INFO  epoch 26 evaluating [time: 0.23s, valid_score: 0.316200]
Mon 16 Mar 2026 13:00:30 INFO  valid result: 
recall@1 : 0.1216    recall@2 : 0.2047    recall@3 : 0.2688    recall@4 : 0.3144    recall@5 : 0.3484    recall@10 : 0.4774    recall@20 : 0.6035    recall@30 : 0.6773    recall@50 : 0.7666    ndcg@1 : 0.1907    ndcg@2 : 0.217    ndcg@3 : 0.2415    ndcg@4 : 0.2587    ndcg@5 : 0.2715    ndcg@10 : 0.3162    ndcg@20 : 0.3541    ndcg@30 : 0.3743    ndcg@50 : 0.3957    precision@1 : 0.1907    precision@2 : 0.1603    precision@3 : 0.143    precision@4 : 0.1284    precision@5 : 0.1172    precision@10 : 0.0837    precision@20 : 0.0565    precision@30 : 0.0442    precision@50 : 0.0312    map@1 : 0.1907    map@2 : 0.1923    map@3 : 0.2016    map@4 : 0.2086    map@5 : 0.2138    map@10 : 0.2315    map@20 : 0.2439    map@30 : 0.2496    map@50 : 0.2543
Mon 16 Mar 2026 13:00:30 INFO  Saving current: saved/NCL-Mar-16-2026_13-00-18.pth
Mon 16 Mar 2026 13:00:30 INFO  Saving current best: saved/NCL-Mar-16-2026_13-00-18.pth
Mon 16 Mar 2026 13:00:30 INFO  Running E-step ! 
Mon 16 Mar 2026 13:00:31 INFO  epoch 27 training [time: 0.18s, train_loss1: 3.4114, train_loss2: 0.0384, train_loss3: 0.0073]
Mon 16 Mar 2026 13:00:31 INFO  epoch 27 evaluating [time: 0.23s, valid_score: 0.316800]
Mon 16 Mar 2026 13:00:31 INFO  valid result: 
recall@1 : 0.1237    recall@2 : 0.2047    recall@3 : 0.2691    recall@4 : 0.3132    recall@5 : 0.3482    recall@10 : 0.4773    recall@20 : 0.6035    recall@30 : 0.6776    recall@50 : 0.771    ndcg@1 : 0.1925    ndcg@2 : 0.2178    ndcg@3 : 0.2425    ndcg@4 : 0.2588    ndcg@5 : 0.2721    ndcg@10 : 0.3168    ndcg@20 : 0.3547    ndcg@30 : 0.375    ndcg@50 : 0.3971    precision@1 : 0.1925    precision@2 : 0.1603    precision@3 : 0.1432    precision@4 : 0.1278    precision@5 : 0.117    precision@10 : 0.0837    precision@20 : 0.0565    precision@30 : 0.0442    precision@50 : 0.0313    map@1 : 0.1925    map@2 : 0.1934    map@3 : 0.2027    map@4 : 0.2094    map@5 : 0.2148    map@10 : 0.2325    map@20 : 0.2449    map@30 : 0.2506    map@50 : 0.2554
Mon 16 Mar 2026 13:00:31 INFO  Saving current: saved/NCL-Mar-16-2026_13-00-18.pth
Mon 16 Mar 2026 13:00:31 INFO  Saving current best: saved/NCL-Mar-16-2026_13-00-18.pth
Mon 16 Mar 2026 13:00:31 INFO  Running E-step ! 
Mon 16 Mar 2026 13:00:31 INFO  epoch 28 training [time: 0.19s, train_loss1: 3.3630, train_loss2: 0.0385, train_loss3: 0.0073]
Mon 16 Mar 2026 13:00:31 INFO  epoch 28 evaluating [time: 0.23s, valid_score: 0.315800]
Mon 16 Mar 2026 13:00:31 INFO  valid result: 
recall@1 : 0.1219    recall@2 : 0.2049    recall@3 : 0.2685    recall@4 : 0.3134    recall@5 : 0.3466    recall@10 : 0.4763    recall@20 : 0.6033    recall@30 : 0.6787    recall@50 : 0.7722    ndcg@1 : 0.1907    ndcg@2 : 0.2173    ndcg@3 : 0.2416    ndcg@4 : 0.2584    ndcg@5 : 0.2707    ndcg@10 : 0.3158    ndcg@20 : 0.3539    ndcg@30 : 0.3745    ndcg@50 : 0.3966    precision@1 : 0.1907    precision@2 : 0.1606    precision@3 : 0.143    precision@4 : 0.1281    precision@5 : 0.1166    precision@10 : 0.0836    precision@20 : 0.0563    precision@30 : 0.0443    precision@50 : 0.0313    map@1 : 0.1907    map@2 : 0.1926    map@3 : 0.2016    map@4 : 0.2086    map@5 : 0.2135    map@10 : 0.2314    map@20 : 0.2438    map@30 : 0.2496    map@50 : 0.2544
Mon 16 Mar 2026 13:00:31 INFO  Running E-step ! 
Mon 16 Mar 2026 13:00:32 INFO  epoch 29 training [time: 0.19s, train_loss1: 3.2995, train_loss2: 0.0387, train_loss3: 0.0074]
Mon 16 Mar 2026 13:00:32 INFO  epoch 29 evaluating [time: 0.23s, valid_score: 0.316700]
Mon 16 Mar 2026 13:00:32 INFO  valid result: 
recall@1 : 0.1243    recall@2 : 0.2049    recall@3 : 0.2691    recall@4 : 0.3134    recall@5 : 0.3466    recall@10 : 0.4763    recall@20 : 0.6027    recall@30 : 0.6782    recall@50 : 0.7713    ndcg@1 : 0.1931    ndcg@2 : 0.2182    ndcg@3 : 0.2427    ndcg@4 : 0.2593    ndcg@5 : 0.2717    ndcg@10 : 0.3167    ndcg@20 : 0.3547    ndcg@30 : 0.3754    ndcg@50 : 0.3975    precision@1 : 0.1931    precision@2 : 0.1606    precision@3 : 0.1432    precision@4 : 0.1281    precision@5 : 0.1167    precision@10 : 0.0836    precision@20 : 0.0563    precision@30 : 0.0443    precision@50 : 0.0313    map@1 : 0.1931    map@2 : 0.1938    map@3 : 0.203    map@4 : 0.2098    map@5 : 0.2148    map@10 : 0.2327    map@20 : 0.2451    map@30 : 0.2509    map@50 : 0.2557
Mon 16 Mar 2026 13:00:32 INFO  Running E-step ! 
Mon 16 Mar 2026 13:00:32 INFO  epoch 30 training [time: 0.19s, train_loss1: 3.2300, train_loss2: 0.0389, train_loss3: 0.0074]
Mon 16 Mar 2026 13:00:32 INFO  epoch 30 evaluating [time: 0.22s, valid_score: 0.316200]
Mon 16 Mar 2026 13:00:32 INFO  valid result: 
recall@1 : 0.1231    recall@2 : 0.2049    recall@3 : 0.2691    recall@4 : 0.3129    recall@5 : 0.347    recall@10 : 0.4761    recall@20 : 0.6034    recall@30 : 0.6789    recall@50 : 0.7714    ndcg@1 : 0.1919    ndcg@2 : 0.2178    ndcg@3 : 0.2423    ndcg@4 : 0.2586    ndcg@5 : 0.2714    ndcg@10 : 0.3162    ndcg@20 : 0.3545    ndcg@30 : 0.3751    ndcg@50 : 0.3971    precision@1 : 0.1919    precision@2 : 0.1606    precision@3 : 0.1432    precision@4 : 0.1278    precision@5 : 0.1169    precision@10 : 0.0836    precision@20 : 0.0565    precision@30 : 0.0444    precision@50 : 0.0314    map@1 : 0.1919    map@2 : 0.1932    map@3 : 0.2024    map@4 : 0.2091    map@5 : 0.2143    map@10 : 0.232    map@20 : 0.2446    map@30 : 0.2503    map@50 : 0.2551
Mon 16 Mar 2026 13:00:32 INFO  Running E-step ! 
Mon 16 Mar 2026 13:00:32 INFO  epoch 31 training [time: 0.19s, train_loss1: 3.1811, train_loss2: 0.0390, train_loss3: 0.0073]
Mon 16 Mar 2026 13:00:33 INFO  epoch 31 evaluating [time: 0.22s, valid_score: 0.316600]
Mon 16 Mar 2026 13:00:33 INFO  valid result: 
recall@1 : 0.1237    recall@2 : 0.2049    recall@3 : 0.2691    recall@4 : 0.3129    recall@5 : 0.3468    recall@10 : 0.4764    recall@20 : 0.6036    recall@30 : 0.678    recall@50 : 0.7715    ndcg@1 : 0.1925    ndcg@2 : 0.218    ndcg@3 : 0.2425    ndcg@4 : 0.2588    ndcg@5 : 0.2715    ndcg@10 : 0.3166    ndcg@20 : 0.3548    ndcg@30 : 0.3751    ndcg@50 : 0.3973    precision@1 : 0.1925    precision@2 : 0.1606    precision@3 : 0.1432    precision@4 : 0.1278    precision@5 : 0.1167    precision@10 : 0.0837    precision@20 : 0.0566    precision@30 : 0.0443    precision@50 : 0.0314    map@1 : 0.1925    map@2 : 0.1935    map@3 : 0.2027    map@4 : 0.2094    map@5 : 0.2145    map@10 : 0.2324    map@20 : 0.2449    map@30 : 0.2506    map@50 : 0.2554
Mon 16 Mar 2026 13:00:33 INFO  Running E-step ! 
Mon 16 Mar 2026 13:00:33 INFO  epoch 32 training [time: 0.18s, train_loss1: 3.2473, train_loss2: 0.0392, train_loss3: 0.0072]
Mon 16 Mar 2026 13:00:33 INFO  epoch 32 evaluating [time: 0.22s, valid_score: 0.316400]
Mon 16 Mar 2026 13:00:33 INFO  valid result: 
recall@1 : 0.1231    recall@2 : 0.2046    recall@3 : 0.2691    recall@4 : 0.314    recall@5 : 0.3486    recall@10 : 0.4764    recall@20 : 0.6054    recall@30 : 0.6782    recall@50 : 0.7717    ndcg@1 : 0.1925    ndcg@2 : 0.2177    ndcg@3 : 0.2423    ndcg@4 : 0.2591    ndcg@5 : 0.272    ndcg@10 : 0.3164    ndcg@20 : 0.3552    ndcg@30 : 0.375    ndcg@50 : 0.3972    precision@1 : 0.1925    precision@2 : 0.1603    precision@3 : 0.1432    precision@4 : 0.1283    precision@5 : 0.1169    precision@10 : 0.0837    precision@20 : 0.0567    precision@30 : 0.0443    precision@50 : 0.0314    map@1 : 0.1925    map@2 : 0.1932    map@3 : 0.2024    map@4 : 0.2094    map@5 : 0.2146    map@10 : 0.2321    map@20 : 0.2448    map@30 : 0.2503    map@50 : 0.2552
Mon 16 Mar 2026 13:00:33 INFO  Running E-step ! 
Mon 16 Mar 2026 13:00:33 INFO  epoch 33 training [time: 0.19s, train_loss1: 3.1800, train_loss2: 0.0393, train_loss3: 0.0070]
Mon 16 Mar 2026 13:00:33 INFO  epoch 33 evaluating [time: 0.24s, valid_score: 0.316400]
Mon 16 Mar 2026 13:00:33 INFO  valid result: 
recall@1 : 0.123    recall@2 : 0.2047    recall@3 : 0.268    recall@4 : 0.3147    recall@5 : 0.3481    recall@10 : 0.4763    recall@20 : 0.6046    recall@30 : 0.6771    recall@50 : 0.7695    ndcg@1 : 0.1919    ndcg@2 : 0.2175    ndcg@3 : 0.2416    ndcg@4 : 0.2593    ndcg@5 : 0.2717    ndcg@10 : 0.3164    ndcg@20 : 0.3549    ndcg@30 : 0.3747    ndcg@50 : 0.3967    precision@1 : 0.1919    precision@2 : 0.1603    precision@3 : 0.1426    precision@4 : 0.1286    precision@5 : 0.1168    precision@10 : 0.0837    precision@20 : 0.0567    precision@30 : 0.0442    precision@50 : 0.0313    map@1 : 0.1919    map@2 : 0.1932    map@3 : 0.202    map@4 : 0.2095    map@5 : 0.2145    map@10 : 0.2321    map@20 : 0.2448    map@30 : 0.2504    map@50 : 0.2552
Mon 16 Mar 2026 13:00:33 INFO  Running E-step ! 
Mon 16 Mar 2026 13:00:34 INFO  epoch 34 training [time: 0.20s, train_loss1: 3.1566, train_loss2: 0.0395, train_loss3: 0.0069]
Mon 16 Mar 2026 13:00:34 INFO  epoch 34 evaluating [time: 0.22s, valid_score: 0.316600]
Mon 16 Mar 2026 13:00:34 INFO  valid result: 
recall@1 : 0.123    recall@2 : 0.2049    recall@3 : 0.2681    recall@4 : 0.3139    recall@5 : 0.3476    recall@10 : 0.4771    recall@20 : 0.6051    recall@30 : 0.6769    recall@50 : 0.767    ndcg@1 : 0.1919    ndcg@2 : 0.218    ndcg@3 : 0.2418    ndcg@4 : 0.2592    ndcg@5 : 0.2716    ndcg@10 : 0.3166    ndcg@20 : 0.3551    ndcg@30 : 0.3747    ndcg@50 : 0.3963    precision@1 : 0.1919    precision@2 : 0.1609    precision@3 : 0.1428    precision@4 : 0.1287    precision@5 : 0.1168    precision@10 : 0.0839    precision@20 : 0.0569    precision@30 : 0.0443    precision@50 : 0.0313    map@1 : 0.1919    map@2 : 0.1935    map@3 : 0.2022    map@4 : 0.2095    map@5 : 0.2145    map@10 : 0.2323    map@20 : 0.2449    map@30 : 0.2504    map@50 : 0.2552
Mon 16 Mar 2026 13:00:34 INFO  Running E-step ! 
Mon 16 Mar 2026 13:00:34 INFO  epoch 35 training [time: 0.18s, train_loss1: 3.1737, train_loss2: 0.0396, train_loss3: 0.0066]
Mon 16 Mar 2026 13:00:34 INFO  epoch 35 evaluating [time: 0.23s, valid_score: 0.316700]
Mon 16 Mar 2026 13:00:34 INFO  valid result: 
recall@1 : 0.123    recall@2 : 0.2049    recall@3 : 0.2681    recall@4 : 0.314    recall@5 : 0.3482    recall@10 : 0.4771    recall@20 : 0.6039    recall@30 : 0.6758    recall@50 : 0.762    ndcg@1 : 0.1919    ndcg@2 : 0.218    ndcg@3 : 0.2418    ndcg@4 : 0.2593    ndcg@5 : 0.272    ndcg@10 : 0.3167    ndcg@20 : 0.3548    ndcg@30 : 0.3745    ndcg@50 : 0.3954    precision@1 : 0.1919    precision@2 : 0.1609    precision@3 : 0.1428    precision@4 : 0.1289    precision@5 : 0.1173    precision@10 : 0.084    precision@20 : 0.0568    precision@30 : 0.0443    precision@50 : 0.0312    map@1 : 0.1919    map@2 : 0.1935    map@3 : 0.2022    map@4 : 0.2095    map@5 : 0.2147    map@10 : 0.2323    map@20 : 0.2449    map@30 : 0.2504    map@50 : 0.2551
Mon 16 Mar 2026 13:00:34 INFO  Running E-step ! 
Mon 16 Mar 2026 13:00:35 INFO  epoch 36 training [time: 0.18s, train_loss1: 3.1722, train_loss2: 0.0397, train_loss3: 0.0065]
Mon 16 Mar 2026 13:00:35 INFO  epoch 36 evaluating [time: 0.23s, valid_score: 0.316700]
Mon 16 Mar 2026 13:00:35 INFO  valid result: 
recall@1 : 0.1229    recall@2 : 0.2051    recall@3 : 0.2681    recall@4 : 0.3136    recall@5 : 0.3498    recall@10 : 0.4771    recall@20 : 0.6051    recall@30 : 0.6779    recall@50 : 0.7615    ndcg@1 : 0.1913    ndcg@2 : 0.2181    ndcg@3 : 0.2418    ndcg@4 : 0.259    ndcg@5 : 0.2726    ndcg@10 : 0.3167    ndcg@20 : 0.3552    ndcg@30 : 0.3751    ndcg@50 : 0.3954    precision@1 : 0.1913    precision@2 : 0.1612    precision@3 : 0.1428    precision@4 : 0.1287    precision@5 : 0.1179    precision@10 : 0.084    precision@20 : 0.057    precision@30 : 0.0445    precision@50 : 0.0312    map@1 : 0.1913    map@2 : 0.1935    map@3 : 0.2021    map@4 : 0.2094    map@5 : 0.215    map@10 : 0.2323    map@20 : 0.245    map@30 : 0.2506    map@50 : 0.2552
Mon 16 Mar 2026 13:00:35 INFO  Running E-step ! 
Mon 16 Mar 2026 13:00:35 INFO  epoch 37 training [time: 0.18s, train_loss1: 3.1522, train_loss2: 0.0399, train_loss3: 0.0064]
Mon 16 Mar 2026 13:00:35 INFO  epoch 37 evaluating [time: 0.23s, valid_score: 0.316700]
Mon 16 Mar 2026 13:00:35 INFO  valid result: 
recall@1 : 0.1231    recall@2 : 0.2052    recall@3 : 0.2672    recall@4 : 0.3137    recall@5 : 0.349    recall@10 : 0.4766    recall@20 : 0.6048    recall@30 : 0.6778    recall@50 : 0.761    ndcg@1 : 0.1919    ndcg@2 : 0.2185    ndcg@3 : 0.2415    ndcg@4 : 0.2592    ndcg@5 : 0.2725    ndcg@10 : 0.3167    ndcg@20 : 0.3552    ndcg@30 : 0.3751    ndcg@50 : 0.3954    precision@1 : 0.1919    precision@2 : 0.1618    precision@3 : 0.1426    precision@4 : 0.1289    precision@5 : 0.1179    precision@10 : 0.084    precision@20 : 0.0569    precision@30 : 0.0445    precision@50 : 0.0312    map@1 : 0.1919    map@2 : 0.194    map@3 : 0.2019    map@4 : 0.2096    map@5 : 0.2149    map@10 : 0.2324    map@20 : 0.2451    map@30 : 0.2507    map@50 : 0.2552
Mon 16 Mar 2026 13:00:35 INFO  Running E-step ! 
Mon 16 Mar 2026 13:00:35 INFO  epoch 38 training [time: 0.18s, train_loss1: 3.0937, train_loss2: 0.0400, train_loss3: 0.0062]
Mon 16 Mar 2026 13:00:36 INFO  epoch 38 evaluating [time: 0.23s, valid_score: 0.316700]
Mon 16 Mar 2026 13:00:36 INFO  valid result: 
recall@1 : 0.1234    recall@2 : 0.2052    recall@3 : 0.2658    recall@4 : 0.3134    recall@5 : 0.3494    recall@10 : 0.4765    recall@20 : 0.6046    recall@30 : 0.6774    recall@50 : 0.7602    ndcg@1 : 0.1925    ndcg@2 : 0.2187    ndcg@3 : 0.241    ndcg@4 : 0.2591    ndcg@5 : 0.2726    ndcg@10 : 0.3167    ndcg@20 : 0.3553    ndcg@30 : 0.3751    ndcg@50 : 0.3953    precision@1 : 0.1925    precision@2 : 0.1618    precision@3 : 0.1422    precision@4 : 0.1287    precision@5 : 0.118    precision@10 : 0.0839    precision@20 : 0.057    precision@30 : 0.0445    precision@50 : 0.0312    map@1 : 0.1925    map@2 : 0.1941    map@3 : 0.2017    map@4 : 0.2095    map@5 : 0.215    map@10 : 0.2323    map@20 : 0.2451    map@30 : 0.2507    map@50 : 0.2553
Mon 16 Mar 2026 13:00:36 INFO  Finished training, best eval result in epoch 27
Mon 16 Mar 2026 13:00:36 INFO  Loading model structure and parameters from saved/NCL-Mar-16-2026_13-00-18.pth
Mon 16 Mar 2026 13:00:36 INFO  best valid : OrderedDict([('recall@1', 0.1237), ('recall@2', 0.2047), ('recall@3', 0.2691), ('recall@4', 0.3132), ('recall@5', 0.3482), ('recall@10', 0.4773), ('recall@20', 0.6035), ('recall@30', 0.6776), ('recall@50', 0.771), ('ndcg@1', 0.1925), ('ndcg@2', 0.2178), ('ndcg@3', 0.2425), ('ndcg@4', 0.2588), ('ndcg@5', 0.2721), ('ndcg@10', 0.3168), ('ndcg@20', 0.3547), ('ndcg@30', 0.375), ('ndcg@50', 0.3971), ('precision@1', 0.1925), ('precision@2', 0.1603), ('precision@3', 0.1432), ('precision@4', 0.1278), ('precision@5', 0.117), ('precision@10', 0.0837), ('precision@20', 0.0565), ('precision@30', 0.0442), ('precision@50', 0.0313), ('map@1', 0.1925), ('map@2', 0.1934), ('map@3', 0.2027), ('map@4', 0.2094), ('map@5', 0.2148), ('map@10', 0.2325), ('map@20', 0.2449), ('map@30', 0.2506), ('map@50', 0.2554)])
Mon 16 Mar 2026 13:00:36 INFO  test result: OrderedDict([('recall@1', 0.1426), ('recall@2', 0.2374), ('recall@3', 0.2877), ('recall@4', 0.3223), ('recall@5', 0.3513), ('recall@10', 0.483), ('recall@20', 0.603), ('recall@30', 0.6763), ('recall@50', 0.7803), ('ndcg@1', 0.2389), ('ndcg@2', 0.261), ('ndcg@3', 0.2737), ('ndcg@4', 0.284), ('ndcg@5', 0.2937), ('ndcg@10', 0.3376), ('ndcg@20', 0.3717), ('ndcg@30', 0.391), ('ndcg@50', 0.4151), ('precision@1', 0.2389), ('precision@2', 0.1929), ('precision@3', 0.1602), ('precision@4', 0.1391), ('precision@5', 0.1245), ('precision@10', 0.0884), ('precision@20', 0.0572), ('precision@30', 0.0437), ('precision@50', 0.0312), ('map@1', 0.2389), ('map@2', 0.2334), ('map@3', 0.233), ('map@4', 0.2358), ('map@5', 0.2392), ('map@10', 0.2561), ('map@20', 0.2667), ('map@30', 0.272), ('map@50', 0.2771)])
Mon 16 Mar 2026 13:00:36 INFO  training time: 17.2058s
Mon 16 Mar 2026 13:00:36 INFO  result file: results/again3/ncl_ncl_seed2024.json
