Mon 16 Mar 2026 22:10:12 INFO  
General Hyper Parameters:
gpu_id = 0
use_gpu = True
seed = 2020
state = INFO
reproducibility = True
data_path = ./travel
checkpoint_dir = saved
show_progress = True
save_dataset = False
dataset_save_path = None
save_dataloaders = False
dataloaders_save_path = None
log_wandb = False

Training Hyper Parameters:
epochs = 1000
train_batch_size = 4096
learner = adam
learning_rate = 0.001
train_neg_sample_args = {'distribution': 'uniform', 'sample_num': 1, 'alpha': 1.0, 'dynamic': False, 'candidate_num': 0}
eval_step = 1
stopping_step = 10
clip_grad_norm = None
weight_decay = 0.0
loss_decimal_place = 4

Evaluation Hyper Parameters:
eval_args = {'split': {'RS': [0.8, 0.1, 0.1]}, 'order': 'RO', 'group_by': 'user', 'mode': {'valid': 'full', 'test': 'full'}}
repeatable = False
metrics = ['Recall', 'NDCG', 'Precision', 'MAP']
topk = [1, 2, 3, 4, 5, 10, 20, 30, 50]
valid_metric = NDCG@10
valid_metric_bigger = True
eval_batch_size = 4096
metric_decimal_place = 4

Dataset Hyper Parameters:
field_separator = 	
seq_separator =  
USER_ID_FIELD = user_id
ITEM_ID_FIELD = item_id
RATING_FIELD = rating
TIME_FIELD = timestamp
seq_len = None
LABEL_FIELD = label
threshold = None
NEG_PREFIX = neg_
load_col = {'inter': ['user_id', 'item_id', 'rating'], 'user': ['user_id', 'post_num', 'follower', 'following', 'timestamp']}
unload_col = None
unused_col = None
additional_feat_suffix = None
rm_dup_inter = None
val_interval = {'rating': '[0,inf)'}
filter_inter_by_user_or_item = True
user_inter_num_interval = [0,inf)
item_inter_num_interval = [0,inf)
alias_of_user_id = None
alias_of_item_id = None
alias_of_entity_id = None
alias_of_relation_id = None
preload_weight = None
normalize_field = None
normalize_all = None
ITEM_LIST_LENGTH_FIELD = item_length
LIST_SUFFIX = _list
MAX_ITEM_LIST_LENGTH = 50
POSITION_FIELD = position_id
HEAD_ENTITY_ID_FIELD = head_id
TAIL_ENTITY_ID_FIELD = tail_id
RELATION_ID_FIELD = relation_id
ENTITY_ID_FIELD = entity_id
benchmark_filename = None

Other Hyper Parameters: 
worker = 0
wandb_project = recbole
shuffle = True
require_pow = False
enable_amp = False
enable_scaler = False
transform = None
embedding_size = 64
n_layers = 3
reg_weight = 0.0001
ssl_temp = 0.1
ssl_reg = 1e-07
hyper_layers = 1
alpha = 1
proto_reg = 8e-08
num_clusters = 10
m_step = 1
warm_up_step = 20
numerical_features = []
discretization = None
kg_reverse_r = False
entity_kg_num_interval = [0,inf)
relation_kg_num_interval = [0,inf)
MODEL_TYPE = ModelType.GENERAL
stoping_step = 20
MODEL_INPUT_TYPE = InputType.PAIRWISE
eval_type = EvaluatorType.RANKING
single_spec = True
local_rank = 0
device = cuda
valid_neg_sample_args = {'distribution': 'uniform', 'sample_num': 'none'}
test_neg_sample_args = {'distribution': 'uniform', 'sample_num': 'none'}


Mon 16 Mar 2026 22:10:12 INFO  travel
The number of users: 2010
Average actions of users: 18.721254355400696
The number of items: 247
Average actions of items: 152.890243902439
The number of inters: 37611
The sparsity of the dataset: 92.42431566862047%
Remain Fields: ['user_id', 'item_id', 'rating', 'post_num', 'follower', 'following', 'timestamp']
Mon 16 Mar 2026 22:10:12 INFO  [Training]: train_batch_size = [4096] train_neg_sample_args: [{'distribution': 'uniform', 'sample_num': 1, 'alpha': 1.0, 'dynamic': False, 'candidate_num': 0}]
Mon 16 Mar 2026 22:10:12 INFO  [Evaluation]: eval_batch_size = [4096] eval_args: [{'split': {'RS': [0.8, 0.1, 0.1]}, 'order': 'RO', 'group_by': 'user', 'mode': {'valid': 'full', 'test': 'full'}}]
Mon 16 Mar 2026 22:10:13 INFO  NCL(
  (user_embedding): Embedding(2010, 64)
  (item_embedding): Embedding(247, 64)
  (mf_loss): BPRLoss()
  (reg_loss): EmbLoss()
)
Trainable parameters: 144448
Mon 16 Mar 2026 22:10:13 INFO  trainable parameters: 144448
Mon 16 Mar 2026 22:10:14 INFO  Running E-step ! 
Mon 16 Mar 2026 22:10:15 INFO  epoch 0 training [time: 0.76s, train_loss1: 5.5430, train_loss2: 0.0196]
Mon 16 Mar 2026 22:10:15 INFO  epoch 0 evaluating [time: 0.32s, valid_score: 0.028900]
Mon 16 Mar 2026 22:10:15 INFO  valid result: 
recall@1 : 0.0054    recall@2 : 0.0109    recall@3 : 0.0209    recall@4 : 0.0251    recall@5 : 0.0275    recall@10 : 0.0489    recall@20 : 0.1102    recall@30 : 0.1567    recall@50 : 0.2445    ndcg@1 : 0.0143    ndcg@2 : 0.0149    ndcg@3 : 0.0191    ndcg@4 : 0.0204    ndcg@5 : 0.0213    ndcg@10 : 0.0289    ndcg@20 : 0.0469    ndcg@30 : 0.0594    ndcg@50 : 0.0791    precision@1 : 0.0143    precision@2 : 0.0131    precision@3 : 0.0143    precision@4 : 0.0131    precision@5 : 0.0122    precision@10 : 0.0111    precision@20 : 0.0125    precision@30 : 0.0123    precision@50 : 0.0112    map@1 : 0.0143    map@2 : 0.0119    map@3 : 0.0138    map@4 : 0.014    map@5 : 0.014    map@10 : 0.0164    map@20 : 0.0207    map@30 : 0.023    map@50 : 0.0258
Mon 16 Mar 2026 22:10:15 INFO  Saving current: saved/NCL-Mar-16-2026_22-10-13.pth
Mon 16 Mar 2026 22:10:15 INFO  Saving current best: saved/NCL-Mar-16-2026_22-10-13.pth
Mon 16 Mar 2026 22:10:15 INFO  Running E-step ! 
Mon 16 Mar 2026 22:10:15 INFO  epoch 1 training [time: 0.19s, train_loss1: 5.5426, train_loss2: 0.0149]
Mon 16 Mar 2026 22:10:15 INFO  epoch 1 evaluating [time: 0.28s, valid_score: 0.032400]
Mon 16 Mar 2026 22:10:15 INFO  valid result: 
recall@1 : 0.0069    recall@2 : 0.0142    recall@3 : 0.0211    recall@4 : 0.0262    recall@5 : 0.0289    recall@10 : 0.0548    recall@20 : 0.1127    recall@30 : 0.1617    recall@50 : 0.2455    ndcg@1 : 0.0173    ndcg@2 : 0.0175    ndcg@3 : 0.0206    ndcg@4 : 0.0225    ndcg@5 : 0.0232    ndcg@10 : 0.0324    ndcg@20 : 0.0496    ndcg@30 : 0.0624    ndcg@50 : 0.0815    precision@1 : 0.0173    precision@2 : 0.0143    precision@3 : 0.0149    precision@4 : 0.0143    precision@5 : 0.0128    precision@10 : 0.0123    precision@20 : 0.0128    precision@30 : 0.0124    precision@50 : 0.0113    map@1 : 0.0173    map@2 : 0.0145    map@3 : 0.0151    map@4 : 0.0157    map@5 : 0.0158    map@10 : 0.0187    map@20 : 0.0228    map@30 : 0.0252    map@50 : 0.0279
Mon 16 Mar 2026 22:10:15 INFO  Saving current: saved/NCL-Mar-16-2026_22-10-13.pth
Mon 16 Mar 2026 22:10:15 INFO  Saving current best: saved/NCL-Mar-16-2026_22-10-13.pth
Mon 16 Mar 2026 22:10:15 INFO  Running E-step ! 
Mon 16 Mar 2026 22:10:16 INFO  epoch 2 training [time: 0.22s, train_loss1: 5.5420, train_loss2: 0.0128]
