Mon 16 Mar 2026 12:59:16 INFO  
General Hyper Parameters:
gpu_id = 0
use_gpu = True
seed = 2021
state = INFO
reproducibility = True
data_path = ./travel
checkpoint_dir = saved
show_progress = True
save_dataset = False
dataset_save_path = None
save_dataloaders = False
dataloaders_save_path = None
log_wandb = False

Training Hyper Parameters:
epochs = 1000
train_batch_size = 4096
learner = adam
learning_rate = 0.001
train_neg_sample_args = {'distribution': 'uniform', 'sample_num': 1, 'alpha': 1.0, 'dynamic': False, 'candidate_num': 0}
eval_step = 1
stopping_step = 10
clip_grad_norm = None
weight_decay = 0.0
loss_decimal_place = 4

Evaluation Hyper Parameters:
eval_args = {'split': {'RS': [0.8, 0.1, 0.1]}, 'order': 'RO', 'group_by': 'user', 'mode': {'valid': 'full', 'test': 'full'}}
repeatable = False
metrics = ['Recall', 'NDCG', 'Precision', 'MAP']
topk = [1, 2, 3, 4, 5, 10, 20, 30, 50]
valid_metric = NDCG@10
valid_metric_bigger = True
eval_batch_size = 4096
metric_decimal_place = 4

Dataset Hyper Parameters:
field_separator = 	
seq_separator =  
USER_ID_FIELD = user_id
ITEM_ID_FIELD = item_id
RATING_FIELD = rating
TIME_FIELD = timestamp
seq_len = None
LABEL_FIELD = label
threshold = None
NEG_PREFIX = neg_
load_col = {'inter': ['user_id', 'item_id', 'rating'], 'user': ['user_id', 'post_num', 'follower', 'following', 'timestamp']}
unload_col = None
unused_col = None
additional_feat_suffix = None
rm_dup_inter = None
val_interval = {'rating': '[0,inf)'}
filter_inter_by_user_or_item = True
user_inter_num_interval = [0,inf)
item_inter_num_interval = [0,inf)
alias_of_user_id = None
alias_of_item_id = None
alias_of_entity_id = None
alias_of_relation_id = None
preload_weight = None
normalize_field = None
normalize_all = None
ITEM_LIST_LENGTH_FIELD = item_length
LIST_SUFFIX = _list
MAX_ITEM_LIST_LENGTH = 50
POSITION_FIELD = position_id
HEAD_ENTITY_ID_FIELD = head_id
TAIL_ENTITY_ID_FIELD = tail_id
RELATION_ID_FIELD = relation_id
ENTITY_ID_FIELD = entity_id
benchmark_filename = None

Other Hyper Parameters: 
worker = 0
wandb_project = recbole
shuffle = True
require_pow = False
enable_amp = False
enable_scaler = False
transform = None
embedding_size = 64
n_layers = 3
reg_weight = 0.0001
ssl_temp = 0.1
ssl_reg = 1e-07
hyper_layers = 1
alpha = 1
proto_reg = 8e-08
num_clusters = 10
m_step = 1
warm_up_step = 20
numerical_features = []
discretization = None
kg_reverse_r = False
entity_kg_num_interval = [0,inf)
relation_kg_num_interval = [0,inf)
MODEL_TYPE = ModelType.GENERAL
stoping_step = 20
MODEL_INPUT_TYPE = InputType.PAIRWISE
eval_type = EvaluatorType.RANKING
single_spec = True
local_rank = 0
device = cuda
valid_neg_sample_args = {'distribution': 'uniform', 'sample_num': 'none'}
test_neg_sample_args = {'distribution': 'uniform', 'sample_num': 'none'}


Mon 16 Mar 2026 12:59:17 INFO  travel
The number of users: 2010
Average actions of users: 18.721254355400696
The number of items: 247
Average actions of items: 152.890243902439
The number of inters: 37611
The sparsity of the dataset: 92.42431566862047%
Remain Fields: ['user_id', 'item_id', 'rating', 'post_num', 'follower', 'following', 'timestamp']
Mon 16 Mar 2026 12:59:17 INFO  [Training]: train_batch_size = [4096] train_neg_sample_args: [{'distribution': 'uniform', 'sample_num': 1, 'alpha': 1.0, 'dynamic': False, 'candidate_num': 0}]
Mon 16 Mar 2026 12:59:17 INFO  [Evaluation]: eval_batch_size = [4096] eval_args: [{'split': {'RS': [0.8, 0.1, 0.1]}, 'order': 'RO', 'group_by': 'user', 'mode': {'valid': 'full', 'test': 'full'}}]
Mon 16 Mar 2026 12:59:17 INFO  NCL(
  (user_embedding): Embedding(2010, 64)
  (item_embedding): Embedding(247, 64)
  (mf_loss): BPRLoss()
  (reg_loss): EmbLoss()
)
Trainable parameters: 144448
Mon 16 Mar 2026 12:59:17 INFO  trainable parameters: 144448
Mon 16 Mar 2026 12:59:18 INFO  Running E-step ! 
Mon 16 Mar 2026 12:59:19 INFO  epoch 0 training [time: 0.58s, train_loss1: 5.5428, train_loss2: 0.0199]
Mon 16 Mar 2026 12:59:19 INFO  epoch 0 evaluating [time: 0.27s, valid_score: 0.030800]
Mon 16 Mar 2026 12:59:19 INFO  valid result: 
recall@1 : 0.0056    recall@2 : 0.0128    recall@3 : 0.0184    recall@4 : 0.0254    recall@5 : 0.0289    recall@10 : 0.0538    recall@20 : 0.1069    recall@30 : 0.1493    recall@50 : 0.2395    ndcg@1 : 0.0101    ndcg@2 : 0.0147    ndcg@3 : 0.0174    ndcg@4 : 0.0203    ndcg@5 : 0.0217    ndcg@10 : 0.0308    ndcg@20 : 0.0465    ndcg@30 : 0.0577    ndcg@50 : 0.0781    precision@1 : 0.0101    precision@2 : 0.0131    precision@3 : 0.0131    precision@4 : 0.0134    precision@5 : 0.0128    precision@10 : 0.0122    precision@20 : 0.0118    precision@30 : 0.0113    precision@50 : 0.0109    map@1 : 0.0101    map@2 : 0.0118    map@3 : 0.0127    map@4 : 0.0139    map@5 : 0.0142    map@10 : 0.0171    map@20 : 0.021    map@30 : 0.023    map@50 : 0.0261
Mon 16 Mar 2026 12:59:19 INFO  Saving current: saved/NCL-Mar-16-2026_12-59-17.pth
Mon 16 Mar 2026 12:59:19 INFO  Saving current best: saved/NCL-Mar-16-2026_12-59-17.pth
Mon 16 Mar 2026 12:59:19 INFO  Running E-step ! 
Mon 16 Mar 2026 12:59:19 INFO  epoch 1 training [time: 0.18s, train_loss1: 5.5427, train_loss2: 0.0152]
Mon 16 Mar 2026 12:59:19 INFO  epoch 1 evaluating [time: 0.23s, valid_score: 0.032800]
Mon 16 Mar 2026 12:59:19 INFO  valid result: 
recall@1 : 0.0077    recall@2 : 0.0149    recall@3 : 0.0196    recall@4 : 0.0257    recall@5 : 0.0301    recall@10 : 0.0561    recall@20 : 0.1061    recall@30 : 0.1512    recall@50 : 0.2354    ndcg@1 : 0.0143    ndcg@2 : 0.0179    ndcg@3 : 0.0195    ndcg@4 : 0.022    ndcg@5 : 0.0236    ndcg@10 : 0.0328    ndcg@20 : 0.0478    ndcg@30 : 0.0595    ndcg@50 : 0.0783    precision@1 : 0.0143    precision@2 : 0.0155    precision@3 : 0.0139    precision@4 : 0.0139    precision@5 : 0.0129    precision@10 : 0.0121    precision@20 : 0.0117    precision@30 : 0.0113    precision@50 : 0.0104    map@1 : 0.0143    map@2 : 0.0146    map@3 : 0.0147    map@4 : 0.0156    map@5 : 0.0161    map@10 : 0.019    map@20 : 0.0226    map@30 : 0.0248    map@50 : 0.0275
Mon 16 Mar 2026 12:59:19 INFO  Saving current: saved/NCL-Mar-16-2026_12-59-17.pth
Mon 16 Mar 2026 12:59:19 INFO  Saving current best: saved/NCL-Mar-16-2026_12-59-17.pth
Mon 16 Mar 2026 12:59:19 INFO  Running E-step ! 
Mon 16 Mar 2026 12:59:20 INFO  epoch 2 training [time: 0.18s, train_loss1: 5.5422, train_loss2: 0.0131]
Mon 16 Mar 2026 12:59:20 INFO  epoch 2 evaluating [time: 0.24s, valid_score: 0.036900]
Mon 16 Mar 2026 12:59:20 INFO  valid result: 
recall@1 : 0.0098    recall@2 : 0.0158    recall@3 : 0.022    recall@4 : 0.0277    recall@5 : 0.0339    recall@10 : 0.0625    recall@20 : 0.1149    recall@30 : 0.1566    recall@50 : 0.2411    ndcg@1 : 0.0185    ndcg@2 : 0.0201    ndcg@3 : 0.0221    ndcg@4 : 0.0242    ndcg@5 : 0.0268    ndcg@10 : 0.0369    ndcg@20 : 0.0524    ndcg@30 : 0.0633    ndcg@50 : 0.0821    precision@1 : 0.0185    precision@2 : 0.017    precision@3 : 0.0153    precision@4 : 0.0143    precision@5 : 0.0142    precision@10 : 0.0135    precision@20 : 0.0127    precision@30 : 0.0118    precision@50 : 0.0107    map@1 : 0.0185    map@2 : 0.0165    map@3 : 0.0168    map@4 : 0.0175    map@5 : 0.0185    map@10 : 0.0216    map@20 : 0.0254    map@30 : 0.0274    map@50 : 0.0301
Mon 16 Mar 2026 12:59:20 INFO  Saving current: saved/NCL-Mar-16-2026_12-59-17.pth
Mon 16 Mar 2026 12:59:20 INFO  Saving current best: saved/NCL-Mar-16-2026_12-59-17.pth
Mon 16 Mar 2026 12:59:20 INFO  Running E-step ! 
Mon 16 Mar 2026 12:59:20 INFO  epoch 3 training [time: 0.18s, train_loss1: 5.5416, train_loss2: 0.0114]
Mon 16 Mar 2026 12:59:20 INFO  epoch 3 evaluating [time: 0.23s, valid_score: 0.039300]
Mon 16 Mar 2026 12:59:20 INFO  valid result: 
recall@1 : 0.0107    recall@2 : 0.0162    recall@3 : 0.023    recall@4 : 0.0307    recall@5 : 0.0363    recall@10 : 0.0654    recall@20 : 0.1162    recall@30 : 0.1626    recall@50 : 0.2473    ndcg@1 : 0.0226    ndcg@2 : 0.0214    ndcg@3 : 0.0235    ndcg@4 : 0.0268    ndcg@5 : 0.0289    ndcg@10 : 0.0393    ndcg@20 : 0.0544    ndcg@30 : 0.0664    ndcg@50 : 0.0854    precision@1 : 0.0226    precision@2 : 0.0173    precision@3 : 0.0157    precision@4 : 0.0159    precision@5 : 0.0154    precision@10 : 0.0144    precision@20 : 0.013    precision@30 : 0.0122    precision@50 : 0.0111    map@1 : 0.0226    map@2 : 0.0179    map@3 : 0.018    map@4 : 0.0192    map@5 : 0.0199    map@10 : 0.0231    map@20 : 0.0267    map@30 : 0.029    map@50 : 0.0317
Mon 16 Mar 2026 12:59:20 INFO  Saving current: saved/NCL-Mar-16-2026_12-59-17.pth
Mon 16 Mar 2026 12:59:20 INFO  Saving current best: saved/NCL-Mar-16-2026_12-59-17.pth
Mon 16 Mar 2026 12:59:20 INFO  Running E-step ! 
Mon 16 Mar 2026 12:59:20 INFO  epoch 4 training [time: 0.19s, train_loss1: 5.5408, train_loss2: 0.0100]
Mon 16 Mar 2026 12:59:21 INFO  epoch 4 evaluating [time: 0.24s, valid_score: 0.040800]
Mon 16 Mar 2026 12:59:21 INFO  valid result: 
recall@1 : 0.0118    recall@2 : 0.0167    recall@3 : 0.0231    recall@4 : 0.0331    recall@5 : 0.0401    recall@10 : 0.0664    recall@20 : 0.1208    recall@30 : 0.1649    recall@50 : 0.2499    ndcg@1 : 0.0244    ndcg@2 : 0.0229    ndcg@3 : 0.0249    ndcg@4 : 0.0289    ndcg@5 : 0.0317    ndcg@10 : 0.0408    ndcg@20 : 0.057    ndcg@30 : 0.0683    ndcg@50 : 0.0874    precision@1 : 0.0244    precision@2 : 0.0185    precision@3 : 0.0169    precision@4 : 0.0176    precision@5 : 0.0174    precision@10 : 0.0147    precision@20 : 0.0137    precision@30 : 0.0124    precision@50 : 0.0112    map@1 : 0.0244    map@2 : 0.0192    map@3 : 0.0192    map@4 : 0.0206    map@5 : 0.0216    map@10 : 0.0243    map@20 : 0.0282    map@30 : 0.0303    map@50 : 0.0331
Mon 16 Mar 2026 12:59:21 INFO  Saving current: saved/NCL-Mar-16-2026_12-59-17.pth
Mon 16 Mar 2026 12:59:21 INFO  Saving current best: saved/NCL-Mar-16-2026_12-59-17.pth
Mon 16 Mar 2026 12:59:21 INFO  Running E-step ! 
Mon 16 Mar 2026 12:59:21 INFO  epoch 5 training [time: 0.20s, train_loss1: 5.5400, train_loss2: 0.0089]
Mon 16 Mar 2026 12:59:21 INFO  epoch 5 evaluating [time: 0.23s, valid_score: 0.044200]
Mon 16 Mar 2026 12:59:21 INFO  valid result: 
recall@1 : 0.0132    recall@2 : 0.0178    recall@3 : 0.0262    recall@4 : 0.0352    recall@5 : 0.0424    recall@10 : 0.0708    recall@20 : 0.1273    recall@30 : 0.1665    recall@50 : 0.2497    ndcg@1 : 0.0292    ndcg@2 : 0.0247    ndcg@3 : 0.028    ndcg@4 : 0.0311    ndcg@5 : 0.034    ndcg@10 : 0.0442    ndcg@20 : 0.0608    ndcg@30 : 0.071    ndcg@50 : 0.0897    precision@1 : 0.0292    precision@2 : 0.0194    precision@3 : 0.0193    precision@4 : 0.0183    precision@5 : 0.0182    precision@10 : 0.016    precision@20 : 0.0144    precision@30 : 0.0126    precision@50 : 0.0113    map@1 : 0.0292    map@2 : 0.0209    map@3 : 0.0214    map@4 : 0.0224    map@5 : 0.0234    map@10 : 0.0265    map@20 : 0.0304    map@30 : 0.0324    map@50 : 0.0352
Mon 16 Mar 2026 12:59:21 INFO  Saving current: saved/NCL-Mar-16-2026_12-59-17.pth
Mon 16 Mar 2026 12:59:21 INFO  Saving current best: saved/NCL-Mar-16-2026_12-59-17.pth
Mon 16 Mar 2026 12:59:21 INFO  Running E-step ! 
Mon 16 Mar 2026 12:59:21 INFO  epoch 6 training [time: 0.20s, train_loss1: 5.5391, train_loss2: 0.0080]
Mon 16 Mar 2026 12:59:21 INFO  epoch 6 evaluating [time: 0.22s, valid_score: 0.047500]
Mon 16 Mar 2026 12:59:21 INFO  valid result: 
recall@1 : 0.0142    recall@2 : 0.0192    recall@3 : 0.0287    recall@4 : 0.0367    recall@5 : 0.0439    recall@10 : 0.0765    recall@20 : 0.1306    recall@30 : 0.171    recall@50 : 0.2512    ndcg@1 : 0.0316    ndcg@2 : 0.0271    ndcg@3 : 0.0304    ndcg@4 : 0.0334    ndcg@5 : 0.0362    ndcg@10 : 0.0475    ndcg@20 : 0.0636    ndcg@30 : 0.074    ndcg@50 : 0.0924    precision@1 : 0.0316    precision@2 : 0.0215    precision@3 : 0.0209    precision@4 : 0.02    precision@5 : 0.0197    precision@10 : 0.0169    precision@20 : 0.0148    precision@30 : 0.013    precision@50 : 0.0115    map@1 : 0.0316    map@2 : 0.0228    map@3 : 0.0233    map@4 : 0.0241    map@5 : 0.0251    map@10 : 0.0286    map@20 : 0.0324    map@30 : 0.0344    map@50 : 0.0372
Mon 16 Mar 2026 12:59:21 INFO  Saving current: saved/NCL-Mar-16-2026_12-59-17.pth
Mon 16 Mar 2026 12:59:21 INFO  Saving current best: saved/NCL-Mar-16-2026_12-59-17.pth
Mon 16 Mar 2026 12:59:22 INFO  Running E-step ! 
Mon 16 Mar 2026 12:59:22 INFO  epoch 7 training [time: 0.17s, train_loss1: 5.5380, train_loss2: 0.0072]
Mon 16 Mar 2026 12:59:22 INFO  epoch 7 evaluating [time: 0.22s, valid_score: 0.051100]
Mon 16 Mar 2026 12:59:22 INFO  valid result: 
recall@1 : 0.0147    recall@2 : 0.0209    recall@3 : 0.0312    recall@4 : 0.04    recall@5 : 0.0474    recall@10 : 0.0821    recall@20 : 0.1362    recall@30 : 0.178    recall@50 : 0.258    ndcg@1 : 0.0328    ndcg@2 : 0.0297    ndcg@3 : 0.0332    ndcg@4 : 0.0363    ndcg@5 : 0.0391    ndcg@10 : 0.0511    ndcg@20 : 0.0673    ndcg@30 : 0.0782    ndcg@50 : 0.0966    precision@1 : 0.0328    precision@2 : 0.0244    precision@3 : 0.0236    precision@4 : 0.0225    precision@5 : 0.0216    precision@10 : 0.0182    precision@20 : 0.0155    precision@30 : 0.0136    precision@50 : 0.012    map@1 : 0.0328    map@2 : 0.025    map@3 : 0.0253    map@4 : 0.0261    map@5 : 0.0269    map@10 : 0.0308    map@20 : 0.0348    map@30 : 0.0369    map@50 : 0.0397
Mon 16 Mar 2026 12:59:22 INFO  Saving current: saved/NCL-Mar-16-2026_12-59-17.pth
Mon 16 Mar 2026 12:59:22 INFO  Saving current best: saved/NCL-Mar-16-2026_12-59-17.pth
Mon 16 Mar 2026 12:59:22 INFO  Running E-step ! 
Mon 16 Mar 2026 12:59:22 INFO  epoch 8 training [time: 0.20s, train_loss1: 5.5365, train_loss2: 0.0067]
Mon 16 Mar 2026 12:59:22 INFO  epoch 8 evaluating [time: 0.22s, valid_score: 0.055900]
Mon 16 Mar 2026 12:59:22 INFO  valid result: 
recall@1 : 0.0164    recall@2 : 0.0241    recall@3 : 0.0349    recall@4 : 0.0428    recall@5 : 0.0536    recall@10 : 0.0888    recall@20 : 0.1391    recall@30 : 0.1872    recall@50 : 0.2656    ndcg@1 : 0.0364    ndcg@2 : 0.0337    ndcg@3 : 0.037    ndcg@4 : 0.0396    ndcg@5 : 0.0437    ndcg@10 : 0.0559    ndcg@20 : 0.0713    ndcg@30 : 0.0838    ndcg@50 : 0.102    precision@1 : 0.0364    precision@2 : 0.0283    precision@3 : 0.0262    precision@4 : 0.0241    precision@5 : 0.0237    precision@10 : 0.0198    precision@20 : 0.0163    precision@30 : 0.0145    precision@50 : 0.0125    map@1 : 0.0364    map@2 : 0.0282    map@3 : 0.0281    map@4 : 0.0288    map@5 : 0.0301    map@10 : 0.0339    map@20 : 0.0379    map@30 : 0.0404    map@50 : 0.0431
Mon 16 Mar 2026 12:59:22 INFO  Saving current: saved/NCL-Mar-16-2026_12-59-17.pth
Mon 16 Mar 2026 12:59:22 INFO  Saving current best: saved/NCL-Mar-16-2026_12-59-17.pth
Mon 16 Mar 2026 12:59:22 INFO  Running E-step ! 
Mon 16 Mar 2026 12:59:23 INFO  epoch 9 training [time: 0.20s, train_loss1: 5.5348, train_loss2: 0.0062]
Mon 16 Mar 2026 12:59:23 INFO  epoch 9 evaluating [time: 0.23s, valid_score: 0.061200]
Mon 16 Mar 2026 12:59:23 INFO  valid result: 
recall@1 : 0.0171    recall@2 : 0.0282    recall@3 : 0.0403    recall@4 : 0.0487    recall@5 : 0.058    recall@10 : 0.0956    recall@20 : 0.1506    recall@30 : 0.1988    recall@50 : 0.2773    ndcg@1 : 0.0387    ndcg@2 : 0.0384    ndcg@3 : 0.0419    ndcg@4 : 0.0446    ndcg@5 : 0.048    ndcg@10 : 0.0612    ndcg@20 : 0.0779    ndcg@30 : 0.0908    ndcg@50 : 0.1086    precision@1 : 0.0387    precision@2 : 0.0331    precision@3 : 0.0304    precision@4 : 0.0277    precision@5 : 0.0266    precision@10 : 0.0218    precision@20 : 0.0175    precision@30 : 0.0157    precision@50 : 0.0131    map@1 : 0.0387    map@2 : 0.0319    map@3 : 0.0318    map@4 : 0.0322    map@5 : 0.0332    map@10 : 0.0374    map@20 : 0.0419    map@30 : 0.0445    map@50 : 0.0473
Mon 16 Mar 2026 12:59:23 INFO  Saving current: saved/NCL-Mar-16-2026_12-59-17.pth
Mon 16 Mar 2026 12:59:23 INFO  Saving current best: saved/NCL-Mar-16-2026_12-59-17.pth
Mon 16 Mar 2026 12:59:23 INFO  Running E-step ! 
Mon 16 Mar 2026 12:59:23 INFO  epoch 10 training [time: 0.17s, train_loss1: 5.5327, train_loss2: 0.0060]
Mon 16 Mar 2026 12:59:23 INFO  epoch 10 evaluating [time: 0.22s, valid_score: 0.068800]
Mon 16 Mar 2026 12:59:23 INFO  valid result: 
recall@1 : 0.0201    recall@2 : 0.0328    recall@3 : 0.0435    recall@4 : 0.0544    recall@5 : 0.0644    recall@10 : 0.1055    recall@20 : 0.1653    recall@30 : 0.2125    recall@50 : 0.2976    ndcg@1 : 0.0453    ndcg@2 : 0.0439    ndcg@3 : 0.0464    ndcg@4 : 0.0505    ndcg@5 : 0.0538    ndcg@10 : 0.0688    ndcg@20 : 0.0866    ndcg@30 : 0.0992    ndcg@50 : 0.1187    precision@1 : 0.0453    precision@2 : 0.0369    precision@3 : 0.033    precision@4 : 0.0314    precision@5 : 0.0291    precision@10 : 0.0247    precision@20 : 0.0194    precision@30 : 0.0168    precision@50 : 0.0141    map@1 : 0.0453    map@2 : 0.0368    map@3 : 0.0358    map@4 : 0.0369    map@5 : 0.0378    map@10 : 0.0429    map@20 : 0.0476    map@30 : 0.0502    map@50 : 0.0533
Mon 16 Mar 2026 12:59:23 INFO  Saving current: saved/NCL-Mar-16-2026_12-59-17.pth
Mon 16 Mar 2026 12:59:23 INFO  Saving current best: saved/NCL-Mar-16-2026_12-59-17.pth
Mon 16 Mar 2026 12:59:23 INFO  Running E-step ! 
Mon 16 Mar 2026 12:59:23 INFO  epoch 11 training [time: 0.17s, train_loss1: 5.5302, train_loss2: 0.0059]
Mon 16 Mar 2026 12:59:24 INFO  epoch 11 evaluating [time: 0.22s, valid_score: 0.077300]
Mon 16 Mar 2026 12:59:24 INFO  valid result: 
recall@1 : 0.0219    recall@2 : 0.0385    recall@3 : 0.0534    recall@4 : 0.0643    recall@5 : 0.0753    recall@10 : 0.1164    recall@20 : 0.1825    recall@30 : 0.2329    recall@50 : 0.3136    ndcg@1 : 0.0489    ndcg@2 : 0.0505    ndcg@3 : 0.0542    ndcg@4 : 0.0582    ndcg@5 : 0.0622    ndcg@10 : 0.0773    ndcg@20 : 0.0967    ndcg@30 : 0.1102    ndcg@50 : 0.1289    precision@1 : 0.0489    precision@2 : 0.0435    precision@3 : 0.0389    precision@4 : 0.0361    precision@5 : 0.034    precision@10 : 0.0278    precision@20 : 0.0213    precision@30 : 0.0185    precision@50 : 0.015    map@1 : 0.0489    map@2 : 0.0423    map@3 : 0.0415    map@4 : 0.0425    map@5 : 0.0439    map@10 : 0.049    map@20 : 0.0541    map@30 : 0.0571    map@50 : 0.0601
Mon 16 Mar 2026 12:59:24 INFO  Saving current: saved/NCL-Mar-16-2026_12-59-17.pth
Mon 16 Mar 2026 12:59:24 INFO  Saving current best: saved/NCL-Mar-16-2026_12-59-17.pth
Mon 16 Mar 2026 12:59:24 INFO  Running E-step ! 
Mon 16 Mar 2026 12:59:24 INFO  epoch 12 training [time: 0.17s, train_loss1: 5.5270, train_loss2: 0.0060]
Mon 16 Mar 2026 12:59:24 INFO  epoch 12 evaluating [time: 0.21s, valid_score: 0.089600]
Mon 16 Mar 2026 12:59:24 INFO  valid result: 
recall@1 : 0.0249    recall@2 : 0.0459    recall@3 : 0.0631    recall@4 : 0.0794    recall@5 : 0.0879    recall@10 : 0.1348    recall@20 : 0.2058    recall@30 : 0.2548    recall@50 : 0.3418    ndcg@1 : 0.0554    ndcg@2 : 0.0596    ndcg@3 : 0.0638    ndcg@4 : 0.0697    ndcg@5 : 0.0727    ndcg@10 : 0.0896    ndcg@20 : 0.1109    ndcg@30 : 0.1241    ndcg@50 : 0.144    precision@1 : 0.0554    precision@2 : 0.0518    precision@3 : 0.0463    precision@4 : 0.0435    precision@5 : 0.0397    precision@10 : 0.0316    precision@20 : 0.0243    precision@30 : 0.0205    precision@50 : 0.0163    map@1 : 0.0554    map@2 : 0.0501    map@3 : 0.049    map@4 : 0.0512    map@5 : 0.0519    map@10 : 0.0576    map@20 : 0.0634    map@30 : 0.0664    map@50 : 0.0697
Mon 16 Mar 2026 12:59:24 INFO  Saving current: saved/NCL-Mar-16-2026_12-59-17.pth
Mon 16 Mar 2026 12:59:24 INFO  Saving current best: saved/NCL-Mar-16-2026_12-59-17.pth
Mon 16 Mar 2026 12:59:24 INFO  Running E-step ! 
Mon 16 Mar 2026 12:59:24 INFO  epoch 13 training [time: 0.18s, train_loss1: 5.5229, train_loss2: 0.0063]
Mon 16 Mar 2026 12:59:24 INFO  epoch 13 evaluating [time: 0.22s, valid_score: 0.106400]
Mon 16 Mar 2026 12:59:24 INFO  valid result: 
recall@1 : 0.0306    recall@2 : 0.0522    recall@3 : 0.0733    recall@4 : 0.0876    recall@5 : 0.1055    recall@10 : 0.1616    recall@20 : 0.2338    recall@30 : 0.2874    recall@50 : 0.3776    ndcg@1 : 0.0709    ndcg@2 : 0.0685    ndcg@3 : 0.0749    ndcg@4 : 0.0797    ndcg@5 : 0.0868    ndcg@10 : 0.1064    ndcg@20 : 0.1283    ndcg@30 : 0.1426    ndcg@50 : 0.163    precision@1 : 0.0709    precision@2 : 0.0575    precision@3 : 0.0536    precision@4 : 0.0492    precision@5 : 0.0484    precision@10 : 0.0375    precision@20 : 0.0277    precision@30 : 0.0231    precision@50 : 0.0179    map@1 : 0.0709    map@2 : 0.0577    map@3 : 0.0576    map@4 : 0.0588    map@5 : 0.0616    map@10 : 0.0685    map@20 : 0.0747    map@30 : 0.0781    map@50 : 0.0815
Mon 16 Mar 2026 12:59:24 INFO  Saving current: saved/NCL-Mar-16-2026_12-59-17.pth
Mon 16 Mar 2026 12:59:24 INFO  Saving current best: saved/NCL-Mar-16-2026_12-59-17.pth
Mon 16 Mar 2026 12:59:24 INFO  Running E-step ! 
Mon 16 Mar 2026 12:59:25 INFO  epoch 14 training [time: 0.19s, train_loss1: 5.5175, train_loss2: 0.0070]
Mon 16 Mar 2026 12:59:25 INFO  epoch 14 evaluating [time: 0.23s, valid_score: 0.125500]
Mon 16 Mar 2026 12:59:25 INFO  valid result: 
recall@1 : 0.0372    recall@2 : 0.0622    recall@3 : 0.0869    recall@4 : 0.1076    recall@5 : 0.125    recall@10 : 0.1888    recall@20 : 0.2637    recall@30 : 0.3246    recall@50 : 0.418    ndcg@1 : 0.0822    ndcg@2 : 0.0815    ndcg@3 : 0.0883    ndcg@4 : 0.0964    ndcg@5 : 0.1027    ndcg@10 : 0.1255    ndcg@20 : 0.1485    ndcg@30 : 0.1644    ndcg@50 : 0.1858    precision@1 : 0.0822    precision@2 : 0.0682    precision@3 : 0.0622    precision@4 : 0.0603    precision@5 : 0.0565    precision@10 : 0.0434    precision@20 : 0.0316    precision@30 : 0.0258    precision@50 : 0.0198    map@1 : 0.0822    map@2 : 0.0694    map@3 : 0.0689    map@4 : 0.0716    map@5 : 0.0737    map@10 : 0.0822    map@20 : 0.0893    map@30 : 0.093    map@50 : 0.0969
Mon 16 Mar 2026 12:59:25 INFO  Saving current: saved/NCL-Mar-16-2026_12-59-17.pth
Mon 16 Mar 2026 12:59:25 INFO  Saving current best: saved/NCL-Mar-16-2026_12-59-17.pth
Mon 16 Mar 2026 12:59:25 INFO  Running E-step ! 
Mon 16 Mar 2026 12:59:25 INFO  epoch 15 training [time: 0.19s, train_loss1: 5.5102, train_loss2: 0.0082]
Mon 16 Mar 2026 12:59:25 INFO  epoch 15 evaluating [time: 0.22s, valid_score: 0.146600]
Mon 16 Mar 2026 12:59:25 INFO  valid result: 
recall@1 : 0.0426    recall@2 : 0.0744    recall@3 : 0.1043    recall@4 : 0.1317    recall@5 : 0.1507    recall@10 : 0.2201    recall@20 : 0.3109    recall@30 : 0.3767    recall@50 : 0.467    ndcg@1 : 0.0918    ndcg@2 : 0.0957    ndcg@3 : 0.1056    ndcg@4 : 0.1154    ndcg@5 : 0.1221    ndcg@10 : 0.1466    ndcg@20 : 0.1743    ndcg@30 : 0.1918    ndcg@50 : 0.2125    precision@1 : 0.0918    precision@2 : 0.0813    precision@3 : 0.0769    precision@4 : 0.0724    precision@5 : 0.0671    precision@10 : 0.0503    precision@20 : 0.0365    precision@30 : 0.0298    precision@50 : 0.0221    map@1 : 0.0918    map@2 : 0.0822    map@3 : 0.0828    map@4 : 0.0859    map@5 : 0.0881    map@10 : 0.0976    map@20 : 0.1061    map@30 : 0.1106    map@50 : 0.1145
Mon 16 Mar 2026 12:59:25 INFO  Saving current: saved/NCL-Mar-16-2026_12-59-17.pth
Mon 16 Mar 2026 12:59:25 INFO  Saving current best: saved/NCL-Mar-16-2026_12-59-17.pth
Mon 16 Mar 2026 12:59:25 INFO  Running E-step ! 
Mon 16 Mar 2026 12:59:26 INFO  epoch 16 training [time: 0.21s, train_loss1: 5.4994, train_loss2: 0.0102]
Mon 16 Mar 2026 12:59:26 INFO  epoch 16 evaluating [time: 0.22s, valid_score: 0.175700]
Mon 16 Mar 2026 12:59:26 INFO  valid result: 
recall@1 : 0.0556    recall@2 : 0.0936    recall@3 : 0.1286    recall@4 : 0.1521    recall@5 : 0.1799    recall@10 : 0.26    recall@20 : 0.3664    recall@30 : 0.4355    recall@50 : 0.5317    ndcg@1 : 0.1174    ndcg@2 : 0.1174    ndcg@3 : 0.1301    ndcg@4 : 0.1368    ndcg@5 : 0.147    ndcg@10 : 0.1757    ndcg@20 : 0.208    ndcg@30 : 0.2261    ndcg@50 : 0.2484    precision@1 : 0.1174    precision@2 : 0.0956    precision@3 : 0.0918    precision@4 : 0.0821    precision@5 : 0.0781    precision@10 : 0.0586    precision@20 : 0.0424    precision@30 : 0.0338    precision@50 : 0.0249    map@1 : 0.1174    map@2 : 0.1013    map@3 : 0.1036    map@4 : 0.1041    map@5 : 0.1084    map@10 : 0.1195    map@20 : 0.13    map@30 : 0.1347    map@50 : 0.1394
Mon 16 Mar 2026 12:59:26 INFO  Saving current: saved/NCL-Mar-16-2026_12-59-17.pth
Mon 16 Mar 2026 12:59:26 INFO  Saving current best: saved/NCL-Mar-16-2026_12-59-17.pth
Mon 16 Mar 2026 12:59:26 INFO  Running E-step ! 
Mon 16 Mar 2026 12:59:26 INFO  epoch 17 training [time: 0.20s, train_loss1: 5.4834, train_loss2: 0.0136]
Mon 16 Mar 2026 12:59:26 INFO  epoch 17 evaluating [time: 0.22s, valid_score: 0.208500]
Mon 16 Mar 2026 12:59:26 INFO  valid result: 
recall@1 : 0.0617    recall@2 : 0.1132    recall@3 : 0.154    recall@4 : 0.1868    recall@5 : 0.2148    recall@10 : 0.3167    recall@20 : 0.4421    recall@30 : 0.5179    recall@50 : 0.6133    ndcg@1 : 0.1257    ndcg@2 : 0.1359    ndcg@3 : 0.1502    ndcg@4 : 0.1618    ndcg@5 : 0.1718    ndcg@10 : 0.2085    ndcg@20 : 0.2462    ndcg@30 : 0.266    ndcg@50 : 0.2881    precision@1 : 0.1257    precision@2 : 0.112    precision@3 : 0.1041    precision@4 : 0.0971    precision@5 : 0.0902    precision@10 : 0.0692    precision@20 : 0.0494    precision@30 : 0.0389    precision@50 : 0.0279    map@1 : 0.1257    map@2 : 0.1161    map@3 : 0.1193    map@4 : 0.1228    map@5 : 0.1267    map@10 : 0.142    map@20 : 0.1548    map@30 : 0.1602    map@50 : 0.165
Mon 16 Mar 2026 12:59:26 INFO  Saving current: saved/NCL-Mar-16-2026_12-59-17.pth
Mon 16 Mar 2026 12:59:26 INFO  Saving current best: saved/NCL-Mar-16-2026_12-59-17.pth
Mon 16 Mar 2026 12:59:26 INFO  Running E-step ! 
Mon 16 Mar 2026 12:59:26 INFO  epoch 18 training [time: 0.19s, train_loss1: 5.4554, train_loss2: 0.0191]
Mon 16 Mar 2026 12:59:27 INFO  epoch 18 evaluating [time: 0.24s, valid_score: 0.259400]
Mon 16 Mar 2026 12:59:27 INFO  valid result: 
recall@1 : 0.0885    recall@2 : 0.1468    recall@3 : 0.1887    recall@4 : 0.234    recall@5 : 0.2646    recall@10 : 0.3958    recall@20 : 0.531    recall@30 : 0.5944    recall@50 : 0.6883    ndcg@1 : 0.1585    ndcg@2 : 0.1725    ndcg@3 : 0.1844    ndcg@4 : 0.2013    ndcg@5 : 0.2125    ndcg@10 : 0.2594    ndcg@20 : 0.3002    ndcg@30 : 0.3171    ndcg@50 : 0.3389    precision@1 : 0.1585    precision@2 : 0.1374    precision@3 : 0.1186    precision@4 : 0.1122    precision@5 : 0.1036    precision@10 : 0.081    precision@20 : 0.0563    precision@30 : 0.0431    precision@50 : 0.0304    map@1 : 0.1585    map@2 : 0.1497    map@3 : 0.1509    map@4 : 0.1571    map@5 : 0.1619    map@10 : 0.1817    map@20 : 0.1959    map@30 : 0.2009    map@50 : 0.2057
Mon 16 Mar 2026 12:59:27 INFO  Saving current: saved/NCL-Mar-16-2026_12-59-17.pth
Mon 16 Mar 2026 12:59:27 INFO  Saving current best: saved/NCL-Mar-16-2026_12-59-17.pth
Mon 16 Mar 2026 12:59:27 INFO  Running E-step ! 
Mon 16 Mar 2026 12:59:27 INFO  epoch 19 training [time: 0.18s, train_loss1: 5.4011, train_loss2: 0.0270]
Mon 16 Mar 2026 12:59:27 INFO  epoch 19 evaluating [time: 0.23s, valid_score: 0.302900]
Mon 16 Mar 2026 12:59:27 INFO  valid result: 
recall@1 : 0.1242    recall@2 : 0.2012    recall@3 : 0.2526    recall@4 : 0.2805    recall@5 : 0.3115    recall@10 : 0.4386    recall@20 : 0.5881    recall@30 : 0.653    recall@50 : 0.7381    ndcg@1 : 0.2026    ndcg@2 : 0.2229    ndcg@3 : 0.2393    ndcg@4 : 0.2474    ndcg@5 : 0.258    ndcg@10 : 0.3029    ndcg@20 : 0.3485    ndcg@30 : 0.3662    ndcg@50 : 0.3865    precision@1 : 0.2026    precision@2 : 0.1681    precision@3 : 0.1442    precision@4 : 0.1247    precision@5 : 0.1119    precision@10 : 0.0837    precision@20 : 0.0595    precision@30 : 0.0456    precision@50 : 0.0318    map@1 : 0.2026    map@2 : 0.1968    map@3 : 0.2001    map@4 : 0.2012    map@5 : 0.2054    map@10 : 0.2237    map@20 : 0.2395    map@30 : 0.245    map@50 : 0.2496
Mon 16 Mar 2026 12:59:27 INFO  Saving current: saved/NCL-Mar-16-2026_12-59-17.pth
Mon 16 Mar 2026 12:59:27 INFO  Saving current best: saved/NCL-Mar-16-2026_12-59-17.pth
Mon 16 Mar 2026 12:59:27 INFO  Running E-step ! 
Mon 16 Mar 2026 12:59:27 INFO  epoch 20 training [time: 0.19s, train_loss1: 5.2841, train_loss2: 0.0328, train_loss3: 0.0031]
Mon 16 Mar 2026 12:59:28 INFO  epoch 20 evaluating [time: 0.23s, valid_score: 0.310400]
Mon 16 Mar 2026 12:59:28 INFO  valid result: 
recall@1 : 0.1224    recall@2 : 0.2189    recall@3 : 0.2704    recall@4 : 0.3071    recall@5 : 0.3393    recall@10 : 0.4453    recall@20 : 0.6074    recall@30 : 0.6732    recall@50 : 0.7534    ndcg@1 : 0.202    ndcg@2 : 0.2329    ndcg@3 : 0.2496    ndcg@4 : 0.2611    ndcg@5 : 0.2728    ndcg@10 : 0.3104    ndcg@20 : 0.3589    ndcg@30 : 0.3767    ndcg@50 : 0.3964    precision@1 : 0.202    precision@2 : 0.1764    precision@3 : 0.1498    precision@4 : 0.1299    precision@5 : 0.1175    precision@10 : 0.0825    precision@20 : 0.0599    precision@30 : 0.0456    precision@50 : 0.0319    map@1 : 0.202    map@2 : 0.2041    map@3 : 0.2076    map@4 : 0.2108    map@5 : 0.2155    map@10 : 0.2312    map@20 : 0.2472    map@30 : 0.2525    map@50 : 0.2572
Mon 16 Mar 2026 12:59:28 INFO  Saving current: saved/NCL-Mar-16-2026_12-59-17.pth
Mon 16 Mar 2026 12:59:28 INFO  Saving current best: saved/NCL-Mar-16-2026_12-59-17.pth
Mon 16 Mar 2026 12:59:28 INFO  Running E-step ! 
Mon 16 Mar 2026 12:59:28 INFO  epoch 21 training [time: 0.19s, train_loss1: 5.0812, train_loss2: 0.0353, train_loss3: 0.0039]
Mon 16 Mar 2026 12:59:28 INFO  epoch 21 evaluating [time: 0.23s, valid_score: 0.311000]
Mon 16 Mar 2026 12:59:28 INFO  valid result: 
recall@1 : 0.1068    recall@2 : 0.2143    recall@3 : 0.2775    recall@4 : 0.3245    recall@5 : 0.3585    recall@10 : 0.4628    recall@20 : 0.6054    recall@30 : 0.6884    recall@50 : 0.7635    ndcg@1 : 0.1824    ndcg@2 : 0.2215    ndcg@3 : 0.2446    ndcg@4 : 0.2616    ndcg@5 : 0.2743    ndcg@10 : 0.311    ndcg@20 : 0.3538    ndcg@30 : 0.3759    ndcg@50 : 0.3945    precision@1 : 0.1824    precision@2 : 0.1704    precision@3 : 0.1494    precision@4 : 0.1335    precision@5 : 0.1211    precision@10 : 0.0838    precision@20 : 0.0587    precision@30 : 0.0458    precision@50 : 0.0319    map@1 : 0.1824    map@2 : 0.1922    map@3 : 0.2001    map@4 : 0.2068    map@5 : 0.2118    map@10 : 0.2271    map@20 : 0.2411    map@30 : 0.2473    map@50 : 0.2518
Mon 16 Mar 2026 12:59:28 INFO  Saving current: saved/NCL-Mar-16-2026_12-59-17.pth
Mon 16 Mar 2026 12:59:28 INFO  Saving current best: saved/NCL-Mar-16-2026_12-59-17.pth
Mon 16 Mar 2026 12:59:28 INFO  Running E-step ! 
Mon 16 Mar 2026 12:59:28 INFO  epoch 22 training [time: 0.21s, train_loss1: 4.7949, train_loss2: 0.0364, train_loss3: 0.0048]
Mon 16 Mar 2026 12:59:28 INFO  epoch 22 evaluating [time: 0.24s, valid_score: 0.311900]
Mon 16 Mar 2026 12:59:28 INFO  valid result: 
recall@1 : 0.1086    recall@2 : 0.2125    recall@3 : 0.2773    recall@4 : 0.3206    recall@5 : 0.3563    recall@10 : 0.4659    recall@20 : 0.6023    recall@30 : 0.6926    recall@50 : 0.7641    ndcg@1 : 0.1836    ndcg@2 : 0.2214    ndcg@3 : 0.2454    ndcg@4 : 0.2604    ndcg@5 : 0.2735    ndcg@10 : 0.3119    ndcg@20 : 0.3525    ndcg@30 : 0.3764    ndcg@50 : 0.3942    precision@1 : 0.1836    precision@2 : 0.1698    precision@3 : 0.1502    precision@4 : 0.1324    precision@5 : 0.1204    precision@10 : 0.0839    precision@20 : 0.0579    precision@30 : 0.0458    precision@50 : 0.0318    map@1 : 0.1836    map@2 : 0.1926    map@3 : 0.2009    map@4 : 0.2063    map@5 : 0.2117    map@10 : 0.2277    map@20 : 0.2407    map@30 : 0.2472    map@50 : 0.2516
Mon 16 Mar 2026 12:59:28 INFO  Saving current: saved/NCL-Mar-16-2026_12-59-17.pth
Mon 16 Mar 2026 12:59:28 INFO  Saving current best: saved/NCL-Mar-16-2026_12-59-17.pth
Mon 16 Mar 2026 12:59:28 INFO  Running E-step ! 
Mon 16 Mar 2026 12:59:29 INFO  epoch 23 training [time: 0.20s, train_loss1: 4.4494, train_loss2: 0.0369, train_loss3: 0.0055]
Mon 16 Mar 2026 12:59:29 INFO  epoch 23 evaluating [time: 0.23s, valid_score: 0.310700]
Mon 16 Mar 2026 12:59:29 INFO  valid result: 
recall@1 : 0.1088    recall@2 : 0.2105    recall@3 : 0.2804    recall@4 : 0.3193    recall@5 : 0.3512    recall@10 : 0.4635    recall@20 : 0.5983    recall@30 : 0.6916    recall@50 : 0.773    ndcg@1 : 0.1836    ndcg@2 : 0.2199    ndcg@3 : 0.2466    ndcg@4 : 0.2595    ndcg@5 : 0.2713    ndcg@10 : 0.3107    ndcg@20 : 0.3507    ndcg@30 : 0.3754    ndcg@50 : 0.3952    precision@1 : 0.1836    precision@2 : 0.1684    precision@3 : 0.151    precision@4 : 0.1316    precision@5 : 0.119    precision@10 : 0.0834    precision@20 : 0.0572    precision@30 : 0.0456    precision@50 : 0.0319    map@1 : 0.1836    map@2 : 0.1914    map@3 : 0.2015    map@4 : 0.2058    map@5 : 0.2105    map@10 : 0.2269    map@20 : 0.2396    map@30 : 0.2463    map@50 : 0.251
Mon 16 Mar 2026 12:59:29 INFO  Running E-step ! 
Mon 16 Mar 2026 12:59:29 INFO  epoch 24 training [time: 0.19s, train_loss1: 4.1387, train_loss2: 0.0372, train_loss3: 0.0061]
Mon 16 Mar 2026 12:59:29 INFO  epoch 24 evaluating [time: 0.22s, valid_score: 0.311100]
Mon 16 Mar 2026 12:59:29 INFO  valid result: 
recall@1 : 0.1111    recall@2 : 0.2116    recall@3 : 0.2786    recall@4 : 0.3184    recall@5 : 0.3504    recall@10 : 0.4632    recall@20 : 0.5963    recall@30 : 0.6834    recall@50 : 0.7774    ndcg@1 : 0.1847    ndcg@2 : 0.2211    ndcg@3 : 0.2465    ndcg@4 : 0.2597    ndcg@5 : 0.2716    ndcg@10 : 0.3111    ndcg@20 : 0.3504    ndcg@30 : 0.3738    ndcg@50 : 0.3963    precision@1 : 0.1847    precision@2 : 0.1687    precision@3 : 0.1502    precision@4 : 0.131    precision@5 : 0.1187    precision@10 : 0.0832    precision@20 : 0.0566    precision@30 : 0.045    precision@50 : 0.0319    map@1 : 0.1847    map@2 : 0.1928    map@3 : 0.2021    map@4 : 0.2066    map@5 : 0.2114    map@10 : 0.2277    map@20 : 0.2402    map@30 : 0.2465    map@50 : 0.2517
Mon 16 Mar 2026 12:59:29 INFO  Running E-step ! 
Mon 16 Mar 2026 12:59:30 INFO  epoch 25 training [time: 0.18s, train_loss1: 3.8441, train_loss2: 0.0375, train_loss3: 0.0066]
Mon 16 Mar 2026 12:59:30 INFO  epoch 25 evaluating [time: 0.23s, valid_score: 0.311400]
Mon 16 Mar 2026 12:59:30 INFO  valid result: 
recall@1 : 0.1117    recall@2 : 0.212    recall@3 : 0.2785    recall@4 : 0.3202    recall@5 : 0.3493    recall@10 : 0.4635    recall@20 : 0.5946    recall@30 : 0.6797    recall@50 : 0.7775    ndcg@1 : 0.1859    ndcg@2 : 0.2216    ndcg@3 : 0.2467    ndcg@4 : 0.261    ndcg@5 : 0.2716    ndcg@10 : 0.3114    ndcg@20 : 0.35    ndcg@30 : 0.3729    ndcg@50 : 0.3965    precision@1 : 0.1859    precision@2 : 0.1687    precision@3 : 0.1502    precision@4 : 0.132    precision@5 : 0.1184    precision@10 : 0.0833    precision@20 : 0.0563    precision@30 : 0.0447    precision@50 : 0.0319    map@1 : 0.1859    map@2 : 0.1934    map@3 : 0.2023    map@4 : 0.2075    map@5 : 0.2116    map@10 : 0.2281    map@20 : 0.2402    map@30 : 0.2465    map@50 : 0.2519
Mon 16 Mar 2026 12:59:30 INFO  Running E-step ! 
Mon 16 Mar 2026 12:59:30 INFO  epoch 26 training [time: 0.20s, train_loss1: 3.6201, train_loss2: 0.0378, train_loss3: 0.0070]
Mon 16 Mar 2026 12:59:30 INFO  epoch 26 evaluating [time: 0.22s, valid_score: 0.310900]
Mon 16 Mar 2026 12:59:30 INFO  valid result: 
recall@1 : 0.1109    recall@2 : 0.2116    recall@3 : 0.2794    recall@4 : 0.3179    recall@5 : 0.3479    recall@10 : 0.4635    recall@20 : 0.5943    recall@30 : 0.6773    recall@50 : 0.7775    ndcg@1 : 0.1853    ndcg@2 : 0.2207    ndcg@3 : 0.2469    ndcg@4 : 0.2598    ndcg@5 : 0.2706    ndcg@10 : 0.3109    ndcg@20 : 0.3493    ndcg@30 : 0.3717    ndcg@50 : 0.3959    precision@1 : 0.1853    precision@2 : 0.1678    precision@3 : 0.1506    precision@4 : 0.1316    precision@5 : 0.118    precision@10 : 0.0832    precision@20 : 0.0561    precision@30 : 0.0445    precision@50 : 0.032    map@1 : 0.1853    map@2 : 0.1926    map@3 : 0.2022    map@4 : 0.2066    map@5 : 0.2108    map@10 : 0.2275    map@20 : 0.2395    map@30 : 0.2457    map@50 : 0.2512
Mon 16 Mar 2026 12:59:30 INFO  Running E-step ! 
Mon 16 Mar 2026 12:59:30 INFO  epoch 27 training [time: 0.18s, train_loss1: 3.4665, train_loss2: 0.0380, train_loss3: 0.0072]
Mon 16 Mar 2026 12:59:31 INFO  epoch 27 evaluating [time: 0.23s, valid_score: 0.310600]
Mon 16 Mar 2026 12:59:31 INFO  valid result: 
recall@1 : 0.1109    recall@2 : 0.2112    recall@3 : 0.2793    recall@4 : 0.3177    recall@5 : 0.3467    recall@10 : 0.4632    recall@20 : 0.595    recall@30 : 0.6777    recall@50 : 0.7787    ndcg@1 : 0.1847    ndcg@2 : 0.2201    ndcg@3 : 0.2465    ndcg@4 : 0.2596    ndcg@5 : 0.2699    ndcg@10 : 0.3106    ndcg@20 : 0.3493    ndcg@30 : 0.3716    ndcg@50 : 0.3959    precision@1 : 0.1847    precision@2 : 0.1672    precision@3 : 0.1504    precision@4 : 0.1317    precision@5 : 0.1178    precision@10 : 0.0831    precision@20 : 0.0561    precision@30 : 0.0445    precision@50 : 0.032    map@1 : 0.1847    map@2 : 0.1922    map@3 : 0.2019    map@4 : 0.2065    map@5 : 0.2104    map@10 : 0.2273    map@20 : 0.2393    map@30 : 0.2455    map@50 : 0.251
Mon 16 Mar 2026 12:59:31 INFO  Running E-step ! 
Mon 16 Mar 2026 12:59:31 INFO  epoch 28 training [time: 0.21s, train_loss1: 3.3827, train_loss2: 0.0382, train_loss3: 0.0071]
Mon 16 Mar 2026 12:59:31 INFO  epoch 28 evaluating [time: 0.22s, valid_score: 0.311100]
Mon 16 Mar 2026 12:59:31 INFO  valid result: 
recall@1 : 0.1119    recall@2 : 0.2111    recall@3 : 0.2787    recall@4 : 0.3177    recall@5 : 0.3461    recall@10 : 0.4639    recall@20 : 0.5942    recall@30 : 0.6798    recall@50 : 0.7787    ndcg@1 : 0.1853    ndcg@2 : 0.2201    ndcg@3 : 0.2465    ndcg@4 : 0.2598    ndcg@5 : 0.27    ndcg@10 : 0.3111    ndcg@20 : 0.3493    ndcg@30 : 0.3723    ndcg@50 : 0.3962    precision@1 : 0.1853    precision@2 : 0.1669    precision@3 : 0.1502    precision@4 : 0.1317    precision@5 : 0.1176    precision@10 : 0.0832    precision@20 : 0.056    precision@30 : 0.0446    precision@50 : 0.032    map@1 : 0.1853    map@2 : 0.1923    map@3 : 0.2021    map@4 : 0.2069    map@5 : 0.2107    map@10 : 0.2277    map@20 : 0.2397    map@30 : 0.246    map@50 : 0.2514
Mon 16 Mar 2026 12:59:31 INFO  Running E-step ! 
Mon 16 Mar 2026 12:59:31 INFO  epoch 29 training [time: 0.19s, train_loss1: 3.2856, train_loss2: 0.0384, train_loss3: 0.0071]
Mon 16 Mar 2026 12:59:31 INFO  epoch 29 evaluating [time: 0.22s, valid_score: 0.311300]
Mon 16 Mar 2026 12:59:31 INFO  valid result: 
recall@1 : 0.1124    recall@2 : 0.2111    recall@3 : 0.278    recall@4 : 0.3177    recall@5 : 0.3461    recall@10 : 0.4638    recall@20 : 0.5934    recall@30 : 0.6804    recall@50 : 0.778    ndcg@1 : 0.1859    ndcg@2 : 0.2204    ndcg@3 : 0.2463    ndcg@4 : 0.26    ndcg@5 : 0.2701    ndcg@10 : 0.3113    ndcg@20 : 0.3492    ndcg@30 : 0.3726    ndcg@50 : 0.3962    precision@1 : 0.1859    precision@2 : 0.1669    precision@3 : 0.1498    precision@4 : 0.1317    precision@5 : 0.1176    precision@10 : 0.0833    precision@20 : 0.0559    precision@30 : 0.0446    precision@50 : 0.0319    map@1 : 0.1859    map@2 : 0.1926    map@3 : 0.2021    map@4 : 0.2071    map@5 : 0.2109    map@10 : 0.2279    map@20 : 0.2398    map@30 : 0.2462    map@50 : 0.2516
Mon 16 Mar 2026 12:59:31 INFO  Running E-step ! 
Mon 16 Mar 2026 12:59:32 INFO  epoch 30 training [time: 0.19s, train_loss1: 3.2756, train_loss2: 0.0386, train_loss3: 0.0071]
Mon 16 Mar 2026 12:59:32 INFO  epoch 30 evaluating [time: 0.22s, valid_score: 0.311000]
Mon 16 Mar 2026 12:59:32 INFO  valid result: 
recall@1 : 0.1127    recall@2 : 0.2111    recall@3 : 0.278    recall@4 : 0.3177    recall@5 : 0.3461    recall@10 : 0.4627    recall@20 : 0.5937    recall@30 : 0.6831    recall@50 : 0.7799    ndcg@1 : 0.1859    ndcg@2 : 0.2202    ndcg@3 : 0.2464    ndcg@4 : 0.2602    ndcg@5 : 0.2703    ndcg@10 : 0.311    ndcg@20 : 0.3494    ndcg@30 : 0.3733    ndcg@50 : 0.3968    precision@1 : 0.1859    precision@2 : 0.1666    precision@3 : 0.1498    precision@4 : 0.1319    precision@5 : 0.1178    precision@10 : 0.0831    precision@20 : 0.056    precision@30 : 0.0448    precision@50 : 0.0321    map@1 : 0.1859    map@2 : 0.1926    map@3 : 0.2022    map@4 : 0.2073    map@5 : 0.2111    map@10 : 0.228    map@20 : 0.24    map@30 : 0.2465    map@50 : 0.2519
Mon 16 Mar 2026 12:59:32 INFO  Running E-step ! 
Mon 16 Mar 2026 12:59:32 INFO  epoch 31 training [time: 0.18s, train_loss1: 3.2596, train_loss2: 0.0388, train_loss3: 0.0069]
Mon 16 Mar 2026 12:59:32 INFO  epoch 31 evaluating [time: 0.22s, valid_score: 0.310500]
Mon 16 Mar 2026 12:59:32 INFO  valid result: 
recall@1 : 0.1122    recall@2 : 0.2111    recall@3 : 0.2778    recall@4 : 0.3177    recall@5 : 0.3461    recall@10 : 0.4621    recall@20 : 0.5925    recall@30 : 0.6822    recall@50 : 0.78    ndcg@1 : 0.1853    ndcg@2 : 0.22    ndcg@3 : 0.2461    ndcg@4 : 0.2599    ndcg@5 : 0.2701    ndcg@10 : 0.3105    ndcg@20 : 0.3489    ndcg@30 : 0.373    ndcg@50 : 0.3965    precision@1 : 0.1853    precision@2 : 0.1666    precision@3 : 0.1498    precision@4 : 0.1319    precision@5 : 0.1178    precision@10 : 0.083    precision@20 : 0.0559    precision@30 : 0.0449    precision@50 : 0.0321    map@1 : 0.1853    map@2 : 0.1923    map@3 : 0.2019    map@4 : 0.207    map@5 : 0.2108    map@10 : 0.2275    map@20 : 0.2397    map@30 : 0.2462    map@50 : 0.2516
Mon 16 Mar 2026 12:59:32 INFO  Running E-step ! 
Mon 16 Mar 2026 12:59:32 INFO  epoch 32 training [time: 0.18s, train_loss1: 3.2095, train_loss2: 0.0389, train_loss3: 0.0068]
Mon 16 Mar 2026 12:59:33 INFO  epoch 32 evaluating [time: 0.22s, valid_score: 0.311200]
Mon 16 Mar 2026 12:59:33 INFO  valid result: 
recall@1 : 0.1133    recall@2 : 0.2111    recall@3 : 0.2778    recall@4 : 0.3187    recall@5 : 0.3473    recall@10 : 0.4623    recall@20 : 0.5931    recall@30 : 0.6807    recall@50 : 0.78    ndcg@1 : 0.1865    ndcg@2 : 0.2204    ndcg@3 : 0.2465    ndcg@4 : 0.2609    ndcg@5 : 0.271    ndcg@10 : 0.3112    ndcg@20 : 0.3496    ndcg@30 : 0.3733    ndcg@50 : 0.3972    precision@1 : 0.1865    precision@2 : 0.1666    precision@3 : 0.1498    precision@4 : 0.1323    precision@5 : 0.118    precision@10 : 0.0831    precision@20 : 0.056    precision@30 : 0.0448    precision@50 : 0.0321    map@1 : 0.1865    map@2 : 0.1929    map@3 : 0.2025    map@4 : 0.2078    map@5 : 0.2116    map@10 : 0.2284    map@20 : 0.2405    map@30 : 0.2469    map@50 : 0.2524
Mon 16 Mar 2026 12:59:33 INFO  Running E-step ! 
Mon 16 Mar 2026 12:59:33 INFO  epoch 33 training [time: 0.20s, train_loss1: 3.1946, train_loss2: 0.0391, train_loss3: 0.0067]
Mon 16 Mar 2026 12:59:33 INFO  epoch 33 evaluating [time: 0.24s, valid_score: 0.311700]
Mon 16 Mar 2026 12:59:33 INFO  valid result: 
recall@1 : 0.1145    recall@2 : 0.2115    recall@3 : 0.2776    recall@4 : 0.3193    recall@5 : 0.3474    recall@10 : 0.462    recall@20 : 0.5933    recall@30 : 0.6814    recall@50 : 0.7792    ndcg@1 : 0.1877    ndcg@2 : 0.2216    ndcg@3 : 0.247    ndcg@4 : 0.2617    ndcg@5 : 0.2716    ndcg@10 : 0.3117    ndcg@20 : 0.3503    ndcg@30 : 0.374    ndcg@50 : 0.3976    precision@1 : 0.1877    precision@2 : 0.1675    precision@3 : 0.1496    precision@4 : 0.1324    precision@5 : 0.1181    precision@10 : 0.0833    precision@20 : 0.0561    precision@30 : 0.0449    precision@50 : 0.0321    map@1 : 0.1877    map@2 : 0.1941    map@3 : 0.2032    map@4 : 0.2087    map@5 : 0.2124    map@10 : 0.2291    map@20 : 0.2413    map@30 : 0.2477    map@50 : 0.2531
Mon 16 Mar 2026 12:59:33 INFO  Finished training, best eval result in epoch 22
Mon 16 Mar 2026 12:59:33 INFO  Loading model structure and parameters from saved/NCL-Mar-16-2026_12-59-17.pth
Mon 16 Mar 2026 12:59:33 INFO  best valid : OrderedDict([('recall@1', 0.1086), ('recall@2', 0.2125), ('recall@3', 0.2773), ('recall@4', 0.3206), ('recall@5', 0.3563), ('recall@10', 0.4659), ('recall@20', 0.6023), ('recall@30', 0.6926), ('recall@50', 0.7641), ('ndcg@1', 0.1836), ('ndcg@2', 0.2214), ('ndcg@3', 0.2454), ('ndcg@4', 0.2604), ('ndcg@5', 0.2735), ('ndcg@10', 0.3119), ('ndcg@20', 0.3525), ('ndcg@30', 0.3764), ('ndcg@50', 0.3942), ('precision@1', 0.1836), ('precision@2', 0.1698), ('precision@3', 0.1502), ('precision@4', 0.1324), ('precision@5', 0.1204), ('precision@10', 0.0839), ('precision@20', 0.0579), ('precision@30', 0.0458), ('precision@50', 0.0318), ('map@1', 0.1836), ('map@2', 0.1926), ('map@3', 0.2009), ('map@4', 0.2063), ('map@5', 0.2117), ('map@10', 0.2277), ('map@20', 0.2407), ('map@30', 0.2472), ('map@50', 0.2516)])
Mon 16 Mar 2026 12:59:33 INFO  test result: OrderedDict([('recall@1', 0.1359), ('recall@2', 0.246), ('recall@3', 0.3011), ('recall@4', 0.3418), ('recall@5', 0.3761), ('recall@10', 0.4814), ('recall@20', 0.6219), ('recall@30', 0.6959), ('recall@50', 0.7686), ('ndcg@1', 0.2295), ('ndcg@2', 0.2646), ('ndcg@3', 0.28), ('ndcg@4', 0.293), ('ndcg@5', 0.3045), ('ndcg@10', 0.3391), ('ndcg@20', 0.3801), ('ndcg@30', 0.3994), ('ndcg@50', 0.4168), ('precision@1', 0.2295), ('precision@2', 0.2003), ('precision@3', 0.1677), ('precision@4', 0.1467), ('precision@5', 0.1305), ('precision@10', 0.0874), ('precision@20', 0.0594), ('precision@30', 0.0452), ('precision@50', 0.031), ('map@1', 0.2295), ('map@2', 0.2351), ('map@3', 0.2369), ('map@4', 0.241), ('map@5', 0.2453), ('map@10', 0.2581), ('map@20', 0.2714), ('map@30', 0.2767), ('map@50', 0.2807)])
Mon 16 Mar 2026 12:59:33 INFO  training time: 15.2038s
Mon 16 Mar 2026 12:59:33 INFO  result file: results/again3/ncl_ncl_seed2021.json
