Sun 15 Mar 2026 22:26:44 INFO  
General Hyper Parameters:
gpu_id = 0
use_gpu = True
seed = 2021
state = INFO
reproducibility = True
data_path = ./travel
checkpoint_dir = saved
show_progress = True
save_dataset = False
dataset_save_path = None
save_dataloaders = False
dataloaders_save_path = None
log_wandb = False

Training Hyper Parameters:
epochs = 1000
train_batch_size = 4096
learner = adam
learning_rate = 0.001
train_neg_sample_args = {'distribution': 'uniform', 'sample_num': 1, 'alpha': 1.0, 'dynamic': False, 'candidate_num': 0}
eval_step = 1
stopping_step = 10
clip_grad_norm = None
weight_decay = 0.0
loss_decimal_place = 4

Evaluation Hyper Parameters:
eval_args = {'split': {'RS': [0.8, 0.1, 0.1]}, 'order': 'RO', 'group_by': 'user', 'mode': {'valid': 'full', 'test': 'full'}}
repeatable = False
metrics = ['Recall', 'NDCG', 'Precision', 'MAP']
topk = [1, 2, 3, 4, 5, 10, 20, 30, 50]
valid_metric = NDCG@10
valid_metric_bigger = True
eval_batch_size = 4096
metric_decimal_place = 4

Dataset Hyper Parameters:
field_separator = 	
seq_separator =  
USER_ID_FIELD = user_id
ITEM_ID_FIELD = item_id
RATING_FIELD = rating
TIME_FIELD = timestamp
seq_len = None
LABEL_FIELD = label
threshold = None
NEG_PREFIX = neg_
load_col = {'inter': ['user_id', 'item_id', 'rating'], 'user': ['user_id', 'post_num', 'follower', 'following', 'timestamp']}
unload_col = None
unused_col = None
additional_feat_suffix = None
rm_dup_inter = None
val_interval = {'rating': '[0,inf)'}
filter_inter_by_user_or_item = True
user_inter_num_interval = [0,inf)
item_inter_num_interval = [0,inf)
alias_of_user_id = None
alias_of_item_id = None
alias_of_entity_id = None
alias_of_relation_id = None
preload_weight = None
normalize_field = None
normalize_all = None
ITEM_LIST_LENGTH_FIELD = item_length
LIST_SUFFIX = _list
MAX_ITEM_LIST_LENGTH = 50
POSITION_FIELD = position_id
HEAD_ENTITY_ID_FIELD = head_id
TAIL_ENTITY_ID_FIELD = tail_id
RELATION_ID_FIELD = relation_id
ENTITY_ID_FIELD = entity_id
benchmark_filename = None

Other Hyper Parameters: 
worker = 0
wandb_project = recbole
shuffle = True
require_pow = False
enable_amp = False
enable_scaler = False
transform = None
embedding_size = 64
n_layers = 3
reg_weight = 0.0001
numerical_features = []
discretization = None
kg_reverse_r = False
entity_kg_num_interval = [0,inf)
relation_kg_num_interval = [0,inf)
MODEL_TYPE = ModelType.GENERAL
MODEL_INPUT_TYPE = InputType.PAIRWISE
eval_type = EvaluatorType.RANKING
single_spec = True
local_rank = 0
device = cuda
valid_neg_sample_args = {'distribution': 'uniform', 'sample_num': 'none'}
test_neg_sample_args = {'distribution': 'uniform', 'sample_num': 'none'}


Sun 15 Mar 2026 22:26:44 INFO  travel
The number of users: 2010
Average actions of users: 18.721254355400696
The number of items: 247
Average actions of items: 152.890243902439
The number of inters: 37611
The sparsity of the dataset: 92.42431566862047%
Remain Fields: ['user_id', 'item_id', 'rating', 'post_num', 'follower', 'following', 'timestamp']
Sun 15 Mar 2026 22:26:44 INFO  [Training]: train_batch_size = [4096] train_neg_sample_args: [{'distribution': 'uniform', 'sample_num': 1, 'alpha': 1.0, 'dynamic': False, 'candidate_num': 0}]
Sun 15 Mar 2026 22:26:44 INFO  [Evaluation]: eval_batch_size = [4096] eval_args: [{'split': {'RS': [0.8, 0.1, 0.1]}, 'order': 'RO', 'group_by': 'user', 'mode': {'valid': 'full', 'test': 'full'}}]
Sun 15 Mar 2026 22:26:45 INFO  LightGCN(
  (user_embedding): Embedding(2010, 64)
  (item_embedding): Embedding(247, 64)
  (mf_loss): BPRLoss()
  (reg_loss): EmbLoss()
)
Trainable parameters: 144448
Sun 15 Mar 2026 22:26:45 INFO  trainable parameters: 144448
Sun 15 Mar 2026 22:26:46 INFO  epoch 0 training [time: 0.47s, train loss: 5.5400]
Sun 15 Mar 2026 22:26:46 INFO  epoch 0 evaluating [time: 0.26s, valid_score: 0.189100]
Sun 15 Mar 2026 22:26:46 INFO  valid result: 
recall@1 : 0.0665    recall@2 : 0.1123    recall@3 : 0.1411    recall@4 : 0.166    recall@5 : 0.1953    recall@10 : 0.2855    recall@20 : 0.3965    recall@30 : 0.4735    recall@50 : 0.5968    ndcg@1 : 0.124    ndcg@2 : 0.1329    ndcg@3 : 0.1404    ndcg@4 : 0.1481    ndcg@5 : 0.1583    ndcg@10 : 0.1891    ndcg@20 : 0.222    ndcg@30 : 0.2419    ndcg@50 : 0.2695    precision@1 : 0.124    precision@2 : 0.1052    precision@3 : 0.0904    precision@4 : 0.0815    precision@5 : 0.0757    precision@10 : 0.057    precision@20 : 0.0411    precision@30 : 0.0332    precision@50 : 0.0252    map@1 : 0.124    map@2 : 0.1147    map@3 : 0.1141    map@4 : 0.1152    map@5 : 0.1192    map@10 : 0.1303    map@20 : 0.14    map@30 : 0.1448    map@50 : 0.1499
Sun 15 Mar 2026 22:26:46 INFO  Saving current: saved/LightGCN-Mar-15-2026_22-26-45.pth
Sun 15 Mar 2026 22:26:46 INFO  epoch 1 training [time: 0.11s, train loss: 5.5245]
Sun 15 Mar 2026 22:26:46 INFO  epoch 1 evaluating [time: 0.14s, valid_score: 0.302000]
Sun 15 Mar 2026 22:26:46 INFO  valid result: 
recall@1 : 0.1183    recall@2 : 0.2051    recall@3 : 0.2651    recall@4 : 0.2998    recall@5 : 0.3285    recall@10 : 0.4412    recall@20 : 0.5716    recall@30 : 0.6416    recall@50 : 0.7441    ndcg@1 : 0.1913    ndcg@2 : 0.2185    ndcg@3 : 0.2411    ndcg@4 : 0.2528    ndcg@5 : 0.263    ndcg@10 : 0.302    ndcg@20 : 0.34    ndcg@30 : 0.3587    ndcg@50 : 0.3831    precision@1 : 0.1913    precision@2 : 0.1639    precision@3 : 0.1454    precision@4 : 0.1272    precision@5 : 0.1138    precision@10 : 0.0808    precision@20 : 0.0541    precision@30 : 0.0419    precision@50 : 0.0305    map@1 : 0.1913    map@2 : 0.1919    map@3 : 0.2    map@4 : 0.2035    map@5 : 0.2077    map@10 : 0.2231    map@20 : 0.2352    map@30 : 0.2401    map@50 : 0.2454
Sun 15 Mar 2026 22:26:46 INFO  Saving current: saved/LightGCN-Mar-15-2026_22-26-45.pth
Sun 15 Mar 2026 22:26:47 INFO  epoch 2 training [time: 0.11s, train loss: 5.4865]
Sun 15 Mar 2026 22:26:47 INFO  epoch 2 evaluating [time: 0.14s, valid_score: 0.308100]
Sun 15 Mar 2026 22:26:47 INFO  valid result: 
recall@1 : 0.1138    recall@2 : 0.2085    recall@3 : 0.2698    recall@4 : 0.316    recall@5 : 0.3481    recall@10 : 0.4557    recall@20 : 0.5881    recall@30 : 0.6645    recall@50 : 0.7657    ndcg@1 : 0.1871    ndcg@2 : 0.2198    ndcg@3 : 0.2421    ndcg@4 : 0.2589    ndcg@5 : 0.2706    ndcg@10 : 0.3081    ndcg@20 : 0.3467    ndcg@30 : 0.3672    ndcg@50 : 0.3914    precision@1 : 0.1871    precision@2 : 0.1663    precision@3 : 0.1458    precision@4 : 0.1313    precision@5 : 0.1184    precision@10 : 0.0824    precision@20 : 0.0552    precision@30 : 0.0434    precision@50 : 0.0313    map@1 : 0.1871    map@2 : 0.1922    map@3 : 0.1996    map@4 : 0.2064    map@5 : 0.2111    map@10 : 0.2265    map@20 : 0.2384    map@30 : 0.244    map@50 : 0.2493
Sun 15 Mar 2026 22:26:47 INFO  Saving current: saved/LightGCN-Mar-15-2026_22-26-45.pth
Sun 15 Mar 2026 22:26:47 INFO  epoch 3 training [time: 0.14s, train loss: 5.4168]
Sun 15 Mar 2026 22:26:47 INFO  epoch 3 evaluating [time: 0.14s, valid_score: 0.308500]
Sun 15 Mar 2026 22:26:47 INFO  valid result: 
recall@1 : 0.1144    recall@2 : 0.2082    recall@3 : 0.271    recall@4 : 0.3211    recall@5 : 0.351    recall@10 : 0.4551    recall@20 : 0.5921    recall@30 : 0.6723    recall@50 : 0.7744    ndcg@1 : 0.1883    ndcg@2 : 0.2195    ndcg@3 : 0.2429    ndcg@4 : 0.2611    ndcg@5 : 0.2722    ndcg@10 : 0.3085    ndcg@20 : 0.3483    ndcg@30 : 0.3698    ndcg@50 : 0.3944    precision@1 : 0.1883    precision@2 : 0.1657    precision@3 : 0.1464    precision@4 : 0.1319    precision@5 : 0.119    precision@10 : 0.0821    precision@20 : 0.0555    precision@30 : 0.0437    precision@50 : 0.0317    map@1 : 0.1883    map@2 : 0.1923    map@3 : 0.2005    map@4 : 0.2077    map@5 : 0.2123    map@10 : 0.2271    map@20 : 0.2396    map@30 : 0.2453    map@50 : 0.2508
Sun 15 Mar 2026 22:26:47 INFO  Saving current: saved/LightGCN-Mar-15-2026_22-26-45.pth
Sun 15 Mar 2026 22:26:47 INFO  epoch 4 training [time: 0.12s, train loss: 5.3050]
Sun 15 Mar 2026 22:26:47 INFO  epoch 4 evaluating [time: 0.14s, valid_score: 0.308800]
Sun 15 Mar 2026 22:26:47 INFO  valid result: 
recall@1 : 0.114    recall@2 : 0.2083    recall@3 : 0.2729    recall@4 : 0.3198    recall@5 : 0.3486    recall@10 : 0.4565    recall@20 : 0.5922    recall@30 : 0.6762    recall@50 : 0.7755    ndcg@1 : 0.1859    ndcg@2 : 0.219    ndcg@3 : 0.2434    ndcg@4 : 0.2604    ndcg@5 : 0.271    ndcg@10 : 0.3088    ndcg@20 : 0.3482    ndcg@30 : 0.3704    ndcg@50 : 0.3944    precision@1 : 0.1859    precision@2 : 0.1657    precision@3 : 0.147    precision@4 : 0.1319    precision@5 : 0.1185    precision@10 : 0.0824    precision@20 : 0.0555    precision@30 : 0.0439    precision@50 : 0.0317    map@1 : 0.1859    map@2 : 0.1917    map@3 : 0.2008    map@4 : 0.2074    map@5 : 0.2117    map@10 : 0.2272    map@20 : 0.2395    map@30 : 0.2453    map@50 : 0.2507
Sun 15 Mar 2026 22:26:47 INFO  Saving current: saved/LightGCN-Mar-15-2026_22-26-45.pth
Sun 15 Mar 2026 22:26:47 INFO  epoch 5 training [time: 0.11s, train loss: 5.1527]
Sun 15 Mar 2026 22:26:48 INFO  epoch 5 evaluating [time: 0.14s, valid_score: 0.309600]
Sun 15 Mar 2026 22:26:48 INFO  valid result: 
recall@1 : 0.1131    recall@2 : 0.2085    recall@3 : 0.2753    recall@4 : 0.3191    recall@5 : 0.3474    recall@10 : 0.4591    recall@20 : 0.5899    recall@30 : 0.679    recall@50 : 0.7771    ndcg@1 : 0.1871    ndcg@2 : 0.2188    ndcg@3 : 0.2445    ndcg@4 : 0.2601    ndcg@5 : 0.2704    ndcg@10 : 0.3096    ndcg@20 : 0.3477    ndcg@30 : 0.371    ndcg@50 : 0.3948    precision@1 : 0.1871    precision@2 : 0.1651    precision@3 : 0.148    precision@4 : 0.1317    precision@5 : 0.1179    precision@10 : 0.0827    precision@20 : 0.0554    precision@30 : 0.044    precision@50 : 0.0317    map@1 : 0.1871    map@2 : 0.1916    map@3 : 0.2011    map@4 : 0.2069    map@5 : 0.211    map@10 : 0.2273    map@20 : 0.2392    map@30 : 0.2452    map@50 : 0.2506
Sun 15 Mar 2026 22:26:48 INFO  Saving current: saved/LightGCN-Mar-15-2026_22-26-45.pth
Sun 15 Mar 2026 22:26:48 INFO  epoch 6 training [time: 0.13s, train loss: 4.9627]
Sun 15 Mar 2026 22:26:48 INFO  epoch 6 evaluating [time: 0.14s, valid_score: 0.312100]
Sun 15 Mar 2026 22:26:48 INFO  valid result: 
recall@1 : 0.1179    recall@2 : 0.2099    recall@3 : 0.2747    recall@4 : 0.3198    recall@5 : 0.3477    recall@10 : 0.4609    recall@20 : 0.59    recall@30 : 0.6796    recall@50 : 0.776    ndcg@1 : 0.1919    ndcg@2 : 0.2218    ndcg@3 : 0.2461    ndcg@4 : 0.2625    ndcg@5 : 0.2724    ndcg@10 : 0.3121    ndcg@20 : 0.3496    ndcg@30 : 0.3732    ndcg@50 : 0.3967    precision@1 : 0.1919    precision@2 : 0.1663    precision@3 : 0.1476    precision@4 : 0.1322    precision@5 : 0.1179    precision@10 : 0.0828    precision@20 : 0.0553    precision@30 : 0.044    precision@50 : 0.0317    map@1 : 0.1919    map@2 : 0.195    map@3 : 0.2034    map@4 : 0.2098    map@5 : 0.2136    map@10 : 0.2301    map@20 : 0.2418    map@30 : 0.2479    map@50 : 0.2533
Sun 15 Mar 2026 22:26:48 INFO  Saving current: saved/LightGCN-Mar-15-2026_22-26-45.pth
Sun 15 Mar 2026 22:26:48 INFO  epoch 7 training [time: 0.12s, train loss: 4.7393]
Sun 15 Mar 2026 22:26:48 INFO  epoch 7 evaluating [time: 0.14s, valid_score: 0.312800]
Sun 15 Mar 2026 22:26:48 INFO  valid result: 
recall@1 : 0.1196    recall@2 : 0.2111    recall@3 : 0.2765    recall@4 : 0.3187    recall@5 : 0.3479    recall@10 : 0.4608    recall@20 : 0.5916    recall@30 : 0.6787    recall@50 : 0.7792    ndcg@1 : 0.1931    ndcg@2 : 0.2231    ndcg@3 : 0.2477    ndcg@4 : 0.2629    ndcg@5 : 0.2735    ndcg@10 : 0.3128    ndcg@20 : 0.3508    ndcg@30 : 0.3737    ndcg@50 : 0.3982    precision@1 : 0.1931    precision@2 : 0.1669    precision@3 : 0.1482    precision@4 : 0.1319    precision@5 : 0.1182    precision@10 : 0.0827    precision@20 : 0.0553    precision@30 : 0.0439    precision@50 : 0.0319    map@1 : 0.1931    map@2 : 0.1964    map@3 : 0.2051    map@4 : 0.2107    map@5 : 0.2148    map@10 : 0.2311    map@20 : 0.243    map@30 : 0.2489    map@50 : 0.2545
Sun 15 Mar 2026 22:26:48 INFO  Saving current: saved/LightGCN-Mar-15-2026_22-26-45.pth
Sun 15 Mar 2026 22:26:48 INFO  epoch 8 training [time: 0.15s, train loss: 4.5175]
Sun 15 Mar 2026 22:26:48 INFO  epoch 8 evaluating [time: 0.15s, valid_score: 0.313000]
Sun 15 Mar 2026 22:26:48 INFO  valid result: 
recall@1 : 0.1202    recall@2 : 0.2111    recall@3 : 0.2766    recall@4 : 0.3179    recall@5 : 0.3478    recall@10 : 0.4611    recall@20 : 0.5921    recall@30 : 0.6779    recall@50 : 0.7792    ndcg@1 : 0.1937    ndcg@2 : 0.2233    ndcg@3 : 0.2481    ndcg@4 : 0.2626    ndcg@5 : 0.2736    ndcg@10 : 0.313    ndcg@20 : 0.3511    ndcg@30 : 0.3737    ndcg@50 : 0.3984    precision@1 : 0.1937    precision@2 : 0.1669    precision@3 : 0.1484    precision@4 : 0.1314    precision@5 : 0.1181    precision@10 : 0.0825    precision@20 : 0.0554    precision@30 : 0.0438    precision@50 : 0.0319    map@1 : 0.1937    map@2 : 0.1967    map@3 : 0.2055    map@4 : 0.2107    map@5 : 0.215    map@10 : 0.2313    map@20 : 0.2432    map@30 : 0.2491    map@50 : 0.2547
Sun 15 Mar 2026 22:26:48 INFO  Saving current: saved/LightGCN-Mar-15-2026_22-26-45.pth
Sun 15 Mar 2026 22:26:49 INFO  epoch 9 training [time: 0.13s, train loss: 4.2901]
Sun 15 Mar 2026 22:26:49 INFO  epoch 9 evaluating [time: 0.14s, valid_score: 0.312900]
Sun 15 Mar 2026 22:26:49 INFO  valid result: 
recall@1 : 0.1202    recall@2 : 0.2111    recall@3 : 0.2775    recall@4 : 0.3177    recall@5 : 0.3468    recall@10 : 0.4611    recall@20 : 0.5916    recall@30 : 0.6779    recall@50 : 0.7796    ndcg@1 : 0.1937    ndcg@2 : 0.2233    ndcg@3 : 0.2487    ndcg@4 : 0.2626    ndcg@5 : 0.2731    ndcg@10 : 0.3129    ndcg@20 : 0.351    ndcg@30 : 0.3737    ndcg@50 : 0.3985    precision@1 : 0.1937    precision@2 : 0.1669    precision@3 : 0.149    precision@4 : 0.1313    precision@5 : 0.1176    precision@10 : 0.0825    precision@20 : 0.0554    precision@30 : 0.0439    precision@50 : 0.0319    map@1 : 0.1937    map@2 : 0.1967    map@3 : 0.2058    map@4 : 0.2108    map@5 : 0.2147    map@10 : 0.2312    map@20 : 0.2431    map@30 : 0.2491    map@50 : 0.2547
Sun 15 Mar 2026 22:26:49 INFO  epoch 10 training [time: 0.11s, train loss: 4.0852]
Sun 15 Mar 2026 22:26:49 INFO  epoch 10 evaluating [time: 0.14s, valid_score: 0.312900]
Sun 15 Mar 2026 22:26:49 INFO  valid result: 
recall@1 : 0.1202    recall@2 : 0.2111    recall@3 : 0.2775    recall@4 : 0.3177    recall@5 : 0.3469    recall@10 : 0.4611    recall@20 : 0.5905    recall@30 : 0.6768    recall@50 : 0.7799    ndcg@1 : 0.1937    ndcg@2 : 0.2233    ndcg@3 : 0.2487    ndcg@4 : 0.2626    ndcg@5 : 0.2732    ndcg@10 : 0.3129    ndcg@20 : 0.3507    ndcg@30 : 0.3735    ndcg@50 : 0.3986    precision@1 : 0.1937    precision@2 : 0.1669    precision@3 : 0.149    precision@4 : 0.1313    precision@5 : 0.1178    precision@10 : 0.0825    precision@20 : 0.0553    precision@30 : 0.0438    precision@50 : 0.0319    map@1 : 0.1937    map@2 : 0.1967    map@3 : 0.2058    map@4 : 0.2108    map@5 : 0.2148    map@10 : 0.2312    map@20 : 0.2431    map@30 : 0.2491    map@50 : 0.2548
Sun 15 Mar 2026 22:26:49 INFO  epoch 11 training [time: 0.12s, train loss: 3.8829]
Sun 15 Mar 2026 22:26:49 INFO  epoch 11 evaluating [time: 0.14s, valid_score: 0.312900]
Sun 15 Mar 2026 22:26:49 INFO  valid result: 
recall@1 : 0.1202    recall@2 : 0.2111    recall@3 : 0.2769    recall@4 : 0.3178    recall@5 : 0.3467    recall@10 : 0.461    recall@20 : 0.5897    recall@30 : 0.6784    recall@50 : 0.7799    ndcg@1 : 0.1937    ndcg@2 : 0.2233    ndcg@3 : 0.2484    ndcg@4 : 0.2626    ndcg@5 : 0.2731    ndcg@10 : 0.3129    ndcg@20 : 0.3505    ndcg@30 : 0.3739    ndcg@50 : 0.3986    precision@1 : 0.1937    precision@2 : 0.1669    precision@3 : 0.1488    precision@4 : 0.1314    precision@5 : 0.1176    precision@10 : 0.0825    precision@20 : 0.0552    precision@30 : 0.0439    precision@50 : 0.0319    map@1 : 0.1937    map@2 : 0.1967    map@3 : 0.2056    map@4 : 0.2108    map@5 : 0.2147    map@10 : 0.2312    map@20 : 0.243    map@30 : 0.2491    map@50 : 0.2547
Sun 15 Mar 2026 22:26:49 INFO  epoch 12 training [time: 0.12s, train loss: 3.7703]
Sun 15 Mar 2026 22:26:49 INFO  epoch 12 evaluating [time: 0.14s, valid_score: 0.312600]
Sun 15 Mar 2026 22:26:49 INFO  valid result: 
recall@1 : 0.1202    recall@2 : 0.2111    recall@3 : 0.2769    recall@4 : 0.3173    recall@5 : 0.3461    recall@10 : 0.4604    recall@20 : 0.5902    recall@30 : 0.6792    recall@50 : 0.7794    ndcg@1 : 0.1937    ndcg@2 : 0.2233    ndcg@3 : 0.2484    ndcg@4 : 0.2625    ndcg@5 : 0.2728    ndcg@10 : 0.3126    ndcg@20 : 0.3505    ndcg@30 : 0.3739    ndcg@50 : 0.3984    precision@1 : 0.1937    precision@2 : 0.1669    precision@3 : 0.1488    precision@4 : 0.1314    precision@5 : 0.1175    precision@10 : 0.0825    precision@20 : 0.0553    precision@30 : 0.044    precision@50 : 0.0319    map@1 : 0.1937    map@2 : 0.1967    map@3 : 0.2056    map@4 : 0.2107    map@5 : 0.2145    map@10 : 0.2311    map@20 : 0.2429    map@30 : 0.2491    map@50 : 0.2546
Sun 15 Mar 2026 22:26:50 INFO  epoch 13 training [time: 0.12s, train loss: 3.6359]
Sun 15 Mar 2026 22:26:50 INFO  epoch 13 evaluating [time: 0.14s, valid_score: 0.312600]
Sun 15 Mar 2026 22:26:50 INFO  valid result: 
recall@1 : 0.1202    recall@2 : 0.2111    recall@3 : 0.2769    recall@4 : 0.3173    recall@5 : 0.3461    recall@10 : 0.4604    recall@20 : 0.5901    recall@30 : 0.6792    recall@50 : 0.7795    ndcg@1 : 0.1937    ndcg@2 : 0.2233    ndcg@3 : 0.2484    ndcg@4 : 0.2625    ndcg@5 : 0.2728    ndcg@10 : 0.3126    ndcg@20 : 0.3505    ndcg@30 : 0.3739    ndcg@50 : 0.3985    precision@1 : 0.1937    precision@2 : 0.1669    precision@3 : 0.1488    precision@4 : 0.1314    precision@5 : 0.1175    precision@10 : 0.0825    precision@20 : 0.0553    precision@30 : 0.044    precision@50 : 0.032    map@1 : 0.1937    map@2 : 0.1967    map@3 : 0.2056    map@4 : 0.2107    map@5 : 0.2145    map@10 : 0.2311    map@20 : 0.2429    map@30 : 0.2491    map@50 : 0.2547
Sun 15 Mar 2026 22:26:50 INFO  epoch 14 training [time: 0.12s, train loss: 3.5646]
Sun 15 Mar 2026 22:26:50 INFO  epoch 14 evaluating [time: 0.15s, valid_score: 0.312600]
Sun 15 Mar 2026 22:26:50 INFO  valid result: 
recall@1 : 0.1202    recall@2 : 0.2111    recall@3 : 0.2769    recall@4 : 0.3173    recall@5 : 0.3461    recall@10 : 0.4604    recall@20 : 0.5902    recall@30 : 0.6788    recall@50 : 0.7793    ndcg@1 : 0.1937    ndcg@2 : 0.2233    ndcg@3 : 0.2484    ndcg@4 : 0.2625    ndcg@5 : 0.2728    ndcg@10 : 0.3126    ndcg@20 : 0.3506    ndcg@30 : 0.3738    ndcg@50 : 0.3984    precision@1 : 0.1937    precision@2 : 0.1669    precision@3 : 0.1488    precision@4 : 0.1314    precision@5 : 0.1175    precision@10 : 0.0825    precision@20 : 0.0553    precision@30 : 0.044    precision@50 : 0.032    map@1 : 0.1937    map@2 : 0.1967    map@3 : 0.2056    map@4 : 0.2107    map@5 : 0.2145    map@10 : 0.2311    map@20 : 0.2429    map@30 : 0.2491    map@50 : 0.2546
Sun 15 Mar 2026 22:26:50 INFO  epoch 15 training [time: 0.11s, train loss: 3.4826]
Sun 15 Mar 2026 22:26:50 INFO  epoch 15 evaluating [time: 0.14s, valid_score: 0.312600]
Sun 15 Mar 2026 22:26:50 INFO  valid result: 
recall@1 : 0.1202    recall@2 : 0.2111    recall@3 : 0.2769    recall@4 : 0.3173    recall@5 : 0.3461    recall@10 : 0.4604    recall@20 : 0.5905    recall@30 : 0.6792    recall@50 : 0.7794    ndcg@1 : 0.1937    ndcg@2 : 0.2233    ndcg@3 : 0.2484    ndcg@4 : 0.2625    ndcg@5 : 0.2728    ndcg@10 : 0.3126    ndcg@20 : 0.3506    ndcg@30 : 0.374    ndcg@50 : 0.3984    precision@1 : 0.1937    precision@2 : 0.1669    precision@3 : 0.1488    precision@4 : 0.1314    precision@5 : 0.1175    precision@10 : 0.0825    precision@20 : 0.0554    precision@30 : 0.044    precision@50 : 0.032    map@1 : 0.1937    map@2 : 0.1967    map@3 : 0.2056    map@4 : 0.2107    map@5 : 0.2145    map@10 : 0.2311    map@20 : 0.2429    map@30 : 0.2491    map@50 : 0.2547
Sun 15 Mar 2026 22:26:50 INFO  epoch 16 training [time: 0.11s, train loss: 3.4125]
Sun 15 Mar 2026 22:26:51 INFO  epoch 16 evaluating [time: 0.14s, valid_score: 0.312800]
Sun 15 Mar 2026 22:26:51 INFO  valid result: 
recall@1 : 0.1202    recall@2 : 0.2111    recall@3 : 0.2769    recall@4 : 0.3173    recall@5 : 0.3462    recall@10 : 0.4607    recall@20 : 0.5903    recall@30 : 0.6792    recall@50 : 0.7791    ndcg@1 : 0.1937    ndcg@2 : 0.2233    ndcg@3 : 0.2484    ndcg@4 : 0.2625    ndcg@5 : 0.2729    ndcg@10 : 0.3128    ndcg@20 : 0.3506    ndcg@30 : 0.374    ndcg@50 : 0.3984    precision@1 : 0.1937    precision@2 : 0.1669    precision@3 : 0.1488    precision@4 : 0.1314    precision@5 : 0.1176    precision@10 : 0.0826    precision@20 : 0.0553    precision@30 : 0.044    precision@50 : 0.032    map@1 : 0.1937    map@2 : 0.1967    map@3 : 0.2056    map@4 : 0.2107    map@5 : 0.2146    map@10 : 0.2311    map@20 : 0.243    map@30 : 0.2492    map@50 : 0.2547
Sun 15 Mar 2026 22:26:51 INFO  epoch 17 training [time: 0.15s, train loss: 3.3897]
Sun 15 Mar 2026 22:26:51 INFO  epoch 17 evaluating [time: 0.14s, valid_score: 0.313100]
Sun 15 Mar 2026 22:26:51 INFO  valid result: 
recall@1 : 0.1202    recall@2 : 0.2111    recall@3 : 0.2769    recall@4 : 0.3173    recall@5 : 0.3462    recall@10 : 0.4613    recall@20 : 0.5915    recall@30 : 0.6794    recall@50 : 0.7793    ndcg@1 : 0.1937    ndcg@2 : 0.2233    ndcg@3 : 0.2484    ndcg@4 : 0.2625    ndcg@5 : 0.2729    ndcg@10 : 0.3131    ndcg@20 : 0.3509    ndcg@30 : 0.374    ndcg@50 : 0.3985    precision@1 : 0.1937    precision@2 : 0.1669    precision@3 : 0.1488    precision@4 : 0.1314    precision@5 : 0.1176    precision@10 : 0.0828    precision@20 : 0.0554    precision@30 : 0.0441    precision@50 : 0.032    map@1 : 0.1937    map@2 : 0.1967    map@3 : 0.2056    map@4 : 0.2107    map@5 : 0.2146    map@10 : 0.2313    map@20 : 0.2431    map@30 : 0.2492    map@50 : 0.2548
Sun 15 Mar 2026 22:26:51 INFO  Saving current: saved/LightGCN-Mar-15-2026_22-26-45.pth
Sun 15 Mar 2026 22:26:51 INFO  epoch 18 training [time: 0.14s, train loss: 3.3583]
Sun 15 Mar 2026 22:26:51 INFO  epoch 18 evaluating [time: 0.14s, valid_score: 0.313200]
Sun 15 Mar 2026 22:26:51 INFO  valid result: 
recall@1 : 0.1202    recall@2 : 0.2111    recall@3 : 0.2769    recall@4 : 0.3173    recall@5 : 0.3462    recall@10 : 0.4615    recall@20 : 0.5906    recall@30 : 0.6797    recall@50 : 0.7784    ndcg@1 : 0.1937    ndcg@2 : 0.2233    ndcg@3 : 0.2484    ndcg@4 : 0.2626    ndcg@5 : 0.2729    ndcg@10 : 0.3132    ndcg@20 : 0.3507    ndcg@30 : 0.3742    ndcg@50 : 0.3983    precision@1 : 0.1937    precision@2 : 0.1669    precision@3 : 0.1488    precision@4 : 0.1316    precision@5 : 0.1176    precision@10 : 0.083    precision@20 : 0.0553    precision@30 : 0.0442    precision@50 : 0.032    map@1 : 0.1937    map@2 : 0.1967    map@3 : 0.2056    map@4 : 0.2108    map@5 : 0.2146    map@10 : 0.2314    map@20 : 0.2431    map@30 : 0.2493    map@50 : 0.2548
Sun 15 Mar 2026 22:26:51 INFO  Saving current: saved/LightGCN-Mar-15-2026_22-26-45.pth
Sun 15 Mar 2026 22:26:51 INFO  epoch 19 training [time: 0.12s, train loss: 3.3532]
Sun 15 Mar 2026 22:26:51 INFO  epoch 19 evaluating [time: 0.14s, valid_score: 0.312900]
Sun 15 Mar 2026 22:26:51 INFO  valid result: 
recall@1 : 0.1202    recall@2 : 0.2111    recall@3 : 0.2769    recall@4 : 0.3173    recall@5 : 0.3462    recall@10 : 0.4608    recall@20 : 0.5894    recall@30 : 0.68    recall@50 : 0.7775    ndcg@1 : 0.1937    ndcg@2 : 0.2233    ndcg@3 : 0.2484    ndcg@4 : 0.2626    ndcg@5 : 0.2729    ndcg@10 : 0.3129    ndcg@20 : 0.3503    ndcg@30 : 0.3743    ndcg@50 : 0.3981    precision@1 : 0.1937    precision@2 : 0.1669    precision@3 : 0.1488    precision@4 : 0.1316    precision@5 : 0.1176    precision@10 : 0.0828    precision@20 : 0.0552    precision@30 : 0.0442    precision@50 : 0.032    map@1 : 0.1937    map@2 : 0.1967    map@3 : 0.2056    map@4 : 0.2108    map@5 : 0.2146    map@10 : 0.2313    map@20 : 0.243    map@30 : 0.2493    map@50 : 0.2547
Sun 15 Mar 2026 22:26:51 INFO  epoch 20 training [time: 0.12s, train loss: 3.3148]
Sun 15 Mar 2026 22:26:52 INFO  epoch 20 evaluating [time: 0.14s, valid_score: 0.312700]
Sun 15 Mar 2026 22:26:52 INFO  valid result: 
recall@1 : 0.1202    recall@2 : 0.2111    recall@3 : 0.2769    recall@4 : 0.3173    recall@5 : 0.3462    recall@10 : 0.4602    recall@20 : 0.5892    recall@30 : 0.6784    recall@50 : 0.7778    ndcg@1 : 0.1937    ndcg@2 : 0.2233    ndcg@3 : 0.2484    ndcg@4 : 0.2626    ndcg@5 : 0.2729    ndcg@10 : 0.3127    ndcg@20 : 0.3503    ndcg@30 : 0.3739    ndcg@50 : 0.3982    precision@1 : 0.1937    precision@2 : 0.1669    precision@3 : 0.1488    precision@4 : 0.1316    precision@5 : 0.1176    precision@10 : 0.0827    precision@20 : 0.0552    precision@30 : 0.0441    precision@50 : 0.032    map@1 : 0.1937    map@2 : 0.1967    map@3 : 0.2056    map@4 : 0.2108    map@5 : 0.2146    map@10 : 0.2312    map@20 : 0.2429    map@30 : 0.2492    map@50 : 0.2547
Sun 15 Mar 2026 22:26:52 INFO  epoch 21 training [time: 0.10s, train loss: 3.2873]
Sun 15 Mar 2026 22:26:52 INFO  epoch 21 evaluating [time: 0.14s, valid_score: 0.313000]
Sun 15 Mar 2026 22:26:52 INFO  valid result: 
recall@1 : 0.1202    recall@2 : 0.2111    recall@3 : 0.2769    recall@4 : 0.3173    recall@5 : 0.3462    recall@10 : 0.4607    recall@20 : 0.5883    recall@30 : 0.679    recall@50 : 0.7771    ndcg@1 : 0.1937    ndcg@2 : 0.2231    ndcg@3 : 0.2483    ndcg@4 : 0.2626    ndcg@5 : 0.2729    ndcg@10 : 0.313    ndcg@20 : 0.35    ndcg@30 : 0.374    ndcg@50 : 0.398    precision@1 : 0.1937    precision@2 : 0.1666    precision@3 : 0.1488    precision@4 : 0.1316    precision@5 : 0.1176    precision@10 : 0.083    precision@20 : 0.0551    precision@30 : 0.0442    precision@50 : 0.032    map@1 : 0.1937    map@2 : 0.1965    map@3 : 0.2056    map@4 : 0.2108    map@5 : 0.2146    map@10 : 0.2313    map@20 : 0.2429    map@30 : 0.2493    map@50 : 0.2547
Sun 15 Mar 2026 22:26:52 INFO  epoch 22 training [time: 0.12s, train loss: 3.2841]
Sun 15 Mar 2026 22:26:52 INFO  epoch 22 evaluating [time: 0.14s, valid_score: 0.313000]
Sun 15 Mar 2026 22:26:52 INFO  valid result: 
recall@1 : 0.1202    recall@2 : 0.2111    recall@3 : 0.2769    recall@4 : 0.3173    recall@5 : 0.3462    recall@10 : 0.4607    recall@20 : 0.5882    recall@30 : 0.6797    recall@50 : 0.7761    ndcg@1 : 0.1937    ndcg@2 : 0.2231    ndcg@3 : 0.2483    ndcg@4 : 0.2626    ndcg@5 : 0.2729    ndcg@10 : 0.313    ndcg@20 : 0.3501    ndcg@30 : 0.3742    ndcg@50 : 0.3979    precision@1 : 0.1937    precision@2 : 0.1666    precision@3 : 0.1488    precision@4 : 0.1316    precision@5 : 0.1176    precision@10 : 0.083    precision@20 : 0.0552    precision@30 : 0.0442    precision@50 : 0.032    map@1 : 0.1937    map@2 : 0.1965    map@3 : 0.2056    map@4 : 0.2108    map@5 : 0.2146    map@10 : 0.2313    map@20 : 0.2429    map@30 : 0.2493    map@50 : 0.2547
Sun 15 Mar 2026 22:26:52 INFO  epoch 23 training [time: 0.12s, train loss: 3.2622]
Sun 15 Mar 2026 22:26:52 INFO  epoch 23 evaluating [time: 0.14s, valid_score: 0.313000]
Sun 15 Mar 2026 22:26:52 INFO  valid result: 
recall@1 : 0.1202    recall@2 : 0.2111    recall@3 : 0.2769    recall@4 : 0.3173    recall@5 : 0.3462    recall@10 : 0.4608    recall@20 : 0.5878    recall@30 : 0.6747    recall@50 : 0.7766    ndcg@1 : 0.1937    ndcg@2 : 0.2231    ndcg@3 : 0.2483    ndcg@4 : 0.2626    ndcg@5 : 0.2729    ndcg@10 : 0.313    ndcg@20 : 0.35    ndcg@30 : 0.3732    ndcg@50 : 0.3979    precision@1 : 0.1937    precision@2 : 0.1666    precision@3 : 0.1488    precision@4 : 0.1316    precision@5 : 0.1178    precision@10 : 0.083    precision@20 : 0.0552    precision@30 : 0.0441    precision@50 : 0.032    map@1 : 0.1937    map@2 : 0.1965    map@3 : 0.2056    map@4 : 0.2108    map@5 : 0.2147    map@10 : 0.2313    map@20 : 0.2429    map@30 : 0.2491    map@50 : 0.2547
Sun 15 Mar 2026 22:26:53 INFO  epoch 24 training [time: 0.12s, train loss: 3.3293]
Sun 15 Mar 2026 22:26:53 INFO  epoch 24 evaluating [time: 0.14s, valid_score: 0.313100]
Sun 15 Mar 2026 22:26:53 INFO  valid result: 
recall@1 : 0.1202    recall@2 : 0.2111    recall@3 : 0.2769    recall@4 : 0.3173    recall@5 : 0.3462    recall@10 : 0.4609    recall@20 : 0.5879    recall@30 : 0.6691    recall@50 : 0.7773    ndcg@1 : 0.1937    ndcg@2 : 0.2231    ndcg@3 : 0.2483    ndcg@4 : 0.2626    ndcg@5 : 0.2729    ndcg@10 : 0.3131    ndcg@20 : 0.3501    ndcg@30 : 0.372    ndcg@50 : 0.3981    precision@1 : 0.1937    precision@2 : 0.1666    precision@3 : 0.1488    precision@4 : 0.1316    precision@5 : 0.1178    precision@10 : 0.0831    precision@20 : 0.0552    precision@30 : 0.0438    precision@50 : 0.032    map@1 : 0.1937    map@2 : 0.1965    map@3 : 0.2056    map@4 : 0.2108    map@5 : 0.2147    map@10 : 0.2314    map@20 : 0.2429    map@30 : 0.2489    map@50 : 0.2547
Sun 15 Mar 2026 22:26:53 INFO  epoch 25 training [time: 0.11s, train loss: 3.2747]
Sun 15 Mar 2026 22:26:53 INFO  epoch 25 evaluating [time: 0.14s, valid_score: 0.313000]
Sun 15 Mar 2026 22:26:53 INFO  valid result: 
recall@1 : 0.1202    recall@2 : 0.2111    recall@3 : 0.2769    recall@4 : 0.3173    recall@5 : 0.3462    recall@10 : 0.4607    recall@20 : 0.5888    recall@30 : 0.6696    recall@50 : 0.7762    ndcg@1 : 0.1937    ndcg@2 : 0.2231    ndcg@3 : 0.2483    ndcg@4 : 0.2626    ndcg@5 : 0.2729    ndcg@10 : 0.313    ndcg@20 : 0.3503    ndcg@30 : 0.3721    ndcg@50 : 0.3978    precision@1 : 0.1937    precision@2 : 0.1666    precision@3 : 0.1488    precision@4 : 0.1316    precision@5 : 0.1178    precision@10 : 0.083    precision@20 : 0.0553    precision@30 : 0.0438    precision@50 : 0.0319    map@1 : 0.1937    map@2 : 0.1965    map@3 : 0.2056    map@4 : 0.2108    map@5 : 0.2147    map@10 : 0.2313    map@20 : 0.243    map@30 : 0.249    map@50 : 0.2547
Sun 15 Mar 2026 22:26:53 INFO  epoch 26 training [time: 0.15s, train loss: 3.2630]
Sun 15 Mar 2026 22:26:53 INFO  epoch 26 evaluating [time: 0.14s, valid_score: 0.313000]
Sun 15 Mar 2026 22:26:53 INFO  valid result: 
recall@1 : 0.1202    recall@2 : 0.2111    recall@3 : 0.2769    recall@4 : 0.3173    recall@5 : 0.3462    recall@10 : 0.4607    recall@20 : 0.5884    recall@30 : 0.669    recall@50 : 0.7761    ndcg@1 : 0.1937    ndcg@2 : 0.2231    ndcg@3 : 0.2483    ndcg@4 : 0.2626    ndcg@5 : 0.2729    ndcg@10 : 0.313    ndcg@20 : 0.3502    ndcg@30 : 0.372    ndcg@50 : 0.3978    precision@1 : 0.1937    precision@2 : 0.1666    precision@3 : 0.1488    precision@4 : 0.1316    precision@5 : 0.1178    precision@10 : 0.0831    precision@20 : 0.0552    precision@30 : 0.0438    precision@50 : 0.032    map@1 : 0.1937    map@2 : 0.1965    map@3 : 0.2056    map@4 : 0.2108    map@5 : 0.2147    map@10 : 0.2313    map@20 : 0.2429    map@30 : 0.2489    map@50 : 0.2547
Sun 15 Mar 2026 22:26:53 INFO  epoch 27 training [time: 0.14s, train loss: 3.2556]
Sun 15 Mar 2026 22:26:53 INFO  epoch 27 evaluating [time: 0.14s, valid_score: 0.313000]
Sun 15 Mar 2026 22:26:53 INFO  valid result: 
recall@1 : 0.1202    recall@2 : 0.2111    recall@3 : 0.2769    recall@4 : 0.3173    recall@5 : 0.3462    recall@10 : 0.4608    recall@20 : 0.5878    recall@30 : 0.6674    recall@50 : 0.7759    ndcg@1 : 0.1937    ndcg@2 : 0.2231    ndcg@3 : 0.2483    ndcg@4 : 0.2626    ndcg@5 : 0.2729    ndcg@10 : 0.313    ndcg@20 : 0.3501    ndcg@30 : 0.3717    ndcg@50 : 0.3978    precision@1 : 0.1937    precision@2 : 0.1666    precision@3 : 0.1488    precision@4 : 0.1316    precision@5 : 0.1178    precision@10 : 0.0831    precision@20 : 0.0552    precision@30 : 0.0438    precision@50 : 0.032    map@1 : 0.1937    map@2 : 0.1965    map@3 : 0.2056    map@4 : 0.2108    map@5 : 0.2147    map@10 : 0.2313    map@20 : 0.2429    map@30 : 0.2489    map@50 : 0.2547
Sun 15 Mar 2026 22:26:54 INFO  epoch 28 training [time: 0.13s, train loss: 3.2669]
Sun 15 Mar 2026 22:26:54 INFO  epoch 28 evaluating [time: 0.14s, valid_score: 0.313100]
Sun 15 Mar 2026 22:26:54 INFO  valid result: 
recall@1 : 0.1202    recall@2 : 0.2111    recall@3 : 0.2766    recall@4 : 0.3173    recall@5 : 0.3465    recall@10 : 0.4609    recall@20 : 0.5873    recall@30 : 0.6679    recall@50 : 0.7761    ndcg@1 : 0.1937    ndcg@2 : 0.2231    ndcg@3 : 0.2481    ndcg@4 : 0.2625    ndcg@5 : 0.2731    ndcg@10 : 0.3131    ndcg@20 : 0.35    ndcg@30 : 0.3719    ndcg@50 : 0.3979    precision@1 : 0.1937    precision@2 : 0.1666    precision@3 : 0.1484    precision@4 : 0.1316    precision@5 : 0.118    precision@10 : 0.0831    precision@20 : 0.0552    precision@30 : 0.0439    precision@50 : 0.032    map@1 : 0.1937    map@2 : 0.1965    map@3 : 0.2054    map@4 : 0.2107    map@5 : 0.2148    map@10 : 0.2314    map@20 : 0.2429    map@30 : 0.249    map@50 : 0.2548
Sun 15 Mar 2026 22:26:54 INFO  epoch 29 training [time: 0.12s, train loss: 3.2222]
Sun 15 Mar 2026 22:26:54 INFO  epoch 29 evaluating [time: 0.14s, valid_score: 0.313200]
Sun 15 Mar 2026 22:26:54 INFO  valid result: 
recall@1 : 0.1202    recall@2 : 0.2111    recall@3 : 0.2766    recall@4 : 0.3174    recall@5 : 0.3468    recall@10 : 0.4609    recall@20 : 0.5865    recall@30 : 0.6674    recall@50 : 0.7765    ndcg@1 : 0.1937    ndcg@2 : 0.2231    ndcg@3 : 0.2481    ndcg@4 : 0.2626    ndcg@5 : 0.2733    ndcg@10 : 0.3132    ndcg@20 : 0.3497    ndcg@30 : 0.3718    ndcg@50 : 0.398    precision@1 : 0.1937    precision@2 : 0.1666    precision@3 : 0.1484    precision@4 : 0.1317    precision@5 : 0.1182    precision@10 : 0.0831    precision@20 : 0.0551    precision@30 : 0.0438    precision@50 : 0.032    map@1 : 0.1937    map@2 : 0.1965    map@3 : 0.2054    map@4 : 0.2108    map@5 : 0.215    map@10 : 0.2314    map@20 : 0.2429    map@30 : 0.249    map@50 : 0.2548
Sun 15 Mar 2026 22:26:54 INFO  Saving current: saved/LightGCN-Mar-15-2026_22-26-45.pth
Sun 15 Mar 2026 22:26:54 INFO  epoch 30 training [time: 0.13s, train loss: 3.2531]
Sun 15 Mar 2026 22:26:54 INFO  epoch 30 evaluating [time: 0.14s, valid_score: 0.313200]
Sun 15 Mar 2026 22:26:54 INFO  valid result: 
recall@1 : 0.1202    recall@2 : 0.2111    recall@3 : 0.2766    recall@4 : 0.3174    recall@5 : 0.3468    recall@10 : 0.461    recall@20 : 0.5864    recall@30 : 0.6669    recall@50 : 0.7771    ndcg@1 : 0.1937    ndcg@2 : 0.2231    ndcg@3 : 0.2481    ndcg@4 : 0.2626    ndcg@5 : 0.2733    ndcg@10 : 0.3132    ndcg@20 : 0.3497    ndcg@30 : 0.3717    ndcg@50 : 0.3981    precision@1 : 0.1937    precision@2 : 0.1666    precision@3 : 0.1484    precision@4 : 0.1317    precision@5 : 0.1182    precision@10 : 0.0833    precision@20 : 0.0551    precision@30 : 0.0438    precision@50 : 0.0321    map@1 : 0.1937    map@2 : 0.1965    map@3 : 0.2054    map@4 : 0.2108    map@5 : 0.215    map@10 : 0.2315    map@20 : 0.2429    map@30 : 0.249    map@50 : 0.2549
Sun 15 Mar 2026 22:26:54 INFO  Saving current: saved/LightGCN-Mar-15-2026_22-26-45.pth
Sun 15 Mar 2026 22:26:54 INFO  epoch 31 training [time: 0.12s, train loss: 3.2646]
Sun 15 Mar 2026 22:26:55 INFO  epoch 31 evaluating [time: 0.14s, valid_score: 0.313200]
Sun 15 Mar 2026 22:26:55 INFO  valid result: 
recall@1 : 0.1202    recall@2 : 0.2111    recall@3 : 0.2766    recall@4 : 0.3174    recall@5 : 0.3468    recall@10 : 0.461    recall@20 : 0.5863    recall@30 : 0.667    recall@50 : 0.7771    ndcg@1 : 0.1937    ndcg@2 : 0.2231    ndcg@3 : 0.2481    ndcg@4 : 0.2626    ndcg@5 : 0.2733    ndcg@10 : 0.3132    ndcg@20 : 0.3498    ndcg@30 : 0.3717    ndcg@50 : 0.3981    precision@1 : 0.1937    precision@2 : 0.1666    precision@3 : 0.1484    precision@4 : 0.1317    precision@5 : 0.1182    precision@10 : 0.0833    precision@20 : 0.0552    precision@30 : 0.0438    precision@50 : 0.0321    map@1 : 0.1937    map@2 : 0.1965    map@3 : 0.2054    map@4 : 0.2108    map@5 : 0.215    map@10 : 0.2315    map@20 : 0.2429    map@30 : 0.249    map@50 : 0.2549
Sun 15 Mar 2026 22:26:55 INFO  Saving current: saved/LightGCN-Mar-15-2026_22-26-45.pth
Sun 15 Mar 2026 22:26:55 INFO  epoch 32 training [time: 0.12s, train loss: 3.2223]
Sun 15 Mar 2026 22:26:55 INFO  epoch 32 evaluating [time: 0.15s, valid_score: 0.313300]
Sun 15 Mar 2026 22:26:55 INFO  valid result: 
recall@1 : 0.1202    recall@2 : 0.2111    recall@3 : 0.2766    recall@4 : 0.3174    recall@5 : 0.3468    recall@10 : 0.461    recall@20 : 0.5859    recall@30 : 0.6682    recall@50 : 0.7762    ndcg@1 : 0.1937    ndcg@2 : 0.2231    ndcg@3 : 0.2481    ndcg@4 : 0.2626    ndcg@5 : 0.2733    ndcg@10 : 0.3133    ndcg@20 : 0.3496    ndcg@30 : 0.3719    ndcg@50 : 0.3979    precision@1 : 0.1937    precision@2 : 0.1666    precision@3 : 0.1484    precision@4 : 0.1317    precision@5 : 0.1182    precision@10 : 0.0833    precision@20 : 0.0551    precision@30 : 0.0439    precision@50 : 0.032    map@1 : 0.1937    map@2 : 0.1965    map@3 : 0.2054    map@4 : 0.2108    map@5 : 0.215    map@10 : 0.2315    map@20 : 0.2429    map@30 : 0.249    map@50 : 0.2548
Sun 15 Mar 2026 22:26:55 INFO  Saving current: saved/LightGCN-Mar-15-2026_22-26-45.pth
Sun 15 Mar 2026 22:26:55 INFO  epoch 33 training [time: 0.12s, train loss: 3.2165]
Sun 15 Mar 2026 22:26:55 INFO  epoch 33 evaluating [time: 0.14s, valid_score: 0.313300]
Sun 15 Mar 2026 22:26:55 INFO  valid result: 
recall@1 : 0.1202    recall@2 : 0.2111    recall@3 : 0.2766    recall@4 : 0.3174    recall@5 : 0.3468    recall@10 : 0.4611    recall@20 : 0.5859    recall@30 : 0.6684    recall@50 : 0.7769    ndcg@1 : 0.1937    ndcg@2 : 0.2231    ndcg@3 : 0.2481    ndcg@4 : 0.2626    ndcg@5 : 0.2733    ndcg@10 : 0.3133    ndcg@20 : 0.3496    ndcg@30 : 0.372    ndcg@50 : 0.398    precision@1 : 0.1937    precision@2 : 0.1666    precision@3 : 0.1484    precision@4 : 0.1317    precision@5 : 0.1182    precision@10 : 0.0834    precision@20 : 0.0551    precision@30 : 0.0439    precision@50 : 0.032    map@1 : 0.1937    map@2 : 0.1965    map@3 : 0.2054    map@4 : 0.2108    map@5 : 0.215    map@10 : 0.2315    map@20 : 0.2429    map@30 : 0.2491    map@50 : 0.2549
Sun 15 Mar 2026 22:26:55 INFO  Saving current: saved/LightGCN-Mar-15-2026_22-26-45.pth
Sun 15 Mar 2026 22:26:55 INFO  epoch 34 training [time: 0.11s, train loss: 3.2494]
Sun 15 Mar 2026 22:26:55 INFO  epoch 34 evaluating [time: 0.14s, valid_score: 0.313300]
Sun 15 Mar 2026 22:26:55 INFO  valid result: 
recall@1 : 0.1202    recall@2 : 0.2111    recall@3 : 0.2766    recall@4 : 0.3174    recall@5 : 0.3468    recall@10 : 0.4611    recall@20 : 0.5874    recall@30 : 0.6687    recall@50 : 0.7768    ndcg@1 : 0.1937    ndcg@2 : 0.2231    ndcg@3 : 0.2481    ndcg@4 : 0.2626    ndcg@5 : 0.2734    ndcg@10 : 0.3133    ndcg@20 : 0.3501    ndcg@30 : 0.3722    ndcg@50 : 0.398    precision@1 : 0.1937    precision@2 : 0.1666    precision@3 : 0.1484    precision@4 : 0.1317    precision@5 : 0.1184    precision@10 : 0.0834    precision@20 : 0.0554    precision@30 : 0.044    precision@50 : 0.032    map@1 : 0.1937    map@2 : 0.1965    map@3 : 0.2054    map@4 : 0.2108    map@5 : 0.215    map@10 : 0.2315    map@20 : 0.243    map@30 : 0.2491    map@50 : 0.2549
Sun 15 Mar 2026 22:26:55 INFO  Saving current: saved/LightGCN-Mar-15-2026_22-26-45.pth
Sun 15 Mar 2026 22:26:56 INFO  epoch 35 training [time: 0.14s, train loss: 3.2350]
Sun 15 Mar 2026 22:26:56 INFO  epoch 35 evaluating [time: 0.15s, valid_score: 0.313400]
Sun 15 Mar 2026 22:26:56 INFO  valid result: 
recall@1 : 0.1202    recall@2 : 0.2111    recall@3 : 0.2766    recall@4 : 0.3174    recall@5 : 0.3468    recall@10 : 0.4612    recall@20 : 0.5872    recall@30 : 0.6687    recall@50 : 0.7768    ndcg@1 : 0.1937    ndcg@2 : 0.2231    ndcg@3 : 0.2481    ndcg@4 : 0.2626    ndcg@5 : 0.2734    ndcg@10 : 0.3134    ndcg@20 : 0.3502    ndcg@30 : 0.3722    ndcg@50 : 0.3981    precision@1 : 0.1937    precision@2 : 0.1666    precision@3 : 0.1484    precision@4 : 0.1317    precision@5 : 0.1184    precision@10 : 0.0835    precision@20 : 0.0554    precision@30 : 0.0439    precision@50 : 0.032    map@1 : 0.1937    map@2 : 0.1965    map@3 : 0.2054    map@4 : 0.2108    map@5 : 0.215    map@10 : 0.2316    map@20 : 0.2431    map@30 : 0.2491    map@50 : 0.2549
Sun 15 Mar 2026 22:26:56 INFO  Saving current: saved/LightGCN-Mar-15-2026_22-26-45.pth
Sun 15 Mar 2026 22:26:56 INFO  epoch 36 training [time: 0.13s, train loss: 3.2067]
Sun 15 Mar 2026 22:26:56 INFO  epoch 36 evaluating [time: 0.14s, valid_score: 0.313400]
Sun 15 Mar 2026 22:26:56 INFO  valid result: 
recall@1 : 0.1202    recall@2 : 0.2111    recall@3 : 0.2766    recall@4 : 0.3174    recall@5 : 0.3468    recall@10 : 0.4612    recall@20 : 0.5879    recall@30 : 0.6682    recall@50 : 0.7765    ndcg@1 : 0.1937    ndcg@2 : 0.2231    ndcg@3 : 0.2481    ndcg@4 : 0.2626    ndcg@5 : 0.2734    ndcg@10 : 0.3134    ndcg@20 : 0.3504    ndcg@30 : 0.3722    ndcg@50 : 0.3979    precision@1 : 0.1937    precision@2 : 0.1666    precision@3 : 0.1484    precision@4 : 0.1317    precision@5 : 0.1184    precision@10 : 0.0834    precision@20 : 0.0555    precision@30 : 0.044    precision@50 : 0.032    map@1 : 0.1937    map@2 : 0.1965    map@3 : 0.2054    map@4 : 0.2108    map@5 : 0.215    map@10 : 0.2315    map@20 : 0.2431    map@30 : 0.2492    map@50 : 0.2549
Sun 15 Mar 2026 22:26:56 INFO  Saving current: saved/LightGCN-Mar-15-2026_22-26-45.pth
Sun 15 Mar 2026 22:26:56 INFO  epoch 37 training [time: 0.10s, train loss: 3.1963]
Sun 15 Mar 2026 22:26:56 INFO  epoch 37 evaluating [time: 0.14s, valid_score: 0.313400]
Sun 15 Mar 2026 22:26:56 INFO  valid result: 
recall@1 : 0.1202    recall@2 : 0.2111    recall@3 : 0.2766    recall@4 : 0.3174    recall@5 : 0.3468    recall@10 : 0.4612    recall@20 : 0.5886    recall@30 : 0.6679    recall@50 : 0.7765    ndcg@1 : 0.1937    ndcg@2 : 0.2231    ndcg@3 : 0.2481    ndcg@4 : 0.2626    ndcg@5 : 0.2734    ndcg@10 : 0.3134    ndcg@20 : 0.3506    ndcg@30 : 0.3721    ndcg@50 : 0.3979    precision@1 : 0.1937    precision@2 : 0.1666    precision@3 : 0.1484    precision@4 : 0.1317    precision@5 : 0.1184    precision@10 : 0.0834    precision@20 : 0.0556    precision@30 : 0.0439    precision@50 : 0.032    map@1 : 0.1937    map@2 : 0.1965    map@3 : 0.2054    map@4 : 0.2108    map@5 : 0.215    map@10 : 0.2315    map@20 : 0.2433    map@30 : 0.2492    map@50 : 0.2549
Sun 15 Mar 2026 22:26:56 INFO  Saving current: saved/LightGCN-Mar-15-2026_22-26-45.pth
Sun 15 Mar 2026 22:26:56 INFO  epoch 38 training [time: 0.11s, train loss: 3.2091]
Sun 15 Mar 2026 22:26:56 INFO  epoch 38 evaluating [time: 0.14s, valid_score: 0.313600]
Sun 15 Mar 2026 22:26:56 INFO  valid result: 
recall@1 : 0.1202    recall@2 : 0.2111    recall@3 : 0.2766    recall@4 : 0.3174    recall@5 : 0.3468    recall@10 : 0.4618    recall@20 : 0.5881    recall@30 : 0.669    recall@50 : 0.7691    ndcg@1 : 0.1937    ndcg@2 : 0.2231    ndcg@3 : 0.2481    ndcg@4 : 0.2626    ndcg@5 : 0.2734    ndcg@10 : 0.3136    ndcg@20 : 0.3506    ndcg@30 : 0.3725    ndcg@50 : 0.3966    precision@1 : 0.1937    precision@2 : 0.1666    precision@3 : 0.1484    precision@4 : 0.1317    precision@5 : 0.1184    precision@10 : 0.0836    precision@20 : 0.0556    precision@30 : 0.044    precision@50 : 0.0318    map@1 : 0.1937    map@2 : 0.1965    map@3 : 0.2054    map@4 : 0.2108    map@5 : 0.215    map@10 : 0.2316    map@20 : 0.2433    map@30 : 0.2493    map@50 : 0.2548
Sun 15 Mar 2026 22:26:56 INFO  Saving current: saved/LightGCN-Mar-15-2026_22-26-45.pth
Sun 15 Mar 2026 22:26:57 INFO  epoch 39 training [time: 0.13s, train loss: 3.2232]
Sun 15 Mar 2026 22:26:57 INFO  epoch 39 evaluating [time: 0.14s, valid_score: 0.313400]
Sun 15 Mar 2026 22:26:57 INFO  valid result: 
recall@1 : 0.1202    recall@2 : 0.2111    recall@3 : 0.2766    recall@4 : 0.3174    recall@5 : 0.3468    recall@10 : 0.4612    recall@20 : 0.5875    recall@30 : 0.6688    recall@50 : 0.7652    ndcg@1 : 0.1937    ndcg@2 : 0.2231    ndcg@3 : 0.2481    ndcg@4 : 0.2626    ndcg@5 : 0.2734    ndcg@10 : 0.3134    ndcg@20 : 0.3504    ndcg@30 : 0.3724    ndcg@50 : 0.3958    precision@1 : 0.1937    precision@2 : 0.1666    precision@3 : 0.1484    precision@4 : 0.1317    precision@5 : 0.1184    precision@10 : 0.0835    precision@20 : 0.0556    precision@30 : 0.0441    precision@50 : 0.0318    map@1 : 0.1937    map@2 : 0.1965    map@3 : 0.2054    map@4 : 0.2108    map@5 : 0.215    map@10 : 0.2316    map@20 : 0.2432    map@30 : 0.2493    map@50 : 0.2546
Sun 15 Mar 2026 22:26:57 INFO  epoch 40 training [time: 0.12s, train loss: 3.1744]
Sun 15 Mar 2026 22:26:57 INFO  epoch 40 evaluating [time: 0.14s, valid_score: 0.313400]
Sun 15 Mar 2026 22:26:57 INFO  valid result: 
recall@1 : 0.1202    recall@2 : 0.2111    recall@3 : 0.2766    recall@4 : 0.3174    recall@5 : 0.3468    recall@10 : 0.4612    recall@20 : 0.5878    recall@30 : 0.6679    recall@50 : 0.7653    ndcg@1 : 0.1937    ndcg@2 : 0.2231    ndcg@3 : 0.2481    ndcg@4 : 0.2626    ndcg@5 : 0.2734    ndcg@10 : 0.3134    ndcg@20 : 0.3505    ndcg@30 : 0.3722    ndcg@50 : 0.3958    precision@1 : 0.1937    precision@2 : 0.1666    precision@3 : 0.1484    precision@4 : 0.1317    precision@5 : 0.1184    precision@10 : 0.0835    precision@20 : 0.0557    precision@30 : 0.044    precision@50 : 0.0318    map@1 : 0.1937    map@2 : 0.1965    map@3 : 0.2054    map@4 : 0.2108    map@5 : 0.215    map@10 : 0.2316    map@20 : 0.2433    map@30 : 0.2492    map@50 : 0.2546
Sun 15 Mar 2026 22:26:57 INFO  epoch 41 training [time: 0.13s, train loss: 3.1965]
Sun 15 Mar 2026 22:26:57 INFO  epoch 41 evaluating [time: 0.14s, valid_score: 0.313400]
Sun 15 Mar 2026 22:26:57 INFO  valid result: 
recall@1 : 0.1202    recall@2 : 0.2111    recall@3 : 0.2766    recall@4 : 0.3174    recall@5 : 0.3468    recall@10 : 0.4611    recall@20 : 0.5872    recall@30 : 0.6672    recall@50 : 0.7656    ndcg@1 : 0.1937    ndcg@2 : 0.2231    ndcg@3 : 0.2481    ndcg@4 : 0.2626    ndcg@5 : 0.2734    ndcg@10 : 0.3134    ndcg@20 : 0.3503    ndcg@30 : 0.372    ndcg@50 : 0.3959    precision@1 : 0.1937    precision@2 : 0.1666    precision@3 : 0.1484    precision@4 : 0.1317    precision@5 : 0.1184    precision@10 : 0.0835    precision@20 : 0.0556    precision@30 : 0.044    precision@50 : 0.0318    map@1 : 0.1937    map@2 : 0.1965    map@3 : 0.2054    map@4 : 0.2108    map@5 : 0.215    map@10 : 0.2316    map@20 : 0.2432    map@30 : 0.2492    map@50 : 0.2547
Sun 15 Mar 2026 22:26:57 INFO  epoch 42 training [time: 0.13s, train loss: 3.1670]
Sun 15 Mar 2026 22:26:58 INFO  epoch 42 evaluating [time: 0.14s, valid_score: 0.313300]
Sun 15 Mar 2026 22:26:58 INFO  valid result: 
recall@1 : 0.1202    recall@2 : 0.2111    recall@3 : 0.2766    recall@4 : 0.3174    recall@5 : 0.3468    recall@10 : 0.4611    recall@20 : 0.5878    recall@30 : 0.6692    recall@50 : 0.7655    ndcg@1 : 0.1937    ndcg@2 : 0.2231    ndcg@3 : 0.2481    ndcg@4 : 0.2626    ndcg@5 : 0.2734    ndcg@10 : 0.3133    ndcg@20 : 0.3505    ndcg@30 : 0.3725    ndcg@50 : 0.3959    precision@1 : 0.1937    precision@2 : 0.1666    precision@3 : 0.1484    precision@4 : 0.1317    precision@5 : 0.1184    precision@10 : 0.0834    precision@20 : 0.0556    precision@30 : 0.0441    precision@50 : 0.0318    map@1 : 0.1937    map@2 : 0.1965    map@3 : 0.2054    map@4 : 0.2108    map@5 : 0.215    map@10 : 0.2315    map@20 : 0.2432    map@30 : 0.2493    map@50 : 0.2547
Sun 15 Mar 2026 22:26:58 INFO  epoch 43 training [time: 0.12s, train loss: 3.1855]
Sun 15 Mar 2026 22:26:58 INFO  epoch 43 evaluating [time: 0.14s, valid_score: 0.313300]
Sun 15 Mar 2026 22:26:58 INFO  valid result: 
recall@1 : 0.1202    recall@2 : 0.2111    recall@3 : 0.2766    recall@4 : 0.3174    recall@5 : 0.3468    recall@10 : 0.4611    recall@20 : 0.5879    recall@30 : 0.6692    recall@50 : 0.7655    ndcg@1 : 0.1937    ndcg@2 : 0.2231    ndcg@3 : 0.2481    ndcg@4 : 0.2626    ndcg@5 : 0.2734    ndcg@10 : 0.3133    ndcg@20 : 0.3505    ndcg@30 : 0.3725    ndcg@50 : 0.3959    precision@1 : 0.1937    precision@2 : 0.1666    precision@3 : 0.1484    precision@4 : 0.1317    precision@5 : 0.1184    precision@10 : 0.0834    precision@20 : 0.0557    precision@30 : 0.0441    precision@50 : 0.0318    map@1 : 0.1937    map@2 : 0.1965    map@3 : 0.2054    map@4 : 0.2108    map@5 : 0.215    map@10 : 0.2315    map@20 : 0.2433    map@30 : 0.2493    map@50 : 0.2547
Sun 15 Mar 2026 22:26:58 INFO  epoch 44 training [time: 0.11s, train loss: 3.1424]
Sun 15 Mar 2026 22:26:58 INFO  epoch 44 evaluating [time: 0.14s, valid_score: 0.313300]
Sun 15 Mar 2026 22:26:58 INFO  valid result: 
recall@1 : 0.1202    recall@2 : 0.2111    recall@3 : 0.2766    recall@4 : 0.3174    recall@5 : 0.3468    recall@10 : 0.461    recall@20 : 0.5874    recall@30 : 0.6687    recall@50 : 0.7628    ndcg@1 : 0.1937    ndcg@2 : 0.2231    ndcg@3 : 0.2481    ndcg@4 : 0.2626    ndcg@5 : 0.2734    ndcg@10 : 0.3133    ndcg@20 : 0.3504    ndcg@30 : 0.3724    ndcg@50 : 0.3954    precision@1 : 0.1937    precision@2 : 0.1666    precision@3 : 0.1484    precision@4 : 0.1317    precision@5 : 0.1184    precision@10 : 0.0834    precision@20 : 0.0556    precision@30 : 0.044    precision@50 : 0.0317    map@1 : 0.1937    map@2 : 0.1965    map@3 : 0.2054    map@4 : 0.2108    map@5 : 0.215    map@10 : 0.2315    map@20 : 0.2432    map@30 : 0.2493    map@50 : 0.2547
Sun 15 Mar 2026 22:26:58 INFO  epoch 45 training [time: 0.10s, train loss: 3.1644]
Sun 15 Mar 2026 22:26:58 INFO  epoch 45 evaluating [time: 0.14s, valid_score: 0.313500]
Sun 15 Mar 2026 22:26:58 INFO  valid result: 
recall@1 : 0.1202    recall@2 : 0.2111    recall@3 : 0.2766    recall@4 : 0.3174    recall@5 : 0.3468    recall@10 : 0.4617    recall@20 : 0.5875    recall@30 : 0.6688    recall@50 : 0.7637    ndcg@1 : 0.1937    ndcg@2 : 0.2231    ndcg@3 : 0.2481    ndcg@4 : 0.2626    ndcg@5 : 0.2734    ndcg@10 : 0.3135    ndcg@20 : 0.3505    ndcg@30 : 0.3724    ndcg@50 : 0.3956    precision@1 : 0.1937    precision@2 : 0.1666    precision@3 : 0.1484    precision@4 : 0.1317    precision@5 : 0.1184    precision@10 : 0.0836    precision@20 : 0.0557    precision@30 : 0.0441    precision@50 : 0.0317    map@1 : 0.1937    map@2 : 0.1965    map@3 : 0.2054    map@4 : 0.2108    map@5 : 0.215    map@10 : 0.2316    map@20 : 0.2433    map@30 : 0.2493    map@50 : 0.2547
Sun 15 Mar 2026 22:26:58 INFO  epoch 46 training [time: 0.12s, train loss: 3.1628]
Sun 15 Mar 2026 22:26:59 INFO  epoch 46 evaluating [time: 0.15s, valid_score: 0.313300]
Sun 15 Mar 2026 22:26:59 INFO  valid result: 
recall@1 : 0.1202    recall@2 : 0.2111    recall@3 : 0.2766    recall@4 : 0.3174    recall@5 : 0.3468    recall@10 : 0.461    recall@20 : 0.5874    recall@30 : 0.6688    recall@50 : 0.7639    ndcg@1 : 0.1937    ndcg@2 : 0.2231    ndcg@3 : 0.2481    ndcg@4 : 0.2626    ndcg@5 : 0.2734    ndcg@10 : 0.3133    ndcg@20 : 0.3504    ndcg@30 : 0.3725    ndcg@50 : 0.3957    precision@1 : 0.1937    precision@2 : 0.1666    precision@3 : 0.1484    precision@4 : 0.1317    precision@5 : 0.1184    precision@10 : 0.0834    precision@20 : 0.0557    precision@30 : 0.0441    precision@50 : 0.0318    map@1 : 0.1937    map@2 : 0.1965    map@3 : 0.2054    map@4 : 0.2108    map@5 : 0.215    map@10 : 0.2315    map@20 : 0.2433    map@30 : 0.2494    map@50 : 0.2547
Sun 15 Mar 2026 22:26:59 INFO  epoch 47 training [time: 0.13s, train loss: 3.1885]
Sun 15 Mar 2026 22:26:59 INFO  epoch 47 evaluating [time: 0.14s, valid_score: 0.313300]
Sun 15 Mar 2026 22:26:59 INFO  valid result: 
recall@1 : 0.1202    recall@2 : 0.2111    recall@3 : 0.2766    recall@4 : 0.3174    recall@5 : 0.3468    recall@10 : 0.461    recall@20 : 0.5882    recall@30 : 0.6694    recall@50 : 0.7641    ndcg@1 : 0.1937    ndcg@2 : 0.2231    ndcg@3 : 0.2481    ndcg@4 : 0.2626    ndcg@5 : 0.2734    ndcg@10 : 0.3133    ndcg@20 : 0.3507    ndcg@30 : 0.3726    ndcg@50 : 0.3957    precision@1 : 0.1937    precision@2 : 0.1666    precision@3 : 0.1484    precision@4 : 0.1317    precision@5 : 0.1184    precision@10 : 0.0834    precision@20 : 0.0558    precision@30 : 0.0441    precision@50 : 0.0318    map@1 : 0.1937    map@2 : 0.1965    map@3 : 0.2054    map@4 : 0.2108    map@5 : 0.215    map@10 : 0.2315    map@20 : 0.2434    map@30 : 0.2494    map@50 : 0.2547
Sun 15 Mar 2026 22:26:59 INFO  epoch 48 training [time: 0.12s, train loss: 3.1424]
Sun 15 Mar 2026 22:26:59 INFO  epoch 48 evaluating [time: 0.14s, valid_score: 0.313300]
Sun 15 Mar 2026 22:26:59 INFO  valid result: 
recall@1 : 0.1202    recall@2 : 0.2111    recall@3 : 0.2766    recall@4 : 0.3174    recall@5 : 0.3468    recall@10 : 0.461    recall@20 : 0.5883    recall@30 : 0.6686    recall@50 : 0.7641    ndcg@1 : 0.1937    ndcg@2 : 0.2231    ndcg@3 : 0.2481    ndcg@4 : 0.2626    ndcg@5 : 0.2734    ndcg@10 : 0.3133    ndcg@20 : 0.3507    ndcg@30 : 0.3724    ndcg@50 : 0.3957    precision@1 : 0.1937    precision@2 : 0.1666    precision@3 : 0.1484    precision@4 : 0.1317    precision@5 : 0.1184    precision@10 : 0.0834    precision@20 : 0.0558    precision@30 : 0.044    precision@50 : 0.0318    map@1 : 0.1937    map@2 : 0.1965    map@3 : 0.2054    map@4 : 0.2108    map@5 : 0.215    map@10 : 0.2316    map@20 : 0.2434    map@30 : 0.2493    map@50 : 0.2547
Sun 15 Mar 2026 22:26:59 INFO  epoch 49 training [time: 0.12s, train loss: 3.1485]
Sun 15 Mar 2026 22:26:59 INFO  epoch 49 evaluating [time: 0.15s, valid_score: 0.313400]
Sun 15 Mar 2026 22:26:59 INFO  valid result: 
recall@1 : 0.1202    recall@2 : 0.2111    recall@3 : 0.2766    recall@4 : 0.3174    recall@5 : 0.3468    recall@10 : 0.4611    recall@20 : 0.5891    recall@30 : 0.6707    recall@50 : 0.7632    ndcg@1 : 0.1937    ndcg@2 : 0.2231    ndcg@3 : 0.2481    ndcg@4 : 0.2626    ndcg@5 : 0.2734    ndcg@10 : 0.3134    ndcg@20 : 0.351    ndcg@30 : 0.3729    ndcg@50 : 0.3955    precision@1 : 0.1937    precision@2 : 0.1666    precision@3 : 0.1484    precision@4 : 0.1317    precision@5 : 0.1184    precision@10 : 0.0836    precision@20 : 0.056    precision@30 : 0.0441    precision@50 : 0.0317    map@1 : 0.1937    map@2 : 0.1965    map@3 : 0.2054    map@4 : 0.2108    map@5 : 0.215    map@10 : 0.2317    map@20 : 0.2435    map@30 : 0.2495    map@50 : 0.2547
Sun 15 Mar 2026 22:26:59 INFO  Finished training, best eval result in epoch 38
Sun 15 Mar 2026 22:26:59 INFO  Loading model structure and parameters from saved/LightGCN-Mar-15-2026_22-26-45.pth
Sun 15 Mar 2026 22:27:00 INFO  best valid : OrderedDict([('recall@1', 0.1202), ('recall@2', 0.2111), ('recall@3', 0.2766), ('recall@4', 0.3174), ('recall@5', 0.3468), ('recall@10', 0.4618), ('recall@20', 0.5881), ('recall@30', 0.669), ('recall@50', 0.7691), ('ndcg@1', 0.1937), ('ndcg@2', 0.2231), ('ndcg@3', 0.2481), ('ndcg@4', 0.2626), ('ndcg@5', 0.2734), ('ndcg@10', 0.3136), ('ndcg@20', 0.3506), ('ndcg@30', 0.3725), ('ndcg@50', 0.3966), ('precision@1', 0.1937), ('precision@2', 0.1666), ('precision@3', 0.1484), ('precision@4', 0.1317), ('precision@5', 0.1184), ('precision@10', 0.0836), ('precision@20', 0.0556), ('precision@30', 0.044), ('precision@50', 0.0318), ('map@1', 0.1937), ('map@2', 0.1965), ('map@3', 0.2054), ('map@4', 0.2108), ('map@5', 0.215), ('map@10', 0.2316), ('map@20', 0.2433), ('map@30', 0.2493), ('map@50', 0.2548)])
Sun 15 Mar 2026 22:27:00 INFO  test result: OrderedDict([('recall@1', 0.1533), ('recall@2', 0.2465), ('recall@3', 0.2913), ('recall@4', 0.3352), ('recall@5', 0.3694), ('recall@10', 0.4823), ('recall@20', 0.6091), ('recall@30', 0.6678), ('recall@50', 0.7697), ('ndcg@1', 0.2471), ('ndcg@2', 0.2706), ('ndcg@3', 0.2807), ('ndcg@4', 0.2957), ('ndcg@5', 0.307), ('ndcg@10', 0.3439), ('ndcg@20', 0.3803), ('ndcg@30', 0.396), ('ndcg@50', 0.4194), ('precision@1', 0.2471), ('precision@2', 0.199), ('precision@3', 0.1625), ('precision@4', 0.1446), ('precision@5', 0.1288), ('precision@10', 0.0873), ('precision@20', 0.0576), ('precision@30', 0.0432), ('precision@50', 0.0307), ('map@1', 0.2471), ('map@2', 0.2434), ('map@3', 0.2417), ('map@4', 0.247), ('map@5', 0.2509), ('map@10', 0.2646), ('map@20', 0.276), ('map@30', 0.2805), ('map@50', 0.2854)])
Sun 15 Mar 2026 22:27:00 INFO  training time: 13.8623s
Sun 15 Mar 2026 22:27:00 INFO  result file: results/again/lightgcn_lightgcn_seed2021.json
