Mon 16 Mar 2026 12:57:29 INFO  
General Hyper Parameters:
gpu_id = 0
use_gpu = True
seed = 2024
state = INFO
reproducibility = True
data_path = ./travel
checkpoint_dir = saved
show_progress = True
save_dataset = False
dataset_save_path = None
save_dataloaders = False
dataloaders_save_path = None
log_wandb = False

Training Hyper Parameters:
epochs = 1000
train_batch_size = 4096
learner = adam
learning_rate = 0.001
train_neg_sample_args = {'distribution': 'uniform', 'sample_num': 1, 'alpha': 1.0, 'dynamic': False, 'candidate_num': 0}
eval_step = 1
stopping_step = 10
clip_grad_norm = None
weight_decay = 0.0
loss_decimal_place = 4

Evaluation Hyper Parameters:
eval_args = {'split': {'RS': [0.8, 0.1, 0.1]}, 'order': 'RO', 'group_by': 'user', 'mode': {'valid': 'full', 'test': 'full'}}
repeatable = False
metrics = ['Recall', 'NDCG', 'Precision', 'MAP']
topk = [1, 2, 3, 4, 5, 10, 20, 30, 50]
valid_metric = NDCG@10
valid_metric_bigger = True
eval_batch_size = 4096
metric_decimal_place = 4

Dataset Hyper Parameters:
field_separator = 	
seq_separator =  
USER_ID_FIELD = user_id
ITEM_ID_FIELD = item_id
RATING_FIELD = rating
TIME_FIELD = timestamp
seq_len = None
LABEL_FIELD = label
threshold = None
NEG_PREFIX = neg_
load_col = {'inter': ['user_id', 'item_id', 'rating'], 'user': ['user_id', 'post_num', 'follower', 'following', 'timestamp']}
unload_col = None
unused_col = None
additional_feat_suffix = None
rm_dup_inter = None
val_interval = {'rating': '[0,inf)'}
filter_inter_by_user_or_item = True
user_inter_num_interval = [0,inf)
item_inter_num_interval = [0,inf)
alias_of_user_id = None
alias_of_item_id = None
alias_of_entity_id = None
alias_of_relation_id = None
preload_weight = None
normalize_field = None
normalize_all = None
ITEM_LIST_LENGTH_FIELD = item_length
LIST_SUFFIX = _list
MAX_ITEM_LIST_LENGTH = 50
POSITION_FIELD = position_id
HEAD_ENTITY_ID_FIELD = head_id
TAIL_ENTITY_ID_FIELD = tail_id
RELATION_ID_FIELD = relation_id
ENTITY_ID_FIELD = entity_id
benchmark_filename = None

Other Hyper Parameters: 
worker = 0
wandb_project = recbole
shuffle = True
require_pow = False
enable_amp = False
enable_scaler = False
transform = None
embedding_size = 64
n_layers = 3
reg_weight = 0.0001
numerical_features = []
discretization = None
kg_reverse_r = False
entity_kg_num_interval = [0,inf)
relation_kg_num_interval = [0,inf)
MODEL_TYPE = ModelType.GENERAL
stoping_step = 20
MODEL_INPUT_TYPE = InputType.PAIRWISE
eval_type = EvaluatorType.RANKING
single_spec = True
local_rank = 0
device = cuda
valid_neg_sample_args = {'distribution': 'uniform', 'sample_num': 'none'}
test_neg_sample_args = {'distribution': 'uniform', 'sample_num': 'none'}


Mon 16 Mar 2026 12:57:29 INFO  travel
The number of users: 2010
Average actions of users: 18.721254355400696
The number of items: 247
Average actions of items: 152.890243902439
The number of inters: 37611
The sparsity of the dataset: 92.42431566862047%
Remain Fields: ['user_id', 'item_id', 'rating', 'post_num', 'follower', 'following', 'timestamp']
Mon 16 Mar 2026 12:57:29 INFO  [Training]: train_batch_size = [4096] train_neg_sample_args: [{'distribution': 'uniform', 'sample_num': 1, 'alpha': 1.0, 'dynamic': False, 'candidate_num': 0}]
Mon 16 Mar 2026 12:57:29 INFO  [Evaluation]: eval_batch_size = [4096] eval_args: [{'split': {'RS': [0.8, 0.1, 0.1]}, 'order': 'RO', 'group_by': 'user', 'mode': {'valid': 'full', 'test': 'full'}}]
Mon 16 Mar 2026 12:57:30 INFO  LightGCN(
  (user_embedding): Embedding(2010, 64)
  (item_embedding): Embedding(247, 64)
  (mf_loss): BPRLoss()
  (reg_loss): EmbLoss()
)
Trainable parameters: 144448
Mon 16 Mar 2026 12:57:30 INFO  trainable parameters: 144448
Mon 16 Mar 2026 12:57:31 INFO  epoch 0 training [time: 0.50s, train loss: 5.5393]
Mon 16 Mar 2026 12:57:31 INFO  epoch 0 evaluating [time: 0.35s, valid_score: 0.215800]
Mon 16 Mar 2026 12:57:31 INFO  valid result: 
recall@1 : 0.0701    recall@2 : 0.1172    recall@3 : 0.1642    recall@4 : 0.2048    recall@5 : 0.235    recall@10 : 0.3373    recall@20 : 0.4631    recall@30 : 0.5414    recall@50 : 0.6474    ndcg@1 : 0.1287    ndcg@2 : 0.1382    ndcg@3 : 0.1552    ndcg@4 : 0.1698    ndcg@5 : 0.1805    ndcg@10 : 0.2158    ndcg@20 : 0.2524    ndcg@30 : 0.2727    ndcg@50 : 0.2972    precision@1 : 0.1287    precision@2 : 0.1094    precision@3 : 0.1017    precision@4 : 0.0943    precision@5 : 0.0871    precision@10 : 0.064    precision@20 : 0.0449    precision@30 : 0.036    precision@50 : 0.0266    map@1 : 0.1287    map@2 : 0.1208    map@3 : 0.1258    map@4 : 0.1307    map@5 : 0.1348    map@10 : 0.1483    map@20 : 0.1592    map@30 : 0.1641    map@50 : 0.1688
Mon 16 Mar 2026 12:57:31 INFO  Saving current: saved/LightGCN-Mar-16-2026_12-57-30.pth
Mon 16 Mar 2026 12:57:31 INFO  epoch 1 training [time: 0.16s, train loss: 5.5215]
Mon 16 Mar 2026 12:57:32 INFO  epoch 1 evaluating [time: 0.22s, valid_score: 0.306700]
Mon 16 Mar 2026 12:57:32 INFO  valid result: 
recall@1 : 0.1166    recall@2 : 0.203    recall@3 : 0.2559    recall@4 : 0.302    recall@5 : 0.341    recall@10 : 0.4611    recall@20 : 0.5958    recall@30 : 0.6635    recall@50 : 0.7609    ndcg@1 : 0.1847    ndcg@2 : 0.2151    ndcg@3 : 0.2335    ndcg@4 : 0.2508    ndcg@5 : 0.2648    ndcg@10 : 0.3067    ndcg@20 : 0.3459    ndcg@30 : 0.3643    ndcg@50 : 0.3876    precision@1 : 0.1847    precision@2 : 0.1615    precision@3 : 0.1395    precision@4 : 0.1257    precision@5 : 0.1149    precision@10 : 0.0816    precision@20 : 0.0549    precision@30 : 0.0426    precision@50 : 0.0306    map@1 : 0.1847    map@2 : 0.1898    map@3 : 0.195    map@4 : 0.2019    map@5 : 0.2076    map@10 : 0.2243    map@20 : 0.2366    map@30 : 0.2416    map@50 : 0.2465
Mon 16 Mar 2026 12:57:32 INFO  Saving current: saved/LightGCN-Mar-16-2026_12-57-30.pth
Mon 16 Mar 2026 12:57:32 INFO  epoch 2 training [time: 0.15s, train loss: 5.4796]
Mon 16 Mar 2026 12:57:32 INFO  epoch 2 evaluating [time: 0.23s, valid_score: 0.310800]
Mon 16 Mar 2026 12:57:32 INFO  valid result: 
recall@1 : 0.118    recall@2 : 0.2066    recall@3 : 0.2632    recall@4 : 0.3126    recall@5 : 0.3492    recall@10 : 0.4661    recall@20 : 0.5976    recall@30 : 0.6745    recall@50 : 0.7666    ndcg@1 : 0.1865    ndcg@2 : 0.2177    ndcg@3 : 0.2383    ndcg@4 : 0.2565    ndcg@5 : 0.2698    ndcg@10 : 0.3108    ndcg@20 : 0.3493    ndcg@30 : 0.3703    ndcg@50 : 0.3927    precision@1 : 0.1865    precision@2 : 0.1633    precision@3 : 0.1422    precision@4 : 0.1277    precision@5 : 0.116    precision@10 : 0.0822    precision@20 : 0.055    precision@30 : 0.0435    precision@50 : 0.031    map@1 : 0.1865    map@2 : 0.1922    map@3 : 0.1988    map@4 : 0.2064    map@5 : 0.2116    map@10 : 0.2279    map@20 : 0.2401    map@30 : 0.2459    map@50 : 0.2509
Mon 16 Mar 2026 12:57:32 INFO  Saving current: saved/LightGCN-Mar-16-2026_12-57-30.pth
Mon 16 Mar 2026 12:57:32 INFO  epoch 3 training [time: 0.15s, train loss: 5.4039]
Mon 16 Mar 2026 12:57:32 INFO  epoch 3 evaluating [time: 0.22s, valid_score: 0.311000]
Mon 16 Mar 2026 12:57:32 INFO  valid result: 
recall@1 : 0.1182    recall@2 : 0.2058    recall@3 : 0.2665    recall@4 : 0.3132    recall@5 : 0.3488    recall@10 : 0.4662    recall@20 : 0.5967    recall@30 : 0.6744    recall@50 : 0.7698    ndcg@1 : 0.1871    ndcg@2 : 0.2169    ndcg@3 : 0.2399    ndcg@4 : 0.257    ndcg@5 : 0.27    ndcg@10 : 0.311    ndcg@20 : 0.3495    ndcg@30 : 0.3708    ndcg@50 : 0.3938    precision@1 : 0.1871    precision@2 : 0.1621    precision@3 : 0.1434    precision@4 : 0.128    precision@5 : 0.1163    precision@10 : 0.0819    precision@20 : 0.0549    precision@30 : 0.0436    precision@50 : 0.0311    map@1 : 0.1871    map@2 : 0.1917    map@3 : 0.1995    map@4 : 0.2067    map@5 : 0.2118    map@10 : 0.2282    map@20 : 0.2404    map@30 : 0.2463    map@50 : 0.2514
Mon 16 Mar 2026 12:57:32 INFO  Saving current: saved/LightGCN-Mar-16-2026_12-57-30.pth
Mon 16 Mar 2026 12:57:33 INFO  epoch 4 training [time: 0.15s, train loss: 5.2874]
Mon 16 Mar 2026 12:57:33 INFO  epoch 4 evaluating [time: 0.22s, valid_score: 0.311100]
Mon 16 Mar 2026 12:57:33 INFO  valid result: 
recall@1 : 0.118    recall@2 : 0.2063    recall@3 : 0.2649    recall@4 : 0.3131    recall@5 : 0.3455    recall@10 : 0.4673    recall@20 : 0.5968    recall@30 : 0.6773    recall@50 : 0.7698    ndcg@1 : 0.1865    ndcg@2 : 0.2172    ndcg@3 : 0.2388    ndcg@4 : 0.2567    ndcg@5 : 0.2685    ndcg@10 : 0.3111    ndcg@20 : 0.3492    ndcg@30 : 0.3711    ndcg@50 : 0.3934    precision@1 : 0.1865    precision@2 : 0.1624    precision@3 : 0.1422    precision@4 : 0.128    precision@5 : 0.1156    precision@10 : 0.0822    precision@20 : 0.055    precision@30 : 0.0437    precision@50 : 0.0311    map@1 : 0.1865    map@2 : 0.1917    map@3 : 0.1988    map@4 : 0.2064    map@5 : 0.2109    map@10 : 0.2281    map@20 : 0.2402    map@30 : 0.2461    map@50 : 0.2511
Mon 16 Mar 2026 12:57:33 INFO  Saving current: saved/LightGCN-Mar-16-2026_12-57-30.pth
Mon 16 Mar 2026 12:57:33 INFO  epoch 5 training [time: 0.18s, train loss: 5.1288]
Mon 16 Mar 2026 12:57:33 INFO  epoch 5 evaluating [time: 0.24s, valid_score: 0.310900]
Mon 16 Mar 2026 12:57:33 INFO  valid result: 
recall@1 : 0.1168    recall@2 : 0.2062    recall@3 : 0.265    recall@4 : 0.3131    recall@5 : 0.3462    recall@10 : 0.4679    recall@20 : 0.5972    recall@30 : 0.6773    recall@50 : 0.77    ndcg@1 : 0.1853    ndcg@2 : 0.2167    ndcg@3 : 0.2382    ndcg@4 : 0.2562    ndcg@5 : 0.2682    ndcg@10 : 0.3109    ndcg@20 : 0.3489    ndcg@30 : 0.3708    ndcg@50 : 0.3932    precision@1 : 0.1853    precision@2 : 0.1624    precision@3 : 0.1418    precision@4 : 0.128    precision@5 : 0.1156    precision@10 : 0.0821    precision@20 : 0.055    precision@30 : 0.0438    precision@50 : 0.0311    map@1 : 0.1853    map@2 : 0.1912    map@3 : 0.1981    map@4 : 0.2058    map@5 : 0.2104    map@10 : 0.2276    map@20 : 0.2397    map@30 : 0.2457    map@50 : 0.2506
Mon 16 Mar 2026 12:57:33 INFO  epoch 6 training [time: 0.17s, train loss: 4.9344]
Mon 16 Mar 2026 12:57:34 INFO  epoch 6 evaluating [time: 0.23s, valid_score: 0.311400]
Mon 16 Mar 2026 12:57:34 INFO  valid result: 
recall@1 : 0.1178    recall@2 : 0.206    recall@3 : 0.2648    recall@4 : 0.3137    recall@5 : 0.3478    recall@10 : 0.4688    recall@20 : 0.5989    recall@30 : 0.6774    recall@50 : 0.7703    ndcg@1 : 0.1865    ndcg@2 : 0.2169    ndcg@3 : 0.2384    ndcg@4 : 0.2569    ndcg@5 : 0.2695    ndcg@10 : 0.3114    ndcg@20 : 0.3498    ndcg@30 : 0.3711    ndcg@50 : 0.3937    precision@1 : 0.1865    precision@2 : 0.1621    precision@3 : 0.1416    precision@4 : 0.1281    precision@5 : 0.1166    precision@10 : 0.082    precision@20 : 0.0552    precision@30 : 0.0437    precision@50 : 0.0311    map@1 : 0.1865    map@2 : 0.1916    map@3 : 0.1986    map@4 : 0.2065    map@5 : 0.2116    map@10 : 0.2281    map@20 : 0.2405    map@30 : 0.2463    map@50 : 0.2512
Mon 16 Mar 2026 12:57:34 INFO  Saving current: saved/LightGCN-Mar-16-2026_12-57-30.pth
Mon 16 Mar 2026 12:57:34 INFO  epoch 7 training [time: 0.16s, train loss: 4.7118]
Mon 16 Mar 2026 12:57:34 INFO  epoch 7 evaluating [time: 0.23s, valid_score: 0.313000]
Mon 16 Mar 2026 12:57:34 INFO  valid result: 
recall@1 : 0.1205    recall@2 : 0.206    recall@3 : 0.2648    recall@4 : 0.3137    recall@5 : 0.3476    recall@10 : 0.4706    recall@20 : 0.5994    recall@30 : 0.6797    recall@50 : 0.7684    ndcg@1 : 0.1889    ndcg@2 : 0.2178    ndcg@3 : 0.2393    ndcg@4 : 0.2578    ndcg@5 : 0.2705    ndcg@10 : 0.313    ndcg@20 : 0.3511    ndcg@30 : 0.3728    ndcg@50 : 0.3944    precision@1 : 0.1889    precision@2 : 0.1621    precision@3 : 0.1416    precision@4 : 0.1281    precision@5 : 0.1168    precision@10 : 0.0823    precision@20 : 0.0553    precision@30 : 0.0439    precision@50 : 0.0311    map@1 : 0.1889    map@2 : 0.1928    map@3 : 0.1999    map@4 : 0.2078    map@5 : 0.213    map@10 : 0.2297    map@20 : 0.242    map@30 : 0.2478    map@50 : 0.2526
Mon 16 Mar 2026 12:57:34 INFO  Saving current: saved/LightGCN-Mar-16-2026_12-57-30.pth
Mon 16 Mar 2026 12:57:34 INFO  epoch 8 training [time: 0.14s, train loss: 4.4834]
Mon 16 Mar 2026 12:57:34 INFO  epoch 8 evaluating [time: 0.22s, valid_score: 0.314100]
Mon 16 Mar 2026 12:57:34 INFO  valid result: 
recall@1 : 0.1239    recall@2 : 0.206    recall@3 : 0.2648    recall@4 : 0.3137    recall@5 : 0.3477    recall@10 : 0.4703    recall@20 : 0.5989    recall@30 : 0.6795    recall@50 : 0.7695    ndcg@1 : 0.1925    ndcg@2 : 0.2191    ndcg@3 : 0.2406    ndcg@4 : 0.2591    ndcg@5 : 0.2718    ndcg@10 : 0.3141    ndcg@20 : 0.3523    ndcg@30 : 0.3739    ndcg@50 : 0.3959    precision@1 : 0.1925    precision@2 : 0.1621    precision@3 : 0.1416    precision@4 : 0.1281    precision@5 : 0.1169    precision@10 : 0.0822    precision@20 : 0.0553    precision@30 : 0.0438    precision@50 : 0.0311    map@1 : 0.1925    map@2 : 0.1946    map@3 : 0.2016    map@4 : 0.2095    map@5 : 0.2147    map@10 : 0.2313    map@20 : 0.2436    map@30 : 0.2495    map@50 : 0.2543
Mon 16 Mar 2026 12:57:34 INFO  Saving current: saved/LightGCN-Mar-16-2026_12-57-30.pth
Mon 16 Mar 2026 12:57:35 INFO  epoch 9 training [time: 0.16s, train loss: 4.2692]
Mon 16 Mar 2026 12:57:35 INFO  epoch 9 evaluating [time: 0.22s, valid_score: 0.314100]
Mon 16 Mar 2026 12:57:35 INFO  valid result: 
recall@1 : 0.1239    recall@2 : 0.206    recall@3 : 0.2648    recall@4 : 0.3137    recall@5 : 0.3475    recall@10 : 0.4703    recall@20 : 0.5985    recall@30 : 0.6785    recall@50 : 0.7692    ndcg@1 : 0.1925    ndcg@2 : 0.2191    ndcg@3 : 0.2406    ndcg@4 : 0.2591    ndcg@5 : 0.2717    ndcg@10 : 0.3141    ndcg@20 : 0.3522    ndcg@30 : 0.3738    ndcg@50 : 0.3958    precision@1 : 0.1925    precision@2 : 0.1621    precision@3 : 0.1416    precision@4 : 0.1281    precision@5 : 0.1168    precision@10 : 0.0822    precision@20 : 0.0552    precision@30 : 0.0438    precision@50 : 0.0311    map@1 : 0.1925    map@2 : 0.1946    map@3 : 0.2016    map@4 : 0.2095    map@5 : 0.2146    map@10 : 0.2313    map@20 : 0.2436    map@30 : 0.2495    map@50 : 0.2543
Mon 16 Mar 2026 12:57:35 INFO  Saving current: saved/LightGCN-Mar-16-2026_12-57-30.pth
Mon 16 Mar 2026 12:57:35 INFO  epoch 10 training [time: 0.16s, train loss: 4.0592]
Mon 16 Mar 2026 12:57:35 INFO  epoch 10 evaluating [time: 0.23s, valid_score: 0.314100]
Mon 16 Mar 2026 12:57:35 INFO  valid result: 
recall@1 : 0.1239    recall@2 : 0.206    recall@3 : 0.2648    recall@4 : 0.3137    recall@5 : 0.3477    recall@10 : 0.4702    recall@20 : 0.5985    recall@30 : 0.678    recall@50 : 0.7692    ndcg@1 : 0.1925    ndcg@2 : 0.2191    ndcg@3 : 0.2406    ndcg@4 : 0.2591    ndcg@5 : 0.2718    ndcg@10 : 0.3141    ndcg@20 : 0.3522    ndcg@30 : 0.3737    ndcg@50 : 0.3959    precision@1 : 0.1925    precision@2 : 0.1621    precision@3 : 0.1416    precision@4 : 0.1281    precision@5 : 0.1169    precision@10 : 0.0822    precision@20 : 0.0552    precision@30 : 0.0437    precision@50 : 0.0311    map@1 : 0.1925    map@2 : 0.1946    map@3 : 0.2016    map@4 : 0.2095    map@5 : 0.2147    map@10 : 0.2312    map@20 : 0.2436    map@30 : 0.2495    map@50 : 0.2543
Mon 16 Mar 2026 12:57:35 INFO  Saving current: saved/LightGCN-Mar-16-2026_12-57-30.pth
Mon 16 Mar 2026 12:57:35 INFO  epoch 11 training [time: 0.15s, train loss: 3.8786]
Mon 16 Mar 2026 12:57:36 INFO  epoch 11 evaluating [time: 0.23s, valid_score: 0.314400]
Mon 16 Mar 2026 12:57:36 INFO  valid result: 
recall@1 : 0.1239    recall@2 : 0.206    recall@3 : 0.2646    recall@4 : 0.314    recall@5 : 0.3477    recall@10 : 0.4711    recall@20 : 0.5985    recall@30 : 0.6784    recall@50 : 0.7689    ndcg@1 : 0.1925    ndcg@2 : 0.2191    ndcg@3 : 0.2405    ndcg@4 : 0.2593    ndcg@5 : 0.2718    ndcg@10 : 0.3144    ndcg@20 : 0.3523    ndcg@30 : 0.3739    ndcg@50 : 0.3959    precision@1 : 0.1925    precision@2 : 0.1621    precision@3 : 0.1414    precision@4 : 0.1284    precision@5 : 0.1169    precision@10 : 0.0824    precision@20 : 0.0553    precision@30 : 0.0438    precision@50 : 0.0311    map@1 : 0.1925    map@2 : 0.1946    map@3 : 0.2015    map@4 : 0.2096    map@5 : 0.2147    map@10 : 0.2314    map@20 : 0.2437    map@30 : 0.2496    map@50 : 0.2544
Mon 16 Mar 2026 12:57:36 INFO  Saving current: saved/LightGCN-Mar-16-2026_12-57-30.pth
Mon 16 Mar 2026 12:57:36 INFO  epoch 12 training [time: 0.17s, train loss: 3.7427]
Mon 16 Mar 2026 12:57:36 INFO  epoch 12 evaluating [time: 0.22s, valid_score: 0.314300]
Mon 16 Mar 2026 12:57:36 INFO  valid result: 
recall@1 : 0.1239    recall@2 : 0.206    recall@3 : 0.2646    recall@4 : 0.3138    recall@5 : 0.3475    recall@10 : 0.4709    recall@20 : 0.5985    recall@30 : 0.678    recall@50 : 0.769    ndcg@1 : 0.1925    ndcg@2 : 0.2191    ndcg@3 : 0.2403    ndcg@4 : 0.2591    ndcg@5 : 0.2717    ndcg@10 : 0.3143    ndcg@20 : 0.3523    ndcg@30 : 0.3738    ndcg@50 : 0.3959    precision@1 : 0.1925    precision@2 : 0.1621    precision@3 : 0.1412    precision@4 : 0.1283    precision@5 : 0.1168    precision@10 : 0.0823    precision@20 : 0.0553    precision@30 : 0.0438    precision@50 : 0.0311    map@1 : 0.1925    map@2 : 0.1946    map@3 : 0.2015    map@4 : 0.2096    map@5 : 0.2146    map@10 : 0.2313    map@20 : 0.2437    map@30 : 0.2496    map@50 : 0.2544
Mon 16 Mar 2026 12:57:36 INFO  epoch 13 training [time: 0.16s, train loss: 3.6035]
Mon 16 Mar 2026 12:57:36 INFO  epoch 13 evaluating [time: 0.23s, valid_score: 0.314300]
Mon 16 Mar 2026 12:57:36 INFO  valid result: 
recall@1 : 0.1239    recall@2 : 0.206    recall@3 : 0.2644    recall@4 : 0.3137    recall@5 : 0.3474    recall@10 : 0.4709    recall@20 : 0.5986    recall@30 : 0.6779    recall@50 : 0.7685    ndcg@1 : 0.1925    ndcg@2 : 0.2191    ndcg@3 : 0.2402    ndcg@4 : 0.2591    ndcg@5 : 0.2716    ndcg@10 : 0.3143    ndcg@20 : 0.3523    ndcg@30 : 0.3738    ndcg@50 : 0.3958    precision@1 : 0.1925    precision@2 : 0.1621    precision@3 : 0.141    precision@4 : 0.1283    precision@5 : 0.1167    precision@10 : 0.0823    precision@20 : 0.0553    precision@30 : 0.0438    precision@50 : 0.0311    map@1 : 0.1925    map@2 : 0.1946    map@3 : 0.2014    map@4 : 0.2095    map@5 : 0.2146    map@10 : 0.2313    map@20 : 0.2437    map@30 : 0.2496    map@50 : 0.2544
Mon 16 Mar 2026 12:57:37 INFO  epoch 14 training [time: 0.16s, train loss: 3.5252]
Mon 16 Mar 2026 12:57:37 INFO  epoch 14 evaluating [time: 0.23s, valid_score: 0.314500]
Mon 16 Mar 2026 12:57:37 INFO  valid result: 
recall@1 : 0.1239    recall@2 : 0.206    recall@3 : 0.2644    recall@4 : 0.3137    recall@5 : 0.3471    recall@10 : 0.4715    recall@20 : 0.5993    recall@30 : 0.678    recall@50 : 0.7683    ndcg@1 : 0.1925    ndcg@2 : 0.2191    ndcg@3 : 0.2402    ndcg@4 : 0.2591    ndcg@5 : 0.2714    ndcg@10 : 0.3145    ndcg@20 : 0.3526    ndcg@30 : 0.3738    ndcg@50 : 0.3958    precision@1 : 0.1925    precision@2 : 0.1621    precision@3 : 0.141    precision@4 : 0.1283    precision@5 : 0.1164    precision@10 : 0.0824    precision@20 : 0.0554    precision@30 : 0.0437    precision@50 : 0.0311    map@1 : 0.1925    map@2 : 0.1946    map@3 : 0.2014    map@4 : 0.2095    map@5 : 0.2144    map@10 : 0.2314    map@20 : 0.2438    map@30 : 0.2496    map@50 : 0.2545
Mon 16 Mar 2026 12:57:37 INFO  Saving current: saved/LightGCN-Mar-16-2026_12-57-30.pth
Mon 16 Mar 2026 12:57:37 INFO  epoch 15 training [time: 0.15s, train loss: 3.4850]
Mon 16 Mar 2026 12:57:37 INFO  epoch 15 evaluating [time: 0.22s, valid_score: 0.314000]
Mon 16 Mar 2026 12:57:37 INFO  valid result: 
recall@1 : 0.1233    recall@2 : 0.2054    recall@3 : 0.2639    recall@4 : 0.3132    recall@5 : 0.3466    recall@10 : 0.4711    recall@20 : 0.5993    recall@30 : 0.6774    recall@50 : 0.7677    ndcg@1 : 0.1919    ndcg@2 : 0.2185    ndcg@3 : 0.2397    ndcg@4 : 0.2585    ndcg@5 : 0.2709    ndcg@10 : 0.314    ndcg@20 : 0.3522    ndcg@30 : 0.3732    ndcg@50 : 0.3953    precision@1 : 0.1919    precision@2 : 0.1618    precision@3 : 0.141    precision@4 : 0.1281    precision@5 : 0.1164    precision@10 : 0.0824    precision@20 : 0.0554    precision@30 : 0.0437    precision@50 : 0.0311    map@1 : 0.1919    map@2 : 0.194    map@3 : 0.2009    map@4 : 0.209    map@5 : 0.2139    map@10 : 0.2309    map@20 : 0.2433    map@30 : 0.2491    map@50 : 0.2539
Mon 16 Mar 2026 12:57:37 INFO  epoch 16 training [time: 0.16s, train loss: 3.3995]
Mon 16 Mar 2026 12:57:38 INFO  epoch 16 evaluating [time: 0.21s, valid_score: 0.314100]
Mon 16 Mar 2026 12:57:38 INFO  valid result: 
recall@1 : 0.1233    recall@2 : 0.2054    recall@3 : 0.264    recall@4 : 0.3132    recall@5 : 0.3466    recall@10 : 0.4713    recall@20 : 0.5981    recall@30 : 0.6783    recall@50 : 0.7679    ndcg@1 : 0.1919    ndcg@2 : 0.2185    ndcg@3 : 0.2399    ndcg@4 : 0.2585    ndcg@5 : 0.2709    ndcg@10 : 0.3141    ndcg@20 : 0.3519    ndcg@30 : 0.3735    ndcg@50 : 0.3953    precision@1 : 0.1919    precision@2 : 0.1618    precision@3 : 0.1412    precision@4 : 0.1281    precision@5 : 0.1164    precision@10 : 0.0825    precision@20 : 0.0553    precision@30 : 0.0439    precision@50 : 0.0311    map@1 : 0.1919    map@2 : 0.194    map@3 : 0.201    map@4 : 0.209    map@5 : 0.2139    map@10 : 0.231    map@20 : 0.2433    map@30 : 0.2492    map@50 : 0.254
Mon 16 Mar 2026 12:57:38 INFO  epoch 17 training [time: 0.15s, train loss: 3.4213]
Mon 16 Mar 2026 12:57:38 INFO  epoch 17 evaluating [time: 0.22s, valid_score: 0.314500]
Mon 16 Mar 2026 12:57:38 INFO  valid result: 
recall@1 : 0.1233    recall@2 : 0.2054    recall@3 : 0.264    recall@4 : 0.3132    recall@5 : 0.3466    recall@10 : 0.4724    recall@20 : 0.5981    recall@30 : 0.6787    recall@50 : 0.7668    ndcg@1 : 0.1919    ndcg@2 : 0.2185    ndcg@3 : 0.2399    ndcg@4 : 0.2585    ndcg@5 : 0.2709    ndcg@10 : 0.3145    ndcg@20 : 0.352    ndcg@30 : 0.3737    ndcg@50 : 0.3952    precision@1 : 0.1919    precision@2 : 0.1618    precision@3 : 0.1412    precision@4 : 0.1281    precision@5 : 0.1164    precision@10 : 0.0826    precision@20 : 0.0554    precision@30 : 0.0439    precision@50 : 0.0311    map@1 : 0.1919    map@2 : 0.194    map@3 : 0.201    map@4 : 0.209    map@5 : 0.2139    map@10 : 0.2311    map@20 : 0.2434    map@30 : 0.2493    map@50 : 0.254
Mon 16 Mar 2026 12:57:38 INFO  Saving current: saved/LightGCN-Mar-16-2026_12-57-30.pth
Mon 16 Mar 2026 12:57:38 INFO  epoch 18 training [time: 0.14s, train loss: 3.3470]
Mon 16 Mar 2026 12:57:38 INFO  epoch 18 evaluating [time: 0.22s, valid_score: 0.314700]
Mon 16 Mar 2026 12:57:38 INFO  valid result: 
recall@1 : 0.1233    recall@2 : 0.2054    recall@3 : 0.2638    recall@4 : 0.3132    recall@5 : 0.3457    recall@10 : 0.4731    recall@20 : 0.5977    recall@30 : 0.6781    recall@50 : 0.7667    ndcg@1 : 0.1919    ndcg@2 : 0.2185    ndcg@3 : 0.2397    ndcg@4 : 0.2585    ndcg@5 : 0.2703    ndcg@10 : 0.3147    ndcg@20 : 0.3519    ndcg@30 : 0.3736    ndcg@50 : 0.3953    precision@1 : 0.1919    precision@2 : 0.1618    precision@3 : 0.141    precision@4 : 0.1281    precision@5 : 0.1157    precision@10 : 0.0828    precision@20 : 0.0553    precision@30 : 0.0439    precision@50 : 0.0311    map@1 : 0.1919    map@2 : 0.194    map@3 : 0.201    map@4 : 0.209    map@5 : 0.2136    map@10 : 0.2312    map@20 : 0.2433    map@30 : 0.2493    map@50 : 0.2541
Mon 16 Mar 2026 12:57:38 INFO  Saving current: saved/LightGCN-Mar-16-2026_12-57-30.pth
Mon 16 Mar 2026 12:57:38 INFO  epoch 19 training [time: 0.15s, train loss: 3.2577]
Mon 16 Mar 2026 12:57:39 INFO  epoch 19 evaluating [time: 0.21s, valid_score: 0.314600]
Mon 16 Mar 2026 12:57:39 INFO  valid result: 
recall@1 : 0.1233    recall@2 : 0.2054    recall@3 : 0.2639    recall@4 : 0.3132    recall@5 : 0.3457    recall@10 : 0.4728    recall@20 : 0.5986    recall@30 : 0.6779    recall@50 : 0.7675    ndcg@1 : 0.1919    ndcg@2 : 0.2185    ndcg@3 : 0.2397    ndcg@4 : 0.2586    ndcg@5 : 0.2703    ndcg@10 : 0.3146    ndcg@20 : 0.3521    ndcg@30 : 0.3735    ndcg@50 : 0.3954    precision@1 : 0.1919    precision@2 : 0.1618    precision@3 : 0.141    precision@4 : 0.1283    precision@5 : 0.1157    precision@10 : 0.0827    precision@20 : 0.0554    precision@30 : 0.0439    precision@50 : 0.0312    map@1 : 0.1919    map@2 : 0.194    map@3 : 0.201    map@4 : 0.209    map@5 : 0.2136    map@10 : 0.2311    map@20 : 0.2434    map@30 : 0.2492    map@50 : 0.2541
Mon 16 Mar 2026 12:57:39 INFO  epoch 20 training [time: 0.14s, train loss: 3.3022]
Mon 16 Mar 2026 12:57:39 INFO  epoch 20 evaluating [time: 0.23s, valid_score: 0.314800]
Mon 16 Mar 2026 12:57:39 INFO  valid result: 
recall@1 : 0.1233    recall@2 : 0.2054    recall@3 : 0.264    recall@4 : 0.3134    recall@5 : 0.3464    recall@10 : 0.4734    recall@20 : 0.5997    recall@30 : 0.6775    recall@50 : 0.7678    ndcg@1 : 0.1919    ndcg@2 : 0.2185    ndcg@3 : 0.2399    ndcg@4 : 0.2587    ndcg@5 : 0.2708    ndcg@10 : 0.3148    ndcg@20 : 0.3525    ndcg@30 : 0.3734    ndcg@50 : 0.3955    precision@1 : 0.1919    precision@2 : 0.1618    precision@3 : 0.1412    precision@4 : 0.1284    precision@5 : 0.1162    precision@10 : 0.0828    precision@20 : 0.0556    precision@30 : 0.0439    precision@50 : 0.0312    map@1 : 0.1919    map@2 : 0.194    map@3 : 0.201    map@4 : 0.2091    map@5 : 0.2138    map@10 : 0.2312    map@20 : 0.2435    map@30 : 0.2492    map@50 : 0.2541
Mon 16 Mar 2026 12:57:39 INFO  Saving current: saved/LightGCN-Mar-16-2026_12-57-30.pth
Mon 16 Mar 2026 12:57:39 INFO  epoch 21 training [time: 0.14s, train loss: 3.2855]
Mon 16 Mar 2026 12:57:39 INFO  epoch 21 evaluating [time: 0.22s, valid_score: 0.314200]
Mon 16 Mar 2026 12:57:39 INFO  valid result: 
recall@1 : 0.1233    recall@2 : 0.2054    recall@3 : 0.264    recall@4 : 0.3135    recall@5 : 0.3466    recall@10 : 0.4714    recall@20 : 0.5997    recall@30 : 0.6771    recall@50 : 0.7667    ndcg@1 : 0.1919    ndcg@2 : 0.2185    ndcg@3 : 0.2399    ndcg@4 : 0.2588    ndcg@5 : 0.271    ndcg@10 : 0.3142    ndcg@20 : 0.3525    ndcg@30 : 0.3733    ndcg@50 : 0.3951    precision@1 : 0.1919    precision@2 : 0.1618    precision@3 : 0.1412    precision@4 : 0.1286    precision@5 : 0.1164    precision@10 : 0.0825    precision@20 : 0.0557    precision@30 : 0.0439    precision@50 : 0.0312    map@1 : 0.1919    map@2 : 0.194    map@3 : 0.201    map@4 : 0.2091    map@5 : 0.2139    map@10 : 0.231    map@20 : 0.2434    map@30 : 0.2491    map@50 : 0.254
Mon 16 Mar 2026 12:57:40 INFO  epoch 22 training [time: 0.15s, train loss: 3.2579]
Mon 16 Mar 2026 12:57:40 INFO  epoch 22 evaluating [time: 0.22s, valid_score: 0.314200]
Mon 16 Mar 2026 12:57:40 INFO  valid result: 
recall@1 : 0.1233    recall@2 : 0.2054    recall@3 : 0.264    recall@4 : 0.3135    recall@5 : 0.3466    recall@10 : 0.4714    recall@20 : 0.5997    recall@30 : 0.6672    recall@50 : 0.7665    ndcg@1 : 0.1919    ndcg@2 : 0.2185    ndcg@3 : 0.2399    ndcg@4 : 0.2588    ndcg@5 : 0.271    ndcg@10 : 0.3142    ndcg@20 : 0.3525    ndcg@30 : 0.3713    ndcg@50 : 0.3951    precision@1 : 0.1919    precision@2 : 0.1618    precision@3 : 0.1412    precision@4 : 0.1286    precision@5 : 0.1164    precision@10 : 0.0826    precision@20 : 0.0557    precision@30 : 0.0436    precision@50 : 0.0312    map@1 : 0.1919    map@2 : 0.194    map@3 : 0.201    map@4 : 0.2091    map@5 : 0.2139    map@10 : 0.231    map@20 : 0.2435    map@30 : 0.2488    map@50 : 0.254
Mon 16 Mar 2026 12:57:40 INFO  epoch 23 training [time: 0.17s, train loss: 3.2365]
Mon 16 Mar 2026 12:57:40 INFO  epoch 23 evaluating [time: 0.22s, valid_score: 0.314300]
Mon 16 Mar 2026 12:57:40 INFO  valid result: 
recall@1 : 0.1233    recall@2 : 0.2054    recall@3 : 0.264    recall@4 : 0.3135    recall@5 : 0.3466    recall@10 : 0.4714    recall@20 : 0.5997    recall@30 : 0.6666    recall@50 : 0.766    ndcg@1 : 0.1919    ndcg@2 : 0.2185    ndcg@3 : 0.2399    ndcg@4 : 0.2588    ndcg@5 : 0.271    ndcg@10 : 0.3143    ndcg@20 : 0.3526    ndcg@30 : 0.3713    ndcg@50 : 0.395    precision@1 : 0.1919    precision@2 : 0.1618    precision@3 : 0.1412    precision@4 : 0.1286    precision@5 : 0.1164    precision@10 : 0.0827    precision@20 : 0.0558    precision@30 : 0.0436    precision@50 : 0.0312    map@1 : 0.1919    map@2 : 0.194    map@3 : 0.201    map@4 : 0.2091    map@5 : 0.2139    map@10 : 0.2311    map@20 : 0.2435    map@30 : 0.2489    map@50 : 0.254
Mon 16 Mar 2026 12:57:40 INFO  epoch 24 training [time: 0.14s, train loss: 3.2287]
Mon 16 Mar 2026 12:57:41 INFO  epoch 24 evaluating [time: 0.23s, valid_score: 0.315000]
Mon 16 Mar 2026 12:57:41 INFO  valid result: 
recall@1 : 0.1233    recall@2 : 0.2054    recall@3 : 0.264    recall@4 : 0.3135    recall@5 : 0.3467    recall@10 : 0.4736    recall@20 : 0.6    recall@30 : 0.6674    recall@50 : 0.7652    ndcg@1 : 0.1919    ndcg@2 : 0.2185    ndcg@3 : 0.2399    ndcg@4 : 0.2588    ndcg@5 : 0.271    ndcg@10 : 0.315    ndcg@20 : 0.3527    ndcg@30 : 0.3716    ndcg@50 : 0.3949    precision@1 : 0.1919    precision@2 : 0.1618    precision@3 : 0.1412    precision@4 : 0.1286    precision@5 : 0.1164    precision@10 : 0.083    precision@20 : 0.0558    precision@30 : 0.0437    precision@50 : 0.0312    map@1 : 0.1919    map@2 : 0.194    map@3 : 0.201    map@4 : 0.2091    map@5 : 0.2139    map@10 : 0.2314    map@20 : 0.2436    map@30 : 0.249    map@50 : 0.2541
Mon 16 Mar 2026 12:57:41 INFO  Saving current: saved/LightGCN-Mar-16-2026_12-57-30.pth
Mon 16 Mar 2026 12:57:41 INFO  epoch 25 training [time: 0.16s, train loss: 3.2273]
Mon 16 Mar 2026 12:57:41 INFO  epoch 25 evaluating [time: 0.23s, valid_score: 0.314600]
Mon 16 Mar 2026 12:57:41 INFO  valid result: 
recall@1 : 0.1233    recall@2 : 0.2054    recall@3 : 0.264    recall@4 : 0.3134    recall@5 : 0.3468    recall@10 : 0.4724    recall@20 : 0.5991    recall@30 : 0.6675    recall@50 : 0.7653    ndcg@1 : 0.1919    ndcg@2 : 0.2185    ndcg@3 : 0.2399    ndcg@4 : 0.2587    ndcg@5 : 0.2711    ndcg@10 : 0.3146    ndcg@20 : 0.3525    ndcg@30 : 0.3716    ndcg@50 : 0.3949    precision@1 : 0.1919    precision@2 : 0.1618    precision@3 : 0.1412    precision@4 : 0.1284    precision@5 : 0.1166    precision@10 : 0.0828    precision@20 : 0.0557    precision@30 : 0.0437    precision@50 : 0.0312    map@1 : 0.1919    map@2 : 0.194    map@3 : 0.201    map@4 : 0.209    map@5 : 0.2139    map@10 : 0.2312    map@20 : 0.2436    map@30 : 0.249    map@50 : 0.2541
Mon 16 Mar 2026 12:57:41 INFO  epoch 26 training [time: 0.15s, train loss: 3.2626]
Mon 16 Mar 2026 12:57:41 INFO  epoch 26 evaluating [time: 0.21s, valid_score: 0.314500]
Mon 16 Mar 2026 12:57:41 INFO  valid result: 
recall@1 : 0.1233    recall@2 : 0.2054    recall@3 : 0.264    recall@4 : 0.3134    recall@5 : 0.347    recall@10 : 0.4721    recall@20 : 0.6001    recall@30 : 0.6668    recall@50 : 0.7653    ndcg@1 : 0.1919    ndcg@2 : 0.2185    ndcg@3 : 0.2399    ndcg@4 : 0.2587    ndcg@5 : 0.2712    ndcg@10 : 0.3145    ndcg@20 : 0.3528    ndcg@30 : 0.3715    ndcg@50 : 0.3949    precision@1 : 0.1919    precision@2 : 0.1618    precision@3 : 0.1412    precision@4 : 0.1284    precision@5 : 0.1168    precision@10 : 0.0827    precision@20 : 0.0559    precision@30 : 0.0437    precision@50 : 0.0312    map@1 : 0.1919    map@2 : 0.194    map@3 : 0.201    map@4 : 0.209    map@5 : 0.214    map@10 : 0.2311    map@20 : 0.2437    map@30 : 0.249    map@50 : 0.2541
Mon 16 Mar 2026 12:57:41 INFO  epoch 27 training [time: 0.15s, train loss: 3.2231]
Mon 16 Mar 2026 12:57:42 INFO  epoch 27 evaluating [time: 0.23s, valid_score: 0.314700]
Mon 16 Mar 2026 12:57:42 INFO  valid result: 
recall@1 : 0.1233    recall@2 : 0.2054    recall@3 : 0.264    recall@4 : 0.3134    recall@5 : 0.347    recall@10 : 0.4723    recall@20 : 0.6004    recall@30 : 0.6679    recall@50 : 0.7655    ndcg@1 : 0.1919    ndcg@2 : 0.2185    ndcg@3 : 0.2399    ndcg@4 : 0.2587    ndcg@5 : 0.2712    ndcg@10 : 0.3147    ndcg@20 : 0.353    ndcg@30 : 0.3718    ndcg@50 : 0.395    precision@1 : 0.1919    precision@2 : 0.1618    precision@3 : 0.1412    precision@4 : 0.1284    precision@5 : 0.1168    precision@10 : 0.0829    precision@20 : 0.056    precision@30 : 0.0438    precision@50 : 0.0312    map@1 : 0.1919    map@2 : 0.194    map@3 : 0.201    map@4 : 0.209    map@5 : 0.214    map@10 : 0.2312    map@20 : 0.2438    map@30 : 0.2491    map@50 : 0.2541
Mon 16 Mar 2026 12:57:42 INFO  epoch 28 training [time: 0.13s, train loss: 3.2692]
Mon 16 Mar 2026 12:57:42 INFO  epoch 28 evaluating [time: 0.22s, valid_score: 0.315000]
Mon 16 Mar 2026 12:57:42 INFO  valid result: 
recall@1 : 0.1233    recall@2 : 0.2054    recall@3 : 0.264    recall@4 : 0.3134    recall@5 : 0.347    recall@10 : 0.473    recall@20 : 0.5998    recall@30 : 0.6663    recall@50 : 0.7664    ndcg@1 : 0.1919    ndcg@2 : 0.2185    ndcg@3 : 0.2399    ndcg@4 : 0.2587    ndcg@5 : 0.2712    ndcg@10 : 0.315    ndcg@20 : 0.3529    ndcg@30 : 0.3715    ndcg@50 : 0.3952    precision@1 : 0.1919    precision@2 : 0.1618    precision@3 : 0.1412    precision@4 : 0.1284    precision@5 : 0.1168    precision@10 : 0.0831    precision@20 : 0.056    precision@30 : 0.0437    precision@50 : 0.0312    map@1 : 0.1919    map@2 : 0.194    map@3 : 0.201    map@4 : 0.209    map@5 : 0.214    map@10 : 0.2313    map@20 : 0.2438    map@30 : 0.2491    map@50 : 0.2542
Mon 16 Mar 2026 12:57:42 INFO  Saving current: saved/LightGCN-Mar-16-2026_12-57-30.pth
Mon 16 Mar 2026 12:57:42 INFO  epoch 29 training [time: 0.14s, train loss: 3.2526]
Mon 16 Mar 2026 12:57:42 INFO  epoch 29 evaluating [time: 0.21s, valid_score: 0.314900]
Mon 16 Mar 2026 12:57:42 INFO  valid result: 
recall@1 : 0.1233    recall@2 : 0.2054    recall@3 : 0.264    recall@4 : 0.3134    recall@5 : 0.3469    recall@10 : 0.473    recall@20 : 0.5998    recall@30 : 0.6664    recall@50 : 0.7661    ndcg@1 : 0.1919    ndcg@2 : 0.2185    ndcg@3 : 0.2399    ndcg@4 : 0.2587    ndcg@5 : 0.2711    ndcg@10 : 0.3149    ndcg@20 : 0.3529    ndcg@30 : 0.3715    ndcg@50 : 0.3951    precision@1 : 0.1919    precision@2 : 0.1618    precision@3 : 0.1412    precision@4 : 0.1284    precision@5 : 0.1167    precision@10 : 0.083    precision@20 : 0.056    precision@30 : 0.0437    precision@50 : 0.0312    map@1 : 0.1919    map@2 : 0.194    map@3 : 0.201    map@4 : 0.209    map@5 : 0.214    map@10 : 0.2313    map@20 : 0.2438    map@30 : 0.2491    map@50 : 0.2542
Mon 16 Mar 2026 12:57:43 INFO  epoch 30 training [time: 0.16s, train loss: 3.2039]
Mon 16 Mar 2026 12:57:43 INFO  epoch 30 evaluating [time: 0.22s, valid_score: 0.314900]
Mon 16 Mar 2026 12:57:43 INFO  valid result: 
recall@1 : 0.1233    recall@2 : 0.2054    recall@3 : 0.2646    recall@4 : 0.3134    recall@5 : 0.3469    recall@10 : 0.473    recall@20 : 0.6    recall@30 : 0.6664    recall@50 : 0.7667    ndcg@1 : 0.1919    ndcg@2 : 0.2185    ndcg@3 : 0.2402    ndcg@4 : 0.2588    ndcg@5 : 0.2712    ndcg@10 : 0.3149    ndcg@20 : 0.3531    ndcg@30 : 0.3715    ndcg@50 : 0.3953    precision@1 : 0.1919    precision@2 : 0.1618    precision@3 : 0.1414    precision@4 : 0.1284    precision@5 : 0.1167    precision@10 : 0.083    precision@20 : 0.0562    precision@30 : 0.0437    precision@50 : 0.0312    map@1 : 0.1919    map@2 : 0.194    map@3 : 0.2012    map@4 : 0.2091    map@5 : 0.214    map@10 : 0.2313    map@20 : 0.2439    map@30 : 0.2491    map@50 : 0.2542
Mon 16 Mar 2026 12:57:43 INFO  epoch 31 training [time: 0.16s, train loss: 3.1741]
Mon 16 Mar 2026 12:57:43 INFO  epoch 31 evaluating [time: 0.22s, valid_score: 0.314700]
Mon 16 Mar 2026 12:57:43 INFO  valid result: 
recall@1 : 0.1233    recall@2 : 0.2054    recall@3 : 0.2635    recall@4 : 0.3132    recall@5 : 0.3469    recall@10 : 0.4729    recall@20 : 0.6004    recall@30 : 0.6666    recall@50 : 0.7666    ndcg@1 : 0.1919    ndcg@2 : 0.2185    ndcg@3 : 0.2395    ndcg@4 : 0.2586    ndcg@5 : 0.2712    ndcg@10 : 0.3147    ndcg@20 : 0.353    ndcg@30 : 0.3715    ndcg@50 : 0.3951    precision@1 : 0.1919    precision@2 : 0.1618    precision@3 : 0.1408    precision@4 : 0.1284    precision@5 : 0.1169    precision@10 : 0.083    precision@20 : 0.0562    precision@30 : 0.0437    precision@50 : 0.0312    map@1 : 0.1919    map@2 : 0.194    map@3 : 0.2009    map@4 : 0.2089    map@5 : 0.2141    map@10 : 0.2312    map@20 : 0.2439    map@30 : 0.2491    map@50 : 0.2541
Mon 16 Mar 2026 12:57:43 INFO  epoch 32 training [time: 0.17s, train loss: 3.2587]
Mon 16 Mar 2026 12:57:44 INFO  epoch 32 evaluating [time: 0.22s, valid_score: 0.314300]
Mon 16 Mar 2026 12:57:44 INFO  valid result: 
recall@1 : 0.1233    recall@2 : 0.2054    recall@3 : 0.2635    recall@4 : 0.3127    recall@5 : 0.3457    recall@10 : 0.4719    recall@20 : 0.6003    recall@30 : 0.6652    recall@50 : 0.766    ndcg@1 : 0.1919    ndcg@2 : 0.2185    ndcg@3 : 0.2397    ndcg@4 : 0.2585    ndcg@5 : 0.2707    ndcg@10 : 0.3143    ndcg@20 : 0.3529    ndcg@30 : 0.3711    ndcg@50 : 0.3948    precision@1 : 0.1919    precision@2 : 0.1618    precision@3 : 0.141    precision@4 : 0.1284    precision@5 : 0.1166    precision@10 : 0.0828    precision@20 : 0.0562    precision@30 : 0.0437    precision@50 : 0.0312    map@1 : 0.1919    map@2 : 0.194    map@3 : 0.2009    map@4 : 0.2088    map@5 : 0.2138    map@10 : 0.231    map@20 : 0.2437    map@30 : 0.2489    map@50 : 0.2539
Mon 16 Mar 2026 12:57:44 INFO  epoch 33 training [time: 0.16s, train loss: 3.1967]
Mon 16 Mar 2026 12:57:44 INFO  epoch 33 evaluating [time: 0.21s, valid_score: 0.314500]
Mon 16 Mar 2026 12:57:44 INFO  valid result: 
recall@1 : 0.1233    recall@2 : 0.2054    recall@3 : 0.2635    recall@4 : 0.3127    recall@5 : 0.3456    recall@10 : 0.4722    recall@20 : 0.601    recall@30 : 0.6638    recall@50 : 0.7666    ndcg@1 : 0.1919    ndcg@2 : 0.2185    ndcg@3 : 0.2397    ndcg@4 : 0.2585    ndcg@5 : 0.2706    ndcg@10 : 0.3145    ndcg@20 : 0.3531    ndcg@30 : 0.3707    ndcg@50 : 0.3949    precision@1 : 0.1919    precision@2 : 0.1618    precision@3 : 0.141    precision@4 : 0.1284    precision@5 : 0.1164    precision@10 : 0.083    precision@20 : 0.0563    precision@30 : 0.0436    precision@50 : 0.0312    map@1 : 0.1919    map@2 : 0.194    map@3 : 0.2009    map@4 : 0.2088    map@5 : 0.2138    map@10 : 0.2311    map@20 : 0.2438    map@30 : 0.2488    map@50 : 0.254
Mon 16 Mar 2026 12:57:44 INFO  epoch 34 training [time: 0.14s, train loss: 3.1823]
Mon 16 Mar 2026 12:57:44 INFO  epoch 34 evaluating [time: 0.22s, valid_score: 0.314400]
Mon 16 Mar 2026 12:57:44 INFO  valid result: 
recall@1 : 0.1233    recall@2 : 0.2054    recall@3 : 0.2635    recall@4 : 0.3127    recall@5 : 0.3457    recall@10 : 0.4719    recall@20 : 0.6005    recall@30 : 0.6634    recall@50 : 0.7666    ndcg@1 : 0.1919    ndcg@2 : 0.2185    ndcg@3 : 0.2397    ndcg@4 : 0.2585    ndcg@5 : 0.2707    ndcg@10 : 0.3144    ndcg@20 : 0.353    ndcg@30 : 0.3706    ndcg@50 : 0.3949    precision@1 : 0.1919    precision@2 : 0.1618    precision@3 : 0.141    precision@4 : 0.1284    precision@5 : 0.1166    precision@10 : 0.0829    precision@20 : 0.0563    precision@30 : 0.0436    precision@50 : 0.0312    map@1 : 0.1919    map@2 : 0.194    map@3 : 0.2009    map@4 : 0.2088    map@5 : 0.2138    map@10 : 0.231    map@20 : 0.2438    map@30 : 0.2488    map@50 : 0.2539
Mon 16 Mar 2026 12:57:44 INFO  epoch 35 training [time: 0.14s, train loss: 3.2067]
Mon 16 Mar 2026 12:57:45 INFO  epoch 35 evaluating [time: 0.23s, valid_score: 0.314400]
Mon 16 Mar 2026 12:57:45 INFO  valid result: 
recall@1 : 0.1233    recall@2 : 0.2054    recall@3 : 0.2635    recall@4 : 0.3127    recall@5 : 0.3457    recall@10 : 0.4719    recall@20 : 0.6    recall@30 : 0.6647    recall@50 : 0.7662    ndcg@1 : 0.1919    ndcg@2 : 0.2185    ndcg@3 : 0.2397    ndcg@4 : 0.2585    ndcg@5 : 0.2707    ndcg@10 : 0.3144    ndcg@20 : 0.3529    ndcg@30 : 0.3709    ndcg@50 : 0.3948    precision@1 : 0.1919    precision@2 : 0.1618    precision@3 : 0.141    precision@4 : 0.1284    precision@5 : 0.1166    precision@10 : 0.0829    precision@20 : 0.0563    precision@30 : 0.0436    precision@50 : 0.0313    map@1 : 0.1919    map@2 : 0.194    map@3 : 0.2009    map@4 : 0.2088    map@5 : 0.2138    map@10 : 0.231    map@20 : 0.2438    map@30 : 0.2489    map@50 : 0.2539
Mon 16 Mar 2026 12:57:45 INFO  epoch 36 training [time: 0.13s, train loss: 3.2117]
Mon 16 Mar 2026 12:57:45 INFO  epoch 36 evaluating [time: 0.23s, valid_score: 0.314700]
Mon 16 Mar 2026 12:57:45 INFO  valid result: 
recall@1 : 0.1233    recall@2 : 0.2054    recall@3 : 0.2635    recall@4 : 0.3127    recall@5 : 0.3456    recall@10 : 0.4726    recall@20 : 0.6    recall@30 : 0.666    recall@50 : 0.7593    ndcg@1 : 0.1919    ndcg@2 : 0.2185    ndcg@3 : 0.2397    ndcg@4 : 0.2585    ndcg@5 : 0.2706    ndcg@10 : 0.3147    ndcg@20 : 0.3529    ndcg@30 : 0.3713    ndcg@50 : 0.3936    precision@1 : 0.1919    precision@2 : 0.1618    precision@3 : 0.141    precision@4 : 0.1284    precision@5 : 0.1164    precision@10 : 0.0832    precision@20 : 0.0563    precision@30 : 0.0438    precision@50 : 0.0311    map@1 : 0.1919    map@2 : 0.194    map@3 : 0.2009    map@4 : 0.2088    map@5 : 0.2138    map@10 : 0.2311    map@20 : 0.2438    map@30 : 0.249    map@50 : 0.2538
Mon 16 Mar 2026 12:57:45 INFO  epoch 37 training [time: 0.14s, train loss: 3.1965]
Mon 16 Mar 2026 12:57:45 INFO  epoch 37 evaluating [time: 0.22s, valid_score: 0.314600]
Mon 16 Mar 2026 12:57:45 INFO  valid result: 
recall@1 : 0.1233    recall@2 : 0.2054    recall@3 : 0.2635    recall@4 : 0.3127    recall@5 : 0.3456    recall@10 : 0.4725    recall@20 : 0.599    recall@30 : 0.6652    recall@50 : 0.7576    ndcg@1 : 0.1919    ndcg@2 : 0.2185    ndcg@3 : 0.2397    ndcg@4 : 0.2585    ndcg@5 : 0.2706    ndcg@10 : 0.3146    ndcg@20 : 0.3527    ndcg@30 : 0.3711    ndcg@50 : 0.3932    precision@1 : 0.1919    precision@2 : 0.1618    precision@3 : 0.141    precision@4 : 0.1284    precision@5 : 0.1164    precision@10 : 0.0831    precision@20 : 0.0563    precision@30 : 0.0437    precision@50 : 0.0311    map@1 : 0.1919    map@2 : 0.194    map@3 : 0.2009    map@4 : 0.2088    map@5 : 0.2138    map@10 : 0.231    map@20 : 0.2437    map@30 : 0.2489    map@50 : 0.2537
Mon 16 Mar 2026 12:57:46 INFO  epoch 38 training [time: 0.16s, train loss: 3.1405]
Mon 16 Mar 2026 12:57:46 INFO  epoch 38 evaluating [time: 0.22s, valid_score: 0.314600]
Mon 16 Mar 2026 12:57:46 INFO  valid result: 
recall@1 : 0.1233    recall@2 : 0.2054    recall@3 : 0.2635    recall@4 : 0.3127    recall@5 : 0.3456    recall@10 : 0.4725    recall@20 : 0.5992    recall@30 : 0.665    recall@50 : 0.7574    ndcg@1 : 0.1919    ndcg@2 : 0.2185    ndcg@3 : 0.2397    ndcg@4 : 0.2585    ndcg@5 : 0.2706    ndcg@10 : 0.3146    ndcg@20 : 0.3527    ndcg@30 : 0.3711    ndcg@50 : 0.3932    precision@1 : 0.1919    precision@2 : 0.1618    precision@3 : 0.141    precision@4 : 0.1284    precision@5 : 0.1164    precision@10 : 0.0831    precision@20 : 0.0563    precision@30 : 0.0437    precision@50 : 0.031    map@1 : 0.1919    map@2 : 0.194    map@3 : 0.2009    map@4 : 0.2088    map@5 : 0.2138    map@10 : 0.231    map@20 : 0.2438    map@30 : 0.2489    map@50 : 0.2537
Mon 16 Mar 2026 12:57:46 INFO  epoch 39 training [time: 0.14s, train loss: 3.1847]
Mon 16 Mar 2026 12:57:46 INFO  epoch 39 evaluating [time: 0.23s, valid_score: 0.314500]
Mon 16 Mar 2026 12:57:46 INFO  valid result: 
recall@1 : 0.1233    recall@2 : 0.2054    recall@3 : 0.2635    recall@4 : 0.3127    recall@5 : 0.3456    recall@10 : 0.4724    recall@20 : 0.599    recall@30 : 0.6648    recall@50 : 0.7549    ndcg@1 : 0.1919    ndcg@2 : 0.2185    ndcg@3 : 0.2397    ndcg@4 : 0.2585    ndcg@5 : 0.2706    ndcg@10 : 0.3145    ndcg@20 : 0.3527    ndcg@30 : 0.371    ndcg@50 : 0.3927    precision@1 : 0.1919    precision@2 : 0.1618    precision@3 : 0.141    precision@4 : 0.1284    precision@5 : 0.1164    precision@10 : 0.083    precision@20 : 0.0563    precision@30 : 0.0437    precision@50 : 0.031    map@1 : 0.1919    map@2 : 0.194    map@3 : 0.2009    map@4 : 0.2088    map@5 : 0.2138    map@10 : 0.231    map@20 : 0.2437    map@30 : 0.2489    map@50 : 0.2537
Mon 16 Mar 2026 12:57:46 INFO  Finished training, best eval result in epoch 28
Mon 16 Mar 2026 12:57:46 INFO  Loading model structure and parameters from saved/LightGCN-Mar-16-2026_12-57-30.pth
Mon 16 Mar 2026 12:57:46 INFO  best valid : OrderedDict([('recall@1', 0.1233), ('recall@2', 0.2054), ('recall@3', 0.264), ('recall@4', 0.3134), ('recall@5', 0.347), ('recall@10', 0.473), ('recall@20', 0.5998), ('recall@30', 0.6663), ('recall@50', 0.7664), ('ndcg@1', 0.1919), ('ndcg@2', 0.2185), ('ndcg@3', 0.2399), ('ndcg@4', 0.2587), ('ndcg@5', 0.2712), ('ndcg@10', 0.315), ('ndcg@20', 0.3529), ('ndcg@30', 0.3715), ('ndcg@50', 0.3952), ('precision@1', 0.1919), ('precision@2', 0.1618), ('precision@3', 0.1412), ('precision@4', 0.1284), ('precision@5', 0.1168), ('precision@10', 0.0831), ('precision@20', 0.056), ('precision@30', 0.0437), ('precision@50', 0.0312), ('map@1', 0.1919), ('map@2', 0.194), ('map@3', 0.201), ('map@4', 0.209), ('map@5', 0.214), ('map@10', 0.2313), ('map@20', 0.2438), ('map@30', 0.2491), ('map@50', 0.2542)])
Mon 16 Mar 2026 12:57:46 INFO  test result: OrderedDict([('recall@1', 0.142), ('recall@2', 0.2371), ('recall@3', 0.287), ('recall@4', 0.3219), ('recall@5', 0.3508), ('recall@10', 0.4779), ('recall@20', 0.5991), ('recall@30', 0.6666), ('recall@50', 0.7763), ('ndcg@1', 0.2394), ('ndcg@2', 0.2613), ('ndcg@3', 0.2733), ('ndcg@4', 0.2835), ('ndcg@5', 0.293), ('ndcg@10', 0.3355), ('ndcg@20', 0.3697), ('ndcg@30', 0.3876), ('ndcg@50', 0.4132), ('precision@1', 0.2394), ('precision@2', 0.1935), ('precision@3', 0.16), ('precision@4', 0.1386), ('precision@5', 0.1239), ('precision@10', 0.0876), ('precision@20', 0.0565), ('precision@30', 0.043), ('precision@50', 0.031), ('map@1', 0.2394), ('map@2', 0.2335), ('map@3', 0.2327), ('map@4', 0.2354), ('map@5', 0.2383), ('map@10', 0.2547), ('map@20', 0.2654), ('map@30', 0.2703), ('map@50', 0.2757)])
Mon 16 Mar 2026 12:57:46 INFO  training time: 15.6318s
Mon 16 Mar 2026 12:57:46 INFO  result file: results/again3/lightgcn_lightgcn_seed2024.json
