Sun 15 Mar 2026 22:45:43 INFO  
General Hyper Parameters:
gpu_id = 0
use_gpu = True
seed = 2027
state = INFO
reproducibility = True
data_path = ./travel
checkpoint_dir = saved
show_progress = True
save_dataset = False
dataset_save_path = None
save_dataloaders = False
dataloaders_save_path = None
log_wandb = False

Training Hyper Parameters:
epochs = 1000
train_batch_size = 4096
learner = adam
learning_rate = 0.001
train_neg_sample_args = {'distribution': 'uniform', 'sample_num': 1, 'alpha': 1.0, 'dynamic': False, 'candidate_num': 0}
eval_step = 1
stopping_step = 10
clip_grad_norm = None
weight_decay = 0.0
loss_decimal_place = 4

Evaluation Hyper Parameters:
eval_args = {'split': {'RS': [0.8, 0.1, 0.1]}, 'order': 'RO', 'group_by': 'user', 'mode': {'valid': 'full', 'test': 'full'}}
repeatable = False
metrics = ['Recall', 'NDCG', 'Precision', 'MAP']
topk = [1, 2, 3, 4, 5, 10, 20, 30, 50]
valid_metric = NDCG@10
valid_metric_bigger = True
eval_batch_size = 4096
metric_decimal_place = 4

Dataset Hyper Parameters:
field_separator = 	
seq_separator =  
USER_ID_FIELD = user_id
ITEM_ID_FIELD = item_id
RATING_FIELD = rating
TIME_FIELD = timestamp
seq_len = None
LABEL_FIELD = label
threshold = None
NEG_PREFIX = neg_
load_col = {'inter': ['user_id', 'item_id', 'rating'], 'user': ['user_id', 'post_num', 'follower', 'following', 'timestamp']}
unload_col = None
unused_col = None
additional_feat_suffix = None
rm_dup_inter = None
val_interval = {'rating': '[0,inf)'}
filter_inter_by_user_or_item = True
user_inter_num_interval = [0,inf)
item_inter_num_interval = [0,inf)
alias_of_user_id = None
alias_of_item_id = None
alias_of_entity_id = None
alias_of_relation_id = None
preload_weight = None
normalize_field = None
normalize_all = None
ITEM_LIST_LENGTH_FIELD = item_length
LIST_SUFFIX = _list
MAX_ITEM_LIST_LENGTH = 50
POSITION_FIELD = position_id
HEAD_ENTITY_ID_FIELD = head_id
TAIL_ENTITY_ID_FIELD = tail_id
RELATION_ID_FIELD = relation_id
ENTITY_ID_FIELD = entity_id
benchmark_filename = None

Other Hyper Parameters: 
worker = 0
wandb_project = recbole
shuffle = True
require_pow = False
enable_amp = False
enable_scaler = False
transform = None
embedding_size = 64
n_layers = 3
reg_weight = 0.0001
numerical_features = []
discretization = None
kg_reverse_r = False
entity_kg_num_interval = [0,inf)
relation_kg_num_interval = [0,inf)
MODEL_TYPE = ModelType.GENERAL
MODEL_INPUT_TYPE = InputType.PAIRWISE
eval_type = EvaluatorType.RANKING
single_spec = True
local_rank = 0
device = cuda
valid_neg_sample_args = {'distribution': 'uniform', 'sample_num': 'none'}
test_neg_sample_args = {'distribution': 'uniform', 'sample_num': 'none'}


Sun 15 Mar 2026 22:45:43 INFO  travel
The number of users: 2010
Average actions of users: 18.721254355400696
The number of items: 247
Average actions of items: 152.890243902439
The number of inters: 37611
The sparsity of the dataset: 92.42431566862047%
Remain Fields: ['user_id', 'item_id', 'rating', 'post_num', 'follower', 'following', 'timestamp']
Sun 15 Mar 2026 22:45:43 INFO  [Training]: train_batch_size = [4096] train_neg_sample_args: [{'distribution': 'uniform', 'sample_num': 1, 'alpha': 1.0, 'dynamic': False, 'candidate_num': 0}]
Sun 15 Mar 2026 22:45:43 INFO  [Evaluation]: eval_batch_size = [4096] eval_args: [{'split': {'RS': [0.8, 0.1, 0.1]}, 'order': 'RO', 'group_by': 'user', 'mode': {'valid': 'full', 'test': 'full'}}]
Sun 15 Mar 2026 22:45:44 INFO  LightGCN(
  (user_embedding): Embedding(2010, 64)
  (item_embedding): Embedding(247, 64)
  (mf_loss): BPRLoss()
  (reg_loss): EmbLoss()
)
Trainable parameters: 144448
Sun 15 Mar 2026 22:45:44 INFO  trainable parameters: 144448
Sun 15 Mar 2026 22:45:45 INFO  epoch 0 training [time: 0.48s, train loss: 5.5401]
Sun 15 Mar 2026 22:45:45 INFO  epoch 0 evaluating [time: 0.26s, valid_score: 0.185600]
Sun 15 Mar 2026 22:45:45 INFO  valid result: 
recall@1 : 0.0734    recall@2 : 0.1156    recall@3 : 0.144    recall@4 : 0.1701    recall@5 : 0.1922    recall@10 : 0.2714    recall@20 : 0.3902    recall@30 : 0.4624    recall@50 : 0.5798    ndcg@1 : 0.1228    ndcg@2 : 0.1321    ndcg@3 : 0.1406    ndcg@4 : 0.149    ndcg@5 : 0.157    ndcg@10 : 0.1856    ndcg@20 : 0.2208    ndcg@30 : 0.2398    ndcg@50 : 0.2665    precision@1 : 0.1228    precision@2 : 0.1022    precision@3 : 0.0874    precision@4 : 0.0773    precision@5 : 0.0709    precision@10 : 0.0533    precision@20 : 0.0398    precision@30 : 0.0323    precision@50 : 0.0246    map@1 : 0.1228    map@2 : 0.1144    map@3 : 0.1158    map@4 : 0.1182    map@5 : 0.1212    map@10 : 0.1322    map@20 : 0.1426    map@30 : 0.1471    map@50 : 0.1521
Sun 15 Mar 2026 22:45:45 INFO  Saving current: saved/LightGCN-Mar-15-2026_22-45-44.pth
Sun 15 Mar 2026 22:45:45 INFO  epoch 1 training [time: 0.13s, train loss: 5.5242]
Sun 15 Mar 2026 22:45:46 INFO  epoch 1 evaluating [time: 0.14s, valid_score: 0.294800]
Sun 15 Mar 2026 22:45:46 INFO  valid result: 
recall@1 : 0.1188    recall@2 : 0.2075    recall@3 : 0.2564    recall@4 : 0.2829    recall@5 : 0.3156    recall@10 : 0.4294    recall@20 : 0.5692    recall@30 : 0.6401    recall@50 : 0.7367    ndcg@1 : 0.1847    ndcg@2 : 0.2172    ndcg@3 : 0.2345    ndcg@4 : 0.2429    ndcg@5 : 0.2549    ndcg@10 : 0.2948    ndcg@20 : 0.336    ndcg@30 : 0.3552    ndcg@50 : 0.3782    precision@1 : 0.1847    precision@2 : 0.1642    precision@3 : 0.14    precision@4 : 0.1202    precision@5 : 0.1088    precision@10 : 0.0767    precision@20 : 0.0534    precision@30 : 0.0418    precision@50 : 0.0302    map@1 : 0.1847    map@2 : 0.1912    map@3 : 0.1961    map@4 : 0.1982    map@5 : 0.2034    map@10 : 0.2198    map@20 : 0.2328    map@30 : 0.2378    map@50 : 0.2427
Sun 15 Mar 2026 22:45:46 INFO  Saving current: saved/LightGCN-Mar-15-2026_22-45-44.pth
Sun 15 Mar 2026 22:45:46 INFO  epoch 2 training [time: 0.12s, train loss: 5.4851]
Sun 15 Mar 2026 22:45:46 INFO  epoch 2 evaluating [time: 0.14s, valid_score: 0.308100]
Sun 15 Mar 2026 22:45:46 INFO  valid result: 
recall@1 : 0.1275    recall@2 : 0.2087    recall@3 : 0.2682    recall@4 : 0.3047    recall@5 : 0.3319    recall@10 : 0.4498    recall@20 : 0.5757    recall@30 : 0.6578    recall@50 : 0.7593    ndcg@1 : 0.1955    ndcg@2 : 0.2227    ndcg@3 : 0.2447    ndcg@4 : 0.2575    ndcg@5 : 0.2669    ndcg@10 : 0.3081    ndcg@20 : 0.345    ndcg@30 : 0.3669    ndcg@50 : 0.3914    precision@1 : 0.1955    precision@2 : 0.1666    precision@3 : 0.1452    precision@4 : 0.1271    precision@5 : 0.1123    precision@10 : 0.0798    precision@20 : 0.0536    precision@30 : 0.0426    precision@50 : 0.031    map@1 : 0.1955    map@2 : 0.1968    map@3 : 0.2051    map@4 : 0.2099    map@5 : 0.2135    map@10 : 0.2303    map@20 : 0.242    map@30 : 0.2478    map@50 : 0.2531
Sun 15 Mar 2026 22:45:46 INFO  Saving current: saved/LightGCN-Mar-15-2026_22-45-44.pth
Sun 15 Mar 2026 22:45:46 INFO  epoch 3 training [time: 0.12s, train loss: 5.4139]
Sun 15 Mar 2026 22:45:46 INFO  epoch 3 evaluating [time: 0.14s, valid_score: 0.308700]
Sun 15 Mar 2026 22:45:46 INFO  valid result: 
recall@1 : 0.1298    recall@2 : 0.2098    recall@3 : 0.2708    recall@4 : 0.3074    recall@5 : 0.3396    recall@10 : 0.4453    recall@20 : 0.5751    recall@30 : 0.6627    recall@50 : 0.7614    ndcg@1 : 0.1985    ndcg@2 : 0.2247    ndcg@3 : 0.2473    ndcg@4 : 0.2599    ndcg@5 : 0.2713    ndcg@10 : 0.3087    ndcg@20 : 0.3467    ndcg@30 : 0.3698    ndcg@50 : 0.394    precision@1 : 0.1985    precision@2 : 0.1672    precision@3 : 0.146    precision@4 : 0.1278    precision@5 : 0.1142    precision@10 : 0.0796    precision@20 : 0.0537    precision@30 : 0.0428    precision@50 : 0.0312    map@1 : 0.1985    map@2 : 0.1992    map@3 : 0.2079    map@4 : 0.2121    map@5 : 0.2169    map@10 : 0.232    map@20 : 0.2443    map@30 : 0.2502    map@50 : 0.2555
Sun 15 Mar 2026 22:45:46 INFO  Saving current: saved/LightGCN-Mar-15-2026_22-45-44.pth
Sun 15 Mar 2026 22:45:46 INFO  epoch 4 training [time: 0.12s, train loss: 5.3005]
Sun 15 Mar 2026 22:45:46 INFO  epoch 4 evaluating [time: 0.14s, valid_score: 0.309000]
Sun 15 Mar 2026 22:45:46 INFO  valid result: 
recall@1 : 0.1317    recall@2 : 0.2089    recall@3 : 0.2705    recall@4 : 0.3092    recall@5 : 0.3391    recall@10 : 0.4445    recall@20 : 0.5726    recall@30 : 0.6662    recall@50 : 0.7633    ndcg@1 : 0.2008    ndcg@2 : 0.2249    ndcg@3 : 0.2479    ndcg@4 : 0.2614    ndcg@5 : 0.2719    ndcg@10 : 0.309    ndcg@20 : 0.3467    ndcg@30 : 0.3712    ndcg@50 : 0.3951    precision@1 : 0.2008    precision@2 : 0.1666    precision@3 : 0.1462    precision@4 : 0.1286    precision@5 : 0.1142    precision@10 : 0.0791    precision@20 : 0.0535    precision@30 : 0.043    precision@50 : 0.0312    map@1 : 0.2008    map@2 : 0.1998    map@3 : 0.2088    map@4 : 0.2134    map@5 : 0.2178    map@10 : 0.2328    map@20 : 0.245    map@30 : 0.2512    map@50 : 0.2565
Sun 15 Mar 2026 22:45:46 INFO  Saving current: saved/LightGCN-Mar-15-2026_22-45-44.pth
Sun 15 Mar 2026 22:45:47 INFO  epoch 5 training [time: 0.13s, train loss: 5.1458]
Sun 15 Mar 2026 22:45:47 INFO  epoch 5 evaluating [time: 0.14s, valid_score: 0.307900]
Sun 15 Mar 2026 22:45:47 INFO  valid result: 
recall@1 : 0.1309    recall@2 : 0.2089    recall@3 : 0.2694    recall@4 : 0.3066    recall@5 : 0.3384    recall@10 : 0.4428    recall@20 : 0.5732    recall@30 : 0.6679    recall@50 : 0.7637    ndcg@1 : 0.1996    ndcg@2 : 0.2243    ndcg@3 : 0.2468    ndcg@4 : 0.2596    ndcg@5 : 0.2709    ndcg@10 : 0.3079    ndcg@20 : 0.3463    ndcg@30 : 0.3711    ndcg@50 : 0.3946    precision@1 : 0.1996    precision@2 : 0.1663    precision@3 : 0.1452    precision@4 : 0.1274    precision@5 : 0.1137    precision@10 : 0.079    precision@20 : 0.0536    precision@30 : 0.0432    precision@50 : 0.0311    map@1 : 0.1996    map@2 : 0.1989    map@3 : 0.2078    map@4 : 0.2117    map@5 : 0.2167    map@10 : 0.2319    map@20 : 0.2441    map@30 : 0.2505    map@50 : 0.2557
Sun 15 Mar 2026 22:45:47 INFO  epoch 6 training [time: 0.12s, train loss: 4.9535]
Sun 15 Mar 2026 22:45:47 INFO  epoch 6 evaluating [time: 0.14s, valid_score: 0.307800]
Sun 15 Mar 2026 22:45:47 INFO  valid result: 
recall@1 : 0.1309    recall@2 : 0.2088    recall@3 : 0.2679    recall@4 : 0.3076    recall@5 : 0.3376    recall@10 : 0.4428    recall@20 : 0.5741    recall@30 : 0.6677    recall@50 : 0.7629    ndcg@1 : 0.1996    ndcg@2 : 0.2243    ndcg@3 : 0.2457    ndcg@4 : 0.2599    ndcg@5 : 0.2705    ndcg@10 : 0.3078    ndcg@20 : 0.3464    ndcg@30 : 0.371    ndcg@50 : 0.3943    precision@1 : 0.1996    precision@2 : 0.1663    precision@3 : 0.144    precision@4 : 0.1277    precision@5 : 0.1136    precision@10 : 0.0789    precision@20 : 0.0537    precision@30 : 0.0431    precision@50 : 0.0311    map@1 : 0.1996    map@2 : 0.1989    map@3 : 0.207    map@4 : 0.2119    map@5 : 0.2163    map@10 : 0.2317    map@20 : 0.244    map@30 : 0.2504    map@50 : 0.2555
Sun 15 Mar 2026 22:45:47 INFO  epoch 7 training [time: 0.13s, train loss: 4.7310]
Sun 15 Mar 2026 22:45:47 INFO  epoch 7 evaluating [time: 0.14s, valid_score: 0.308200]
Sun 15 Mar 2026 22:45:47 INFO  valid result: 
recall@1 : 0.1309    recall@2 : 0.2094    recall@3 : 0.2688    recall@4 : 0.3079    recall@5 : 0.3389    recall@10 : 0.4436    recall@20 : 0.5741    recall@30 : 0.6695    recall@50 : 0.7627    ndcg@1 : 0.1996    ndcg@2 : 0.2247    ndcg@3 : 0.2463    ndcg@4 : 0.2601    ndcg@5 : 0.2711    ndcg@10 : 0.3082    ndcg@20 : 0.3467    ndcg@30 : 0.3717    ndcg@50 : 0.3945    precision@1 : 0.1996    precision@2 : 0.1666    precision@3 : 0.1444    precision@4 : 0.1277    precision@5 : 0.1138    precision@10 : 0.079    precision@20 : 0.0538    precision@30 : 0.0433    precision@50 : 0.0311    map@1 : 0.1996    map@2 : 0.1992    map@3 : 0.2074    map@4 : 0.2121    map@5 : 0.2168    map@10 : 0.232    map@20 : 0.2444    map@30 : 0.2508    map@50 : 0.2558
Sun 15 Mar 2026 22:45:47 INFO  epoch 8 training [time: 0.13s, train loss: 4.5091]
Sun 15 Mar 2026 22:45:48 INFO  epoch 8 evaluating [time: 0.14s, valid_score: 0.308000]
Sun 15 Mar 2026 22:45:48 INFO  valid result: 
recall@1 : 0.1309    recall@2 : 0.2094    recall@3 : 0.2685    recall@4 : 0.3079    recall@5 : 0.3387    recall@10 : 0.4429    recall@20 : 0.5751    recall@30 : 0.6702    recall@50 : 0.7646    ndcg@1 : 0.1996    ndcg@2 : 0.2247    ndcg@3 : 0.2461    ndcg@4 : 0.2601    ndcg@5 : 0.271    ndcg@10 : 0.308    ndcg@20 : 0.347    ndcg@30 : 0.3719    ndcg@50 : 0.3949    precision@1 : 0.1996    precision@2 : 0.1666    precision@3 : 0.1442    precision@4 : 0.1277    precision@5 : 0.1137    precision@10 : 0.0788    precision@20 : 0.054    precision@30 : 0.0434    precision@50 : 0.0311    map@1 : 0.1996    map@2 : 0.1992    map@3 : 0.2072    map@4 : 0.2121    map@5 : 0.2167    map@10 : 0.2319    map@20 : 0.2444    map@30 : 0.2508    map@50 : 0.2558
Sun 15 Mar 2026 22:45:48 INFO  epoch 9 training [time: 0.12s, train loss: 4.2941]
Sun 15 Mar 2026 22:45:48 INFO  epoch 9 evaluating [time: 0.15s, valid_score: 0.308100]
Sun 15 Mar 2026 22:45:48 INFO  valid result: 
recall@1 : 0.1309    recall@2 : 0.2094    recall@3 : 0.2685    recall@4 : 0.3079    recall@5 : 0.3386    recall@10 : 0.4434    recall@20 : 0.5752    recall@30 : 0.6716    recall@50 : 0.7651    ndcg@1 : 0.1996    ndcg@2 : 0.2247    ndcg@3 : 0.2461    ndcg@4 : 0.2601    ndcg@5 : 0.2708    ndcg@10 : 0.3081    ndcg@20 : 0.347    ndcg@30 : 0.3722    ndcg@50 : 0.395    precision@1 : 0.1996    precision@2 : 0.1666    precision@3 : 0.1442    precision@4 : 0.1277    precision@5 : 0.1135    precision@10 : 0.0788    precision@20 : 0.054    precision@30 : 0.0435    precision@50 : 0.0311    map@1 : 0.1996    map@2 : 0.1992    map@3 : 0.2072    map@4 : 0.2121    map@5 : 0.2166    map@10 : 0.2319    map@20 : 0.2444    map@30 : 0.2509    map@50 : 0.2558
Sun 15 Mar 2026 22:45:48 INFO  epoch 10 training [time: 0.12s, train loss: 4.0741]
Sun 15 Mar 2026 22:45:48 INFO  epoch 10 evaluating [time: 0.14s, valid_score: 0.308100]
Sun 15 Mar 2026 22:45:48 INFO  valid result: 
recall@1 : 0.1309    recall@2 : 0.2089    recall@3 : 0.2683    recall@4 : 0.3089    recall@5 : 0.3392    recall@10 : 0.4435    recall@20 : 0.5746    recall@30 : 0.672    recall@50 : 0.7651    ndcg@1 : 0.1996    ndcg@2 : 0.2246    ndcg@3 : 0.2459    ndcg@4 : 0.2605    ndcg@5 : 0.271    ndcg@10 : 0.3081    ndcg@20 : 0.3468    ndcg@30 : 0.3724    ndcg@50 : 0.3949    precision@1 : 0.1996    precision@2 : 0.1666    precision@3 : 0.144    precision@4 : 0.128    precision@5 : 0.1136    precision@10 : 0.0789    precision@20 : 0.0539    precision@30 : 0.0436    precision@50 : 0.0311    map@1 : 0.1996    map@2 : 0.199    map@3 : 0.207    map@4 : 0.2122    map@5 : 0.2166    map@10 : 0.2319    map@20 : 0.2443    map@30 : 0.2509    map@50 : 0.2557
Sun 15 Mar 2026 22:45:48 INFO  epoch 11 training [time: 0.13s, train loss: 3.8922]
Sun 15 Mar 2026 22:45:48 INFO  epoch 11 evaluating [time: 0.15s, valid_score: 0.308100]
Sun 15 Mar 2026 22:45:48 INFO  valid result: 
recall@1 : 0.1311    recall@2 : 0.2085    recall@3 : 0.2693    recall@4 : 0.3082    recall@5 : 0.3386    recall@10 : 0.4434    recall@20 : 0.5748    recall@30 : 0.671    recall@50 : 0.7644    ndcg@1 : 0.2002    ndcg@2 : 0.2245    ndcg@3 : 0.2465    ndcg@4 : 0.2603    ndcg@5 : 0.2709    ndcg@10 : 0.3081    ndcg@20 : 0.3469    ndcg@30 : 0.3722    ndcg@50 : 0.3948    precision@1 : 0.2002    precision@2 : 0.1663    precision@3 : 0.1446    precision@4 : 0.1277    precision@5 : 0.1135    precision@10 : 0.0788    precision@20 : 0.054    precision@30 : 0.0435    precision@50 : 0.0311    map@1 : 0.2002    map@2 : 0.1989    map@3 : 0.2073    map@4 : 0.212    map@5 : 0.2166    map@10 : 0.2318    map@20 : 0.2442    map@30 : 0.2508    map@50 : 0.2557
Sun 15 Mar 2026 22:45:48 INFO  epoch 12 training [time: 0.13s, train loss: 3.7342]
Sun 15 Mar 2026 22:45:49 INFO  epoch 12 evaluating [time: 0.14s, valid_score: 0.308300]
Sun 15 Mar 2026 22:45:49 INFO  valid result: 
recall@1 : 0.1311    recall@2 : 0.2082    recall@3 : 0.2693    recall@4 : 0.3071    recall@5 : 0.3382    recall@10 : 0.4444    recall@20 : 0.5745    recall@30 : 0.671    recall@50 : 0.7642    ndcg@1 : 0.2002    ndcg@2 : 0.224    ndcg@3 : 0.2465    ndcg@4 : 0.2599    ndcg@5 : 0.2706    ndcg@10 : 0.3083    ndcg@20 : 0.3468    ndcg@30 : 0.3722    ndcg@50 : 0.3947    precision@1 : 0.2002    precision@2 : 0.1657    precision@3 : 0.1446    precision@4 : 0.1277    precision@5 : 0.1133    precision@10 : 0.079    precision@20 : 0.0539    precision@30 : 0.0436    precision@50 : 0.0311    map@1 : 0.2002    map@2 : 0.1986    map@3 : 0.2072    map@4 : 0.2119    map@5 : 0.2164    map@10 : 0.2318    map@20 : 0.2442    map@30 : 0.2507    map@50 : 0.2556
Sun 15 Mar 2026 22:45:49 INFO  epoch 13 training [time: 0.13s, train loss: 3.5959]
Sun 15 Mar 2026 22:45:49 INFO  epoch 13 evaluating [time: 0.14s, valid_score: 0.308400]
Sun 15 Mar 2026 22:45:49 INFO  valid result: 
recall@1 : 0.1311    recall@2 : 0.2082    recall@3 : 0.269    recall@4 : 0.3074    recall@5 : 0.3384    recall@10 : 0.4445    recall@20 : 0.5746    recall@30 : 0.6713    recall@50 : 0.7645    ndcg@1 : 0.2002    ndcg@2 : 0.224    ndcg@3 : 0.2463    ndcg@4 : 0.26    ndcg@5 : 0.2707    ndcg@10 : 0.3084    ndcg@20 : 0.3468    ndcg@30 : 0.3723    ndcg@50 : 0.3948    precision@1 : 0.2002    precision@2 : 0.1657    precision@3 : 0.1444    precision@4 : 0.1278    precision@5 : 0.1135    precision@10 : 0.079    precision@20 : 0.0539    precision@30 : 0.0436    precision@50 : 0.0311    map@1 : 0.2002    map@2 : 0.1986    map@3 : 0.2071    map@4 : 0.2119    map@5 : 0.2164    map@10 : 0.2319    map@20 : 0.2442    map@30 : 0.2507    map@50 : 0.2556
Sun 15 Mar 2026 22:45:49 INFO  epoch 14 training [time: 0.15s, train loss: 3.5087]
Sun 15 Mar 2026 22:45:49 INFO  epoch 14 evaluating [time: 0.15s, valid_score: 0.308400]
Sun 15 Mar 2026 22:45:49 INFO  valid result: 
recall@1 : 0.1311    recall@2 : 0.2082    recall@3 : 0.269    recall@4 : 0.3074    recall@5 : 0.3384    recall@10 : 0.4445    recall@20 : 0.574    recall@30 : 0.6713    recall@50 : 0.7637    ndcg@1 : 0.2002    ndcg@2 : 0.224    ndcg@3 : 0.2463    ndcg@4 : 0.26    ndcg@5 : 0.2707    ndcg@10 : 0.3084    ndcg@20 : 0.3467    ndcg@30 : 0.3723    ndcg@50 : 0.3946    precision@1 : 0.2002    precision@2 : 0.1657    precision@3 : 0.1444    precision@4 : 0.1278    precision@5 : 0.1135    precision@10 : 0.079    precision@20 : 0.0539    precision@30 : 0.0437    precision@50 : 0.0311    map@1 : 0.2002    map@2 : 0.1986    map@3 : 0.2071    map@4 : 0.2119    map@5 : 0.2164    map@10 : 0.2319    map@20 : 0.2442    map@30 : 0.2508    map@50 : 0.2556
Sun 15 Mar 2026 22:45:49 INFO  epoch 15 training [time: 0.14s, train loss: 3.4843]
Sun 15 Mar 2026 22:45:49 INFO  epoch 15 evaluating [time: 0.15s, valid_score: 0.308500]
Sun 15 Mar 2026 22:45:49 INFO  valid result: 
recall@1 : 0.1311    recall@2 : 0.2089    recall@3 : 0.269    recall@4 : 0.3079    recall@5 : 0.3387    recall@10 : 0.4447    recall@20 : 0.5747    recall@30 : 0.6716    recall@50 : 0.7646    ndcg@1 : 0.2002    ndcg@2 : 0.2246    ndcg@3 : 0.2464    ndcg@4 : 0.2603    ndcg@5 : 0.2709    ndcg@10 : 0.3085    ndcg@20 : 0.347    ndcg@30 : 0.3726    ndcg@50 : 0.395    precision@1 : 0.2002    precision@2 : 0.1663    precision@3 : 0.1444    precision@4 : 0.1278    precision@5 : 0.1136    precision@10 : 0.0789    precision@20 : 0.054    precision@30 : 0.0437    precision@50 : 0.0311    map@1 : 0.2002    map@2 : 0.199    map@3 : 0.2073    map@4 : 0.2121    map@5 : 0.2166    map@10 : 0.232    map@20 : 0.2444    map@30 : 0.251    map@50 : 0.2559
Sun 15 Mar 2026 22:45:49 INFO  Finished training, best eval result in epoch 4
Sun 15 Mar 2026 22:45:49 INFO  Loading model structure and parameters from saved/LightGCN-Mar-15-2026_22-45-44.pth
Sun 15 Mar 2026 22:45:50 INFO  best valid : OrderedDict([('recall@1', 0.1317), ('recall@2', 0.2089), ('recall@3', 0.2705), ('recall@4', 0.3092), ('recall@5', 0.3391), ('recall@10', 0.4445), ('recall@20', 0.5726), ('recall@30', 0.6662), ('recall@50', 0.7633), ('ndcg@1', 0.2008), ('ndcg@2', 0.2249), ('ndcg@3', 0.2479), ('ndcg@4', 0.2614), ('ndcg@5', 0.2719), ('ndcg@10', 0.309), ('ndcg@20', 0.3467), ('ndcg@30', 0.3712), ('ndcg@50', 0.3951), ('precision@1', 0.2008), ('precision@2', 0.1666), ('precision@3', 0.1462), ('precision@4', 0.1286), ('precision@5', 0.1142), ('precision@10', 0.0791), ('precision@20', 0.0535), ('precision@30', 0.043), ('precision@50', 0.0312), ('map@1', 0.2008), ('map@2', 0.1998), ('map@3', 0.2088), ('map@4', 0.2134), ('map@5', 0.2178), ('map@10', 0.2328), ('map@20', 0.245), ('map@30', 0.2512), ('map@50', 0.2565)])
Sun 15 Mar 2026 22:45:50 INFO  test result: OrderedDict([('recall@1', 0.1315), ('recall@2', 0.2306), ('recall@3', 0.2819), ('recall@4', 0.3188), ('recall@5', 0.3473), ('recall@10', 0.4764), ('recall@20', 0.6111), ('recall@30', 0.6943), ('recall@50', 0.7746), ('ndcg@1', 0.2284), ('ndcg@2', 0.2524), ('ndcg@3', 0.2665), ('ndcg@4', 0.2767), ('ndcg@5', 0.2861), ('ndcg@10', 0.329), ('ndcg@20', 0.3675), ('ndcg@30', 0.3889), ('ndcg@50', 0.4085), ('precision@1', 0.2284), ('precision@2', 0.1904), ('precision@3', 0.1598), ('precision@4', 0.1373), ('precision@5', 0.1222), ('precision@10', 0.0862), ('precision@20', 0.0573), ('precision@30', 0.0442), ('precision@50', 0.0309), ('map@1', 0.2284), ('map@2', 0.2234), ('map@3', 0.225), ('map@4', 0.2267), ('map@5', 0.23), ('map@10', 0.2461), ('map@20', 0.2584), ('map@30', 0.264), ('map@50', 0.2685)])
Sun 15 Mar 2026 22:45:50 INFO  training time: 4.8520s
Sun 15 Mar 2026 22:45:50 INFO  result file: results/again2/lightgcn_lightgcn_seed2027.json
