Sun 15 Mar 2026 22:46:02 INFO  
General Hyper Parameters:
gpu_id = 0
use_gpu = True
seed = 2029
state = INFO
reproducibility = True
data_path = ./travel
checkpoint_dir = saved
show_progress = True
save_dataset = False
dataset_save_path = None
save_dataloaders = False
dataloaders_save_path = None
log_wandb = False

Training Hyper Parameters:
epochs = 1000
train_batch_size = 4096
learner = adam
learning_rate = 0.001
train_neg_sample_args = {'distribution': 'uniform', 'sample_num': 1, 'alpha': 1.0, 'dynamic': False, 'candidate_num': 0}
eval_step = 1
stopping_step = 10
clip_grad_norm = None
weight_decay = 0.0
loss_decimal_place = 4

Evaluation Hyper Parameters:
eval_args = {'split': {'RS': [0.8, 0.1, 0.1]}, 'order': 'RO', 'group_by': 'user', 'mode': {'valid': 'full', 'test': 'full'}}
repeatable = False
metrics = ['Recall', 'NDCG', 'Precision', 'MAP']
topk = [1, 2, 3, 4, 5, 10, 20, 30, 50]
valid_metric = NDCG@10
valid_metric_bigger = True
eval_batch_size = 4096
metric_decimal_place = 4

Dataset Hyper Parameters:
field_separator = 	
seq_separator =  
USER_ID_FIELD = user_id
ITEM_ID_FIELD = item_id
RATING_FIELD = rating
TIME_FIELD = timestamp
seq_len = None
LABEL_FIELD = label
threshold = None
NEG_PREFIX = neg_
load_col = {'inter': ['user_id', 'item_id', 'rating'], 'user': ['user_id', 'post_num', 'follower', 'following', 'timestamp']}
unload_col = None
unused_col = None
additional_feat_suffix = None
rm_dup_inter = None
val_interval = {'rating': '[0,inf)'}
filter_inter_by_user_or_item = True
user_inter_num_interval = [0,inf)
item_inter_num_interval = [0,inf)
alias_of_user_id = None
alias_of_item_id = None
alias_of_entity_id = None
alias_of_relation_id = None
preload_weight = None
normalize_field = None
normalize_all = None
ITEM_LIST_LENGTH_FIELD = item_length
LIST_SUFFIX = _list
MAX_ITEM_LIST_LENGTH = 50
POSITION_FIELD = position_id
HEAD_ENTITY_ID_FIELD = head_id
TAIL_ENTITY_ID_FIELD = tail_id
RELATION_ID_FIELD = relation_id
ENTITY_ID_FIELD = entity_id
benchmark_filename = None

Other Hyper Parameters: 
worker = 0
wandb_project = recbole
shuffle = True
require_pow = False
enable_amp = False
enable_scaler = False
transform = None
embedding_size = 64
n_layers = 3
reg_weight = 0.0001
numerical_features = []
discretization = None
kg_reverse_r = False
entity_kg_num_interval = [0,inf)
relation_kg_num_interval = [0,inf)
MODEL_TYPE = ModelType.GENERAL
MODEL_INPUT_TYPE = InputType.PAIRWISE
eval_type = EvaluatorType.RANKING
single_spec = True
local_rank = 0
device = cuda
valid_neg_sample_args = {'distribution': 'uniform', 'sample_num': 'none'}
test_neg_sample_args = {'distribution': 'uniform', 'sample_num': 'none'}


Sun 15 Mar 2026 22:46:02 INFO  travel
The number of users: 2010
Average actions of users: 18.721254355400696
The number of items: 247
Average actions of items: 152.890243902439
The number of inters: 37611
The sparsity of the dataset: 92.42431566862047%
Remain Fields: ['user_id', 'item_id', 'rating', 'post_num', 'follower', 'following', 'timestamp']
Sun 15 Mar 2026 22:46:02 INFO  [Training]: train_batch_size = [4096] train_neg_sample_args: [{'distribution': 'uniform', 'sample_num': 1, 'alpha': 1.0, 'dynamic': False, 'candidate_num': 0}]
Sun 15 Mar 2026 22:46:02 INFO  [Evaluation]: eval_batch_size = [4096] eval_args: [{'split': {'RS': [0.8, 0.1, 0.1]}, 'order': 'RO', 'group_by': 'user', 'mode': {'valid': 'full', 'test': 'full'}}]
Sun 15 Mar 2026 22:46:02 INFO  LightGCN(
  (user_embedding): Embedding(2010, 64)
  (item_embedding): Embedding(247, 64)
  (mf_loss): BPRLoss()
  (reg_loss): EmbLoss()
)
Trainable parameters: 144448
Sun 15 Mar 2026 22:46:02 INFO  trainable parameters: 144448
Sun 15 Mar 2026 22:46:04 INFO  epoch 0 training [time: 0.49s, train loss: 5.5394]
Sun 15 Mar 2026 22:46:04 INFO  epoch 0 evaluating [time: 0.26s, valid_score: 0.211100]
Sun 15 Mar 2026 22:46:04 INFO  valid result: 
recall@1 : 0.0774    recall@2 : 0.131    recall@3 : 0.1674    recall@4 : 0.1875    recall@5 : 0.2169    recall@10 : 0.3164    recall@20 : 0.4342    recall@30 : 0.5139    recall@50 : 0.6166    ndcg@1 : 0.1353    ndcg@2 : 0.1476    ndcg@3 : 0.1598    ndcg@4 : 0.1659    ndcg@5 : 0.1767    ndcg@10 : 0.2111    ndcg@20 : 0.2457    ndcg@30 : 0.2669    ndcg@50 : 0.2907    precision@1 : 0.1353    precision@2 : 0.1147    precision@3 : 0.1017    precision@4 : 0.0888    precision@5 : 0.0825    precision@10 : 0.0607    precision@20 : 0.0433    precision@30 : 0.0354    precision@50 : 0.0262    map@1 : 0.1353    map@2 : 0.1278    map@3 : 0.1299    map@4 : 0.1309    map@5 : 0.1351    map@10 : 0.1484    map@20 : 0.1589    map@30 : 0.1642    map@50 : 0.1688
Sun 15 Mar 2026 22:46:04 INFO  Saving current: saved/LightGCN-Mar-15-2026_22-46-02.pth
Sun 15 Mar 2026 22:46:04 INFO  epoch 1 training [time: 0.14s, train loss: 5.5216]
Sun 15 Mar 2026 22:46:04 INFO  epoch 1 evaluating [time: 0.15s, valid_score: 0.292700]
Sun 15 Mar 2026 22:46:04 INFO  valid result: 
recall@1 : 0.1121    recall@2 : 0.1848    recall@3 : 0.244    recall@4 : 0.2852    recall@5 : 0.3146    recall@10 : 0.4406    recall@20 : 0.5671    recall@30 : 0.6462    recall@50 : 0.7453    ndcg@1 : 0.1758    ndcg@2 : 0.2004    ndcg@3 : 0.222    ndcg@4 : 0.2377    ndcg@5 : 0.2484    ndcg@10 : 0.2927    ndcg@20 : 0.3303    ndcg@30 : 0.3513    ndcg@50 : 0.3751    precision@1 : 0.1758    precision@2 : 0.1508    precision@3 : 0.1335    precision@4 : 0.121    precision@5 : 0.1093    precision@10 : 0.0801    precision@20 : 0.0543    precision@30 : 0.0427    precision@50 : 0.0309    map@1 : 0.1758    map@2 : 0.1764    map@3 : 0.1842    map@4 : 0.1906    map@5 : 0.1948    map@10 : 0.2127    map@20 : 0.2249    map@30 : 0.2305    map@50 : 0.2357
Sun 15 Mar 2026 22:46:04 INFO  Saving current: saved/LightGCN-Mar-15-2026_22-46-02.pth
Sun 15 Mar 2026 22:46:04 INFO  epoch 2 training [time: 0.14s, train loss: 5.4784]
Sun 15 Mar 2026 22:46:05 INFO  epoch 2 evaluating [time: 0.15s, valid_score: 0.298600]
Sun 15 Mar 2026 22:46:05 INFO  valid result: 
recall@1 : 0.1138    recall@2 : 0.1908    recall@3 : 0.2562    recall@4 : 0.293    recall@5 : 0.3266    recall@10 : 0.4482    recall@20 : 0.581    recall@30 : 0.6725    recall@50 : 0.7604    ndcg@1 : 0.1764    ndcg@2 : 0.2055    ndcg@3 : 0.2299    ndcg@4 : 0.2436    ndcg@5 : 0.256    ndcg@10 : 0.2986    ndcg@20 : 0.3382    ndcg@30 : 0.3621    ndcg@50 : 0.3834    precision@1 : 0.1764    precision@2 : 0.1549    precision@3 : 0.1389    precision@4 : 0.1235    precision@5 : 0.1122    precision@10 : 0.0813    precision@20 : 0.0555    precision@30 : 0.0441    precision@50 : 0.0312    map@1 : 0.1764    map@2 : 0.1812    map@3 : 0.1908    map@4 : 0.196    map@5 : 0.2013    map@10 : 0.2181    map@20 : 0.231    map@30 : 0.2373    map@50 : 0.2421
Sun 15 Mar 2026 22:46:05 INFO  Saving current: saved/LightGCN-Mar-15-2026_22-46-02.pth
Sun 15 Mar 2026 22:46:05 INFO  epoch 3 training [time: 0.13s, train loss: 5.4006]
Sun 15 Mar 2026 22:46:05 INFO  epoch 3 evaluating [time: 0.14s, valid_score: 0.300000]
Sun 15 Mar 2026 22:46:05 INFO  valid result: 
recall@1 : 0.1119    recall@2 : 0.1949    recall@3 : 0.2539    recall@4 : 0.2939    recall@5 : 0.329    recall@10 : 0.4523    recall@20 : 0.589    recall@30 : 0.6814    recall@50 : 0.7577    ndcg@1 : 0.1734    ndcg@2 : 0.2074    ndcg@3 : 0.2287    ndcg@4 : 0.2434    ndcg@5 : 0.2569    ndcg@10 : 0.3    ndcg@20 : 0.3406    ndcg@30 : 0.3646    ndcg@50 : 0.3835    precision@1 : 0.1734    precision@2 : 0.1573    precision@3 : 0.1385    precision@4 : 0.1232    precision@5 : 0.1135    precision@10 : 0.082    precision@20 : 0.0561    precision@30 : 0.0445    precision@50 : 0.031    map@1 : 0.1734    map@2 : 0.1821    map@3 : 0.1896    map@4 : 0.1956    map@5 : 0.2016    map@10 : 0.2186    map@20 : 0.2317    map@30 : 0.238    map@50 : 0.2424
Sun 15 Mar 2026 22:46:05 INFO  Saving current: saved/LightGCN-Mar-15-2026_22-46-02.pth
Sun 15 Mar 2026 22:46:05 INFO  epoch 4 training [time: 0.11s, train loss: 5.2832]
Sun 15 Mar 2026 22:46:05 INFO  epoch 4 evaluating [time: 0.14s, valid_score: 0.300900]
Sun 15 Mar 2026 22:46:05 INFO  valid result: 
recall@1 : 0.1126    recall@2 : 0.1943    recall@3 : 0.2548    recall@4 : 0.2951    recall@5 : 0.3314    recall@10 : 0.4533    recall@20 : 0.5869    recall@30 : 0.6801    recall@50 : 0.76    ndcg@1 : 0.1746    ndcg@2 : 0.2074    ndcg@3 : 0.2298    ndcg@4 : 0.2444    ndcg@5 : 0.2582    ndcg@10 : 0.3009    ndcg@20 : 0.3405    ndcg@30 : 0.3647    ndcg@50 : 0.3845    precision@1 : 0.1746    precision@2 : 0.157    precision@3 : 0.1395    precision@4 : 0.1238    precision@5 : 0.1139    precision@10 : 0.0821    precision@20 : 0.0558    precision@30 : 0.0443    precision@50 : 0.0311    map@1 : 0.1746    map@2 : 0.1822    map@3 : 0.1908    map@4 : 0.1965    map@5 : 0.2027    map@10 : 0.2194    map@20 : 0.2322    map@30 : 0.2387    map@50 : 0.2432
Sun 15 Mar 2026 22:46:05 INFO  Saving current: saved/LightGCN-Mar-15-2026_22-46-02.pth
Sun 15 Mar 2026 22:46:05 INFO  epoch 5 training [time: 0.15s, train loss: 5.1186]
Sun 15 Mar 2026 22:46:05 INFO  epoch 5 evaluating [time: 0.15s, valid_score: 0.300800]
Sun 15 Mar 2026 22:46:05 INFO  valid result: 
recall@1 : 0.1128    recall@2 : 0.1943    recall@3 : 0.2554    recall@4 : 0.2959    recall@5 : 0.3312    recall@10 : 0.4526    recall@20 : 0.5859    recall@30 : 0.6804    recall@50 : 0.7594    ndcg@1 : 0.1752    ndcg@2 : 0.2075    ndcg@3 : 0.2302    ndcg@4 : 0.245    ndcg@5 : 0.2582    ndcg@10 : 0.3008    ndcg@20 : 0.3405    ndcg@30 : 0.3652    ndcg@50 : 0.3846    precision@1 : 0.1752    precision@2 : 0.157    precision@3 : 0.1398    precision@4 : 0.1244    precision@5 : 0.1137    precision@10 : 0.0816    precision@20 : 0.0558    precision@30 : 0.0445    precision@50 : 0.0311    map@1 : 0.1752    map@2 : 0.1824    map@3 : 0.1911    map@4 : 0.1969    map@5 : 0.2027    map@10 : 0.2194    map@20 : 0.2324    map@30 : 0.2389    map@50 : 0.2433
Sun 15 Mar 2026 22:46:06 INFO  epoch 6 training [time: 0.13s, train loss: 4.9298]
Sun 15 Mar 2026 22:46:06 INFO  epoch 6 evaluating [time: 0.14s, valid_score: 0.300500]
Sun 15 Mar 2026 22:46:06 INFO  valid result: 
recall@1 : 0.1129    recall@2 : 0.1944    recall@3 : 0.2548    recall@4 : 0.2968    recall@5 : 0.3308    recall@10 : 0.4518    recall@20 : 0.5851    recall@30 : 0.6787    recall@50 : 0.7604    ndcg@1 : 0.1758    ndcg@2 : 0.2074    ndcg@3 : 0.2299    ndcg@4 : 0.2454    ndcg@5 : 0.2581    ndcg@10 : 0.3005    ndcg@20 : 0.3404    ndcg@30 : 0.3648    ndcg@50 : 0.3848    precision@1 : 0.1758    precision@2 : 0.1564    precision@3 : 0.1393    precision@4 : 0.1249    precision@5 : 0.1137    precision@10 : 0.0813    precision@20 : 0.0558    precision@30 : 0.0444    precision@50 : 0.0311    map@1 : 0.1758    map@2 : 0.1824    map@3 : 0.1909    map@4 : 0.1972    map@5 : 0.2027    map@10 : 0.2194    map@20 : 0.2324    map@30 : 0.2389    map@50 : 0.2434
Sun 15 Mar 2026 22:46:06 INFO  epoch 7 training [time: 0.14s, train loss: 4.7085]
Sun 15 Mar 2026 22:46:06 INFO  epoch 7 evaluating [time: 0.14s, valid_score: 0.300600]
Sun 15 Mar 2026 22:46:06 INFO  valid result: 
recall@1 : 0.1132    recall@2 : 0.1947    recall@3 : 0.257    recall@4 : 0.2967    recall@5 : 0.3313    recall@10 : 0.4511    recall@20 : 0.586    recall@30 : 0.6795    recall@50 : 0.7611    ndcg@1 : 0.177    ndcg@2 : 0.2079    ndcg@3 : 0.2313    ndcg@4 : 0.2459    ndcg@5 : 0.2588    ndcg@10 : 0.3006    ndcg@20 : 0.341    ndcg@30 : 0.3653    ndcg@50 : 0.3854    precision@1 : 0.177    precision@2 : 0.1567    precision@3 : 0.1404    precision@4 : 0.1251    precision@5 : 0.1141    precision@10 : 0.0811    precision@20 : 0.0559    precision@30 : 0.0444    precision@50 : 0.0311    map@1 : 0.177    map@2 : 0.183    map@3 : 0.1921    map@4 : 0.1977    map@5 : 0.2034    map@10 : 0.2197    map@20 : 0.2329    map@30 : 0.2394    map@50 : 0.2439
Sun 15 Mar 2026 22:46:06 INFO  epoch 8 training [time: 0.14s, train loss: 4.4637]
Sun 15 Mar 2026 22:46:06 INFO  epoch 8 evaluating [time: 0.15s, valid_score: 0.300900]
Sun 15 Mar 2026 22:46:06 INFO  valid result: 
recall@1 : 0.1132    recall@2 : 0.1953    recall@3 : 0.2576    recall@4 : 0.2967    recall@5 : 0.3309    recall@10 : 0.4514    recall@20 : 0.5865    recall@30 : 0.678    recall@50 : 0.7601    ndcg@1 : 0.177    ndcg@2 : 0.2082    ndcg@3 : 0.2318    ndcg@4 : 0.246    ndcg@5 : 0.2588    ndcg@10 : 0.3009    ndcg@20 : 0.3413    ndcg@30 : 0.3652    ndcg@50 : 0.3853    precision@1 : 0.177    precision@2 : 0.157    precision@3 : 0.1408    precision@4 : 0.1251    precision@5 : 0.1141    precision@10 : 0.0812    precision@20 : 0.056    precision@30 : 0.0443    precision@50 : 0.0311    map@1 : 0.177    map@2 : 0.1833    map@3 : 0.1924    map@4 : 0.1978    map@5 : 0.2034    map@10 : 0.2199    map@20 : 0.2332    map@30 : 0.2395    map@50 : 0.244
Sun 15 Mar 2026 22:46:06 INFO  Saving current: saved/LightGCN-Mar-15-2026_22-46-02.pth
Sun 15 Mar 2026 22:46:06 INFO  epoch 9 training [time: 0.12s, train loss: 4.2408]
Sun 15 Mar 2026 22:46:07 INFO  epoch 9 evaluating [time: 0.14s, valid_score: 0.301300]
Sun 15 Mar 2026 22:46:07 INFO  valid result: 
recall@1 : 0.1132    recall@2 : 0.1964    recall@3 : 0.2577    recall@4 : 0.298    recall@5 : 0.3319    recall@10 : 0.4517    recall@20 : 0.5868    recall@30 : 0.6785    recall@50 : 0.761    ndcg@1 : 0.177    ndcg@2 : 0.2091    ndcg@3 : 0.2323    ndcg@4 : 0.2466    ndcg@5 : 0.2594    ndcg@10 : 0.3013    ndcg@20 : 0.3416    ndcg@30 : 0.3655    ndcg@50 : 0.3857    precision@1 : 0.177    precision@2 : 0.1579    precision@3 : 0.1414    precision@4 : 0.1251    precision@5 : 0.1142    precision@10 : 0.0813    precision@20 : 0.0559    precision@30 : 0.0443    precision@50 : 0.0311    map@1 : 0.177    map@2 : 0.184    map@3 : 0.1929    map@4 : 0.1983    map@5 : 0.2039    map@10 : 0.2203    map@20 : 0.2335    map@30 : 0.2398    map@50 : 0.2444
Sun 15 Mar 2026 22:46:07 INFO  Saving current: saved/LightGCN-Mar-15-2026_22-46-02.pth
Sun 15 Mar 2026 22:46:07 INFO  epoch 10 training [time: 0.13s, train loss: 4.0581]
Sun 15 Mar 2026 22:46:07 INFO  epoch 10 evaluating [time: 0.14s, valid_score: 0.301800]
Sun 15 Mar 2026 22:46:07 INFO  valid result: 
recall@1 : 0.1134    recall@2 : 0.1964    recall@3 : 0.2574    recall@4 : 0.2982    recall@5 : 0.3327    recall@10 : 0.4531    recall@20 : 0.5881    recall@30 : 0.6787    recall@50 : 0.7613    ndcg@1 : 0.1776    ndcg@2 : 0.2092    ndcg@3 : 0.2322    ndcg@4 : 0.2469    ndcg@5 : 0.2598    ndcg@10 : 0.3018    ndcg@20 : 0.3421    ndcg@30 : 0.3657    ndcg@50 : 0.3859    precision@1 : 0.1776    precision@2 : 0.1579    precision@3 : 0.141    precision@4 : 0.1253    precision@5 : 0.1143    precision@10 : 0.0815    precision@20 : 0.056    precision@30 : 0.0443    precision@50 : 0.0311    map@1 : 0.1776    map@2 : 0.184    map@3 : 0.193    map@4 : 0.1984    map@5 : 0.2041    map@10 : 0.2206    map@20 : 0.2337    map@30 : 0.24    map@50 : 0.2445
Sun 15 Mar 2026 22:46:07 INFO  Saving current: saved/LightGCN-Mar-15-2026_22-46-02.pth
Sun 15 Mar 2026 22:46:07 INFO  epoch 11 training [time: 0.13s, train loss: 3.8706]
Sun 15 Mar 2026 22:46:07 INFO  epoch 11 evaluating [time: 0.14s, valid_score: 0.301900]
Sun 15 Mar 2026 22:46:07 INFO  valid result: 
recall@1 : 0.1134    recall@2 : 0.197    recall@3 : 0.2575    recall@4 : 0.2979    recall@5 : 0.3325    recall@10 : 0.453    recall@20 : 0.5878    recall@30 : 0.6791    recall@50 : 0.7623    ndcg@1 : 0.1776    ndcg@2 : 0.2096    ndcg@3 : 0.2324    ndcg@4 : 0.2469    ndcg@5 : 0.2598    ndcg@10 : 0.3019    ndcg@20 : 0.3421    ndcg@30 : 0.3659    ndcg@50 : 0.3862    precision@1 : 0.1776    precision@2 : 0.1582    precision@3 : 0.1412    precision@4 : 0.1253    precision@5 : 0.1142    precision@10 : 0.0815    precision@20 : 0.056    precision@30 : 0.0444    precision@50 : 0.0312    map@1 : 0.1776    map@2 : 0.1843    map@3 : 0.1932    map@4 : 0.1984    map@5 : 0.2041    map@10 : 0.2207    map@20 : 0.2338    map@30 : 0.2401    map@50 : 0.2447
Sun 15 Mar 2026 22:46:07 INFO  Saving current: saved/LightGCN-Mar-15-2026_22-46-02.pth
Sun 15 Mar 2026 22:46:07 INFO  epoch 12 training [time: 0.13s, train loss: 3.7429]
Sun 15 Mar 2026 22:46:07 INFO  epoch 12 evaluating [time: 0.14s, valid_score: 0.301800]
Sun 15 Mar 2026 22:46:07 INFO  valid result: 
recall@1 : 0.1134    recall@2 : 0.197    recall@3 : 0.2575    recall@4 : 0.2975    recall@5 : 0.3325    recall@10 : 0.4528    recall@20 : 0.5885    recall@30 : 0.6794    recall@50 : 0.7617    ndcg@1 : 0.1776    ndcg@2 : 0.2096    ndcg@3 : 0.2324    ndcg@4 : 0.2466    ndcg@5 : 0.2597    ndcg@10 : 0.3018    ndcg@20 : 0.3423    ndcg@30 : 0.3659    ndcg@50 : 0.3861    precision@1 : 0.1776    precision@2 : 0.1582    precision@3 : 0.1412    precision@4 : 0.125    precision@5 : 0.1142    precision@10 : 0.0815    precision@20 : 0.0561    precision@30 : 0.0444    precision@50 : 0.0312    map@1 : 0.1776    map@2 : 0.1843    map@3 : 0.1932    map@4 : 0.1983    map@5 : 0.2041    map@10 : 0.2206    map@20 : 0.2338    map@30 : 0.2401    map@50 : 0.2446
Sun 15 Mar 2026 22:46:08 INFO  epoch 13 training [time: 0.12s, train loss: 3.6184]
Sun 15 Mar 2026 22:46:08 INFO  epoch 13 evaluating [time: 0.14s, valid_score: 0.301700]
Sun 15 Mar 2026 22:46:08 INFO  valid result: 
recall@1 : 0.1134    recall@2 : 0.197    recall@3 : 0.2566    recall@4 : 0.2974    recall@5 : 0.3326    recall@10 : 0.4528    recall@20 : 0.5888    recall@30 : 0.6803    recall@50 : 0.7615    ndcg@1 : 0.1776    ndcg@2 : 0.2096    ndcg@3 : 0.2319    ndcg@4 : 0.2464    ndcg@5 : 0.2597    ndcg@10 : 0.3017    ndcg@20 : 0.3423    ndcg@30 : 0.366    ndcg@50 : 0.3859    precision@1 : 0.1776    precision@2 : 0.1582    precision@3 : 0.1406    precision@4 : 0.1249    precision@5 : 0.1143    precision@10 : 0.0815    precision@20 : 0.0562    precision@30 : 0.0444    precision@50 : 0.0312    map@1 : 0.1776    map@2 : 0.1843    map@3 : 0.1929    map@4 : 0.1982    map@5 : 0.2041    map@10 : 0.2205    map@20 : 0.2338    map@30 : 0.2401    map@50 : 0.2445
Sun 15 Mar 2026 22:46:08 INFO  epoch 14 training [time: 0.14s, train loss: 3.5122]
Sun 15 Mar 2026 22:46:08 INFO  epoch 14 evaluating [time: 0.15s, valid_score: 0.301700]
Sun 15 Mar 2026 22:46:08 INFO  valid result: 
recall@1 : 0.1134    recall@2 : 0.1976    recall@3 : 0.2573    recall@4 : 0.2973    recall@5 : 0.3326    recall@10 : 0.4523    recall@20 : 0.5885    recall@30 : 0.681    recall@50 : 0.7617    ndcg@1 : 0.1776    ndcg@2 : 0.21    ndcg@3 : 0.2324    ndcg@4 : 0.2464    ndcg@5 : 0.2599    ndcg@10 : 0.3017    ndcg@20 : 0.3424    ndcg@30 : 0.3663    ndcg@50 : 0.3861    precision@1 : 0.1776    precision@2 : 0.1585    precision@3 : 0.141    precision@4 : 0.1246    precision@5 : 0.1144    precision@10 : 0.0815    precision@20 : 0.0562    precision@30 : 0.0444    precision@50 : 0.0312    map@1 : 0.1776    map@2 : 0.1846    map@3 : 0.1932    map@4 : 0.1982    map@5 : 0.2042    map@10 : 0.2206    map@20 : 0.2339    map@30 : 0.2402    map@50 : 0.2447
Sun 15 Mar 2026 22:46:08 INFO  epoch 15 training [time: 0.13s, train loss: 3.4717]
Sun 15 Mar 2026 22:46:08 INFO  epoch 15 evaluating [time: 0.14s, valid_score: 0.301300]
Sun 15 Mar 2026 22:46:08 INFO  valid result: 
recall@1 : 0.1134    recall@2 : 0.197    recall@3 : 0.2567    recall@4 : 0.2967    recall@5 : 0.332    recall@10 : 0.4516    recall@20 : 0.5874    recall@30 : 0.6816    recall@50 : 0.7615    ndcg@1 : 0.1776    ndcg@2 : 0.2096    ndcg@3 : 0.232    ndcg@4 : 0.246    ndcg@5 : 0.2595    ndcg@10 : 0.3013    ndcg@20 : 0.3419    ndcg@30 : 0.3662    ndcg@50 : 0.3859    precision@1 : 0.1776    precision@2 : 0.1582    precision@3 : 0.1408    precision@4 : 0.1244    precision@5 : 0.1143    precision@10 : 0.0813    precision@20 : 0.0561    precision@30 : 0.0445    precision@50 : 0.0312    map@1 : 0.1776    map@2 : 0.1843    map@3 : 0.1929    map@4 : 0.1979    map@5 : 0.2039    map@10 : 0.2203    map@20 : 0.2336    map@30 : 0.2401    map@50 : 0.2445
Sun 15 Mar 2026 22:46:08 INFO  epoch 16 training [time: 0.13s, train loss: 3.3976]
Sun 15 Mar 2026 22:46:09 INFO  epoch 16 evaluating [time: 0.14s, valid_score: 0.301300]
Sun 15 Mar 2026 22:46:09 INFO  valid result: 
recall@1 : 0.1134    recall@2 : 0.1964    recall@3 : 0.2573    recall@4 : 0.2973    recall@5 : 0.3326    recall@10 : 0.4517    recall@20 : 0.5882    recall@30 : 0.6817    recall@50 : 0.7622    ndcg@1 : 0.1776    ndcg@2 : 0.2092    ndcg@3 : 0.2322    ndcg@4 : 0.2462    ndcg@5 : 0.2597    ndcg@10 : 0.3013    ndcg@20 : 0.3422    ndcg@30 : 0.3664    ndcg@50 : 0.3861    precision@1 : 0.1776    precision@2 : 0.1579    precision@3 : 0.141    precision@4 : 0.1246    precision@5 : 0.1144    precision@10 : 0.0814    precision@20 : 0.0562    precision@30 : 0.0445    precision@50 : 0.0312    map@1 : 0.1776    map@2 : 0.184    map@3 : 0.193    map@4 : 0.198    map@5 : 0.204    map@10 : 0.2204    map@20 : 0.2337    map@30 : 0.2401    map@50 : 0.2446
Sun 15 Mar 2026 22:46:09 INFO  epoch 17 training [time: 0.13s, train loss: 3.3516]
Sun 15 Mar 2026 22:46:09 INFO  epoch 17 evaluating [time: 0.14s, valid_score: 0.300500]
Sun 15 Mar 2026 22:46:09 INFO  valid result: 
recall@1 : 0.1134    recall@2 : 0.1964    recall@3 : 0.2561    recall@4 : 0.2961    recall@5 : 0.3311    recall@10 : 0.4497    recall@20 : 0.5857    recall@30 : 0.6797    recall@50 : 0.7611    ndcg@1 : 0.1776    ndcg@2 : 0.2092    ndcg@3 : 0.2316    ndcg@4 : 0.2456    ndcg@5 : 0.2589    ndcg@10 : 0.3005    ndcg@20 : 0.3413    ndcg@30 : 0.3655    ndcg@50 : 0.3855    precision@1 : 0.1776    precision@2 : 0.1579    precision@3 : 0.1406    precision@4 : 0.1243    precision@5 : 0.1139    precision@10 : 0.0812    precision@20 : 0.056    precision@30 : 0.0444    precision@50 : 0.0312    map@1 : 0.1776    map@2 : 0.184    map@3 : 0.1926    map@4 : 0.1976    map@5 : 0.2035    map@10 : 0.2199    map@20 : 0.2332    map@30 : 0.2397    map@50 : 0.2441
Sun 15 Mar 2026 22:46:09 INFO  epoch 18 training [time: 0.13s, train loss: 3.3337]
Sun 15 Mar 2026 22:46:09 INFO  epoch 18 evaluating [time: 0.14s, valid_score: 0.300800]
Sun 15 Mar 2026 22:46:09 INFO  valid result: 
recall@1 : 0.1134    recall@2 : 0.1964    recall@3 : 0.2563    recall@4 : 0.2962    recall@5 : 0.3311    recall@10 : 0.4502    recall@20 : 0.5853    recall@30 : 0.6782    recall@50 : 0.7608    ndcg@1 : 0.1776    ndcg@2 : 0.2092    ndcg@3 : 0.2318    ndcg@4 : 0.2457    ndcg@5 : 0.259    ndcg@10 : 0.3008    ndcg@20 : 0.3412    ndcg@30 : 0.3653    ndcg@50 : 0.3854    precision@1 : 0.1776    precision@2 : 0.1579    precision@3 : 0.1408    precision@4 : 0.1244    precision@5 : 0.1141    precision@10 : 0.0814    precision@20 : 0.056    precision@30 : 0.0444    precision@50 : 0.0312    map@1 : 0.1776    map@2 : 0.184    map@3 : 0.1927    map@4 : 0.1977    map@5 : 0.2036    map@10 : 0.22    map@20 : 0.2332    map@30 : 0.2397    map@50 : 0.2442
Sun 15 Mar 2026 22:46:09 INFO  epoch 19 training [time: 0.13s, train loss: 3.2969]
Sun 15 Mar 2026 22:46:09 INFO  epoch 19 evaluating [time: 0.15s, valid_score: 0.301400]
Sun 15 Mar 2026 22:46:09 INFO  valid result: 
recall@1 : 0.1134    recall@2 : 0.1964    recall@3 : 0.2562    recall@4 : 0.2964    recall@5 : 0.3315    recall@10 : 0.4516    recall@20 : 0.5852    recall@30 : 0.6785    recall@50 : 0.7602    ndcg@1 : 0.1782    ndcg@2 : 0.2093    ndcg@3 : 0.2317    ndcg@4 : 0.2459    ndcg@5 : 0.2594    ndcg@10 : 0.3014    ndcg@20 : 0.3412    ndcg@30 : 0.3654    ndcg@50 : 0.3854    precision@1 : 0.1782    precision@2 : 0.1579    precision@3 : 0.1406    precision@4 : 0.1246    precision@5 : 0.1144    precision@10 : 0.0818    precision@20 : 0.056    precision@30 : 0.0444    precision@50 : 0.0312    map@1 : 0.1782    map@2 : 0.1841    map@3 : 0.1927    map@4 : 0.1979    map@5 : 0.2038    map@10 : 0.2203    map@20 : 0.2333    map@30 : 0.2397    map@50 : 0.2442
Sun 15 Mar 2026 22:46:10 INFO  epoch 20 training [time: 0.15s, train loss: 3.3061]
Sun 15 Mar 2026 22:46:10 INFO  epoch 20 evaluating [time: 0.14s, valid_score: 0.301200]
Sun 15 Mar 2026 22:46:10 INFO  valid result: 
recall@1 : 0.1134    recall@2 : 0.1964    recall@3 : 0.256    recall@4 : 0.2963    recall@5 : 0.3316    recall@10 : 0.451    recall@20 : 0.5848    recall@30 : 0.6784    recall@50 : 0.7597    ndcg@1 : 0.1782    ndcg@2 : 0.2093    ndcg@3 : 0.2316    ndcg@4 : 0.2459    ndcg@5 : 0.2594    ndcg@10 : 0.3012    ndcg@20 : 0.341    ndcg@30 : 0.3654    ndcg@50 : 0.3853    precision@1 : 0.1782    precision@2 : 0.1579    precision@3 : 0.1404    precision@4 : 0.1246    precision@5 : 0.1144    precision@10 : 0.0818    precision@20 : 0.0559    precision@30 : 0.0445    precision@50 : 0.0312    map@1 : 0.1782    map@2 : 0.1841    map@3 : 0.1926    map@4 : 0.1978    map@5 : 0.2038    map@10 : 0.2202    map@20 : 0.2332    map@30 : 0.2397    map@50 : 0.2442
Sun 15 Mar 2026 22:46:10 INFO  epoch 21 training [time: 0.14s, train loss: 3.2981]
Sun 15 Mar 2026 22:46:10 INFO  epoch 21 evaluating [time: 0.15s, valid_score: 0.301100]
Sun 15 Mar 2026 22:46:10 INFO  valid result: 
recall@1 : 0.1134    recall@2 : 0.1958    recall@3 : 0.256    recall@4 : 0.2968    recall@5 : 0.3315    recall@10 : 0.4509    recall@20 : 0.5835    recall@30 : 0.6798    recall@50 : 0.7595    ndcg@1 : 0.1782    ndcg@2 : 0.209    ndcg@3 : 0.2315    ndcg@4 : 0.2459    ndcg@5 : 0.2592    ndcg@10 : 0.3011    ndcg@20 : 0.3406    ndcg@30 : 0.3656    ndcg@50 : 0.3852    precision@1 : 0.1782    precision@2 : 0.1576    precision@3 : 0.1404    precision@4 : 0.1246    precision@5 : 0.1142    precision@10 : 0.0817    precision@20 : 0.0557    precision@30 : 0.0446    precision@50 : 0.0312    map@1 : 0.1782    map@2 : 0.1838    map@3 : 0.1925    map@4 : 0.1978    map@5 : 0.2036    map@10 : 0.2201    map@20 : 0.233    map@30 : 0.2397    map@50 : 0.2441
Sun 15 Mar 2026 22:46:10 INFO  epoch 22 training [time: 0.13s, train loss: 3.2626]
Sun 15 Mar 2026 22:46:10 INFO  epoch 22 evaluating [time: 0.14s, valid_score: 0.301000]
Sun 15 Mar 2026 22:46:10 INFO  valid result: 
recall@1 : 0.1132    recall@2 : 0.1958    recall@3 : 0.2569    recall@4 : 0.2966    recall@5 : 0.33    recall@10 : 0.4511    recall@20 : 0.5836    recall@30 : 0.68    recall@50 : 0.7593    ndcg@1 : 0.1776    ndcg@2 : 0.2088    ndcg@3 : 0.2319    ndcg@4 : 0.2459    ndcg@5 : 0.2586    ndcg@10 : 0.301    ndcg@20 : 0.3405    ndcg@30 : 0.3656    ndcg@50 : 0.3849    precision@1 : 0.1776    precision@2 : 0.1576    precision@3 : 0.141    precision@4 : 0.1246    precision@5 : 0.1138    precision@10 : 0.0818    precision@20 : 0.0558    precision@30 : 0.0446    precision@50 : 0.0311    map@1 : 0.1776    map@2 : 0.1838    map@3 : 0.1926    map@4 : 0.1979    map@5 : 0.2033    map@10 : 0.22    map@20 : 0.233    map@30 : 0.2396    map@50 : 0.244
Sun 15 Mar 2026 22:46:10 INFO  Finished training, best eval result in epoch 11
Sun 15 Mar 2026 22:46:10 INFO  Loading model structure and parameters from saved/LightGCN-Mar-15-2026_22-46-02.pth
Sun 15 Mar 2026 22:46:10 INFO  best valid : OrderedDict([('recall@1', 0.1134), ('recall@2', 0.197), ('recall@3', 0.2575), ('recall@4', 0.2979), ('recall@5', 0.3325), ('recall@10', 0.453), ('recall@20', 0.5878), ('recall@30', 0.6791), ('recall@50', 0.7623), ('ndcg@1', 0.1776), ('ndcg@2', 0.2096), ('ndcg@3', 0.2324), ('ndcg@4', 0.2469), ('ndcg@5', 0.2598), ('ndcg@10', 0.3019), ('ndcg@20', 0.3421), ('ndcg@30', 0.3659), ('ndcg@50', 0.3862), ('precision@1', 0.1776), ('precision@2', 0.1582), ('precision@3', 0.1412), ('precision@4', 0.1253), ('precision@5', 0.1142), ('precision@10', 0.0815), ('precision@20', 0.056), ('precision@30', 0.0444), ('precision@50', 0.0312), ('map@1', 0.1776), ('map@2', 0.1843), ('map@3', 0.1932), ('map@4', 0.1984), ('map@5', 0.2041), ('map@10', 0.2207), ('map@20', 0.2338), ('map@30', 0.2401), ('map@50', 0.2447)])
Sun 15 Mar 2026 22:46:10 INFO  test result: OrderedDict([('recall@1', 0.1448), ('recall@2', 0.2329), ('recall@3', 0.2829), ('recall@4', 0.3298), ('recall@5', 0.3567), ('recall@10', 0.4759), ('recall@20', 0.6083), ('recall@30', 0.6957), ('recall@50', 0.7806), ('ndcg@1', 0.2383), ('ndcg@2', 0.2561), ('ndcg@3', 0.271), ('ndcg@4', 0.2864), ('ndcg@5', 0.2951), ('ndcg@10', 0.3345), ('ndcg@20', 0.372), ('ndcg@30', 0.3944), ('ndcg@50', 0.4153), ('precision@1', 0.2383), ('precision@2', 0.1866), ('precision@3', 0.1589), ('precision@4', 0.141), ('precision@5', 0.1247), ('precision@10', 0.0856), ('precision@20', 0.0565), ('precision@30', 0.044), ('precision@50', 0.0311), ('map@1', 0.2383), ('map@2', 0.2306), ('map@3', 0.2324), ('map@4', 0.2372), ('map@5', 0.24), ('map@10', 0.2551), ('map@20', 0.2666), ('map@30', 0.2724), ('map@50', 0.2773)])
Sun 15 Mar 2026 22:46:10 INFO  training time: 6.9178s
Sun 15 Mar 2026 22:46:10 INFO  result file: results/again2/lightgcn_lightgcn_seed2029.json
