Sun 15 Mar 2026 21:25:57 INFO  
General Hyper Parameters:
gpu_id = 0
use_gpu = True
seed = 2020
state = INFO
reproducibility = True
data_path = ./travel
checkpoint_dir = saved
show_progress = True
save_dataset = False
dataset_save_path = None
save_dataloaders = False
dataloaders_save_path = None
log_wandb = False

Training Hyper Parameters:
epochs = 1000
train_batch_size = 100
learner = adam
learning_rate = 0.001
train_neg_sample_args = {'distribution': 'uniform', 'sample_num': 1, 'alpha': 1.0, 'dynamic': False, 'candidate_num': 0}
eval_step = 1
stopping_step = 20
clip_grad_norm = None
weight_decay = 0.0
loss_decimal_place = 4

Evaluation Hyper Parameters:
eval_args = {'split': {'RS': [0.8, 0.1, 0.1]}, 'order': 'RO', 'group_by': 'user', 'mode': {'valid': 'full', 'test': 'full'}}
repeatable = False
metrics = ['Recall', 'NDCG', 'Precision', 'MAP']
topk = [1, 2, 3, 4, 5, 10, 20, 30, 50]
valid_metric = NDCG@10
valid_metric_bigger = True
eval_batch_size = 100
metric_decimal_place = 4

Dataset Hyper Parameters:
field_separator = 	
seq_separator =  
USER_ID_FIELD = user_id
ITEM_ID_FIELD = item_id
RATING_FIELD = rating
TIME_FIELD = timestamp
seq_len = None
LABEL_FIELD = label
threshold = None
NEG_PREFIX = neg_
load_col = {'inter': ['user_id', 'item_id', 'rating'], 'user': ['user_id', 'post_num', 'follower', 'following', 'timestamp']}
unload_col = None
unused_col = None
additional_feat_suffix = None
rm_dup_inter = None
val_interval = {'rating': '[0,inf)'}
filter_inter_by_user_or_item = True
user_inter_num_interval = [0,inf)
item_inter_num_interval = [0,inf)
alias_of_user_id = None
alias_of_item_id = None
alias_of_entity_id = None
alias_of_relation_id = None
preload_weight = None
normalize_field = None
normalize_all = None
ITEM_LIST_LENGTH_FIELD = item_length
LIST_SUFFIX = _list
MAX_ITEM_LIST_LENGTH = 50
POSITION_FIELD = position_id
HEAD_ENTITY_ID_FIELD = head_id
TAIL_ENTITY_ID_FIELD = tail_id
RELATION_ID_FIELD = relation_id
ENTITY_ID_FIELD = entity_id
benchmark_filename = None

Other Hyper Parameters: 
worker = 0
wandb_project = recbole
shuffle = True
require_pow = False
enable_amp = False
enable_scaler = False
transform = None
embedding_size = 64
n_layers = 3
reg_weight = 0.0001
numerical_features = []
discretization = None
kg_reverse_r = False
entity_kg_num_interval = [0,inf)
relation_kg_num_interval = [0,inf)
MODEL_TYPE = ModelType.GENERAL
MODEL_INPUT_TYPE = InputType.PAIRWISE
eval_type = EvaluatorType.RANKING
single_spec = True
local_rank = 0
device = cuda
valid_neg_sample_args = {'distribution': 'uniform', 'sample_num': 'none'}
test_neg_sample_args = {'distribution': 'uniform', 'sample_num': 'none'}


Sun 15 Mar 2026 21:25:57 INFO  travel
The number of users: 2010
Average actions of users: 18.721254355400696
The number of items: 247
Average actions of items: 152.890243902439
The number of inters: 37611
The sparsity of the dataset: 92.42431566862047%
Remain Fields: ['user_id', 'item_id', 'rating', 'post_num', 'follower', 'following', 'timestamp']
Sun 15 Mar 2026 21:25:57 INFO  [Training]: train_batch_size = [100] train_neg_sample_args: [{'distribution': 'uniform', 'sample_num': 1, 'alpha': 1.0, 'dynamic': False, 'candidate_num': 0}]
Sun 15 Mar 2026 21:25:57 INFO  [Evaluation]: eval_batch_size = [100] eval_args: [{'split': {'RS': [0.8, 0.1, 0.1]}, 'order': 'RO', 'group_by': 'user', 'mode': {'valid': 'full', 'test': 'full'}}]
Sun 15 Mar 2026 21:25:57 INFO  LightGCN(
  (user_embedding): Embedding(2010, 64)
  (item_embedding): Embedding(247, 64)
  (mf_loss): BPRLoss()
  (reg_loss): EmbLoss()
)
Trainable parameters: 144448
Sun 15 Mar 2026 21:25:57 INFO  trainable parameters: 144448
Sun 15 Mar 2026 21:26:02 INFO  epoch 0 training [time: 3.66s, train loss: 156.9049]
Sun 15 Mar 2026 21:26:05 INFO  epoch 0 evaluating [time: 3.39s, valid_score: 0.312600]
Sun 15 Mar 2026 21:26:05 INFO  valid result: 
recall@1 : 0.1224    recall@2 : 0.199    recall@3 : 0.2637    recall@4 : 0.3046    recall@5 : 0.3438    recall@10 : 0.4702    recall@20 : 0.5907    recall@30 : 0.6776    recall@50 : 0.7605    ndcg@1 : 0.1949    ndcg@2 : 0.216    ndcg@3 : 0.2396    ndcg@4 : 0.2541    ndcg@5 : 0.2687    ndcg@10 : 0.3126    ndcg@20 : 0.348    ndcg@30 : 0.3705    ndcg@50 : 0.3907    precision@1 : 0.1949    precision@2 : 0.1597    precision@3 : 0.1418    precision@4 : 0.1266    precision@5 : 0.1162    precision@10 : 0.0828    precision@20 : 0.0548    precision@30 : 0.0433    precision@50 : 0.0305    map@1 : 0.1949    map@2 : 0.1913    map@3 : 0.2    map@4 : 0.2051    map@5 : 0.2111    map@10 : 0.2292    map@20 : 0.2405    map@30 : 0.2463    map@50 : 0.2507
Sun 15 Mar 2026 21:26:05 INFO  Saving current: saved/LightGCN-Mar-15-2026_21-25-57.pth
Sun 15 Mar 2026 21:26:09 INFO  epoch 1 training [time: 3.21s, train loss: 123.2030]
Sun 15 Mar 2026 21:26:12 INFO  epoch 1 evaluating [time: 3.35s, valid_score: 0.302300]
Sun 15 Mar 2026 21:26:12 INFO  valid result: 
recall@1 : 0.0992    recall@2 : 0.1993    recall@3 : 0.2645    recall@4 : 0.3047    recall@5 : 0.3445    recall@10 : 0.4645    recall@20 : 0.5921    recall@30 : 0.6647    recall@50 : 0.7436    ndcg@1 : 0.1716    ndcg@2 : 0.208    ndcg@3 : 0.2316    ndcg@4 : 0.2458    ndcg@5 : 0.2606    ndcg@10 : 0.3023    ndcg@20 : 0.34    ndcg@30 : 0.3596    ndcg@50 : 0.379    precision@1 : 0.1716    precision@2 : 0.1603    precision@3 : 0.1422    precision@4 : 0.1266    precision@5 : 0.1166    precision@10 : 0.0821    precision@20 : 0.0553    precision@30 : 0.0432    precision@50 : 0.0304    map@1 : 0.1716    map@2 : 0.1801    map@3 : 0.1886    map@4 : 0.1937    map@5 : 0.2002    map@10 : 0.217    map@20 : 0.2291    map@30 : 0.2345    map@50 : 0.2388
Sun 15 Mar 2026 21:26:15 INFO  epoch 2 training [time: 3.35s, train loss: 120.2363]
Sun 15 Mar 2026 21:26:19 INFO  epoch 2 evaluating [time: 3.31s, valid_score: 0.301200]
Sun 15 Mar 2026 21:26:19 INFO  valid result: 
recall@1 : 0.0995    recall@2 : 0.1991    recall@3 : 0.2619    recall@4 : 0.301    recall@5 : 0.3403    recall@10 : 0.4621    recall@20 : 0.5912    recall@30 : 0.6648    recall@50 : 0.7436    ndcg@1 : 0.1728    ndcg@2 : 0.2083    ndcg@3 : 0.2299    ndcg@4 : 0.244    ndcg@5 : 0.2586    ndcg@10 : 0.3012    ndcg@20 : 0.3394    ndcg@30 : 0.3591    ndcg@50 : 0.3787    precision@1 : 0.1728    precision@2 : 0.1603    precision@3 : 0.14    precision@4 : 0.1253    precision@5 : 0.1155    precision@10 : 0.0819    precision@20 : 0.0554    precision@30 : 0.0432    precision@50 : 0.0304    map@1 : 0.1728    map@2 : 0.1807    map@3 : 0.1879    map@4 : 0.1929    map@5 : 0.1989    map@10 : 0.2163    map@20 : 0.2287    map@30 : 0.2341    map@50 : 0.2385
Sun 15 Mar 2026 21:26:22 INFO  epoch 3 training [time: 3.19s, train loss: 120.8546]
Sun 15 Mar 2026 21:26:25 INFO  epoch 3 evaluating [time: 3.12s, valid_score: 0.301800]
Sun 15 Mar 2026 21:26:25 INFO  valid result: 
recall@1 : 0.0994    recall@2 : 0.1993    recall@3 : 0.2628    recall@4 : 0.3032    recall@5 : 0.3406    recall@10 : 0.4636    recall@20 : 0.5923    recall@30 : 0.6646    recall@50 : 0.747    ndcg@1 : 0.1722    ndcg@2 : 0.2086    ndcg@3 : 0.23    ndcg@4 : 0.2449    ndcg@5 : 0.2588    ndcg@10 : 0.3018    ndcg@20 : 0.34    ndcg@30 : 0.3593    ndcg@50 : 0.3795    precision@1 : 0.1722    precision@2 : 0.1609    precision@3 : 0.1398    precision@4 : 0.1259    precision@5 : 0.1154    precision@10 : 0.0823    precision@20 : 0.0557    precision@30 : 0.0432    precision@50 : 0.0305    map@1 : 0.1722    map@2 : 0.181    map@3 : 0.1879    map@4 : 0.1934    map@5 : 0.1992    map@10 : 0.2166    map@20 : 0.2291    map@30 : 0.2343    map@50 : 0.2388
Sun 15 Mar 2026 21:26:28 INFO  epoch 4 training [time: 3.37s, train loss: 118.8323]
Sun 15 Mar 2026 21:26:32 INFO  epoch 4 evaluating [time: 3.25s, valid_score: 0.303300]
Sun 15 Mar 2026 21:26:32 INFO  valid result: 
recall@1 : 0.0994    recall@2 : 0.1989    recall@3 : 0.2632    recall@4 : 0.3017    recall@5 : 0.3391    recall@10 : 0.4687    recall@20 : 0.5942    recall@30 : 0.6616    recall@50 : 0.76    ndcg@1 : 0.1722    ndcg@2 : 0.2079    ndcg@3 : 0.2305    ndcg@4 : 0.2442    ndcg@5 : 0.2582    ndcg@10 : 0.3033    ndcg@20 : 0.3407    ndcg@30 : 0.3588    ndcg@50 : 0.382    precision@1 : 0.1722    precision@2 : 0.16    precision@3 : 0.1408    precision@4 : 0.1256    precision@5 : 0.1153    precision@10 : 0.083    precision@20 : 0.0559    precision@30 : 0.0431    precision@50 : 0.0309    map@1 : 0.1722    map@2 : 0.1804    map@3 : 0.1885    map@4 : 0.193    map@5 : 0.1989    map@10 : 0.2171    map@20 : 0.2294    map@30 : 0.2343    map@50 : 0.2392
Sun 15 Mar 2026 21:26:35 INFO  epoch 5 training [time: 3.18s, train loss: 117.5644]
Sun 15 Mar 2026 21:26:38 INFO  epoch 5 evaluating [time: 3.30s, valid_score: 0.303400]
Sun 15 Mar 2026 21:26:38 INFO  valid result: 
recall@1 : 0.0991    recall@2 : 0.1979    recall@3 : 0.2631    recall@4 : 0.3047    recall@5 : 0.3426    recall@10 : 0.469    recall@20 : 0.5909    recall@30 : 0.662    recall@50 : 0.7478    ndcg@1 : 0.1728    ndcg@2 : 0.2072    ndcg@3 : 0.2304    ndcg@4 : 0.2452    ndcg@5 : 0.2596    ndcg@10 : 0.3034    ndcg@20 : 0.3398    ndcg@30 : 0.3588    ndcg@50 : 0.3797    precision@1 : 0.1728    precision@2 : 0.1591    precision@3 : 0.1406    precision@4 : 0.1257    precision@5 : 0.1162    precision@10 : 0.083    precision@20 : 0.0557    precision@30 : 0.0431    precision@50 : 0.0306    map@1 : 0.1728    map@2 : 0.1798    map@3 : 0.1882    map@4 : 0.1933    map@5 : 0.1993    map@10 : 0.217    map@20 : 0.2291    map@30 : 0.2342    map@50 : 0.2388
Sun 15 Mar 2026 21:26:41 INFO  epoch 6 training [time: 3.40s, train loss: 116.0706]
Sun 15 Mar 2026 21:26:45 INFO  epoch 6 evaluating [time: 3.24s, valid_score: 0.302800]
Sun 15 Mar 2026 21:26:45 INFO  valid result: 
recall@1 : 0.0991    recall@2 : 0.1974    recall@3 : 0.2621    recall@4 : 0.3058    recall@5 : 0.3415    recall@10 : 0.4674    recall@20 : 0.592    recall@30 : 0.6638    recall@50 : 0.7478    ndcg@1 : 0.1728    ndcg@2 : 0.2068    ndcg@3 : 0.2296    ndcg@4 : 0.2458    ndcg@5 : 0.259    ndcg@10 : 0.3028    ndcg@20 : 0.34    ndcg@30 : 0.3591    ndcg@50 : 0.3796    precision@1 : 0.1728    precision@2 : 0.1588    precision@3 : 0.1398    precision@4 : 0.1268    precision@5 : 0.1157    precision@10 : 0.083    precision@20 : 0.0559    precision@30 : 0.0432    precision@50 : 0.0306    map@1 : 0.1728    map@2 : 0.1795    map@3 : 0.1876    map@4 : 0.1934    map@5 : 0.1987    map@10 : 0.2166    map@20 : 0.2289    map@30 : 0.234    map@50 : 0.2386
Sun 15 Mar 2026 21:26:48 INFO  epoch 7 training [time: 2.91s, train loss: 115.3682]
Sun 15 Mar 2026 21:26:51 INFO  epoch 7 evaluating [time: 3.24s, valid_score: 0.301200]
Sun 15 Mar 2026 21:26:51 INFO  valid result: 
recall@1 : 0.0993    recall@2 : 0.1973    recall@3 : 0.2563    recall@4 : 0.3076    recall@5 : 0.3457    recall@10 : 0.4622    recall@20 : 0.5944    recall@30 : 0.6673    recall@50 : 0.7495    ndcg@1 : 0.174    ndcg@2 : 0.2066    ndcg@3 : 0.2273    ndcg@4 : 0.2462    ndcg@5 : 0.2605    ndcg@10 : 0.3012    ndcg@20 : 0.3407    ndcg@30 : 0.3602    ndcg@50 : 0.3802    precision@1 : 0.174    precision@2 : 0.1579    precision@3 : 0.1391    precision@4 : 0.1271    precision@5 : 0.1168    precision@10 : 0.0823    precision@20 : 0.0563    precision@30 : 0.0436    precision@50 : 0.0307    map@1 : 0.174    map@2 : 0.1794    map@3 : 0.186    map@4 : 0.1934    map@5 : 0.1994    map@10 : 0.2159    map@20 : 0.229    map@30 : 0.2342    map@50 : 0.2387
Sun 15 Mar 2026 21:26:54 INFO  epoch 8 training [time: 2.91s, train loss: 115.7787]
Sun 15 Mar 2026 21:26:57 INFO  epoch 8 evaluating [time: 3.34s, valid_score: 0.311600]
Sun 15 Mar 2026 21:26:57 INFO  valid result: 
recall@1 : 0.1223    recall@2 : 0.1984    recall@3 : 0.2633    recall@4 : 0.3098    recall@5 : 0.343    recall@10 : 0.4661    recall@20 : 0.5971    recall@30 : 0.6699    recall@50 : 0.7501    ndcg@1 : 0.1967    ndcg@2 : 0.2163    ndcg@3 : 0.2398    ndcg@4 : 0.2566    ndcg@5 : 0.2688    ndcg@10 : 0.3116    ndcg@20 : 0.351    ndcg@30 : 0.3703    ndcg@50 : 0.3901    precision@1 : 0.1967    precision@2 : 0.1597    precision@3 : 0.1422    precision@4 : 0.1283    precision@5 : 0.1163    precision@10 : 0.0828    precision@20 : 0.0567    precision@30 : 0.0438    precision@50 : 0.0308    map@1 : 0.1967    map@2 : 0.1917    map@3 : 0.2001    map@4 : 0.2063    map@5 : 0.2112    map@10 : 0.2286    map@20 : 0.2418    map@30 : 0.2469    map@50 : 0.2515
Sun 15 Mar 2026 21:27:00 INFO  epoch 9 training [time: 3.35s, train loss: 115.7127]
Sun 15 Mar 2026 21:27:04 INFO  epoch 9 evaluating [time: 3.17s, valid_score: 0.304400]
Sun 15 Mar 2026 21:27:04 INFO  valid result: 
recall@1 : 0.1006    recall@2 : 0.1989    recall@3 : 0.2623    recall@4 : 0.3111    recall@5 : 0.3428    recall@10 : 0.4675    recall@20 : 0.6026    recall@30 : 0.677    recall@50 : 0.7574    ndcg@1 : 0.1746    ndcg@2 : 0.2088    ndcg@3 : 0.2316    ndcg@4 : 0.2491    ndcg@5 : 0.2611    ndcg@10 : 0.3044    ndcg@20 : 0.3449    ndcg@30 : 0.3646    ndcg@50 : 0.3841    precision@1 : 0.1746    precision@2 : 0.16    precision@3 : 0.1422    precision@4 : 0.1281    precision@5 : 0.1172    precision@10 : 0.0833    precision@20 : 0.0573    precision@30 : 0.0444    precision@50 : 0.031    map@1 : 0.1746    map@2 : 0.1815    map@3 : 0.1892    map@4 : 0.196    map@5 : 0.2006    map@10 : 0.2184    map@20 : 0.2318    map@30 : 0.2372    map@50 : 0.2416
Sun 15 Mar 2026 21:27:07 INFO  epoch 10 training [time: 3.28s, train loss: 110.9757]
Sun 15 Mar 2026 21:27:10 INFO  epoch 10 evaluating [time: 3.30s, valid_score: 0.304500]
Sun 15 Mar 2026 21:27:10 INFO  valid result: 
recall@1 : 0.0998    recall@2 : 0.1988    recall@3 : 0.2617    recall@4 : 0.3105    recall@5 : 0.3416    recall@10 : 0.4677    recall@20 : 0.6071    recall@30 : 0.6811    recall@50 : 0.7702    ndcg@1 : 0.1746    ndcg@2 : 0.2087    ndcg@3 : 0.2316    ndcg@4 : 0.2487    ndcg@5 : 0.2607    ndcg@10 : 0.3045    ndcg@20 : 0.3462    ndcg@30 : 0.3659    ndcg@50 : 0.387    precision@1 : 0.1746    precision@2 : 0.1603    precision@3 : 0.1432    precision@4 : 0.1281    precision@5 : 0.1175    precision@10 : 0.0838    precision@20 : 0.0578    precision@30 : 0.0448    precision@50 : 0.0315    map@1 : 0.1746    map@2 : 0.1815    map@3 : 0.189    map@4 : 0.1956    map@5 : 0.2004    map@10 : 0.2182    map@20 : 0.2322    map@30 : 0.2376    map@50 : 0.2422
Sun 15 Mar 2026 21:27:13 INFO  epoch 11 training [time: 3.09s, train loss: 109.5205]
Sun 15 Mar 2026 21:27:17 INFO  epoch 11 evaluating [time: 3.25s, valid_score: 0.305700]
Sun 15 Mar 2026 21:27:17 INFO  valid result: 
recall@1 : 0.0997    recall@2 : 0.2007    recall@3 : 0.2617    recall@4 : 0.3093    recall@5 : 0.3426    recall@10 : 0.47    recall@20 : 0.6119    recall@30 : 0.6868    recall@50 : 0.7769    ndcg@1 : 0.174    ndcg@2 : 0.2109    ndcg@3 : 0.2327    ndcg@4 : 0.2491    ndcg@5 : 0.2615    ndcg@10 : 0.3057    ndcg@20 : 0.3483    ndcg@30 : 0.3682    ndcg@50 : 0.3895    precision@1 : 0.174    precision@2 : 0.1633    precision@3 : 0.1448    precision@4 : 0.129    precision@5 : 0.1178    precision@10 : 0.0843    precision@20 : 0.0587    precision@30 : 0.0452    precision@50 : 0.0318    map@1 : 0.174    map@2 : 0.1831    map@3 : 0.1897    map@4 : 0.1959    map@5 : 0.201    map@10 : 0.2189    map@20 : 0.2334    map@30 : 0.2388    map@50 : 0.2435
Sun 15 Mar 2026 21:27:20 INFO  epoch 12 training [time: 3.01s, train loss: 108.9341]
Sun 15 Mar 2026 21:27:23 INFO  epoch 12 evaluating [time: 3.32s, valid_score: 0.312500]
Sun 15 Mar 2026 21:27:23 INFO  valid result: 
recall@1 : 0.1116    recall@2 : 0.203    recall@3 : 0.2657    recall@4 : 0.3053    recall@5 : 0.345    recall@10 : 0.4733    recall@20 : 0.6141    recall@30 : 0.6911    recall@50 : 0.7851    ndcg@1 : 0.1865    ndcg@2 : 0.2178    ndcg@3 : 0.24    ndcg@4 : 0.2533    ndcg@5 : 0.268    ndcg@10 : 0.3125    ndcg@20 : 0.3547    ndcg@30 : 0.3752    ndcg@50 : 0.3972    precision@1 : 0.1865    precision@2 : 0.1663    precision@3 : 0.147    precision@4 : 0.1295    precision@5 : 0.1194    precision@10 : 0.0857    precision@20 : 0.0591    precision@30 : 0.0458    precision@50 : 0.0322    map@1 : 0.1865    map@2 : 0.1909    map@3 : 0.1979    map@4 : 0.2023    map@5 : 0.2084    map@10 : 0.2269    map@20 : 0.241    map@30 : 0.2467    map@50 : 0.2516
Sun 15 Mar 2026 21:27:26 INFO  epoch 13 training [time: 3.37s, train loss: 105.1531]
Sun 15 Mar 2026 21:27:30 INFO  epoch 13 evaluating [time: 3.32s, valid_score: 0.310600]
Sun 15 Mar 2026 21:27:30 INFO  valid result: 
recall@1 : 0.1043    recall@2 : 0.2042    recall@3 : 0.2673    recall@4 : 0.3048    recall@5 : 0.3443    recall@10 : 0.473    recall@20 : 0.6169    recall@30 : 0.6926    recall@50 : 0.7885    ndcg@1 : 0.1824    ndcg@2 : 0.2167    ndcg@3 : 0.2394    ndcg@4 : 0.2514    ndcg@5 : 0.2657    ndcg@10 : 0.3106    ndcg@20 : 0.3534    ndcg@30 : 0.3738    ndcg@50 : 0.3962    precision@1 : 0.1824    precision@2 : 0.1675    precision@3 : 0.1488    precision@4 : 0.1305    precision@5 : 0.1195    precision@10 : 0.0864    precision@20 : 0.0595    precision@30 : 0.046    precision@50 : 0.0325    map@1 : 0.1824    map@2 : 0.188    map@3 : 0.1958    map@4 : 0.1995    map@5 : 0.2054    map@10 : 0.2239    map@20 : 0.2382    map@30 : 0.244    map@50 : 0.249
Sun 15 Mar 2026 21:27:33 INFO  epoch 14 training [time: 3.20s, train loss: 104.1786]
Sun 15 Mar 2026 21:27:36 INFO  epoch 14 evaluating [time: 3.05s, valid_score: 0.311600]
Sun 15 Mar 2026 21:27:36 INFO  valid result: 
recall@1 : 0.1048    recall@2 : 0.2024    recall@3 : 0.2668    recall@4 : 0.3058    recall@5 : 0.3425    recall@10 : 0.4743    recall@20 : 0.6194    recall@30 : 0.6923    recall@50 : 0.7952    ndcg@1 : 0.1818    ndcg@2 : 0.2157    ndcg@3 : 0.2389    ndcg@4 : 0.2517    ndcg@5 : 0.2652    ndcg@10 : 0.3116    ndcg@20 : 0.3545    ndcg@30 : 0.3743    ndcg@50 : 0.3983    precision@1 : 0.1818    precision@2 : 0.1666    precision@3 : 0.1484    precision@4 : 0.1308    precision@5 : 0.1199    precision@10 : 0.0875    precision@20 : 0.0598    precision@30 : 0.0462    precision@50 : 0.0329    map@1 : 0.1818    map@2 : 0.1876    map@3 : 0.1957    map@4 : 0.1999    map@5 : 0.2056    map@10 : 0.2248    map@20 : 0.2391    map@30 : 0.2448    map@50 : 0.2502
Sun 15 Mar 2026 21:27:39 INFO  epoch 15 training [time: 3.37s, train loss: 101.8763]
Sun 15 Mar 2026 21:27:43 INFO  epoch 15 evaluating [time: 3.35s, valid_score: 0.319500]
Sun 15 Mar 2026 21:27:43 INFO  valid result: 
recall@1 : 0.1224    recall@2 : 0.2038    recall@3 : 0.2661    recall@4 : 0.3054    recall@5 : 0.3402    recall@10 : 0.4768    recall@20 : 0.622    recall@30 : 0.6959    recall@50 : 0.8012    ndcg@1 : 0.2008    ndcg@2 : 0.2232    ndcg@3 : 0.2451    ndcg@4 : 0.2585    ndcg@5 : 0.2709    ndcg@10 : 0.3195    ndcg@20 : 0.3622    ndcg@30 : 0.3824    ndcg@50 : 0.4066    precision@1 : 0.2008    precision@2 : 0.1669    precision@3 : 0.148    precision@4 : 0.1314    precision@5 : 0.1193    precision@10 : 0.0882    precision@20 : 0.06    precision@30 : 0.0466    precision@50 : 0.0331    map@1 : 0.2008    map@2 : 0.1974    map@3 : 0.2047    map@4 : 0.2093    map@5 : 0.2142    map@10 : 0.2345    map@20 : 0.2488    map@30 : 0.2547    map@50 : 0.26
Sun 15 Mar 2026 21:27:43 INFO  Saving current: saved/LightGCN-Mar-15-2026_21-25-57.pth
Sun 15 Mar 2026 21:27:46 INFO  epoch 16 training [time: 3.29s, train loss: 99.0516]
Sun 15 Mar 2026 21:27:49 INFO  epoch 16 evaluating [time: 3.37s, valid_score: 0.320800]
Sun 15 Mar 2026 21:27:49 INFO  valid result: 
recall@1 : 0.1215    recall@2 : 0.2022    recall@3 : 0.2679    recall@4 : 0.3042    recall@5 : 0.3416    recall@10 : 0.4821    recall@20 : 0.6231    recall@30 : 0.6948    recall@50 : 0.8016    ndcg@1 : 0.2014    ndcg@2 : 0.2227    ndcg@3 : 0.2457    ndcg@4 : 0.2575    ndcg@5 : 0.2712    ndcg@10 : 0.3208    ndcg@20 : 0.3628    ndcg@30 : 0.3823    ndcg@50 : 0.4069    precision@1 : 0.2014    precision@2 : 0.1672    precision@3 : 0.1488    precision@4 : 0.1305    precision@5 : 0.1198    precision@10 : 0.0886    precision@20 : 0.0604    precision@30 : 0.0466    precision@50 : 0.0331    map@1 : 0.2014    map@2 : 0.1971    map@3 : 0.2047    map@4 : 0.2083    map@5 : 0.2139    map@10 : 0.2347    map@20 : 0.2488    map@30 : 0.2546    map@50 : 0.26
Sun 15 Mar 2026 21:27:49 INFO  Saving current: saved/LightGCN-Mar-15-2026_21-25-57.pth
Sun 15 Mar 2026 21:27:52 INFO  epoch 17 training [time: 3.11s, train loss: 99.5965]
Sun 15 Mar 2026 21:27:56 INFO  epoch 17 evaluating [time: 3.33s, valid_score: 0.324200]
Sun 15 Mar 2026 21:27:56 INFO  valid result: 
recall@1 : 0.1255    recall@2 : 0.2032    recall@3 : 0.2679    recall@4 : 0.3072    recall@5 : 0.3409    recall@10 : 0.4853    recall@20 : 0.6243    recall@30 : 0.6961    recall@50 : 0.8049    ndcg@1 : 0.2068    ndcg@2 : 0.2251    ndcg@3 : 0.2477    ndcg@4 : 0.261    ndcg@5 : 0.2733    ndcg@10 : 0.3242    ndcg@20 : 0.3653    ndcg@30 : 0.3849    ndcg@50 : 0.41    precision@1 : 0.2068    precision@2 : 0.1678    precision@3 : 0.1496    precision@4 : 0.1326    precision@5 : 0.1209    precision@10 : 0.0895    precision@20 : 0.0604    precision@30 : 0.0468    precision@50 : 0.0333    map@1 : 0.2068    map@2 : 0.1995    map@3 : 0.2069    map@4 : 0.2114    map@5 : 0.2165    map@10 : 0.238    map@20 : 0.2517    map@30 : 0.2575    map@50 : 0.263
Sun 15 Mar 2026 21:27:56 INFO  Saving current: saved/LightGCN-Mar-15-2026_21-25-57.pth
Sun 15 Mar 2026 21:27:59 INFO  epoch 18 training [time: 3.03s, train loss: 97.7347]
Sun 15 Mar 2026 21:28:02 INFO  epoch 18 evaluating [time: 3.29s, valid_score: 0.324900]
Sun 15 Mar 2026 21:28:02 INFO  valid result: 
recall@1 : 0.1256    recall@2 : 0.2057    recall@3 : 0.2656    recall@4 : 0.3082    recall@5 : 0.3452    recall@10 : 0.4858    recall@20 : 0.6253    recall@30 : 0.6962    recall@50 : 0.8062    ndcg@1 : 0.2074    ndcg@2 : 0.2274    ndcg@3 : 0.2469    ndcg@4 : 0.2619    ndcg@5 : 0.2755    ndcg@10 : 0.3249    ndcg@20 : 0.3663    ndcg@30 : 0.3857    ndcg@50 : 0.411    precision@1 : 0.2074    precision@2 : 0.1704    precision@3 : 0.1486    precision@4 : 0.1332    precision@5 : 0.1219    precision@10 : 0.0896    precision@20 : 0.0605    precision@30 : 0.0468    precision@50 : 0.0334    map@1 : 0.2074    map@2 : 0.2011    map@3 : 0.2062    map@4 : 0.212    map@5 : 0.2176    map@10 : 0.2385    map@20 : 0.2524    map@30 : 0.2582    map@50 : 0.2637
Sun 15 Mar 2026 21:28:02 INFO  Saving current: saved/LightGCN-Mar-15-2026_21-25-57.pth
Sun 15 Mar 2026 21:28:05 INFO  epoch 19 training [time: 3.15s, train loss: 97.6310]
Sun 15 Mar 2026 21:28:08 INFO  epoch 19 evaluating [time: 3.33s, valid_score: 0.321800]
Sun 15 Mar 2026 21:28:08 INFO  valid result: 
recall@1 : 0.1196    recall@2 : 0.2045    recall@3 : 0.2617    recall@4 : 0.3081    recall@5 : 0.3442    recall@10 : 0.484    recall@20 : 0.6261    recall@30 : 0.6957    recall@50 : 0.8023    ndcg@1 : 0.2014    ndcg@2 : 0.2236    ndcg@3 : 0.2426    ndcg@4 : 0.2592    ndcg@5 : 0.2725    ndcg@10 : 0.3218    ndcg@20 : 0.364    ndcg@30 : 0.383    ndcg@50 : 0.4078    precision@1 : 0.2014    precision@2 : 0.1681    precision@3 : 0.1476    precision@4 : 0.1333    precision@5 : 0.1222    precision@10 : 0.0894    precision@20 : 0.0607    precision@30 : 0.0468    precision@50 : 0.0333    map@1 : 0.2014    map@2 : 0.1973    map@3 : 0.2019    map@4 : 0.2084    map@5 : 0.2139    map@10 : 0.2349    map@20 : 0.2491    map@30 : 0.2548    map@50 : 0.2603
Sun 15 Mar 2026 21:28:12 INFO  epoch 20 training [time: 3.20s, train loss: 94.9820]
Sun 15 Mar 2026 21:28:15 INFO  epoch 20 evaluating [time: 3.01s, valid_score: 0.320400]
Sun 15 Mar 2026 21:28:15 INFO  valid result: 
recall@1 : 0.1132    recall@2 : 0.208    recall@3 : 0.2634    recall@4 : 0.3048    recall@5 : 0.3473    recall@10 : 0.483    recall@20 : 0.6296    recall@30 : 0.6981    recall@50 : 0.8001    ndcg@1 : 0.1967    ndcg@2 : 0.2242    ndcg@3 : 0.2425    ndcg@4 : 0.2566    ndcg@5 : 0.2722    ndcg@10 : 0.3204    ndcg@20 : 0.3637    ndcg@30 : 0.3823    ndcg@50 : 0.4062    precision@1 : 0.1967    precision@2 : 0.1704    precision@3 : 0.1496    precision@4 : 0.1333    precision@5 : 0.1231    precision@10 : 0.0898    precision@20 : 0.0612    precision@30 : 0.047    precision@50 : 0.0334    map@1 : 0.1967    map@2 : 0.1965    map@3 : 0.2005    map@4 : 0.2054    map@5 : 0.2119    map@10 : 0.2328    map@20 : 0.2472    map@30 : 0.2528    map@50 : 0.2582
Sun 15 Mar 2026 21:28:18 INFO  epoch 21 training [time: 3.32s, train loss: 94.4856]
Sun 15 Mar 2026 21:28:21 INFO  epoch 21 evaluating [time: 3.30s, valid_score: 0.322700]
Sun 15 Mar 2026 21:28:21 INFO  valid result: 
recall@1 : 0.1151    recall@2 : 0.2107    recall@3 : 0.2636    recall@4 : 0.306    recall@5 : 0.3471    recall@10 : 0.485    recall@20 : 0.6285    recall@30 : 0.7    recall@50 : 0.8005    ndcg@1 : 0.1985    ndcg@2 : 0.2277    ndcg@3 : 0.2442    ndcg@4 : 0.2585    ndcg@5 : 0.2737    ndcg@10 : 0.3227    ndcg@20 : 0.3651    ndcg@30 : 0.3845    ndcg@50 : 0.4081    precision@1 : 0.1985    precision@2 : 0.1737    precision@3 : 0.1506    precision@4 : 0.1344    precision@5 : 0.124    precision@10 : 0.0905    precision@20 : 0.0613    precision@30 : 0.0472    precision@50 : 0.0334    map@1 : 0.1985    map@2 : 0.1995    map@3 : 0.2021    map@4 : 0.2068    map@5 : 0.2136    map@10 : 0.2347    map@20 : 0.249    map@30 : 0.2548    map@50 : 0.2602
Sun 15 Mar 2026 21:28:24 INFO  epoch 22 training [time: 3.11s, train loss: 94.5800]
Sun 15 Mar 2026 21:28:28 INFO  epoch 22 evaluating [time: 3.18s, valid_score: 0.326100]
Sun 15 Mar 2026 21:28:28 INFO  valid result: 
recall@1 : 0.1222    recall@2 : 0.2115    recall@3 : 0.2662    recall@4 : 0.3073    recall@5 : 0.3503    recall@10 : 0.4857    recall@20 : 0.6294    recall@30 : 0.7008    recall@50 : 0.7984    ndcg@1 : 0.2056    ndcg@2 : 0.2312    ndcg@3 : 0.2486    ndcg@4 : 0.2623    ndcg@5 : 0.2783    ndcg@10 : 0.3261    ndcg@20 : 0.3686    ndcg@30 : 0.3881    ndcg@50 : 0.4112    precision@1 : 0.2056    precision@2 : 0.1752    precision@3 : 0.1524    precision@4 : 0.1354    precision@5 : 0.1253    precision@10 : 0.0908    precision@20 : 0.0613    precision@30 : 0.0473    precision@50 : 0.0334    map@1 : 0.2056    map@2 : 0.2035    map@3 : 0.207    map@4 : 0.2112    map@5 : 0.2185    map@10 : 0.2392    map@20 : 0.2535    map@30 : 0.2593    map@50 : 0.2647
Sun 15 Mar 2026 21:28:28 INFO  Saving current: saved/LightGCN-Mar-15-2026_21-25-57.pth
Sun 15 Mar 2026 21:28:31 INFO  epoch 23 training [time: 3.00s, train loss: 92.7915]
Sun 15 Mar 2026 21:28:34 INFO  epoch 23 evaluating [time: 3.41s, valid_score: 0.325100]
Sun 15 Mar 2026 21:28:34 INFO  valid result: 
recall@1 : 0.1191    recall@2 : 0.2094    recall@3 : 0.2691    recall@4 : 0.3093    recall@5 : 0.351    recall@10 : 0.4843    recall@20 : 0.6314    recall@30 : 0.7047    recall@50 : 0.797    ndcg@1 : 0.2026    ndcg@2 : 0.2288    ndcg@3 : 0.2491    ndcg@4 : 0.2625    ndcg@5 : 0.2779    ndcg@10 : 0.3251    ndcg@20 : 0.3684    ndcg@30 : 0.3882    ndcg@50 : 0.4103    precision@1 : 0.2026    precision@2 : 0.1746    precision@3 : 0.1549    precision@4 : 0.1369    precision@5 : 0.1261    precision@10 : 0.0914    precision@20 : 0.0617    precision@30 : 0.0476    precision@50 : 0.0334    map@1 : 0.2026    map@2 : 0.2011    map@3 : 0.2065    map@4 : 0.2106    map@5 : 0.2175    map@10 : 0.2379    map@20 : 0.2525    map@30 : 0.2583    map@50 : 0.2635
Sun 15 Mar 2026 21:28:37 INFO  epoch 24 training [time: 3.08s, train loss: 90.9695]
Sun 15 Mar 2026 21:28:40 INFO  epoch 24 evaluating [time: 3.32s, valid_score: 0.327100]
Sun 15 Mar 2026 21:28:40 INFO  valid result: 
recall@1 : 0.1213    recall@2 : 0.2064    recall@3 : 0.27    recall@4 : 0.3129    recall@5 : 0.3513    recall@10 : 0.4864    recall@20 : 0.6281    recall@30 : 0.7049    recall@50 : 0.7963    ndcg@1 : 0.2068    ndcg@2 : 0.2286    ndcg@3 : 0.2501    ndcg@4 : 0.2651    ndcg@5 : 0.2792    ndcg@10 : 0.3271    ndcg@20 : 0.3687    ndcg@30 : 0.3896    ndcg@50 : 0.4114    precision@1 : 0.2068    precision@2 : 0.1746    precision@3 : 0.1551    precision@4 : 0.1387    precision@5 : 0.1268    precision@10 : 0.0923    precision@20 : 0.0614    precision@30 : 0.0477    precision@50 : 0.0334    map@1 : 0.2068    map@2 : 0.201    map@3 : 0.2069    map@4 : 0.2123    map@5 : 0.2186    map@10 : 0.2395    map@20 : 0.2535    map@30 : 0.2596    map@50 : 0.2648
Sun 15 Mar 2026 21:28:40 INFO  Saving current: saved/LightGCN-Mar-15-2026_21-25-57.pth
Sun 15 Mar 2026 21:28:43 INFO  epoch 25 training [time: 3.08s, train loss: 89.0391]
Sun 15 Mar 2026 21:28:47 INFO  epoch 25 evaluating [time: 3.31s, valid_score: 0.330300]
Sun 15 Mar 2026 21:28:47 INFO  valid result: 
recall@1 : 0.1259    recall@2 : 0.2063    recall@3 : 0.2683    recall@4 : 0.3143    recall@5 : 0.3513    recall@10 : 0.489    recall@20 : 0.6309    recall@30 : 0.7055    recall@50 : 0.7986    ndcg@1 : 0.2139    ndcg@2 : 0.2308    ndcg@3 : 0.2511    ndcg@4 : 0.2678    ndcg@5 : 0.281    ndcg@10 : 0.3303    ndcg@20 : 0.3717    ndcg@30 : 0.3921    ndcg@50 : 0.4144    precision@1 : 0.2139    precision@2 : 0.1746    precision@3 : 0.1544    precision@4 : 0.14    precision@5 : 0.1271    precision@10 : 0.093    precision@20 : 0.0616    precision@30 : 0.0478    precision@50 : 0.0336    map@1 : 0.2139    map@2 : 0.204    map@3 : 0.2088    map@4 : 0.2152    map@5 : 0.221    map@10 : 0.2427    map@20 : 0.2566    map@30 : 0.2626    map@50 : 0.2679
Sun 15 Mar 2026 21:28:47 INFO  Saving current: saved/LightGCN-Mar-15-2026_21-25-57.pth
Sun 15 Mar 2026 21:28:50 INFO  epoch 26 training [time: 2.90s, train loss: 87.9645]
Sun 15 Mar 2026 21:28:53 INFO  epoch 26 evaluating [time: 3.36s, valid_score: 0.332300]
Sun 15 Mar 2026 21:28:53 INFO  valid result: 
recall@1 : 0.1281    recall@2 : 0.2078    recall@3 : 0.27    recall@4 : 0.315    recall@5 : 0.354    recall@10 : 0.4905    recall@20 : 0.634    recall@30 : 0.7069    recall@50 : 0.7995    ndcg@1 : 0.2163    ndcg@2 : 0.2333    ndcg@3 : 0.2536    ndcg@4 : 0.2697    ndcg@5 : 0.2835    ndcg@10 : 0.3323    ndcg@20 : 0.3744    ndcg@30 : 0.3943    ndcg@50 : 0.4164    precision@1 : 0.2163    precision@2 : 0.1767    precision@3 : 0.1559    precision@4 : 0.1411    precision@5 : 0.1278    precision@10 : 0.0933    precision@20 : 0.0622    precision@30 : 0.048    precision@50 : 0.0337    map@1 : 0.2163    map@2 : 0.2062    map@3 : 0.2112    map@4 : 0.2174    map@5 : 0.2233    map@10 : 0.2449    map@20 : 0.259    map@30 : 0.2649    map@50 : 0.2702
Sun 15 Mar 2026 21:28:53 INFO  Saving current: saved/LightGCN-Mar-15-2026_21-25-57.pth
Sun 15 Mar 2026 21:28:56 INFO  epoch 27 training [time: 3.19s, train loss: 86.0086]
Sun 15 Mar 2026 21:29:00 INFO  epoch 27 evaluating [time: 3.31s, valid_score: 0.333800]
Sun 15 Mar 2026 21:29:00 INFO  valid result: 
recall@1 : 0.1282    recall@2 : 0.2067    recall@3 : 0.2648    recall@4 : 0.3194    recall@5 : 0.3565    recall@10 : 0.4955    recall@20 : 0.6353    recall@30 : 0.711    recall@50 : 0.8002    ndcg@1 : 0.2157    ndcg@2 : 0.2318    ndcg@3 : 0.2509    ndcg@4 : 0.2711    ndcg@5 : 0.2841    ndcg@10 : 0.3338    ndcg@20 : 0.3747    ndcg@30 : 0.3955    ndcg@50 : 0.4168    precision@1 : 0.2157    precision@2 : 0.1752    precision@3 : 0.1547    precision@4 : 0.1423    precision@5 : 0.1284    precision@10 : 0.0941    precision@20 : 0.0621    precision@30 : 0.0483    precision@50 : 0.0337    map@1 : 0.2157    map@2 : 0.2047    map@3 : 0.2095    map@4 : 0.2181    map@5 : 0.2237    map@10 : 0.2454    map@20 : 0.2593    map@30 : 0.2655    map@50 : 0.2706
Sun 15 Mar 2026 21:29:00 INFO  Saving current: saved/LightGCN-Mar-15-2026_21-25-57.pth
Sun 15 Mar 2026 21:29:03 INFO  epoch 28 training [time: 3.33s, train loss: 84.2558]
Sun 15 Mar 2026 21:29:06 INFO  epoch 28 evaluating [time: 3.37s, valid_score: 0.332700]
Sun 15 Mar 2026 21:29:06 INFO  valid result: 
recall@1 : 0.1248    recall@2 : 0.2113    recall@3 : 0.2625    recall@4 : 0.317    recall@5 : 0.3565    recall@10 : 0.4948    recall@20 : 0.6361    recall@30 : 0.7109    recall@50 : 0.8028    ndcg@1 : 0.2104    ndcg@2 : 0.2334    ndcg@3 : 0.2489    ndcg@4 : 0.2692    ndcg@5 : 0.2832    ndcg@10 : 0.3327    ndcg@20 : 0.3742    ndcg@30 : 0.3945    ndcg@50 : 0.4164    precision@1 : 0.2104    precision@2 : 0.1782    precision@3 : 0.154    precision@4 : 0.1418    precision@5 : 0.1287    precision@10 : 0.0942    precision@20 : 0.0625    precision@30 : 0.0483    precision@50 : 0.0338    map@1 : 0.2104    map@2 : 0.2056    map@3 : 0.2075    map@4 : 0.216    map@5 : 0.2225    map@10 : 0.2442    map@20 : 0.2583    map@30 : 0.2643    map@50 : 0.2695
Sun 15 Mar 2026 21:29:10 INFO  epoch 29 training [time: 3.32s, train loss: 84.6355]
Sun 15 Mar 2026 21:29:13 INFO  epoch 29 evaluating [time: 3.34s, valid_score: 0.335400]
Sun 15 Mar 2026 21:29:13 INFO  valid result: 
recall@1 : 0.1284    recall@2 : 0.2128    recall@3 : 0.2706    recall@4 : 0.3218    recall@5 : 0.3582    recall@10 : 0.4954    recall@20 : 0.6352    recall@30 : 0.7123    recall@50 : 0.8024    ndcg@1 : 0.2157    ndcg@2 : 0.2367    ndcg@3 : 0.2553    ndcg@4 : 0.274    ndcg@5 : 0.2864    ndcg@10 : 0.3354    ndcg@20 : 0.3767    ndcg@30 : 0.3975    ndcg@50 : 0.4191    precision@1 : 0.2157    precision@2 : 0.18    precision@3 : 0.1575    precision@4 : 0.1436    precision@5 : 0.129    precision@10 : 0.0945    precision@20 : 0.0626    precision@30 : 0.0485    precision@50 : 0.0339    map@1 : 0.2157    map@2 : 0.2084    map@3 : 0.2124    map@4 : 0.2205    map@5 : 0.2257    map@10 : 0.2472    map@20 : 0.2614    map@30 : 0.2674    map@50 : 0.2727
Sun 15 Mar 2026 21:29:13 INFO  Saving current: saved/LightGCN-Mar-15-2026_21-25-57.pth
Sun 15 Mar 2026 21:29:16 INFO  epoch 30 training [time: 3.37s, train loss: 81.9990]
Sun 15 Mar 2026 21:29:20 INFO  epoch 30 evaluating [time: 3.22s, valid_score: 0.335800]
Sun 15 Mar 2026 21:29:20 INFO  valid result: 
recall@1 : 0.1295    recall@2 : 0.2136    recall@3 : 0.2652    recall@4 : 0.322    recall@5 : 0.358    recall@10 : 0.4955    recall@20 : 0.6311    recall@30 : 0.7075    recall@50 : 0.8017    ndcg@1 : 0.2181    ndcg@2 : 0.2379    ndcg@3 : 0.2533    ndcg@4 : 0.2744    ndcg@5 : 0.2863    ndcg@10 : 0.3358    ndcg@20 : 0.376    ndcg@30 : 0.3968    ndcg@50 : 0.4191    precision@1 : 0.2181    precision@2 : 0.1806    precision@3 : 0.1559    precision@4 : 0.1438    precision@5 : 0.1282    precision@10 : 0.0946    precision@20 : 0.0623    precision@30 : 0.0484    precision@50 : 0.0338    map@1 : 0.2181    map@2 : 0.2093    map@3 : 0.2113    map@4 : 0.221    map@5 : 0.2258    map@10 : 0.2476    map@20 : 0.2615    map@30 : 0.2677    map@50 : 0.273
Sun 15 Mar 2026 21:29:20 INFO  Saving current: saved/LightGCN-Mar-15-2026_21-25-57.pth
Sun 15 Mar 2026 21:29:23 INFO  epoch 31 training [time: 3.16s, train loss: 81.1405]
Sun 15 Mar 2026 21:29:26 INFO  epoch 31 evaluating [time: 3.35s, valid_score: 0.336500]
Sun 15 Mar 2026 21:29:26 INFO  valid result: 
recall@1 : 0.1304    recall@2 : 0.2111    recall@3 : 0.2673    recall@4 : 0.3222    recall@5 : 0.3564    recall@10 : 0.4981    recall@20 : 0.6329    recall@30 : 0.7095    recall@50 : 0.8054    ndcg@1 : 0.2187    ndcg@2 : 0.2364    ndcg@3 : 0.2538    ndcg@4 : 0.2744    ndcg@5 : 0.2861    ndcg@10 : 0.3365    ndcg@20 : 0.3766    ndcg@30 : 0.3975    ndcg@50 : 0.4202    precision@1 : 0.2187    precision@2 : 0.1791    precision@3 : 0.1555    precision@4 : 0.1436    precision@5 : 0.1287    precision@10 : 0.0948    precision@20 : 0.0625    precision@30 : 0.0485    precision@50 : 0.034    map@1 : 0.2187    map@2 : 0.2089    map@3 : 0.2121    map@4 : 0.2214    map@5 : 0.2261    map@10 : 0.2481    map@20 : 0.2621    map@30 : 0.2683    map@50 : 0.2737
Sun 15 Mar 2026 21:29:26 INFO  Saving current: saved/LightGCN-Mar-15-2026_21-25-57.pth
Sun 15 Mar 2026 21:29:29 INFO  epoch 32 training [time: 3.30s, train loss: 80.0472]
Sun 15 Mar 2026 21:29:33 INFO  epoch 32 evaluating [time: 3.35s, valid_score: 0.338300]
Sun 15 Mar 2026 21:29:33 INFO  valid result: 
recall@1 : 0.1326    recall@2 : 0.2114    recall@3 : 0.2706    recall@4 : 0.3235    recall@5 : 0.3574    recall@10 : 0.4999    recall@20 : 0.6326    recall@30 : 0.7112    recall@50 : 0.8036    ndcg@1 : 0.2193    ndcg@2 : 0.2371    ndcg@3 : 0.2561    ndcg@4 : 0.2754    ndcg@5 : 0.2874    ndcg@10 : 0.3383    ndcg@20 : 0.3779    ndcg@30 : 0.3991    ndcg@50 : 0.4211    precision@1 : 0.2193    precision@2 : 0.1791    precision@3 : 0.1565    precision@4 : 0.143    precision@5 : 0.1286    precision@10 : 0.0953    precision@20 : 0.0628    precision@30 : 0.0487    precision@50 : 0.034    map@1 : 0.2193    map@2 : 0.2098    map@3 : 0.2145    map@4 : 0.2227    map@5 : 0.2277    map@10 : 0.25    map@20 : 0.2638    map@30 : 0.27    map@50 : 0.2753
Sun 15 Mar 2026 21:29:33 INFO  Saving current: saved/LightGCN-Mar-15-2026_21-25-57.pth
Sun 15 Mar 2026 21:29:36 INFO  epoch 33 training [time: 3.31s, train loss: 77.9562]
Sun 15 Mar 2026 21:29:39 INFO  epoch 33 evaluating [time: 2.98s, valid_score: 0.343500]
Sun 15 Mar 2026 21:29:39 INFO  valid result: 
recall@1 : 0.1352    recall@2 : 0.2181    recall@3 : 0.2773    recall@4 : 0.3303    recall@5 : 0.3643    recall@10 : 0.5054    recall@20 : 0.6343    recall@30 : 0.7108    recall@50 : 0.8017    ndcg@1 : 0.2235    ndcg@2 : 0.2427    ndcg@3 : 0.2616    ndcg@4 : 0.2811    ndcg@5 : 0.2932    ndcg@10 : 0.3435    ndcg@20 : 0.382    ndcg@30 : 0.4027    ndcg@50 : 0.4244    precision@1 : 0.2235    precision@2 : 0.1824    precision@3 : 0.1589    precision@4 : 0.1454    precision@5 : 0.1312    precision@10 : 0.0962    precision@20 : 0.0631    precision@30 : 0.0487    precision@50 : 0.034    map@1 : 0.2235    map@2 : 0.2147    map@3 : 0.219    map@4 : 0.2275    map@5 : 0.2327    map@10 : 0.2548    map@20 : 0.2683    map@30 : 0.2744    map@50 : 0.2796
Sun 15 Mar 2026 21:29:39 INFO  Saving current: saved/LightGCN-Mar-15-2026_21-25-57.pth
Sun 15 Mar 2026 21:29:42 INFO  epoch 34 training [time: 3.18s, train loss: 76.5473]
