Sun 15 Mar 2026 22:45:30 INFO  
General Hyper Parameters:
gpu_id = 0
use_gpu = True
seed = 2026
state = INFO
reproducibility = True
data_path = ./travel
checkpoint_dir = saved
show_progress = True
save_dataset = False
dataset_save_path = None
save_dataloaders = False
dataloaders_save_path = None
log_wandb = False

Training Hyper Parameters:
epochs = 1000
train_batch_size = 4096
learner = adam
learning_rate = 0.001
train_neg_sample_args = {'distribution': 'uniform', 'sample_num': 1, 'alpha': 1.0, 'dynamic': False, 'candidate_num': 0}
eval_step = 1
stopping_step = 10
clip_grad_norm = None
weight_decay = 0.0
loss_decimal_place = 4

Evaluation Hyper Parameters:
eval_args = {'split': {'RS': [0.8, 0.1, 0.1]}, 'order': 'RO', 'group_by': 'user', 'mode': {'valid': 'full', 'test': 'full'}}
repeatable = False
metrics = ['Recall', 'NDCG', 'Precision', 'MAP']
topk = [1, 2, 3, 4, 5, 10, 20, 30, 50]
valid_metric = NDCG@10
valid_metric_bigger = True
eval_batch_size = 4096
metric_decimal_place = 4

Dataset Hyper Parameters:
field_separator = 	
seq_separator =  
USER_ID_FIELD = user_id
ITEM_ID_FIELD = item_id
RATING_FIELD = rating
TIME_FIELD = timestamp
seq_len = None
LABEL_FIELD = label
threshold = None
NEG_PREFIX = neg_
load_col = {'inter': ['user_id', 'item_id', 'rating'], 'user': ['user_id', 'post_num', 'follower', 'following', 'timestamp']}
unload_col = None
unused_col = None
additional_feat_suffix = None
rm_dup_inter = None
val_interval = {'rating': '[0,inf)'}
filter_inter_by_user_or_item = True
user_inter_num_interval = [0,inf)
item_inter_num_interval = [0,inf)
alias_of_user_id = None
alias_of_item_id = None
alias_of_entity_id = None
alias_of_relation_id = None
preload_weight = None
normalize_field = None
normalize_all = None
ITEM_LIST_LENGTH_FIELD = item_length
LIST_SUFFIX = _list
MAX_ITEM_LIST_LENGTH = 50
POSITION_FIELD = position_id
HEAD_ENTITY_ID_FIELD = head_id
TAIL_ENTITY_ID_FIELD = tail_id
RELATION_ID_FIELD = relation_id
ENTITY_ID_FIELD = entity_id
benchmark_filename = None

Other Hyper Parameters: 
worker = 0
wandb_project = recbole
shuffle = True
require_pow = False
enable_amp = False
enable_scaler = False
transform = None
embedding_size = 64
n_layers = 3
reg_weight = 0.0001
numerical_features = []
discretization = None
kg_reverse_r = False
entity_kg_num_interval = [0,inf)
relation_kg_num_interval = [0,inf)
MODEL_TYPE = ModelType.GENERAL
MODEL_INPUT_TYPE = InputType.PAIRWISE
eval_type = EvaluatorType.RANKING
single_spec = True
local_rank = 0
device = cuda
valid_neg_sample_args = {'distribution': 'uniform', 'sample_num': 'none'}
test_neg_sample_args = {'distribution': 'uniform', 'sample_num': 'none'}


Sun 15 Mar 2026 22:45:31 INFO  travel
The number of users: 2010
Average actions of users: 18.721254355400696
The number of items: 247
Average actions of items: 152.890243902439
The number of inters: 37611
The sparsity of the dataset: 92.42431566862047%
Remain Fields: ['user_id', 'item_id', 'rating', 'post_num', 'follower', 'following', 'timestamp']
Sun 15 Mar 2026 22:45:31 INFO  [Training]: train_batch_size = [4096] train_neg_sample_args: [{'distribution': 'uniform', 'sample_num': 1, 'alpha': 1.0, 'dynamic': False, 'candidate_num': 0}]
Sun 15 Mar 2026 22:45:31 INFO  [Evaluation]: eval_batch_size = [4096] eval_args: [{'split': {'RS': [0.8, 0.1, 0.1]}, 'order': 'RO', 'group_by': 'user', 'mode': {'valid': 'full', 'test': 'full'}}]
Sun 15 Mar 2026 22:45:31 INFO  LightGCN(
  (user_embedding): Embedding(2010, 64)
  (item_embedding): Embedding(247, 64)
  (mf_loss): BPRLoss()
  (reg_loss): EmbLoss()
)
Trainable parameters: 144448
Sun 15 Mar 2026 22:45:31 INFO  trainable parameters: 144448
Sun 15 Mar 2026 22:45:32 INFO  epoch 0 training [time: 0.46s, train loss: 5.5401]
Sun 15 Mar 2026 22:45:33 INFO  epoch 0 evaluating [time: 0.26s, valid_score: 0.186000]
Sun 15 Mar 2026 22:45:33 INFO  valid result: 
recall@1 : 0.0679    recall@2 : 0.1101    recall@3 : 0.1415    recall@4 : 0.1703    recall@5 : 0.1961    recall@10 : 0.2774    recall@20 : 0.3935    recall@30 : 0.4693    recall@50 : 0.5776    ndcg@1 : 0.1275    ndcg@2 : 0.1307    ndcg@3 : 0.1387    ndcg@4 : 0.1485    ndcg@5 : 0.1583    ndcg@10 : 0.186    ndcg@20 : 0.2196    ndcg@30 : 0.2389    ndcg@50 : 0.2641    precision@1 : 0.1275    precision@2 : 0.1025    precision@3 : 0.0886    precision@4 : 0.0802    precision@5 : 0.0747    precision@10 : 0.0545    precision@20 : 0.0393    precision@30 : 0.0317    precision@50 : 0.0243    map@1 : 0.1275    map@2 : 0.1123    map@3 : 0.1117    map@4 : 0.1149    map@5 : 0.119    map@10 : 0.129    map@20 : 0.1385    map@30 : 0.1429    map@50 : 0.1477
Sun 15 Mar 2026 22:45:33 INFO  Saving current: saved/LightGCN-Mar-15-2026_22-45-31.pth
Sun 15 Mar 2026 22:45:33 INFO  epoch 1 training [time: 0.14s, train loss: 5.5248]
Sun 15 Mar 2026 22:45:33 INFO  epoch 1 evaluating [time: 0.14s, valid_score: 0.289200]
Sun 15 Mar 2026 22:45:33 INFO  valid result: 
recall@1 : 0.1074    recall@2 : 0.1872    recall@3 : 0.2405    recall@4 : 0.2754    recall@5 : 0.311    recall@10 : 0.4356    recall@20 : 0.5654    recall@30 : 0.6361    recall@50 : 0.7513    ndcg@1 : 0.1776    ndcg@2 : 0.2022    ndcg@3 : 0.2199    ndcg@4 : 0.232    ndcg@5 : 0.2452    ndcg@10 : 0.2892    ndcg@20 : 0.3264    ndcg@30 : 0.3453    ndcg@50 : 0.3727    precision@1 : 0.1776    precision@2 : 0.1549    precision@3 : 0.1343    precision@4 : 0.1177    precision@5 : 0.107    precision@10 : 0.079    precision@20 : 0.0525    precision@30 : 0.041    precision@50 : 0.0305    map@1 : 0.1776    map@2 : 0.1764    map@3 : 0.1809    map@4 : 0.1852    map@5 : 0.191    map@10 : 0.2089    map@20 : 0.2204    map@30 : 0.2254    map@50 : 0.2311
Sun 15 Mar 2026 22:45:33 INFO  Saving current: saved/LightGCN-Mar-15-2026_22-45-31.pth
Sun 15 Mar 2026 22:45:33 INFO  epoch 2 training [time: 0.12s, train loss: 5.4864]
Sun 15 Mar 2026 22:45:33 INFO  epoch 2 evaluating [time: 0.14s, valid_score: 0.301200]
Sun 15 Mar 2026 22:45:33 INFO  valid result: 
recall@1 : 0.1094    recall@2 : 0.2002    recall@3 : 0.2601    recall@4 : 0.2969    recall@5 : 0.3291    recall@10 : 0.4514    recall@20 : 0.5817    recall@30 : 0.6668    recall@50 : 0.7641    ndcg@1 : 0.1806    ndcg@2 : 0.2133    ndcg@3 : 0.2333    ndcg@4 : 0.2462    ndcg@5 : 0.258    ndcg@10 : 0.3012    ndcg@20 : 0.3387    ndcg@30 : 0.3612    ndcg@50 : 0.3849    precision@1 : 0.1806    precision@2 : 0.1651    precision@3 : 0.1426    precision@4 : 0.1249    precision@5 : 0.1124    precision@10 : 0.0813    precision@20 : 0.0543    precision@30 : 0.0429    precision@50 : 0.0311    map@1 : 0.1806    map@2 : 0.1858    map@3 : 0.1918    map@4 : 0.1962    map@5 : 0.2011    map@10 : 0.2189    map@20 : 0.2307    map@30 : 0.2366    map@50 : 0.2418
Sun 15 Mar 2026 22:45:33 INFO  Saving current: saved/LightGCN-Mar-15-2026_22-45-31.pth
Sun 15 Mar 2026 22:45:33 INFO  epoch 3 training [time: 0.14s, train loss: 5.4148]
Sun 15 Mar 2026 22:45:34 INFO  epoch 3 evaluating [time: 0.14s, valid_score: 0.300900]
Sun 15 Mar 2026 22:45:34 INFO  valid result: 
recall@1 : 0.1068    recall@2 : 0.1998    recall@3 : 0.2634    recall@4 : 0.3017    recall@5 : 0.3353    recall@10 : 0.4502    recall@20 : 0.584    recall@30 : 0.6687    recall@50 : 0.7659    ndcg@1 : 0.1794    ndcg@2 : 0.2116    ndcg@3 : 0.2341    ndcg@4 : 0.248    ndcg@5 : 0.26    ndcg@10 : 0.3009    ndcg@20 : 0.3394    ndcg@30 : 0.362    ndcg@50 : 0.3855    precision@1 : 0.1794    precision@2 : 0.1636    precision@3 : 0.1436    precision@4 : 0.1271    precision@5 : 0.1139    precision@10 : 0.0812    precision@20 : 0.0544    precision@30 : 0.0432    precision@50 : 0.031    map@1 : 0.1794    map@2 : 0.1844    map@3 : 0.1918    map@4 : 0.1967    map@5 : 0.2018    map@10 : 0.2187    map@20 : 0.2307    map@30 : 0.2368    map@50 : 0.2419
Sun 15 Mar 2026 22:45:34 INFO  epoch 4 training [time: 0.13s, train loss: 5.3040]
Sun 15 Mar 2026 22:45:34 INFO  epoch 4 evaluating [time: 0.14s, valid_score: 0.300500]
Sun 15 Mar 2026 22:45:34 INFO  valid result: 
recall@1 : 0.1052    recall@2 : 0.197    recall@3 : 0.2633    recall@4 : 0.3039    recall@5 : 0.3376    recall@10 : 0.452    recall@20 : 0.5825    recall@30 : 0.669    recall@50 : 0.766    ndcg@1 : 0.1776    ndcg@2 : 0.209    ndcg@3 : 0.2333    ndcg@4 : 0.2481    ndcg@5 : 0.2602    ndcg@10 : 0.3005    ndcg@20 : 0.3384    ndcg@30 : 0.3615    ndcg@50 : 0.3849    precision@1 : 0.1776    precision@2 : 0.1615    precision@3 : 0.1442    precision@4 : 0.128    precision@5 : 0.1148    precision@10 : 0.0811    precision@20 : 0.0544    precision@30 : 0.0433    precision@50 : 0.0311    map@1 : 0.1776    map@2 : 0.1819    map@3 : 0.1905    map@4 : 0.196    map@5 : 0.2012    map@10 : 0.2176    map@20 : 0.2297    map@30 : 0.2359    map@50 : 0.2409
Sun 15 Mar 2026 22:45:34 INFO  epoch 5 training [time: 0.15s, train loss: 5.1497]
Sun 15 Mar 2026 22:45:34 INFO  epoch 5 evaluating [time: 0.14s, valid_score: 0.301000]
Sun 15 Mar 2026 22:45:34 INFO  valid result: 
recall@1 : 0.106    recall@2 : 0.1974    recall@3 : 0.2627    recall@4 : 0.3028    recall@5 : 0.3366    recall@10 : 0.4531    recall@20 : 0.582    recall@30 : 0.67    recall@50 : 0.7673    ndcg@1 : 0.1782    ndcg@2 : 0.2097    ndcg@3 : 0.2334    ndcg@4 : 0.2478    ndcg@5 : 0.2602    ndcg@10 : 0.301    ndcg@20 : 0.3386    ndcg@30 : 0.3619    ndcg@50 : 0.3855    precision@1 : 0.1782    precision@2 : 0.1621    precision@3 : 0.144    precision@4 : 0.1274    precision@5 : 0.1149    precision@10 : 0.0812    precision@20 : 0.0544    precision@30 : 0.0433    precision@50 : 0.0312    map@1 : 0.1782    map@2 : 0.1827    map@3 : 0.1908    map@4 : 0.1963    map@5 : 0.2016    map@10 : 0.2181    map@20 : 0.23    map@30 : 0.2363    map@50 : 0.2414
Sun 15 Mar 2026 22:45:34 INFO  epoch 6 training [time: 0.12s, train loss: 4.9617]
Sun 15 Mar 2026 22:45:34 INFO  epoch 6 evaluating [time: 0.14s, valid_score: 0.301200]
Sun 15 Mar 2026 22:45:34 INFO  valid result: 
recall@1 : 0.1064    recall@2 : 0.1974    recall@3 : 0.2626    recall@4 : 0.3035    recall@5 : 0.3379    recall@10 : 0.4531    recall@20 : 0.5811    recall@30 : 0.6709    recall@50 : 0.7675    ndcg@1 : 0.1794    ndcg@2 : 0.21    ndcg@3 : 0.2337    ndcg@4 : 0.2484    ndcg@5 : 0.2609    ndcg@10 : 0.3012    ndcg@20 : 0.3386    ndcg@30 : 0.3624    ndcg@50 : 0.3859    precision@1 : 0.1794    precision@2 : 0.1621    precision@3 : 0.1442    precision@4 : 0.1277    precision@5 : 0.1154    precision@10 : 0.0812    precision@20 : 0.0543    precision@30 : 0.0434    precision@50 : 0.0312    map@1 : 0.1794    map@2 : 0.183    map@3 : 0.1912    map@4 : 0.1967    map@5 : 0.202    map@10 : 0.2183    map@20 : 0.2301    map@30 : 0.2365    map@50 : 0.2416
Sun 15 Mar 2026 22:45:34 INFO  Saving current: saved/LightGCN-Mar-15-2026_22-45-31.pth
Sun 15 Mar 2026 22:45:35 INFO  epoch 7 training [time: 0.13s, train loss: 4.7438]
Sun 15 Mar 2026 22:45:35 INFO  epoch 7 evaluating [time: 0.14s, valid_score: 0.299500]
Sun 15 Mar 2026 22:45:35 INFO  valid result: 
recall@1 : 0.1016    recall@2 : 0.1974    recall@3 : 0.263    recall@4 : 0.3032    recall@5 : 0.3388    recall@10 : 0.453    recall@20 : 0.5802    recall@30 : 0.6703    recall@50 : 0.7689    ndcg@1 : 0.1758    ndcg@2 : 0.2086    ndcg@3 : 0.2324    ndcg@4 : 0.2466    ndcg@5 : 0.2597    ndcg@10 : 0.2995    ndcg@20 : 0.3368    ndcg@30 : 0.3606    ndcg@50 : 0.3845    precision@1 : 0.1758    precision@2 : 0.1624    precision@3 : 0.1446    precision@4 : 0.1274    precision@5 : 0.1156    precision@10 : 0.081    precision@20 : 0.0543    precision@30 : 0.0434    precision@50 : 0.0312    map@1 : 0.1758    map@2 : 0.181    map@3 : 0.1891    map@4 : 0.1943    map@5 : 0.1999    map@10 : 0.2159    map@20 : 0.2278    map@30 : 0.2342    map@50 : 0.2393
Sun 15 Mar 2026 22:45:35 INFO  epoch 8 training [time: 0.13s, train loss: 4.5127]
Sun 15 Mar 2026 22:45:35 INFO  epoch 8 evaluating [time: 0.15s, valid_score: 0.300200]
Sun 15 Mar 2026 22:45:35 INFO  valid result: 
recall@1 : 0.1034    recall@2 : 0.1974    recall@3 : 0.263    recall@4 : 0.3032    recall@5 : 0.3393    recall@10 : 0.453    recall@20 : 0.5814    recall@30 : 0.6722    recall@50 : 0.7688    ndcg@1 : 0.1776    ndcg@2 : 0.2093    ndcg@3 : 0.2331    ndcg@4 : 0.2473    ndcg@5 : 0.2605    ndcg@10 : 0.3002    ndcg@20 : 0.3377    ndcg@30 : 0.3617    ndcg@50 : 0.3851    precision@1 : 0.1776    precision@2 : 0.1624    precision@3 : 0.1446    precision@4 : 0.1274    precision@5 : 0.1156    precision@10 : 0.081    precision@20 : 0.0543    precision@30 : 0.0435    precision@50 : 0.0312    map@1 : 0.1776    map@2 : 0.1819    map@3 : 0.19    map@4 : 0.1952    map@5 : 0.2008    map@10 : 0.2168    map@20 : 0.2288    map@30 : 0.2352    map@50 : 0.2403
Sun 15 Mar 2026 22:45:35 INFO  epoch 9 training [time: 0.12s, train loss: 4.2721]
Sun 15 Mar 2026 22:45:35 INFO  epoch 9 evaluating [time: 0.14s, valid_score: 0.299800]
Sun 15 Mar 2026 22:45:35 INFO  valid result: 
recall@1 : 0.1025    recall@2 : 0.1974    recall@3 : 0.263    recall@4 : 0.303    recall@5 : 0.3384    recall@10 : 0.4534    recall@20 : 0.5817    recall@30 : 0.6712    recall@50 : 0.7686    ndcg@1 : 0.1764    ndcg@2 : 0.2089    ndcg@3 : 0.2327    ndcg@4 : 0.2468    ndcg@5 : 0.2598    ndcg@10 : 0.2998    ndcg@20 : 0.3374    ndcg@30 : 0.3611    ndcg@50 : 0.3847    precision@1 : 0.1764    precision@2 : 0.1624    precision@3 : 0.1446    precision@4 : 0.1272    precision@5 : 0.1153    precision@10 : 0.081    precision@20 : 0.0544    precision@30 : 0.0434    precision@50 : 0.0312    map@1 : 0.1764    map@2 : 0.1815    map@3 : 0.1896    map@4 : 0.1947    map@5 : 0.2002    map@10 : 0.2163    map@20 : 0.2283    map@30 : 0.2347    map@50 : 0.2398
Sun 15 Mar 2026 22:45:35 INFO  epoch 10 training [time: 0.13s, train loss: 4.0784]
Sun 15 Mar 2026 22:45:36 INFO  epoch 10 evaluating [time: 0.14s, valid_score: 0.299900]
Sun 15 Mar 2026 22:45:36 INFO  valid result: 
recall@1 : 0.1028    recall@2 : 0.1974    recall@3 : 0.2627    recall@4 : 0.3027    recall@5 : 0.3386    recall@10 : 0.4534    recall@20 : 0.5813    recall@30 : 0.6702    recall@50 : 0.7693    ndcg@1 : 0.177    ndcg@2 : 0.2091    ndcg@3 : 0.2327    ndcg@4 : 0.2467    ndcg@5 : 0.26    ndcg@10 : 0.2999    ndcg@20 : 0.3374    ndcg@30 : 0.3609    ndcg@50 : 0.3849    precision@1 : 0.177    precision@2 : 0.1624    precision@3 : 0.1444    precision@4 : 0.1271    precision@5 : 0.1154    precision@10 : 0.081    precision@20 : 0.0544    precision@30 : 0.0433    precision@50 : 0.0313    map@1 : 0.177    map@2 : 0.1816    map@3 : 0.1896    map@4 : 0.1947    map@5 : 0.2003    map@10 : 0.2164    map@20 : 0.2284    map@30 : 0.2347    map@50 : 0.2399
Sun 15 Mar 2026 22:45:36 INFO  epoch 11 training [time: 0.11s, train loss: 3.8909]
Sun 15 Mar 2026 22:45:36 INFO  epoch 11 evaluating [time: 0.14s, valid_score: 0.300200]
Sun 15 Mar 2026 22:45:36 INFO  valid result: 
recall@1 : 0.1034    recall@2 : 0.1974    recall@3 : 0.2627    recall@4 : 0.3027    recall@5 : 0.3386    recall@10 : 0.4534    recall@20 : 0.5815    recall@30 : 0.6686    recall@50 : 0.7688    ndcg@1 : 0.1776    ndcg@2 : 0.2093    ndcg@3 : 0.2329    ndcg@4 : 0.2469    ndcg@5 : 0.2602    ndcg@10 : 0.3002    ndcg@20 : 0.3377    ndcg@30 : 0.3608    ndcg@50 : 0.385    precision@1 : 0.1776    precision@2 : 0.1624    precision@3 : 0.1444    precision@4 : 0.1271    precision@5 : 0.1154    precision@10 : 0.081    precision@20 : 0.0544    precision@30 : 0.0433    precision@50 : 0.0313    map@1 : 0.1776    map@2 : 0.1819    map@3 : 0.1899    map@4 : 0.195    map@5 : 0.2006    map@10 : 0.2167    map@20 : 0.2287    map@30 : 0.2349    map@50 : 0.2402
Sun 15 Mar 2026 22:45:36 INFO  epoch 12 training [time: 0.13s, train loss: 3.7669]
Sun 15 Mar 2026 22:45:36 INFO  epoch 12 evaluating [time: 0.14s, valid_score: 0.299600]
Sun 15 Mar 2026 22:45:36 INFO  valid result: 
recall@1 : 0.1019    recall@2 : 0.1974    recall@3 : 0.2627    recall@4 : 0.3027    recall@5 : 0.3386    recall@10 : 0.4534    recall@20 : 0.5819    recall@30 : 0.6696    recall@50 : 0.769    ndcg@1 : 0.1758    ndcg@2 : 0.2087    ndcg@3 : 0.2323    ndcg@4 : 0.2464    ndcg@5 : 0.2596    ndcg@10 : 0.2996    ndcg@20 : 0.3372    ndcg@30 : 0.3605    ndcg@50 : 0.3845    precision@1 : 0.1758    precision@2 : 0.1624    precision@3 : 0.1444    precision@4 : 0.1271    precision@5 : 0.1154    precision@10 : 0.081    precision@20 : 0.0545    precision@30 : 0.0434    precision@50 : 0.0313    map@1 : 0.1758    map@2 : 0.1812    map@3 : 0.1892    map@4 : 0.1943    map@5 : 0.1999    map@10 : 0.216    map@20 : 0.228    map@30 : 0.2343    map@50 : 0.2394
Sun 15 Mar 2026 22:45:36 INFO  epoch 13 training [time: 0.14s, train loss: 3.6285]
Sun 15 Mar 2026 22:45:36 INFO  epoch 13 evaluating [time: 0.15s, valid_score: 0.299700]
Sun 15 Mar 2026 22:45:36 INFO  valid result: 
recall@1 : 0.1022    recall@2 : 0.1974    recall@3 : 0.2627    recall@4 : 0.3027    recall@5 : 0.3386    recall@10 : 0.4534    recall@20 : 0.582    recall@30 : 0.6696    recall@50 : 0.7696    ndcg@1 : 0.1764    ndcg@2 : 0.2088    ndcg@3 : 0.2324    ndcg@4 : 0.2465    ndcg@5 : 0.2597    ndcg@10 : 0.2997    ndcg@20 : 0.3374    ndcg@30 : 0.3606    ndcg@50 : 0.3848    precision@1 : 0.1764    precision@2 : 0.1624    precision@3 : 0.1444    precision@4 : 0.1271    precision@5 : 0.1154    precision@10 : 0.081    precision@20 : 0.0545    precision@30 : 0.0434    precision@50 : 0.0313    map@1 : 0.1764    map@2 : 0.1813    map@3 : 0.1893    map@4 : 0.1944    map@5 : 0.2    map@10 : 0.2161    map@20 : 0.2282    map@30 : 0.2344    map@50 : 0.2396
Sun 15 Mar 2026 22:45:36 INFO  epoch 14 training [time: 0.12s, train loss: 3.5226]
Sun 15 Mar 2026 22:45:37 INFO  epoch 14 evaluating [time: 0.14s, valid_score: 0.301400]
Sun 15 Mar 2026 22:45:37 INFO  valid result: 
recall@1 : 0.1072    recall@2 : 0.1974    recall@3 : 0.2627    recall@4 : 0.3027    recall@5 : 0.3386    recall@10 : 0.4534    recall@20 : 0.5822    recall@30 : 0.669    recall@50 : 0.7699    ndcg@1 : 0.18    ndcg@2 : 0.2105    ndcg@3 : 0.2341    ndcg@4 : 0.2482    ndcg@5 : 0.2615    ndcg@10 : 0.3014    ndcg@20 : 0.3393    ndcg@30 : 0.3622    ndcg@50 : 0.3866    precision@1 : 0.18    precision@2 : 0.1624    precision@3 : 0.1444    precision@4 : 0.1271    precision@5 : 0.1154    precision@10 : 0.081    precision@20 : 0.0546    precision@30 : 0.0433    precision@50 : 0.0313    map@1 : 0.18    map@2 : 0.1837    map@3 : 0.1918    map@4 : 0.1969    map@5 : 0.2025    map@10 : 0.2186    map@20 : 0.2307    map@30 : 0.2369    map@50 : 0.2422
Sun 15 Mar 2026 22:45:37 INFO  Saving current: saved/LightGCN-Mar-15-2026_22-45-31.pth
Sun 15 Mar 2026 22:45:37 INFO  epoch 15 training [time: 0.13s, train loss: 3.4796]
Sun 15 Mar 2026 22:45:37 INFO  epoch 15 evaluating [time: 0.14s, valid_score: 0.304500]
Sun 15 Mar 2026 22:45:37 INFO  valid result: 
recall@1 : 0.1156    recall@2 : 0.1974    recall@3 : 0.2627    recall@4 : 0.3027    recall@5 : 0.3386    recall@10 : 0.4534    recall@20 : 0.5821    recall@30 : 0.6694    recall@50 : 0.7705    ndcg@1 : 0.1877    ndcg@2 : 0.2135    ndcg@3 : 0.2372    ndcg@4 : 0.2512    ndcg@5 : 0.2645    ndcg@10 : 0.3045    ndcg@20 : 0.3423    ndcg@30 : 0.3654    ndcg@50 : 0.3898    precision@1 : 0.1877    precision@2 : 0.1624    precision@3 : 0.1444    precision@4 : 0.1271    precision@5 : 0.1154    precision@10 : 0.081    precision@20 : 0.0546    precision@30 : 0.0434    precision@50 : 0.0314    map@1 : 0.1877    map@2 : 0.1879    map@3 : 0.1959    map@4 : 0.2011    map@5 : 0.2066    map@10 : 0.2228    map@20 : 0.2349    map@30 : 0.2411    map@50 : 0.2464
Sun 15 Mar 2026 22:45:37 INFO  Saving current: saved/LightGCN-Mar-15-2026_22-45-31.pth
Sun 15 Mar 2026 22:45:37 INFO  epoch 16 training [time: 0.12s, train loss: 3.3935]
Sun 15 Mar 2026 22:45:37 INFO  epoch 16 evaluating [time: 0.14s, valid_score: 0.304000]
Sun 15 Mar 2026 22:45:37 INFO  valid result: 
recall@1 : 0.1147    recall@2 : 0.1974    recall@3 : 0.2627    recall@4 : 0.3027    recall@5 : 0.3386    recall@10 : 0.4528    recall@20 : 0.5821    recall@30 : 0.6694    recall@50 : 0.7706    ndcg@1 : 0.1865    ndcg@2 : 0.2132    ndcg@3 : 0.2368    ndcg@4 : 0.2509    ndcg@5 : 0.2641    ndcg@10 : 0.304    ndcg@20 : 0.3419    ndcg@30 : 0.365    ndcg@50 : 0.3895    precision@1 : 0.1865    precision@2 : 0.1624    precision@3 : 0.1444    precision@4 : 0.1271    precision@5 : 0.1154    precision@10 : 0.0809    precision@20 : 0.0546    precision@30 : 0.0434    precision@50 : 0.0314    map@1 : 0.1865    map@2 : 0.1874    map@3 : 0.1955    map@4 : 0.2006    map@5 : 0.2062    map@10 : 0.2223    map@20 : 0.2345    map@30 : 0.2407    map@50 : 0.246
Sun 15 Mar 2026 22:45:37 INFO  epoch 17 training [time: 0.12s, train loss: 3.3465]
Sun 15 Mar 2026 22:45:37 INFO  epoch 17 evaluating [time: 0.15s, valid_score: 0.303800]
Sun 15 Mar 2026 22:45:37 INFO  valid result: 
recall@1 : 0.1135    recall@2 : 0.1974    recall@3 : 0.2628    recall@4 : 0.3028    recall@5 : 0.3388    recall@10 : 0.4532    recall@20 : 0.5827    recall@30 : 0.6701    recall@50 : 0.7693    ndcg@1 : 0.1853    ndcg@2 : 0.2127    ndcg@3 : 0.2365    ndcg@4 : 0.2506    ndcg@5 : 0.2639    ndcg@10 : 0.3038    ndcg@20 : 0.3417    ndcg@30 : 0.3648    ndcg@50 : 0.3888    precision@1 : 0.1853    precision@2 : 0.1624    precision@3 : 0.1446    precision@4 : 0.1272    precision@5 : 0.1156    precision@10 : 0.0811    precision@20 : 0.0546    precision@30 : 0.0435    precision@50 : 0.0314    map@1 : 0.1853    map@2 : 0.1868    map@3 : 0.195    map@4 : 0.2001    map@5 : 0.2057    map@10 : 0.2218    map@20 : 0.234    map@30 : 0.2402    map@50 : 0.2454
Sun 15 Mar 2026 22:45:38 INFO  epoch 18 training [time: 0.13s, train loss: 3.3410]
Sun 15 Mar 2026 22:45:38 INFO  epoch 18 evaluating [time: 0.14s, valid_score: 0.304000]
Sun 15 Mar 2026 22:45:38 INFO  valid result: 
recall@1 : 0.1141    recall@2 : 0.1974    recall@3 : 0.2628    recall@4 : 0.3028    recall@5 : 0.3388    recall@10 : 0.4532    recall@20 : 0.5826    recall@30 : 0.67    recall@50 : 0.7701    ndcg@1 : 0.1859    ndcg@2 : 0.213    ndcg@3 : 0.2367    ndcg@4 : 0.2508    ndcg@5 : 0.2641    ndcg@10 : 0.304    ndcg@20 : 0.3419    ndcg@30 : 0.365    ndcg@50 : 0.3892    precision@1 : 0.1859    precision@2 : 0.1624    precision@3 : 0.1446    precision@4 : 0.1272    precision@5 : 0.1156    precision@10 : 0.0811    precision@20 : 0.0546    precision@30 : 0.0434    precision@50 : 0.0314    map@1 : 0.1859    map@2 : 0.1871    map@3 : 0.1953    map@4 : 0.2004    map@5 : 0.206    map@10 : 0.2221    map@20 : 0.2343    map@30 : 0.2405    map@50 : 0.2457
Sun 15 Mar 2026 22:45:38 INFO  epoch 19 training [time: 0.12s, train loss: 3.3325]
Sun 15 Mar 2026 22:45:38 INFO  epoch 19 evaluating [time: 0.14s, valid_score: 0.303800]
Sun 15 Mar 2026 22:45:38 INFO  valid result: 
recall@1 : 0.1129    recall@2 : 0.1974    recall@3 : 0.2628    recall@4 : 0.3028    recall@5 : 0.3388    recall@10 : 0.4536    recall@20 : 0.5835    recall@30 : 0.6709    recall@50 : 0.7696    ndcg@1 : 0.1847    ndcg@2 : 0.2125    ndcg@3 : 0.2363    ndcg@4 : 0.2503    ndcg@5 : 0.2636    ndcg@10 : 0.3038    ndcg@20 : 0.3418    ndcg@30 : 0.3648    ndcg@50 : 0.3887    precision@1 : 0.1847    precision@2 : 0.1624    precision@3 : 0.1446    precision@4 : 0.1272    precision@5 : 0.1156    precision@10 : 0.0814    precision@20 : 0.0547    precision@30 : 0.0435    precision@50 : 0.0314    map@1 : 0.1847    map@2 : 0.1865    map@3 : 0.1947    map@4 : 0.1998    map@5 : 0.2054    map@10 : 0.2217    map@20 : 0.2338    map@30 : 0.2399    map@50 : 0.2452
Sun 15 Mar 2026 22:45:38 INFO  epoch 20 training [time: 0.12s, train loss: 3.2948]
Sun 15 Mar 2026 22:45:38 INFO  epoch 20 evaluating [time: 0.14s, valid_score: 0.303800]
Sun 15 Mar 2026 22:45:38 INFO  valid result: 
recall@1 : 0.1129    recall@2 : 0.1974    recall@3 : 0.2628    recall@4 : 0.3028    recall@5 : 0.3388    recall@10 : 0.4536    recall@20 : 0.5835    recall@30 : 0.6703    recall@50 : 0.7702    ndcg@1 : 0.1847    ndcg@2 : 0.2125    ndcg@3 : 0.2363    ndcg@4 : 0.2503    ndcg@5 : 0.2636    ndcg@10 : 0.3038    ndcg@20 : 0.3418    ndcg@30 : 0.3647    ndcg@50 : 0.3889    precision@1 : 0.1847    precision@2 : 0.1624    precision@3 : 0.1446    precision@4 : 0.1272    precision@5 : 0.1156    precision@10 : 0.0814    precision@20 : 0.0547    precision@30 : 0.0435    precision@50 : 0.0314    map@1 : 0.1847    map@2 : 0.1865    map@3 : 0.1947    map@4 : 0.1998    map@5 : 0.2054    map@10 : 0.2217    map@20 : 0.2339    map@30 : 0.2399    map@50 : 0.2452
Sun 15 Mar 2026 22:45:38 INFO  epoch 21 training [time: 0.14s, train loss: 3.2908]
Sun 15 Mar 2026 22:45:38 INFO  epoch 21 evaluating [time: 0.14s, valid_score: 0.304000]
Sun 15 Mar 2026 22:45:38 INFO  valid result: 
recall@1 : 0.1129    recall@2 : 0.1974    recall@3 : 0.2628    recall@4 : 0.3028    recall@5 : 0.3388    recall@10 : 0.4539    recall@20 : 0.5835    recall@30 : 0.6703    recall@50 : 0.7701    ndcg@1 : 0.1847    ndcg@2 : 0.2125    ndcg@3 : 0.2363    ndcg@4 : 0.2503    ndcg@5 : 0.2636    ndcg@10 : 0.304    ndcg@20 : 0.3419    ndcg@30 : 0.3647    ndcg@50 : 0.3889    precision@1 : 0.1847    precision@2 : 0.1624    precision@3 : 0.1446    precision@4 : 0.1272    precision@5 : 0.1156    precision@10 : 0.0815    precision@20 : 0.0548    precision@30 : 0.0435    precision@50 : 0.0315    map@1 : 0.1847    map@2 : 0.1865    map@3 : 0.1947    map@4 : 0.1998    map@5 : 0.2054    map@10 : 0.2218    map@20 : 0.2339    map@30 : 0.24    map@50 : 0.2453
Sun 15 Mar 2026 22:45:39 INFO  epoch 22 training [time: 0.11s, train loss: 3.2723]
Sun 15 Mar 2026 22:45:39 INFO  epoch 22 evaluating [time: 0.14s, valid_score: 0.304000]
Sun 15 Mar 2026 22:45:39 INFO  valid result: 
recall@1 : 0.1129    recall@2 : 0.1974    recall@3 : 0.2628    recall@4 : 0.3028    recall@5 : 0.3388    recall@10 : 0.4539    recall@20 : 0.5834    recall@30 : 0.6704    recall@50 : 0.769    ndcg@1 : 0.1847    ndcg@2 : 0.2125    ndcg@3 : 0.2363    ndcg@4 : 0.2503    ndcg@5 : 0.2636    ndcg@10 : 0.304    ndcg@20 : 0.3419    ndcg@30 : 0.3647    ndcg@50 : 0.3888    precision@1 : 0.1847    precision@2 : 0.1624    precision@3 : 0.1446    precision@4 : 0.1272    precision@5 : 0.1156    precision@10 : 0.0816    precision@20 : 0.0549    precision@30 : 0.0435    precision@50 : 0.0315    map@1 : 0.1847    map@2 : 0.1865    map@3 : 0.1947    map@4 : 0.1998    map@5 : 0.2054    map@10 : 0.2218    map@20 : 0.2339    map@30 : 0.24    map@50 : 0.2453
Sun 15 Mar 2026 22:45:39 INFO  epoch 23 training [time: 0.14s, train loss: 3.2771]
Sun 15 Mar 2026 22:45:39 INFO  epoch 23 evaluating [time: 0.14s, valid_score: 0.303800]
Sun 15 Mar 2026 22:45:39 INFO  valid result: 
recall@1 : 0.1129    recall@2 : 0.1974    recall@3 : 0.2628    recall@4 : 0.3028    recall@5 : 0.3388    recall@10 : 0.4533    recall@20 : 0.5838    recall@30 : 0.6686    recall@50 : 0.769    ndcg@1 : 0.1847    ndcg@2 : 0.2125    ndcg@3 : 0.2363    ndcg@4 : 0.2503    ndcg@5 : 0.2636    ndcg@10 : 0.3038    ndcg@20 : 0.342    ndcg@30 : 0.3643    ndcg@50 : 0.3887    precision@1 : 0.1847    precision@2 : 0.1624    precision@3 : 0.1446    precision@4 : 0.1272    precision@5 : 0.1156    precision@10 : 0.0815    precision@20 : 0.0549    precision@30 : 0.0434    precision@50 : 0.0315    map@1 : 0.1847    map@2 : 0.1865    map@3 : 0.1947    map@4 : 0.1998    map@5 : 0.2054    map@10 : 0.2218    map@20 : 0.234    map@30 : 0.2399    map@50 : 0.2453
Sun 15 Mar 2026 22:45:39 INFO  epoch 24 training [time: 0.11s, train loss: 3.2579]
Sun 15 Mar 2026 22:45:39 INFO  epoch 24 evaluating [time: 0.14s, valid_score: 0.304100]
Sun 15 Mar 2026 22:45:39 INFO  valid result: 
recall@1 : 0.1135    recall@2 : 0.1974    recall@3 : 0.2628    recall@4 : 0.3028    recall@5 : 0.3388    recall@10 : 0.4534    recall@20 : 0.5839    recall@30 : 0.6679    recall@50 : 0.7693    ndcg@1 : 0.1853    ndcg@2 : 0.2127    ndcg@3 : 0.2365    ndcg@4 : 0.2506    ndcg@5 : 0.2639    ndcg@10 : 0.3041    ndcg@20 : 0.3423    ndcg@30 : 0.3645    ndcg@50 : 0.389    precision@1 : 0.1853    precision@2 : 0.1624    precision@3 : 0.1446    precision@4 : 0.1272    precision@5 : 0.1156    precision@10 : 0.0815    precision@20 : 0.055    precision@30 : 0.0434    precision@50 : 0.0315    map@1 : 0.1853    map@2 : 0.1868    map@3 : 0.195    map@4 : 0.2001    map@5 : 0.2057    map@10 : 0.2221    map@20 : 0.2343    map@30 : 0.2402    map@50 : 0.2456
Sun 15 Mar 2026 22:45:39 INFO  epoch 25 training [time: 0.11s, train loss: 3.2240]
Sun 15 Mar 2026 22:45:39 INFO  epoch 25 evaluating [time: 0.14s, valid_score: 0.303600]
Sun 15 Mar 2026 22:45:39 INFO  valid result: 
recall@1 : 0.1135    recall@2 : 0.1974    recall@3 : 0.2636    recall@4 : 0.3025    recall@5 : 0.3388    recall@10 : 0.4517    recall@20 : 0.5837    recall@30 : 0.6686    recall@50 : 0.7696    ndcg@1 : 0.1853    ndcg@2 : 0.2127    ndcg@3 : 0.237    ndcg@4 : 0.2506    ndcg@5 : 0.2639    ndcg@10 : 0.3036    ndcg@20 : 0.3422    ndcg@30 : 0.3646    ndcg@50 : 0.389    precision@1 : 0.1853    precision@2 : 0.1624    precision@3 : 0.145    precision@4 : 0.1272    precision@5 : 0.1155    precision@10 : 0.0814    precision@20 : 0.0549    precision@30 : 0.0435    precision@50 : 0.0315    map@1 : 0.1853    map@2 : 0.1868    map@3 : 0.1952    map@4 : 0.2    map@5 : 0.2057    map@10 : 0.2219    map@20 : 0.2342    map@30 : 0.2402    map@50 : 0.2455
Sun 15 Mar 2026 22:45:40 INFO  epoch 26 training [time: 0.12s, train loss: 3.2194]
Sun 15 Mar 2026 22:45:40 INFO  epoch 26 evaluating [time: 0.14s, valid_score: 0.303600]
Sun 15 Mar 2026 22:45:40 INFO  valid result: 
recall@1 : 0.1135    recall@2 : 0.1974    recall@3 : 0.2637    recall@4 : 0.3026    recall@5 : 0.3388    recall@10 : 0.4517    recall@20 : 0.5848    recall@30 : 0.6614    recall@50 : 0.7694    ndcg@1 : 0.1853    ndcg@2 : 0.2127    ndcg@3 : 0.237    ndcg@4 : 0.2508    ndcg@5 : 0.2639    ndcg@10 : 0.3036    ndcg@20 : 0.3427    ndcg@30 : 0.3632    ndcg@50 : 0.389    precision@1 : 0.1853    precision@2 : 0.1624    precision@3 : 0.145    precision@4 : 0.1275    precision@5 : 0.1155    precision@10 : 0.0814    precision@20 : 0.0551    precision@30 : 0.0433    precision@50 : 0.0315    map@1 : 0.1853    map@2 : 0.1868    map@3 : 0.1952    map@4 : 0.2002    map@5 : 0.2057    map@10 : 0.2219    map@20 : 0.2344    map@30 : 0.24    map@50 : 0.2456
Sun 15 Mar 2026 22:45:40 INFO  Finished training, best eval result in epoch 15
Sun 15 Mar 2026 22:45:40 INFO  Loading model structure and parameters from saved/LightGCN-Mar-15-2026_22-45-31.pth
Sun 15 Mar 2026 22:45:40 INFO  best valid : OrderedDict([('recall@1', 0.1156), ('recall@2', 0.1974), ('recall@3', 0.2627), ('recall@4', 0.3027), ('recall@5', 0.3386), ('recall@10', 0.4534), ('recall@20', 0.5821), ('recall@30', 0.6694), ('recall@50', 0.7705), ('ndcg@1', 0.1877), ('ndcg@2', 0.2135), ('ndcg@3', 0.2372), ('ndcg@4', 0.2512), ('ndcg@5', 0.2645), ('ndcg@10', 0.3045), ('ndcg@20', 0.3423), ('ndcg@30', 0.3654), ('ndcg@50', 0.3898), ('precision@1', 0.1877), ('precision@2', 0.1624), ('precision@3', 0.1444), ('precision@4', 0.1271), ('precision@5', 0.1154), ('precision@10', 0.081), ('precision@20', 0.0546), ('precision@30', 0.0434), ('precision@50', 0.0314), ('map@1', 0.1877), ('map@2', 0.1879), ('map@3', 0.1959), ('map@4', 0.2011), ('map@5', 0.2066), ('map@10', 0.2228), ('map@20', 0.2349), ('map@30', 0.2411), ('map@50', 0.2464)])
Sun 15 Mar 2026 22:45:40 INFO  test result: OrderedDict([('recall@1', 0.1354), ('recall@2', 0.2323), ('recall@3', 0.2818), ('recall@4', 0.3224), ('recall@5', 0.3521), ('recall@10', 0.4755), ('recall@20', 0.5987), ('recall@30', 0.6878), ('recall@50', 0.7806), ('ndcg@1', 0.2273), ('ndcg@2', 0.2524), ('ndcg@3', 0.2662), ('ndcg@4', 0.2788), ('ndcg@5', 0.2889), ('ndcg@10', 0.3302), ('ndcg@20', 0.3661), ('ndcg@30', 0.3892), ('ndcg@50', 0.4111), ('precision@1', 0.2273), ('precision@2', 0.1874), ('precision@3', 0.1569), ('precision@4', 0.1375), ('precision@5', 0.1234), ('precision@10', 0.0865), ('precision@20', 0.0569), ('precision@30', 0.0445), ('precision@50', 0.0313), ('map@1', 0.2273), ('map@2', 0.2243), ('map@3', 0.2252), ('map@4', 0.229), ('map@5', 0.2327), ('map@10', 0.2487), ('map@20', 0.2604), ('map@30', 0.2667), ('map@50', 0.2716)])
Sun 15 Mar 2026 22:45:40 INFO  training time: 7.7257s
Sun 15 Mar 2026 22:45:40 INFO  result file: results/again2/lightgcn_lightgcn_seed2026.json
