Sun 15 Mar 2026 21:40:51 INFO  
General Hyper Parameters:
gpu_id = 0
use_gpu = True
seed = 2024
state = INFO
reproducibility = True
data_path = ./travel
checkpoint_dir = saved
show_progress = True
save_dataset = False
dataset_save_path = None
save_dataloaders = False
dataloaders_save_path = None
log_wandb = False

Training Hyper Parameters:
epochs = 1000
train_batch_size = 4096
learner = adam
learning_rate = 0.001
train_neg_sample_args = {'distribution': 'uniform', 'sample_num': 1, 'alpha': 1.0, 'dynamic': False, 'candidate_num': 0}
eval_step = 1
stopping_step = 20
clip_grad_norm = None
weight_decay = 0.0
loss_decimal_place = 4

Evaluation Hyper Parameters:
eval_args = {'split': {'RS': [0.8, 0.1, 0.1]}, 'order': 'RO', 'group_by': 'user', 'mode': {'valid': 'full', 'test': 'full'}}
repeatable = False
metrics = ['Recall', 'NDCG', 'Precision', 'MAP']
topk = [1, 2, 3, 4, 5, 10, 20, 30, 50]
valid_metric = NDCG@10
valid_metric_bigger = True
eval_batch_size = 4096
metric_decimal_place = 4

Dataset Hyper Parameters:
field_separator = 	
seq_separator =  
USER_ID_FIELD = user_id
ITEM_ID_FIELD = item_id
RATING_FIELD = rating
TIME_FIELD = timestamp
seq_len = None
LABEL_FIELD = label
threshold = None
NEG_PREFIX = neg_
load_col = {'inter': ['user_id', 'item_id', 'rating'], 'user': ['user_id', 'post_num', 'follower', 'following', 'timestamp']}
unload_col = None
unused_col = None
additional_feat_suffix = None
rm_dup_inter = None
val_interval = {'rating': '[0,inf)'}
filter_inter_by_user_or_item = True
user_inter_num_interval = [0,inf)
item_inter_num_interval = [0,inf)
alias_of_user_id = None
alias_of_item_id = None
alias_of_entity_id = None
alias_of_relation_id = None
preload_weight = None
normalize_field = None
normalize_all = None
ITEM_LIST_LENGTH_FIELD = item_length
LIST_SUFFIX = _list
MAX_ITEM_LIST_LENGTH = 50
POSITION_FIELD = position_id
HEAD_ENTITY_ID_FIELD = head_id
TAIL_ENTITY_ID_FIELD = tail_id
RELATION_ID_FIELD = relation_id
ENTITY_ID_FIELD = entity_id
benchmark_filename = None

Other Hyper Parameters: 
worker = 0
wandb_project = recbole
shuffle = True
require_pow = False
enable_amp = False
enable_scaler = False
transform = None
embedding_size = 64
n_layers = 3
reg_weight = 0.0001
numerical_features = []
discretization = None
kg_reverse_r = False
entity_kg_num_interval = [0,inf)
relation_kg_num_interval = [0,inf)
MODEL_TYPE = ModelType.GENERAL
MODEL_INPUT_TYPE = InputType.PAIRWISE
eval_type = EvaluatorType.RANKING
single_spec = True
local_rank = 0
device = cuda
valid_neg_sample_args = {'distribution': 'uniform', 'sample_num': 'none'}
test_neg_sample_args = {'distribution': 'uniform', 'sample_num': 'none'}


Sun 15 Mar 2026 21:40:51 INFO  travel
The number of users: 2010
Average actions of users: 18.721254355400696
The number of items: 247
Average actions of items: 152.890243902439
The number of inters: 37611
The sparsity of the dataset: 92.42431566862047%
Remain Fields: ['user_id', 'item_id', 'rating', 'post_num', 'follower', 'following', 'timestamp']
Sun 15 Mar 2026 21:40:52 INFO  [Training]: train_batch_size = [4096] train_neg_sample_args: [{'distribution': 'uniform', 'sample_num': 1, 'alpha': 1.0, 'dynamic': False, 'candidate_num': 0}]
Sun 15 Mar 2026 21:40:52 INFO  [Evaluation]: eval_batch_size = [4096] eval_args: [{'split': {'RS': [0.8, 0.1, 0.1]}, 'order': 'RO', 'group_by': 'user', 'mode': {'valid': 'full', 'test': 'full'}}]
Sun 15 Mar 2026 21:40:52 INFO  LightGCN(
  (user_embedding): Embedding(2010, 64)
  (item_embedding): Embedding(247, 64)
  (mf_loss): BPRLoss()
  (reg_loss): EmbLoss()
)
Trainable parameters: 144448
Sun 15 Mar 2026 21:40:52 INFO  trainable parameters: 144448
Sun 15 Mar 2026 21:40:53 INFO  epoch 0 training [time: 0.49s, train loss: 5.5393]
Sun 15 Mar 2026 21:40:54 INFO  epoch 0 evaluating [time: 0.39s, valid_score: 0.215800]
Sun 15 Mar 2026 21:40:54 INFO  valid result: 
recall@1 : 0.0701    recall@2 : 0.1172    recall@3 : 0.1642    recall@4 : 0.2048    recall@5 : 0.235    recall@10 : 0.3373    recall@20 : 0.4631    recall@30 : 0.5414    recall@50 : 0.6474    ndcg@1 : 0.1287    ndcg@2 : 0.1382    ndcg@3 : 0.1552    ndcg@4 : 0.1698    ndcg@5 : 0.1805    ndcg@10 : 0.2158    ndcg@20 : 0.2524    ndcg@30 : 0.2727    ndcg@50 : 0.2972    precision@1 : 0.1287    precision@2 : 0.1094    precision@3 : 0.1017    precision@4 : 0.0943    precision@5 : 0.0871    precision@10 : 0.064    precision@20 : 0.0449    precision@30 : 0.036    precision@50 : 0.0266    map@1 : 0.1287    map@2 : 0.1208    map@3 : 0.1258    map@4 : 0.1307    map@5 : 0.1348    map@10 : 0.1483    map@20 : 0.1592    map@30 : 0.1641    map@50 : 0.1688
Sun 15 Mar 2026 21:40:54 INFO  Saving current: saved/LightGCN-Mar-15-2026_21-40-52.pth
Sun 15 Mar 2026 21:40:54 INFO  epoch 1 training [time: 0.16s, train loss: 5.5215]
Sun 15 Mar 2026 21:40:54 INFO  epoch 1 evaluating [time: 0.27s, valid_score: 0.306700]
Sun 15 Mar 2026 21:40:54 INFO  valid result: 
recall@1 : 0.1166    recall@2 : 0.203    recall@3 : 0.2559    recall@4 : 0.302    recall@5 : 0.341    recall@10 : 0.4611    recall@20 : 0.5958    recall@30 : 0.6635    recall@50 : 0.7609    ndcg@1 : 0.1847    ndcg@2 : 0.2151    ndcg@3 : 0.2335    ndcg@4 : 0.2508    ndcg@5 : 0.2648    ndcg@10 : 0.3067    ndcg@20 : 0.3459    ndcg@30 : 0.3643    ndcg@50 : 0.3876    precision@1 : 0.1847    precision@2 : 0.1615    precision@3 : 0.1395    precision@4 : 0.1257    precision@5 : 0.1149    precision@10 : 0.0816    precision@20 : 0.0549    precision@30 : 0.0426    precision@50 : 0.0306    map@1 : 0.1847    map@2 : 0.1898    map@3 : 0.195    map@4 : 0.2019    map@5 : 0.2076    map@10 : 0.2243    map@20 : 0.2366    map@30 : 0.2416    map@50 : 0.2465
Sun 15 Mar 2026 21:40:54 INFO  Saving current: saved/LightGCN-Mar-15-2026_21-40-52.pth
Sun 15 Mar 2026 21:40:54 INFO  epoch 2 training [time: 0.17s, train loss: 5.4796]
Sun 15 Mar 2026 21:40:55 INFO  epoch 2 evaluating [time: 0.27s, valid_score: 0.310800]
Sun 15 Mar 2026 21:40:55 INFO  valid result: 
recall@1 : 0.118    recall@2 : 0.2066    recall@3 : 0.2632    recall@4 : 0.3126    recall@5 : 0.3492    recall@10 : 0.4661    recall@20 : 0.5976    recall@30 : 0.6745    recall@50 : 0.7666    ndcg@1 : 0.1865    ndcg@2 : 0.2177    ndcg@3 : 0.2383    ndcg@4 : 0.2565    ndcg@5 : 0.2698    ndcg@10 : 0.3108    ndcg@20 : 0.3493    ndcg@30 : 0.3703    ndcg@50 : 0.3927    precision@1 : 0.1865    precision@2 : 0.1633    precision@3 : 0.1422    precision@4 : 0.1277    precision@5 : 0.116    precision@10 : 0.0822    precision@20 : 0.055    precision@30 : 0.0435    precision@50 : 0.031    map@1 : 0.1865    map@2 : 0.1922    map@3 : 0.1988    map@4 : 0.2064    map@5 : 0.2116    map@10 : 0.2279    map@20 : 0.2401    map@30 : 0.2459    map@50 : 0.2509
Sun 15 Mar 2026 21:40:55 INFO  Saving current: saved/LightGCN-Mar-15-2026_21-40-52.pth
Sun 15 Mar 2026 21:40:55 INFO  epoch 3 training [time: 0.15s, train loss: 5.4039]
Sun 15 Mar 2026 21:40:55 INFO  epoch 3 evaluating [time: 0.27s, valid_score: 0.311000]
Sun 15 Mar 2026 21:40:55 INFO  valid result: 
recall@1 : 0.1182    recall@2 : 0.2058    recall@3 : 0.2665    recall@4 : 0.3132    recall@5 : 0.3488    recall@10 : 0.4662    recall@20 : 0.5967    recall@30 : 0.6744    recall@50 : 0.7698    ndcg@1 : 0.1871    ndcg@2 : 0.2169    ndcg@3 : 0.2399    ndcg@4 : 0.257    ndcg@5 : 0.27    ndcg@10 : 0.311    ndcg@20 : 0.3495    ndcg@30 : 0.3708    ndcg@50 : 0.3938    precision@1 : 0.1871    precision@2 : 0.1621    precision@3 : 0.1434    precision@4 : 0.128    precision@5 : 0.1163    precision@10 : 0.0819    precision@20 : 0.0549    precision@30 : 0.0436    precision@50 : 0.0311    map@1 : 0.1871    map@2 : 0.1917    map@3 : 0.1995    map@4 : 0.2067    map@5 : 0.2118    map@10 : 0.2282    map@20 : 0.2404    map@30 : 0.2463    map@50 : 0.2514
Sun 15 Mar 2026 21:40:55 INFO  Saving current: saved/LightGCN-Mar-15-2026_21-40-52.pth
Sun 15 Mar 2026 21:40:55 INFO  epoch 4 training [time: 0.16s, train loss: 5.2874]
Sun 15 Mar 2026 21:40:55 INFO  epoch 4 evaluating [time: 0.27s, valid_score: 0.311100]
Sun 15 Mar 2026 21:40:55 INFO  valid result: 
recall@1 : 0.118    recall@2 : 0.2063    recall@3 : 0.2649    recall@4 : 0.3131    recall@5 : 0.3455    recall@10 : 0.4673    recall@20 : 0.5968    recall@30 : 0.6773    recall@50 : 0.7698    ndcg@1 : 0.1865    ndcg@2 : 0.2172    ndcg@3 : 0.2388    ndcg@4 : 0.2567    ndcg@5 : 0.2685    ndcg@10 : 0.3111    ndcg@20 : 0.3492    ndcg@30 : 0.3711    ndcg@50 : 0.3934    precision@1 : 0.1865    precision@2 : 0.1624    precision@3 : 0.1422    precision@4 : 0.128    precision@5 : 0.1156    precision@10 : 0.0822    precision@20 : 0.055    precision@30 : 0.0437    precision@50 : 0.0311    map@1 : 0.1865    map@2 : 0.1917    map@3 : 0.1988    map@4 : 0.2064    map@5 : 0.2109    map@10 : 0.2281    map@20 : 0.2402    map@30 : 0.2461    map@50 : 0.2511
Sun 15 Mar 2026 21:40:55 INFO  Saving current: saved/LightGCN-Mar-15-2026_21-40-52.pth
Sun 15 Mar 2026 21:40:56 INFO  epoch 5 training [time: 0.15s, train loss: 5.1288]
Sun 15 Mar 2026 21:40:56 INFO  epoch 5 evaluating [time: 0.28s, valid_score: 0.310900]
Sun 15 Mar 2026 21:40:56 INFO  valid result: 
recall@1 : 0.1168    recall@2 : 0.2062    recall@3 : 0.265    recall@4 : 0.3131    recall@5 : 0.3462    recall@10 : 0.4679    recall@20 : 0.5972    recall@30 : 0.6773    recall@50 : 0.77    ndcg@1 : 0.1853    ndcg@2 : 0.2167    ndcg@3 : 0.2382    ndcg@4 : 0.2562    ndcg@5 : 0.2682    ndcg@10 : 0.3109    ndcg@20 : 0.3489    ndcg@30 : 0.3708    ndcg@50 : 0.3932    precision@1 : 0.1853    precision@2 : 0.1624    precision@3 : 0.1418    precision@4 : 0.128    precision@5 : 0.1156    precision@10 : 0.0821    precision@20 : 0.055    precision@30 : 0.0438    precision@50 : 0.0311    map@1 : 0.1853    map@2 : 0.1912    map@3 : 0.1981    map@4 : 0.2058    map@5 : 0.2104    map@10 : 0.2276    map@20 : 0.2397    map@30 : 0.2457    map@50 : 0.2506
Sun 15 Mar 2026 21:40:56 INFO  epoch 6 training [time: 0.18s, train loss: 4.9344]
Sun 15 Mar 2026 21:40:56 INFO  epoch 6 evaluating [time: 0.26s, valid_score: 0.311400]
Sun 15 Mar 2026 21:40:56 INFO  valid result: 
recall@1 : 0.1178    recall@2 : 0.206    recall@3 : 0.2648    recall@4 : 0.3137    recall@5 : 0.3478    recall@10 : 0.4688    recall@20 : 0.5989    recall@30 : 0.6774    recall@50 : 0.7703    ndcg@1 : 0.1865    ndcg@2 : 0.2169    ndcg@3 : 0.2384    ndcg@4 : 0.2569    ndcg@5 : 0.2695    ndcg@10 : 0.3114    ndcg@20 : 0.3498    ndcg@30 : 0.3711    ndcg@50 : 0.3937    precision@1 : 0.1865    precision@2 : 0.1621    precision@3 : 0.1416    precision@4 : 0.1281    precision@5 : 0.1166    precision@10 : 0.082    precision@20 : 0.0552    precision@30 : 0.0437    precision@50 : 0.0311    map@1 : 0.1865    map@2 : 0.1916    map@3 : 0.1986    map@4 : 0.2065    map@5 : 0.2116    map@10 : 0.2281    map@20 : 0.2405    map@30 : 0.2463    map@50 : 0.2512
Sun 15 Mar 2026 21:40:56 INFO  Saving current: saved/LightGCN-Mar-15-2026_21-40-52.pth
Sun 15 Mar 2026 21:40:56 INFO  epoch 7 training [time: 0.15s, train loss: 4.7118]
Sun 15 Mar 2026 21:40:57 INFO  epoch 7 evaluating [time: 0.26s, valid_score: 0.313000]
Sun 15 Mar 2026 21:40:57 INFO  valid result: 
recall@1 : 0.1205    recall@2 : 0.206    recall@3 : 0.2648    recall@4 : 0.3137    recall@5 : 0.3476    recall@10 : 0.4706    recall@20 : 0.5994    recall@30 : 0.6797    recall@50 : 0.7684    ndcg@1 : 0.1889    ndcg@2 : 0.2178    ndcg@3 : 0.2393    ndcg@4 : 0.2578    ndcg@5 : 0.2705    ndcg@10 : 0.313    ndcg@20 : 0.3511    ndcg@30 : 0.3728    ndcg@50 : 0.3944    precision@1 : 0.1889    precision@2 : 0.1621    precision@3 : 0.1416    precision@4 : 0.1281    precision@5 : 0.1168    precision@10 : 0.0823    precision@20 : 0.0553    precision@30 : 0.0439    precision@50 : 0.0311    map@1 : 0.1889    map@2 : 0.1928    map@3 : 0.1999    map@4 : 0.2078    map@5 : 0.213    map@10 : 0.2297    map@20 : 0.242    map@30 : 0.2478    map@50 : 0.2526
Sun 15 Mar 2026 21:40:57 INFO  Saving current: saved/LightGCN-Mar-15-2026_21-40-52.pth
Sun 15 Mar 2026 21:40:57 INFO  epoch 8 training [time: 0.17s, train loss: 4.4834]
Sun 15 Mar 2026 21:40:57 INFO  epoch 8 evaluating [time: 0.32s, valid_score: 0.314100]
Sun 15 Mar 2026 21:40:57 INFO  valid result: 
recall@1 : 0.1239    recall@2 : 0.206    recall@3 : 0.2648    recall@4 : 0.3137    recall@5 : 0.3477    recall@10 : 0.4703    recall@20 : 0.5989    recall@30 : 0.6795    recall@50 : 0.7695    ndcg@1 : 0.1925    ndcg@2 : 0.2191    ndcg@3 : 0.2406    ndcg@4 : 0.2591    ndcg@5 : 0.2718    ndcg@10 : 0.3141    ndcg@20 : 0.3523    ndcg@30 : 0.3739    ndcg@50 : 0.3959    precision@1 : 0.1925    precision@2 : 0.1621    precision@3 : 0.1416    precision@4 : 0.1281    precision@5 : 0.1169    precision@10 : 0.0822    precision@20 : 0.0553    precision@30 : 0.0438    precision@50 : 0.0311    map@1 : 0.1925    map@2 : 0.1946    map@3 : 0.2016    map@4 : 0.2095    map@5 : 0.2147    map@10 : 0.2313    map@20 : 0.2436    map@30 : 0.2495    map@50 : 0.2543
Sun 15 Mar 2026 21:40:57 INFO  Saving current: saved/LightGCN-Mar-15-2026_21-40-52.pth
Sun 15 Mar 2026 21:40:57 INFO  epoch 9 training [time: 0.14s, train loss: 4.2692]
Sun 15 Mar 2026 21:40:58 INFO  epoch 9 evaluating [time: 0.28s, valid_score: 0.314100]
Sun 15 Mar 2026 21:40:58 INFO  valid result: 
recall@1 : 0.1239    recall@2 : 0.206    recall@3 : 0.2648    recall@4 : 0.3137    recall@5 : 0.3475    recall@10 : 0.4703    recall@20 : 0.5985    recall@30 : 0.6785    recall@50 : 0.7692    ndcg@1 : 0.1925    ndcg@2 : 0.2191    ndcg@3 : 0.2406    ndcg@4 : 0.2591    ndcg@5 : 0.2717    ndcg@10 : 0.3141    ndcg@20 : 0.3522    ndcg@30 : 0.3738    ndcg@50 : 0.3958    precision@1 : 0.1925    precision@2 : 0.1621    precision@3 : 0.1416    precision@4 : 0.1281    precision@5 : 0.1168    precision@10 : 0.0822    precision@20 : 0.0552    precision@30 : 0.0438    precision@50 : 0.0311    map@1 : 0.1925    map@2 : 0.1946    map@3 : 0.2016    map@4 : 0.2095    map@5 : 0.2146    map@10 : 0.2313    map@20 : 0.2436    map@30 : 0.2495    map@50 : 0.2543
Sun 15 Mar 2026 21:40:58 INFO  Saving current: saved/LightGCN-Mar-15-2026_21-40-52.pth
Sun 15 Mar 2026 21:40:58 INFO  epoch 10 training [time: 0.15s, train loss: 4.0592]
Sun 15 Mar 2026 21:40:58 INFO  epoch 10 evaluating [time: 0.27s, valid_score: 0.314100]
Sun 15 Mar 2026 21:40:58 INFO  valid result: 
recall@1 : 0.1239    recall@2 : 0.206    recall@3 : 0.2648    recall@4 : 0.3137    recall@5 : 0.3477    recall@10 : 0.4702    recall@20 : 0.5985    recall@30 : 0.678    recall@50 : 0.7692    ndcg@1 : 0.1925    ndcg@2 : 0.2191    ndcg@3 : 0.2406    ndcg@4 : 0.2591    ndcg@5 : 0.2718    ndcg@10 : 0.3141    ndcg@20 : 0.3522    ndcg@30 : 0.3737    ndcg@50 : 0.3959    precision@1 : 0.1925    precision@2 : 0.1621    precision@3 : 0.1416    precision@4 : 0.1281    precision@5 : 0.1169    precision@10 : 0.0822    precision@20 : 0.0552    precision@30 : 0.0437    precision@50 : 0.0311    map@1 : 0.1925    map@2 : 0.1946    map@3 : 0.2016    map@4 : 0.2095    map@5 : 0.2147    map@10 : 0.2312    map@20 : 0.2436    map@30 : 0.2495    map@50 : 0.2543
Sun 15 Mar 2026 21:40:58 INFO  Saving current: saved/LightGCN-Mar-15-2026_21-40-52.pth
Sun 15 Mar 2026 21:40:58 INFO  epoch 11 training [time: 0.17s, train loss: 3.8786]
Sun 15 Mar 2026 21:40:59 INFO  epoch 11 evaluating [time: 0.26s, valid_score: 0.314400]
Sun 15 Mar 2026 21:40:59 INFO  valid result: 
recall@1 : 0.1239    recall@2 : 0.206    recall@3 : 0.2646    recall@4 : 0.314    recall@5 : 0.3477    recall@10 : 0.4711    recall@20 : 0.5985    recall@30 : 0.6784    recall@50 : 0.7689    ndcg@1 : 0.1925    ndcg@2 : 0.2191    ndcg@3 : 0.2405    ndcg@4 : 0.2593    ndcg@5 : 0.2718    ndcg@10 : 0.3144    ndcg@20 : 0.3523    ndcg@30 : 0.3739    ndcg@50 : 0.3959    precision@1 : 0.1925    precision@2 : 0.1621    precision@3 : 0.1414    precision@4 : 0.1284    precision@5 : 0.1169    precision@10 : 0.0824    precision@20 : 0.0553    precision@30 : 0.0438    precision@50 : 0.0311    map@1 : 0.1925    map@2 : 0.1946    map@3 : 0.2015    map@4 : 0.2096    map@5 : 0.2147    map@10 : 0.2314    map@20 : 0.2437    map@30 : 0.2496    map@50 : 0.2544
Sun 15 Mar 2026 21:40:59 INFO  Saving current: saved/LightGCN-Mar-15-2026_21-40-52.pth
Sun 15 Mar 2026 21:40:59 INFO  epoch 12 training [time: 0.16s, train loss: 3.7427]
Sun 15 Mar 2026 21:40:59 INFO  epoch 12 evaluating [time: 0.27s, valid_score: 0.314300]
Sun 15 Mar 2026 21:40:59 INFO  valid result: 
recall@1 : 0.1239    recall@2 : 0.206    recall@3 : 0.2646    recall@4 : 0.3138    recall@5 : 0.3475    recall@10 : 0.4709    recall@20 : 0.5985    recall@30 : 0.678    recall@50 : 0.769    ndcg@1 : 0.1925    ndcg@2 : 0.2191    ndcg@3 : 0.2403    ndcg@4 : 0.2591    ndcg@5 : 0.2717    ndcg@10 : 0.3143    ndcg@20 : 0.3523    ndcg@30 : 0.3738    ndcg@50 : 0.3959    precision@1 : 0.1925    precision@2 : 0.1621    precision@3 : 0.1412    precision@4 : 0.1283    precision@5 : 0.1168    precision@10 : 0.0823    precision@20 : 0.0553    precision@30 : 0.0438    precision@50 : 0.0311    map@1 : 0.1925    map@2 : 0.1946    map@3 : 0.2015    map@4 : 0.2096    map@5 : 0.2146    map@10 : 0.2313    map@20 : 0.2437    map@30 : 0.2496    map@50 : 0.2544
Sun 15 Mar 2026 21:40:59 INFO  epoch 13 training [time: 0.17s, train loss: 3.6035]
Sun 15 Mar 2026 21:40:59 INFO  epoch 13 evaluating [time: 0.28s, valid_score: 0.314300]
Sun 15 Mar 2026 21:40:59 INFO  valid result: 
recall@1 : 0.1239    recall@2 : 0.206    recall@3 : 0.2644    recall@4 : 0.3137    recall@5 : 0.3474    recall@10 : 0.4709    recall@20 : 0.5986    recall@30 : 0.6779    recall@50 : 0.7685    ndcg@1 : 0.1925    ndcg@2 : 0.2191    ndcg@3 : 0.2402    ndcg@4 : 0.2591    ndcg@5 : 0.2716    ndcg@10 : 0.3143    ndcg@20 : 0.3523    ndcg@30 : 0.3738    ndcg@50 : 0.3958    precision@1 : 0.1925    precision@2 : 0.1621    precision@3 : 0.141    precision@4 : 0.1283    precision@5 : 0.1167    precision@10 : 0.0823    precision@20 : 0.0553    precision@30 : 0.0438    precision@50 : 0.0311    map@1 : 0.1925    map@2 : 0.1946    map@3 : 0.2014    map@4 : 0.2095    map@5 : 0.2146    map@10 : 0.2313    map@20 : 0.2437    map@30 : 0.2496    map@50 : 0.2544
Sun 15 Mar 2026 21:41:00 INFO  epoch 14 training [time: 0.18s, train loss: 3.5252]
Sun 15 Mar 2026 21:41:00 INFO  epoch 14 evaluating [time: 0.26s, valid_score: 0.314500]
Sun 15 Mar 2026 21:41:00 INFO  valid result: 
recall@1 : 0.1239    recall@2 : 0.206    recall@3 : 0.2644    recall@4 : 0.3137    recall@5 : 0.3471    recall@10 : 0.4715    recall@20 : 0.5993    recall@30 : 0.678    recall@50 : 0.7683    ndcg@1 : 0.1925    ndcg@2 : 0.2191    ndcg@3 : 0.2402    ndcg@4 : 0.2591    ndcg@5 : 0.2714    ndcg@10 : 0.3145    ndcg@20 : 0.3526    ndcg@30 : 0.3738    ndcg@50 : 0.3958    precision@1 : 0.1925    precision@2 : 0.1621    precision@3 : 0.141    precision@4 : 0.1283    precision@5 : 0.1164    precision@10 : 0.0824    precision@20 : 0.0554    precision@30 : 0.0437    precision@50 : 0.0311    map@1 : 0.1925    map@2 : 0.1946    map@3 : 0.2014    map@4 : 0.2095    map@5 : 0.2144    map@10 : 0.2314    map@20 : 0.2438    map@30 : 0.2496    map@50 : 0.2545
Sun 15 Mar 2026 21:41:00 INFO  Saving current: saved/LightGCN-Mar-15-2026_21-40-52.pth
Sun 15 Mar 2026 21:41:00 INFO  epoch 15 training [time: 0.16s, train loss: 3.4850]
Sun 15 Mar 2026 21:41:00 INFO  epoch 15 evaluating [time: 0.29s, valid_score: 0.314000]
Sun 15 Mar 2026 21:41:00 INFO  valid result: 
recall@1 : 0.1233    recall@2 : 0.2054    recall@3 : 0.2639    recall@4 : 0.3132    recall@5 : 0.3466    recall@10 : 0.4711    recall@20 : 0.5993    recall@30 : 0.6774    recall@50 : 0.7677    ndcg@1 : 0.1919    ndcg@2 : 0.2185    ndcg@3 : 0.2397    ndcg@4 : 0.2585    ndcg@5 : 0.2709    ndcg@10 : 0.314    ndcg@20 : 0.3522    ndcg@30 : 0.3732    ndcg@50 : 0.3953    precision@1 : 0.1919    precision@2 : 0.1618    precision@3 : 0.141    precision@4 : 0.1281    precision@5 : 0.1164    precision@10 : 0.0824    precision@20 : 0.0554    precision@30 : 0.0437    precision@50 : 0.0311    map@1 : 0.1919    map@2 : 0.194    map@3 : 0.2009    map@4 : 0.209    map@5 : 0.2139    map@10 : 0.2309    map@20 : 0.2433    map@30 : 0.2491    map@50 : 0.2539
Sun 15 Mar 2026 21:41:00 INFO  epoch 16 training [time: 0.16s, train loss: 3.3995]
Sun 15 Mar 2026 21:41:01 INFO  epoch 16 evaluating [time: 0.28s, valid_score: 0.314100]
Sun 15 Mar 2026 21:41:01 INFO  valid result: 
recall@1 : 0.1233    recall@2 : 0.2054    recall@3 : 0.264    recall@4 : 0.3132    recall@5 : 0.3466    recall@10 : 0.4713    recall@20 : 0.5981    recall@30 : 0.6783    recall@50 : 0.7679    ndcg@1 : 0.1919    ndcg@2 : 0.2185    ndcg@3 : 0.2399    ndcg@4 : 0.2585    ndcg@5 : 0.2709    ndcg@10 : 0.3141    ndcg@20 : 0.3519    ndcg@30 : 0.3735    ndcg@50 : 0.3953    precision@1 : 0.1919    precision@2 : 0.1618    precision@3 : 0.1412    precision@4 : 0.1281    precision@5 : 0.1164    precision@10 : 0.0825    precision@20 : 0.0553    precision@30 : 0.0439    precision@50 : 0.0311    map@1 : 0.1919    map@2 : 0.194    map@3 : 0.201    map@4 : 0.209    map@5 : 0.2139    map@10 : 0.231    map@20 : 0.2433    map@30 : 0.2492    map@50 : 0.254
Sun 15 Mar 2026 21:41:01 INFO  epoch 17 training [time: 0.18s, train loss: 3.4213]
Sun 15 Mar 2026 21:41:01 INFO  epoch 17 evaluating [time: 0.27s, valid_score: 0.314500]
Sun 15 Mar 2026 21:41:01 INFO  valid result: 
recall@1 : 0.1233    recall@2 : 0.2054    recall@3 : 0.264    recall@4 : 0.3132    recall@5 : 0.3466    recall@10 : 0.4724    recall@20 : 0.5981    recall@30 : 0.6787    recall@50 : 0.7668    ndcg@1 : 0.1919    ndcg@2 : 0.2185    ndcg@3 : 0.2399    ndcg@4 : 0.2585    ndcg@5 : 0.2709    ndcg@10 : 0.3145    ndcg@20 : 0.352    ndcg@30 : 0.3737    ndcg@50 : 0.3952    precision@1 : 0.1919    precision@2 : 0.1618    precision@3 : 0.1412    precision@4 : 0.1281    precision@5 : 0.1164    precision@10 : 0.0826    precision@20 : 0.0554    precision@30 : 0.0439    precision@50 : 0.0311    map@1 : 0.1919    map@2 : 0.194    map@3 : 0.201    map@4 : 0.209    map@5 : 0.2139    map@10 : 0.2311    map@20 : 0.2434    map@30 : 0.2493    map@50 : 0.254
Sun 15 Mar 2026 21:41:01 INFO  Saving current: saved/LightGCN-Mar-15-2026_21-40-52.pth
Sun 15 Mar 2026 21:41:01 INFO  epoch 18 training [time: 0.18s, train loss: 3.3470]
Sun 15 Mar 2026 21:41:02 INFO  epoch 18 evaluating [time: 0.27s, valid_score: 0.314700]
Sun 15 Mar 2026 21:41:02 INFO  valid result: 
recall@1 : 0.1233    recall@2 : 0.2054    recall@3 : 0.2638    recall@4 : 0.3132    recall@5 : 0.3457    recall@10 : 0.4731    recall@20 : 0.5977    recall@30 : 0.6781    recall@50 : 0.7667    ndcg@1 : 0.1919    ndcg@2 : 0.2185    ndcg@3 : 0.2397    ndcg@4 : 0.2585    ndcg@5 : 0.2703    ndcg@10 : 0.3147    ndcg@20 : 0.3519    ndcg@30 : 0.3736    ndcg@50 : 0.3953    precision@1 : 0.1919    precision@2 : 0.1618    precision@3 : 0.141    precision@4 : 0.1281    precision@5 : 0.1157    precision@10 : 0.0828    precision@20 : 0.0553    precision@30 : 0.0439    precision@50 : 0.0311    map@1 : 0.1919    map@2 : 0.194    map@3 : 0.201    map@4 : 0.209    map@5 : 0.2136    map@10 : 0.2312    map@20 : 0.2433    map@30 : 0.2493    map@50 : 0.2541
Sun 15 Mar 2026 21:41:02 INFO  Saving current: saved/LightGCN-Mar-15-2026_21-40-52.pth
Sun 15 Mar 2026 21:41:02 INFO  epoch 19 training [time: 0.16s, train loss: 3.2577]
Sun 15 Mar 2026 21:41:02 INFO  epoch 19 evaluating [time: 0.28s, valid_score: 0.314600]
Sun 15 Mar 2026 21:41:02 INFO  valid result: 
recall@1 : 0.1233    recall@2 : 0.2054    recall@3 : 0.2639    recall@4 : 0.3132    recall@5 : 0.3457    recall@10 : 0.4728    recall@20 : 0.5986    recall@30 : 0.6779    recall@50 : 0.7675    ndcg@1 : 0.1919    ndcg@2 : 0.2185    ndcg@3 : 0.2397    ndcg@4 : 0.2586    ndcg@5 : 0.2703    ndcg@10 : 0.3146    ndcg@20 : 0.3521    ndcg@30 : 0.3735    ndcg@50 : 0.3954    precision@1 : 0.1919    precision@2 : 0.1618    precision@3 : 0.141    precision@4 : 0.1283    precision@5 : 0.1157    precision@10 : 0.0827    precision@20 : 0.0554    precision@30 : 0.0439    precision@50 : 0.0312    map@1 : 0.1919    map@2 : 0.194    map@3 : 0.201    map@4 : 0.209    map@5 : 0.2136    map@10 : 0.2311    map@20 : 0.2434    map@30 : 0.2492    map@50 : 0.2541
Sun 15 Mar 2026 21:41:02 INFO  epoch 20 training [time: 0.16s, train loss: 3.3022]
Sun 15 Mar 2026 21:41:03 INFO  epoch 20 evaluating [time: 0.28s, valid_score: 0.314800]
Sun 15 Mar 2026 21:41:03 INFO  valid result: 
recall@1 : 0.1233    recall@2 : 0.2054    recall@3 : 0.264    recall@4 : 0.3134    recall@5 : 0.3464    recall@10 : 0.4734    recall@20 : 0.5997    recall@30 : 0.6775    recall@50 : 0.7678    ndcg@1 : 0.1919    ndcg@2 : 0.2185    ndcg@3 : 0.2399    ndcg@4 : 0.2587    ndcg@5 : 0.2708    ndcg@10 : 0.3148    ndcg@20 : 0.3525    ndcg@30 : 0.3734    ndcg@50 : 0.3955    precision@1 : 0.1919    precision@2 : 0.1618    precision@3 : 0.1412    precision@4 : 0.1284    precision@5 : 0.1162    precision@10 : 0.0828    precision@20 : 0.0556    precision@30 : 0.0439    precision@50 : 0.0312    map@1 : 0.1919    map@2 : 0.194    map@3 : 0.201    map@4 : 0.2091    map@5 : 0.2138    map@10 : 0.2312    map@20 : 0.2435    map@30 : 0.2492    map@50 : 0.2541
Sun 15 Mar 2026 21:41:03 INFO  Saving current: saved/LightGCN-Mar-15-2026_21-40-52.pth
Sun 15 Mar 2026 21:41:03 INFO  epoch 21 training [time: 0.15s, train loss: 3.2855]
Sun 15 Mar 2026 21:41:03 INFO  epoch 21 evaluating [time: 0.27s, valid_score: 0.314200]
Sun 15 Mar 2026 21:41:03 INFO  valid result: 
recall@1 : 0.1233    recall@2 : 0.2054    recall@3 : 0.264    recall@4 : 0.3135    recall@5 : 0.3466    recall@10 : 0.4714    recall@20 : 0.5997    recall@30 : 0.6771    recall@50 : 0.7667    ndcg@1 : 0.1919    ndcg@2 : 0.2185    ndcg@3 : 0.2399    ndcg@4 : 0.2588    ndcg@5 : 0.271    ndcg@10 : 0.3142    ndcg@20 : 0.3525    ndcg@30 : 0.3733    ndcg@50 : 0.3951    precision@1 : 0.1919    precision@2 : 0.1618    precision@3 : 0.1412    precision@4 : 0.1286    precision@5 : 0.1164    precision@10 : 0.0825    precision@20 : 0.0557    precision@30 : 0.0439    precision@50 : 0.0312    map@1 : 0.1919    map@2 : 0.194    map@3 : 0.201    map@4 : 0.2091    map@5 : 0.2139    map@10 : 0.231    map@20 : 0.2434    map@30 : 0.2491    map@50 : 0.254
Sun 15 Mar 2026 21:41:03 INFO  epoch 22 training [time: 0.14s, train loss: 3.2579]
Sun 15 Mar 2026 21:41:03 INFO  epoch 22 evaluating [time: 0.28s, valid_score: 0.314200]
Sun 15 Mar 2026 21:41:03 INFO  valid result: 
recall@1 : 0.1233    recall@2 : 0.2054    recall@3 : 0.264    recall@4 : 0.3135    recall@5 : 0.3466    recall@10 : 0.4714    recall@20 : 0.5997    recall@30 : 0.6672    recall@50 : 0.7665    ndcg@1 : 0.1919    ndcg@2 : 0.2185    ndcg@3 : 0.2399    ndcg@4 : 0.2588    ndcg@5 : 0.271    ndcg@10 : 0.3142    ndcg@20 : 0.3525    ndcg@30 : 0.3713    ndcg@50 : 0.3951    precision@1 : 0.1919    precision@2 : 0.1618    precision@3 : 0.1412    precision@4 : 0.1286    precision@5 : 0.1164    precision@10 : 0.0826    precision@20 : 0.0557    precision@30 : 0.0436    precision@50 : 0.0312    map@1 : 0.1919    map@2 : 0.194    map@3 : 0.201    map@4 : 0.2091    map@5 : 0.2139    map@10 : 0.231    map@20 : 0.2435    map@30 : 0.2488    map@50 : 0.254
Sun 15 Mar 2026 21:41:04 INFO  epoch 23 training [time: 0.15s, train loss: 3.2365]
Sun 15 Mar 2026 21:41:04 INFO  epoch 23 evaluating [time: 0.28s, valid_score: 0.314300]
Sun 15 Mar 2026 21:41:04 INFO  valid result: 
recall@1 : 0.1233    recall@2 : 0.2054    recall@3 : 0.264    recall@4 : 0.3135    recall@5 : 0.3466    recall@10 : 0.4714    recall@20 : 0.5997    recall@30 : 0.6666    recall@50 : 0.766    ndcg@1 : 0.1919    ndcg@2 : 0.2185    ndcg@3 : 0.2399    ndcg@4 : 0.2588    ndcg@5 : 0.271    ndcg@10 : 0.3143    ndcg@20 : 0.3526    ndcg@30 : 0.3713    ndcg@50 : 0.395    precision@1 : 0.1919    precision@2 : 0.1618    precision@3 : 0.1412    precision@4 : 0.1286    precision@5 : 0.1164    precision@10 : 0.0827    precision@20 : 0.0558    precision@30 : 0.0436    precision@50 : 0.0312    map@1 : 0.1919    map@2 : 0.194    map@3 : 0.201    map@4 : 0.2091    map@5 : 0.2139    map@10 : 0.2311    map@20 : 0.2435    map@30 : 0.2489    map@50 : 0.254
Sun 15 Mar 2026 21:41:04 INFO  epoch 24 training [time: 0.15s, train loss: 3.2287]
Sun 15 Mar 2026 21:41:04 INFO  epoch 24 evaluating [time: 0.28s, valid_score: 0.315000]
Sun 15 Mar 2026 21:41:04 INFO  valid result: 
recall@1 : 0.1233    recall@2 : 0.2054    recall@3 : 0.264    recall@4 : 0.3135    recall@5 : 0.3467    recall@10 : 0.4736    recall@20 : 0.6    recall@30 : 0.6674    recall@50 : 0.7652    ndcg@1 : 0.1919    ndcg@2 : 0.2185    ndcg@3 : 0.2399    ndcg@4 : 0.2588    ndcg@5 : 0.271    ndcg@10 : 0.315    ndcg@20 : 0.3527    ndcg@30 : 0.3716    ndcg@50 : 0.3949    precision@1 : 0.1919    precision@2 : 0.1618    precision@3 : 0.1412    precision@4 : 0.1286    precision@5 : 0.1164    precision@10 : 0.083    precision@20 : 0.0558    precision@30 : 0.0437    precision@50 : 0.0312    map@1 : 0.1919    map@2 : 0.194    map@3 : 0.201    map@4 : 0.2091    map@5 : 0.2139    map@10 : 0.2314    map@20 : 0.2436    map@30 : 0.249    map@50 : 0.2541
Sun 15 Mar 2026 21:41:04 INFO  Saving current: saved/LightGCN-Mar-15-2026_21-40-52.pth
Sun 15 Mar 2026 21:41:04 INFO  epoch 25 training [time: 0.15s, train loss: 3.2273]
Sun 15 Mar 2026 21:41:05 INFO  epoch 25 evaluating [time: 0.28s, valid_score: 0.314600]
Sun 15 Mar 2026 21:41:05 INFO  valid result: 
recall@1 : 0.1233    recall@2 : 0.2054    recall@3 : 0.264    recall@4 : 0.3134    recall@5 : 0.3468    recall@10 : 0.4724    recall@20 : 0.5991    recall@30 : 0.6675    recall@50 : 0.7653    ndcg@1 : 0.1919    ndcg@2 : 0.2185    ndcg@3 : 0.2399    ndcg@4 : 0.2587    ndcg@5 : 0.2711    ndcg@10 : 0.3146    ndcg@20 : 0.3525    ndcg@30 : 0.3716    ndcg@50 : 0.3949    precision@1 : 0.1919    precision@2 : 0.1618    precision@3 : 0.1412    precision@4 : 0.1284    precision@5 : 0.1166    precision@10 : 0.0828    precision@20 : 0.0557    precision@30 : 0.0437    precision@50 : 0.0312    map@1 : 0.1919    map@2 : 0.194    map@3 : 0.201    map@4 : 0.209    map@5 : 0.2139    map@10 : 0.2312    map@20 : 0.2436    map@30 : 0.249    map@50 : 0.2541
Sun 15 Mar 2026 21:41:05 INFO  epoch 26 training [time: 0.11s, train loss: 3.2626]
Sun 15 Mar 2026 21:41:05 INFO  epoch 26 evaluating [time: 0.20s, valid_score: 0.314500]
Sun 15 Mar 2026 21:41:05 INFO  valid result: 
recall@1 : 0.1233    recall@2 : 0.2054    recall@3 : 0.264    recall@4 : 0.3134    recall@5 : 0.347    recall@10 : 0.4721    recall@20 : 0.6001    recall@30 : 0.6668    recall@50 : 0.7653    ndcg@1 : 0.1919    ndcg@2 : 0.2185    ndcg@3 : 0.2399    ndcg@4 : 0.2587    ndcg@5 : 0.2712    ndcg@10 : 0.3145    ndcg@20 : 0.3528    ndcg@30 : 0.3715    ndcg@50 : 0.3949    precision@1 : 0.1919    precision@2 : 0.1618    precision@3 : 0.1412    precision@4 : 0.1284    precision@5 : 0.1168    precision@10 : 0.0827    precision@20 : 0.0559    precision@30 : 0.0437    precision@50 : 0.0312    map@1 : 0.1919    map@2 : 0.194    map@3 : 0.201    map@4 : 0.209    map@5 : 0.214    map@10 : 0.2311    map@20 : 0.2437    map@30 : 0.249    map@50 : 0.2541
Sun 15 Mar 2026 21:41:05 INFO  epoch 27 training [time: 0.15s, train loss: 3.2231]
Sun 15 Mar 2026 21:41:05 INFO  epoch 27 evaluating [time: 0.27s, valid_score: 0.314700]
Sun 15 Mar 2026 21:41:05 INFO  valid result: 
recall@1 : 0.1233    recall@2 : 0.2054    recall@3 : 0.264    recall@4 : 0.3134    recall@5 : 0.347    recall@10 : 0.4723    recall@20 : 0.6004    recall@30 : 0.6679    recall@50 : 0.7655    ndcg@1 : 0.1919    ndcg@2 : 0.2185    ndcg@3 : 0.2399    ndcg@4 : 0.2587    ndcg@5 : 0.2712    ndcg@10 : 0.3147    ndcg@20 : 0.353    ndcg@30 : 0.3718    ndcg@50 : 0.395    precision@1 : 0.1919    precision@2 : 0.1618    precision@3 : 0.1412    precision@4 : 0.1284    precision@5 : 0.1168    precision@10 : 0.0829    precision@20 : 0.056    precision@30 : 0.0438    precision@50 : 0.0312    map@1 : 0.1919    map@2 : 0.194    map@3 : 0.201    map@4 : 0.209    map@5 : 0.214    map@10 : 0.2312    map@20 : 0.2438    map@30 : 0.2491    map@50 : 0.2541
Sun 15 Mar 2026 21:41:06 INFO  epoch 28 training [time: 0.17s, train loss: 3.2692]
Sun 15 Mar 2026 21:41:06 INFO  epoch 28 evaluating [time: 0.26s, valid_score: 0.315000]
Sun 15 Mar 2026 21:41:06 INFO  valid result: 
recall@1 : 0.1233    recall@2 : 0.2054    recall@3 : 0.264    recall@4 : 0.3134    recall@5 : 0.347    recall@10 : 0.473    recall@20 : 0.5998    recall@30 : 0.6663    recall@50 : 0.7664    ndcg@1 : 0.1919    ndcg@2 : 0.2185    ndcg@3 : 0.2399    ndcg@4 : 0.2587    ndcg@5 : 0.2712    ndcg@10 : 0.315    ndcg@20 : 0.3529    ndcg@30 : 0.3715    ndcg@50 : 0.3952    precision@1 : 0.1919    precision@2 : 0.1618    precision@3 : 0.1412    precision@4 : 0.1284    precision@5 : 0.1168    precision@10 : 0.0831    precision@20 : 0.056    precision@30 : 0.0437    precision@50 : 0.0312    map@1 : 0.1919    map@2 : 0.194    map@3 : 0.201    map@4 : 0.209    map@5 : 0.214    map@10 : 0.2313    map@20 : 0.2438    map@30 : 0.2491    map@50 : 0.2542
Sun 15 Mar 2026 21:41:06 INFO  Saving current: saved/LightGCN-Mar-15-2026_21-40-52.pth
Sun 15 Mar 2026 21:41:06 INFO  epoch 29 training [time: 0.18s, train loss: 3.2526]
Sun 15 Mar 2026 21:41:06 INFO  epoch 29 evaluating [time: 0.28s, valid_score: 0.314900]
Sun 15 Mar 2026 21:41:06 INFO  valid result: 
recall@1 : 0.1233    recall@2 : 0.2054    recall@3 : 0.264    recall@4 : 0.3134    recall@5 : 0.3469    recall@10 : 0.473    recall@20 : 0.5998    recall@30 : 0.6664    recall@50 : 0.7661    ndcg@1 : 0.1919    ndcg@2 : 0.2185    ndcg@3 : 0.2399    ndcg@4 : 0.2587    ndcg@5 : 0.2711    ndcg@10 : 0.3149    ndcg@20 : 0.3529    ndcg@30 : 0.3715    ndcg@50 : 0.3951    precision@1 : 0.1919    precision@2 : 0.1618    precision@3 : 0.1412    precision@4 : 0.1284    precision@5 : 0.1167    precision@10 : 0.083    precision@20 : 0.056    precision@30 : 0.0437    precision@50 : 0.0312    map@1 : 0.1919    map@2 : 0.194    map@3 : 0.201    map@4 : 0.209    map@5 : 0.214    map@10 : 0.2313    map@20 : 0.2438    map@30 : 0.2491    map@50 : 0.2542
Sun 15 Mar 2026 21:41:06 INFO  epoch 30 training [time: 0.17s, train loss: 3.2039]
Sun 15 Mar 2026 21:41:07 INFO  epoch 30 evaluating [time: 0.28s, valid_score: 0.314900]
Sun 15 Mar 2026 21:41:07 INFO  valid result: 
recall@1 : 0.1233    recall@2 : 0.2054    recall@3 : 0.2646    recall@4 : 0.3134    recall@5 : 0.3469    recall@10 : 0.473    recall@20 : 0.6    recall@30 : 0.6664    recall@50 : 0.7667    ndcg@1 : 0.1919    ndcg@2 : 0.2185    ndcg@3 : 0.2402    ndcg@4 : 0.2588    ndcg@5 : 0.2712    ndcg@10 : 0.3149    ndcg@20 : 0.3531    ndcg@30 : 0.3715    ndcg@50 : 0.3953    precision@1 : 0.1919    precision@2 : 0.1618    precision@3 : 0.1414    precision@4 : 0.1284    precision@5 : 0.1167    precision@10 : 0.083    precision@20 : 0.0562    precision@30 : 0.0437    precision@50 : 0.0312    map@1 : 0.1919    map@2 : 0.194    map@3 : 0.2012    map@4 : 0.2091    map@5 : 0.214    map@10 : 0.2313    map@20 : 0.2439    map@30 : 0.2491    map@50 : 0.2542
Sun 15 Mar 2026 21:41:07 INFO  epoch 31 training [time: 0.14s, train loss: 3.1741]
Sun 15 Mar 2026 21:41:07 INFO  epoch 31 evaluating [time: 0.28s, valid_score: 0.314700]
Sun 15 Mar 2026 21:41:07 INFO  valid result: 
recall@1 : 0.1233    recall@2 : 0.2054    recall@3 : 0.2635    recall@4 : 0.3132    recall@5 : 0.3469    recall@10 : 0.4729    recall@20 : 0.6004    recall@30 : 0.6666    recall@50 : 0.7666    ndcg@1 : 0.1919    ndcg@2 : 0.2185    ndcg@3 : 0.2395    ndcg@4 : 0.2586    ndcg@5 : 0.2712    ndcg@10 : 0.3147    ndcg@20 : 0.353    ndcg@30 : 0.3715    ndcg@50 : 0.3951    precision@1 : 0.1919    precision@2 : 0.1618    precision@3 : 0.1408    precision@4 : 0.1284    precision@5 : 0.1169    precision@10 : 0.083    precision@20 : 0.0562    precision@30 : 0.0437    precision@50 : 0.0312    map@1 : 0.1919    map@2 : 0.194    map@3 : 0.2009    map@4 : 0.2089    map@5 : 0.2141    map@10 : 0.2312    map@20 : 0.2439    map@30 : 0.2491    map@50 : 0.2541
Sun 15 Mar 2026 21:41:07 INFO  epoch 32 training [time: 0.18s, train loss: 3.2587]
Sun 15 Mar 2026 21:41:08 INFO  epoch 32 evaluating [time: 0.26s, valid_score: 0.314300]
Sun 15 Mar 2026 21:41:08 INFO  valid result: 
recall@1 : 0.1233    recall@2 : 0.2054    recall@3 : 0.2635    recall@4 : 0.3127    recall@5 : 0.3457    recall@10 : 0.4719    recall@20 : 0.6003    recall@30 : 0.6652    recall@50 : 0.766    ndcg@1 : 0.1919    ndcg@2 : 0.2185    ndcg@3 : 0.2397    ndcg@4 : 0.2585    ndcg@5 : 0.2707    ndcg@10 : 0.3143    ndcg@20 : 0.3529    ndcg@30 : 0.3711    ndcg@50 : 0.3948    precision@1 : 0.1919    precision@2 : 0.1618    precision@3 : 0.141    precision@4 : 0.1284    precision@5 : 0.1166    precision@10 : 0.0828    precision@20 : 0.0562    precision@30 : 0.0437    precision@50 : 0.0312    map@1 : 0.1919    map@2 : 0.194    map@3 : 0.2009    map@4 : 0.2088    map@5 : 0.2138    map@10 : 0.231    map@20 : 0.2437    map@30 : 0.2489    map@50 : 0.2539
Sun 15 Mar 2026 21:41:08 INFO  epoch 33 training [time: 0.17s, train loss: 3.1967]
Sun 15 Mar 2026 21:41:08 INFO  epoch 33 evaluating [time: 0.27s, valid_score: 0.314500]
Sun 15 Mar 2026 21:41:08 INFO  valid result: 
recall@1 : 0.1233    recall@2 : 0.2054    recall@3 : 0.2635    recall@4 : 0.3127    recall@5 : 0.3456    recall@10 : 0.4722    recall@20 : 0.601    recall@30 : 0.6638    recall@50 : 0.7666    ndcg@1 : 0.1919    ndcg@2 : 0.2185    ndcg@3 : 0.2397    ndcg@4 : 0.2585    ndcg@5 : 0.2706    ndcg@10 : 0.3145    ndcg@20 : 0.3531    ndcg@30 : 0.3707    ndcg@50 : 0.3949    precision@1 : 0.1919    precision@2 : 0.1618    precision@3 : 0.141    precision@4 : 0.1284    precision@5 : 0.1164    precision@10 : 0.083    precision@20 : 0.0563    precision@30 : 0.0436    precision@50 : 0.0312    map@1 : 0.1919    map@2 : 0.194    map@3 : 0.2009    map@4 : 0.2088    map@5 : 0.2138    map@10 : 0.2311    map@20 : 0.2438    map@30 : 0.2488    map@50 : 0.254
Sun 15 Mar 2026 21:41:08 INFO  epoch 34 training [time: 0.17s, train loss: 3.1823]
Sun 15 Mar 2026 21:41:08 INFO  epoch 34 evaluating [time: 0.28s, valid_score: 0.314400]
Sun 15 Mar 2026 21:41:08 INFO  valid result: 
recall@1 : 0.1233    recall@2 : 0.2054    recall@3 : 0.2635    recall@4 : 0.3127    recall@5 : 0.3457    recall@10 : 0.4719    recall@20 : 0.6005    recall@30 : 0.6634    recall@50 : 0.7666    ndcg@1 : 0.1919    ndcg@2 : 0.2185    ndcg@3 : 0.2397    ndcg@4 : 0.2585    ndcg@5 : 0.2707    ndcg@10 : 0.3144    ndcg@20 : 0.353    ndcg@30 : 0.3706    ndcg@50 : 0.3949    precision@1 : 0.1919    precision@2 : 0.1618    precision@3 : 0.141    precision@4 : 0.1284    precision@5 : 0.1166    precision@10 : 0.0829    precision@20 : 0.0563    precision@30 : 0.0436    precision@50 : 0.0312    map@1 : 0.1919    map@2 : 0.194    map@3 : 0.2009    map@4 : 0.2088    map@5 : 0.2138    map@10 : 0.231    map@20 : 0.2438    map@30 : 0.2488    map@50 : 0.2539
Sun 15 Mar 2026 21:41:09 INFO  epoch 35 training [time: 0.19s, train loss: 3.2067]
Sun 15 Mar 2026 21:41:09 INFO  epoch 35 evaluating [time: 0.26s, valid_score: 0.314400]
Sun 15 Mar 2026 21:41:09 INFO  valid result: 
recall@1 : 0.1233    recall@2 : 0.2054    recall@3 : 0.2635    recall@4 : 0.3127    recall@5 : 0.3457    recall@10 : 0.4719    recall@20 : 0.6    recall@30 : 0.6647    recall@50 : 0.7662    ndcg@1 : 0.1919    ndcg@2 : 0.2185    ndcg@3 : 0.2397    ndcg@4 : 0.2585    ndcg@5 : 0.2707    ndcg@10 : 0.3144    ndcg@20 : 0.3529    ndcg@30 : 0.3709    ndcg@50 : 0.3948    precision@1 : 0.1919    precision@2 : 0.1618    precision@3 : 0.141    precision@4 : 0.1284    precision@5 : 0.1166    precision@10 : 0.0829    precision@20 : 0.0563    precision@30 : 0.0436    precision@50 : 0.0313    map@1 : 0.1919    map@2 : 0.194    map@3 : 0.2009    map@4 : 0.2088    map@5 : 0.2138    map@10 : 0.231    map@20 : 0.2438    map@30 : 0.2489    map@50 : 0.2539
Sun 15 Mar 2026 21:41:09 INFO  epoch 36 training [time: 0.17s, train loss: 3.2117]
Sun 15 Mar 2026 21:41:09 INFO  epoch 36 evaluating [time: 0.26s, valid_score: 0.314700]
Sun 15 Mar 2026 21:41:09 INFO  valid result: 
recall@1 : 0.1233    recall@2 : 0.2054    recall@3 : 0.2635    recall@4 : 0.3127    recall@5 : 0.3456    recall@10 : 0.4726    recall@20 : 0.6    recall@30 : 0.666    recall@50 : 0.7593    ndcg@1 : 0.1919    ndcg@2 : 0.2185    ndcg@3 : 0.2397    ndcg@4 : 0.2585    ndcg@5 : 0.2706    ndcg@10 : 0.3147    ndcg@20 : 0.3529    ndcg@30 : 0.3713    ndcg@50 : 0.3936    precision@1 : 0.1919    precision@2 : 0.1618    precision@3 : 0.141    precision@4 : 0.1284    precision@5 : 0.1164    precision@10 : 0.0832    precision@20 : 0.0563    precision@30 : 0.0438    precision@50 : 0.0311    map@1 : 0.1919    map@2 : 0.194    map@3 : 0.2009    map@4 : 0.2088    map@5 : 0.2138    map@10 : 0.2311    map@20 : 0.2438    map@30 : 0.249    map@50 : 0.2538
Sun 15 Mar 2026 21:41:10 INFO  epoch 37 training [time: 0.18s, train loss: 3.1965]
Sun 15 Mar 2026 21:41:10 INFO  epoch 37 evaluating [time: 0.29s, valid_score: 0.314600]
Sun 15 Mar 2026 21:41:10 INFO  valid result: 
recall@1 : 0.1233    recall@2 : 0.2054    recall@3 : 0.2635    recall@4 : 0.3127    recall@5 : 0.3456    recall@10 : 0.4725    recall@20 : 0.599    recall@30 : 0.6652    recall@50 : 0.7576    ndcg@1 : 0.1919    ndcg@2 : 0.2185    ndcg@3 : 0.2397    ndcg@4 : 0.2585    ndcg@5 : 0.2706    ndcg@10 : 0.3146    ndcg@20 : 0.3527    ndcg@30 : 0.3711    ndcg@50 : 0.3932    precision@1 : 0.1919    precision@2 : 0.1618    precision@3 : 0.141    precision@4 : 0.1284    precision@5 : 0.1164    precision@10 : 0.0831    precision@20 : 0.0563    precision@30 : 0.0437    precision@50 : 0.0311    map@1 : 0.1919    map@2 : 0.194    map@3 : 0.2009    map@4 : 0.2088    map@5 : 0.2138    map@10 : 0.231    map@20 : 0.2437    map@30 : 0.2489    map@50 : 0.2537
Sun 15 Mar 2026 21:41:10 INFO  epoch 38 training [time: 0.18s, train loss: 3.1405]
Sun 15 Mar 2026 21:41:10 INFO  epoch 38 evaluating [time: 0.26s, valid_score: 0.314600]
Sun 15 Mar 2026 21:41:10 INFO  valid result: 
recall@1 : 0.1233    recall@2 : 0.2054    recall@3 : 0.2635    recall@4 : 0.3127    recall@5 : 0.3456    recall@10 : 0.4725    recall@20 : 0.5992    recall@30 : 0.665    recall@50 : 0.7574    ndcg@1 : 0.1919    ndcg@2 : 0.2185    ndcg@3 : 0.2397    ndcg@4 : 0.2585    ndcg@5 : 0.2706    ndcg@10 : 0.3146    ndcg@20 : 0.3527    ndcg@30 : 0.3711    ndcg@50 : 0.3932    precision@1 : 0.1919    precision@2 : 0.1618    precision@3 : 0.141    precision@4 : 0.1284    precision@5 : 0.1164    precision@10 : 0.0831    precision@20 : 0.0563    precision@30 : 0.0437    precision@50 : 0.031    map@1 : 0.1919    map@2 : 0.194    map@3 : 0.2009    map@4 : 0.2088    map@5 : 0.2138    map@10 : 0.231    map@20 : 0.2438    map@30 : 0.2489    map@50 : 0.2537
Sun 15 Mar 2026 21:41:10 INFO  epoch 39 training [time: 0.16s, train loss: 3.1847]
Sun 15 Mar 2026 21:41:11 INFO  epoch 39 evaluating [time: 0.27s, valid_score: 0.314500]
Sun 15 Mar 2026 21:41:11 INFO  valid result: 
recall@1 : 0.1233    recall@2 : 0.2054    recall@3 : 0.2635    recall@4 : 0.3127    recall@5 : 0.3456    recall@10 : 0.4724    recall@20 : 0.599    recall@30 : 0.6648    recall@50 : 0.7549    ndcg@1 : 0.1919    ndcg@2 : 0.2185    ndcg@3 : 0.2397    ndcg@4 : 0.2585    ndcg@5 : 0.2706    ndcg@10 : 0.3145    ndcg@20 : 0.3527    ndcg@30 : 0.371    ndcg@50 : 0.3927    precision@1 : 0.1919    precision@2 : 0.1618    precision@3 : 0.141    precision@4 : 0.1284    precision@5 : 0.1164    precision@10 : 0.083    precision@20 : 0.0563    precision@30 : 0.0437    precision@50 : 0.031    map@1 : 0.1919    map@2 : 0.194    map@3 : 0.2009    map@4 : 0.2088    map@5 : 0.2138    map@10 : 0.231    map@20 : 0.2437    map@30 : 0.2489    map@50 : 0.2537
Sun 15 Mar 2026 21:41:11 INFO  epoch 40 training [time: 0.16s, train loss: 3.2166]
Sun 15 Mar 2026 21:41:11 INFO  epoch 40 evaluating [time: 0.28s, valid_score: 0.314600]
Sun 15 Mar 2026 21:41:11 INFO  valid result: 
recall@1 : 0.1233    recall@2 : 0.2054    recall@3 : 0.2635    recall@4 : 0.3127    recall@5 : 0.3456    recall@10 : 0.4724    recall@20 : 0.599    recall@30 : 0.6646    recall@50 : 0.7547    ndcg@1 : 0.1919    ndcg@2 : 0.2185    ndcg@3 : 0.2397    ndcg@4 : 0.2585    ndcg@5 : 0.2706    ndcg@10 : 0.3146    ndcg@20 : 0.3527    ndcg@30 : 0.371    ndcg@50 : 0.3927    precision@1 : 0.1919    precision@2 : 0.1618    precision@3 : 0.141    precision@4 : 0.1284    precision@5 : 0.1164    precision@10 : 0.0831    precision@20 : 0.0563    precision@30 : 0.0437    precision@50 : 0.031    map@1 : 0.1919    map@2 : 0.194    map@3 : 0.2009    map@4 : 0.2088    map@5 : 0.2138    map@10 : 0.231    map@20 : 0.2438    map@30 : 0.249    map@50 : 0.2537
Sun 15 Mar 2026 21:41:11 INFO  epoch 41 training [time: 0.15s, train loss: 3.1638]
Sun 15 Mar 2026 21:41:12 INFO  epoch 41 evaluating [time: 0.28s, valid_score: 0.315000]
Sun 15 Mar 2026 21:41:12 INFO  valid result: 
recall@1 : 0.1233    recall@2 : 0.2054    recall@3 : 0.2635    recall@4 : 0.3127    recall@5 : 0.3457    recall@10 : 0.4734    recall@20 : 0.5989    recall@30 : 0.6643    recall@50 : 0.7554    ndcg@1 : 0.1919    ndcg@2 : 0.2185    ndcg@3 : 0.2397    ndcg@4 : 0.2585    ndcg@5 : 0.2707    ndcg@10 : 0.315    ndcg@20 : 0.3527    ndcg@30 : 0.3709    ndcg@50 : 0.3928    precision@1 : 0.1919    precision@2 : 0.1618    precision@3 : 0.141    precision@4 : 0.1284    precision@5 : 0.1166    precision@10 : 0.0833    precision@20 : 0.0563    precision@30 : 0.0437    precision@50 : 0.031    map@1 : 0.1919    map@2 : 0.194    map@3 : 0.2009    map@4 : 0.2088    map@5 : 0.2138    map@10 : 0.2312    map@20 : 0.2438    map@30 : 0.249    map@50 : 0.2537
Sun 15 Mar 2026 21:41:12 INFO  Saving current: saved/LightGCN-Mar-15-2026_21-40-52.pth
Sun 15 Mar 2026 21:41:12 INFO  epoch 42 training [time: 0.17s, train loss: 3.2041]
Sun 15 Mar 2026 21:41:12 INFO  epoch 42 evaluating [time: 0.28s, valid_score: 0.315200]
Sun 15 Mar 2026 21:41:12 INFO  valid result: 
recall@1 : 0.1233    recall@2 : 0.2054    recall@3 : 0.2635    recall@4 : 0.3129    recall@5 : 0.346    recall@10 : 0.4741    recall@20 : 0.6001    recall@30 : 0.6645    recall@50 : 0.7549    ndcg@1 : 0.1919    ndcg@2 : 0.2185    ndcg@3 : 0.2397    ndcg@4 : 0.2586    ndcg@5 : 0.2708    ndcg@10 : 0.3152    ndcg@20 : 0.3531    ndcg@30 : 0.3711    ndcg@50 : 0.3928    precision@1 : 0.1919    precision@2 : 0.1618    precision@3 : 0.141    precision@4 : 0.1286    precision@5 : 0.1168    precision@10 : 0.0834    precision@20 : 0.0564    precision@30 : 0.0437    precision@50 : 0.031    map@1 : 0.1919    map@2 : 0.194    map@3 : 0.2009    map@4 : 0.2089    map@5 : 0.2139    map@10 : 0.2313    map@20 : 0.2439    map@30 : 0.249    map@50 : 0.2538
Sun 15 Mar 2026 21:41:12 INFO  Saving current: saved/LightGCN-Mar-15-2026_21-40-52.pth
Sun 15 Mar 2026 21:41:12 INFO  epoch 43 training [time: 0.17s, train loss: 3.1776]
Sun 15 Mar 2026 21:41:12 INFO  epoch 43 evaluating [time: 0.26s, valid_score: 0.315200]
Sun 15 Mar 2026 21:41:12 INFO  valid result: 
recall@1 : 0.1233    recall@2 : 0.2054    recall@3 : 0.2635    recall@4 : 0.3131    recall@5 : 0.3461    recall@10 : 0.4741    recall@20 : 0.6002    recall@30 : 0.6645    recall@50 : 0.7544    ndcg@1 : 0.1919    ndcg@2 : 0.2185    ndcg@3 : 0.2395    ndcg@4 : 0.2587    ndcg@5 : 0.2709    ndcg@10 : 0.3152    ndcg@20 : 0.3531    ndcg@30 : 0.3711    ndcg@50 : 0.3927    precision@1 : 0.1919    precision@2 : 0.1618    precision@3 : 0.1408    precision@4 : 0.1287    precision@5 : 0.1169    precision@10 : 0.0834    precision@20 : 0.0563    precision@30 : 0.0437    precision@50 : 0.031    map@1 : 0.1919    map@2 : 0.194    map@3 : 0.2008    map@4 : 0.2089    map@5 : 0.214    map@10 : 0.2314    map@20 : 0.2439    map@30 : 0.2491    map@50 : 0.2538
Sun 15 Mar 2026 21:41:12 INFO  Saving current: saved/LightGCN-Mar-15-2026_21-40-52.pth
Sun 15 Mar 2026 21:41:13 INFO  epoch 44 training [time: 0.16s, train loss: 3.1825]
Sun 15 Mar 2026 21:41:13 INFO  epoch 44 evaluating [time: 0.28s, valid_score: 0.315300]
Sun 15 Mar 2026 21:41:13 INFO  valid result: 
recall@1 : 0.1233    recall@2 : 0.2056    recall@3 : 0.2636    recall@4 : 0.3134    recall@5 : 0.3455    recall@10 : 0.4741    recall@20 : 0.6008    recall@30 : 0.6647    recall@50 : 0.7549    ndcg@1 : 0.1919    ndcg@2 : 0.219    ndcg@3 : 0.2398    ndcg@4 : 0.259    ndcg@5 : 0.2708    ndcg@10 : 0.3153    ndcg@20 : 0.3533    ndcg@30 : 0.3712    ndcg@50 : 0.3929    precision@1 : 0.1919    precision@2 : 0.1624    precision@3 : 0.141    precision@4 : 0.129    precision@5 : 0.1169    precision@10 : 0.0834    precision@20 : 0.0564    precision@30 : 0.0437    precision@50 : 0.031    map@1 : 0.1919    map@2 : 0.1943    map@3 : 0.2009    map@4 : 0.2092    map@5 : 0.214    map@10 : 0.2314    map@20 : 0.244    map@30 : 0.2492    map@50 : 0.2539
Sun 15 Mar 2026 21:41:13 INFO  Saving current: saved/LightGCN-Mar-15-2026_21-40-52.pth
Sun 15 Mar 2026 21:41:13 INFO  epoch 45 training [time: 0.17s, train loss: 3.1620]
Sun 15 Mar 2026 21:41:13 INFO  epoch 45 evaluating [time: 0.28s, valid_score: 0.315100]
Sun 15 Mar 2026 21:41:13 INFO  valid result: 
recall@1 : 0.1233    recall@2 : 0.2058    recall@3 : 0.2636    recall@4 : 0.3133    recall@5 : 0.3451    recall@10 : 0.4735    recall@20 : 0.5999    recall@30 : 0.6646    recall@50 : 0.7549    ndcg@1 : 0.1919    ndcg@2 : 0.2192    ndcg@3 : 0.2398    ndcg@4 : 0.2591    ndcg@5 : 0.2707    ndcg@10 : 0.3151    ndcg@20 : 0.353    ndcg@30 : 0.3712    ndcg@50 : 0.3929    precision@1 : 0.1919    precision@2 : 0.1627    precision@3 : 0.141    precision@4 : 0.1292    precision@5 : 0.1169    precision@10 : 0.0834    precision@20 : 0.0563    precision@30 : 0.0437    precision@50 : 0.031    map@1 : 0.1919    map@2 : 0.1946    map@3 : 0.201    map@4 : 0.2092    map@5 : 0.214    map@10 : 0.2314    map@20 : 0.244    map@30 : 0.2492    map@50 : 0.2539
Sun 15 Mar 2026 21:41:14 INFO  epoch 46 training [time: 0.17s, train loss: 3.1664]
Sun 15 Mar 2026 21:41:14 INFO  epoch 46 evaluating [time: 0.27s, valid_score: 0.315400]
Sun 15 Mar 2026 21:41:14 INFO  valid result: 
recall@1 : 0.1234    recall@2 : 0.2058    recall@3 : 0.2651    recall@4 : 0.3142    recall@5 : 0.3451    recall@10 : 0.4735    recall@20 : 0.6001    recall@30 : 0.6649    recall@50 : 0.7547    ndcg@1 : 0.1925    ndcg@2 : 0.2191    ndcg@3 : 0.2406    ndcg@4 : 0.2596    ndcg@5 : 0.2709    ndcg@10 : 0.3154    ndcg@20 : 0.3533    ndcg@30 : 0.3715    ndcg@50 : 0.3931    precision@1 : 0.1925    precision@2 : 0.1624    precision@3 : 0.1416    precision@4 : 0.1295    precision@5 : 0.1169    precision@10 : 0.0834    precision@20 : 0.0563    precision@30 : 0.0437    precision@50 : 0.031    map@1 : 0.1925    map@2 : 0.1947    map@3 : 0.2016    map@4 : 0.2096    map@5 : 0.2143    map@10 : 0.2317    map@20 : 0.2443    map@30 : 0.2495    map@50 : 0.2542
Sun 15 Mar 2026 21:41:14 INFO  Saving current: saved/LightGCN-Mar-15-2026_21-40-52.pth
Sun 15 Mar 2026 21:41:14 INFO  epoch 47 training [time: 0.15s, train loss: 3.1833]
Sun 15 Mar 2026 21:41:14 INFO  epoch 47 evaluating [time: 0.27s, valid_score: 0.314700]
Sun 15 Mar 2026 21:41:14 INFO  valid result: 
recall@1 : 0.1234    recall@2 : 0.2057    recall@3 : 0.2655    recall@4 : 0.3136    recall@5 : 0.3465    recall@10 : 0.4712    recall@20 : 0.6001    recall@30 : 0.6648    recall@50 : 0.7541    ndcg@1 : 0.1925    ndcg@2 : 0.2189    ndcg@3 : 0.2408    ndcg@4 : 0.2594    ndcg@5 : 0.2716    ndcg@10 : 0.3147    ndcg@20 : 0.3533    ndcg@30 : 0.3714    ndcg@50 : 0.3929    precision@1 : 0.1925    precision@2 : 0.1621    precision@3 : 0.1418    precision@4 : 0.1293    precision@5 : 0.1175    precision@10 : 0.0831    precision@20 : 0.0563    precision@30 : 0.0437    precision@50 : 0.031    map@1 : 0.1925    map@2 : 0.1946    map@3 : 0.2018    map@4 : 0.2095    map@5 : 0.2146    map@10 : 0.2315    map@20 : 0.2443    map@30 : 0.2495    map@50 : 0.2542
Sun 15 Mar 2026 21:41:14 INFO  epoch 48 training [time: 0.16s, train loss: 3.1754]
Sun 15 Mar 2026 21:41:15 INFO  epoch 48 evaluating [time: 0.28s, valid_score: 0.314700]
Sun 15 Mar 2026 21:41:15 INFO  valid result: 
recall@1 : 0.1234    recall@2 : 0.2056    recall@3 : 0.2656    recall@4 : 0.3144    recall@5 : 0.346    recall@10 : 0.4712    recall@20 : 0.6001    recall@30 : 0.6652    recall@50 : 0.7542    ndcg@1 : 0.1925    ndcg@2 : 0.2189    ndcg@3 : 0.2409    ndcg@4 : 0.2597    ndcg@5 : 0.2715    ndcg@10 : 0.3147    ndcg@20 : 0.3533    ndcg@30 : 0.3715    ndcg@50 : 0.393    precision@1 : 0.1925    precision@2 : 0.1621    precision@3 : 0.142    precision@4 : 0.1295    precision@5 : 0.1175    precision@10 : 0.0831    precision@20 : 0.0563    precision@30 : 0.0437    precision@50 : 0.031    map@1 : 0.1925    map@2 : 0.1946    map@3 : 0.2018    map@4 : 0.2097    map@5 : 0.2146    map@10 : 0.2314    map@20 : 0.2443    map@30 : 0.2495    map@50 : 0.2542
Sun 15 Mar 2026 21:41:15 INFO  epoch 49 training [time: 0.15s, train loss: 3.1483]
Sun 15 Mar 2026 21:41:15 INFO  epoch 49 evaluating [time: 0.28s, valid_score: 0.314600]
Sun 15 Mar 2026 21:41:15 INFO  valid result: 
recall@1 : 0.1234    recall@2 : 0.2056    recall@3 : 0.2653    recall@4 : 0.3132    recall@5 : 0.3472    recall@10 : 0.4711    recall@20 : 0.6001    recall@30 : 0.6658    recall@50 : 0.7539    ndcg@1 : 0.1925    ndcg@2 : 0.2189    ndcg@3 : 0.2408    ndcg@4 : 0.2592    ndcg@5 : 0.2719    ndcg@10 : 0.3146    ndcg@20 : 0.3532    ndcg@30 : 0.3716    ndcg@50 : 0.3928    precision@1 : 0.1925    precision@2 : 0.1621    precision@3 : 0.142    precision@4 : 0.1292    precision@5 : 0.1179    precision@10 : 0.0831    precision@20 : 0.0563    precision@30 : 0.0438    precision@50 : 0.031    map@1 : 0.1925    map@2 : 0.1946    map@3 : 0.2018    map@4 : 0.2093    map@5 : 0.2147    map@10 : 0.2314    map@20 : 0.2442    map@30 : 0.2495    map@50 : 0.2542
Sun 15 Mar 2026 21:41:15 INFO  epoch 50 training [time: 0.18s, train loss: 3.1805]
Sun 15 Mar 2026 21:41:16 INFO  epoch 50 evaluating [time: 0.26s, valid_score: 0.314700]
Sun 15 Mar 2026 21:41:16 INFO  valid result: 
recall@1 : 0.1234    recall@2 : 0.2056    recall@3 : 0.2659    recall@4 : 0.3144    recall@5 : 0.3469    recall@10 : 0.4711    recall@20 : 0.6002    recall@30 : 0.6658    recall@50 : 0.7537    ndcg@1 : 0.1925    ndcg@2 : 0.2189    ndcg@3 : 0.2412    ndcg@4 : 0.2597    ndcg@5 : 0.2719    ndcg@10 : 0.3147    ndcg@20 : 0.3534    ndcg@30 : 0.3717    ndcg@50 : 0.3929    precision@1 : 0.1925    precision@2 : 0.1621    precision@3 : 0.1424    precision@4 : 0.1295    precision@5 : 0.1178    precision@10 : 0.0831    precision@20 : 0.0564    precision@30 : 0.0437    precision@50 : 0.031    map@1 : 0.1925    map@2 : 0.1946    map@3 : 0.2021    map@4 : 0.2097    map@5 : 0.2148    map@10 : 0.2315    map@20 : 0.2444    map@30 : 0.2496    map@50 : 0.2543
Sun 15 Mar 2026 21:41:16 INFO  epoch 51 training [time: 0.15s, train loss: 3.1336]
Sun 15 Mar 2026 21:41:16 INFO  epoch 51 evaluating [time: 0.26s, valid_score: 0.315100]
Sun 15 Mar 2026 21:41:16 INFO  valid result: 
recall@1 : 0.1234    recall@2 : 0.2057    recall@3 : 0.2648    recall@4 : 0.3132    recall@5 : 0.3467    recall@10 : 0.4729    recall@20 : 0.6002    recall@30 : 0.6652    recall@50 : 0.7545    ndcg@1 : 0.1925    ndcg@2 : 0.2191    ndcg@3 : 0.2405    ndcg@4 : 0.2592    ndcg@5 : 0.2717    ndcg@10 : 0.3151    ndcg@20 : 0.3533    ndcg@30 : 0.3715    ndcg@50 : 0.393    precision@1 : 0.1925    precision@2 : 0.1624    precision@3 : 0.1416    precision@4 : 0.1292    precision@5 : 0.1176    precision@10 : 0.0833    precision@20 : 0.0564    precision@30 : 0.0437    precision@50 : 0.031    map@1 : 0.1925    map@2 : 0.1947    map@3 : 0.2015    map@4 : 0.2093    map@5 : 0.2146    map@10 : 0.2315    map@20 : 0.2443    map@30 : 0.2494    map@50 : 0.2542
Sun 15 Mar 2026 21:41:16 INFO  epoch 52 training [time: 0.16s, train loss: 3.1623]
Sun 15 Mar 2026 21:41:16 INFO  epoch 52 evaluating [time: 0.25s, valid_score: 0.315100]
Sun 15 Mar 2026 21:41:16 INFO  valid result: 
recall@1 : 0.1234    recall@2 : 0.2057    recall@3 : 0.2648    recall@4 : 0.3126    recall@5 : 0.3466    recall@10 : 0.4729    recall@20 : 0.5996    recall@30 : 0.6646    recall@50 : 0.7529    ndcg@1 : 0.1925    ndcg@2 : 0.2191    ndcg@3 : 0.2405    ndcg@4 : 0.2589    ndcg@5 : 0.2716    ndcg@10 : 0.3151    ndcg@20 : 0.3531    ndcg@30 : 0.3712    ndcg@50 : 0.3926    precision@1 : 0.1925    precision@2 : 0.1624    precision@3 : 0.1416    precision@4 : 0.129    precision@5 : 0.1175    precision@10 : 0.0833    precision@20 : 0.0563    precision@30 : 0.0437    precision@50 : 0.0309    map@1 : 0.1925    map@2 : 0.1947    map@3 : 0.2015    map@4 : 0.2092    map@5 : 0.2146    map@10 : 0.2315    map@20 : 0.2442    map@30 : 0.2493    map@50 : 0.254
Sun 15 Mar 2026 21:41:17 INFO  epoch 53 training [time: 0.18s, train loss: 3.1360]
Sun 15 Mar 2026 21:41:17 INFO  epoch 53 evaluating [time: 0.26s, valid_score: 0.315100]
Sun 15 Mar 2026 21:41:17 INFO  valid result: 
recall@1 : 0.1234    recall@2 : 0.2057    recall@3 : 0.2648    recall@4 : 0.3126    recall@5 : 0.3466    recall@10 : 0.4729    recall@20 : 0.6001    recall@30 : 0.6652    recall@50 : 0.7526    ndcg@1 : 0.1925    ndcg@2 : 0.2191    ndcg@3 : 0.2405    ndcg@4 : 0.2589    ndcg@5 : 0.2716    ndcg@10 : 0.3151    ndcg@20 : 0.3532    ndcg@30 : 0.3713    ndcg@50 : 0.3925    precision@1 : 0.1925    precision@2 : 0.1624    precision@3 : 0.1416    precision@4 : 0.129    precision@5 : 0.1175    precision@10 : 0.0833    precision@20 : 0.0564    precision@30 : 0.0437    precision@50 : 0.0309    map@1 : 0.1925    map@2 : 0.1947    map@3 : 0.2015    map@4 : 0.2092    map@5 : 0.2146    map@10 : 0.2315    map@20 : 0.2442    map@30 : 0.2493    map@50 : 0.254
Sun 15 Mar 2026 21:41:17 INFO  epoch 54 training [time: 0.12s, train loss: 3.1367]
Sun 15 Mar 2026 21:41:17 INFO  epoch 54 evaluating [time: 0.25s, valid_score: 0.315100]
Sun 15 Mar 2026 21:41:17 INFO  valid result: 
recall@1 : 0.1234    recall@2 : 0.2057    recall@3 : 0.2648    recall@4 : 0.3126    recall@5 : 0.3466    recall@10 : 0.4729    recall@20 : 0.6001    recall@30 : 0.6656    recall@50 : 0.7532    ndcg@1 : 0.1925    ndcg@2 : 0.2191    ndcg@3 : 0.2405    ndcg@4 : 0.2589    ndcg@5 : 0.2716    ndcg@10 : 0.3151    ndcg@20 : 0.3533    ndcg@30 : 0.3715    ndcg@50 : 0.3926    precision@1 : 0.1925    precision@2 : 0.1624    precision@3 : 0.1416    precision@4 : 0.129    precision@5 : 0.1175    precision@10 : 0.0833    precision@20 : 0.0564    precision@30 : 0.0437    precision@50 : 0.0309    map@1 : 0.1925    map@2 : 0.1947    map@3 : 0.2015    map@4 : 0.2092    map@5 : 0.2146    map@10 : 0.2315    map@20 : 0.2442    map@30 : 0.2494    map@50 : 0.254
Sun 15 Mar 2026 21:41:17 INFO  epoch 55 training [time: 0.16s, train loss: 3.1322]
Sun 15 Mar 2026 21:41:18 INFO  epoch 55 evaluating [time: 0.25s, valid_score: 0.315100]
Sun 15 Mar 2026 21:41:18 INFO  valid result: 
recall@1 : 0.1234    recall@2 : 0.2057    recall@3 : 0.2648    recall@4 : 0.3126    recall@5 : 0.3466    recall@10 : 0.4729    recall@20 : 0.6001    recall@30 : 0.6655    recall@50 : 0.7533    ndcg@1 : 0.1925    ndcg@2 : 0.2191    ndcg@3 : 0.2405    ndcg@4 : 0.2589    ndcg@5 : 0.2716    ndcg@10 : 0.3151    ndcg@20 : 0.3533    ndcg@30 : 0.3714    ndcg@50 : 0.3926    precision@1 : 0.1925    precision@2 : 0.1624    precision@3 : 0.1416    precision@4 : 0.129    precision@5 : 0.1175    precision@10 : 0.0833    precision@20 : 0.0564    precision@30 : 0.0437    precision@50 : 0.0309    map@1 : 0.1925    map@2 : 0.1947    map@3 : 0.2015    map@4 : 0.2092    map@5 : 0.2146    map@10 : 0.2315    map@20 : 0.2442    map@30 : 0.2494    map@50 : 0.254
Sun 15 Mar 2026 21:41:18 INFO  epoch 56 training [time: 0.17s, train loss: 3.0760]
Sun 15 Mar 2026 21:41:18 INFO  epoch 56 evaluating [time: 0.27s, valid_score: 0.315100]
Sun 15 Mar 2026 21:41:18 INFO  valid result: 
recall@1 : 0.1234    recall@2 : 0.2057    recall@3 : 0.2648    recall@4 : 0.3126    recall@5 : 0.3468    recall@10 : 0.4729    recall@20 : 0.6004    recall@30 : 0.6649    recall@50 : 0.7531    ndcg@1 : 0.1925    ndcg@2 : 0.2191    ndcg@3 : 0.2405    ndcg@4 : 0.2589    ndcg@5 : 0.2717    ndcg@10 : 0.3151    ndcg@20 : 0.3534    ndcg@30 : 0.3713    ndcg@50 : 0.3926    precision@1 : 0.1925    precision@2 : 0.1624    precision@3 : 0.1416    precision@4 : 0.129    precision@5 : 0.1176    precision@10 : 0.0833    precision@20 : 0.0565    precision@30 : 0.0437    precision@50 : 0.0309    map@1 : 0.1925    map@2 : 0.1947    map@3 : 0.2015    map@4 : 0.2092    map@5 : 0.2147    map@10 : 0.2316    map@20 : 0.2443    map@30 : 0.2494    map@50 : 0.2541
Sun 15 Mar 2026 21:41:18 INFO  epoch 57 training [time: 0.18s, train loss: 3.1443]
Sun 15 Mar 2026 21:41:18 INFO  epoch 57 evaluating [time: 0.27s, valid_score: 0.315400]
Sun 15 Mar 2026 21:41:19 INFO  valid result: 
recall@1 : 0.1234    recall@2 : 0.2057    recall@3 : 0.2651    recall@4 : 0.3147    recall@5 : 0.3466    recall@10 : 0.4735    recall@20 : 0.6012    recall@30 : 0.6642    recall@50 : 0.7532    ndcg@1 : 0.1925    ndcg@2 : 0.2191    ndcg@3 : 0.2407    ndcg@4 : 0.2599    ndcg@5 : 0.2717    ndcg@10 : 0.3154    ndcg@20 : 0.3538    ndcg@30 : 0.3713    ndcg@50 : 0.3928    precision@1 : 0.1925    precision@2 : 0.1624    precision@3 : 0.1418    precision@4 : 0.1296    precision@5 : 0.1176    precision@10 : 0.0834    precision@20 : 0.0566    precision@30 : 0.0437    precision@50 : 0.0309    map@1 : 0.1925    map@2 : 0.1947    map@3 : 0.2016    map@4 : 0.2097    map@5 : 0.2147    map@10 : 0.2318    map@20 : 0.2445    map@30 : 0.2495    map@50 : 0.2542
Sun 15 Mar 2026 21:41:19 INFO  Saving current: saved/LightGCN-Mar-15-2026_21-40-52.pth
Sun 15 Mar 2026 21:41:19 INFO  epoch 58 training [time: 0.16s, train loss: 3.1185]
Sun 15 Mar 2026 21:41:19 INFO  epoch 58 evaluating [time: 0.26s, valid_score: 0.315300]
Sun 15 Mar 2026 21:41:19 INFO  valid result: 
recall@1 : 0.1234    recall@2 : 0.206    recall@3 : 0.265    recall@4 : 0.3136    recall@5 : 0.3464    recall@10 : 0.4729    recall@20 : 0.6005    recall@30 : 0.6639    recall@50 : 0.7534    ndcg@1 : 0.1925    ndcg@2 : 0.2194    ndcg@3 : 0.2405    ndcg@4 : 0.2594    ndcg@5 : 0.2717    ndcg@10 : 0.3153    ndcg@20 : 0.3536    ndcg@30 : 0.3713    ndcg@50 : 0.3928    precision@1 : 0.1925    precision@2 : 0.1627    precision@3 : 0.1414    precision@4 : 0.1293    precision@5 : 0.1176    precision@10 : 0.0833    precision@20 : 0.0565    precision@30 : 0.0437    precision@50 : 0.031    map@1 : 0.1925    map@2 : 0.1949    map@3 : 0.2015    map@4 : 0.2095    map@5 : 0.2148    map@10 : 0.2317    map@20 : 0.2444    map@30 : 0.2495    map@50 : 0.2542
Sun 15 Mar 2026 21:41:19 INFO  epoch 59 training [time: 0.18s, train loss: 3.1500]
Sun 15 Mar 2026 21:41:19 INFO  epoch 59 evaluating [time: 0.27s, valid_score: 0.315000]
Sun 15 Mar 2026 21:41:19 INFO  valid result: 
recall@1 : 0.1234    recall@2 : 0.2057    recall@3 : 0.2645    recall@4 : 0.3145    recall@5 : 0.3454    recall@10 : 0.4723    recall@20 : 0.6005    recall@30 : 0.6642    recall@50 : 0.7525    ndcg@1 : 0.1925    ndcg@2 : 0.2191    ndcg@3 : 0.2403    ndcg@4 : 0.2597    ndcg@5 : 0.2712    ndcg@10 : 0.315    ndcg@20 : 0.3535    ndcg@30 : 0.3712    ndcg@50 : 0.3926    precision@1 : 0.1925    precision@2 : 0.1624    precision@3 : 0.1414    precision@4 : 0.1296    precision@5 : 0.1173    precision@10 : 0.0833    precision@20 : 0.0565    precision@30 : 0.0437    precision@50 : 0.0309    map@1 : 0.1925    map@2 : 0.1946    map@3 : 0.2013    map@4 : 0.2096    map@5 : 0.2143    map@10 : 0.2315    map@20 : 0.2443    map@30 : 0.2494    map@50 : 0.2541
Sun 15 Mar 2026 21:41:20 INFO  epoch 60 training [time: 0.17s, train loss: 3.1372]
Sun 15 Mar 2026 21:41:20 INFO  epoch 60 evaluating [time: 0.28s, valid_score: 0.314600]
Sun 15 Mar 2026 21:41:20 INFO  valid result: 
recall@1 : 0.1234    recall@2 : 0.2057    recall@3 : 0.2656    recall@4 : 0.3142    recall@5 : 0.3456    recall@10 : 0.4707    recall@20 : 0.601    recall@30 : 0.6641    recall@50 : 0.7525    ndcg@1 : 0.1925    ndcg@2 : 0.2189    ndcg@3 : 0.2409    ndcg@4 : 0.2597    ndcg@5 : 0.2713    ndcg@10 : 0.3146    ndcg@20 : 0.3537    ndcg@30 : 0.3713    ndcg@50 : 0.3927    precision@1 : 0.1925    precision@2 : 0.1621    precision@3 : 0.142    precision@4 : 0.1295    precision@5 : 0.1174    precision@10 : 0.0831    precision@20 : 0.0566    precision@30 : 0.0437    precision@50 : 0.0309    map@1 : 0.1925    map@2 : 0.1946    map@3 : 0.2019    map@4 : 0.2096    map@5 : 0.2144    map@10 : 0.2315    map@20 : 0.2445    map@30 : 0.2495    map@50 : 0.2542
Sun 15 Mar 2026 21:41:20 INFO  epoch 61 training [time: 0.17s, train loss: 3.1285]
Sun 15 Mar 2026 21:41:20 INFO  epoch 61 evaluating [time: 0.27s, valid_score: 0.314600]
Sun 15 Mar 2026 21:41:20 INFO  valid result: 
recall@1 : 0.1234    recall@2 : 0.2058    recall@3 : 0.265    recall@4 : 0.3142    recall@5 : 0.3456    recall@10 : 0.4707    recall@20 : 0.601    recall@30 : 0.6646    recall@50 : 0.7524    ndcg@1 : 0.1925    ndcg@2 : 0.2191    ndcg@3 : 0.2407    ndcg@4 : 0.2596    ndcg@5 : 0.2713    ndcg@10 : 0.3146    ndcg@20 : 0.3537    ndcg@30 : 0.3714    ndcg@50 : 0.3926    precision@1 : 0.1925    precision@2 : 0.1624    precision@3 : 0.1418    precision@4 : 0.1295    precision@5 : 0.1174    precision@10 : 0.0831    precision@20 : 0.0566    precision@30 : 0.0437    precision@50 : 0.0309    map@1 : 0.1925    map@2 : 0.1946    map@3 : 0.2017    map@4 : 0.2096    map@5 : 0.2143    map@10 : 0.2314    map@20 : 0.2444    map@30 : 0.2495    map@50 : 0.2541
Sun 15 Mar 2026 21:41:20 INFO  epoch 62 training [time: 0.16s, train loss: 3.0859]
Sun 15 Mar 2026 21:41:21 INFO  epoch 62 evaluating [time: 0.26s, valid_score: 0.314400]
Sun 15 Mar 2026 21:41:21 INFO  valid result: 
recall@1 : 0.1233    recall@2 : 0.2058    recall@3 : 0.2644    recall@4 : 0.3139    recall@5 : 0.3454    recall@10 : 0.4706    recall@20 : 0.6008    recall@30 : 0.6646    recall@50 : 0.7526    ndcg@1 : 0.1919    ndcg@2 : 0.219    ndcg@3 : 0.2403    ndcg@4 : 0.2594    ndcg@5 : 0.2711    ndcg@10 : 0.3144    ndcg@20 : 0.3535    ndcg@30 : 0.3712    ndcg@50 : 0.3925    precision@1 : 0.1919    precision@2 : 0.1624    precision@3 : 0.1416    precision@4 : 0.1293    precision@5 : 0.1173    precision@10 : 0.0831    precision@20 : 0.0565    precision@30 : 0.0437    precision@50 : 0.031    map@1 : 0.1919    map@2 : 0.1944    map@3 : 0.2014    map@4 : 0.2094    map@5 : 0.2141    map@10 : 0.2313    map@20 : 0.2443    map@30 : 0.2493    map@50 : 0.254
Sun 15 Mar 2026 21:41:21 INFO  epoch 63 training [time: 0.17s, train loss: 3.1504]
Sun 15 Mar 2026 21:41:21 INFO  epoch 63 evaluating [time: 0.28s, valid_score: 0.314500]
Sun 15 Mar 2026 21:41:21 INFO  valid result: 
recall@1 : 0.1234    recall@2 : 0.2058    recall@3 : 0.2644    recall@4 : 0.3139    recall@5 : 0.3454    recall@10 : 0.4706    recall@20 : 0.6011    recall@30 : 0.6655    recall@50 : 0.753    ndcg@1 : 0.1925    ndcg@2 : 0.2191    ndcg@3 : 0.2404    ndcg@4 : 0.2594    ndcg@5 : 0.2711    ndcg@10 : 0.3145    ndcg@20 : 0.3536    ndcg@30 : 0.3715    ndcg@50 : 0.3926    precision@1 : 0.1925    precision@2 : 0.1624    precision@3 : 0.1416    precision@4 : 0.1293    precision@5 : 0.1173    precision@10 : 0.0831    precision@20 : 0.0566    precision@30 : 0.0438    precision@50 : 0.031    map@1 : 0.1925    map@2 : 0.1946    map@3 : 0.2015    map@4 : 0.2095    map@5 : 0.2142    map@10 : 0.2313    map@20 : 0.2444    map@30 : 0.2494    map@50 : 0.254
Sun 15 Mar 2026 21:41:21 INFO  epoch 64 training [time: 0.19s, train loss: 3.1138]
Sun 15 Mar 2026 21:41:22 INFO  epoch 64 evaluating [time: 0.25s, valid_score: 0.314400]
Sun 15 Mar 2026 21:41:22 INFO  valid result: 
recall@1 : 0.1233    recall@2 : 0.2057    recall@3 : 0.264    recall@4 : 0.3133    recall@5 : 0.346    recall@10 : 0.4707    recall@20 : 0.6014    recall@30 : 0.6656    recall@50 : 0.7532    ndcg@1 : 0.1919    ndcg@2 : 0.219    ndcg@3 : 0.2399    ndcg@4 : 0.2591    ndcg@5 : 0.2712    ndcg@10 : 0.3144    ndcg@20 : 0.3536    ndcg@30 : 0.3714    ndcg@50 : 0.3926    precision@1 : 0.1919    precision@2 : 0.1624    precision@3 : 0.1412    precision@4 : 0.1292    precision@5 : 0.1174    precision@10 : 0.0831    precision@20 : 0.0566    precision@30 : 0.0438    precision@50 : 0.031    map@1 : 0.1919    map@2 : 0.1944    map@3 : 0.2012    map@4 : 0.2092    map@5 : 0.2142    map@10 : 0.2312    map@20 : 0.2443    map@30 : 0.2494    map@50 : 0.254
Sun 15 Mar 2026 21:41:22 INFO  epoch 65 training [time: 0.17s, train loss: 3.1329]
Sun 15 Mar 2026 21:41:22 INFO  epoch 65 evaluating [time: 0.26s, valid_score: 0.314600]
Sun 15 Mar 2026 21:41:22 INFO  valid result: 
recall@1 : 0.1233    recall@2 : 0.2058    recall@3 : 0.2642    recall@4 : 0.3133    recall@5 : 0.3451    recall@10 : 0.4713    recall@20 : 0.6011    recall@30 : 0.6653    recall@50 : 0.7528    ndcg@1 : 0.1919    ndcg@2 : 0.2192    ndcg@3 : 0.2402    ndcg@4 : 0.2591    ndcg@5 : 0.2709    ndcg@10 : 0.3146    ndcg@20 : 0.3536    ndcg@30 : 0.3714    ndcg@50 : 0.3926    precision@1 : 0.1919    precision@2 : 0.1627    precision@3 : 0.1414    precision@4 : 0.1292    precision@5 : 0.1172    precision@10 : 0.0832    precision@20 : 0.0566    precision@30 : 0.0438    precision@50 : 0.031    map@1 : 0.1919    map@2 : 0.1946    map@3 : 0.2012    map@4 : 0.2092    map@5 : 0.214    map@10 : 0.2313    map@20 : 0.2443    map@30 : 0.2494    map@50 : 0.254
Sun 15 Mar 2026 21:41:22 INFO  epoch 66 training [time: 0.16s, train loss: 3.0896]
Sun 15 Mar 2026 21:41:22 INFO  epoch 66 evaluating [time: 0.26s, valid_score: 0.315100]
Sun 15 Mar 2026 21:41:22 INFO  valid result: 
recall@1 : 0.1234    recall@2 : 0.2058    recall@3 : 0.2644    recall@4 : 0.3141    recall@5 : 0.3456    recall@10 : 0.4724    recall@20 : 0.6014    recall@30 : 0.6654    recall@50 : 0.7529    ndcg@1 : 0.1925    ndcg@2 : 0.2194    ndcg@3 : 0.2402    ndcg@4 : 0.2595    ndcg@5 : 0.2713    ndcg@10 : 0.3151    ndcg@20 : 0.3538    ndcg@30 : 0.3716    ndcg@50 : 0.3928    precision@1 : 0.1925    precision@2 : 0.1627    precision@3 : 0.1412    precision@4 : 0.1293    precision@5 : 0.1174    precision@10 : 0.0833    precision@20 : 0.0566    precision@30 : 0.0438    precision@50 : 0.031    map@1 : 0.1925    map@2 : 0.1947    map@3 : 0.2012    map@4 : 0.2095    map@5 : 0.2143    map@10 : 0.2316    map@20 : 0.2445    map@30 : 0.2495    map@50 : 0.2542
Sun 15 Mar 2026 21:41:23 INFO  epoch 67 training [time: 0.16s, train loss: 3.1051]
Sun 15 Mar 2026 21:41:23 INFO  epoch 67 evaluating [time: 0.27s, valid_score: 0.315500]
Sun 15 Mar 2026 21:41:23 INFO  valid result: 
recall@1 : 0.1234    recall@2 : 0.2057    recall@3 : 0.2645    recall@4 : 0.3145    recall@5 : 0.3453    recall@10 : 0.4738    recall@20 : 0.6013    recall@30 : 0.6652    recall@50 : 0.7524    ndcg@1 : 0.1925    ndcg@2 : 0.2191    ndcg@3 : 0.2403    ndcg@4 : 0.2597    ndcg@5 : 0.2711    ndcg@10 : 0.3155    ndcg@20 : 0.3538    ndcg@30 : 0.3716    ndcg@50 : 0.3927    precision@1 : 0.1925    precision@2 : 0.1624    precision@3 : 0.1414    precision@4 : 0.1296    precision@5 : 0.1172    precision@10 : 0.0835    precision@20 : 0.0566    precision@30 : 0.0438    precision@50 : 0.031    map@1 : 0.1925    map@2 : 0.1946    map@3 : 0.2013    map@4 : 0.2096    map@5 : 0.2143    map@10 : 0.2317    map@20 : 0.2445    map@30 : 0.2496    map@50 : 0.2542
Sun 15 Mar 2026 21:41:23 INFO  Saving current: saved/LightGCN-Mar-15-2026_21-40-52.pth
Sun 15 Mar 2026 21:41:23 INFO  epoch 68 training [time: 0.16s, train loss: 3.1139]
Sun 15 Mar 2026 21:41:23 INFO  epoch 68 evaluating [time: 0.28s, valid_score: 0.315600]
Sun 15 Mar 2026 21:41:23 INFO  valid result: 
recall@1 : 0.1234    recall@2 : 0.2057    recall@3 : 0.2651    recall@4 : 0.3145    recall@5 : 0.3453    recall@10 : 0.4739    recall@20 : 0.6004    recall@30 : 0.6652    recall@50 : 0.753    ndcg@1 : 0.1925    ndcg@2 : 0.2191    ndcg@3 : 0.2406    ndcg@4 : 0.2598    ndcg@5 : 0.2711    ndcg@10 : 0.3156    ndcg@20 : 0.3536    ndcg@30 : 0.3716    ndcg@50 : 0.3928    precision@1 : 0.1925    precision@2 : 0.1624    precision@3 : 0.1416    precision@4 : 0.1296    precision@5 : 0.1172    precision@10 : 0.0836    precision@20 : 0.0565    precision@30 : 0.0438    precision@50 : 0.031    map@1 : 0.1925    map@2 : 0.1946    map@3 : 0.2015    map@4 : 0.2097    map@5 : 0.2144    map@10 : 0.2318    map@20 : 0.2445    map@30 : 0.2496    map@50 : 0.2542
Sun 15 Mar 2026 21:41:23 INFO  Saving current: saved/LightGCN-Mar-15-2026_21-40-52.pth
Sun 15 Mar 2026 21:41:23 INFO  epoch 69 training [time: 0.14s, train loss: 3.0896]
Sun 15 Mar 2026 21:41:24 INFO  epoch 69 evaluating [time: 0.28s, valid_score: 0.315700]
Sun 15 Mar 2026 21:41:24 INFO  valid result: 
recall@1 : 0.1234    recall@2 : 0.206    recall@3 : 0.2652    recall@4 : 0.3142    recall@5 : 0.3465    recall@10 : 0.4739    recall@20 : 0.6004    recall@30 : 0.6657    recall@50 : 0.7527    ndcg@1 : 0.1925    ndcg@2 : 0.2194    ndcg@3 : 0.2407    ndcg@4 : 0.2597    ndcg@5 : 0.2717    ndcg@10 : 0.3157    ndcg@20 : 0.3537    ndcg@30 : 0.3718    ndcg@50 : 0.3928    precision@1 : 0.1925    precision@2 : 0.1627    precision@3 : 0.1416    precision@4 : 0.1295    precision@5 : 0.1176    precision@10 : 0.0836    precision@20 : 0.0565    precision@30 : 0.0438    precision@50 : 0.031    map@1 : 0.1925    map@2 : 0.1949    map@3 : 0.2017    map@4 : 0.2097    map@5 : 0.2148    map@10 : 0.232    map@20 : 0.2446    map@30 : 0.2498    map@50 : 0.2544
Sun 15 Mar 2026 21:41:24 INFO  Saving current: saved/LightGCN-Mar-15-2026_21-40-52.pth
Sun 15 Mar 2026 21:41:24 INFO  epoch 70 training [time: 0.16s, train loss: 3.0969]
Sun 15 Mar 2026 21:41:24 INFO  epoch 70 evaluating [time: 0.28s, valid_score: 0.315700]
Sun 15 Mar 2026 21:41:24 INFO  valid result: 
recall@1 : 0.1234    recall@2 : 0.2057    recall@3 : 0.2651    recall@4 : 0.3144    recall@5 : 0.3466    recall@10 : 0.4742    recall@20 : 0.6006    recall@30 : 0.6653    recall@50 : 0.7525    ndcg@1 : 0.1925    ndcg@2 : 0.2191    ndcg@3 : 0.2407    ndcg@4 : 0.2597    ndcg@5 : 0.2718    ndcg@10 : 0.3157    ndcg@20 : 0.3537    ndcg@30 : 0.3717    ndcg@50 : 0.3928    precision@1 : 0.1925    precision@2 : 0.1624    precision@3 : 0.1418    precision@4 : 0.1295    precision@5 : 0.1178    precision@10 : 0.0836    precision@20 : 0.0566    precision@30 : 0.0438    precision@50 : 0.031    map@1 : 0.1925    map@2 : 0.1947    map@3 : 0.2016    map@4 : 0.2096    map@5 : 0.2148    map@10 : 0.2319    map@20 : 0.2446    map@30 : 0.2497    map@50 : 0.2543
Sun 15 Mar 2026 21:41:24 INFO  Saving current: saved/LightGCN-Mar-15-2026_21-40-52.pth
Sun 15 Mar 2026 21:41:24 INFO  epoch 71 training [time: 0.17s, train loss: 3.1206]
Sun 15 Mar 2026 21:41:25 INFO  epoch 71 evaluating [time: 0.26s, valid_score: 0.315000]
Sun 15 Mar 2026 21:41:25 INFO  valid result: 
recall@1 : 0.1234    recall@2 : 0.2057    recall@3 : 0.2653    recall@4 : 0.3125    recall@5 : 0.3469    recall@10 : 0.4721    recall@20 : 0.6005    recall@30 : 0.6657    recall@50 : 0.752    ndcg@1 : 0.1925    ndcg@2 : 0.2191    ndcg@3 : 0.2409    ndcg@4 : 0.2589    ndcg@5 : 0.2718    ndcg@10 : 0.315    ndcg@20 : 0.3535    ndcg@30 : 0.3717    ndcg@50 : 0.3926    precision@1 : 0.1925    precision@2 : 0.1624    precision@3 : 0.142    precision@4 : 0.129    precision@5 : 0.1178    precision@10 : 0.0834    precision@20 : 0.0565    precision@30 : 0.0438    precision@50 : 0.031    map@1 : 0.1925    map@2 : 0.1947    map@3 : 0.2018    map@4 : 0.2093    map@5 : 0.2147    map@10 : 0.2317    map@20 : 0.2445    map@30 : 0.2496    map@50 : 0.2542
Sun 15 Mar 2026 21:41:25 INFO  epoch 72 training [time: 0.15s, train loss: 3.0896]
Sun 15 Mar 2026 21:41:25 INFO  epoch 72 evaluating [time: 0.27s, valid_score: 0.314700]
Sun 15 Mar 2026 21:41:25 INFO  valid result: 
recall@1 : 0.1234    recall@2 : 0.2057    recall@3 : 0.2653    recall@4 : 0.3125    recall@5 : 0.3469    recall@10 : 0.4712    recall@20 : 0.6004    recall@30 : 0.6658    recall@50 : 0.7526    ndcg@1 : 0.1925    ndcg@2 : 0.2191    ndcg@3 : 0.2409    ndcg@4 : 0.2589    ndcg@5 : 0.2718    ndcg@10 : 0.3147    ndcg@20 : 0.3535    ndcg@30 : 0.3717    ndcg@50 : 0.3927    precision@1 : 0.1925    precision@2 : 0.1624    precision@3 : 0.142    precision@4 : 0.129    precision@5 : 0.1178    precision@10 : 0.0833    precision@20 : 0.0565    precision@30 : 0.0438    precision@50 : 0.031    map@1 : 0.1925    map@2 : 0.1947    map@3 : 0.2018    map@4 : 0.2093    map@5 : 0.2147    map@10 : 0.2315    map@20 : 0.2445    map@30 : 0.2496    map@50 : 0.2542
Sun 15 Mar 2026 21:41:25 INFO  epoch 73 training [time: 0.16s, train loss: 3.1013]
Sun 15 Mar 2026 21:41:25 INFO  epoch 73 evaluating [time: 0.26s, valid_score: 0.314800]
Sun 15 Mar 2026 21:41:25 INFO  valid result: 
recall@1 : 0.1234    recall@2 : 0.2057    recall@3 : 0.2653    recall@4 : 0.3125    recall@5 : 0.347    recall@10 : 0.4712    recall@20 : 0.6009    recall@30 : 0.6658    recall@50 : 0.7529    ndcg@1 : 0.1925    ndcg@2 : 0.2191    ndcg@3 : 0.2409    ndcg@4 : 0.2589    ndcg@5 : 0.2719    ndcg@10 : 0.3148    ndcg@20 : 0.3537    ndcg@30 : 0.3717    ndcg@50 : 0.3927    precision@1 : 0.1925    precision@2 : 0.1624    precision@3 : 0.142    precision@4 : 0.129    precision@5 : 0.1179    precision@10 : 0.0833    precision@20 : 0.0566    precision@30 : 0.0438    precision@50 : 0.031    map@1 : 0.1925    map@2 : 0.1947    map@3 : 0.2018    map@4 : 0.2093    map@5 : 0.2147    map@10 : 0.2315    map@20 : 0.2445    map@30 : 0.2496    map@50 : 0.2542
Sun 15 Mar 2026 21:41:26 INFO  epoch 74 training [time: 0.18s, train loss: 3.0768]
Sun 15 Mar 2026 21:41:26 INFO  epoch 74 evaluating [time: 0.26s, valid_score: 0.315000]
Sun 15 Mar 2026 21:41:26 INFO  valid result: 
recall@1 : 0.1234    recall@2 : 0.2057    recall@3 : 0.2653    recall@4 : 0.3124    recall@5 : 0.3468    recall@10 : 0.4718    recall@20 : 0.6009    recall@30 : 0.6658    recall@50 : 0.7522    ndcg@1 : 0.1925    ndcg@2 : 0.2191    ndcg@3 : 0.2409    ndcg@4 : 0.2588    ndcg@5 : 0.2718    ndcg@10 : 0.315    ndcg@20 : 0.3537    ndcg@30 : 0.3717    ndcg@50 : 0.3926    precision@1 : 0.1925    precision@2 : 0.1624    precision@3 : 0.142    precision@4 : 0.1289    precision@5 : 0.1179    precision@10 : 0.0834    precision@20 : 0.0567    precision@30 : 0.0438    precision@50 : 0.031    map@1 : 0.1925    map@2 : 0.1947    map@3 : 0.2018    map@4 : 0.2092    map@5 : 0.2148    map@10 : 0.2316    map@20 : 0.2446    map@30 : 0.2497    map@50 : 0.2543
Sun 15 Mar 2026 21:41:26 INFO  epoch 75 training [time: 0.16s, train loss: 3.1064]
Sun 15 Mar 2026 21:41:26 INFO  epoch 75 evaluating [time: 0.26s, valid_score: 0.315000]
Sun 15 Mar 2026 21:41:26 INFO  valid result: 
recall@1 : 0.1234    recall@2 : 0.2056    recall@3 : 0.2653    recall@4 : 0.3125    recall@5 : 0.3473    recall@10 : 0.4718    recall@20 : 0.6012    recall@30 : 0.6657    recall@50 : 0.7523    ndcg@1 : 0.1925    ndcg@2 : 0.2189    ndcg@3 : 0.2408    ndcg@4 : 0.2589    ndcg@5 : 0.272    ndcg@10 : 0.315    ndcg@20 : 0.3538    ndcg@30 : 0.3717    ndcg@50 : 0.3927    precision@1 : 0.1925    precision@2 : 0.1621    precision@3 : 0.142    precision@4 : 0.129    precision@5 : 0.1181    precision@10 : 0.0834    precision@20 : 0.0567    precision@30 : 0.0438    precision@50 : 0.031    map@1 : 0.1925    map@2 : 0.1946    map@3 : 0.2018    map@4 : 0.2092    map@5 : 0.2149    map@10 : 0.2317    map@20 : 0.2446    map@30 : 0.2497    map@50 : 0.2543
Sun 15 Mar 2026 21:41:26 INFO  epoch 76 training [time: 0.16s, train loss: 3.0624]
Sun 15 Mar 2026 21:41:27 INFO  epoch 76 evaluating [time: 0.27s, valid_score: 0.314600]
Sun 15 Mar 2026 21:41:27 INFO  valid result: 
recall@1 : 0.1234    recall@2 : 0.2056    recall@3 : 0.2653    recall@4 : 0.3125    recall@5 : 0.3477    recall@10 : 0.4706    recall@20 : 0.6012    recall@30 : 0.6658    recall@50 : 0.7531    ndcg@1 : 0.1925    ndcg@2 : 0.2189    ndcg@3 : 0.2408    ndcg@4 : 0.2589    ndcg@5 : 0.2722    ndcg@10 : 0.3146    ndcg@20 : 0.3538    ndcg@30 : 0.3717    ndcg@50 : 0.3928    precision@1 : 0.1925    precision@2 : 0.1621    precision@3 : 0.142    precision@4 : 0.129    precision@5 : 0.1184    precision@10 : 0.0833    precision@20 : 0.0567    precision@30 : 0.0438    precision@50 : 0.031    map@1 : 0.1925    map@2 : 0.1946    map@3 : 0.2018    map@4 : 0.2092    map@5 : 0.215    map@10 : 0.2315    map@20 : 0.2446    map@30 : 0.2497    map@50 : 0.2543
Sun 15 Mar 2026 21:41:27 INFO  epoch 77 training [time: 0.15s, train loss: 3.1035]
Sun 15 Mar 2026 21:41:27 INFO  epoch 77 evaluating [time: 0.28s, valid_score: 0.314600]
Sun 15 Mar 2026 21:41:27 INFO  valid result: 
recall@1 : 0.1234    recall@2 : 0.2056    recall@3 : 0.2653    recall@4 : 0.3125    recall@5 : 0.3474    recall@10 : 0.4706    recall@20 : 0.6012    recall@30 : 0.6658    recall@50 : 0.7524    ndcg@1 : 0.1925    ndcg@2 : 0.2189    ndcg@3 : 0.2408    ndcg@4 : 0.2589    ndcg@5 : 0.2721    ndcg@10 : 0.3146    ndcg@20 : 0.3537    ndcg@30 : 0.3716    ndcg@50 : 0.3926    precision@1 : 0.1925    precision@2 : 0.1621    precision@3 : 0.142    precision@4 : 0.129    precision@5 : 0.1182    precision@10 : 0.0833    precision@20 : 0.0567    precision@30 : 0.0438    precision@50 : 0.031    map@1 : 0.1925    map@2 : 0.1946    map@3 : 0.2018    map@4 : 0.2092    map@5 : 0.2149    map@10 : 0.2315    map@20 : 0.2445    map@30 : 0.2496    map@50 : 0.2543
Sun 15 Mar 2026 21:41:27 INFO  epoch 78 training [time: 0.17s, train loss: 3.0914]
Sun 15 Mar 2026 21:41:28 INFO  epoch 78 evaluating [time: 0.28s, valid_score: 0.314600]
Sun 15 Mar 2026 21:41:28 INFO  valid result: 
recall@1 : 0.1234    recall@2 : 0.2056    recall@3 : 0.2653    recall@4 : 0.3125    recall@5 : 0.3474    recall@10 : 0.4708    recall@20 : 0.6013    recall@30 : 0.666    recall@50 : 0.7525    ndcg@1 : 0.1925    ndcg@2 : 0.2189    ndcg@3 : 0.2408    ndcg@4 : 0.2589    ndcg@5 : 0.2721    ndcg@10 : 0.3146    ndcg@20 : 0.3537    ndcg@30 : 0.3717    ndcg@50 : 0.3927    precision@1 : 0.1925    precision@2 : 0.1621    precision@3 : 0.142    precision@4 : 0.129    precision@5 : 0.1182    precision@10 : 0.0833    precision@20 : 0.0567    precision@30 : 0.0438    precision@50 : 0.031    map@1 : 0.1925    map@2 : 0.1946    map@3 : 0.2018    map@4 : 0.2092    map@5 : 0.2149    map@10 : 0.2315    map@20 : 0.2445    map@30 : 0.2497    map@50 : 0.2543
Sun 15 Mar 2026 21:41:28 INFO  epoch 79 training [time: 0.16s, train loss: 3.1021]
Sun 15 Mar 2026 21:41:28 INFO  epoch 79 evaluating [time: 0.26s, valid_score: 0.314300]
Sun 15 Mar 2026 21:41:28 INFO  valid result: 
recall@1 : 0.1234    recall@2 : 0.2056    recall@3 : 0.2653    recall@4 : 0.3125    recall@5 : 0.3475    recall@10 : 0.4699    recall@20 : 0.601    recall@30 : 0.666    recall@50 : 0.7527    ndcg@1 : 0.1925    ndcg@2 : 0.2189    ndcg@3 : 0.2408    ndcg@4 : 0.2589    ndcg@5 : 0.2722    ndcg@10 : 0.3143    ndcg@20 : 0.3537    ndcg@30 : 0.3717    ndcg@50 : 0.3927    precision@1 : 0.1925    precision@2 : 0.1621    precision@3 : 0.142    precision@4 : 0.129    precision@5 : 0.1184    precision@10 : 0.0831    precision@20 : 0.0567    precision@30 : 0.0438    precision@50 : 0.031    map@1 : 0.1925    map@2 : 0.1946    map@3 : 0.2018    map@4 : 0.2092    map@5 : 0.215    map@10 : 0.2314    map@20 : 0.2446    map@30 : 0.2497    map@50 : 0.2543
Sun 15 Mar 2026 21:41:28 INFO  epoch 80 training [time: 0.16s, train loss: 3.0541]
Sun 15 Mar 2026 21:41:29 INFO  epoch 80 evaluating [time: 0.27s, valid_score: 0.314300]
Sun 15 Mar 2026 21:41:29 INFO  valid result: 
recall@1 : 0.1234    recall@2 : 0.2057    recall@3 : 0.2653    recall@4 : 0.3125    recall@5 : 0.3475    recall@10 : 0.4698    recall@20 : 0.6006    recall@30 : 0.6665    recall@50 : 0.7526    ndcg@1 : 0.1925    ndcg@2 : 0.2191    ndcg@3 : 0.2409    ndcg@4 : 0.2589    ndcg@5 : 0.2722    ndcg@10 : 0.3143    ndcg@20 : 0.3536    ndcg@30 : 0.3718    ndcg@50 : 0.3927    precision@1 : 0.1925    precision@2 : 0.1624    precision@3 : 0.142    precision@4 : 0.129    precision@5 : 0.1184    precision@10 : 0.083    precision@20 : 0.0567    precision@30 : 0.0439    precision@50 : 0.031    map@1 : 0.1925    map@2 : 0.1947    map@3 : 0.2018    map@4 : 0.2093    map@5 : 0.215    map@10 : 0.2314    map@20 : 0.2445    map@30 : 0.2497    map@50 : 0.2543
Sun 15 Mar 2026 21:41:29 INFO  epoch 81 training [time: 0.16s, train loss: 3.0876]
Sun 15 Mar 2026 21:41:29 INFO  epoch 81 evaluating [time: 0.28s, valid_score: 0.314400]
Sun 15 Mar 2026 21:41:29 INFO  valid result: 
recall@1 : 0.1234    recall@2 : 0.2059    recall@3 : 0.2653    recall@4 : 0.3125    recall@5 : 0.3475    recall@10 : 0.4698    recall@20 : 0.6005    recall@30 : 0.6671    recall@50 : 0.7526    ndcg@1 : 0.1925    ndcg@2 : 0.2196    ndcg@3 : 0.2409    ndcg@4 : 0.259    ndcg@5 : 0.2723    ndcg@10 : 0.3144    ndcg@20 : 0.3536    ndcg@30 : 0.3721    ndcg@50 : 0.3928    precision@1 : 0.1925    precision@2 : 0.163    precision@3 : 0.142    precision@4 : 0.129    precision@5 : 0.1184    precision@10 : 0.083    precision@20 : 0.0566    precision@30 : 0.0439    precision@50 : 0.031    map@1 : 0.1925    map@2 : 0.195    map@3 : 0.2019    map@4 : 0.2093    map@5 : 0.215    map@10 : 0.2314    map@20 : 0.2445    map@30 : 0.2498    map@50 : 0.2544
Sun 15 Mar 2026 21:41:29 INFO  epoch 82 training [time: 0.16s, train loss: 3.0806]
Sun 15 Mar 2026 21:41:29 INFO  epoch 82 evaluating [time: 0.27s, valid_score: 0.314400]
Sun 15 Mar 2026 21:41:29 INFO  valid result: 
recall@1 : 0.1234    recall@2 : 0.2059    recall@3 : 0.2653    recall@4 : 0.3125    recall@5 : 0.3475    recall@10 : 0.4701    recall@20 : 0.6007    recall@30 : 0.6671    recall@50 : 0.7522    ndcg@1 : 0.1925    ndcg@2 : 0.2196    ndcg@3 : 0.2409    ndcg@4 : 0.259    ndcg@5 : 0.2723    ndcg@10 : 0.3144    ndcg@20 : 0.3537    ndcg@30 : 0.3721    ndcg@50 : 0.3928    precision@1 : 0.1925    precision@2 : 0.163    precision@3 : 0.142    precision@4 : 0.129    precision@5 : 0.1184    precision@10 : 0.0831    precision@20 : 0.0567    precision@30 : 0.0439    precision@50 : 0.031    map@1 : 0.1925    map@2 : 0.195    map@3 : 0.2019    map@4 : 0.2093    map@5 : 0.215    map@10 : 0.2315    map@20 : 0.2446    map@30 : 0.2498    map@50 : 0.2544
Sun 15 Mar 2026 21:41:30 INFO  epoch 83 training [time: 0.17s, train loss: 3.0922]
Sun 15 Mar 2026 21:41:30 INFO  epoch 83 evaluating [time: 0.25s, valid_score: 0.314500]
Sun 15 Mar 2026 21:41:30 INFO  valid result: 
recall@1 : 0.1234    recall@2 : 0.2059    recall@3 : 0.2653    recall@4 : 0.3125    recall@5 : 0.3475    recall@10 : 0.4701    recall@20 : 0.6009    recall@30 : 0.667    recall@50 : 0.7517    ndcg@1 : 0.1925    ndcg@2 : 0.2196    ndcg@3 : 0.2409    ndcg@4 : 0.259    ndcg@5 : 0.2723    ndcg@10 : 0.3145    ndcg@20 : 0.3538    ndcg@30 : 0.3721    ndcg@50 : 0.3927    precision@1 : 0.1925    precision@2 : 0.163    precision@3 : 0.142    precision@4 : 0.129    precision@5 : 0.1184    precision@10 : 0.0831    precision@20 : 0.0568    precision@30 : 0.0439    precision@50 : 0.031    map@1 : 0.1925    map@2 : 0.195    map@3 : 0.2019    map@4 : 0.2093    map@5 : 0.215    map@10 : 0.2315    map@20 : 0.2447    map@30 : 0.2498    map@50 : 0.2544
Sun 15 Mar 2026 21:41:30 INFO  epoch 84 training [time: 0.22s, train loss: 3.0887]
Sun 15 Mar 2026 21:41:30 INFO  epoch 84 evaluating [time: 0.22s, valid_score: 0.314400]
Sun 15 Mar 2026 21:41:30 INFO  valid result: 
recall@1 : 0.1234    recall@2 : 0.2059    recall@3 : 0.2653    recall@4 : 0.3125    recall@5 : 0.3475    recall@10 : 0.4701    recall@20 : 0.6005    recall@30 : 0.6673    recall@50 : 0.752    ndcg@1 : 0.1925    ndcg@2 : 0.2196    ndcg@3 : 0.2409    ndcg@4 : 0.259    ndcg@5 : 0.2723    ndcg@10 : 0.3144    ndcg@20 : 0.3537    ndcg@30 : 0.3722    ndcg@50 : 0.3928    precision@1 : 0.1925    precision@2 : 0.163    precision@3 : 0.142    precision@4 : 0.129    precision@5 : 0.1184    precision@10 : 0.0831    precision@20 : 0.0568    precision@30 : 0.044    precision@50 : 0.031    map@1 : 0.1925    map@2 : 0.195    map@3 : 0.2019    map@4 : 0.2093    map@5 : 0.215    map@10 : 0.2315    map@20 : 0.2446    map@30 : 0.2499    map@50 : 0.2544
Sun 15 Mar 2026 21:41:30 INFO  epoch 85 training [time: 0.16s, train loss: 3.0479]
Sun 15 Mar 2026 21:41:31 INFO  epoch 85 evaluating [time: 0.26s, valid_score: 0.314400]
Sun 15 Mar 2026 21:41:31 INFO  valid result: 
recall@1 : 0.1234    recall@2 : 0.2058    recall@3 : 0.2653    recall@4 : 0.3125    recall@5 : 0.3475    recall@10 : 0.4701    recall@20 : 0.6008    recall@30 : 0.6667    recall@50 : 0.752    ndcg@1 : 0.1925    ndcg@2 : 0.2194    ndcg@3 : 0.2409    ndcg@4 : 0.259    ndcg@5 : 0.2722    ndcg@10 : 0.3144    ndcg@20 : 0.3537    ndcg@30 : 0.372    ndcg@50 : 0.3927    precision@1 : 0.1925    precision@2 : 0.1627    precision@3 : 0.142    precision@4 : 0.129    precision@5 : 0.1184    precision@10 : 0.083    precision@20 : 0.0568    precision@30 : 0.044    precision@50 : 0.031    map@1 : 0.1925    map@2 : 0.1949    map@3 : 0.2019    map@4 : 0.2093    map@5 : 0.215    map@10 : 0.2314    map@20 : 0.2446    map@30 : 0.2498    map@50 : 0.2544
Sun 15 Mar 2026 21:41:31 INFO  epoch 86 training [time: 0.15s, train loss: 3.0779]
Sun 15 Mar 2026 21:41:31 INFO  epoch 86 evaluating [time: 0.26s, valid_score: 0.314200]
Sun 15 Mar 2026 21:41:31 INFO  valid result: 
recall@1 : 0.1234    recall@2 : 0.2058    recall@3 : 0.2653    recall@4 : 0.3125    recall@5 : 0.3475    recall@10 : 0.4697    recall@20 : 0.6003    recall@30 : 0.6672    recall@50 : 0.7527    ndcg@1 : 0.1925    ndcg@2 : 0.2194    ndcg@3 : 0.2409    ndcg@4 : 0.259    ndcg@5 : 0.2722    ndcg@10 : 0.3142    ndcg@20 : 0.3536    ndcg@30 : 0.3722    ndcg@50 : 0.3929    precision@1 : 0.1925    precision@2 : 0.1627    precision@3 : 0.142    precision@4 : 0.129    precision@5 : 0.1184    precision@10 : 0.0829    precision@20 : 0.0567    precision@30 : 0.044    precision@50 : 0.031    map@1 : 0.1925    map@2 : 0.1949    map@3 : 0.2019    map@4 : 0.2093    map@5 : 0.215    map@10 : 0.2314    map@20 : 0.2446    map@30 : 0.2499    map@50 : 0.2544
Sun 15 Mar 2026 21:41:31 INFO  epoch 87 training [time: 0.17s, train loss: 3.0567]
Sun 15 Mar 2026 21:41:32 INFO  epoch 87 evaluating [time: 0.27s, valid_score: 0.314400]
Sun 15 Mar 2026 21:41:32 INFO  valid result: 
recall@1 : 0.1234    recall@2 : 0.2059    recall@3 : 0.2653    recall@4 : 0.3125    recall@5 : 0.3476    recall@10 : 0.4703    recall@20 : 0.6007    recall@30 : 0.667    recall@50 : 0.7525    ndcg@1 : 0.1925    ndcg@2 : 0.2196    ndcg@3 : 0.2409    ndcg@4 : 0.259    ndcg@5 : 0.2723    ndcg@10 : 0.3144    ndcg@20 : 0.3538    ndcg@30 : 0.3722    ndcg@50 : 0.3929    precision@1 : 0.1925    precision@2 : 0.163    precision@3 : 0.142    precision@4 : 0.129    precision@5 : 0.1185    precision@10 : 0.083    precision@20 : 0.0568    precision@30 : 0.0441    precision@50 : 0.0311    map@1 : 0.1925    map@2 : 0.1952    map@3 : 0.2019    map@4 : 0.2093    map@5 : 0.2151    map@10 : 0.2315    map@20 : 0.2447    map@30 : 0.2499    map@50 : 0.2545
Sun 15 Mar 2026 21:41:32 INFO  epoch 88 training [time: 0.15s, train loss: 3.0818]
Sun 15 Mar 2026 21:41:32 INFO  epoch 88 evaluating [time: 0.16s, valid_score: 0.314400]
Sun 15 Mar 2026 21:41:32 INFO  valid result: 
recall@1 : 0.1234    recall@2 : 0.2058    recall@3 : 0.2653    recall@4 : 0.3125    recall@5 : 0.3474    recall@10 : 0.47    recall@20 : 0.6002    recall@30 : 0.667    recall@50 : 0.7526    ndcg@1 : 0.1925    ndcg@2 : 0.2194    ndcg@3 : 0.2409    ndcg@4 : 0.259    ndcg@5 : 0.2722    ndcg@10 : 0.3144    ndcg@20 : 0.3536    ndcg@30 : 0.3722    ndcg@50 : 0.3929    precision@1 : 0.1925    precision@2 : 0.1627    precision@3 : 0.142    precision@4 : 0.129    precision@5 : 0.1182    precision@10 : 0.083    precision@20 : 0.0568    precision@30 : 0.0441    precision@50 : 0.0311    map@1 : 0.1925    map@2 : 0.1949    map@3 : 0.2019    map@4 : 0.2093    map@5 : 0.2149    map@10 : 0.2314    map@20 : 0.2446    map@30 : 0.2499    map@50 : 0.2545
Sun 15 Mar 2026 21:41:32 INFO  epoch 89 training [time: 0.16s, train loss: 3.0629]
Sun 15 Mar 2026 21:41:32 INFO  epoch 89 evaluating [time: 0.26s, valid_score: 0.314400]
Sun 15 Mar 2026 21:41:32 INFO  valid result: 
recall@1 : 0.1234    recall@2 : 0.2058    recall@3 : 0.2653    recall@4 : 0.3123    recall@5 : 0.3476    recall@10 : 0.47    recall@20 : 0.6002    recall@30 : 0.6667    recall@50 : 0.7529    ndcg@1 : 0.1925    ndcg@2 : 0.2194    ndcg@3 : 0.2409    ndcg@4 : 0.2589    ndcg@5 : 0.2722    ndcg@10 : 0.3144    ndcg@20 : 0.3537    ndcg@30 : 0.3722    ndcg@50 : 0.393    precision@1 : 0.1925    precision@2 : 0.1627    precision@3 : 0.142    precision@4 : 0.1289    precision@5 : 0.1184    precision@10 : 0.083    precision@20 : 0.0568    precision@30 : 0.0441    precision@50 : 0.0311    map@1 : 0.1925    map@2 : 0.1949    map@3 : 0.2019    map@4 : 0.2092    map@5 : 0.2149    map@10 : 0.2314    map@20 : 0.2447    map@30 : 0.2499    map@50 : 0.2545
Sun 15 Mar 2026 21:41:32 INFO  epoch 90 training [time: 0.15s, train loss: 3.0876]
Sun 15 Mar 2026 21:41:33 INFO  epoch 90 evaluating [time: 0.28s, valid_score: 0.314500]
Sun 15 Mar 2026 21:41:33 INFO  valid result: 
recall@1 : 0.1234    recall@2 : 0.2059    recall@3 : 0.2653    recall@4 : 0.3122    recall@5 : 0.3479    recall@10 : 0.4701    recall@20 : 0.6002    recall@30 : 0.6676    recall@50 : 0.7536    ndcg@1 : 0.1925    ndcg@2 : 0.2198    ndcg@3 : 0.241    ndcg@4 : 0.2588    ndcg@5 : 0.2725    ndcg@10 : 0.3145    ndcg@20 : 0.3537    ndcg@30 : 0.3725    ndcg@50 : 0.3932    precision@1 : 0.1925    precision@2 : 0.1633    precision@3 : 0.142    precision@4 : 0.1287    precision@5 : 0.1187    precision@10 : 0.0831    precision@20 : 0.0568    precision@30 : 0.0441    precision@50 : 0.0311    map@1 : 0.1925    map@2 : 0.1953    map@3 : 0.202    map@4 : 0.2092    map@5 : 0.2152    map@10 : 0.2315    map@20 : 0.2447    map@30 : 0.2501    map@50 : 0.2546
Sun 15 Mar 2026 21:41:33 INFO  epoch 91 training [time: 0.16s, train loss: 3.0269]
Sun 15 Mar 2026 21:41:33 INFO  epoch 91 evaluating [time: 0.27s, valid_score: 0.314700]
Sun 15 Mar 2026 21:41:33 INFO  valid result: 
recall@1 : 0.1234    recall@2 : 0.2059    recall@3 : 0.2653    recall@4 : 0.3129    recall@5 : 0.3479    recall@10 : 0.4707    recall@20 : 0.6005    recall@30 : 0.6672    recall@50 : 0.7548    ndcg@1 : 0.1925    ndcg@2 : 0.2198    ndcg@3 : 0.241    ndcg@4 : 0.2591    ndcg@5 : 0.2726    ndcg@10 : 0.3147    ndcg@20 : 0.3539    ndcg@30 : 0.3725    ndcg@50 : 0.3936    precision@1 : 0.1925    precision@2 : 0.1633    precision@3 : 0.142    precision@4 : 0.1289    precision@5 : 0.1187    precision@10 : 0.0832    precision@20 : 0.0568    precision@30 : 0.0441    precision@50 : 0.0312    map@1 : 0.1925    map@2 : 0.1953    map@3 : 0.202    map@4 : 0.2094    map@5 : 0.2152    map@10 : 0.2316    map@20 : 0.2448    map@30 : 0.2501    map@50 : 0.2548
Sun 15 Mar 2026 21:41:33 INFO  Finished training, best eval result in epoch 70
Sun 15 Mar 2026 21:41:33 INFO  Loading model structure and parameters from saved/LightGCN-Mar-15-2026_21-40-52.pth
Sun 15 Mar 2026 21:41:33 INFO  best valid : OrderedDict([('recall@1', 0.1234), ('recall@2', 0.2057), ('recall@3', 0.2651), ('recall@4', 0.3144), ('recall@5', 0.3466), ('recall@10', 0.4742), ('recall@20', 0.6006), ('recall@30', 0.6653), ('recall@50', 0.7525), ('ndcg@1', 0.1925), ('ndcg@2', 0.2191), ('ndcg@3', 0.2407), ('ndcg@4', 0.2597), ('ndcg@5', 0.2718), ('ndcg@10', 0.3157), ('ndcg@20', 0.3537), ('ndcg@30', 0.3717), ('ndcg@50', 0.3928), ('precision@1', 0.1925), ('precision@2', 0.1624), ('precision@3', 0.1418), ('precision@4', 0.1295), ('precision@5', 0.1178), ('precision@10', 0.0836), ('precision@20', 0.0566), ('precision@30', 0.0438), ('precision@50', 0.031), ('map@1', 0.1925), ('map@2', 0.1947), ('map@3', 0.2016), ('map@4', 0.2096), ('map@5', 0.2148), ('map@10', 0.2319), ('map@20', 0.2446), ('map@30', 0.2497), ('map@50', 0.2543)])
Sun 15 Mar 2026 21:41:33 INFO  test result: OrderedDict([('recall@1', 0.1415), ('recall@2', 0.2363), ('recall@3', 0.2851), ('recall@4', 0.3233), ('recall@5', 0.3524), ('recall@10', 0.4747), ('recall@20', 0.5999), ('recall@30', 0.6633), ('recall@50', 0.7583), ('ndcg@1', 0.2372), ('ndcg@2', 0.26), ('ndcg@3', 0.2721), ('ndcg@4', 0.2841), ('ndcg@5', 0.2933), ('ndcg@10', 0.3344), ('ndcg@20', 0.37), ('ndcg@30', 0.387), ('ndcg@50', 0.4095), ('precision@1', 0.2372), ('precision@2', 0.1926), ('precision@3', 0.16), ('precision@4', 0.1402), ('precision@5', 0.1244), ('precision@10', 0.0876), ('precision@20', 0.057), ('precision@30', 0.0432), ('precision@50', 0.0307), ('map@1', 0.2372), ('map@2', 0.2321), ('map@3', 0.2319), ('map@4', 0.2357), ('map@5', 0.2385), ('map@10', 0.2544), ('map@20', 0.2655), ('map@30', 0.2703), ('map@50', 0.2752)])
Sun 15 Mar 2026 21:41:33 INFO  training time: 40.3269s
Sun 15 Mar 2026 21:41:33 INFO  result file: results/again/lightgcn_lightgcn_seed2024.json
