Mon 16 Mar 2026 12:57:02 INFO  
General Hyper Parameters:
gpu_id = 0
use_gpu = True
seed = 2022
state = INFO
reproducibility = True
data_path = ./travel
checkpoint_dir = saved
show_progress = True
save_dataset = False
dataset_save_path = None
save_dataloaders = False
dataloaders_save_path = None
log_wandb = False

Training Hyper Parameters:
epochs = 1000
train_batch_size = 4096
learner = adam
learning_rate = 0.001
train_neg_sample_args = {'distribution': 'uniform', 'sample_num': 1, 'alpha': 1.0, 'dynamic': False, 'candidate_num': 0}
eval_step = 1
stopping_step = 10
clip_grad_norm = None
weight_decay = 0.0
loss_decimal_place = 4

Evaluation Hyper Parameters:
eval_args = {'split': {'RS': [0.8, 0.1, 0.1]}, 'order': 'RO', 'group_by': 'user', 'mode': {'valid': 'full', 'test': 'full'}}
repeatable = False
metrics = ['Recall', 'NDCG', 'Precision', 'MAP']
topk = [1, 2, 3, 4, 5, 10, 20, 30, 50]
valid_metric = NDCG@10
valid_metric_bigger = True
eval_batch_size = 4096
metric_decimal_place = 4

Dataset Hyper Parameters:
field_separator = 	
seq_separator =  
USER_ID_FIELD = user_id
ITEM_ID_FIELD = item_id
RATING_FIELD = rating
TIME_FIELD = timestamp
seq_len = None
LABEL_FIELD = label
threshold = None
NEG_PREFIX = neg_
load_col = {'inter': ['user_id', 'item_id', 'rating'], 'user': ['user_id', 'post_num', 'follower', 'following', 'timestamp']}
unload_col = None
unused_col = None
additional_feat_suffix = None
rm_dup_inter = None
val_interval = {'rating': '[0,inf)'}
filter_inter_by_user_or_item = True
user_inter_num_interval = [0,inf)
item_inter_num_interval = [0,inf)
alias_of_user_id = None
alias_of_item_id = None
alias_of_entity_id = None
alias_of_relation_id = None
preload_weight = None
normalize_field = None
normalize_all = None
ITEM_LIST_LENGTH_FIELD = item_length
LIST_SUFFIX = _list
MAX_ITEM_LIST_LENGTH = 50
POSITION_FIELD = position_id
HEAD_ENTITY_ID_FIELD = head_id
TAIL_ENTITY_ID_FIELD = tail_id
RELATION_ID_FIELD = relation_id
ENTITY_ID_FIELD = entity_id
benchmark_filename = None

Other Hyper Parameters: 
worker = 0
wandb_project = recbole
shuffle = True
require_pow = False
enable_amp = False
enable_scaler = False
transform = None
embedding_size = 64
n_layers = 3
reg_weight = 0.0001
numerical_features = []
discretization = None
kg_reverse_r = False
entity_kg_num_interval = [0,inf)
relation_kg_num_interval = [0,inf)
MODEL_TYPE = ModelType.GENERAL
stoping_step = 20
MODEL_INPUT_TYPE = InputType.PAIRWISE
eval_type = EvaluatorType.RANKING
single_spec = True
local_rank = 0
device = cuda
valid_neg_sample_args = {'distribution': 'uniform', 'sample_num': 'none'}
test_neg_sample_args = {'distribution': 'uniform', 'sample_num': 'none'}


Mon 16 Mar 2026 12:57:03 INFO  travel
The number of users: 2010
Average actions of users: 18.721254355400696
The number of items: 247
Average actions of items: 152.890243902439
The number of inters: 37611
The sparsity of the dataset: 92.42431566862047%
Remain Fields: ['user_id', 'item_id', 'rating', 'post_num', 'follower', 'following', 'timestamp']
Mon 16 Mar 2026 12:57:03 INFO  [Training]: train_batch_size = [4096] train_neg_sample_args: [{'distribution': 'uniform', 'sample_num': 1, 'alpha': 1.0, 'dynamic': False, 'candidate_num': 0}]
Mon 16 Mar 2026 12:57:03 INFO  [Evaluation]: eval_batch_size = [4096] eval_args: [{'split': {'RS': [0.8, 0.1, 0.1]}, 'order': 'RO', 'group_by': 'user', 'mode': {'valid': 'full', 'test': 'full'}}]
Mon 16 Mar 2026 12:57:03 INFO  LightGCN(
  (user_embedding): Embedding(2010, 64)
  (item_embedding): Embedding(247, 64)
  (mf_loss): BPRLoss()
  (reg_loss): EmbLoss()
)
Trainable parameters: 144448
Mon 16 Mar 2026 12:57:03 INFO  trainable parameters: 144448
Mon 16 Mar 2026 12:57:05 INFO  epoch 0 training [time: 0.51s, train loss: 5.5406]
Mon 16 Mar 2026 12:57:05 INFO  epoch 0 evaluating [time: 0.32s, valid_score: 0.167000]
Mon 16 Mar 2026 12:57:05 INFO  valid result: 
recall@1 : 0.0501    recall@2 : 0.0923    recall@3 : 0.1254    recall@4 : 0.1494    recall@5 : 0.1718    recall@10 : 0.2617    recall@20 : 0.3631    recall@30 : 0.4341    recall@50 : 0.5522    ndcg@1 : 0.1001    ndcg@2 : 0.1133    ndcg@3 : 0.1229    ndcg@4 : 0.1291    ndcg@5 : 0.1366    ndcg@10 : 0.167    ndcg@20 : 0.1966    ndcg@30 : 0.2151    ndcg@50 : 0.2419    precision@1 : 0.1001    precision@2 : 0.093    precision@3 : 0.0844    precision@4 : 0.0745    precision@5 : 0.0685    precision@10 : 0.0521    precision@20 : 0.0372    precision@30 : 0.0304    precision@50 : 0.0236    map@1 : 0.1001    map@2 : 0.097    map@3 : 0.0973    map@4 : 0.0977    map@5 : 0.1    map@10 : 0.111    map@20 : 0.1196    map@30 : 0.1239    map@50 : 0.1289
Mon 16 Mar 2026 12:57:05 INFO  Saving current: saved/LightGCN-Mar-16-2026_12-57-03.pth
Mon 16 Mar 2026 12:57:05 INFO  epoch 1 training [time: 0.15s, train loss: 5.5266]
Mon 16 Mar 2026 12:57:05 INFO  epoch 1 evaluating [time: 0.23s, valid_score: 0.294600]
Mon 16 Mar 2026 12:57:05 INFO  valid result: 
recall@1 : 0.1181    recall@2 : 0.1964    recall@3 : 0.2403    recall@4 : 0.2806    recall@5 : 0.3113    recall@10 : 0.4373    recall@20 : 0.5665    recall@30 : 0.6356    recall@50 : 0.733    ndcg@1 : 0.1931    ndcg@2 : 0.2138    ndcg@3 : 0.2263    ndcg@4 : 0.24    ndcg@5 : 0.2512    ndcg@10 : 0.2946    ndcg@20 : 0.3325    ndcg@30 : 0.3507    ndcg@50 : 0.3742    precision@1 : 0.1931    precision@2 : 0.1579    precision@3 : 0.1331    precision@4 : 0.1187    precision@5 : 0.1081    precision@10 : 0.079    precision@20 : 0.0536    precision@30 : 0.0414    precision@50 : 0.03    map@1 : 0.1931    map@2 : 0.1889    map@3 : 0.1898    map@4 : 0.1947    map@5 : 0.1991    map@10 : 0.2166    map@20 : 0.2283    map@30 : 0.2332    map@50 : 0.2383
Mon 16 Mar 2026 12:57:05 INFO  Saving current: saved/LightGCN-Mar-16-2026_12-57-03.pth
Mon 16 Mar 2026 12:57:05 INFO  epoch 2 training [time: 0.16s, train loss: 5.4901]
Mon 16 Mar 2026 12:57:06 INFO  epoch 2 evaluating [time: 0.22s, valid_score: 0.307900]
Mon 16 Mar 2026 12:57:06 INFO  valid result: 
recall@1 : 0.1243    recall@2 : 0.2045    recall@3 : 0.2604    recall@4 : 0.2997    recall@5 : 0.3311    recall@10 : 0.4524    recall@20 : 0.5829    recall@30 : 0.6595    recall@50 : 0.7541    ndcg@1 : 0.199    ndcg@2 : 0.2216    ndcg@3 : 0.2396    ndcg@4 : 0.253    ndcg@5 : 0.2648    ndcg@10 : 0.3079    ndcg@20 : 0.3458    ndcg@30 : 0.3662    ndcg@50 : 0.3891    precision@1 : 0.199    precision@2 : 0.1636    precision@3 : 0.1398    precision@4 : 0.1237    precision@5 : 0.1128    precision@10 : 0.0818    precision@20 : 0.0545    precision@30 : 0.0428    precision@50 : 0.0306    map@1 : 0.199    map@2 : 0.1964    map@3 : 0.2004    map@4 : 0.2051    map@5 : 0.2101    map@10 : 0.228    map@20 : 0.2401    map@30 : 0.2454    map@50 : 0.2504
Mon 16 Mar 2026 12:57:06 INFO  Saving current: saved/LightGCN-Mar-16-2026_12-57-03.pth
Mon 16 Mar 2026 12:57:06 INFO  epoch 3 training [time: 0.16s, train loss: 5.4205]
Mon 16 Mar 2026 12:57:06 INFO  epoch 3 evaluating [time: 0.22s, valid_score: 0.309700]
Mon 16 Mar 2026 12:57:06 INFO  valid result: 
recall@1 : 0.1243    recall@2 : 0.2035    recall@3 : 0.2638    recall@4 : 0.3007    recall@5 : 0.3386    recall@10 : 0.4568    recall@20 : 0.5897    recall@30 : 0.6645    recall@50 : 0.7611    ndcg@1 : 0.1973    ndcg@2 : 0.2197    ndcg@3 : 0.2405    ndcg@4 : 0.2535    ndcg@5 : 0.268    ndcg@10 : 0.3097    ndcg@20 : 0.3483    ndcg@30 : 0.368    ndcg@50 : 0.3914    precision@1 : 0.1973    precision@2 : 0.1615    precision@3 : 0.1406    precision@4 : 0.1246    precision@5 : 0.115    precision@10 : 0.0823    precision@20 : 0.0552    precision@30 : 0.0429    precision@50 : 0.0309    map@1 : 0.1973    map@2 : 0.1947    map@3 : 0.2009    map@4 : 0.2053    map@5 : 0.2119    map@10 : 0.2291    map@20 : 0.2415    map@30 : 0.2466    map@50 : 0.2517
Mon 16 Mar 2026 12:57:06 INFO  Saving current: saved/LightGCN-Mar-16-2026_12-57-03.pth
Mon 16 Mar 2026 12:57:06 INFO  epoch 4 training [time: 0.14s, train loss: 5.3124]
Mon 16 Mar 2026 12:57:06 INFO  epoch 4 evaluating [time: 0.22s, valid_score: 0.312000]
Mon 16 Mar 2026 12:57:06 INFO  valid result: 
recall@1 : 0.1273    recall@2 : 0.204    recall@3 : 0.2637    recall@4 : 0.3035    recall@5 : 0.3402    recall@10 : 0.46    recall@20 : 0.5896    recall@30 : 0.6668    recall@50 : 0.7627    ndcg@1 : 0.2002    ndcg@2 : 0.2207    ndcg@3 : 0.2416    ndcg@4 : 0.256    ndcg@5 : 0.2701    ndcg@10 : 0.312    ndcg@20 : 0.3499    ndcg@30 : 0.3703    ndcg@50 : 0.3934    precision@1 : 0.2002    precision@2 : 0.1615    precision@3 : 0.1408    precision@4 : 0.1253    precision@5 : 0.1159    precision@10 : 0.0824    precision@20 : 0.0552    precision@30 : 0.043    precision@50 : 0.0309    map@1 : 0.2002    map@2 : 0.1961    map@3 : 0.2023    map@4 : 0.2075    map@5 : 0.2139    map@10 : 0.2313    map@20 : 0.2434    map@30 : 0.2486    map@50 : 0.2537
Mon 16 Mar 2026 12:57:06 INFO  Saving current: saved/LightGCN-Mar-16-2026_12-57-03.pth
Mon 16 Mar 2026 12:57:07 INFO  epoch 5 training [time: 0.15s, train loss: 5.1581]
Mon 16 Mar 2026 12:57:07 INFO  epoch 5 evaluating [time: 0.22s, valid_score: 0.312000]
Mon 16 Mar 2026 12:57:07 INFO  valid result: 
recall@1 : 0.1283    recall@2 : 0.2031    recall@3 : 0.2655    recall@4 : 0.3007    recall@5 : 0.3366    recall@10 : 0.4592    recall@20 : 0.5904    recall@30 : 0.6671    recall@50 : 0.7605    ndcg@1 : 0.202    ndcg@2 : 0.2205    ndcg@3 : 0.2429    ndcg@4 : 0.2551    ndcg@5 : 0.2689    ndcg@10 : 0.312    ndcg@20 : 0.3504    ndcg@30 : 0.3707    ndcg@50 : 0.3932    precision@1 : 0.202    precision@2 : 0.1609    precision@3 : 0.1416    precision@4 : 0.1246    precision@5 : 0.1148    precision@10 : 0.0824    precision@20 : 0.0554    precision@30 : 0.0431    precision@50 : 0.0308    map@1 : 0.202    map@2 : 0.1959    map@3 : 0.2034    map@4 : 0.2073    map@5 : 0.2133    map@10 : 0.2314    map@20 : 0.2436    map@30 : 0.2489    map@50 : 0.2537
Mon 16 Mar 2026 12:57:07 INFO  Saving current: saved/LightGCN-Mar-16-2026_12-57-03.pth
Mon 16 Mar 2026 12:57:07 INFO  epoch 6 training [time: 0.15s, train loss: 4.9721]
Mon 16 Mar 2026 12:57:07 INFO  epoch 6 evaluating [time: 0.24s, valid_score: 0.311100]
Mon 16 Mar 2026 12:57:07 INFO  valid result: 
recall@1 : 0.1265    recall@2 : 0.2036    recall@3 : 0.265    recall@4 : 0.3012    recall@5 : 0.3364    recall@10 : 0.4584    recall@20 : 0.5907    recall@30 : 0.6669    recall@50 : 0.7602    ndcg@1 : 0.2002    ndcg@2 : 0.2203    ndcg@3 : 0.242    ndcg@4 : 0.2549    ndcg@5 : 0.2682    ndcg@10 : 0.3111    ndcg@20 : 0.3498    ndcg@30 : 0.37    ndcg@50 : 0.3925    precision@1 : 0.2002    precision@2 : 0.1615    precision@3 : 0.1412    precision@4 : 0.125    precision@5 : 0.1148    precision@10 : 0.0822    precision@20 : 0.0554    precision@30 : 0.0431    precision@50 : 0.0308    map@1 : 0.2002    map@2 : 0.1955    map@3 : 0.2024    map@4 : 0.2068    map@5 : 0.2126    map@10 : 0.2305    map@20 : 0.2428    map@30 : 0.2481    map@50 : 0.2529
Mon 16 Mar 2026 12:57:07 INFO  epoch 7 training [time: 0.15s, train loss: 4.7521]
Mon 16 Mar 2026 12:57:08 INFO  epoch 7 evaluating [time: 0.22s, valid_score: 0.311000]
Mon 16 Mar 2026 12:57:08 INFO  valid result: 
recall@1 : 0.1254    recall@2 : 0.2036    recall@3 : 0.2662    recall@4 : 0.3007    recall@5 : 0.3385    recall@10 : 0.4585    recall@20 : 0.5904    recall@30 : 0.6686    recall@50 : 0.7592    ndcg@1 : 0.2002    ndcg@2 : 0.2202    ndcg@3 : 0.2425    ndcg@4 : 0.2546    ndcg@5 : 0.2689    ndcg@10 : 0.311    ndcg@20 : 0.3495    ndcg@30 : 0.3702    ndcg@50 : 0.3921    precision@1 : 0.2002    precision@2 : 0.1618    precision@3 : 0.1422    precision@4 : 0.1251    precision@5 : 0.1153    precision@10 : 0.0823    precision@20 : 0.0554    precision@30 : 0.0432    precision@50 : 0.0308    map@1 : 0.2002    map@2 : 0.1952    map@3 : 0.2024    map@4 : 0.2063    map@5 : 0.2126    map@10 : 0.2301    map@20 : 0.2424    map@30 : 0.2477    map@50 : 0.2525
Mon 16 Mar 2026 12:57:08 INFO  epoch 8 training [time: 0.14s, train loss: 4.5220]
Mon 16 Mar 2026 12:57:08 INFO  epoch 8 evaluating [time: 0.23s, valid_score: 0.310200]
Mon 16 Mar 2026 12:57:08 INFO  valid result: 
recall@1 : 0.123    recall@2 : 0.2037    recall@3 : 0.2669    recall@4 : 0.3003    recall@5 : 0.3386    recall@10 : 0.4585    recall@20 : 0.5917    recall@30 : 0.6689    recall@50 : 0.7598    ndcg@1 : 0.1979    ndcg@2 : 0.2196    ndcg@3 : 0.2423    ndcg@4 : 0.2539    ndcg@5 : 0.2682    ndcg@10 : 0.3102    ndcg@20 : 0.349    ndcg@30 : 0.3695    ndcg@50 : 0.3915    precision@1 : 0.1979    precision@2 : 0.1621    precision@3 : 0.1432    precision@4 : 0.1254    precision@5 : 0.1154    precision@10 : 0.0822    precision@20 : 0.0554    precision@30 : 0.0432    precision@50 : 0.0308    map@1 : 0.1979    map@2 : 0.1941    map@3 : 0.2016    map@4 : 0.2052    map@5 : 0.2116    map@10 : 0.229    map@20 : 0.2414    map@30 : 0.2467    map@50 : 0.2515
Mon 16 Mar 2026 12:57:08 INFO  epoch 9 training [time: 0.15s, train loss: 4.2984]
Mon 16 Mar 2026 12:57:08 INFO  epoch 9 evaluating [time: 0.23s, valid_score: 0.310300]
Mon 16 Mar 2026 12:57:08 INFO  valid result: 
recall@1 : 0.123    recall@2 : 0.203    recall@3 : 0.2669    recall@4 : 0.3009    recall@5 : 0.3386    recall@10 : 0.4591    recall@20 : 0.5917    recall@30 : 0.6683    recall@50 : 0.7597    ndcg@1 : 0.1979    ndcg@2 : 0.219    ndcg@3 : 0.2422    ndcg@4 : 0.254    ndcg@5 : 0.2681    ndcg@10 : 0.3103    ndcg@20 : 0.3489    ndcg@30 : 0.3694    ndcg@50 : 0.3914    precision@1 : 0.1979    precision@2 : 0.1615    precision@3 : 0.1432    precision@4 : 0.1256    precision@5 : 0.1154    precision@10 : 0.0824    precision@20 : 0.0553    precision@30 : 0.0432    precision@50 : 0.0308    map@1 : 0.1979    map@2 : 0.1937    map@3 : 0.2015    map@4 : 0.2053    map@5 : 0.2115    map@10 : 0.229    map@20 : 0.2413    map@30 : 0.2466    map@50 : 0.2514
Mon 16 Mar 2026 12:57:08 INFO  epoch 10 training [time: 0.15s, train loss: 4.0974]
Mon 16 Mar 2026 12:57:09 INFO  epoch 10 evaluating [time: 0.22s, valid_score: 0.310400]
Mon 16 Mar 2026 12:57:09 INFO  valid result: 
recall@1 : 0.123    recall@2 : 0.203    recall@3 : 0.2669    recall@4 : 0.3009    recall@5 : 0.3386    recall@10 : 0.4591    recall@20 : 0.5915    recall@30 : 0.668    recall@50 : 0.7591    ndcg@1 : 0.1979    ndcg@2 : 0.219    ndcg@3 : 0.2422    ndcg@4 : 0.254    ndcg@5 : 0.2681    ndcg@10 : 0.3104    ndcg@20 : 0.3489    ndcg@30 : 0.3693    ndcg@50 : 0.3913    precision@1 : 0.1979    precision@2 : 0.1615    precision@3 : 0.1432    precision@4 : 0.1256    precision@5 : 0.1154    precision@10 : 0.0824    precision@20 : 0.0553    precision@30 : 0.0431    precision@50 : 0.0308    map@1 : 0.1979    map@2 : 0.1937    map@3 : 0.2015    map@4 : 0.2053    map@5 : 0.2115    map@10 : 0.2291    map@20 : 0.2413    map@30 : 0.2466    map@50 : 0.2514
Mon 16 Mar 2026 12:57:09 INFO  epoch 11 training [time: 0.14s, train loss: 3.9055]
Mon 16 Mar 2026 12:57:09 INFO  epoch 11 evaluating [time: 0.22s, valid_score: 0.310200]
Mon 16 Mar 2026 12:57:09 INFO  valid result: 
recall@1 : 0.123    recall@2 : 0.2028    recall@3 : 0.2666    recall@4 : 0.3009    recall@5 : 0.3391    recall@10 : 0.459    recall@20 : 0.5918    recall@30 : 0.6682    recall@50 : 0.7588    ndcg@1 : 0.1979    ndcg@2 : 0.2187    ndcg@3 : 0.242    ndcg@4 : 0.254    ndcg@5 : 0.2683    ndcg@10 : 0.3102    ndcg@20 : 0.3489    ndcg@30 : 0.3693    ndcg@50 : 0.3912    precision@1 : 0.1979    precision@2 : 0.1612    precision@3 : 0.143    precision@4 : 0.1256    precision@5 : 0.1156    precision@10 : 0.0822    precision@20 : 0.0553    precision@30 : 0.0431    precision@50 : 0.0308    map@1 : 0.1979    map@2 : 0.1935    map@3 : 0.2014    map@4 : 0.2052    map@5 : 0.2115    map@10 : 0.229    map@20 : 0.2413    map@30 : 0.2466    map@50 : 0.2513
Mon 16 Mar 2026 12:57:09 INFO  epoch 12 training [time: 0.16s, train loss: 3.7603]
Mon 16 Mar 2026 12:57:09 INFO  epoch 12 evaluating [time: 0.22s, valid_score: 0.310300]
Mon 16 Mar 2026 12:57:09 INFO  valid result: 
recall@1 : 0.123    recall@2 : 0.2028    recall@3 : 0.2666    recall@4 : 0.3009    recall@5 : 0.3391    recall@10 : 0.4591    recall@20 : 0.5917    recall@30 : 0.6674    recall@50 : 0.7584    ndcg@1 : 0.1979    ndcg@2 : 0.2187    ndcg@3 : 0.242    ndcg@4 : 0.254    ndcg@5 : 0.2683    ndcg@10 : 0.3103    ndcg@20 : 0.3488    ndcg@30 : 0.3692    ndcg@50 : 0.3911    precision@1 : 0.1979    precision@2 : 0.1612    precision@3 : 0.143    precision@4 : 0.1256    precision@5 : 0.1156    precision@10 : 0.0823    precision@20 : 0.0552    precision@30 : 0.0431    precision@50 : 0.0307    map@1 : 0.1979    map@2 : 0.1935    map@3 : 0.2014    map@4 : 0.2052    map@5 : 0.2115    map@10 : 0.229    map@20 : 0.2412    map@30 : 0.2466    map@50 : 0.2513
Mon 16 Mar 2026 12:57:10 INFO  epoch 13 training [time: 0.16s, train loss: 3.6233]
Mon 16 Mar 2026 12:57:10 INFO  epoch 13 evaluating [time: 0.22s, valid_score: 0.310300]
Mon 16 Mar 2026 12:57:10 INFO  valid result: 
recall@1 : 0.123    recall@2 : 0.2028    recall@3 : 0.2665    recall@4 : 0.3012    recall@5 : 0.3391    recall@10 : 0.4591    recall@20 : 0.5915    recall@30 : 0.666    recall@50 : 0.7591    ndcg@1 : 0.1979    ndcg@2 : 0.2187    ndcg@3 : 0.2418    ndcg@4 : 0.2541    ndcg@5 : 0.2683    ndcg@10 : 0.3103    ndcg@20 : 0.3487    ndcg@30 : 0.3688    ndcg@50 : 0.3912    precision@1 : 0.1979    precision@2 : 0.1612    precision@3 : 0.1428    precision@4 : 0.1257    precision@5 : 0.1156    precision@10 : 0.0824    precision@20 : 0.0552    precision@30 : 0.0431    precision@50 : 0.0307    map@1 : 0.1979    map@2 : 0.1935    map@3 : 0.2012    map@4 : 0.2052    map@5 : 0.2115    map@10 : 0.229    map@20 : 0.2412    map@30 : 0.2465    map@50 : 0.2513
Mon 16 Mar 2026 12:57:10 INFO  epoch 14 training [time: 0.16s, train loss: 3.5477]
Mon 16 Mar 2026 12:57:10 INFO  epoch 14 evaluating [time: 0.22s, valid_score: 0.310300]
Mon 16 Mar 2026 12:57:10 INFO  valid result: 
recall@1 : 0.123    recall@2 : 0.2028    recall@3 : 0.2665    recall@4 : 0.3014    recall@5 : 0.3388    recall@10 : 0.4591    recall@20 : 0.5909    recall@30 : 0.6664    recall@50 : 0.7592    ndcg@1 : 0.1979    ndcg@2 : 0.2187    ndcg@3 : 0.2418    ndcg@4 : 0.2542    ndcg@5 : 0.2681    ndcg@10 : 0.3103    ndcg@20 : 0.3485    ndcg@30 : 0.3689    ndcg@50 : 0.3912    precision@1 : 0.1979    precision@2 : 0.1612    precision@3 : 0.1428    precision@4 : 0.1259    precision@5 : 0.1155    precision@10 : 0.0824    precision@20 : 0.0551    precision@30 : 0.0431    precision@50 : 0.0307    map@1 : 0.1979    map@2 : 0.1935    map@3 : 0.2012    map@4 : 0.2053    map@5 : 0.2114    map@10 : 0.229    map@20 : 0.2411    map@30 : 0.2465    map@50 : 0.2513
Mon 16 Mar 2026 12:57:10 INFO  epoch 15 training [time: 0.14s, train loss: 3.4573]
Mon 16 Mar 2026 12:57:11 INFO  epoch 15 evaluating [time: 0.23s, valid_score: 0.310400]
Mon 16 Mar 2026 12:57:11 INFO  valid result: 
recall@1 : 0.123    recall@2 : 0.2028    recall@3 : 0.2666    recall@4 : 0.3014    recall@5 : 0.3385    recall@10 : 0.4594    recall@20 : 0.5905    recall@30 : 0.6669    recall@50 : 0.7568    ndcg@1 : 0.1979    ndcg@2 : 0.2187    ndcg@3 : 0.242    ndcg@4 : 0.2541    ndcg@5 : 0.268    ndcg@10 : 0.3104    ndcg@20 : 0.3485    ndcg@30 : 0.369    ndcg@50 : 0.3907    precision@1 : 0.1979    precision@2 : 0.1612    precision@3 : 0.143    precision@4 : 0.1257    precision@5 : 0.1154    precision@10 : 0.0825    precision@20 : 0.0551    precision@30 : 0.0431    precision@50 : 0.0307    map@1 : 0.1979    map@2 : 0.1935    map@3 : 0.2014    map@4 : 0.2052    map@5 : 0.2113    map@10 : 0.229    map@20 : 0.2411    map@30 : 0.2465    map@50 : 0.2512
Mon 16 Mar 2026 12:57:11 INFO  epoch 16 training [time: 0.16s, train loss: 3.4029]
Mon 16 Mar 2026 12:57:11 INFO  epoch 16 evaluating [time: 0.21s, valid_score: 0.310500]
Mon 16 Mar 2026 12:57:11 INFO  valid result: 
recall@1 : 0.123    recall@2 : 0.2029    recall@3 : 0.2666    recall@4 : 0.3013    recall@5 : 0.3385    recall@10 : 0.4594    recall@20 : 0.5911    recall@30 : 0.6685    recall@50 : 0.7564    ndcg@1 : 0.1979    ndcg@2 : 0.219    ndcg@3 : 0.242    ndcg@4 : 0.2542    ndcg@5 : 0.268    ndcg@10 : 0.3105    ndcg@20 : 0.3487    ndcg@30 : 0.3694    ndcg@50 : 0.3906    precision@1 : 0.1979    precision@2 : 0.1615    precision@3 : 0.143    precision@4 : 0.1257    precision@5 : 0.1154    precision@10 : 0.0825    precision@20 : 0.0552    precision@30 : 0.0432    precision@50 : 0.0307    map@1 : 0.1979    map@2 : 0.1937    map@3 : 0.2014    map@4 : 0.2053    map@5 : 0.2113    map@10 : 0.2291    map@20 : 0.2412    map@30 : 0.2466    map@50 : 0.2512
Mon 16 Mar 2026 12:57:11 INFO  Finished training, best eval result in epoch 5
Mon 16 Mar 2026 12:57:11 INFO  Loading model structure and parameters from saved/LightGCN-Mar-16-2026_12-57-03.pth
Mon 16 Mar 2026 12:57:11 INFO  best valid : OrderedDict([('recall@1', 0.1283), ('recall@2', 0.2031), ('recall@3', 0.2655), ('recall@4', 0.3007), ('recall@5', 0.3366), ('recall@10', 0.4592), ('recall@20', 0.5904), ('recall@30', 0.6671), ('recall@50', 0.7605), ('ndcg@1', 0.202), ('ndcg@2', 0.2205), ('ndcg@3', 0.2429), ('ndcg@4', 0.2551), ('ndcg@5', 0.2689), ('ndcg@10', 0.312), ('ndcg@20', 0.3504), ('ndcg@30', 0.3707), ('ndcg@50', 0.3932), ('precision@1', 0.202), ('precision@2', 0.1609), ('precision@3', 0.1416), ('precision@4', 0.1246), ('precision@5', 0.1148), ('precision@10', 0.0824), ('precision@20', 0.0554), ('precision@30', 0.0431), ('precision@50', 0.0308), ('map@1', 0.202), ('map@2', 0.1959), ('map@3', 0.2034), ('map@4', 0.2073), ('map@5', 0.2133), ('map@10', 0.2314), ('map@20', 0.2436), ('map@30', 0.2489), ('map@50', 0.2537)])
Mon 16 Mar 2026 12:57:11 INFO  test result: OrderedDict([('recall@1', 0.1424), ('recall@2', 0.2466), ('recall@3', 0.2874), ('recall@4', 0.3242), ('recall@5', 0.3623), ('recall@10', 0.4807), ('recall@20', 0.6172), ('recall@30', 0.7011), ('recall@50', 0.787), ('ndcg@1', 0.2306), ('ndcg@2', 0.2639), ('ndcg@3', 0.2739), ('ndcg@4', 0.2842), ('ndcg@5', 0.2969), ('ndcg@10', 0.3364), ('ndcg@20', 0.375), ('ndcg@30', 0.3967), ('ndcg@50', 0.4174), ('precision@1', 0.2306), ('precision@2', 0.1954), ('precision@3', 0.16), ('precision@4', 0.1372), ('precision@5', 0.1236), ('precision@10', 0.0861), ('precision@20', 0.057), ('precision@30', 0.0441), ('precision@50', 0.031), ('map@1', 0.2306), ('map@2', 0.2354), ('map@3', 0.2342), ('map@4', 0.2363), ('map@5', 0.2407), ('map@10', 0.2558), ('map@20', 0.2678), ('map@30', 0.2734), ('map@50', 0.2781)])
Mon 16 Mar 2026 12:57:11 INFO  training time: 6.8661s
Mon 16 Mar 2026 12:57:11 INFO  result file: results/again3/lightgcn_lightgcn_seed2022.json
