Sun 15 Mar 2026 16:12:10 INFO  
General Hyper Parameters:
gpu_id = 0
use_gpu = True
seed = 2025
state = INFO
reproducibility = True
data_path = ./travel
checkpoint_dir = saved
show_progress = True
save_dataset = False
dataset_save_path = None
save_dataloaders = False
dataloaders_save_path = None
log_wandb = False

Training Hyper Parameters:
epochs = 1000
train_batch_size = 100
learner = adam
learning_rate = 0.001
train_neg_sample_args = {'distribution': 'uniform', 'sample_num': 1, 'alpha': 1.0, 'dynamic': False, 'candidate_num': 0}
eval_step = 1
stopping_step = 20
clip_grad_norm = None
weight_decay = 0.0
loss_decimal_place = 4

Evaluation Hyper Parameters:
eval_args = {'split': {'RS': [0.8, 0.1, 0.1]}, 'order': 'RO', 'group_by': 'user', 'mode': {'valid': 'full', 'test': 'full'}}
repeatable = False
metrics = ['Recall', 'NDCG', 'Precision', 'MAP']
topk = [1, 2, 3, 4, 5, 10, 20, 30, 50]
valid_metric = NDCG@10
valid_metric_bigger = True
eval_batch_size = 100
metric_decimal_place = 4

Dataset Hyper Parameters:
field_separator = 	
seq_separator =  
USER_ID_FIELD = user_id
ITEM_ID_FIELD = item_id
RATING_FIELD = rating
TIME_FIELD = timestamp
seq_len = None
LABEL_FIELD = label
threshold = None
NEG_PREFIX = neg_
load_col = {'inter': ['user_id', 'item_id', 'rating'], 'user': ['user_id', 'post_num', 'follower', 'following', 'timestamp']}
unload_col = None
unused_col = None
additional_feat_suffix = None
rm_dup_inter = None
val_interval = {'rating': '[0,inf)'}
filter_inter_by_user_or_item = True
user_inter_num_interval = [0,inf)
item_inter_num_interval = [0,inf)
alias_of_user_id = None
alias_of_item_id = None
alias_of_entity_id = None
alias_of_relation_id = None
preload_weight = None
normalize_field = None
normalize_all = None
ITEM_LIST_LENGTH_FIELD = item_length
LIST_SUFFIX = _list
MAX_ITEM_LIST_LENGTH = 50
POSITION_FIELD = position_id
HEAD_ENTITY_ID_FIELD = head_id
TAIL_ENTITY_ID_FIELD = tail_id
RELATION_ID_FIELD = relation_id
ENTITY_ID_FIELD = entity_id
benchmark_filename = None

Other Hyper Parameters: 
worker = 0
wandb_project = recbole
shuffle = True
require_pow = False
enable_amp = False
enable_scaler = False
transform = None
embedding_size = 64
n_layers = 3
reg_weight = 0.0001
numerical_features = []
discretization = None
kg_reverse_r = False
entity_kg_num_interval = [0,inf)
relation_kg_num_interval = [0,inf)
MODEL_TYPE = ModelType.GENERAL
MODEL_INPUT_TYPE = InputType.PAIRWISE
eval_type = EvaluatorType.RANKING
single_spec = True
local_rank = 0
device = cuda
valid_neg_sample_args = {'distribution': 'uniform', 'sample_num': 'none'}
test_neg_sample_args = {'distribution': 'uniform', 'sample_num': 'none'}


Sun 15 Mar 2026 16:12:10 INFO  travel
The number of users: 2010
Average actions of users: 18.721254355400696
The number of items: 247
Average actions of items: 152.890243902439
The number of inters: 37611
The sparsity of the dataset: 92.42431566862047%
Remain Fields: ['user_id', 'item_id', 'rating', 'post_num', 'follower', 'following', 'timestamp']
Sun 15 Mar 2026 16:12:10 INFO  [Training]: train_batch_size = [100] train_neg_sample_args: [{'distribution': 'uniform', 'sample_num': 1, 'alpha': 1.0, 'dynamic': False, 'candidate_num': 0}]
Sun 15 Mar 2026 16:12:10 INFO  [Evaluation]: eval_batch_size = [100] eval_args: [{'split': {'RS': [0.8, 0.1, 0.1]}, 'order': 'RO', 'group_by': 'user', 'mode': {'valid': 'full', 'test': 'full'}}]
Sun 15 Mar 2026 16:12:12 INFO  LightGCN(
  (user_embedding): Embedding(2010, 64)
  (item_embedding): Embedding(247, 64)
  (mf_loss): BPRLoss()
  (reg_loss): EmbLoss()
)
Trainable parameters: 144448
Sun 15 Mar 2026 16:12:12 INFO  trainable parameters: 144448
Sun 15 Mar 2026 16:12:15 INFO  epoch 0 training [time: 2.54s, train loss: 156.4145]
Sun 15 Mar 2026 16:12:17 INFO  epoch 0 evaluating [time: 1.75s, valid_score: 0.306100]
Sun 15 Mar 2026 16:12:17 INFO  valid result: 
recall@1 : 0.1265    recall@2 : 0.2064    recall@3 : 0.2634    recall@4 : 0.2997    recall@5 : 0.3284    recall@10 : 0.4443    recall@20 : 0.5775    recall@30 : 0.6668    recall@50 : 0.764    ndcg@1 : 0.2014    ndcg@2 : 0.2233    ndcg@3 : 0.243    ndcg@4 : 0.2556    ndcg@5 : 0.2661    ndcg@10 : 0.3061    ndcg@20 : 0.3452    ndcg@30 : 0.3682    ndcg@50 : 0.3915    precision@1 : 0.2014    precision@2 : 0.1648    precision@3 : 0.1424    precision@4 : 0.1254    precision@5 : 0.1133    precision@10 : 0.0814    precision@20 : 0.055    precision@30 : 0.0434    precision@50 : 0.0311    map@1 : 0.2014    map@2 : 0.1983    map@3 : 0.2043    map@4 : 0.2085    map@5 : 0.213    map@10 : 0.2282    map@20 : 0.2407    map@30 : 0.2468    map@50 : 0.2517
Sun 15 Mar 2026 16:12:17 INFO  Saving current: saved/LightGCN-Mar-15-2026_16-12-12.pth
Sun 15 Mar 2026 16:12:19 INFO  epoch 1 training [time: 2.25s, train loss: 123.5643]
Sun 15 Mar 2026 16:12:21 INFO  epoch 1 evaluating [time: 1.61s, valid_score: 0.299700]
Sun 15 Mar 2026 16:12:21 INFO  valid result: 
recall@1 : 0.1082    recall@2 : 0.2045    recall@3 : 0.263    recall@4 : 0.3015    recall@5 : 0.3262    recall@10 : 0.4466    recall@20 : 0.5818    recall@30 : 0.6553    recall@50 : 0.7634    ndcg@1 : 0.1812    ndcg@2 : 0.2139    ndcg@3 : 0.2355    ndcg@4 : 0.2491    ndcg@5 : 0.2582    ndcg@10 : 0.2997    ndcg@20 : 0.3392    ndcg@30 : 0.3588    ndcg@50 : 0.3841    precision@1 : 0.1812    precision@2 : 0.1618    precision@3 : 0.1422    precision@4 : 0.126    precision@5 : 0.1132    precision@10 : 0.0819    precision@20 : 0.0556    precision@30 : 0.0431    precision@50 : 0.0311    map@1 : 0.1812    map@2 : 0.1873    map@3 : 0.1944    map@4 : 0.1994    map@5 : 0.2028    map@10 : 0.2188    map@20 : 0.2315    map@30 : 0.2369    map@50 : 0.2422
Sun 15 Mar 2026 16:12:23 INFO  epoch 2 training [time: 2.23s, train loss: 123.1392]
Sun 15 Mar 2026 16:12:25 INFO  epoch 2 evaluating [time: 1.62s, valid_score: 0.297100]
Sun 15 Mar 2026 16:12:25 INFO  valid result: 
recall@1 : 0.1072    recall@2 : 0.2017    recall@3 : 0.2599    recall@4 : 0.2926    recall@5 : 0.3269    recall@10 : 0.443    recall@20 : 0.5839    recall@30 : 0.6586    recall@50 : 0.7604    ndcg@1 : 0.1788    ndcg@2 : 0.2114    ndcg@3 : 0.233    ndcg@4 : 0.2439    ndcg@5 : 0.2568    ndcg@10 : 0.2971    ndcg@20 : 0.3381    ndcg@30 : 0.358    ndcg@50 : 0.3819    precision@1 : 0.1788    precision@2 : 0.16    precision@3 : 0.1406    precision@4 : 0.1229    precision@5 : 0.1131    precision@10 : 0.0819    precision@20 : 0.0559    precision@30 : 0.0434    precision@50 : 0.0311    map@1 : 0.1788    map@2 : 0.185    map@3 : 0.1924    map@4 : 0.1959    map@5 : 0.2014    map@10 : 0.2168    map@20 : 0.2299    map@30 : 0.2353    map@50 : 0.2403
Sun 15 Mar 2026 16:12:27 INFO  epoch 3 training [time: 2.25s, train loss: 121.0485]
Sun 15 Mar 2026 16:12:29 INFO  epoch 3 evaluating [time: 1.62s, valid_score: 0.296900]
Sun 15 Mar 2026 16:12:29 INFO  valid result: 
recall@1 : 0.1074    recall@2 : 0.2024    recall@3 : 0.26    recall@4 : 0.2968    recall@5 : 0.3268    recall@10 : 0.4406    recall@20 : 0.5817    recall@30 : 0.6541    recall@50 : 0.7585    ndcg@1 : 0.1788    ndcg@2 : 0.2126    ndcg@3 : 0.2332    ndcg@4 : 0.2463    ndcg@5 : 0.2572    ndcg@10 : 0.2969    ndcg@20 : 0.3382    ndcg@30 : 0.3574    ndcg@50 : 0.3818    precision@1 : 0.1788    precision@2 : 0.1615    precision@3 : 0.1406    precision@4 : 0.1249    precision@5 : 0.1131    precision@10 : 0.0817    precision@20 : 0.056    precision@30 : 0.0432    precision@50 : 0.0311    map@1 : 0.1788    map@2 : 0.1861    map@3 : 0.1927    map@4 : 0.1973    map@5 : 0.2017    map@10 : 0.217    map@20 : 0.2303    map@30 : 0.2356    map@50 : 0.2407
Sun 15 Mar 2026 16:12:31 INFO  epoch 4 training [time: 2.12s, train loss: 120.6795]
Sun 15 Mar 2026 16:12:32 INFO  epoch 4 evaluating [time: 1.62s, valid_score: 0.304300]
Sun 15 Mar 2026 16:12:32 INFO  valid result: 
recall@1 : 0.1255    recall@2 : 0.2045    recall@3 : 0.2617    recall@4 : 0.3009    recall@5 : 0.3252    recall@10 : 0.4405    recall@20 : 0.581    recall@30 : 0.6523    recall@50 : 0.7582    ndcg@1 : 0.1985    ndcg@2 : 0.2212    ndcg@3 : 0.2412    ndcg@4 : 0.255    ndcg@5 : 0.2637    ndcg@10 : 0.3043    ndcg@20 : 0.3453    ndcg@30 : 0.3642    ndcg@50 : 0.389    precision@1 : 0.1985    precision@2 : 0.1633    precision@3 : 0.1412    precision@4 : 0.1251    precision@5 : 0.1122    precision@10 : 0.082    precision@20 : 0.056    precision@30 : 0.0431    precision@50 : 0.0311    map@1 : 0.1985    map@2 : 0.1967    map@3 : 0.2028    map@4 : 0.2076    map@5 : 0.2109    map@10 : 0.2267    map@20 : 0.24    map@30 : 0.2452    map@50 : 0.2503
Sun 15 Mar 2026 16:12:35 INFO  epoch 5 training [time: 2.25s, train loss: 119.0420]
Sun 15 Mar 2026 16:12:36 INFO  epoch 5 evaluating [time: 1.61s, valid_score: 0.297500]
Sun 15 Mar 2026 16:12:36 INFO  valid result: 
recall@1 : 0.1085    recall@2 : 0.2047    recall@3 : 0.2619    recall@4 : 0.3009    recall@5 : 0.3276    recall@10 : 0.4394    recall@20 : 0.5819    recall@30 : 0.6529    recall@50 : 0.7487    ndcg@1 : 0.1806    ndcg@2 : 0.2149    ndcg@3 : 0.2351    ndcg@4 : 0.2491    ndcg@5 : 0.2589    ndcg@10 : 0.2975    ndcg@20 : 0.3391    ndcg@30 : 0.358    ndcg@50 : 0.3809    precision@1 : 0.1806    precision@2 : 0.1633    precision@3 : 0.1416    precision@4 : 0.1259    precision@5 : 0.1138    precision@10 : 0.0815    precision@20 : 0.0561    precision@30 : 0.0432    precision@50 : 0.0309    map@1 : 0.1806    map@2 : 0.1882    map@3 : 0.1944    map@4 : 0.1995    map@5 : 0.2033    map@10 : 0.218    map@20 : 0.2315    map@30 : 0.2367    map@50 : 0.2416
Sun 15 Mar 2026 16:12:38 INFO  epoch 6 training [time: 2.23s, train loss: 118.2853]
Sun 15 Mar 2026 16:12:40 INFO  epoch 6 evaluating [time: 1.62s, valid_score: 0.299400]
Sun 15 Mar 2026 16:12:40 INFO  valid result: 
recall@1 : 0.1103    recall@2 : 0.2046    recall@3 : 0.2614    recall@4 : 0.3002    recall@5 : 0.3272    recall@10 : 0.4432    recall@20 : 0.5801    recall@30 : 0.654    recall@50 : 0.7481    ndcg@1 : 0.1824    ndcg@2 : 0.2153    ndcg@3 : 0.2358    ndcg@4 : 0.2493    ndcg@5 : 0.2594    ndcg@10 : 0.2994    ndcg@20 : 0.3394    ndcg@30 : 0.359    ndcg@50 : 0.3815    precision@1 : 0.1824    precision@2 : 0.163    precision@3 : 0.1418    precision@4 : 0.1256    precision@5 : 0.1138    precision@10 : 0.0822    precision@20 : 0.056    precision@30 : 0.0433    precision@50 : 0.0309    map@1 : 0.1824    map@2 : 0.1888    map@3 : 0.1953    map@4 : 0.2001    map@5 : 0.2041    map@10 : 0.2195    map@20 : 0.2323    map@30 : 0.2377    map@50 : 0.2425
Sun 15 Mar 2026 16:12:42 INFO  epoch 7 training [time: 2.22s, train loss: 116.3209]
Sun 15 Mar 2026 16:12:44 INFO  epoch 7 evaluating [time: 1.62s, valid_score: 0.298100]
Sun 15 Mar 2026 16:12:44 INFO  valid result: 
recall@1 : 0.1076    recall@2 : 0.2043    recall@3 : 0.2616    recall@4 : 0.2983    recall@5 : 0.3279    recall@10 : 0.4426    recall@20 : 0.5841    recall@30 : 0.6537    recall@50 : 0.7508    ndcg@1 : 0.1794    ndcg@2 : 0.2141    ndcg@3 : 0.2345    ndcg@4 : 0.2472    ndcg@5 : 0.2585    ndcg@10 : 0.2981    ndcg@20 : 0.3396    ndcg@30 : 0.3581    ndcg@50 : 0.3813    precision@1 : 0.1794    precision@2 : 0.1627    precision@3 : 0.1414    precision@4 : 0.1247    precision@5 : 0.1139    precision@10 : 0.082    precision@20 : 0.0565    precision@30 : 0.0434    precision@50 : 0.0311    map@1 : 0.1794    map@2 : 0.1873    map@3 : 0.1936    map@4 : 0.1982    map@5 : 0.2028    map@10 : 0.2179    map@20 : 0.2314    map@30 : 0.2365    map@50 : 0.2414
Sun 15 Mar 2026 16:12:46 INFO  epoch 8 training [time: 2.17s, train loss: 117.4142]
Sun 15 Mar 2026 16:12:48 INFO  epoch 8 evaluating [time: 1.62s, valid_score: 0.297700]
Sun 15 Mar 2026 16:12:48 INFO  valid result: 
recall@1 : 0.1081    recall@2 : 0.2047    recall@3 : 0.263    recall@4 : 0.2994    recall@5 : 0.3291    recall@10 : 0.4391    recall@20 : 0.584    recall@30 : 0.6595    recall@50 : 0.7525    ndcg@1 : 0.1818    ndcg@2 : 0.2151    ndcg@3 : 0.2364    ndcg@4 : 0.2485    ndcg@5 : 0.2598    ndcg@10 : 0.2977    ndcg@20 : 0.3402    ndcg@30 : 0.3602    ndcg@50 : 0.3825    precision@1 : 0.1818    precision@2 : 0.1633    precision@3 : 0.1432    precision@4 : 0.1254    precision@5 : 0.1148    precision@10 : 0.0814    precision@20 : 0.0564    precision@30 : 0.0438    precision@50 : 0.0311    map@1 : 0.1818    map@2 : 0.1882    map@3 : 0.1951    map@4 : 0.1992    map@5 : 0.2037    map@10 : 0.2181    map@20 : 0.232    map@30 : 0.2375    map@50 : 0.2423
Sun 15 Mar 2026 16:12:50 INFO  epoch 9 training [time: 2.12s, train loss: 115.9481]
Sun 15 Mar 2026 16:12:51 INFO  epoch 9 evaluating [time: 1.61s, valid_score: 0.299200]
Sun 15 Mar 2026 16:12:51 INFO  valid result: 
recall@1 : 0.1108    recall@2 : 0.2052    recall@3 : 0.2627    recall@4 : 0.3002    recall@5 : 0.3261    recall@10 : 0.4404    recall@20 : 0.5864    recall@30 : 0.6676    recall@50 : 0.7542    ndcg@1 : 0.1841    ndcg@2 : 0.2163    ndcg@3 : 0.2372    ndcg@4 : 0.25    ndcg@5 : 0.2597    ndcg@10 : 0.2992    ndcg@20 : 0.3423    ndcg@30 : 0.3637    ndcg@50 : 0.3844    precision@1 : 0.1841    precision@2 : 0.1636    precision@3 : 0.1432    precision@4 : 0.1259    precision@5 : 0.1142    precision@10 : 0.0817    precision@20 : 0.0569    precision@30 : 0.0444    precision@50 : 0.0312    map@1 : 0.1841    map@2 : 0.1897    map@3 : 0.1963    map@4 : 0.2008    map@5 : 0.2045    map@10 : 0.2198    map@20 : 0.234    map@30 : 0.2397    map@50 : 0.2443
Sun 15 Mar 2026 16:12:54 INFO  epoch 10 training [time: 2.14s, train loss: 114.5794]
Sun 15 Mar 2026 16:12:55 INFO  epoch 10 evaluating [time: 1.61s, valid_score: 0.299900]
Sun 15 Mar 2026 16:12:55 INFO  valid result: 
recall@1 : 0.1098    recall@2 : 0.2069    recall@3 : 0.2641    recall@4 : 0.3052    recall@5 : 0.3289    recall@10 : 0.4401    recall@20 : 0.5906    recall@30 : 0.671    recall@50 : 0.7613    ndcg@1 : 0.1847    ndcg@2 : 0.2185    ndcg@3 : 0.2386    ndcg@4 : 0.253    ndcg@5 : 0.2615    ndcg@10 : 0.2999    ndcg@20 : 0.3443    ndcg@30 : 0.3656    ndcg@50 : 0.3868    precision@1 : 0.1847    precision@2 : 0.1663    precision@3 : 0.1446    precision@4 : 0.1289    precision@5 : 0.1154    precision@10 : 0.082    precision@20 : 0.0576    precision@30 : 0.0448    precision@50 : 0.0314    map@1 : 0.1847    map@2 : 0.1912    map@3 : 0.1975    map@4 : 0.2025    map@5 : 0.2057    map@10 : 0.2205    map@20 : 0.2352    map@30 : 0.2409    map@50 : 0.2455
Sun 15 Mar 2026 16:12:57 INFO  epoch 11 training [time: 2.22s, train loss: 112.5189]
Sun 15 Mar 2026 16:12:59 INFO  epoch 11 evaluating [time: 1.62s, valid_score: 0.305100]
Sun 15 Mar 2026 16:12:59 INFO  valid result: 
recall@1 : 0.1175    recall@2 : 0.2079    recall@3 : 0.2665    recall@4 : 0.3032    recall@5 : 0.3313    recall@10 : 0.4461    recall@20 : 0.5975    recall@30 : 0.6802    recall@50 : 0.7748    ndcg@1 : 0.1931    ndcg@2 : 0.2225    ndcg@3 : 0.2427    ndcg@4 : 0.2552    ndcg@5 : 0.2657    ndcg@10 : 0.3051    ndcg@20 : 0.3497    ndcg@30 : 0.3716    ndcg@50 : 0.3935    precision@1 : 0.1931    precision@2 : 0.1675    precision@3 : 0.1456    precision@4 : 0.128    precision@5 : 0.1163    precision@10 : 0.0829    precision@20 : 0.0582    precision@30 : 0.0455    precision@50 : 0.0318    map@1 : 0.1931    map@2 : 0.1955    map@3 : 0.2019    map@4 : 0.206    map@5 : 0.2103    map@10 : 0.2254    map@20 : 0.2402    map@30 : 0.2461    map@50 : 0.2508
Sun 15 Mar 2026 16:13:01 INFO  epoch 12 training [time: 2.15s, train loss: 109.5504]
Sun 15 Mar 2026 16:13:03 INFO  epoch 12 evaluating [time: 1.61s, valid_score: 0.312400]
Sun 15 Mar 2026 16:13:03 INFO  valid result: 
recall@1 : 0.1332    recall@2 : 0.2074    recall@3 : 0.2675    recall@4 : 0.3035    recall@5 : 0.3327    recall@10 : 0.4488    recall@20 : 0.5998    recall@30 : 0.6833    recall@50 : 0.7758    ndcg@1 : 0.2104    ndcg@2 : 0.228    ndcg@3 : 0.2492    ndcg@4 : 0.2614    ndcg@5 : 0.2724    ndcg@10 : 0.3124    ndcg@20 : 0.3568    ndcg@30 : 0.3792    ndcg@50 : 0.4007    precision@1 : 0.2104    precision@2 : 0.1672    precision@3 : 0.1464    precision@4 : 0.1284    precision@5 : 0.1169    precision@10 : 0.0838    precision@20 : 0.0584    precision@30 : 0.0459    precision@50 : 0.032    map@1 : 0.2104    map@2 : 0.2031    map@3 : 0.2098    map@4 : 0.2137    map@5 : 0.2183    map@10 : 0.234    map@20 : 0.2488    map@30 : 0.255    map@50 : 0.2597
Sun 15 Mar 2026 16:13:03 INFO  Saving current: saved/LightGCN-Mar-15-2026_16-12-12.pth
Sun 15 Mar 2026 16:13:05 INFO  epoch 13 training [time: 2.23s, train loss: 108.0443]
Sun 15 Mar 2026 16:13:07 INFO  epoch 13 evaluating [time: 1.62s, valid_score: 0.307900]
Sun 15 Mar 2026 16:13:07 INFO  valid result: 
recall@1 : 0.1183    recall@2 : 0.2087    recall@3 : 0.2674    recall@4 : 0.3028    recall@5 : 0.3336    recall@10 : 0.4497    recall@20 : 0.6047    recall@30 : 0.6879    recall@50 : 0.78    ndcg@1 : 0.1943    ndcg@2 : 0.2231    ndcg@3 : 0.244    ndcg@4 : 0.2559    ndcg@5 : 0.2672    ndcg@10 : 0.3079    ndcg@20 : 0.3536    ndcg@30 : 0.3756    ndcg@50 : 0.397    precision@1 : 0.1943    precision@2 : 0.1678    precision@3 : 0.1468    precision@4 : 0.1287    precision@5 : 0.117    precision@10 : 0.0846    precision@20 : 0.0593    precision@30 : 0.0463    precision@50 : 0.0323    map@1 : 0.1943    map@2 : 0.1965    map@3 : 0.2029    map@4 : 0.2065    map@5 : 0.2114    map@10 : 0.2275    map@20 : 0.243    map@30 : 0.2491    map@50 : 0.2537
Sun 15 Mar 2026 16:13:09 INFO  epoch 14 training [time: 2.16s, train loss: 106.3591]
Sun 15 Mar 2026 16:13:10 INFO  epoch 14 evaluating [time: 1.62s, valid_score: 0.314200]
Sun 15 Mar 2026 16:13:10 INFO  valid result: 
recall@1 : 0.1294    recall@2 : 0.2089    recall@3 : 0.2617    recall@4 : 0.3017    recall@5 : 0.3364    recall@10 : 0.4557    recall@20 : 0.6073    recall@30 : 0.6915    recall@50 : 0.789    ndcg@1 : 0.208    ndcg@2 : 0.2267    ndcg@3 : 0.2448    ndcg@4 : 0.2592    ndcg@5 : 0.2718    ndcg@10 : 0.3142    ndcg@20 : 0.3588    ndcg@30 : 0.3808    ndcg@50 : 0.4035    precision@1 : 0.208    precision@2 : 0.1666    precision@3 : 0.1444    precision@4 : 0.1287    precision@5 : 0.117    precision@10 : 0.0861    precision@20 : 0.0598    precision@30 : 0.0464    precision@50 : 0.0327    map@1 : 0.208    map@2 : 0.2016    map@3 : 0.2056    map@4 : 0.2111    map@5 : 0.2167    map@10 : 0.234    map@20 : 0.249    map@30 : 0.255    map@50 : 0.2599
Sun 15 Mar 2026 16:13:10 INFO  Saving current: saved/LightGCN-Mar-15-2026_16-12-12.pth
Sun 15 Mar 2026 16:13:13 INFO  epoch 15 training [time: 2.22s, train loss: 103.1279]
Sun 15 Mar 2026 16:13:14 INFO  epoch 15 evaluating [time: 1.61s, valid_score: 0.313900]
Sun 15 Mar 2026 16:13:14 INFO  valid result: 
recall@1 : 0.1289    recall@2 : 0.2092    recall@3 : 0.2619    recall@4 : 0.302    recall@5 : 0.337    recall@10 : 0.4539    recall@20 : 0.6094    recall@30 : 0.6903    recall@50 : 0.7938    ndcg@1 : 0.205    ndcg@2 : 0.2263    ndcg@3 : 0.2445    ndcg@4 : 0.2589    ndcg@5 : 0.2719    ndcg@10 : 0.3139    ndcg@20 : 0.3594    ndcg@30 : 0.3806    ndcg@50 : 0.4045    precision@1 : 0.205    precision@2 : 0.1672    precision@3 : 0.1444    precision@4 : 0.1287    precision@5 : 0.1175    precision@10 : 0.0865    precision@20 : 0.06    precision@30 : 0.0464    precision@50 : 0.0328    map@1 : 0.205    map@2 : 0.201    map@3 : 0.2052    map@4 : 0.2109    map@5 : 0.2168    map@10 : 0.2342    map@20 : 0.2495    map@30 : 0.2553    map@50 : 0.2604
Sun 15 Mar 2026 16:13:16 INFO  epoch 16 training [time: 2.23s, train loss: 101.7635]
Sun 15 Mar 2026 16:13:18 INFO  epoch 16 evaluating [time: 1.61s, valid_score: 0.313100]
Sun 15 Mar 2026 16:13:18 INFO  valid result: 
recall@1 : 0.1286    recall@2 : 0.2078    recall@3 : 0.2617    recall@4 : 0.3018    recall@5 : 0.3337    recall@10 : 0.4526    recall@20 : 0.6096    recall@30 : 0.6911    recall@50 : 0.7929    ndcg@1 : 0.2026    ndcg@2 : 0.2256    ndcg@3 : 0.2435    ndcg@4 : 0.2587    ndcg@5 : 0.27    ndcg@10 : 0.3131    ndcg@20 : 0.3589    ndcg@30 : 0.3804    ndcg@50 : 0.4039    precision@1 : 0.2026    precision@2 : 0.1672    precision@3 : 0.1436    precision@4 : 0.1295    precision@5 : 0.1164    precision@10 : 0.0865    precision@20 : 0.0599    precision@30 : 0.0465    precision@50 : 0.0327    map@1 : 0.2026    map@2 : 0.2002    map@3 : 0.2039    map@4 : 0.2104    map@5 : 0.2151    map@10 : 0.2336    map@20 : 0.2489    map@30 : 0.2549    map@50 : 0.26
Sun 15 Mar 2026 16:13:20 INFO  epoch 17 training [time: 2.13s, train loss: 101.0794]
Sun 15 Mar 2026 16:13:22 INFO  epoch 17 evaluating [time: 1.61s, valid_score: 0.313000]
Sun 15 Mar 2026 16:13:22 INFO  valid result: 
recall@1 : 0.125    recall@2 : 0.2061    recall@3 : 0.2602    recall@4 : 0.3022    recall@5 : 0.3347    recall@10 : 0.4562    recall@20 : 0.6087    recall@30 : 0.692    recall@50 : 0.7921    ndcg@1 : 0.2026    ndcg@2 : 0.2231    ndcg@3 : 0.2421    ndcg@4 : 0.2575    ndcg@5 : 0.2692    ndcg@10 : 0.313    ndcg@20 : 0.3576    ndcg@30 : 0.3794    ndcg@50 : 0.4028    precision@1 : 0.2026    precision@2 : 0.1651    precision@3 : 0.144    precision@4 : 0.1295    precision@5 : 0.1172    precision@10 : 0.0872    precision@20 : 0.0598    precision@30 : 0.0465    precision@50 : 0.0328    map@1 : 0.2026    map@2 : 0.1974    map@3 : 0.2018    map@4 : 0.2082    map@5 : 0.2132    map@10 : 0.2319    map@20 : 0.2469    map@30 : 0.253    map@50 : 0.2581
Sun 15 Mar 2026 16:13:24 INFO  epoch 18 training [time: 2.08s, train loss: 99.6760]
Sun 15 Mar 2026 16:13:26 INFO  epoch 18 evaluating [time: 1.61s, valid_score: 0.311700]
Sun 15 Mar 2026 16:13:26 INFO  valid result: 
recall@1 : 0.1163    recall@2 : 0.2084    recall@3 : 0.2636    recall@4 : 0.3067    recall@5 : 0.3363    recall@10 : 0.4585    recall@20 : 0.6127    recall@30 : 0.6936    recall@50 : 0.794    ndcg@1 : 0.1961    ndcg@2 : 0.2237    ndcg@3 : 0.2418    ndcg@4 : 0.2574    ndcg@5 : 0.2682    ndcg@10 : 0.3117    ndcg@20 : 0.3568    ndcg@30 : 0.3778    ndcg@50 : 0.4015    precision@1 : 0.1961    precision@2 : 0.1692    precision@3 : 0.1462    precision@4 : 0.1313    precision@5 : 0.1187    precision@10 : 0.0875    precision@20 : 0.0603    precision@30 : 0.0466    precision@50 : 0.0329    map@1 : 0.1961    map@2 : 0.1959    map@3 : 0.1999    map@4 : 0.206    map@5 : 0.2104    map@10 : 0.229    map@20 : 0.2441    map@30 : 0.25    map@50 : 0.2551
Sun 15 Mar 2026 16:13:27 INFO  epoch 19 training [time: 1.85s, train loss: 97.2781]
Sun 15 Mar 2026 16:13:29 INFO  epoch 19 evaluating [time: 1.62s, valid_score: 0.313000]
Sun 15 Mar 2026 16:13:29 INFO  valid result: 
recall@1 : 0.1164    recall@2 : 0.2106    recall@3 : 0.2615    recall@4 : 0.3058    recall@5 : 0.3366    recall@10 : 0.4607    recall@20 : 0.6137    recall@30 : 0.6925    recall@50 : 0.7932    ndcg@1 : 0.1985    ndcg@2 : 0.2262    ndcg@3 : 0.2421    ndcg@4 : 0.2579    ndcg@5 : 0.2691    ndcg@10 : 0.313    ndcg@20 : 0.3578    ndcg@30 : 0.3785    ndcg@50 : 0.4022    precision@1 : 0.1985    precision@2 : 0.1713    precision@3 : 0.1468    precision@4 : 0.132    precision@5 : 0.1193    precision@10 : 0.0877    precision@20 : 0.0604    precision@30 : 0.0467    precision@50 : 0.033    map@1 : 0.1985    map@2 : 0.198    map@3 : 0.2002    map@4 : 0.2062    map@5 : 0.211    map@10 : 0.2297    map@20 : 0.2447    map@30 : 0.2505    map@50 : 0.2557
Sun 15 Mar 2026 16:13:31 INFO  epoch 20 training [time: 1.96s, train loss: 97.6046]
Sun 15 Mar 2026 16:13:33 INFO  epoch 20 evaluating [time: 1.61s, valid_score: 0.314300]
Sun 15 Mar 2026 16:13:33 INFO  valid result: 
recall@1 : 0.121    recall@2 : 0.2099    recall@3 : 0.2623    recall@4 : 0.3102    recall@5 : 0.3375    recall@10 : 0.4587    recall@20 : 0.6147    recall@30 : 0.6908    recall@50 : 0.7972    ndcg@1 : 0.2014    ndcg@2 : 0.2266    ndcg@3 : 0.2439    ndcg@4 : 0.2615    ndcg@5 : 0.2716    ndcg@10 : 0.3143    ndcg@20 : 0.3602    ndcg@30 : 0.3803    ndcg@50 : 0.4051    precision@1 : 0.2014    precision@2 : 0.1704    precision@3 : 0.1472    precision@4 : 0.1339    precision@5 : 0.1207    precision@10 : 0.0873    precision@20 : 0.0606    precision@30 : 0.0466    precision@50 : 0.0331    map@1 : 0.2014    map@2 : 0.1986    map@3 : 0.2022    map@4 : 0.2095    map@5 : 0.214    map@10 : 0.2321    map@20 : 0.2475    map@30 : 0.2533    map@50 : 0.2586
Sun 15 Mar 2026 16:13:33 INFO  Saving current: saved/LightGCN-Mar-15-2026_16-12-12.pth
Sun 15 Mar 2026 16:13:35 INFO  epoch 21 training [time: 2.19s, train loss: 94.7994]
Sun 15 Mar 2026 16:13:36 INFO  epoch 21 evaluating [time: 1.61s, valid_score: 0.316300]
Sun 15 Mar 2026 16:13:36 INFO  valid result: 
recall@1 : 0.1299    recall@2 : 0.2048    recall@3 : 0.258    recall@4 : 0.3075    recall@5 : 0.3379    recall@10 : 0.4567    recall@20 : 0.615    recall@30 : 0.6947    recall@50 : 0.7959    ndcg@1 : 0.2116    ndcg@2 : 0.2267    ndcg@3 : 0.245    ndcg@4 : 0.2633    ndcg@5 : 0.2746    ndcg@10 : 0.3163    ndcg@20 : 0.3629    ndcg@30 : 0.3837    ndcg@50 : 0.4075    precision@1 : 0.2116    precision@2 : 0.1681    precision@3 : 0.1468    precision@4 : 0.1341    precision@5 : 0.1218    precision@10 : 0.0875    precision@20 : 0.0609    precision@30 : 0.0469    precision@50 : 0.0331    map@1 : 0.2116    map@2 : 0.2005    map@3 : 0.2048    map@4 : 0.2127    map@5 : 0.2177    map@10 : 0.2353    map@20 : 0.2511    map@30 : 0.2569    map@50 : 0.2621
Sun 15 Mar 2026 16:13:36 INFO  Saving current: saved/LightGCN-Mar-15-2026_16-12-12.pth
Sun 15 Mar 2026 16:13:39 INFO  epoch 22 training [time: 2.24s, train loss: 92.7759]
Sun 15 Mar 2026 16:13:40 INFO  epoch 22 evaluating [time: 1.61s, valid_score: 0.316400]
Sun 15 Mar 2026 16:13:40 INFO  valid result: 
recall@1 : 0.1279    recall@2 : 0.2025    recall@3 : 0.2554    recall@4 : 0.305    recall@5 : 0.3353    recall@10 : 0.4619    recall@20 : 0.6176    recall@30 : 0.6985    recall@50 : 0.7974    ndcg@1 : 0.2092    ndcg@2 : 0.2251    ndcg@3 : 0.2428    ndcg@4 : 0.261    ndcg@5 : 0.2722    ndcg@10 : 0.3164    ndcg@20 : 0.3621    ndcg@30 : 0.3832    ndcg@50 : 0.4065    precision@1 : 0.2092    precision@2 : 0.1678    precision@3 : 0.1462    precision@4 : 0.1336    precision@5 : 0.121    precision@10 : 0.0881    precision@20 : 0.0611    precision@30 : 0.0472    precision@50 : 0.0332    map@1 : 0.2092    map@2 : 0.1995    map@3 : 0.2029    map@4 : 0.2106    map@5 : 0.2154    map@10 : 0.2342    map@20 : 0.2494    map@30 : 0.2554    map@50 : 0.2605
Sun 15 Mar 2026 16:13:40 INFO  Saving current: saved/LightGCN-Mar-15-2026_16-12-12.pth
Sun 15 Mar 2026 16:13:42 INFO  epoch 23 training [time: 2.10s, train loss: 92.9298]
Sun 15 Mar 2026 16:13:44 INFO  epoch 23 evaluating [time: 1.62s, valid_score: 0.318200]
Sun 15 Mar 2026 16:13:44 INFO  valid result: 
recall@1 : 0.1288    recall@2 : 0.2043    recall@3 : 0.2556    recall@4 : 0.3066    recall@5 : 0.3357    recall@10 : 0.4642    recall@20 : 0.6186    recall@30 : 0.6997    recall@50 : 0.8001    ndcg@1 : 0.2098    ndcg@2 : 0.2269    ndcg@3 : 0.2434    ndcg@4 : 0.2625    ndcg@5 : 0.2733    ndcg@10 : 0.3182    ndcg@20 : 0.3637    ndcg@30 : 0.3851    ndcg@50 : 0.4087    precision@1 : 0.2098    precision@2 : 0.1695    precision@3 : 0.1464    precision@4 : 0.1347    precision@5 : 0.1218    precision@10 : 0.0883    precision@20 : 0.0612    precision@30 : 0.0474    precision@50 : 0.0334    map@1 : 0.2098    map@2 : 0.2002    map@3 : 0.2034    map@4 : 0.2117    map@5 : 0.2162    map@10 : 0.2354    map@20 : 0.2509    map@30 : 0.2569    map@50 : 0.2621
Sun 15 Mar 2026 16:13:44 INFO  Saving current: saved/LightGCN-Mar-15-2026_16-12-12.pth
Sun 15 Mar 2026 16:13:46 INFO  epoch 24 training [time: 2.04s, train loss: 90.9207]
Sun 15 Mar 2026 16:13:48 INFO  epoch 24 evaluating [time: 1.76s, valid_score: 0.315600]
Sun 15 Mar 2026 16:13:48 INFO  valid result: 
recall@1 : 0.1239    recall@2 : 0.2044    recall@3 : 0.2579    recall@4 : 0.3055    recall@5 : 0.3373    recall@10 : 0.4603    recall@20 : 0.6166    recall@30 : 0.7006    recall@50 : 0.8044    ndcg@1 : 0.2056    ndcg@2 : 0.2262    ndcg@3 : 0.2433    ndcg@4 : 0.2611    ndcg@5 : 0.2725    ndcg@10 : 0.3156    ndcg@20 : 0.3618    ndcg@30 : 0.3839    ndcg@50 : 0.4082    precision@1 : 0.2056    precision@2 : 0.1707    precision@3 : 0.1482    precision@4 : 0.1357    precision@5 : 0.1223    precision@10 : 0.088    precision@20 : 0.0611    precision@30 : 0.0474    precision@50 : 0.0335    map@1 : 0.2056    map@2 : 0.1989    map@3 : 0.2021    map@4 : 0.2098    map@5 : 0.2146    map@10 : 0.2331    map@20 : 0.2487    map@30 : 0.255    map@50 : 0.2603
Sun 15 Mar 2026 16:13:50 INFO  epoch 25 training [time: 1.93s, train loss: 89.5097]
Sun 15 Mar 2026 16:13:51 INFO  epoch 25 evaluating [time: 1.60s, valid_score: 0.314600]
Sun 15 Mar 2026 16:13:51 INFO  valid result: 
recall@1 : 0.1196    recall@2 : 0.2069    recall@3 : 0.2547    recall@4 : 0.305    recall@5 : 0.3347    recall@10 : 0.4609    recall@20 : 0.6142    recall@30 : 0.7019    recall@50 : 0.804    ndcg@1 : 0.202    ndcg@2 : 0.2262    ndcg@3 : 0.2407    ndcg@4 : 0.2595    ndcg@5 : 0.2699    ndcg@10 : 0.3146    ndcg@20 : 0.3599    ndcg@30 : 0.3828    ndcg@50 : 0.4068    precision@1 : 0.202    precision@2 : 0.1722    precision@3 : 0.1474    precision@4 : 0.1356    precision@5 : 0.1215    precision@10 : 0.0885    precision@20 : 0.061    precision@30 : 0.0476    precision@50 : 0.0336    map@1 : 0.202    map@2 : 0.1979    map@3 : 0.1994    map@4 : 0.2078    map@5 : 0.2118    map@10 : 0.2313    map@20 : 0.2466    map@30 : 0.2531    map@50 : 0.2584
Sun 15 Mar 2026 16:13:53 INFO  epoch 26 training [time: 2.11s, train loss: 88.6863]
Sun 15 Mar 2026 16:13:55 INFO  epoch 26 evaluating [time: 1.61s, valid_score: 0.319900]
Sun 15 Mar 2026 16:13:55 INFO  valid result: 
recall@1 : 0.126    recall@2 : 0.2103    recall@3 : 0.2572    recall@4 : 0.3094    recall@5 : 0.3364    recall@10 : 0.4661    recall@20 : 0.6177    recall@30 : 0.7022    recall@50 : 0.8024    ndcg@1 : 0.2086    ndcg@2 : 0.2324    ndcg@3 : 0.2453    ndcg@4 : 0.2649    ndcg@5 : 0.2743    ndcg@10 : 0.3199    ndcg@20 : 0.3645    ndcg@30 : 0.3868    ndcg@50 : 0.4104    precision@1 : 0.2086    precision@2 : 0.1767    precision@3 : 0.1492    precision@4 : 0.1374    precision@5 : 0.1226    precision@10 : 0.0893    precision@20 : 0.0613    precision@30 : 0.0477    precision@50 : 0.0336    map@1 : 0.2086    map@2 : 0.2043    map@3 : 0.2044    map@4 : 0.2131    map@5 : 0.2167    map@10 : 0.2366    map@20 : 0.2516    map@30 : 0.258    map@50 : 0.2633
Sun 15 Mar 2026 16:13:55 INFO  Saving current: saved/LightGCN-Mar-15-2026_16-12-12.pth
Sun 15 Mar 2026 16:13:57 INFO  epoch 27 training [time: 2.20s, train loss: 85.9585]
Sun 15 Mar 2026 16:13:59 INFO  epoch 27 evaluating [time: 1.61s, valid_score: 0.322200]
Sun 15 Mar 2026 16:13:59 INFO  valid result: 
recall@1 : 0.1304    recall@2 : 0.2106    recall@3 : 0.2573    recall@4 : 0.3092    recall@5 : 0.335    recall@10 : 0.4677    recall@20 : 0.622    recall@30 : 0.7079    recall@50 : 0.8049    ndcg@1 : 0.2145    ndcg@2 : 0.2334    ndcg@3 : 0.247    ndcg@4 : 0.2665    ndcg@5 : 0.2753    ndcg@10 : 0.3222    ndcg@20 : 0.3676    ndcg@30 : 0.3903    ndcg@50 : 0.413    precision@1 : 0.2145    precision@2 : 0.1749    precision@3 : 0.149    precision@4 : 0.1374    precision@5 : 0.1223    precision@10 : 0.0896    precision@20 : 0.0617    precision@30 : 0.0482    precision@50 : 0.0336    map@1 : 0.2145    map@2 : 0.2065    map@3 : 0.2067    map@4 : 0.2152    map@5 : 0.2187    map@10 : 0.239    map@20 : 0.2544    map@30 : 0.2609    map@50 : 0.266
Sun 15 Mar 2026 16:13:59 INFO  Saving current: saved/LightGCN-Mar-15-2026_16-12-12.pth
Sun 15 Mar 2026 16:14:01 INFO  epoch 28 training [time: 2.11s, train loss: 85.8198]
Sun 15 Mar 2026 16:14:03 INFO  epoch 28 evaluating [time: 1.61s, valid_score: 0.323100]
Sun 15 Mar 2026 16:14:03 INFO  valid result: 
recall@1 : 0.13    recall@2 : 0.2119    recall@3 : 0.2594    recall@4 : 0.3073    recall@5 : 0.3365    recall@10 : 0.4701    recall@20 : 0.623    recall@30 : 0.7057    recall@50 : 0.8044    ndcg@1 : 0.2133    ndcg@2 : 0.2338    ndcg@3 : 0.248    ndcg@4 : 0.2656    ndcg@5 : 0.276    ndcg@10 : 0.3231    ndcg@20 : 0.3683    ndcg@30 : 0.3902    ndcg@50 : 0.4135    precision@1 : 0.2133    precision@2 : 0.1755    precision@3 : 0.1502    precision@4 : 0.1368    precision@5 : 0.1229    precision@10 : 0.0897    precision@20 : 0.0619    precision@30 : 0.0481    precision@50 : 0.0337    map@1 : 0.2133    map@2 : 0.2063    map@3 : 0.2073    map@4 : 0.2145    map@5 : 0.219    map@10 : 0.2395    map@20 : 0.2548    map@30 : 0.2612    map@50 : 0.2665
Sun 15 Mar 2026 16:14:03 INFO  Saving current: saved/LightGCN-Mar-15-2026_16-12-12.pth
Sun 15 Mar 2026 16:14:05 INFO  epoch 29 training [time: 2.22s, train loss: 83.5877]
Sun 15 Mar 2026 16:14:06 INFO  epoch 29 evaluating [time: 1.61s, valid_score: 0.327000]
Sun 15 Mar 2026 16:14:06 INFO  valid result: 
recall@1 : 0.1319    recall@2 : 0.2134    recall@3 : 0.2637    recall@4 : 0.3109    recall@5 : 0.3387    recall@10 : 0.4764    recall@20 : 0.623    recall@30 : 0.7104    recall@50 : 0.8016    ndcg@1 : 0.2187    ndcg@2 : 0.2359    ndcg@3 : 0.2516    ndcg@4 : 0.2689    ndcg@5 : 0.2785    ndcg@10 : 0.327    ndcg@20 : 0.3706    ndcg@30 : 0.3936    ndcg@50 : 0.4153    precision@1 : 0.2187    precision@2 : 0.1764    precision@3 : 0.152    precision@4 : 0.138    precision@5 : 0.1232    precision@10 : 0.0907    precision@20 : 0.062    precision@30 : 0.0485    precision@50 : 0.0337    map@1 : 0.2187    map@2 : 0.2084    map@3 : 0.2104    map@4 : 0.2175    map@5 : 0.2214    map@10 : 0.2425    map@20 : 0.2574    map@30 : 0.264    map@50 : 0.269
Sun 15 Mar 2026 16:14:06 INFO  Saving current: saved/LightGCN-Mar-15-2026_16-12-12.pth
Sun 15 Mar 2026 16:14:08 INFO  epoch 30 training [time: 1.94s, train loss: 81.4851]
Sun 15 Mar 2026 16:14:10 INFO  epoch 30 evaluating [time: 1.61s, valid_score: 0.328100]
Sun 15 Mar 2026 16:14:10 INFO  valid result: 
recall@1 : 0.1363    recall@2 : 0.2168    recall@3 : 0.2667    recall@4 : 0.3121    recall@5 : 0.3437    recall@10 : 0.4711    recall@20 : 0.6249    recall@30 : 0.7104    recall@50 : 0.8043    ndcg@1 : 0.2217    ndcg@2 : 0.2399    ndcg@3 : 0.255    ndcg@4 : 0.271    ndcg@5 : 0.2827    ndcg@10 : 0.3281    ndcg@20 : 0.3739    ndcg@30 : 0.3965    ndcg@50 : 0.4187    precision@1 : 0.2217    precision@2 : 0.1797    precision@3 : 0.1532    precision@4 : 0.1371    precision@5 : 0.1246    precision@10 : 0.0902    precision@20 : 0.0622    precision@30 : 0.0486    precision@50 : 0.0338    map@1 : 0.2217    map@2 : 0.2128    map@3 : 0.214    map@4 : 0.2201    map@5 : 0.2254    map@10 : 0.2454    map@20 : 0.2612    map@30 : 0.2678    map@50 : 0.2728
Sun 15 Mar 2026 16:14:10 INFO  Saving current: saved/LightGCN-Mar-15-2026_16-12-12.pth
Sun 15 Mar 2026 16:14:12 INFO  epoch 31 training [time: 1.89s, train loss: 80.6137]
Sun 15 Mar 2026 16:14:13 INFO  epoch 31 evaluating [time: 1.62s, valid_score: 0.331400]
Sun 15 Mar 2026 16:14:13 INFO  valid result: 
recall@1 : 0.1381    recall@2 : 0.2189    recall@3 : 0.2712    recall@4 : 0.3171    recall@5 : 0.3495    recall@10 : 0.4738    recall@20 : 0.6276    recall@30 : 0.7096    recall@50 : 0.8049    ndcg@1 : 0.2282    ndcg@2 : 0.2439    ndcg@3 : 0.2593    ndcg@4 : 0.2752    ndcg@5 : 0.2871    ndcg@10 : 0.3314    ndcg@20 : 0.377    ndcg@30 : 0.3988    ndcg@50 : 0.4214    precision@1 : 0.2282    precision@2 : 0.1824    precision@3 : 0.1557    precision@4 : 0.1389    precision@5 : 0.1262    precision@10 : 0.0909    precision@20 : 0.0624    precision@30 : 0.0485    precision@50 : 0.0339    map@1 : 0.2282    map@2 : 0.2166    map@3 : 0.2178    map@4 : 0.2236    map@5 : 0.229    map@10 : 0.2482    map@20 : 0.2639    map@30 : 0.2703    map@50 : 0.2755
Sun 15 Mar 2026 16:14:13 INFO  Saving current: saved/LightGCN-Mar-15-2026_16-12-12.pth
Sun 15 Mar 2026 16:14:15 INFO  epoch 32 training [time: 1.71s, train loss: 78.2469]
Sun 15 Mar 2026 16:14:17 INFO  epoch 32 evaluating [time: 1.62s, valid_score: 0.331300]
Sun 15 Mar 2026 16:14:17 INFO  valid result: 
recall@1 : 0.1377    recall@2 : 0.2188    recall@3 : 0.2713    recall@4 : 0.3168    recall@5 : 0.351    recall@10 : 0.4735    recall@20 : 0.6286    recall@30 : 0.7094    recall@50 : 0.806    ndcg@1 : 0.2277    ndcg@2 : 0.2433    ndcg@3 : 0.2587    ndcg@4 : 0.2749    ndcg@5 : 0.2874    ndcg@10 : 0.3313    ndcg@20 : 0.3774    ndcg@30 : 0.3991    ndcg@50 : 0.4218    precision@1 : 0.2277    precision@2 : 0.1821    precision@3 : 0.1545    precision@4 : 0.139    precision@5 : 0.1262    precision@10 : 0.0909    precision@20 : 0.0626    precision@30 : 0.0487    precision@50 : 0.0339    map@1 : 0.2277    map@2 : 0.216    map@3 : 0.2172    map@4 : 0.2233    map@5 : 0.2288    map@10 : 0.248    map@20 : 0.264    map@30 : 0.2704    map@50 : 0.2756
Sun 15 Mar 2026 16:14:19 INFO  epoch 33 training [time: 1.74s, train loss: 78.7587]
Sun 15 Mar 2026 16:14:20 INFO  epoch 33 evaluating [time: 1.62s, valid_score: 0.332300]
Sun 15 Mar 2026 16:14:20 INFO  valid result: 
recall@1 : 0.1351    recall@2 : 0.2222    recall@3 : 0.2759    recall@4 : 0.3198    recall@5 : 0.3527    recall@10 : 0.4756    recall@20 : 0.6275    recall@30 : 0.714    recall@50 : 0.8084    ndcg@1 : 0.2259    ndcg@2 : 0.2452    ndcg@3 : 0.2609    ndcg@4 : 0.276    ndcg@5 : 0.2882    ndcg@10 : 0.3323    ndcg@20 : 0.3778    ndcg@30 : 0.4006    ndcg@50 : 0.4229    precision@1 : 0.2259    precision@2 : 0.185    precision@3 : 0.1569    precision@4 : 0.1395    precision@5 : 0.1268    precision@10 : 0.091    precision@20 : 0.0627    precision@30 : 0.0488    precision@50 : 0.0341    map@1 : 0.2259    map@2 : 0.2163    map@3 : 0.2178    map@4 : 0.2235    map@5 : 0.2288    map@10 : 0.2484    map@20 : 0.2643    map@30 : 0.2707    map@50 : 0.276
Sun 15 Mar 2026 16:14:20 INFO  Saving current: saved/LightGCN-Mar-15-2026_16-12-12.pth
Sun 15 Mar 2026 16:14:22 INFO  epoch 34 training [time: 2.00s, train loss: 77.6432]
Sun 15 Mar 2026 16:14:24 INFO  epoch 34 evaluating [time: 1.63s, valid_score: 0.334900]
Sun 15 Mar 2026 16:14:24 INFO  valid result: 
recall@1 : 0.1367    recall@2 : 0.2252    recall@3 : 0.2744    recall@4 : 0.3228    recall@5 : 0.3581    recall@10 : 0.4795    recall@20 : 0.6335    recall@30 : 0.7137    recall@50 : 0.8086    ndcg@1 : 0.2247    ndcg@2 : 0.2468    ndcg@3 : 0.2604    ndcg@4 : 0.2779    ndcg@5 : 0.2914    ndcg@10 : 0.3349    ndcg@20 : 0.3807    ndcg@30 : 0.402    ndcg@50 : 0.4246    precision@1 : 0.2247    precision@2 : 0.1862    precision@3 : 0.1565    precision@4 : 0.1406    precision@5 : 0.1286    precision@10 : 0.0918    precision@20 : 0.063    precision@30 : 0.0488    precision@50 : 0.0341    map@1 : 0.2247    map@2 : 0.2181    map@3 : 0.218    map@4 : 0.2254    map@5 : 0.2315    map@10 : 0.251    map@20 : 0.2666    map@30 : 0.2729    map@50 : 0.2782
Sun 15 Mar 2026 16:14:24 INFO  Saving current: saved/LightGCN-Mar-15-2026_16-12-12.pth
Sun 15 Mar 2026 16:14:26 INFO  epoch 35 training [time: 2.15s, train loss: 74.3948]
Sun 15 Mar 2026 16:14:28 INFO  epoch 35 evaluating [time: 1.63s, valid_score: 0.335500]
Sun 15 Mar 2026 16:14:28 INFO  valid result: 
recall@1 : 0.1355    recall@2 : 0.224    recall@3 : 0.2789    recall@4 : 0.3246    recall@5 : 0.3576    recall@10 : 0.4812    recall@20 : 0.6379    recall@30 : 0.7153    recall@50 : 0.8111    ndcg@1 : 0.2271    ndcg@2 : 0.2474    ndcg@3 : 0.2629    ndcg@4 : 0.279    ndcg@5 : 0.2912    ndcg@10 : 0.3355    ndcg@20 : 0.3823    ndcg@30 : 0.403    ndcg@50 : 0.4256    precision@1 : 0.2271    precision@2 : 0.1871    precision@3 : 0.1585    precision@4 : 0.1414    precision@5 : 0.1279    precision@10 : 0.0917    precision@20 : 0.0635    precision@30 : 0.0491    precision@50 : 0.0342    map@1 : 0.2271    map@2 : 0.2186    map@3 : 0.2198    map@4 : 0.226    map@5 : 0.2313    map@10 : 0.2509    map@20 : 0.2671    map@30 : 0.2732    map@50 : 0.2784
Sun 15 Mar 2026 16:14:28 INFO  Saving current: saved/LightGCN-Mar-15-2026_16-12-12.pth
Sun 15 Mar 2026 16:14:30 INFO  epoch 36 training [time: 2.10s, train loss: 74.2468]
Sun 15 Mar 2026 16:14:31 INFO  epoch 36 evaluating [time: 1.63s, valid_score: 0.338100]
Sun 15 Mar 2026 16:14:31 INFO  valid result: 
recall@1 : 0.1393    recall@2 : 0.2282    recall@3 : 0.2795    recall@4 : 0.3256    recall@5 : 0.3586    recall@10 : 0.4825    recall@20 : 0.6383    recall@30 : 0.7158    recall@50 : 0.8113    ndcg@1 : 0.2294    ndcg@2 : 0.2505    ndcg@3 : 0.2652    ndcg@4 : 0.2815    ndcg@5 : 0.2937    ndcg@10 : 0.3381    ndcg@20 : 0.3844    ndcg@30 : 0.4054    ndcg@50 : 0.4279    precision@1 : 0.2294    precision@2 : 0.1883    precision@3 : 0.1591    precision@4 : 0.1421    precision@5 : 0.1287    precision@10 : 0.0922    precision@20 : 0.0634    precision@30 : 0.0491    precision@50 : 0.0342    map@1 : 0.2294    map@2 : 0.2215    map@3 : 0.2224    map@4 : 0.2288    map@5 : 0.2342    map@10 : 0.254    map@20 : 0.2699    map@30 : 0.2762    map@50 : 0.2814
Sun 15 Mar 2026 16:14:31 INFO  Saving current: saved/LightGCN-Mar-15-2026_16-12-12.pth
Sun 15 Mar 2026 16:14:33 INFO  epoch 37 training [time: 2.11s, train loss: 73.4996]
Sun 15 Mar 2026 16:14:35 INFO  epoch 37 evaluating [time: 1.63s, valid_score: 0.339000]
Sun 15 Mar 2026 16:14:35 INFO  valid result: 
recall@1 : 0.1401    recall@2 : 0.2298    recall@3 : 0.2816    recall@4 : 0.326    recall@5 : 0.3598    recall@10 : 0.483    recall@20 : 0.6366    recall@30 : 0.7181    recall@50 : 0.8133    ndcg@1 : 0.2271    ndcg@2 : 0.2508    ndcg@3 : 0.2665    ndcg@4 : 0.2821    ndcg@5 : 0.2947    ndcg@10 : 0.339    ndcg@20 : 0.3847    ndcg@30 : 0.4064    ndcg@50 : 0.429    precision@1 : 0.2271    precision@2 : 0.1889    precision@3 : 0.1605    precision@4 : 0.1424    precision@5 : 0.1293    precision@10 : 0.0924    precision@20 : 0.0633    precision@30 : 0.0491    precision@50 : 0.0343    map@1 : 0.2271    map@2 : 0.2218    map@3 : 0.224    map@4 : 0.23    map@5 : 0.2355    map@10 : 0.2554    map@20 : 0.2711    map@30 : 0.2775    map@50 : 0.2828
Sun 15 Mar 2026 16:14:35 INFO  Saving current: saved/LightGCN-Mar-15-2026_16-12-12.pth
Sun 15 Mar 2026 16:14:37 INFO  epoch 38 training [time: 2.19s, train loss: 72.6468]
Sun 15 Mar 2026 16:14:39 INFO  epoch 38 evaluating [time: 1.62s, valid_score: 0.340500]
Sun 15 Mar 2026 16:14:39 INFO  valid result: 
recall@1 : 0.1434    recall@2 : 0.2306    recall@3 : 0.2798    recall@4 : 0.3241    recall@5 : 0.3599    recall@10 : 0.4848    recall@20 : 0.6386    recall@30 : 0.7193    recall@50 : 0.8137    ndcg@1 : 0.2294    ndcg@2 : 0.2529    ndcg@3 : 0.2669    ndcg@4 : 0.2821    ndcg@5 : 0.2959    ndcg@10 : 0.3405    ndcg@20 : 0.3865    ndcg@30 : 0.4079    ndcg@50 : 0.4303    precision@1 : 0.2294    precision@2 : 0.1904    precision@3 : 0.1601    precision@4 : 0.1411    precision@5 : 0.1294    precision@10 : 0.0924    precision@20 : 0.0638    precision@30 : 0.0492    precision@50 : 0.0343    map@1 : 0.2294    map@2 : 0.2241    map@3 : 0.2254    map@4 : 0.2309    map@5 : 0.2372    map@10 : 0.2569    map@20 : 0.273    map@30 : 0.2793    map@50 : 0.2845
Sun 15 Mar 2026 16:14:39 INFO  Saving current: saved/LightGCN-Mar-15-2026_16-12-12.pth
Sun 15 Mar 2026 16:14:41 INFO  epoch 39 training [time: 2.16s, train loss: 70.8530]
Sun 15 Mar 2026 16:14:43 INFO  epoch 39 evaluating [time: 1.63s, valid_score: 0.339600]
Sun 15 Mar 2026 16:14:43 INFO  valid result: 
recall@1 : 0.1434    recall@2 : 0.2327    recall@3 : 0.2794    recall@4 : 0.3237    recall@5 : 0.3632    recall@10 : 0.4811    recall@20 : 0.6415    recall@30 : 0.7221    recall@50 : 0.8158    ndcg@1 : 0.2288    ndcg@2 : 0.254    ndcg@3 : 0.2668    ndcg@4 : 0.282    ndcg@5 : 0.2972    ndcg@10 : 0.3396    ndcg@20 : 0.3875    ndcg@30 : 0.4089    ndcg@50 : 0.431    precision@1 : 0.2288    precision@2 : 0.1916    precision@3 : 0.1595    precision@4 : 0.1409    precision@5 : 0.1298    precision@10 : 0.0921    precision@20 : 0.0641    precision@30 : 0.0494    precision@50 : 0.0343    map@1 : 0.2288    map@2 : 0.225    map@3 : 0.2258    map@4 : 0.2312    map@5 : 0.2382    map@10 : 0.2571    map@20 : 0.2737    map@30 : 0.28    map@50 : 0.2851
Sun 15 Mar 2026 16:14:45 INFO  epoch 40 training [time: 2.01s, train loss: 71.8883]
Sun 15 Mar 2026 16:14:46 INFO  epoch 40 evaluating [time: 1.62s, valid_score: 0.341400]
Sun 15 Mar 2026 16:14:46 INFO  valid result: 
recall@1 : 0.1463    recall@2 : 0.2279    recall@3 : 0.2808    recall@4 : 0.3277    recall@5 : 0.3628    recall@10 : 0.483    recall@20 : 0.6435    recall@30 : 0.721    recall@50 : 0.8168    ndcg@1 : 0.2318    ndcg@2 : 0.2514    ndcg@3 : 0.268    ndcg@4 : 0.2847    ndcg@5 : 0.2979    ndcg@10 : 0.3414    ndcg@20 : 0.3888    ndcg@30 : 0.4096    ndcg@50 : 0.4322    precision@1 : 0.2318    precision@2 : 0.1877    precision@3 : 0.1603    precision@4 : 0.143    precision@5 : 0.13    precision@10 : 0.0931    precision@20 : 0.0642    precision@30 : 0.0495    precision@50 : 0.0344    map@1 : 0.2318    map@2 : 0.2236    map@3 : 0.2271    map@4 : 0.2336    map@5 : 0.2395    map@10 : 0.2586    map@20 : 0.2752    map@30 : 0.2814    map@50 : 0.2866
Sun 15 Mar 2026 16:14:46 INFO  Saving current: saved/LightGCN-Mar-15-2026_16-12-12.pth
Sun 15 Mar 2026 16:14:48 INFO  epoch 41 training [time: 1.95s, train loss: 67.5978]
Sun 15 Mar 2026 16:14:50 INFO  epoch 41 evaluating [time: 1.62s, valid_score: 0.343300]
Sun 15 Mar 2026 16:14:50 INFO  valid result: 
recall@1 : 0.1457    recall@2 : 0.2311    recall@3 : 0.2825    recall@4 : 0.3303    recall@5 : 0.3672    recall@10 : 0.4873    recall@20 : 0.6421    recall@30 : 0.7225    recall@50 : 0.8163    ndcg@1 : 0.2306    ndcg@2 : 0.2528    ndcg@3 : 0.269    ndcg@4 : 0.2863    ndcg@5 : 0.3005    ndcg@10 : 0.3433    ndcg@20 : 0.3893    ndcg@30 : 0.4107    ndcg@50 : 0.4328    precision@1 : 0.2306    precision@2 : 0.1892    precision@3 : 0.1613    precision@4 : 0.1445    precision@5 : 0.1319    precision@10 : 0.0937    precision@20 : 0.0642    precision@30 : 0.0495    precision@50 : 0.0344    map@1 : 0.2306    map@2 : 0.2244    map@3 : 0.2274    map@4 : 0.2344    map@5 : 0.2409    map@10 : 0.2598    map@20 : 0.2758    map@30 : 0.2821    map@50 : 0.2872
Sun 15 Mar 2026 16:14:50 INFO  Saving current: saved/LightGCN-Mar-15-2026_16-12-12.pth
Sun 15 Mar 2026 16:14:52 INFO  epoch 42 training [time: 2.18s, train loss: 67.2927]
Sun 15 Mar 2026 16:14:54 INFO  epoch 42 evaluating [time: 1.63s, valid_score: 0.345500]
Sun 15 Mar 2026 16:14:54 INFO  valid result: 
recall@1 : 0.1487    recall@2 : 0.2322    recall@3 : 0.2836    recall@4 : 0.3331    recall@5 : 0.3661    recall@10 : 0.4884    recall@20 : 0.6439    recall@30 : 0.7229    recall@50 : 0.8159    ndcg@1 : 0.2336    ndcg@2 : 0.2546    ndcg@3 : 0.2709    ndcg@4 : 0.2888    ndcg@5 : 0.3013    ndcg@10 : 0.3455    ndcg@20 : 0.3916    ndcg@30 : 0.4127    ndcg@50 : 0.4346    precision@1 : 0.2336    precision@2 : 0.1898    precision@3 : 0.1619    precision@4 : 0.1453    precision@5 : 0.1315    precision@10 : 0.0942    precision@20 : 0.0644    precision@30 : 0.0496    precision@50 : 0.0343    map@1 : 0.2336    map@2 : 0.2265    map@3 : 0.2295    map@4 : 0.2369    map@5 : 0.2423    map@10 : 0.2623    map@20 : 0.2783    map@30 : 0.2846    map@50 : 0.2896
Sun 15 Mar 2026 16:14:54 INFO  Saving current: saved/LightGCN-Mar-15-2026_16-12-12.pth
Sun 15 Mar 2026 16:14:56 INFO  epoch 43 training [time: 2.24s, train loss: 66.4197]
Sun 15 Mar 2026 16:14:58 INFO  epoch 43 evaluating [time: 1.63s, valid_score: 0.345400]
Sun 15 Mar 2026 16:14:58 INFO  valid result: 
recall@1 : 0.1505    recall@2 : 0.2284    recall@3 : 0.2864    recall@4 : 0.3326    recall@5 : 0.3673    recall@10 : 0.487    recall@20 : 0.6408    recall@30 : 0.7254    recall@50 : 0.8149    ndcg@1 : 0.2354    ndcg@2 : 0.2525    ndcg@3 : 0.2724    ndcg@4 : 0.2892    ndcg@5 : 0.3022    ndcg@10 : 0.3454    ndcg@20 : 0.3914    ndcg@30 : 0.4138    ndcg@50 : 0.435    precision@1 : 0.2354    precision@2 : 0.1874    precision@3 : 0.1631    precision@4 : 0.1457    precision@5 : 0.1321    precision@10 : 0.0936    precision@20 : 0.0642    precision@30 : 0.0498    precision@50 : 0.0343    map@1 : 0.2354    map@2 : 0.2248    map@3 : 0.2303    map@4 : 0.2373    map@5 : 0.2432    map@10 : 0.2626    map@20 : 0.2787    map@30 : 0.2853    map@50 : 0.2903
Sun 15 Mar 2026 16:15:00 INFO  epoch 44 training [time: 1.98s, train loss: 63.8146]
Sun 15 Mar 2026 16:15:01 INFO  epoch 44 evaluating [time: 1.63s, valid_score: 0.345400]
Sun 15 Mar 2026 16:15:01 INFO  valid result: 
recall@1 : 0.1481    recall@2 : 0.2264    recall@3 : 0.2843    recall@4 : 0.332    recall@5 : 0.3685    recall@10 : 0.4911    recall@20 : 0.6397    recall@30 : 0.7279    recall@50 : 0.8153    ndcg@1 : 0.2288    ndcg@2 : 0.2496    ndcg@3 : 0.2698    ndcg@4 : 0.2874    ndcg@5 : 0.3013    ndcg@10 : 0.3454    ndcg@20 : 0.3898    ndcg@30 : 0.4131    ndcg@50 : 0.4339    precision@1 : 0.2288    precision@2 : 0.1865    precision@3 : 0.1625    precision@4 : 0.1459    precision@5 : 0.1328    precision@10 : 0.0943    precision@20 : 0.064    precision@30 : 0.0499    precision@50 : 0.0344    map@1 : 0.2288    map@2 : 0.2218    map@3 : 0.2279    map@4 : 0.2354    map@5 : 0.2418    map@10 : 0.2616    map@20 : 0.2772    map@30 : 0.284    map@50 : 0.289
Sun 15 Mar 2026 16:15:03 INFO  epoch 45 training [time: 2.14s, train loss: 64.3528]
Sun 15 Mar 2026 16:15:05 INFO  epoch 45 evaluating [time: 1.63s, valid_score: 0.346800]
Sun 15 Mar 2026 16:15:05 INFO  valid result: 
recall@1 : 0.1506    recall@2 : 0.2284    recall@3 : 0.2835    recall@4 : 0.3289    recall@5 : 0.3685    recall@10 : 0.4915    recall@20 : 0.6424    recall@30 : 0.7287    recall@50 : 0.8153    ndcg@1 : 0.2348    ndcg@2 : 0.2525    ndcg@3 : 0.271    ndcg@4 : 0.2873    ndcg@5 : 0.3027    ndcg@10 : 0.3468    ndcg@20 : 0.3918    ndcg@30 : 0.4147    ndcg@50 : 0.4353    precision@1 : 0.2348    precision@2 : 0.188    precision@3 : 0.1625    precision@4 : 0.1448    precision@5 : 0.1333    precision@10 : 0.0944    precision@20 : 0.0642    precision@30 : 0.0501    precision@50 : 0.0344    map@1 : 0.2348    map@2 : 0.2247    map@3 : 0.2293    map@4 : 0.2359    map@5 : 0.2433    map@10 : 0.2631    map@20 : 0.2788    map@30 : 0.2857    map@50 : 0.2905
Sun 15 Mar 2026 16:15:05 INFO  Saving current: saved/LightGCN-Mar-15-2026_16-12-12.pth
Sun 15 Mar 2026 16:15:07 INFO  epoch 46 training [time: 2.20s, train loss: 63.2445]
Sun 15 Mar 2026 16:15:09 INFO  epoch 46 evaluating [time: 1.62s, valid_score: 0.346300]
Sun 15 Mar 2026 16:15:09 INFO  valid result: 
recall@1 : 0.1507    recall@2 : 0.2276    recall@3 : 0.2821    recall@4 : 0.3281    recall@5 : 0.3693    recall@10 : 0.4905    recall@20 : 0.6441    recall@30 : 0.733    recall@50 : 0.8154    ndcg@1 : 0.2342    ndcg@2 : 0.2529    ndcg@3 : 0.2703    ndcg@4 : 0.2873    ndcg@5 : 0.3032    ndcg@10 : 0.3463    ndcg@20 : 0.3923    ndcg@30 : 0.4156    ndcg@50 : 0.4353    precision@1 : 0.2342    precision@2 : 0.1892    precision@3 : 0.1621    precision@4 : 0.1459    precision@5 : 0.1342    precision@10 : 0.0944    precision@20 : 0.0646    precision@30 : 0.0502    precision@50 : 0.0344    map@1 : 0.2342    map@2 : 0.2254    map@3 : 0.229    map@4 : 0.236    map@5 : 0.2439    map@10 : 0.263    map@20 : 0.2792    map@30 : 0.2859    map@50 : 0.2906
Sun 15 Mar 2026 16:15:11 INFO  epoch 47 training [time: 2.19s, train loss: 60.7786]
Sun 15 Mar 2026 16:15:13 INFO  epoch 47 evaluating [time: 1.62s, valid_score: 0.345100]
Sun 15 Mar 2026 16:15:13 INFO  valid result: 
recall@1 : 0.1515    recall@2 : 0.2287    recall@3 : 0.2767    recall@4 : 0.3251    recall@5 : 0.3647    recall@10 : 0.4872    recall@20 : 0.6469    recall@30 : 0.7336    recall@50 : 0.8153    ndcg@1 : 0.2348    ndcg@2 : 0.253    ndcg@3 : 0.2679    ndcg@4 : 0.2856    ndcg@5 : 0.301    ndcg@10 : 0.3451    ndcg@20 : 0.3927    ndcg@30 : 0.4155    ndcg@50 : 0.435    precision@1 : 0.2348    precision@2 : 0.1883    precision@3 : 0.1601    precision@4 : 0.1442    precision@5 : 0.1328    precision@10 : 0.0942    precision@20 : 0.0649    precision@30 : 0.0503    precision@50 : 0.0344    map@1 : 0.2348    map@2 : 0.2257    map@3 : 0.2279    map@4 : 0.2351    map@5 : 0.2429    map@10 : 0.2624    map@20 : 0.2792    map@30 : 0.2858    map@50 : 0.2905
Sun 15 Mar 2026 16:15:15 INFO  epoch 48 training [time: 2.13s, train loss: 60.7476]
Sun 15 Mar 2026 16:15:16 INFO  epoch 48 evaluating [time: 1.62s, valid_score: 0.346300]
Sun 15 Mar 2026 16:15:16 INFO  valid result: 
recall@1 : 0.1539    recall@2 : 0.2264    recall@3 : 0.279    recall@4 : 0.3292    recall@5 : 0.3618    recall@10 : 0.4891    recall@20 : 0.6488    recall@30 : 0.7321    recall@50 : 0.8169    ndcg@1 : 0.2354    ndcg@2 : 0.2523    ndcg@3 : 0.2695    ndcg@4 : 0.2883    ndcg@5 : 0.3006    ndcg@10 : 0.3463    ndcg@20 : 0.3938    ndcg@30 : 0.4158    ndcg@50 : 0.436    precision@1 : 0.2354    precision@2 : 0.1874    precision@3 : 0.1607    precision@4 : 0.1459    precision@5 : 0.1321    precision@10 : 0.0944    precision@20 : 0.0648    precision@30 : 0.0502    precision@50 : 0.0345    map@1 : 0.2354    map@2 : 0.2262    map@3 : 0.2301    map@4 : 0.2378    map@5 : 0.2438    map@10 : 0.264    map@20 : 0.2805    map@30 : 0.287    map@50 : 0.2918
Sun 15 Mar 2026 16:15:18 INFO  epoch 49 training [time: 2.04s, train loss: 58.8394]
Sun 15 Mar 2026 16:15:20 INFO  epoch 49 evaluating [time: 1.62s, valid_score: 0.347800]
Sun 15 Mar 2026 16:15:20 INFO  valid result: 
recall@1 : 0.1495    recall@2 : 0.2279    recall@3 : 0.2799    recall@4 : 0.3304    recall@5 : 0.361    recall@10 : 0.4956    recall@20 : 0.6492    recall@30 : 0.7341    recall@50 : 0.8189    ndcg@1 : 0.2336    ndcg@2 : 0.2525    ndcg@3 : 0.269    ndcg@4 : 0.2878    ndcg@5 : 0.2994    ndcg@10 : 0.3478    ndcg@20 : 0.3935    ndcg@30 : 0.4157    ndcg@50 : 0.4359    precision@1 : 0.2336    precision@2 : 0.1889    precision@3 : 0.1613    precision@4 : 0.1462    precision@5 : 0.1321    precision@10 : 0.0959    precision@20 : 0.065    precision@30 : 0.0502    precision@50 : 0.0345    map@1 : 0.2336    map@2 : 0.2253    map@3 : 0.2288    map@4 : 0.2368    map@5 : 0.242    map@10 : 0.2635    map@20 : 0.2794    map@30 : 0.2858    map@50 : 0.2907
Sun 15 Mar 2026 16:15:20 INFO  Saving current: saved/LightGCN-Mar-15-2026_16-12-12.pth
Sun 15 Mar 2026 16:15:22 INFO  epoch 50 training [time: 2.21s, train loss: 58.1273]
Sun 15 Mar 2026 16:15:24 INFO  epoch 50 evaluating [time: 1.62s, valid_score: 0.346300]
Sun 15 Mar 2026 16:15:24 INFO  valid result: 
recall@1 : 0.1484    recall@2 : 0.2254    recall@3 : 0.2825    recall@4 : 0.327    recall@5 : 0.3598    recall@10 : 0.4946    recall@20 : 0.648    recall@30 : 0.7299    recall@50 : 0.8186    ndcg@1 : 0.2288    ndcg@2 : 0.2491    ndcg@3 : 0.2689    ndcg@4 : 0.2851    ndcg@5 : 0.2976    ndcg@10 : 0.3463    ndcg@20 : 0.3919    ndcg@30 : 0.4135    ndcg@50 : 0.4345    precision@1 : 0.2288    precision@2 : 0.1862    precision@3 : 0.1621    precision@4 : 0.1448    precision@5 : 0.1315    precision@10 : 0.0956    precision@20 : 0.0649    precision@30 : 0.05    precision@50 : 0.0345    map@1 : 0.2288    map@2 : 0.2223    map@3 : 0.228    map@4 : 0.2347    map@5 : 0.2405    map@10 : 0.2621    map@20 : 0.2779    map@30 : 0.2844    map@50 : 0.2894
Sun 15 Mar 2026 16:15:26 INFO  epoch 51 training [time: 2.22s, train loss: 57.7202]
Sun 15 Mar 2026 16:15:28 INFO  epoch 51 evaluating [time: 1.62s, valid_score: 0.346500]
Sun 15 Mar 2026 16:15:28 INFO  valid result: 
recall@1 : 0.1481    recall@2 : 0.2266    recall@3 : 0.2772    recall@4 : 0.329    recall@5 : 0.361    recall@10 : 0.4946    recall@20 : 0.6493    recall@30 : 0.7302    recall@50 : 0.8173    ndcg@1 : 0.233    ndcg@2 : 0.2512    ndcg@3 : 0.2665    ndcg@4 : 0.2866    ndcg@5 : 0.2988    ndcg@10 : 0.3465    ndcg@20 : 0.3926    ndcg@30 : 0.414    ndcg@50 : 0.4346    precision@1 : 0.233    precision@2 : 0.1877    precision@3 : 0.1595    precision@4 : 0.1466    precision@5 : 0.1329    precision@10 : 0.0955    precision@20 : 0.0651    precision@30 : 0.0501    precision@50 : 0.0345    map@1 : 0.233    map@2 : 0.2242    map@3 : 0.2265    map@4 : 0.2354    map@5 : 0.241    map@10 : 0.2621    map@20 : 0.2782    map@30 : 0.2845    map@50 : 0.2894
Sun 15 Mar 2026 16:15:30 INFO  epoch 52 training [time: 2.11s, train loss: 56.6253]
Sun 15 Mar 2026 16:15:31 INFO  epoch 52 evaluating [time: 1.62s, valid_score: 0.346500]
Sun 15 Mar 2026 16:15:31 INFO  valid result: 
recall@1 : 0.1474    recall@2 : 0.2282    recall@3 : 0.2764    recall@4 : 0.3288    recall@5 : 0.3572    recall@10 : 0.4958    recall@20 : 0.6494    recall@30 : 0.7318    recall@50 : 0.8192    ndcg@1 : 0.2277    ndcg@2 : 0.252    ndcg@3 : 0.2659    ndcg@4 : 0.2861    ndcg@5 : 0.2967    ndcg@10 : 0.3465    ndcg@20 : 0.3923    ndcg@30 : 0.4139    ndcg@50 : 0.4345    precision@1 : 0.2277    precision@2 : 0.1904    precision@3 : 0.1597    precision@4 : 0.1463    precision@5 : 0.1316    precision@10 : 0.0958    precision@20 : 0.0652    precision@30 : 0.0501    precision@50 : 0.0345    map@1 : 0.2277    map@2 : 0.2247    map@3 : 0.2262    map@4 : 0.2354    map@5 : 0.2401    map@10 : 0.2621    map@20 : 0.2782    map@30 : 0.2845    map@50 : 0.2894
Sun 15 Mar 2026 16:15:33 INFO  epoch 53 training [time: 1.89s, train loss: 56.0106]
Sun 15 Mar 2026 16:15:35 INFO  epoch 53 evaluating [time: 1.62s, valid_score: 0.345200]
Sun 15 Mar 2026 16:15:35 INFO  valid result: 
recall@1 : 0.1434    recall@2 : 0.2291    recall@3 : 0.2807    recall@4 : 0.3292    recall@5 : 0.3574    recall@10 : 0.4938    recall@20 : 0.6489    recall@30 : 0.7316    recall@50 : 0.8195    ndcg@1 : 0.2259    ndcg@2 : 0.2516    ndcg@3 : 0.2676    ndcg@4 : 0.2855    ndcg@5 : 0.2962    ndcg@10 : 0.3452    ndcg@20 : 0.3913    ndcg@30 : 0.4129    ndcg@50 : 0.4337    precision@1 : 0.2259    precision@2 : 0.1907    precision@3 : 0.1625    precision@4 : 0.1466    precision@5 : 0.1322    precision@10 : 0.0956    precision@20 : 0.0651    precision@30 : 0.0501    precision@50 : 0.0345    map@1 : 0.2259    map@2 : 0.2235    map@3 : 0.2268    map@4 : 0.2342    map@5 : 0.2388    map@10 : 0.2607    map@20 : 0.2767    map@30 : 0.2831    map@50 : 0.288
Sun 15 Mar 2026 16:15:37 INFO  epoch 54 training [time: 2.22s, train loss: 55.3366]
Sun 15 Mar 2026 16:15:39 INFO  epoch 54 evaluating [time: 1.62s, valid_score: 0.346200]
Sun 15 Mar 2026 16:15:39 INFO  valid result: 
recall@1 : 0.1485    recall@2 : 0.2296    recall@3 : 0.2784    recall@4 : 0.3286    recall@5 : 0.3598    recall@10 : 0.4914    recall@20 : 0.6485    recall@30 : 0.7316    recall@50 : 0.8175    ndcg@1 : 0.2318    ndcg@2 : 0.2544    ndcg@3 : 0.2687    ndcg@4 : 0.287    ndcg@5 : 0.2991    ndcg@10 : 0.3462    ndcg@20 : 0.3929    ndcg@30 : 0.4146    ndcg@50 : 0.4351    precision@1 : 0.2318    precision@2 : 0.1919    precision@3 : 0.1617    precision@4 : 0.146    precision@5 : 0.1329    precision@10 : 0.0954    precision@20 : 0.065    precision@30 : 0.05    precision@50 : 0.0345    map@1 : 0.2318    map@2 : 0.2268    map@3 : 0.2287    map@4 : 0.2365    map@5 : 0.242    map@10 : 0.2627    map@20 : 0.279    map@30 : 0.2853    map@50 : 0.2902
Sun 15 Mar 2026 16:15:41 INFO  epoch 55 training [time: 2.10s, train loss: 53.9345]
Sun 15 Mar 2026 16:15:42 INFO  epoch 55 evaluating [time: 1.62s, valid_score: 0.346100]
Sun 15 Mar 2026 16:15:42 INFO  valid result: 
recall@1 : 0.1481    recall@2 : 0.2269    recall@3 : 0.2814    recall@4 : 0.3279    recall@5 : 0.3584    recall@10 : 0.4925    recall@20 : 0.6475    recall@30 : 0.7288    recall@50 : 0.8211    ndcg@1 : 0.2312    ndcg@2 : 0.2524    ndcg@3 : 0.2698    ndcg@4 : 0.2862    ndcg@5 : 0.2982    ndcg@10 : 0.3461    ndcg@20 : 0.3921    ndcg@30 : 0.4135    ndcg@50 : 0.4352    precision@1 : 0.2312    precision@2 : 0.1901    precision@3 : 0.1631    precision@4 : 0.1453    precision@5 : 0.1324    precision@10 : 0.0956    precision@20 : 0.065    precision@30 : 0.05    precision@50 : 0.0346    map@1 : 0.2312    map@2 : 0.225    map@3 : 0.2293    map@4 : 0.2358    map@5 : 0.2412    map@10 : 0.2622    map@20 : 0.2784    map@30 : 0.2846    map@50 : 0.2897
Sun 15 Mar 2026 16:15:44 INFO  epoch 56 training [time: 2.03s, train loss: 53.3160]
Sun 15 Mar 2026 16:15:46 INFO  epoch 56 evaluating [time: 1.62s, valid_score: 0.346400]
Sun 15 Mar 2026 16:15:46 INFO  valid result: 
recall@1 : 0.1493    recall@2 : 0.2285    recall@3 : 0.28    recall@4 : 0.3236    recall@5 : 0.3565    recall@10 : 0.4922    recall@20 : 0.6464    recall@30 : 0.7292    recall@50 : 0.82    ndcg@1 : 0.2342    ndcg@2 : 0.2531    ndcg@3 : 0.2697    ndcg@4 : 0.2849    ndcg@5 : 0.2978    ndcg@10 : 0.3464    ndcg@20 : 0.3923    ndcg@30 : 0.414    ndcg@50 : 0.4355    precision@1 : 0.2342    precision@2 : 0.1892    precision@3 : 0.1623    precision@4 : 0.1441    precision@5 : 0.1321    precision@10 : 0.0955    precision@20 : 0.0649    precision@30 : 0.0499    precision@50 : 0.0346    map@1 : 0.2342    map@2 : 0.226    map@3 : 0.2301    map@4 : 0.2356    map@5 : 0.2414    map@10 : 0.2628    map@20 : 0.279    map@30 : 0.2853    map@50 : 0.2904
Sun 15 Mar 2026 16:15:48 INFO  epoch 57 training [time: 2.11s, train loss: 52.5218]
Sun 15 Mar 2026 16:15:50 INFO  epoch 57 evaluating [time: 1.62s, valid_score: 0.346600]
Sun 15 Mar 2026 16:15:50 INFO  valid result: 
recall@1 : 0.1497    recall@2 : 0.2292    recall@3 : 0.2811    recall@4 : 0.3221    recall@5 : 0.3568    recall@10 : 0.4918    recall@20 : 0.6456    recall@30 : 0.7274    recall@50 : 0.8207    ndcg@1 : 0.2366    ndcg@2 : 0.2546    ndcg@3 : 0.2712    ndcg@4 : 0.2846    ndcg@5 : 0.2981    ndcg@10 : 0.3466    ndcg@20 : 0.3924    ndcg@30 : 0.4139    ndcg@50 : 0.4358    precision@1 : 0.2366    precision@2 : 0.1907    precision@3 : 0.1635    precision@4 : 0.1433    precision@5 : 0.1313    precision@10 : 0.0954    precision@20 : 0.0648    precision@30 : 0.0499    precision@50 : 0.0346    map@1 : 0.2366    map@2 : 0.2279    map@3 : 0.2312    map@4 : 0.2357    map@5 : 0.2417    map@10 : 0.263    map@20 : 0.2793    map@30 : 0.2855    map@50 : 0.2906
Sun 15 Mar 2026 16:15:52 INFO  epoch 58 training [time: 2.24s, train loss: 51.0932]
Sun 15 Mar 2026 16:15:54 INFO  epoch 58 evaluating [time: 1.63s, valid_score: 0.344700]
Sun 15 Mar 2026 16:15:54 INFO  valid result: 
recall@1 : 0.1485    recall@2 : 0.2251    recall@3 : 0.2792    recall@4 : 0.3227    recall@5 : 0.3548    recall@10 : 0.4895    recall@20 : 0.6439    recall@30 : 0.7277    recall@50 : 0.8212    ndcg@1 : 0.233    ndcg@2 : 0.2507    ndcg@3 : 0.2689    ndcg@4 : 0.2841    ndcg@5 : 0.2961    ndcg@10 : 0.3447    ndcg@20 : 0.3906    ndcg@30 : 0.4126    ndcg@50 : 0.4345    precision@1 : 0.233    precision@2 : 0.1877    precision@3 : 0.1629    precision@4 : 0.1447    precision@5 : 0.1311    precision@10 : 0.0955    precision@20 : 0.0647    precision@30 : 0.0499    precision@50 : 0.0346    map@1 : 0.233    map@2 : 0.2244    map@3 : 0.2287    map@4 : 0.2348    map@5 : 0.2399    map@10 : 0.2615    map@20 : 0.2776    map@30 : 0.2839    map@50 : 0.289
Sun 15 Mar 2026 16:15:56 INFO  epoch 59 training [time: 2.17s, train loss: 50.0396]
Sun 15 Mar 2026 16:15:57 INFO  epoch 59 evaluating [time: 1.63s, valid_score: 0.344200]
Sun 15 Mar 2026 16:15:57 INFO  valid result: 
recall@1 : 0.1468    recall@2 : 0.2245    recall@3 : 0.2797    recall@4 : 0.3205    recall@5 : 0.3522    recall@10 : 0.4911    recall@20 : 0.6429    recall@30 : 0.7278    recall@50 : 0.8195    ndcg@1 : 0.233    ndcg@2 : 0.2499    ndcg@3 : 0.2688    ndcg@4 : 0.2824    ndcg@5 : 0.2943    ndcg@10 : 0.3442    ndcg@20 : 0.3893    ndcg@30 : 0.4117    ndcg@50 : 0.4332    precision@1 : 0.233    precision@2 : 0.1871    precision@3 : 0.1635    precision@4 : 0.1436    precision@5 : 0.1302    precision@10 : 0.0955    precision@20 : 0.0645    precision@30 : 0.05    precision@50 : 0.0345    map@1 : 0.233    map@2 : 0.2233    map@3 : 0.2282    map@4 : 0.2331    map@5 : 0.2382    map@10 : 0.2602    map@20 : 0.276    map@30 : 0.2825    map@50 : 0.2875
Sun 15 Mar 2026 16:16:00 INFO  epoch 60 training [time: 2.13s, train loss: 49.9422]
Sun 15 Mar 2026 16:16:01 INFO  epoch 60 evaluating [time: 1.62s, valid_score: 0.343900]
Sun 15 Mar 2026 16:16:01 INFO  valid result: 
recall@1 : 0.1445    recall@2 : 0.2272    recall@3 : 0.2782    recall@4 : 0.3177    recall@5 : 0.3505    recall@10 : 0.4913    recall@20 : 0.6448    recall@30 : 0.7294    recall@50 : 0.8173    ndcg@1 : 0.2306    ndcg@2 : 0.2503    ndcg@3 : 0.2668    ndcg@4 : 0.2803    ndcg@5 : 0.2929    ndcg@10 : 0.3439    ndcg@20 : 0.389    ndcg@30 : 0.4114    ndcg@50 : 0.4321    precision@1 : 0.2306    precision@2 : 0.188    precision@3 : 0.1615    precision@4 : 0.1423    precision@5 : 0.13    precision@10 : 0.0962    precision@20 : 0.0646    precision@30 : 0.05    precision@50 : 0.0345    map@1 : 0.2306    map@2 : 0.223    map@3 : 0.2265    map@4 : 0.2312    map@5 : 0.2369    map@10 : 0.2597    map@20 : 0.2753    map@30 : 0.2818    map@50 : 0.2867
Sun 15 Mar 2026 16:16:03 INFO  epoch 61 training [time: 2.16s, train loss: 49.0570]
Sun 15 Mar 2026 16:16:05 INFO  epoch 61 evaluating [time: 1.62s, valid_score: 0.341100]
Sun 15 Mar 2026 16:16:05 INFO  valid result: 
recall@1 : 0.1425    recall@2 : 0.2257    recall@3 : 0.2761    recall@4 : 0.3151    recall@5 : 0.3534    recall@10 : 0.4874    recall@20 : 0.6423    recall@30 : 0.7307    recall@50 : 0.8167    ndcg@1 : 0.2229    ndcg@2 : 0.2476    ndcg@3 : 0.2646    ndcg@4 : 0.2782    ndcg@5 : 0.2928    ndcg@10 : 0.3411    ndcg@20 : 0.3868    ndcg@30 : 0.4099    ndcg@50 : 0.4304    precision@1 : 0.2229    precision@2 : 0.1871    precision@3 : 0.1613    precision@4 : 0.143    precision@5 : 0.1315    precision@10 : 0.0958    precision@20 : 0.0645    precision@30 : 0.05    precision@50 : 0.0345    map@1 : 0.2229    map@2 : 0.2204    map@3 : 0.2248    map@4 : 0.2294    map@5 : 0.2362    map@10 : 0.2579    map@20 : 0.2736    map@30 : 0.2802    map@50 : 0.2851
Sun 15 Mar 2026 16:16:07 INFO  epoch 62 training [time: 2.14s, train loss: 47.6183]
Sun 15 Mar 2026 16:16:09 INFO  epoch 62 evaluating [time: 1.62s, valid_score: 0.341400]
Sun 15 Mar 2026 16:16:09 INFO  valid result: 
recall@1 : 0.1414    recall@2 : 0.2254    recall@3 : 0.277    recall@4 : 0.3123    recall@5 : 0.3523    recall@10 : 0.4896    recall@20 : 0.6404    recall@30 : 0.7303    recall@50 : 0.8164    ndcg@1 : 0.2217    ndcg@2 : 0.2477    ndcg@3 : 0.2649    ndcg@4 : 0.2767    ndcg@5 : 0.2919    ndcg@10 : 0.3414    ndcg@20 : 0.3859    ndcg@30 : 0.4093    ndcg@50 : 0.4297    precision@1 : 0.2217    precision@2 : 0.188    precision@3 : 0.1621    precision@4 : 0.1421    precision@5 : 0.131    precision@10 : 0.0961    precision@20 : 0.0644    precision@30 : 0.05    precision@50 : 0.0344    map@1 : 0.2217    map@2 : 0.2201    map@3 : 0.2245    map@4 : 0.2283    map@5 : 0.2353    map@10 : 0.2575    map@20 : 0.2729    map@30 : 0.2795    map@50 : 0.2844
Sun 15 Mar 2026 16:16:11 INFO  epoch 63 training [time: 2.19s, train loss: 47.7750]
Sun 15 Mar 2026 16:16:13 INFO  epoch 63 evaluating [time: 1.63s, valid_score: 0.342300]
Sun 15 Mar 2026 16:16:13 INFO  valid result: 
recall@1 : 0.1422    recall@2 : 0.2258    recall@3 : 0.2741    recall@4 : 0.3155    recall@5 : 0.3503    recall@10 : 0.4921    recall@20 : 0.6409    recall@30 : 0.7288    recall@50 : 0.8158    ndcg@1 : 0.2217    ndcg@2 : 0.2479    ndcg@3 : 0.263    ndcg@4 : 0.2777    ndcg@5 : 0.2914    ndcg@10 : 0.3423    ndcg@20 : 0.3862    ndcg@30 : 0.4092    ndcg@50 : 0.4297    precision@1 : 0.2217    precision@2 : 0.188    precision@3 : 0.1595    precision@4 : 0.1421    precision@5 : 0.1309    precision@10 : 0.0964    precision@20 : 0.0644    precision@30 : 0.05    precision@50 : 0.0344    map@1 : 0.2217    map@2 : 0.2205    map@3 : 0.2235    map@4 : 0.229    map@5 : 0.2352    map@10 : 0.258    map@20 : 0.2733    map@30 : 0.2798    map@50 : 0.2847
Sun 15 Mar 2026 16:16:15 INFO  epoch 64 training [time: 2.04s, train loss: 46.6549]
Sun 15 Mar 2026 16:16:16 INFO  epoch 64 evaluating [time: 1.62s, valid_score: 0.341400]
Sun 15 Mar 2026 16:16:16 INFO  valid result: 
recall@1 : 0.1425    recall@2 : 0.2228    recall@3 : 0.2749    recall@4 : 0.3157    recall@5 : 0.3529    recall@10 : 0.4899    recall@20 : 0.6413    recall@30 : 0.7285    recall@50 : 0.8162    ndcg@1 : 0.2229    ndcg@2 : 0.2464    ndcg@3 : 0.2634    ndcg@4 : 0.2779    ndcg@5 : 0.2923    ndcg@10 : 0.3414    ndcg@20 : 0.3861    ndcg@30 : 0.4089    ndcg@50 : 0.4297    precision@1 : 0.2229    precision@2 : 0.1862    precision@3 : 0.1599    precision@4 : 0.1427    precision@5 : 0.1318    precision@10 : 0.0959    precision@20 : 0.0644    precision@30 : 0.0499    precision@50 : 0.0344    map@1 : 0.2229    map@2 : 0.2199    map@3 : 0.2237    map@4 : 0.229    map@5 : 0.2356    map@10 : 0.2575    map@20 : 0.273    map@30 : 0.2795    map@50 : 0.2845
Sun 15 Mar 2026 16:16:18 INFO  epoch 65 training [time: 2.00s, train loss: 46.0338]
Sun 15 Mar 2026 16:16:20 INFO  epoch 65 evaluating [time: 1.62s, valid_score: 0.341000]
Sun 15 Mar 2026 16:16:20 INFO  valid result: 
recall@1 : 0.1407    recall@2 : 0.2233    recall@3 : 0.2735    recall@4 : 0.3155    recall@5 : 0.3548    recall@10 : 0.4904    recall@20 : 0.6379    recall@30 : 0.7277    recall@50 : 0.817    ndcg@1 : 0.2217    ndcg@2 : 0.2467    ndcg@3 : 0.2625    ndcg@4 : 0.2771    ndcg@5 : 0.2922    ndcg@10 : 0.341    ndcg@20 : 0.3848    ndcg@30 : 0.4082    ndcg@50 : 0.4292    precision@1 : 0.2217    precision@2 : 0.1874    precision@3 : 0.1599    precision@4 : 0.1426    precision@5 : 0.1317    precision@10 : 0.096    precision@20 : 0.0643    precision@30 : 0.0498    precision@50 : 0.0344    map@1 : 0.2217    map@2 : 0.2198    map@3 : 0.2229    map@4 : 0.2279    map@5 : 0.2351    map@10 : 0.2566    map@20 : 0.2721    map@30 : 0.2787    map@50 : 0.2837
Sun 15 Mar 2026 16:16:22 INFO  epoch 66 training [time: 2.22s, train loss: 44.8234]
Sun 15 Mar 2026 16:16:24 INFO  epoch 66 evaluating [time: 1.62s, valid_score: 0.340700]
Sun 15 Mar 2026 16:16:24 INFO  valid result: 
recall@1 : 0.1399    recall@2 : 0.222    recall@3 : 0.2762    recall@4 : 0.3116    recall@5 : 0.3531    recall@10 : 0.4927    recall@20 : 0.6382    recall@30 : 0.7288    recall@50 : 0.8175    ndcg@1 : 0.2169    ndcg@2 : 0.2447    ndcg@3 : 0.2631    ndcg@4 : 0.2744    ndcg@5 : 0.2907    ndcg@10 : 0.3407    ndcg@20 : 0.3836    ndcg@30 : 0.4071    ndcg@50 : 0.4279    precision@1 : 0.2169    precision@2 : 0.1862    precision@3 : 0.1615    precision@4 : 0.1405    precision@5 : 0.131    precision@10 : 0.0965    precision@20 : 0.0642    precision@30 : 0.0499    precision@50 : 0.0344    map@1 : 0.2169    map@2 : 0.2181    map@3 : 0.2232    map@4 : 0.2263    map@5 : 0.2341    map@10 : 0.2564    map@20 : 0.2711    map@30 : 0.2778    map@50 : 0.2826
Sun 15 Mar 2026 16:16:26 INFO  epoch 67 training [time: 2.07s, train loss: 43.5201]
Sun 15 Mar 2026 16:16:27 INFO  epoch 67 evaluating [time: 1.62s, valid_score: 0.339200]
Sun 15 Mar 2026 16:16:27 INFO  valid result: 
recall@1 : 0.1382    recall@2 : 0.2222    recall@3 : 0.2775    recall@4 : 0.312    recall@5 : 0.3521    recall@10 : 0.489    recall@20 : 0.6414    recall@30 : 0.7314    recall@50 : 0.8203    ndcg@1 : 0.2181    ndcg@2 : 0.2451    ndcg@3 : 0.2627    ndcg@4 : 0.2744    ndcg@5 : 0.2897    ndcg@10 : 0.3392    ndcg@20 : 0.3841    ndcg@30 : 0.4074    ndcg@50 : 0.4283    precision@1 : 0.2181    precision@2 : 0.1871    precision@3 : 0.1603    precision@4 : 0.1408    precision@5 : 0.13    precision@10 : 0.0956    precision@20 : 0.0644    precision@30 : 0.0499    precision@50 : 0.0344    map@1 : 0.2181    map@2 : 0.2184    map@3 : 0.2224    map@4 : 0.2257    map@5 : 0.2328    map@10 : 0.2551    map@20 : 0.2706    map@30 : 0.2772    map@50 : 0.2821
Sun 15 Mar 2026 16:16:29 INFO  epoch 68 training [time: 2.03s, train loss: 43.6730]
Sun 15 Mar 2026 16:16:31 INFO  epoch 68 evaluating [time: 1.62s, valid_score: 0.339200]
Sun 15 Mar 2026 16:16:31 INFO  valid result: 
recall@1 : 0.1387    recall@2 : 0.2227    recall@3 : 0.277    recall@4 : 0.3113    recall@5 : 0.3526    recall@10 : 0.4891    recall@20 : 0.639    recall@30 : 0.7308    recall@50 : 0.8206    ndcg@1 : 0.2187    ndcg@2 : 0.2454    ndcg@3 : 0.263    ndcg@4 : 0.274    ndcg@5 : 0.29    ndcg@10 : 0.3392    ndcg@20 : 0.3838    ndcg@30 : 0.4073    ndcg@50 : 0.4284    precision@1 : 0.2187    precision@2 : 0.1871    precision@3 : 0.1609    precision@4 : 0.14    precision@5 : 0.1302    precision@10 : 0.0952    precision@20 : 0.0643    precision@30 : 0.0498    precision@50 : 0.0344    map@1 : 0.2187    map@2 : 0.2186    map@3 : 0.2228    map@4 : 0.2257    map@5 : 0.2333    map@10 : 0.2553    map@20 : 0.2708    map@30 : 0.2774    map@50 : 0.2823
Sun 15 Mar 2026 16:16:33 INFO  epoch 69 training [time: 1.80s, train loss: 42.6807]
Sun 15 Mar 2026 16:16:34 INFO  epoch 69 evaluating [time: 1.62s, valid_score: 0.339700]
Sun 15 Mar 2026 16:16:34 INFO  valid result: 
recall@1 : 0.1404    recall@2 : 0.2235    recall@3 : 0.277    recall@4 : 0.3128    recall@5 : 0.3536    recall@10 : 0.489    recall@20 : 0.639    recall@30 : 0.7318    recall@50 : 0.8206    ndcg@1 : 0.2205    ndcg@2 : 0.247    ndcg@3 : 0.2638    ndcg@4 : 0.2755    ndcg@5 : 0.2912    ndcg@10 : 0.3397    ndcg@20 : 0.3843    ndcg@30 : 0.4082    ndcg@50 : 0.429    precision@1 : 0.2205    precision@2 : 0.1883    precision@3 : 0.1609    precision@4 : 0.1405    precision@5 : 0.1302    precision@10 : 0.0948    precision@20 : 0.0642    precision@30 : 0.0498    precision@50 : 0.0344    map@1 : 0.2205    map@2 : 0.2202    map@3 : 0.2237    map@4 : 0.2271    map@5 : 0.2346    map@10 : 0.2561    map@20 : 0.2716    map@30 : 0.2782    map@50 : 0.2831
Sun 15 Mar 2026 16:16:37 INFO  epoch 70 training [time: 2.21s, train loss: 42.4980]
Sun 15 Mar 2026 16:16:38 INFO  epoch 70 evaluating [time: 1.62s, valid_score: 0.337600]
Sun 15 Mar 2026 16:16:38 INFO  valid result: 
recall@1 : 0.1388    recall@2 : 0.2207    recall@3 : 0.2705    recall@4 : 0.3093    recall@5 : 0.3473    recall@10 : 0.4897    recall@20 : 0.6393    recall@30 : 0.7315    recall@50 : 0.8189    ndcg@1 : 0.2181    ndcg@2 : 0.2441    ndcg@3 : 0.2585    ndcg@4 : 0.2722    ndcg@5 : 0.2865    ndcg@10 : 0.3376    ndcg@20 : 0.3822    ndcg@30 : 0.4058    ndcg@50 : 0.4263    precision@1 : 0.2181    precision@2 : 0.1859    precision@3 : 0.1567    precision@4 : 0.1393    precision@5 : 0.1279    precision@10 : 0.0945    precision@20 : 0.0643    precision@30 : 0.0498    precision@50 : 0.0343    map@1 : 0.2181    map@2 : 0.2178    map@3 : 0.2195    map@4 : 0.2242    map@5 : 0.2308    map@10 : 0.2535    map@20 : 0.269    map@30 : 0.2755    map@50 : 0.2803
Sun 15 Mar 2026 16:16:38 INFO  Finished training, best eval result in epoch 49
Sun 15 Mar 2026 16:16:38 INFO  Loading model structure and parameters from saved/LightGCN-Mar-15-2026_16-12-12.pth
Sun 15 Mar 2026 16:16:40 INFO  best valid : OrderedDict([('recall@1', 0.1495), ('recall@2', 0.2279), ('recall@3', 0.2799), ('recall@4', 0.3304), ('recall@5', 0.361), ('recall@10', 0.4956), ('recall@20', 0.6492), ('recall@30', 0.7341), ('recall@50', 0.8189), ('ndcg@1', 0.2336), ('ndcg@2', 0.2525), ('ndcg@3', 0.269), ('ndcg@4', 0.2878), ('ndcg@5', 0.2994), ('ndcg@10', 0.3478), ('ndcg@20', 0.3935), ('ndcg@30', 0.4157), ('ndcg@50', 0.4359), ('precision@1', 0.2336), ('precision@2', 0.1889), ('precision@3', 0.1613), ('precision@4', 0.1462), ('precision@5', 0.1321), ('precision@10', 0.0959), ('precision@20', 0.065), ('precision@30', 0.0502), ('precision@50', 0.0345), ('map@1', 0.2336), ('map@2', 0.2253), ('map@3', 0.2288), ('map@4', 0.2368), ('map@5', 0.242), ('map@10', 0.2635), ('map@20', 0.2794), ('map@30', 0.2858), ('map@50', 0.2907)])
Sun 15 Mar 2026 16:16:40 INFO  test result: OrderedDict([('recall@1', 0.1794), ('recall@2', 0.2659), ('recall@3', 0.3192), ('recall@4', 0.3646), ('recall@5', 0.4018), ('recall@10', 0.5272), ('recall@20', 0.6607), ('recall@30', 0.7285), ('recall@50', 0.8099), ('ndcg@1', 0.3032), ('ndcg@2', 0.3102), ('ndcg@3', 0.3215), ('ndcg@4', 0.3348), ('ndcg@5', 0.3465), ('ndcg@10', 0.3893), ('ndcg@20', 0.428), ('ndcg@30', 0.4454), ('ndcg@50', 0.4641), ('precision@1', 0.3032), ('precision@2', 0.2334), ('precision@3', 0.1945), ('precision@4', 0.1696), ('precision@5', 0.1508), ('precision@10', 0.1039), ('precision@20', 0.0665), ('precision@30', 0.0494), ('precision@50', 0.0333), ('map@1', 0.3032), ('map@2', 0.2838), ('map@3', 0.2822), ('map@4', 0.2857), ('map@5', 0.2902), ('map@10', 0.3081), ('map@20', 0.3215), ('map@30', 0.3265), ('map@50', 0.3306)])
Sun 15 Mar 2026 16:16:40 INFO  training time: 265.6028s
Sun 15 Mar 2026 16:16:40 INFO  result file: results/lightgcn_seed2025.json
