Sun 15 Mar 2026 21:13:35 INFO  
General Hyper Parameters:
gpu_id = 0
use_gpu = True
seed = 2022
state = INFO
reproducibility = True
data_path = ./travel
checkpoint_dir = saved
show_progress = True
save_dataset = False
dataset_save_path = None
save_dataloaders = False
dataloaders_save_path = None
log_wandb = False

Training Hyper Parameters:
epochs = 1000
train_batch_size = 100
learner = adam
learning_rate = 0.001
train_neg_sample_args = {'distribution': 'uniform', 'sample_num': 1, 'alpha': 1.0, 'dynamic': False, 'candidate_num': 0}
eval_step = 1
stopping_step = 20
clip_grad_norm = None
weight_decay = 0.0
loss_decimal_place = 4

Evaluation Hyper Parameters:
eval_args = {'split': {'RS': [0.8, 0.1, 0.1]}, 'order': 'RO', 'group_by': 'user', 'mode': {'valid': 'full', 'test': 'full'}}
repeatable = False
metrics = ['Recall', 'NDCG', 'Precision', 'MAP']
topk = [1, 2, 3, 4, 5, 10, 20, 30, 50]
valid_metric = NDCG@10
valid_metric_bigger = True
eval_batch_size = 100
metric_decimal_place = 4

Dataset Hyper Parameters:
field_separator = 	
seq_separator =  
USER_ID_FIELD = user_id
ITEM_ID_FIELD = item_id
RATING_FIELD = rating
TIME_FIELD = timestamp
seq_len = None
LABEL_FIELD = label
threshold = None
NEG_PREFIX = neg_
load_col = {'inter': ['user_id', 'item_id', 'rating'], 'user': ['user_id', 'post_num', 'follower', 'following', 'timestamp']}
unload_col = None
unused_col = None
additional_feat_suffix = None
rm_dup_inter = None
val_interval = {'rating': '[0,inf)'}
filter_inter_by_user_or_item = True
user_inter_num_interval = [0,inf)
item_inter_num_interval = [0,inf)
alias_of_user_id = None
alias_of_item_id = None
alias_of_entity_id = None
alias_of_relation_id = None
preload_weight = None
normalize_field = None
normalize_all = None
ITEM_LIST_LENGTH_FIELD = item_length
LIST_SUFFIX = _list
MAX_ITEM_LIST_LENGTH = 50
POSITION_FIELD = position_id
HEAD_ENTITY_ID_FIELD = head_id
TAIL_ENTITY_ID_FIELD = tail_id
RELATION_ID_FIELD = relation_id
ENTITY_ID_FIELD = entity_id
benchmark_filename = None

Other Hyper Parameters: 
worker = 0
wandb_project = recbole
shuffle = True
require_pow = False
enable_amp = False
enable_scaler = False
transform = None
embedding_size = 64
n_layers = 3
reg_weight = 0.0001
numerical_features = []
discretization = None
kg_reverse_r = False
entity_kg_num_interval = [0,inf)
relation_kg_num_interval = [0,inf)
MODEL_TYPE = ModelType.GENERAL
MODEL_INPUT_TYPE = InputType.PAIRWISE
eval_type = EvaluatorType.RANKING
single_spec = True
local_rank = 0
device = cuda
valid_neg_sample_args = {'distribution': 'uniform', 'sample_num': 'none'}
test_neg_sample_args = {'distribution': 'uniform', 'sample_num': 'none'}


Sun 15 Mar 2026 21:13:36 INFO  travel
The number of users: 2010
Average actions of users: 18.721254355400696
The number of items: 247
Average actions of items: 152.890243902439
The number of inters: 37611
The sparsity of the dataset: 92.42431566862047%
Remain Fields: ['user_id', 'item_id', 'rating', 'post_num', 'follower', 'following', 'timestamp']
Sun 15 Mar 2026 21:13:36 INFO  [Training]: train_batch_size = [100] train_neg_sample_args: [{'distribution': 'uniform', 'sample_num': 1, 'alpha': 1.0, 'dynamic': False, 'candidate_num': 0}]
Sun 15 Mar 2026 21:13:36 INFO  [Evaluation]: eval_batch_size = [100] eval_args: [{'split': {'RS': [0.8, 0.1, 0.1]}, 'order': 'RO', 'group_by': 'user', 'mode': {'valid': 'full', 'test': 'full'}}]
Sun 15 Mar 2026 21:13:37 INFO  LightGCN(
  (user_embedding): Embedding(2010, 64)
  (item_embedding): Embedding(247, 64)
  (mf_loss): BPRLoss()
  (reg_loss): EmbLoss()
)
Trainable parameters: 144448
Sun 15 Mar 2026 21:13:37 INFO  trainable parameters: 144448
Sun 15 Mar 2026 21:13:42 INFO  epoch 0 training [time: 3.70s, train loss: 156.6957]
Sun 15 Mar 2026 21:13:45 INFO  epoch 0 evaluating [time: 3.58s, valid_score: 0.309800]
Sun 15 Mar 2026 21:13:45 INFO  valid result: 
recall@1 : 0.1217    recall@2 : 0.2028    recall@3 : 0.2648    recall@4 : 0.3015    recall@5 : 0.336    recall@10 : 0.4604    recall@20 : 0.5961    recall@30 : 0.6595    recall@50 : 0.7565    ndcg@1 : 0.1955    ndcg@2 : 0.2177    ndcg@3 : 0.2401    ndcg@4 : 0.2535    ndcg@5 : 0.2664    ndcg@10 : 0.3098    ndcg@20 : 0.3493    ndcg@30 : 0.3667    ndcg@50 : 0.3899    precision@1 : 0.1955    precision@2 : 0.1606    precision@3 : 0.1414    precision@4 : 0.1257    precision@5 : 0.115    precision@10 : 0.0827    precision@20 : 0.0557    precision@30 : 0.0429    precision@50 : 0.0307    map@1 : 0.1955    map@2 : 0.1925    map@3 : 0.1999    map@4 : 0.2047    map@5 : 0.2102    map@10 : 0.2282    map@20 : 0.2407    map@30 : 0.2455    map@50 : 0.2505
Sun 15 Mar 2026 21:13:45 INFO  Saving current: saved/LightGCN-Mar-15-2026_21-13-37.pth
Sun 15 Mar 2026 21:13:49 INFO  epoch 1 training [time: 3.15s, train loss: 124.2366]
Sun 15 Mar 2026 21:13:52 INFO  epoch 1 evaluating [time: 3.35s, valid_score: 0.310200]
Sun 15 Mar 2026 21:13:52 INFO  valid result: 
recall@1 : 0.1224    recall@2 : 0.2019    recall@3 : 0.2635    recall@4 : 0.3015    recall@5 : 0.34    recall@10 : 0.4596    recall@20 : 0.597    recall@30 : 0.6584    recall@50 : 0.7467    ndcg@1 : 0.1973    ndcg@2 : 0.2184    ndcg@3 : 0.24    ndcg@4 : 0.2538    ndcg@5 : 0.2682    ndcg@10 : 0.3102    ndcg@20 : 0.3502    ndcg@30 : 0.3671    ndcg@50 : 0.3885    precision@1 : 0.1973    precision@2 : 0.1612    precision@3 : 0.1414    precision@4 : 0.126    precision@5 : 0.116    precision@10 : 0.083    precision@20 : 0.056    precision@30 : 0.043    precision@50 : 0.0306    map@1 : 0.1973    map@2 : 0.1931    map@3 : 0.1999    map@4 : 0.2047    map@5 : 0.2111    map@10 : 0.2285    map@20 : 0.2412    map@30 : 0.2459    map@50 : 0.2506
Sun 15 Mar 2026 21:13:52 INFO  Saving current: saved/LightGCN-Mar-15-2026_21-13-37.pth
Sun 15 Mar 2026 21:13:55 INFO  epoch 2 training [time: 3.35s, train loss: 121.5822]
Sun 15 Mar 2026 21:13:59 INFO  epoch 2 evaluating [time: 3.33s, valid_score: 0.309300]
Sun 15 Mar 2026 21:13:59 INFO  valid result: 
recall@1 : 0.1215    recall@2 : 0.2023    recall@3 : 0.2635    recall@4 : 0.3007    recall@5 : 0.3377    recall@10 : 0.4589    recall@20 : 0.5975    recall@30 : 0.6545    recall@50 : 0.7453    ndcg@1 : 0.1949    ndcg@2 : 0.218    ndcg@3 : 0.2393    ndcg@4 : 0.2526    ndcg@5 : 0.2667    ndcg@10 : 0.3093    ndcg@20 : 0.3498    ndcg@30 : 0.3656    ndcg@50 : 0.3877    precision@1 : 0.1949    precision@2 : 0.1612    precision@3 : 0.1406    precision@4 : 0.125    precision@5 : 0.1153    precision@10 : 0.083    precision@20 : 0.0563    precision@30 : 0.0428    precision@50 : 0.0307    map@1 : 0.1949    map@2 : 0.1926    map@3 : 0.1992    map@4 : 0.204    map@5 : 0.2102    map@10 : 0.2277    map@20 : 0.2407    map@30 : 0.2451    map@50 : 0.2501
Sun 15 Mar 2026 21:14:02 INFO  epoch 3 training [time: 3.11s, train loss: 119.5711]
Sun 15 Mar 2026 21:14:05 INFO  epoch 3 evaluating [time: 3.16s, valid_score: 0.313500]
Sun 15 Mar 2026 21:14:05 INFO  valid result: 
recall@1 : 0.1259    recall@2 : 0.2039    recall@3 : 0.2659    recall@4 : 0.3064    recall@5 : 0.3374    recall@10 : 0.4632    recall@20 : 0.5992    recall@30 : 0.6542    recall@50 : 0.7452    ndcg@1 : 0.2002    ndcg@2 : 0.2212    ndcg@3 : 0.2432    ndcg@4 : 0.258    ndcg@5 : 0.2694    ndcg@10 : 0.3135    ndcg@20 : 0.3532    ndcg@30 : 0.3684    ndcg@50 : 0.3906    precision@1 : 0.2002    precision@2 : 0.163    precision@3 : 0.143    precision@4 : 0.128    precision@5 : 0.1159    precision@10 : 0.0836    precision@20 : 0.0565    precision@30 : 0.0428    precision@50 : 0.0307    map@1 : 0.2002    map@2 : 0.1959    map@3 : 0.2031    map@4 : 0.2085    map@5 : 0.2133    map@10 : 0.2318    map@20 : 0.2443    map@30 : 0.2486    map@50 : 0.2536
Sun 15 Mar 2026 21:14:05 INFO  Saving current: saved/LightGCN-Mar-15-2026_21-13-37.pth
Sun 15 Mar 2026 21:14:08 INFO  epoch 4 training [time: 3.22s, train loss: 119.8949]
Sun 15 Mar 2026 21:14:12 INFO  epoch 4 evaluating [time: 3.44s, valid_score: 0.309000]
Sun 15 Mar 2026 21:14:12 INFO  valid result: 
recall@1 : 0.1219    recall@2 : 0.204    recall@3 : 0.267    recall@4 : 0.3053    recall@5 : 0.3385    recall@10 : 0.4534    recall@20 : 0.5982    recall@30 : 0.6533    recall@50 : 0.7449    ndcg@1 : 0.1955    ndcg@2 : 0.2194    ndcg@3 : 0.2419    ndcg@4 : 0.2559    ndcg@5 : 0.2683    ndcg@10 : 0.309    ndcg@20 : 0.351    ndcg@30 : 0.3663    ndcg@50 : 0.3886    precision@1 : 0.1955    precision@2 : 0.1627    precision@3 : 0.1428    precision@4 : 0.1274    precision@5 : 0.1163    precision@10 : 0.0827    precision@20 : 0.0565    precision@30 : 0.0428    precision@50 : 0.0307    map@1 : 0.1955    map@2 : 0.1937    map@3 : 0.2011    map@4 : 0.2064    map@5 : 0.2118    map@10 : 0.2288    map@20 : 0.2421    map@30 : 0.2464    map@50 : 0.2514
Sun 15 Mar 2026 21:14:15 INFO  epoch 5 training [time: 3.00s, train loss: 119.7753]
Sun 15 Mar 2026 21:14:18 INFO  epoch 5 evaluating [time: 3.13s, valid_score: 0.311600]
Sun 15 Mar 2026 21:14:18 INFO  valid result: 
recall@1 : 0.1256    recall@2 : 0.2027    recall@3 : 0.2645    recall@4 : 0.3052    recall@5 : 0.3362    recall@10 : 0.4584    recall@20 : 0.5957    recall@30 : 0.6524    recall@50 : 0.745    ndcg@1 : 0.2008    ndcg@2 : 0.2205    ndcg@3 : 0.2422    ndcg@4 : 0.2569    ndcg@5 : 0.2685    ndcg@10 : 0.3116    ndcg@20 : 0.3516    ndcg@30 : 0.3672    ndcg@50 : 0.3898    precision@1 : 0.2008    precision@2 : 0.1624    precision@3 : 0.1422    precision@4 : 0.1274    precision@5 : 0.1155    precision@10 : 0.0833    precision@20 : 0.0564    precision@30 : 0.0428    precision@50 : 0.0307    map@1 : 0.2008    map@2 : 0.1953    map@3 : 0.2021    map@4 : 0.2077    map@5 : 0.2125    map@10 : 0.2305    map@20 : 0.2433    map@30 : 0.2477    map@50 : 0.2526
Sun 15 Mar 2026 21:14:21 INFO  epoch 6 training [time: 3.09s, train loss: 119.2685]
Sun 15 Mar 2026 21:14:24 INFO  epoch 6 evaluating [time: 3.39s, valid_score: 0.306800]
Sun 15 Mar 2026 21:14:24 INFO  valid result: 
recall@1 : 0.1148    recall@2 : 0.203    recall@3 : 0.265    recall@4 : 0.3045    recall@5 : 0.3351    recall@10 : 0.456    recall@20 : 0.5947    recall@30 : 0.6523    recall@50 : 0.7465    ndcg@1 : 0.1895    ndcg@2 : 0.217    ndcg@3 : 0.2386    ndcg@4 : 0.2525    ndcg@5 : 0.2641    ndcg@10 : 0.3068    ndcg@20 : 0.3473    ndcg@30 : 0.363    ndcg@50 : 0.3859    precision@1 : 0.1895    precision@2 : 0.163    precision@3 : 0.1426    precision@4 : 0.1265    precision@5 : 0.1154    precision@10 : 0.0831    precision@20 : 0.0564    precision@30 : 0.0428    precision@50 : 0.0308    map@1 : 0.1895    map@2 : 0.1904    map@3 : 0.197    map@4 : 0.202    map@5 : 0.2071    map@10 : 0.2249    map@20 : 0.2377    map@30 : 0.2422    map@50 : 0.2472
Sun 15 Mar 2026 21:14:27 INFO  epoch 7 training [time: 3.13s, train loss: 117.5213]
Sun 15 Mar 2026 21:14:31 INFO  epoch 7 evaluating [time: 3.31s, valid_score: 0.309000]
Sun 15 Mar 2026 21:14:31 INFO  valid result: 
recall@1 : 0.1215    recall@2 : 0.2013    recall@3 : 0.2641    recall@4 : 0.3044    recall@5 : 0.3393    recall@10 : 0.4555    recall@20 : 0.5942    recall@30 : 0.6546    recall@50 : 0.7441    ndcg@1 : 0.1967    ndcg@2 : 0.218    ndcg@3 : 0.2405    ndcg@4 : 0.2551    ndcg@5 : 0.268    ndcg@10 : 0.309    ndcg@20 : 0.3497    ndcg@30 : 0.3661    ndcg@50 : 0.3879    precision@1 : 0.1967    precision@2 : 0.1615    precision@3 : 0.1428    precision@4 : 0.1275    precision@5 : 0.1162    precision@10 : 0.0828    precision@20 : 0.0566    precision@30 : 0.043    precision@50 : 0.0307    map@1 : 0.1967    map@2 : 0.1925    map@3 : 0.1999    map@4 : 0.2053    map@5 : 0.2109    map@10 : 0.228    map@20 : 0.2411    map@30 : 0.2456    map@50 : 0.2504
Sun 15 Mar 2026 21:14:34 INFO  epoch 8 training [time: 3.12s, train loss: 116.4097]
Sun 15 Mar 2026 21:14:37 INFO  epoch 8 evaluating [time: 3.37s, valid_score: 0.306700]
Sun 15 Mar 2026 21:14:37 INFO  valid result: 
recall@1 : 0.1115    recall@2 : 0.2013    recall@3 : 0.2641    recall@4 : 0.3042    recall@5 : 0.3387    recall@10 : 0.4594    recall@20 : 0.5956    recall@30 : 0.6564    recall@50 : 0.7465    ndcg@1 : 0.1865    ndcg@2 : 0.2146    ndcg@3 : 0.2366    ndcg@4 : 0.2513    ndcg@5 : 0.2642    ndcg@10 : 0.3067    ndcg@20 : 0.3464    ndcg@30 : 0.3629    ndcg@50 : 0.3848    precision@1 : 0.1865    precision@2 : 0.1618    precision@3 : 0.1424    precision@4 : 0.1275    precision@5 : 0.1163    precision@10 : 0.0839    precision@20 : 0.0568    precision@30 : 0.0432    precision@50 : 0.0308    map@1 : 0.1865    map@2 : 0.1879    map@3 : 0.1947    map@4 : 0.2002    map@5 : 0.2058    map@10 : 0.2235    map@20 : 0.2361    map@30 : 0.2407    map@50 : 0.2455
Sun 15 Mar 2026 21:14:40 INFO  epoch 9 training [time: 3.18s, train loss: 115.4513]
Sun 15 Mar 2026 21:14:43 INFO  epoch 9 evaluating [time: 3.07s, valid_score: 0.310400]
Sun 15 Mar 2026 21:14:43 INFO  valid result: 
recall@1 : 0.1243    recall@2 : 0.2012    recall@3 : 0.2637    recall@4 : 0.3018    recall@5 : 0.3363    recall@10 : 0.4568    recall@20 : 0.5995    recall@30 : 0.6636    recall@50 : 0.7549    ndcg@1 : 0.1996    ndcg@2 : 0.2191    ndcg@3 : 0.2412    ndcg@4 : 0.2549    ndcg@5 : 0.2679    ndcg@10 : 0.3104    ndcg@20 : 0.3521    ndcg@30 : 0.3695    ndcg@50 : 0.3912    precision@1 : 0.1996    precision@2 : 0.1615    precision@3 : 0.1422    precision@4 : 0.1266    precision@5 : 0.116    precision@10 : 0.0834    precision@20 : 0.0571    precision@30 : 0.0437    precision@50 : 0.031    map@1 : 0.1996    map@2 : 0.194    map@3 : 0.201    map@4 : 0.2059    map@5 : 0.2117    map@10 : 0.2294    map@20 : 0.2427    map@30 : 0.2475    map@50 : 0.2523
Sun 15 Mar 2026 21:14:47 INFO  epoch 10 training [time: 3.12s, train loss: 114.4074]
Sun 15 Mar 2026 21:14:50 INFO  epoch 10 evaluating [time: 3.34s, valid_score: 0.312000]
Sun 15 Mar 2026 21:14:50 INFO  valid result: 
recall@1 : 0.1248    recall@2 : 0.2027    recall@3 : 0.2663    recall@4 : 0.3065    recall@5 : 0.3399    recall@10 : 0.4581    recall@20 : 0.6    recall@30 : 0.666    recall@50 : 0.7613    ndcg@1 : 0.1996    ndcg@2 : 0.221    ndcg@3 : 0.2436    ndcg@4 : 0.2578    ndcg@5 : 0.2705    ndcg@10 : 0.312    ndcg@20 : 0.3539    ndcg@30 : 0.3717    ndcg@50 : 0.3942    precision@1 : 0.1996    precision@2 : 0.1636    precision@3 : 0.1446    precision@4 : 0.1284    precision@5 : 0.1176    precision@10 : 0.0836    precision@20 : 0.0576    precision@30 : 0.044    precision@50 : 0.0313    map@1 : 0.1996    map@2 : 0.1956    map@3 : 0.2025    map@4 : 0.208    map@5 : 0.2136    map@10 : 0.2309    map@20 : 0.2444    map@30 : 0.2493    map@50 : 0.2543
Sun 15 Mar 2026 21:14:53 INFO  epoch 11 training [time: 3.25s, train loss: 113.2671]
Sun 15 Mar 2026 21:14:56 INFO  epoch 11 evaluating [time: 3.17s, valid_score: 0.313500]
Sun 15 Mar 2026 21:14:56 INFO  valid result: 
recall@1 : 0.1238    recall@2 : 0.205    recall@3 : 0.2712    recall@4 : 0.3069    recall@5 : 0.3408    recall@10 : 0.4604    recall@20 : 0.6039    recall@30 : 0.672    recall@50 : 0.7645    ndcg@1 : 0.1996    ndcg@2 : 0.2236    ndcg@3 : 0.2468    ndcg@4 : 0.2584    ndcg@5 : 0.2716    ndcg@10 : 0.3135    ndcg@20 : 0.3562    ndcg@30 : 0.3745    ndcg@50 : 0.3965    precision@1 : 0.1996    precision@2 : 0.1681    precision@3 : 0.1474    precision@4 : 0.1283    precision@5 : 0.1184    precision@10 : 0.084    precision@20 : 0.0582    precision@30 : 0.0446    precision@50 : 0.0315    map@1 : 0.1996    map@2 : 0.1967    map@3 : 0.2046    map@4 : 0.2084    map@5 : 0.2141    map@10 : 0.2318    map@20 : 0.2457    map@30 : 0.2508    map@50 : 0.2557
Sun 15 Mar 2026 21:14:56 INFO  Saving current: saved/LightGCN-Mar-15-2026_21-13-37.pth
Sun 15 Mar 2026 21:15:00 INFO  epoch 12 training [time: 3.37s, train loss: 110.4357]
Sun 15 Mar 2026 21:15:03 INFO  epoch 12 evaluating [time: 3.29s, valid_score: 0.316800]
Sun 15 Mar 2026 21:15:03 INFO  valid result: 
recall@1 : 0.1244    recall@2 : 0.2087    recall@3 : 0.2696    recall@4 : 0.3064    recall@5 : 0.343    recall@10 : 0.4668    recall@20 : 0.6092    recall@30 : 0.6815    recall@50 : 0.7705    ndcg@1 : 0.2002    ndcg@2 : 0.2273    ndcg@3 : 0.247    ndcg@4 : 0.2592    ndcg@5 : 0.2729    ndcg@10 : 0.3168    ndcg@20 : 0.359    ndcg@30 : 0.3784    ndcg@50 : 0.3994    precision@1 : 0.2002    precision@2 : 0.1713    precision@3 : 0.1474    precision@4 : 0.1287    precision@5 : 0.1182    precision@10 : 0.0858    precision@20 : 0.0589    precision@30 : 0.0454    precision@50 : 0.0318    map@1 : 0.2002    map@2 : 0.2001    map@3 : 0.2053    map@4 : 0.2094    map@5 : 0.2153    map@10 : 0.234    map@20 : 0.2477    map@30 : 0.2531    map@50 : 0.2578
Sun 15 Mar 2026 21:15:03 INFO  Saving current: saved/LightGCN-Mar-15-2026_21-13-37.pth
Sun 15 Mar 2026 21:15:06 INFO  epoch 13 training [time: 3.29s, train loss: 108.8556]
Sun 15 Mar 2026 21:15:10 INFO  epoch 13 evaluating [time: 3.44s, valid_score: 0.317700]
Sun 15 Mar 2026 21:15:10 INFO  valid result: 
recall@1 : 0.1236    recall@2 : 0.2074    recall@3 : 0.2693    recall@4 : 0.3087    recall@5 : 0.3431    recall@10 : 0.4705    recall@20 : 0.6159    recall@30 : 0.6858    recall@50 : 0.7784    ndcg@1 : 0.1973    ndcg@2 : 0.2256    ndcg@3 : 0.2466    ndcg@4 : 0.26    ndcg@5 : 0.2725    ndcg@10 : 0.3177    ndcg@20 : 0.3608    ndcg@30 : 0.3795    ndcg@50 : 0.4015    precision@1 : 0.1973    precision@2 : 0.1704    precision@3 : 0.1484    precision@4 : 0.1305    precision@5 : 0.1184    precision@10 : 0.0864    precision@20 : 0.0597    precision@30 : 0.0457    precision@50 : 0.0322    map@1 : 0.1973    map@2 : 0.1982    map@3 : 0.2045    map@4 : 0.2094    map@5 : 0.2148    map@10 : 0.2338    map@20 : 0.2481    map@30 : 0.2534    map@50 : 0.2584
Sun 15 Mar 2026 21:15:10 INFO  Saving current: saved/LightGCN-Mar-15-2026_21-13-37.pth
Sun 15 Mar 2026 21:15:13 INFO  epoch 14 training [time: 3.26s, train loss: 107.5000]
Sun 15 Mar 2026 21:15:16 INFO  epoch 14 evaluating [time: 3.47s, valid_score: 0.317000]
Sun 15 Mar 2026 21:15:16 INFO  valid result: 
recall@1 : 0.1252    recall@2 : 0.2098    recall@3 : 0.266    recall@4 : 0.3075    recall@5 : 0.3446    recall@10 : 0.463    recall@20 : 0.6166    recall@30 : 0.6937    recall@50 : 0.7821    ndcg@1 : 0.2008    ndcg@2 : 0.2275    ndcg@3 : 0.246    ndcg@4 : 0.2609    ndcg@5 : 0.2747    ndcg@10 : 0.317    ndcg@20 : 0.3626    ndcg@30 : 0.3828    ndcg@50 : 0.4038    precision@1 : 0.2008    precision@2 : 0.171    precision@3 : 0.1478    precision@4 : 0.1319    precision@5 : 0.1207    precision@10 : 0.0864    precision@20 : 0.0602    precision@30 : 0.0463    precision@50 : 0.0323    map@1 : 0.2008    map@2 : 0.1998    map@3 : 0.2043    map@4 : 0.2104    map@5 : 0.2166    map@10 : 0.2348    map@20 : 0.25    map@30 : 0.2557    map@50 : 0.2604
Sun 15 Mar 2026 21:15:20 INFO  epoch 15 training [time: 3.37s, train loss: 104.3720]
Sun 15 Mar 2026 21:15:23 INFO  epoch 15 evaluating [time: 3.44s, valid_score: 0.319300]
Sun 15 Mar 2026 21:15:23 INFO  valid result: 
recall@1 : 0.1268    recall@2 : 0.2117    recall@3 : 0.264    recall@4 : 0.3083    recall@5 : 0.348    recall@10 : 0.4666    recall@20 : 0.6207    recall@30 : 0.6957    recall@50 : 0.7894    ndcg@1 : 0.2008    ndcg@2 : 0.2286    ndcg@3 : 0.2454    ndcg@4 : 0.2621    ndcg@5 : 0.2769    ndcg@10 : 0.3193    ndcg@20 : 0.365    ndcg@30 : 0.3847    ndcg@50 : 0.4068    precision@1 : 0.2008    precision@2 : 0.1713    precision@3 : 0.1468    precision@4 : 0.133    precision@5 : 0.1222    precision@10 : 0.0873    precision@20 : 0.0608    precision@30 : 0.0466    precision@50 : 0.0327    map@1 : 0.2008    map@2 : 0.2016    map@3 : 0.2053    map@4 : 0.2122    map@5 : 0.219    map@10 : 0.2373    map@20 : 0.2524    map@30 : 0.258    map@50 : 0.2629
Sun 15 Mar 2026 21:15:23 INFO  Saving current: saved/LightGCN-Mar-15-2026_21-13-37.pth
Sun 15 Mar 2026 21:15:27 INFO  epoch 16 training [time: 3.36s, train loss: 101.2656]
Sun 15 Mar 2026 21:15:30 INFO  epoch 16 evaluating [time: 3.38s, valid_score: 0.322000]
Sun 15 Mar 2026 21:15:30 INFO  valid result: 
recall@1 : 0.1271    recall@2 : 0.2115    recall@3 : 0.2652    recall@4 : 0.3108    recall@5 : 0.3462    recall@10 : 0.4737    recall@20 : 0.6218    recall@30 : 0.6933    recall@50 : 0.7862    ndcg@1 : 0.1973    ndcg@2 : 0.228    ndcg@3 : 0.2469    ndcg@4 : 0.264    ndcg@5 : 0.2765    ndcg@10 : 0.322    ndcg@20 : 0.3657    ndcg@30 : 0.3849    ndcg@50 : 0.4067    precision@1 : 0.1973    precision@2 : 0.1713    precision@3 : 0.1496    precision@4 : 0.1356    precision@5 : 0.1221    precision@10 : 0.0885    precision@20 : 0.0608    precision@30 : 0.0466    precision@50 : 0.0326    map@1 : 0.1973    map@2 : 0.2008    map@3 : 0.2061    map@4 : 0.2136    map@5 : 0.219    map@10 : 0.2389    map@20 : 0.2534    map@30 : 0.259    map@50 : 0.2637
Sun 15 Mar 2026 21:15:30 INFO  Saving current: saved/LightGCN-Mar-15-2026_21-13-37.pth
Sun 15 Mar 2026 21:15:33 INFO  epoch 17 training [time: 3.05s, train loss: 100.3840]
Sun 15 Mar 2026 21:15:36 INFO  epoch 17 evaluating [time: 3.27s, valid_score: 0.323600]
Sun 15 Mar 2026 21:15:36 INFO  valid result: 
recall@1 : 0.128    recall@2 : 0.2103    recall@3 : 0.2663    recall@4 : 0.3131    recall@5 : 0.347    recall@10 : 0.4759    recall@20 : 0.6221    recall@30 : 0.6957    recall@50 : 0.7894    ndcg@1 : 0.202    ndcg@2 : 0.2284    ndcg@3 : 0.2483    ndcg@4 : 0.2654    ndcg@5 : 0.2778    ndcg@10 : 0.3236    ndcg@20 : 0.3668    ndcg@30 : 0.3865    ndcg@50 : 0.4085    precision@1 : 0.202    precision@2 : 0.171    precision@3 : 0.1502    precision@4 : 0.1359    precision@5 : 0.1229    precision@10 : 0.0892    precision@20 : 0.0609    precision@30 : 0.0468    precision@50 : 0.0328    map@1 : 0.202    map@2 : 0.2013    map@3 : 0.207    map@4 : 0.2143    map@5 : 0.22    map@10 : 0.24    map@20 : 0.2542    map@30 : 0.2599    map@50 : 0.2648
Sun 15 Mar 2026 21:15:36 INFO  Saving current: saved/LightGCN-Mar-15-2026_21-13-37.pth
Sun 15 Mar 2026 21:15:40 INFO  epoch 18 training [time: 3.30s, train loss: 99.3910]
Sun 15 Mar 2026 21:15:43 INFO  epoch 18 evaluating [time: 3.38s, valid_score: 0.325700]
Sun 15 Mar 2026 21:15:43 INFO  valid result: 
recall@1 : 0.1302    recall@2 : 0.2114    recall@3 : 0.2652    recall@4 : 0.3133    recall@5 : 0.3478    recall@10 : 0.477    recall@20 : 0.6285    recall@30 : 0.6957    recall@50 : 0.7875    ndcg@1 : 0.2074    ndcg@2 : 0.232    ndcg@3 : 0.2499    ndcg@4 : 0.2673    ndcg@5 : 0.2797    ndcg@10 : 0.3257    ndcg@20 : 0.3701    ndcg@30 : 0.3884    ndcg@50 : 0.4099    precision@1 : 0.2074    precision@2 : 0.1737    precision@3 : 0.1508    precision@4 : 0.1365    precision@5 : 0.1237    precision@10 : 0.0897    precision@20 : 0.0615    precision@30 : 0.0471    precision@50 : 0.0327    map@1 : 0.2074    map@2 : 0.205    map@3 : 0.2091    map@4 : 0.2161    map@5 : 0.2216    map@10 : 0.2419    map@20 : 0.2563    map@30 : 0.2619    map@50 : 0.2666
Sun 15 Mar 2026 21:15:43 INFO  Saving current: saved/LightGCN-Mar-15-2026_21-13-37.pth
Sun 15 Mar 2026 21:15:46 INFO  epoch 19 training [time: 3.14s, train loss: 97.4916]
Sun 15 Mar 2026 21:15:50 INFO  epoch 19 evaluating [time: 3.44s, valid_score: 0.325500]
Sun 15 Mar 2026 21:15:50 INFO  valid result: 
recall@1 : 0.1251    recall@2 : 0.2126    recall@3 : 0.2681    recall@4 : 0.3177    recall@5 : 0.3515    recall@10 : 0.4793    recall@20 : 0.6293    recall@30 : 0.6973    recall@50 : 0.7927    ndcg@1 : 0.2032    ndcg@2 : 0.2316    ndcg@3 : 0.2497    ndcg@4 : 0.2679    ndcg@5 : 0.2803    ndcg@10 : 0.3255    ndcg@20 : 0.3698    ndcg@30 : 0.3883    ndcg@50 : 0.4103    precision@1 : 0.2032    precision@2 : 0.1755    precision@3 : 0.1518    precision@4 : 0.1381    precision@5 : 0.1254    precision@10 : 0.0902    precision@20 : 0.0618    precision@30 : 0.0473    precision@50 : 0.0328    map@1 : 0.2032    map@2 : 0.2038    map@3 : 0.208    map@4 : 0.2155    map@5 : 0.2211    map@10 : 0.2407    map@20 : 0.2554    map@30 : 0.2609    map@50 : 0.2656
Sun 15 Mar 2026 21:15:53 INFO  epoch 20 training [time: 3.17s, train loss: 97.1289]
Sun 15 Mar 2026 21:15:56 INFO  epoch 20 evaluating [time: 3.33s, valid_score: 0.328800]
Sun 15 Mar 2026 21:15:56 INFO  valid result: 
recall@1 : 0.1261    recall@2 : 0.221    recall@3 : 0.2695    recall@4 : 0.3179    recall@5 : 0.3498    recall@10 : 0.4842    recall@20 : 0.6349    recall@30 : 0.699    recall@50 : 0.7896    ndcg@1 : 0.2032    ndcg@2 : 0.2372    ndcg@3 : 0.2516    ndcg@4 : 0.2694    ndcg@5 : 0.2814    ndcg@10 : 0.3288    ndcg@20 : 0.3736    ndcg@30 : 0.391    ndcg@50 : 0.4121    precision@1 : 0.2032    precision@2 : 0.1803    precision@3 : 0.1524    precision@4 : 0.1381    precision@5 : 0.1257    precision@10 : 0.0905    precision@20 : 0.0625    precision@30 : 0.0474    precision@50 : 0.0328    map@1 : 0.2032    map@2 : 0.2081    map@3 : 0.21    map@4 : 0.2173    map@5 : 0.2228    map@10 : 0.2435    map@20 : 0.2586    map@30 : 0.2637    map@50 : 0.2683
Sun 15 Mar 2026 21:15:56 INFO  Saving current: saved/LightGCN-Mar-15-2026_21-13-37.pth
Sun 15 Mar 2026 21:15:59 INFO  epoch 21 training [time: 3.30s, train loss: 96.2769]
Sun 15 Mar 2026 21:16:03 INFO  epoch 21 evaluating [time: 3.44s, valid_score: 0.330600]
Sun 15 Mar 2026 21:16:03 INFO  valid result: 
recall@1 : 0.1264    recall@2 : 0.2248    recall@3 : 0.2705    recall@4 : 0.3173    recall@5 : 0.3521    recall@10 : 0.4852    recall@20 : 0.635    recall@30 : 0.7008    recall@50 : 0.7944    ndcg@1 : 0.2056    ndcg@2 : 0.2423    ndcg@3 : 0.2539    ndcg@4 : 0.271    ndcg@5 : 0.2839    ndcg@10 : 0.3306    ndcg@20 : 0.3752    ndcg@30 : 0.393    ndcg@50 : 0.4147    precision@1 : 0.2056    precision@2 : 0.1859    precision@3 : 0.1544    precision@4 : 0.1395    precision@5 : 0.1272    precision@10 : 0.091    precision@20 : 0.0625    precision@30 : 0.0474    precision@50 : 0.0329    map@1 : 0.2056    map@2 : 0.2123    map@3 : 0.2117    map@4 : 0.2191    map@5 : 0.225    map@10 : 0.2452    map@20 : 0.2601    map@30 : 0.2653    map@50 : 0.2701
Sun 15 Mar 2026 21:16:03 INFO  Saving current: saved/LightGCN-Mar-15-2026_21-13-37.pth
Sun 15 Mar 2026 21:16:06 INFO  epoch 22 training [time: 3.55s, train loss: 93.1995]
Sun 15 Mar 2026 21:16:10 INFO  epoch 22 evaluating [time: 3.22s, valid_score: 0.333600]
Sun 15 Mar 2026 21:16:10 INFO  valid result: 
recall@1 : 0.1287    recall@2 : 0.226    recall@3 : 0.2711    recall@4 : 0.3196    recall@5 : 0.3514    recall@10 : 0.4895    recall@20 : 0.6341    recall@30 : 0.7003    recall@50 : 0.7955    ndcg@1 : 0.2092    ndcg@2 : 0.2452    ndcg@3 : 0.2565    ndcg@4 : 0.2739    ndcg@5 : 0.2851    ndcg@10 : 0.3336    ndcg@20 : 0.3767    ndcg@30 : 0.3947    ndcg@50 : 0.4167    precision@1 : 0.2092    precision@2 : 0.1883    precision@3 : 0.1565    precision@4 : 0.1415    precision@5 : 0.1271    precision@10 : 0.0916    precision@20 : 0.0624    precision@30 : 0.0476    precision@50 : 0.033    map@1 : 0.2092    map@2 : 0.2151    map@3 : 0.2142    map@4 : 0.2217    map@5 : 0.2264    map@10 : 0.2473    map@20 : 0.262    map@30 : 0.2674    map@50 : 0.2721
Sun 15 Mar 2026 21:16:10 INFO  Saving current: saved/LightGCN-Mar-15-2026_21-13-37.pth
Sun 15 Mar 2026 21:16:13 INFO  epoch 23 training [time: 3.46s, train loss: 91.7779]
Sun 15 Mar 2026 21:16:16 INFO  epoch 23 evaluating [time: 3.39s, valid_score: 0.335200]
Sun 15 Mar 2026 21:16:16 INFO  valid result: 
recall@1 : 0.1299    recall@2 : 0.2247    recall@3 : 0.2745    recall@4 : 0.3203    recall@5 : 0.3577    recall@10 : 0.4905    recall@20 : 0.6364    recall@30 : 0.7039    recall@50 : 0.7994    ndcg@1 : 0.2116    ndcg@2 : 0.2449    ndcg@3 : 0.2592    ndcg@4 : 0.2749    ndcg@5 : 0.2886    ndcg@10 : 0.3352    ndcg@20 : 0.379    ndcg@30 : 0.3971    ndcg@50 : 0.4191    precision@1 : 0.2116    precision@2 : 0.1877    precision@3 : 0.1593    precision@4 : 0.1415    precision@5 : 0.1292    precision@10 : 0.092    precision@20 : 0.0628    precision@30 : 0.0477    precision@50 : 0.0331    map@1 : 0.2116    map@2 : 0.2154    map@3 : 0.2166    map@4 : 0.2224    map@5 : 0.2287    map@10 : 0.249    map@20 : 0.2638    map@30 : 0.2691    map@50 : 0.2739
Sun 15 Mar 2026 21:16:16 INFO  Saving current: saved/LightGCN-Mar-15-2026_21-13-37.pth
Sun 15 Mar 2026 21:16:20 INFO  epoch 24 training [time: 3.41s, train loss: 91.7391]
Sun 15 Mar 2026 21:16:23 INFO  epoch 24 evaluating [time: 3.48s, valid_score: 0.336400]
Sun 15 Mar 2026 21:16:23 INFO  valid result: 
recall@1 : 0.1278    recall@2 : 0.2232    recall@3 : 0.2758    recall@4 : 0.3265    recall@5 : 0.3591    recall@10 : 0.4941    recall@20 : 0.6375    recall@30 : 0.7093    recall@50 : 0.7984    ndcg@1 : 0.211    ndcg@2 : 0.2432    ndcg@3 : 0.2592    ndcg@4 : 0.2771    ndcg@5 : 0.2887    ndcg@10 : 0.3364    ndcg@20 : 0.3791    ndcg@30 : 0.3983    ndcg@50 : 0.4191    precision@1 : 0.211    precision@2 : 0.1874    precision@3 : 0.1605    precision@4 : 0.1439    precision@5 : 0.1293    precision@10 : 0.093    precision@20 : 0.0629    precision@30 : 0.0481    precision@50 : 0.0332    map@1 : 0.211    map@2 : 0.2135    map@3 : 0.216    map@4 : 0.2232    map@5 : 0.2282    map@10 : 0.249    map@20 : 0.2634    map@30 : 0.2691    map@50 : 0.2737
Sun 15 Mar 2026 21:16:23 INFO  Saving current: saved/LightGCN-Mar-15-2026_21-13-37.pth
Sun 15 Mar 2026 21:16:27 INFO  epoch 25 training [time: 3.21s, train loss: 90.4655]
Sun 15 Mar 2026 21:16:30 INFO  epoch 25 evaluating [time: 3.25s, valid_score: 0.338200]
Sun 15 Mar 2026 21:16:30 INFO  valid result: 
recall@1 : 0.1267    recall@2 : 0.2224    recall@3 : 0.2781    recall@4 : 0.3268    recall@5 : 0.3612    recall@10 : 0.4992    recall@20 : 0.6415    recall@30 : 0.7132    recall@50 : 0.8031    ndcg@1 : 0.2116    ndcg@2 : 0.2417    ndcg@3 : 0.2602    ndcg@4 : 0.2771    ndcg@5 : 0.2894    ndcg@10 : 0.3382    ndcg@20 : 0.3805    ndcg@30 : 0.3996    ndcg@50 : 0.4206    precision@1 : 0.2116    precision@2 : 0.1862    precision@3 : 0.1621    precision@4 : 0.1441    precision@5 : 0.1302    precision@10 : 0.094    precision@20 : 0.0633    precision@30 : 0.0483    precision@50 : 0.0334    map@1 : 0.2116    map@2 : 0.2123    map@3 : 0.2162    map@4 : 0.2231    map@5 : 0.2284    map@10 : 0.2497    map@20 : 0.2639    map@30 : 0.2696    map@50 : 0.2743
Sun 15 Mar 2026 21:16:30 INFO  Saving current: saved/LightGCN-Mar-15-2026_21-13-37.pth
Sun 15 Mar 2026 21:16:33 INFO  epoch 26 training [time: 3.33s, train loss: 88.5983]
Sun 15 Mar 2026 21:16:36 INFO  epoch 26 evaluating [time: 3.16s, valid_score: 0.344700]
Sun 15 Mar 2026 21:16:36 INFO  valid result: 
recall@1 : 0.1344    recall@2 : 0.2321    recall@3 : 0.2856    recall@4 : 0.3317    recall@5 : 0.365    recall@10 : 0.5039    recall@20 : 0.6439    recall@30 : 0.718    recall@50 : 0.8076    ndcg@1 : 0.2193    ndcg@2 : 0.2513    ndcg@3 : 0.2681    ndcg@4 : 0.2842    ndcg@5 : 0.2961    ndcg@10 : 0.3447    ndcg@20 : 0.3868    ndcg@30 : 0.4064    ndcg@50 : 0.4274    precision@1 : 0.2193    precision@2 : 0.1928    precision@3 : 0.1649    precision@4 : 0.1462    precision@5 : 0.1316    precision@10 : 0.0943    precision@20 : 0.0636    precision@30 : 0.0485    precision@50 : 0.0336    map@1 : 0.2193    map@2 : 0.2211    map@3 : 0.2242    map@4 : 0.2305    map@5 : 0.2355    map@10 : 0.2565    map@20 : 0.271    map@30 : 0.2768    map@50 : 0.2816
Sun 15 Mar 2026 21:16:36 INFO  Saving current: saved/LightGCN-Mar-15-2026_21-13-37.pth
Sun 15 Mar 2026 21:16:40 INFO  epoch 27 training [time: 3.25s, train loss: 87.0851]
Sun 15 Mar 2026 21:16:43 INFO  epoch 27 evaluating [time: 3.40s, valid_score: 0.344600]
Sun 15 Mar 2026 21:16:43 INFO  valid result: 
recall@1 : 0.1356    recall@2 : 0.2307    recall@3 : 0.2836    recall@4 : 0.3329    recall@5 : 0.3664    recall@10 : 0.5009    recall@20 : 0.6452    recall@30 : 0.7218    recall@50 : 0.8107    ndcg@1 : 0.2211    ndcg@2 : 0.2519    ndcg@3 : 0.2679    ndcg@4 : 0.285    ndcg@5 : 0.2971    ndcg@10 : 0.3446    ndcg@20 : 0.3879    ndcg@30 : 0.4079    ndcg@50 : 0.4288    precision@1 : 0.2211    precision@2 : 0.1937    precision@3 : 0.1647    precision@4 : 0.1466    precision@5 : 0.1322    precision@10 : 0.0946    precision@20 : 0.064    precision@30 : 0.0488    precision@50 : 0.0337    map@1 : 0.2211    map@2 : 0.2221    map@3 : 0.2246    map@4 : 0.2314    map@5 : 0.2364    map@10 : 0.2571    map@20 : 0.272    map@30 : 0.2779    map@50 : 0.2826
Sun 15 Mar 2026 21:16:46 INFO  epoch 28 training [time: 2.94s, train loss: 86.4580]
Sun 15 Mar 2026 21:16:49 INFO  epoch 28 evaluating [time: 3.33s, valid_score: 0.344400]
Sun 15 Mar 2026 21:16:49 INFO  valid result: 
recall@1 : 0.1329    recall@2 : 0.2307    recall@3 : 0.2846    recall@4 : 0.3297    recall@5 : 0.3697    recall@10 : 0.503    recall@20 : 0.6471    recall@30 : 0.7229    recall@50 : 0.8138    ndcg@1 : 0.2163    ndcg@2 : 0.2503    ndcg@3 : 0.2669    ndcg@4 : 0.2825    ndcg@5 : 0.2973    ndcg@10 : 0.3444    ndcg@20 : 0.3875    ndcg@30 : 0.4075    ndcg@50 : 0.4287    precision@1 : 0.2163    precision@2 : 0.1931    precision@3 : 0.1645    precision@4 : 0.1459    precision@5 : 0.1334    precision@10 : 0.0953    precision@20 : 0.0642    precision@30 : 0.0489    precision@50 : 0.0338    map@1 : 0.2163    map@2 : 0.2199    map@3 : 0.2228    map@4 : 0.2289    map@5 : 0.2357    map@10 : 0.2562    map@20 : 0.271    map@30 : 0.2768    map@50 : 0.2817
Sun 15 Mar 2026 21:16:52 INFO  epoch 29 training [time: 3.06s, train loss: 84.9428]
Sun 15 Mar 2026 21:16:56 INFO  epoch 29 evaluating [time: 3.39s, valid_score: 0.344200]
Sun 15 Mar 2026 21:16:56 INFO  valid result: 
recall@1 : 0.1305    recall@2 : 0.2289    recall@3 : 0.2824    recall@4 : 0.3306    recall@5 : 0.3728    recall@10 : 0.5052    recall@20 : 0.6466    recall@30 : 0.7228    recall@50 : 0.8149    ndcg@1 : 0.2139    ndcg@2 : 0.2489    ndcg@3 : 0.2651    ndcg@4 : 0.2821    ndcg@5 : 0.2977    ndcg@10 : 0.3442    ndcg@20 : 0.3864    ndcg@30 : 0.4065    ndcg@50 : 0.4281    precision@1 : 0.2139    precision@2 : 0.1928    precision@3 : 0.1645    precision@4 : 0.1471    precision@5 : 0.1348    precision@10 : 0.0959    precision@20 : 0.0641    precision@30 : 0.0489    precision@50 : 0.0339    map@1 : 0.2139    map@2 : 0.2181    map@3 : 0.2208    map@4 : 0.2278    map@5 : 0.235    map@10 : 0.255    map@20 : 0.2696    map@30 : 0.2754    map@50 : 0.2804
Sun 15 Mar 2026 21:16:59 INFO  epoch 30 training [time: 3.07s, train loss: 82.7288]
Sun 15 Mar 2026 21:17:02 INFO  epoch 30 evaluating [time: 3.20s, valid_score: 0.345500]
Sun 15 Mar 2026 21:17:02 INFO  valid result: 
recall@1 : 0.1325    recall@2 : 0.2274    recall@3 : 0.2849    recall@4 : 0.3306    recall@5 : 0.3699    recall@10 : 0.5063    recall@20 : 0.6491    recall@30 : 0.7279    recall@50 : 0.8151    ndcg@1 : 0.2181    ndcg@2 : 0.249    ndcg@3 : 0.2675    ndcg@4 : 0.283    ndcg@5 : 0.2973    ndcg@10 : 0.3455    ndcg@20 : 0.3881    ndcg@30 : 0.4087    ndcg@50 : 0.4294    precision@1 : 0.2181    precision@2 : 0.1919    precision@3 : 0.1659    precision@4 : 0.1471    precision@5 : 0.1337    precision@10 : 0.0962    precision@20 : 0.0643    precision@30 : 0.0492    precision@50 : 0.034    map@1 : 0.2181    map@2 : 0.2184    map@3 : 0.2226    map@4 : 0.2287    map@5 : 0.2352    map@10 : 0.2562    map@20 : 0.2708    map@30 : 0.2768    map@50 : 0.2817
Sun 15 Mar 2026 21:17:02 INFO  Saving current: saved/LightGCN-Mar-15-2026_21-13-37.pth
Sun 15 Mar 2026 21:17:05 INFO  epoch 31 training [time: 3.04s, train loss: 82.0105]
Sun 15 Mar 2026 21:17:08 INFO  epoch 31 evaluating [time: 3.41s, valid_score: 0.343700]
Sun 15 Mar 2026 21:17:08 INFO  valid result: 
recall@1 : 0.1346    recall@2 : 0.2246    recall@3 : 0.2832    recall@4 : 0.3266    recall@5 : 0.3667    recall@10 : 0.4993    recall@20 : 0.6463    recall@30 : 0.7186    recall@50 : 0.816    ndcg@1 : 0.2217    ndcg@2 : 0.2485    ndcg@3 : 0.2673    ndcg@4 : 0.2816    ndcg@5 : 0.2964    ndcg@10 : 0.3437    ndcg@20 : 0.387    ndcg@30 : 0.4062    ndcg@50 : 0.4289    precision@1 : 0.2217    precision@2 : 0.191    precision@3 : 0.1657    precision@4 : 0.1456    precision@5 : 0.1333    precision@10 : 0.0964    precision@20 : 0.0643    precision@30 : 0.0489    precision@50 : 0.034    map@1 : 0.2217    map@2 : 0.2184    map@3 : 0.2227    map@4 : 0.2283    map@5 : 0.2349    map@10 : 0.2556    map@20 : 0.2703    map@30 : 0.276    map@50 : 0.2812
Sun 15 Mar 2026 21:17:12 INFO  epoch 32 training [time: 3.29s, train loss: 80.0942]
Sun 15 Mar 2026 21:17:15 INFO  epoch 32 evaluating [time: 3.30s, valid_score: 0.345200]
Sun 15 Mar 2026 21:17:15 INFO  valid result: 
recall@1 : 0.1352    recall@2 : 0.2233    recall@3 : 0.282    recall@4 : 0.3268    recall@5 : 0.368    recall@10 : 0.5034    recall@20 : 0.6534    recall@30 : 0.7296    recall@50 : 0.814    ndcg@1 : 0.2235    ndcg@2 : 0.2481    ndcg@3 : 0.2664    ndcg@4 : 0.2815    ndcg@5 : 0.2971    ndcg@10 : 0.3452    ndcg@20 : 0.3893    ndcg@30 : 0.4096    ndcg@50 : 0.4296    precision@1 : 0.2235    precision@2 : 0.1904    precision@3 : 0.1643    precision@4 : 0.1451    precision@5 : 0.1338    precision@10 : 0.0967    precision@20 : 0.0647    precision@30 : 0.0495    precision@50 : 0.034    map@1 : 0.2235    map@2 : 0.218    map@3 : 0.222    map@4 : 0.2281    map@5 : 0.2353    map@10 : 0.2563    map@20 : 0.2713    map@30 : 0.2773    map@50 : 0.282
Sun 15 Mar 2026 21:17:18 INFO  epoch 33 training [time: 3.15s, train loss: 79.4768]
Sun 15 Mar 2026 21:17:22 INFO  epoch 33 evaluating [time: 3.47s, valid_score: 0.347000]
Sun 15 Mar 2026 21:17:22 INFO  valid result: 
recall@1 : 0.134    recall@2 : 0.2248    recall@3 : 0.2823    recall@4 : 0.3283    recall@5 : 0.369    recall@10 : 0.5089    recall@20 : 0.6574    recall@30 : 0.7331    recall@50 : 0.8163    ndcg@1 : 0.2229    ndcg@2 : 0.2499    ndcg@3 : 0.2662    ndcg@4 : 0.2822    ndcg@5 : 0.2976    ndcg@10 : 0.347    ndcg@20 : 0.3908    ndcg@30 : 0.4109    ndcg@50 : 0.4305    precision@1 : 0.2229    precision@2 : 0.1931    precision@3 : 0.1637    precision@4 : 0.1457    precision@5 : 0.1346    precision@10 : 0.0973    precision@20 : 0.065    precision@30 : 0.0498    precision@50 : 0.0341    map@1 : 0.2229    map@2 : 0.2199    map@3 : 0.2219    map@4 : 0.2283    map@5 : 0.2354    map@10 : 0.2569    map@20 : 0.2719    map@30 : 0.2779    map@50 : 0.2825
Sun 15 Mar 2026 21:17:22 INFO  Saving current: saved/LightGCN-Mar-15-2026_21-13-37.pth
Sun 15 Mar 2026 21:17:25 INFO  epoch 34 training [time: 3.17s, train loss: 77.6570]
Sun 15 Mar 2026 21:17:28 INFO  epoch 34 evaluating [time: 3.42s, valid_score: 0.347200]
Sun 15 Mar 2026 21:17:28 INFO  valid result: 
recall@1 : 0.1328    recall@2 : 0.227    recall@3 : 0.2865    recall@4 : 0.3331    recall@5 : 0.3733    recall@10 : 0.5082    recall@20 : 0.6571    recall@30 : 0.7336    recall@50 : 0.8162    ndcg@1 : 0.2199    ndcg@2 : 0.2498    ndcg@3 : 0.2685    ndcg@4 : 0.2844    ndcg@5 : 0.2995    ndcg@10 : 0.3472    ndcg@20 : 0.3909    ndcg@30 : 0.4113    ndcg@50 : 0.4307    precision@1 : 0.2199    precision@2 : 0.1931    precision@3 : 0.1663    precision@4 : 0.1473    precision@5 : 0.1354    precision@10 : 0.0973    precision@20 : 0.0651    precision@30 : 0.0499    precision@50 : 0.034    map@1 : 0.2199    map@2 : 0.2196    map@3 : 0.2237    map@4 : 0.23    map@5 : 0.2368    map@10 : 0.2574    map@20 : 0.2723    map@30 : 0.2784    map@50 : 0.2829
Sun 15 Mar 2026 21:17:28 INFO  Saving current: saved/LightGCN-Mar-15-2026_21-13-37.pth
Sun 15 Mar 2026 21:17:31 INFO  epoch 35 training [time: 3.06s, train loss: 75.3456]
Sun 15 Mar 2026 21:17:35 INFO  epoch 35 evaluating [time: 3.43s, valid_score: 0.350600]
Sun 15 Mar 2026 21:17:35 INFO  valid result: 
recall@1 : 0.1398    recall@2 : 0.2312    recall@3 : 0.2878    recall@4 : 0.3362    recall@5 : 0.3739    recall@10 : 0.5074    recall@20 : 0.6517    recall@30 : 0.7223    recall@50 : 0.8133    ndcg@1 : 0.2265    ndcg@2 : 0.2555    ndcg@3 : 0.2722    ndcg@4 : 0.2892    ndcg@5 : 0.3032    ndcg@10 : 0.3506    ndcg@20 : 0.3933    ndcg@30 : 0.4124    ndcg@50 : 0.4335    precision@1 : 0.2265    precision@2 : 0.1961    precision@3 : 0.1667    precision@4 : 0.1487    precision@5 : 0.1359    precision@10 : 0.0973    precision@20 : 0.0649    precision@30 : 0.0496    precision@50 : 0.0341    map@1 : 0.2265    map@2 : 0.2253    map@3 : 0.2279    map@4 : 0.2353    map@5 : 0.2416    map@10 : 0.2621    map@20 : 0.2769    map@30 : 0.2827    map@50 : 0.2875
Sun 15 Mar 2026 21:17:35 INFO  Saving current: saved/LightGCN-Mar-15-2026_21-13-37.pth
Sun 15 Mar 2026 21:17:38 INFO  epoch 36 training [time: 3.32s, train loss: 75.3105]
Sun 15 Mar 2026 21:17:41 INFO  epoch 36 evaluating [time: 3.34s, valid_score: 0.353300]
Sun 15 Mar 2026 21:17:41 INFO  valid result: 
recall@1 : 0.1441    recall@2 : 0.2277    recall@3 : 0.2907    recall@4 : 0.3362    recall@5 : 0.3715    recall@10 : 0.5112    recall@20 : 0.654    recall@30 : 0.7207    recall@50 : 0.8094    ndcg@1 : 0.2312    ndcg@2 : 0.2545    ndcg@3 : 0.2751    ndcg@4 : 0.2907    ndcg@5 : 0.3039    ndcg@10 : 0.3533    ndcg@20 : 0.3954    ndcg@30 : 0.4136    ndcg@50 : 0.4344    precision@1 : 0.2312    precision@2 : 0.1937    precision@3 : 0.1685    precision@4 : 0.1493    precision@5 : 0.1358    precision@10 : 0.0982    precision@20 : 0.0651    precision@30 : 0.0495    precision@50 : 0.034    map@1 : 0.2312    map@2 : 0.2251    map@3 : 0.2306    map@4 : 0.237    map@5 : 0.2429    map@10 : 0.2644    map@20 : 0.2789    map@30 : 0.2846    map@50 : 0.2894
Sun 15 Mar 2026 21:17:41 INFO  Saving current: saved/LightGCN-Mar-15-2026_21-13-37.pth
Sun 15 Mar 2026 21:17:44 INFO  epoch 37 training [time: 3.07s, train loss: 73.3856]
Sun 15 Mar 2026 21:17:48 INFO  epoch 37 evaluating [time: 3.42s, valid_score: 0.354100]
Sun 15 Mar 2026 21:17:48 INFO  valid result: 
recall@1 : 0.1456    recall@2 : 0.2289    recall@3 : 0.2901    recall@4 : 0.3373    recall@5 : 0.3762    recall@10 : 0.5103    recall@20 : 0.6518    recall@30 : 0.7253    recall@50 : 0.81    ndcg@1 : 0.2336    ndcg@2 : 0.2561    ndcg@3 : 0.2755    ndcg@4 : 0.2921    ndcg@5 : 0.3069    ndcg@10 : 0.3541    ndcg@20 : 0.3961    ndcg@30 : 0.4161    ndcg@50 : 0.4359    precision@1 : 0.2336    precision@2 : 0.1949    precision@3 : 0.1683    precision@4 : 0.15    precision@5 : 0.1375    precision@10 : 0.0979    precision@20 : 0.0649    precision@30 : 0.0498    precision@50 : 0.034    map@1 : 0.2336    map@2 : 0.2266    map@3 : 0.2315    map@4 : 0.2386    map@5 : 0.2454    map@10 : 0.2658    map@20 : 0.2804    map@30 : 0.2865    map@50 : 0.2911
Sun 15 Mar 2026 21:17:48 INFO  Saving current: saved/LightGCN-Mar-15-2026_21-13-37.pth
Sun 15 Mar 2026 21:17:51 INFO  epoch 38 training [time: 3.34s, train loss: 72.1449]
Sun 15 Mar 2026 21:17:55 INFO  epoch 38 evaluating [time: 3.43s, valid_score: 0.355500]
Sun 15 Mar 2026 21:17:55 INFO  valid result: 
recall@1 : 0.1465    recall@2 : 0.23    recall@3 : 0.2886    recall@4 : 0.3383    recall@5 : 0.3765    recall@10 : 0.5135    recall@20 : 0.6529    recall@30 : 0.7245    recall@50 : 0.8086    ndcg@1 : 0.2336    ndcg@2 : 0.257    ndcg@3 : 0.2748    ndcg@4 : 0.2928    ndcg@5 : 0.3072    ndcg@10 : 0.3555    ndcg@20 : 0.3969    ndcg@30 : 0.4163    ndcg@50 : 0.4362    precision@1 : 0.2336    precision@2 : 0.1955    precision@3 : 0.1671    precision@4 : 0.1503    precision@5 : 0.1372    precision@10 : 0.0983    precision@20 : 0.065    precision@30 : 0.0498    precision@50 : 0.034    map@1 : 0.2336    map@2 : 0.2275    map@3 : 0.2312    map@4 : 0.239    map@5 : 0.2457    map@10 : 0.2666    map@20 : 0.2811    map@30 : 0.287    map@50 : 0.2918
Sun 15 Mar 2026 21:17:55 INFO  Saving current: saved/LightGCN-Mar-15-2026_21-13-37.pth
Sun 15 Mar 2026 21:17:58 INFO  epoch 39 training [time: 3.40s, train loss: 71.1915]
Sun 15 Mar 2026 21:18:01 INFO  epoch 39 evaluating [time: 3.34s, valid_score: 0.357100]
Sun 15 Mar 2026 21:18:01 INFO  valid result: 
recall@1 : 0.1453    recall@2 : 0.233    recall@3 : 0.292    recall@4 : 0.3385    recall@5 : 0.378    recall@10 : 0.5176    recall@20 : 0.6547    recall@30 : 0.7252    recall@50 : 0.8108    ndcg@1 : 0.2312    ndcg@2 : 0.2576    ndcg@3 : 0.2768    ndcg@4 : 0.2932    ndcg@5 : 0.308    ndcg@10 : 0.3571    ndcg@20 : 0.3979    ndcg@30 : 0.4173    ndcg@50 : 0.4373    precision@1 : 0.2312    precision@2 : 0.1961    precision@3 : 0.1694    precision@4 : 0.1511    precision@5 : 0.1379    precision@10 : 0.0989    precision@20 : 0.0652    precision@30 : 0.0499    precision@50 : 0.0341    map@1 : 0.2312    map@2 : 0.2275    map@3 : 0.2324    map@4 : 0.2392    map@5 : 0.2464    map@10 : 0.2677    map@20 : 0.2819    map@30 : 0.288    map@50 : 0.2926
Sun 15 Mar 2026 21:18:01 INFO  Saving current: saved/LightGCN-Mar-15-2026_21-13-37.pth
Sun 15 Mar 2026 21:18:05 INFO  epoch 40 training [time: 3.35s, train loss: 70.2976]
Sun 15 Mar 2026 21:18:08 INFO  epoch 40 evaluating [time: 3.48s, valid_score: 0.359200]
Sun 15 Mar 2026 21:18:08 INFO  valid result: 
recall@1 : 0.147    recall@2 : 0.2345    recall@3 : 0.294    recall@4 : 0.3406    recall@5 : 0.3788    recall@10 : 0.5194    recall@20 : 0.6558    recall@30 : 0.7246    recall@50 : 0.8106    ndcg@1 : 0.2336    ndcg@2 : 0.2605    ndcg@3 : 0.2789    ndcg@4 : 0.2952    ndcg@5 : 0.3095    ndcg@10 : 0.3592    ndcg@20 : 0.3998    ndcg@30 : 0.4187    ndcg@50 : 0.4389    precision@1 : 0.2336    precision@2 : 0.1987    precision@3 : 0.1702    precision@4 : 0.1515    precision@5 : 0.1381    precision@10 : 0.0993    precision@20 : 0.0653    precision@30 : 0.0499    precision@50 : 0.0341    map@1 : 0.2336    map@2 : 0.2303    map@3 : 0.2339    map@4 : 0.2411    map@5 : 0.248    map@10 : 0.2696    map@20 : 0.2839    map@30 : 0.2897    map@50 : 0.2944
Sun 15 Mar 2026 21:18:08 INFO  Saving current: saved/LightGCN-Mar-15-2026_21-13-37.pth
Sun 15 Mar 2026 21:18:11 INFO  epoch 41 training [time: 3.22s, train loss: 68.5079]
