Sun 15 Mar 2026 21:04:13 INFO  
General Hyper Parameters:
gpu_id = 0
use_gpu = True
seed = 2021
state = INFO
reproducibility = True
data_path = ./travel
checkpoint_dir = saved
show_progress = True
save_dataset = False
dataset_save_path = None
save_dataloaders = False
dataloaders_save_path = None
log_wandb = False

Training Hyper Parameters:
epochs = 1000
train_batch_size = 100
learner = adam
learning_rate = 0.001
train_neg_sample_args = {'distribution': 'uniform', 'sample_num': 1, 'alpha': 1.0, 'dynamic': False, 'candidate_num': 0}
eval_step = 1
stopping_step = 20
clip_grad_norm = None
weight_decay = 0.0
loss_decimal_place = 4

Evaluation Hyper Parameters:
eval_args = {'split': {'RS': [0.8, 0.1, 0.1]}, 'order': 'RO', 'group_by': 'user', 'mode': {'valid': 'full', 'test': 'full'}}
repeatable = False
metrics = ['Recall', 'NDCG', 'Precision', 'MAP']
topk = [1, 2, 3, 4, 5, 10, 20, 30, 50]
valid_metric = NDCG@10
valid_metric_bigger = True
eval_batch_size = 100
metric_decimal_place = 4

Dataset Hyper Parameters:
field_separator = 	
seq_separator =  
USER_ID_FIELD = user_id
ITEM_ID_FIELD = item_id
RATING_FIELD = rating
TIME_FIELD = timestamp
seq_len = None
LABEL_FIELD = label
threshold = None
NEG_PREFIX = neg_
load_col = {'inter': ['user_id', 'item_id', 'rating'], 'user': ['user_id', 'post_num', 'follower', 'following', 'timestamp']}
unload_col = None
unused_col = None
additional_feat_suffix = None
rm_dup_inter = None
val_interval = {'rating': '[0,inf)'}
filter_inter_by_user_or_item = True
user_inter_num_interval = [0,inf)
item_inter_num_interval = [0,inf)
alias_of_user_id = None
alias_of_item_id = None
alias_of_entity_id = None
alias_of_relation_id = None
preload_weight = None
normalize_field = None
normalize_all = None
ITEM_LIST_LENGTH_FIELD = item_length
LIST_SUFFIX = _list
MAX_ITEM_LIST_LENGTH = 50
POSITION_FIELD = position_id
HEAD_ENTITY_ID_FIELD = head_id
TAIL_ENTITY_ID_FIELD = tail_id
RELATION_ID_FIELD = relation_id
ENTITY_ID_FIELD = entity_id
benchmark_filename = None

Other Hyper Parameters: 
worker = 0
wandb_project = recbole
shuffle = True
require_pow = False
enable_amp = False
enable_scaler = False
transform = None
embedding_size = 64
n_layers = 3
reg_weight = 0.0001
numerical_features = []
discretization = None
kg_reverse_r = False
entity_kg_num_interval = [0,inf)
relation_kg_num_interval = [0,inf)
MODEL_TYPE = ModelType.GENERAL
MODEL_INPUT_TYPE = InputType.PAIRWISE
eval_type = EvaluatorType.RANKING
single_spec = True
local_rank = 0
device = cuda
valid_neg_sample_args = {'distribution': 'uniform', 'sample_num': 'none'}
test_neg_sample_args = {'distribution': 'uniform', 'sample_num': 'none'}


Sun 15 Mar 2026 21:04:13 INFO  travel
The number of users: 2010
Average actions of users: 18.721254355400696
The number of items: 247
Average actions of items: 152.890243902439
The number of inters: 37611
The sparsity of the dataset: 92.42431566862047%
Remain Fields: ['user_id', 'item_id', 'rating', 'post_num', 'follower', 'following', 'timestamp']
Sun 15 Mar 2026 21:04:13 INFO  [Training]: train_batch_size = [100] train_neg_sample_args: [{'distribution': 'uniform', 'sample_num': 1, 'alpha': 1.0, 'dynamic': False, 'candidate_num': 0}]
Sun 15 Mar 2026 21:04:13 INFO  [Evaluation]: eval_batch_size = [100] eval_args: [{'split': {'RS': [0.8, 0.1, 0.1]}, 'order': 'RO', 'group_by': 'user', 'mode': {'valid': 'full', 'test': 'full'}}]
Sun 15 Mar 2026 21:04:15 INFO  LightGCN(
  (user_embedding): Embedding(2010, 64)
  (item_embedding): Embedding(247, 64)
  (mf_loss): BPRLoss()
  (reg_loss): EmbLoss()
)
Trainable parameters: 144448
Sun 15 Mar 2026 21:04:15 INFO  trainable parameters: 144448
Sun 15 Mar 2026 21:04:19 INFO  epoch 0 training [time: 3.83s, train loss: 158.5087]
Sun 15 Mar 2026 21:04:23 INFO  epoch 0 evaluating [time: 3.48s, valid_score: 0.313200]
Sun 15 Mar 2026 21:04:23 INFO  valid result: 
recall@1 : 0.1208    recall@2 : 0.2116    recall@3 : 0.2777    recall@4 : 0.3184    recall@5 : 0.3482    recall@10 : 0.4592    recall@20 : 0.5917    recall@30 : 0.6687    recall@50 : 0.7767    ndcg@1 : 0.1943    ndcg@2 : 0.2237    ndcg@3 : 0.249    ndcg@4 : 0.2632    ndcg@5 : 0.2742    ndcg@10 : 0.3132    ndcg@20 : 0.3518    ndcg@30 : 0.3727    ndcg@50 : 0.3985    precision@1 : 0.1943    precision@2 : 0.1669    precision@3 : 0.1488    precision@4 : 0.1316    precision@5 : 0.1182    precision@10 : 0.083    precision@20 : 0.0556    precision@30 : 0.0438    precision@50 : 0.0319    map@1 : 0.1943    map@2 : 0.1971    map@3 : 0.2062    map@4 : 0.2114    map@5 : 0.2157    map@10 : 0.232    map@20 : 0.244    map@30 : 0.2498    map@50 : 0.2555
Sun 15 Mar 2026 21:04:23 INFO  Saving current: saved/LightGCN-Mar-15-2026_21-04-15.pth
Sun 15 Mar 2026 21:04:26 INFO  epoch 1 training [time: 3.32s, train loss: 124.1737]
Sun 15 Mar 2026 21:04:30 INFO  epoch 1 evaluating [time: 3.34s, valid_score: 0.312900]
Sun 15 Mar 2026 21:04:30 INFO  valid result: 
recall@1 : 0.1196    recall@2 : 0.211    recall@3 : 0.277    recall@4 : 0.3176    recall@5 : 0.3468    recall@10 : 0.4607    recall@20 : 0.5894    recall@30 : 0.6669    recall@50 : 0.7631    ndcg@1 : 0.1931    ndcg@2 : 0.2226    ndcg@3 : 0.2481    ndcg@4 : 0.2625    ndcg@5 : 0.2732    ndcg@10 : 0.3129    ndcg@20 : 0.3508    ndcg@30 : 0.3718    ndcg@50 : 0.3953    precision@1 : 0.1931    precision@2 : 0.1663    precision@3 : 0.1488    precision@4 : 0.1317    precision@5 : 0.1185    precision@10 : 0.0832    precision@20 : 0.0558    precision@30 : 0.0439    precision@50 : 0.0317    map@1 : 0.1931    map@2 : 0.1959    map@3 : 0.2053    map@4 : 0.2105    map@5 : 0.2147    map@10 : 0.2311    map@20 : 0.2431    map@30 : 0.2489    map@50 : 0.2543
Sun 15 Mar 2026 21:04:33 INFO  epoch 2 training [time: 3.43s, train loss: 122.3262]
Sun 15 Mar 2026 21:04:36 INFO  epoch 2 evaluating [time: 3.39s, valid_score: 0.309400]
Sun 15 Mar 2026 21:04:36 INFO  valid result: 
recall@1 : 0.1143    recall@2 : 0.2082    recall@3 : 0.2688    recall@4 : 0.3187    recall@5 : 0.3493    recall@10 : 0.4575    recall@20 : 0.589    recall@30 : 0.6679    recall@50 : 0.7741    ndcg@1 : 0.1871    ndcg@2 : 0.2192    ndcg@3 : 0.2413    ndcg@4 : 0.2599    ndcg@5 : 0.2713    ndcg@10 : 0.3094    ndcg@20 : 0.348    ndcg@30 : 0.3693    ndcg@50 : 0.3945    precision@1 : 0.1871    precision@2 : 0.1654    precision@3 : 0.145    precision@4 : 0.1317    precision@5 : 0.1188    precision@10 : 0.0833    precision@20 : 0.056    precision@30 : 0.0441    precision@50 : 0.0319    map@1 : 0.1871    map@2 : 0.1919    map@3 : 0.1993    map@4 : 0.2069    map@5 : 0.2115    map@10 : 0.2274    map@20 : 0.2396    map@30 : 0.2455    map@50 : 0.251
Sun 15 Mar 2026 21:04:40 INFO  epoch 3 training [time: 3.28s, train loss: 121.3191]
Sun 15 Mar 2026 21:04:43 INFO  epoch 3 evaluating [time: 3.36s, valid_score: 0.310600]
Sun 15 Mar 2026 21:04:43 INFO  valid result: 
recall@1 : 0.1196    recall@2 : 0.2081    recall@3 : 0.2702    recall@4 : 0.3165    recall@5 : 0.3498    recall@10 : 0.4541    recall@20 : 0.5881    recall@30 : 0.6684    recall@50 : 0.7676    ndcg@1 : 0.1943    ndcg@2 : 0.2212    ndcg@3 : 0.2444    ndcg@4 : 0.2611    ndcg@5 : 0.2735    ndcg@10 : 0.3106    ndcg@20 : 0.3499    ndcg@30 : 0.3715    ndcg@50 : 0.3953    precision@1 : 0.1943    precision@2 : 0.1651    precision@3 : 0.1462    precision@4 : 0.131    precision@5 : 0.1186    precision@10 : 0.0831    precision@20 : 0.0561    precision@30 : 0.0441    precision@50 : 0.0318    map@1 : 0.1943    map@2 : 0.1947    map@3 : 0.2026    map@4 : 0.209    map@5 : 0.214    map@10 : 0.2297    map@20 : 0.2422    map@30 : 0.2481    map@50 : 0.2535
Sun 15 Mar 2026 21:04:46 INFO  epoch 4 training [time: 3.07s, train loss: 118.8838]
Sun 15 Mar 2026 21:04:49 INFO  epoch 4 evaluating [time: 3.37s, valid_score: 0.310200]
Sun 15 Mar 2026 21:04:49 INFO  valid result: 
recall@1 : 0.1195    recall@2 : 0.2082    recall@3 : 0.2694    recall@4 : 0.3185    recall@5 : 0.3498    recall@10 : 0.4534    recall@20 : 0.587    recall@30 : 0.6636    recall@50 : 0.7609    ndcg@1 : 0.1937    ndcg@2 : 0.2213    ndcg@3 : 0.2437    ndcg@4 : 0.2619    ndcg@5 : 0.2737    ndcg@10 : 0.3102    ndcg@20 : 0.3495    ndcg@30 : 0.3703    ndcg@50 : 0.394    precision@1 : 0.1937    precision@2 : 0.1654    precision@3 : 0.1454    precision@4 : 0.1317    precision@5 : 0.1194    precision@10 : 0.0828    precision@20 : 0.056    precision@30 : 0.0439    precision@50 : 0.0316    map@1 : 0.1937    map@2 : 0.1947    map@3 : 0.2022    map@4 : 0.2096    map@5 : 0.2143    map@10 : 0.2296    map@20 : 0.2421    map@30 : 0.2478    map@50 : 0.2533
Sun 15 Mar 2026 21:04:53 INFO  epoch 5 training [time: 3.46s, train loss: 119.5170]
Sun 15 Mar 2026 21:04:56 INFO  epoch 5 evaluating [time: 3.18s, valid_score: 0.311800]
Sun 15 Mar 2026 21:04:56 INFO  valid result: 
recall@1 : 0.1203    recall@2 : 0.2098    recall@3 : 0.2773    recall@4 : 0.3179    recall@5 : 0.3506    recall@10 : 0.4559    recall@20 : 0.5867    recall@30 : 0.6681    recall@50 : 0.7598    ndcg@1 : 0.1931    ndcg@2 : 0.2224    ndcg@3 : 0.2482    ndcg@4 : 0.2626    ndcg@5 : 0.275    ndcg@10 : 0.3118    ndcg@20 : 0.3504    ndcg@30 : 0.3723    ndcg@50 : 0.3949    precision@1 : 0.1931    precision@2 : 0.1666    precision@3 : 0.1484    precision@4 : 0.1316    precision@5 : 0.1198    precision@10 : 0.0831    precision@20 : 0.0559    precision@30 : 0.0441    precision@50 : 0.0316    map@1 : 0.1931    map@2 : 0.1959    map@3 : 0.2056    map@4 : 0.2109    map@5 : 0.2158    map@10 : 0.231    map@20 : 0.2434    map@30 : 0.2494    map@50 : 0.2547
Sun 15 Mar 2026 21:04:59 INFO  epoch 6 training [time: 3.33s, train loss: 118.2369]
Sun 15 Mar 2026 21:05:03 INFO  epoch 6 evaluating [time: 3.34s, valid_score: 0.313400]
Sun 15 Mar 2026 21:05:03 INFO  valid result: 
recall@1 : 0.1202    recall@2 : 0.2114    recall@3 : 0.2772    recall@4 : 0.317    recall@5 : 0.3479    recall@10 : 0.4606    recall@20 : 0.5882    recall@30 : 0.6687    recall@50 : 0.7589    ndcg@1 : 0.1943    ndcg@2 : 0.2234    ndcg@3 : 0.2487    ndcg@4 : 0.2627    ndcg@5 : 0.2743    ndcg@10 : 0.3134    ndcg@20 : 0.3514    ndcg@30 : 0.3729    ndcg@50 : 0.3951    precision@1 : 0.1943    precision@2 : 0.1669    precision@3 : 0.149    precision@4 : 0.1319    precision@5 : 0.1194    precision@10 : 0.0834    precision@20 : 0.0563    precision@30 : 0.0442    precision@50 : 0.0316    map@1 : 0.1943    map@2 : 0.1967    map@3 : 0.2058    map@4 : 0.211    map@5 : 0.2156    map@10 : 0.2317    map@20 : 0.244    map@30 : 0.2498    map@50 : 0.255
Sun 15 Mar 2026 21:05:03 INFO  Saving current: saved/LightGCN-Mar-15-2026_21-04-15.pth
Sun 15 Mar 2026 21:05:06 INFO  epoch 7 training [time: 2.90s, train loss: 116.9230]
Sun 15 Mar 2026 21:05:09 INFO  epoch 7 evaluating [time: 3.26s, valid_score: 0.314500]
Sun 15 Mar 2026 21:05:09 INFO  valid result: 
recall@1 : 0.1202    recall@2 : 0.2119    recall@3 : 0.2778    recall@4 : 0.3176    recall@5 : 0.3489    recall@10 : 0.4625    recall@20 : 0.5905    recall@30 : 0.6709    recall@50 : 0.76    ndcg@1 : 0.1943    ndcg@2 : 0.2241    ndcg@3 : 0.2491    ndcg@4 : 0.2629    ndcg@5 : 0.2747    ndcg@10 : 0.3145    ndcg@20 : 0.3525    ndcg@30 : 0.3738    ndcg@50 : 0.3958    precision@1 : 0.1943    precision@2 : 0.1678    precision@3 : 0.1492    precision@4 : 0.1316    precision@5 : 0.1192    precision@10 : 0.0841    precision@20 : 0.0568    precision@30 : 0.0443    precision@50 : 0.0317    map@1 : 0.1943    map@2 : 0.1973    map@3 : 0.2062    map@4 : 0.2111    map@5 : 0.2158    map@10 : 0.2324    map@20 : 0.2446    map@30 : 0.2504    map@50 : 0.2556
Sun 15 Mar 2026 21:05:09 INFO  Saving current: saved/LightGCN-Mar-15-2026_21-04-15.pth
Sun 15 Mar 2026 21:05:12 INFO  epoch 8 training [time: 3.27s, train loss: 117.8085]
Sun 15 Mar 2026 21:05:16 INFO  epoch 8 evaluating [time: 3.38s, valid_score: 0.310300]
Sun 15 Mar 2026 21:05:16 INFO  valid result: 
recall@1 : 0.1097    recall@2 : 0.2104    recall@3 : 0.2712    recall@4 : 0.3195    recall@5 : 0.3521    recall@10 : 0.4624    recall@20 : 0.593    recall@30 : 0.6755    recall@50 : 0.7616    ndcg@1 : 0.1841    ndcg@2 : 0.2207    ndcg@3 : 0.242    ndcg@4 : 0.2596    ndcg@5 : 0.2718    ndcg@10 : 0.3103    ndcg@20 : 0.3492    ndcg@30 : 0.371    ndcg@50 : 0.3922    precision@1 : 0.1841    precision@2 : 0.1692    precision@3 : 0.1472    precision@4 : 0.1326    precision@5 : 0.1201    precision@10 : 0.0841    precision@20 : 0.0572    precision@30 : 0.0447    precision@50 : 0.0317    map@1 : 0.1841    map@2 : 0.1922    map@3 : 0.1985    map@4 : 0.2057    map@5 : 0.2107    map@10 : 0.2265    map@20 : 0.2391    map@30 : 0.2451    map@50 : 0.25
Sun 15 Mar 2026 21:05:19 INFO  epoch 9 training [time: 3.35s, train loss: 114.9742]
Sun 15 Mar 2026 21:05:22 INFO  epoch 9 evaluating [time: 3.16s, valid_score: 0.311300]
Sun 15 Mar 2026 21:05:22 INFO  valid result: 
recall@1 : 0.1111    recall@2 : 0.2127    recall@3 : 0.2735    recall@4 : 0.3193    recall@5 : 0.3504    recall@10 : 0.4627    recall@20 : 0.5982    recall@30 : 0.675    recall@50 : 0.7624    ndcg@1 : 0.1853    ndcg@2 : 0.2231    ndcg@3 : 0.2439    ndcg@4 : 0.2607    ndcg@5 : 0.2721    ndcg@10 : 0.3113    ndcg@20 : 0.352    ndcg@30 : 0.3723    ndcg@50 : 0.3938    precision@1 : 0.1853    precision@2 : 0.171    precision@3 : 0.1476    precision@4 : 0.1327    precision@5 : 0.1197    precision@10 : 0.0841    precision@20 : 0.0582    precision@30 : 0.0448    precision@50 : 0.0318    map@1 : 0.1853    map@2 : 0.1943    map@3 : 0.2004    map@4 : 0.2069    map@5 : 0.2117    map@10 : 0.2279    map@20 : 0.2411    map@30 : 0.2467    map@50 : 0.2517
Sun 15 Mar 2026 21:05:25 INFO  epoch 10 training [time: 3.39s, train loss: 114.7657]
Sun 15 Mar 2026 21:05:29 INFO  epoch 10 evaluating [time: 3.40s, valid_score: 0.315000]
Sun 15 Mar 2026 21:05:29 INFO  valid result: 
recall@1 : 0.1199    recall@2 : 0.2111    recall@3 : 0.2706    recall@4 : 0.3176    recall@5 : 0.352    recall@10 : 0.4639    recall@20 : 0.6017    recall@30 : 0.6815    recall@50 : 0.7669    ndcg@1 : 0.1937    ndcg@2 : 0.2257    ndcg@3 : 0.2461    ndcg@4 : 0.263    ndcg@5 : 0.2756    ndcg@10 : 0.315    ndcg@20 : 0.3563    ndcg@30 : 0.3774    ndcg@50 : 0.3983    precision@1 : 0.1937    precision@2 : 0.1707    precision@3 : 0.1476    precision@4 : 0.1327    precision@5 : 0.12    precision@10 : 0.0849    precision@20 : 0.0587    precision@30 : 0.0455    precision@50 : 0.032    map@1 : 0.1937    map@2 : 0.1983    map@3 : 0.2041    map@4 : 0.2108    map@5 : 0.2161    map@10 : 0.2323    map@20 : 0.2458    map@30 : 0.2517    map@50 : 0.2565
Sun 15 Mar 2026 21:05:29 INFO  Saving current: saved/LightGCN-Mar-15-2026_21-04-15.pth
Sun 15 Mar 2026 21:05:32 INFO  epoch 11 training [time: 3.13s, train loss: 111.1829]
Sun 15 Mar 2026 21:05:35 INFO  epoch 11 evaluating [time: 3.22s, valid_score: 0.317100]
Sun 15 Mar 2026 21:05:35 INFO  valid result: 
recall@1 : 0.1211    recall@2 : 0.2117    recall@3 : 0.2735    recall@4 : 0.3166    recall@5 : 0.3543    recall@10 : 0.4663    recall@20 : 0.6056    recall@30 : 0.6896    recall@50 : 0.7715    ndcg@1 : 0.1955    ndcg@2 : 0.2272    ndcg@3 : 0.249    ndcg@4 : 0.2634    ndcg@5 : 0.2772    ndcg@10 : 0.3171    ndcg@20 : 0.3587    ndcg@30 : 0.3808    ndcg@50 : 0.4009    precision@1 : 0.1955    precision@2 : 0.1719    precision@3 : 0.1502    precision@4 : 0.1322    precision@5 : 0.1204    precision@10 : 0.0858    precision@20 : 0.0591    precision@30 : 0.0461    precision@50 : 0.0323    map@1 : 0.1955    map@2 : 0.1996    map@3 : 0.2062    map@4 : 0.2114    map@5 : 0.2174    map@10 : 0.2341    map@20 : 0.2476    map@30 : 0.2538    map@50 : 0.2584
Sun 15 Mar 2026 21:05:35 INFO  Saving current: saved/LightGCN-Mar-15-2026_21-04-15.pth
Sun 15 Mar 2026 21:05:38 INFO  epoch 12 training [time: 3.02s, train loss: 109.3943]
Sun 15 Mar 2026 21:05:42 INFO  epoch 12 evaluating [time: 3.40s, valid_score: 0.317600]
Sun 15 Mar 2026 21:05:42 INFO  valid result: 
recall@1 : 0.1175    recall@2 : 0.2127    recall@3 : 0.2734    recall@4 : 0.3155    recall@5 : 0.3548    recall@10 : 0.4694    recall@20 : 0.6094    recall@30 : 0.6885    recall@50 : 0.7795    ndcg@1 : 0.1949    ndcg@2 : 0.2275    ndcg@3 : 0.248    ndcg@4 : 0.2625    ndcg@5 : 0.2771    ndcg@10 : 0.3176    ndcg@20 : 0.3596    ndcg@30 : 0.3805    ndcg@50 : 0.4025    precision@1 : 0.1949    precision@2 : 0.1734    precision@3 : 0.15    precision@4 : 0.1329    precision@5 : 0.1218    precision@10 : 0.0865    precision@20 : 0.0597    precision@30 : 0.0462    precision@50 : 0.0326    map@1 : 0.1949    map@2 : 0.199    map@3 : 0.205    map@4 : 0.2101    map@5 : 0.2164    map@10 : 0.2332    map@20 : 0.2473    map@30 : 0.2532    map@50 : 0.2582
Sun 15 Mar 2026 21:05:42 INFO  Saving current: saved/LightGCN-Mar-15-2026_21-04-15.pth
Sun 15 Mar 2026 21:05:45 INFO  epoch 13 training [time: 3.34s, train loss: 106.6284]
Sun 15 Mar 2026 21:05:48 INFO  epoch 13 evaluating [time: 3.22s, valid_score: 0.321700]
Sun 15 Mar 2026 21:05:48 INFO  valid result: 
recall@1 : 0.12    recall@2 : 0.2121    recall@3 : 0.2744    recall@4 : 0.3163    recall@5 : 0.354    recall@10 : 0.4764    recall@20 : 0.6126    recall@30 : 0.6896    recall@50 : 0.7826    ndcg@1 : 0.2014    ndcg@2 : 0.2301    ndcg@3 : 0.2501    ndcg@4 : 0.265    ndcg@5 : 0.2786    ndcg@10 : 0.3217    ndcg@20 : 0.3625    ndcg@30 : 0.3829    ndcg@50 : 0.4054    precision@1 : 0.2014    precision@2 : 0.1749    precision@3 : 0.1506    precision@4 : 0.1344    precision@5 : 0.1226    precision@10 : 0.0881    precision@20 : 0.0601    precision@30 : 0.0463    precision@50 : 0.0328    map@1 : 0.2014    map@2 : 0.2019    map@3 : 0.2071    map@4 : 0.2125    map@5 : 0.2182    map@10 : 0.2361    map@20 : 0.2498    map@30 : 0.2556    map@50 : 0.2608
Sun 15 Mar 2026 21:05:48 INFO  Saving current: saved/LightGCN-Mar-15-2026_21-04-15.pth
Sun 15 Mar 2026 21:05:51 INFO  epoch 14 training [time: 3.27s, train loss: 106.1533]
Sun 15 Mar 2026 21:05:55 INFO  epoch 14 evaluating [time: 3.21s, valid_score: 0.324900]
Sun 15 Mar 2026 21:05:55 INFO  valid result: 
recall@1 : 0.1217    recall@2 : 0.2156    recall@3 : 0.2788    recall@4 : 0.3194    recall@5 : 0.3527    recall@10 : 0.479    recall@20 : 0.6173    recall@30 : 0.6936    recall@50 : 0.7922    ndcg@1 : 0.202    ndcg@2 : 0.234    ndcg@3 : 0.2548    ndcg@4 : 0.2688    ndcg@5 : 0.2802    ndcg@10 : 0.3249    ndcg@20 : 0.366    ndcg@30 : 0.3864    ndcg@50 : 0.4099    precision@1 : 0.202    precision@2 : 0.1788    precision@3 : 0.1545    precision@4 : 0.1372    precision@5 : 0.123    precision@10 : 0.0893    precision@20 : 0.0605    precision@30 : 0.0467    precision@50 : 0.0331    map@1 : 0.202    map@2 : 0.205    map@3 : 0.211    map@4 : 0.2162    map@5 : 0.2206    map@10 : 0.2394    map@20 : 0.2531    map@30 : 0.2588    map@50 : 0.2642
Sun 15 Mar 2026 21:05:55 INFO  Saving current: saved/LightGCN-Mar-15-2026_21-04-15.pth
Sun 15 Mar 2026 21:05:58 INFO  epoch 15 training [time: 3.14s, train loss: 101.6633]
Sun 15 Mar 2026 21:06:01 INFO  epoch 15 evaluating [time: 3.12s, valid_score: 0.325900]
Sun 15 Mar 2026 21:06:01 INFO  valid result: 
recall@1 : 0.1196    recall@2 : 0.2151    recall@3 : 0.2774    recall@4 : 0.3214    recall@5 : 0.3588    recall@10 : 0.4837    recall@20 : 0.6183    recall@30 : 0.6947    recall@50 : 0.7967    ndcg@1 : 0.2002    ndcg@2 : 0.2332    ndcg@3 : 0.2534    ndcg@4 : 0.269    ndcg@5 : 0.2822    ndcg@10 : 0.3259    ndcg@20 : 0.3662    ndcg@30 : 0.3867    ndcg@50 : 0.4107    precision@1 : 0.2002    precision@2 : 0.1788    precision@3 : 0.1544    precision@4 : 0.1383    precision@5 : 0.1253    precision@10 : 0.0898    precision@20 : 0.0608    precision@30 : 0.0469    precision@50 : 0.0333    map@1 : 0.2002    map@2 : 0.2043    map@3 : 0.2096    map@4 : 0.2156    map@5 : 0.2211    map@10 : 0.2393    map@20 : 0.2529    map@30 : 0.2587    map@50 : 0.2642
Sun 15 Mar 2026 21:06:01 INFO  Saving current: saved/LightGCN-Mar-15-2026_21-04-15.pth
Sun 15 Mar 2026 21:06:04 INFO  epoch 16 training [time: 3.15s, train loss: 102.3898]
Sun 15 Mar 2026 21:06:07 INFO  epoch 16 evaluating [time: 3.33s, valid_score: 0.328300]
Sun 15 Mar 2026 21:06:07 INFO  valid result: 
recall@1 : 0.1202    recall@2 : 0.2216    recall@3 : 0.2833    recall@4 : 0.3263    recall@5 : 0.3637    recall@10 : 0.4823    recall@20 : 0.6229    recall@30 : 0.6949    recall@50 : 0.7973    ndcg@1 : 0.2044    ndcg@2 : 0.2387    ndcg@3 : 0.2586    ndcg@4 : 0.2732    ndcg@5 : 0.2863    ndcg@10 : 0.3283    ndcg@20 : 0.37    ndcg@30 : 0.3896    ndcg@50 : 0.4136    precision@1 : 0.2044    precision@2 : 0.183    precision@3 : 0.1579    precision@4 : 0.1399    precision@5 : 0.1266    precision@10 : 0.0903    precision@20 : 0.0612    precision@30 : 0.0471    precision@50 : 0.0334    map@1 : 0.2044    map@2 : 0.2092    map@3 : 0.2142    map@4 : 0.2193    map@5 : 0.2248    map@10 : 0.2421    map@20 : 0.2563    map@30 : 0.2619    map@50 : 0.2672
Sun 15 Mar 2026 21:06:07 INFO  Saving current: saved/LightGCN-Mar-15-2026_21-04-15.pth
Sun 15 Mar 2026 21:06:11 INFO  epoch 17 training [time: 3.14s, train loss: 100.1873]
Sun 15 Mar 2026 21:06:14 INFO  epoch 17 evaluating [time: 3.15s, valid_score: 0.326200]
Sun 15 Mar 2026 21:06:14 INFO  valid result: 
recall@1 : 0.1154    recall@2 : 0.22    recall@3 : 0.2833    recall@4 : 0.3225    recall@5 : 0.3619    recall@10 : 0.4827    recall@20 : 0.6275    recall@30 : 0.6976    recall@50 : 0.7955    ndcg@1 : 0.1973    ndcg@2 : 0.2353    ndcg@3 : 0.2567    ndcg@4 : 0.2695    ndcg@5 : 0.2834    ndcg@10 : 0.3262    ndcg@20 : 0.369    ndcg@30 : 0.3882    ndcg@50 : 0.4112    precision@1 : 0.1973    precision@2 : 0.1818    precision@3 : 0.1585    precision@4 : 0.1392    precision@5 : 0.1263    precision@10 : 0.0901    precision@20 : 0.0616    precision@30 : 0.0474    precision@50 : 0.0333    map@1 : 0.1973    map@2 : 0.205    map@3 : 0.212    map@4 : 0.2157    map@5 : 0.2217    map@10 : 0.2394    map@20 : 0.254    map@30 : 0.2596    map@50 : 0.2646
Sun 15 Mar 2026 21:06:17 INFO  epoch 18 training [time: 3.24s, train loss: 98.2981]
Sun 15 Mar 2026 21:06:20 INFO  epoch 18 evaluating [time: 3.46s, valid_score: 0.328300]
Sun 15 Mar 2026 21:06:20 INFO  valid result: 
recall@1 : 0.1179    recall@2 : 0.2205    recall@3 : 0.2817    recall@4 : 0.3272    recall@5 : 0.3682    recall@10 : 0.4843    recall@20 : 0.6248    recall@30 : 0.698    recall@50 : 0.799    ndcg@1 : 0.202    ndcg@2 : 0.2369    ndcg@3 : 0.2571    ndcg@4 : 0.2729    ndcg@5 : 0.2876    ndcg@10 : 0.3283    ndcg@20 : 0.37    ndcg@30 : 0.3899    ndcg@50 : 0.4137    precision@1 : 0.202    precision@2 : 0.1821    precision@3 : 0.1577    precision@4 : 0.1411    precision@5 : 0.1287    precision@10 : 0.0905    precision@20 : 0.0615    precision@30 : 0.0473    precision@50 : 0.0335    map@1 : 0.202    map@2 : 0.2071    map@3 : 0.2132    map@4 : 0.2185    map@5 : 0.2248    map@10 : 0.2416    map@20 : 0.2557    map@30 : 0.2615    map@50 : 0.2668
Sun 15 Mar 2026 21:06:20 INFO  Saving current: saved/LightGCN-Mar-15-2026_21-04-15.pth
Sun 15 Mar 2026 21:06:24 INFO  epoch 19 training [time: 3.33s, train loss: 96.0139]
Sun 15 Mar 2026 21:06:27 INFO  epoch 19 evaluating [time: 3.22s, valid_score: 0.331100]
Sun 15 Mar 2026 21:06:27 INFO  valid result: 
recall@1 : 0.1233    recall@2 : 0.2208    recall@3 : 0.2815    recall@4 : 0.3284    recall@5 : 0.3693    recall@10 : 0.485    recall@20 : 0.6281    recall@30 : 0.7015    recall@50 : 0.797    ndcg@1 : 0.2098    ndcg@2 : 0.2405    ndcg@3 : 0.2595    ndcg@4 : 0.2758    ndcg@5 : 0.2905    ndcg@10 : 0.3311    ndcg@20 : 0.3733    ndcg@30 : 0.3934    ndcg@50 : 0.4159    precision@1 : 0.2098    precision@2 : 0.1836    precision@3 : 0.1577    precision@4 : 0.1414    precision@5 : 0.1292    precision@10 : 0.0907    precision@20 : 0.0616    precision@30 : 0.0476    precision@50 : 0.0334    map@1 : 0.2098    map@2 : 0.2113    map@3 : 0.2163    map@4 : 0.2217    map@5 : 0.2281    map@10 : 0.2449    map@20 : 0.2591    map@30 : 0.2649    map@50 : 0.27
Sun 15 Mar 2026 21:06:27 INFO  Saving current: saved/LightGCN-Mar-15-2026_21-04-15.pth
Sun 15 Mar 2026 21:06:30 INFO  epoch 20 training [time: 3.39s, train loss: 95.0963]
Sun 15 Mar 2026 21:06:34 INFO  epoch 20 evaluating [time: 3.43s, valid_score: 0.331100]
Sun 15 Mar 2026 21:06:34 INFO  valid result: 
recall@1 : 0.1227    recall@2 : 0.2202    recall@3 : 0.2803    recall@4 : 0.3246    recall@5 : 0.3689    recall@10 : 0.4864    recall@20 : 0.6321    recall@30 : 0.7011    recall@50 : 0.7953    ndcg@1 : 0.211    ndcg@2 : 0.2404    ndcg@3 : 0.2592    ndcg@4 : 0.2744    ndcg@5 : 0.2903    ndcg@10 : 0.3311    ndcg@20 : 0.3742    ndcg@30 : 0.3931    ndcg@50 : 0.4155    precision@1 : 0.211    precision@2 : 0.1836    precision@3 : 0.1581    precision@4 : 0.1417    precision@5 : 0.1299    precision@10 : 0.0908    precision@20 : 0.0621    precision@30 : 0.0477    precision@50 : 0.0334    map@1 : 0.211    map@2 : 0.2107    map@3 : 0.2159    map@4 : 0.221    map@5 : 0.2277    map@10 : 0.2443    map@20 : 0.2588    map@30 : 0.2644    map@50 : 0.2695
Sun 15 Mar 2026 21:06:34 INFO  Saving current: saved/LightGCN-Mar-15-2026_21-04-15.pth
Sun 15 Mar 2026 21:06:37 INFO  epoch 21 training [time: 3.16s, train loss: 93.0105]
Sun 15 Mar 2026 21:06:40 INFO  epoch 21 evaluating [time: 3.39s, valid_score: 0.332000]
Sun 15 Mar 2026 21:06:40 INFO  valid result: 
recall@1 : 0.1246    recall@2 : 0.2211    recall@3 : 0.2852    recall@4 : 0.3249    recall@5 : 0.3643    recall@10 : 0.4852    recall@20 : 0.6317    recall@30 : 0.7027    recall@50 : 0.798    ndcg@1 : 0.2157    ndcg@2 : 0.2426    ndcg@3 : 0.2635    ndcg@4 : 0.2764    ndcg@5 : 0.2903    ndcg@10 : 0.332    ndcg@20 : 0.3755    ndcg@30 : 0.3949    ndcg@50 : 0.4174    precision@1 : 0.2157    precision@2 : 0.1844    precision@3 : 0.1611    precision@4 : 0.1426    precision@5 : 0.1297    precision@10 : 0.0908    precision@20 : 0.0621    precision@30 : 0.0479    precision@50 : 0.0335    map@1 : 0.2157    map@2 : 0.2128    map@3 : 0.2195    map@4 : 0.2229    map@5 : 0.2288    map@10 : 0.2456    map@20 : 0.2603    map@30 : 0.266    map@50 : 0.2711
Sun 15 Mar 2026 21:06:40 INFO  Saving current: saved/LightGCN-Mar-15-2026_21-04-15.pth
Sun 15 Mar 2026 21:06:44 INFO  epoch 22 training [time: 3.20s, train loss: 92.3834]
Sun 15 Mar 2026 21:06:47 INFO  epoch 22 evaluating [time: 3.31s, valid_score: 0.335000]
Sun 15 Mar 2026 21:06:47 INFO  valid result: 
recall@1 : 0.13    recall@2 : 0.2231    recall@3 : 0.2822    recall@4 : 0.3274    recall@5 : 0.3638    recall@10 : 0.4864    recall@20 : 0.63    recall@30 : 0.7027    recall@50 : 0.8008    ndcg@1 : 0.2229    ndcg@2 : 0.2465    ndcg@3 : 0.2646    ndcg@4 : 0.2798    ndcg@5 : 0.2924    ndcg@10 : 0.335    ndcg@20 : 0.3777    ndcg@30 : 0.3976    ndcg@50 : 0.4208    precision@1 : 0.2229    precision@2 : 0.1865    precision@3 : 0.1605    precision@4 : 0.1432    precision@5 : 0.1291    precision@10 : 0.091    precision@20 : 0.062    precision@30 : 0.048    precision@50 : 0.0337    map@1 : 0.2229    map@2 : 0.2169    map@3 : 0.2216    map@4 : 0.2261    map@5 : 0.2313    map@10 : 0.2488    map@20 : 0.2632    map@30 : 0.2692    map@50 : 0.2744
Sun 15 Mar 2026 21:06:47 INFO  Saving current: saved/LightGCN-Mar-15-2026_21-04-15.pth
Sun 15 Mar 2026 21:06:50 INFO  epoch 23 training [time: 3.06s, train loss: 90.5112]
Sun 15 Mar 2026 21:06:53 INFO  epoch 23 evaluating [time: 3.38s, valid_score: 0.336000]
Sun 15 Mar 2026 21:06:53 INFO  valid result: 
recall@1 : 0.1314    recall@2 : 0.2238    recall@3 : 0.2795    recall@4 : 0.3252    recall@5 : 0.3616    recall@10 : 0.4887    recall@20 : 0.6299    recall@30 : 0.7006    recall@50 : 0.8031    ndcg@1 : 0.2247    ndcg@2 : 0.2477    ndcg@3 : 0.2642    ndcg@4 : 0.2793    ndcg@5 : 0.2918    ndcg@10 : 0.336    ndcg@20 : 0.3781    ndcg@30 : 0.3976    ndcg@50 : 0.4215    precision@1 : 0.2247    precision@2 : 0.1874    precision@3 : 0.1601    precision@4 : 0.1426    precision@5 : 0.1282    precision@10 : 0.0914    precision@20 : 0.0621    precision@30 : 0.048    precision@50 : 0.0337    map@1 : 0.2247    map@2 : 0.2183    map@3 : 0.2215    map@4 : 0.2262    map@5 : 0.2312    map@10 : 0.2494    map@20 : 0.2636    map@30 : 0.2695    map@50 : 0.2748
Sun 15 Mar 2026 21:06:53 INFO  Saving current: saved/LightGCN-Mar-15-2026_21-04-15.pth
Sun 15 Mar 2026 21:06:57 INFO  epoch 24 training [time: 3.28s, train loss: 89.6228]
Sun 15 Mar 2026 21:07:00 INFO  epoch 24 evaluating [time: 3.49s, valid_score: 0.338300]
Sun 15 Mar 2026 21:07:00 INFO  valid result: 
recall@1 : 0.1326    recall@2 : 0.2252    recall@3 : 0.2812    recall@4 : 0.3236    recall@5 : 0.3609    recall@10 : 0.4929    recall@20 : 0.6298    recall@30 : 0.7032    recall@50 : 0.8065    ndcg@1 : 0.2253    ndcg@2 : 0.2502    ndcg@3 : 0.2662    ndcg@4 : 0.2794    ndcg@5 : 0.2923    ndcg@10 : 0.3383    ndcg@20 : 0.3795    ndcg@30 : 0.3994    ndcg@50 : 0.4235    precision@1 : 0.2253    precision@2 : 0.1901    precision@3 : 0.1619    precision@4 : 0.142    precision@5 : 0.1281    precision@10 : 0.0921    precision@20 : 0.0625    precision@30 : 0.0482    precision@50 : 0.0339    map@1 : 0.2253    map@2 : 0.2208    map@3 : 0.2234    map@4 : 0.227    map@5 : 0.2321    map@10 : 0.2511    map@20 : 0.2652    map@30 : 0.2712    map@50 : 0.2766
Sun 15 Mar 2026 21:07:00 INFO  Saving current: saved/LightGCN-Mar-15-2026_21-04-15.pth
Sun 15 Mar 2026 21:07:03 INFO  epoch 25 training [time: 3.05s, train loss: 88.3214]
Sun 15 Mar 2026 21:07:06 INFO  epoch 25 evaluating [time: 3.24s, valid_score: 0.340300]
Sun 15 Mar 2026 21:07:06 INFO  valid result: 
recall@1 : 0.1366    recall@2 : 0.2255    recall@3 : 0.2801    recall@4 : 0.3233    recall@5 : 0.3606    recall@10 : 0.494    recall@20 : 0.628    recall@30 : 0.7051    recall@50 : 0.8062    ndcg@1 : 0.2288    ndcg@2 : 0.252    ndcg@3 : 0.2666    ndcg@4 : 0.2807    ndcg@5 : 0.2937    ndcg@10 : 0.3403    ndcg@20 : 0.3805    ndcg@30 : 0.4014    ndcg@50 : 0.425    precision@1 : 0.2288    precision@2 : 0.191    precision@3 : 0.1607    precision@4 : 0.1423    precision@5 : 0.1285    precision@10 : 0.093    precision@20 : 0.0623    precision@30 : 0.0483    precision@50 : 0.0339    map@1 : 0.2288    map@2 : 0.223    map@3 : 0.2247    map@4 : 0.229    map@5 : 0.234    map@10 : 0.2535    map@20 : 0.2672    map@30 : 0.2734    map@50 : 0.2787
Sun 15 Mar 2026 21:07:06 INFO  Saving current: saved/LightGCN-Mar-15-2026_21-04-15.pth
Sun 15 Mar 2026 21:07:10 INFO  epoch 26 training [time: 3.17s, train loss: 86.1954]
Sun 15 Mar 2026 21:07:13 INFO  epoch 26 evaluating [time: 3.41s, valid_score: 0.340300]
Sun 15 Mar 2026 21:07:13 INFO  valid result: 
recall@1 : 0.1391    recall@2 : 0.2237    recall@3 : 0.2817    recall@4 : 0.3208    recall@5 : 0.3592    recall@10 : 0.4915    recall@20 : 0.627    recall@30 : 0.7033    recall@50 : 0.8002    ndcg@1 : 0.233    ndcg@2 : 0.2512    ndcg@3 : 0.2685    ndcg@4 : 0.2807    ndcg@5 : 0.2942    ndcg@10 : 0.3403    ndcg@20 : 0.3812    ndcg@30 : 0.4018    ndcg@50 : 0.4247    precision@1 : 0.233    precision@2 : 0.1889    precision@3 : 0.1619    precision@4 : 0.142    precision@5 : 0.129    precision@10 : 0.0927    precision@20 : 0.0624    precision@30 : 0.0483    precision@50 : 0.0338    map@1 : 0.233    map@2 : 0.223    map@3 : 0.2266    map@4 : 0.2298    map@5 : 0.2349    map@10 : 0.254    map@20 : 0.2683    map@30 : 0.2744    map@50 : 0.2796
Sun 15 Mar 2026 21:07:13 INFO  Saving current: saved/LightGCN-Mar-15-2026_21-04-15.pth
Sun 15 Mar 2026 21:07:16 INFO  epoch 27 training [time: 3.24s, train loss: 86.5377]
Sun 15 Mar 2026 21:07:20 INFO  epoch 27 evaluating [time: 3.38s, valid_score: 0.342000]
Sun 15 Mar 2026 21:07:20 INFO  valid result: 
recall@1 : 0.1411    recall@2 : 0.2285    recall@3 : 0.2812    recall@4 : 0.3232    recall@5 : 0.3568    recall@10 : 0.4919    recall@20 : 0.6259    recall@30 : 0.7057    recall@50 : 0.8007    ndcg@1 : 0.2336    ndcg@2 : 0.2559    ndcg@3 : 0.2696    ndcg@4 : 0.2833    ndcg@5 : 0.2946    ndcg@10 : 0.342    ndcg@20 : 0.3825    ndcg@30 : 0.4038    ndcg@50 : 0.4263    precision@1 : 0.2336    precision@2 : 0.1934    precision@3 : 0.1617    precision@4 : 0.1432    precision@5 : 0.128    precision@10 : 0.093    precision@20 : 0.0624    precision@30 : 0.0484    precision@50 : 0.0339    map@1 : 0.2336    map@2 : 0.2271    map@3 : 0.2286    map@4 : 0.2324    map@5 : 0.2363    map@10 : 0.2561    map@20 : 0.2703    map@30 : 0.2764    map@50 : 0.2816
Sun 15 Mar 2026 21:07:20 INFO  Saving current: saved/LightGCN-Mar-15-2026_21-04-15.pth
Sun 15 Mar 2026 21:07:23 INFO  epoch 28 training [time: 3.10s, train loss: 84.4668]
Sun 15 Mar 2026 21:07:26 INFO  epoch 28 evaluating [time: 3.38s, valid_score: 0.343700]
Sun 15 Mar 2026 21:07:26 INFO  valid result: 
recall@1 : 0.1434    recall@2 : 0.2255    recall@3 : 0.2834    recall@4 : 0.3241    recall@5 : 0.3609    recall@10 : 0.4961    recall@20 : 0.6288    recall@30 : 0.7059    recall@50 : 0.8002    ndcg@1 : 0.2324    ndcg@2 : 0.2542    ndcg@3 : 0.2711    ndcg@4 : 0.2841    ndcg@5 : 0.2969    ndcg@10 : 0.3437    ndcg@20 : 0.3839    ndcg@30 : 0.4046    ndcg@50 : 0.4268    precision@1 : 0.2324    precision@2 : 0.1919    precision@3 : 0.1633    precision@4 : 0.1439    precision@5 : 0.1296    precision@10 : 0.0935    precision@20 : 0.0628    precision@30 : 0.0486    precision@50 : 0.0338    map@1 : 0.2324    map@2 : 0.226    map@3 : 0.23    map@4 : 0.2335    map@5 : 0.2384    map@10 : 0.2576    map@20 : 0.2716    map@30 : 0.2777    map@50 : 0.2828
Sun 15 Mar 2026 21:07:26 INFO  Saving current: saved/LightGCN-Mar-15-2026_21-04-15.pth
Sun 15 Mar 2026 21:07:29 INFO  epoch 29 training [time: 2.86s, train loss: 82.2068]
Sun 15 Mar 2026 21:07:32 INFO  epoch 29 evaluating [time: 3.41s, valid_score: 0.343900]
Sun 15 Mar 2026 21:07:32 INFO  valid result: 
recall@1 : 0.1429    recall@2 : 0.2276    recall@3 : 0.2874    recall@4 : 0.3229    recall@5 : 0.3644    recall@10 : 0.495    recall@20 : 0.6301    recall@30 : 0.7056    recall@50 : 0.7987    ndcg@1 : 0.2324    ndcg@2 : 0.2552    ndcg@3 : 0.2732    ndcg@4 : 0.2838    ndcg@5 : 0.2986    ndcg@10 : 0.3439    ndcg@20 : 0.3849    ndcg@30 : 0.4052    ndcg@50 : 0.4272    precision@1 : 0.2324    precision@2 : 0.1928    precision@3 : 0.1649    precision@4 : 0.1432    precision@5 : 0.1304    precision@10 : 0.0933    precision@20 : 0.0629    precision@30 : 0.0486    precision@50 : 0.0338    map@1 : 0.2324    map@2 : 0.2271    map@3 : 0.231    map@4 : 0.2334    map@5 : 0.2394    map@10 : 0.2581    map@20 : 0.2724    map@30 : 0.2784    map@50 : 0.2834
Sun 15 Mar 2026 21:07:32 INFO  Saving current: saved/LightGCN-Mar-15-2026_21-04-15.pth
Sun 15 Mar 2026 21:07:36 INFO  epoch 30 training [time: 3.25s, train loss: 80.9585]
Sun 15 Mar 2026 21:07:39 INFO  epoch 30 evaluating [time: 3.44s, valid_score: 0.346700]
Sun 15 Mar 2026 21:07:39 INFO  valid result: 
recall@1 : 0.1466    recall@2 : 0.2279    recall@3 : 0.2877    recall@4 : 0.3275    recall@5 : 0.3649    recall@10 : 0.4972    recall@20 : 0.6288    recall@30 : 0.7028    recall@50 : 0.7994    ndcg@1 : 0.2378    ndcg@2 : 0.2572    ndcg@3 : 0.275    ndcg@4 : 0.2878    ndcg@5 : 0.3009    ndcg@10 : 0.3467    ndcg@20 : 0.3869    ndcg@30 : 0.4068    ndcg@50 : 0.4296    precision@1 : 0.2378    precision@2 : 0.1934    precision@3 : 0.1653    precision@4 : 0.1453    precision@5 : 0.1311    precision@10 : 0.0939    precision@20 : 0.063    precision@30 : 0.0484    precision@50 : 0.0338    map@1 : 0.2378    map@2 : 0.2297    map@3 : 0.2332    map@4 : 0.2368    map@5 : 0.2421    map@10 : 0.2609    map@20 : 0.2751    map@30 : 0.281    map@50 : 0.2863
Sun 15 Mar 2026 21:07:39 INFO  Saving current: saved/LightGCN-Mar-15-2026_21-04-15.pth
Sun 15 Mar 2026 21:07:42 INFO  epoch 31 training [time: 3.10s, train loss: 79.9131]
Sun 15 Mar 2026 21:07:46 INFO  epoch 31 evaluating [time: 3.41s, valid_score: 0.347600]
Sun 15 Mar 2026 21:07:46 INFO  valid result: 
recall@1 : 0.1448    recall@2 : 0.2295    recall@3 : 0.2901    recall@4 : 0.3309    recall@5 : 0.367    recall@10 : 0.5003    recall@20 : 0.6283    recall@30 : 0.706    recall@50 : 0.7973    ndcg@1 : 0.2342    ndcg@2 : 0.2572    ndcg@3 : 0.2754    ndcg@4 : 0.2891    ndcg@5 : 0.3016    ndcg@10 : 0.3476    ndcg@20 : 0.3869    ndcg@30 : 0.4077    ndcg@50 : 0.4293    precision@1 : 0.2342    precision@2 : 0.194    precision@3 : 0.1659    precision@4 : 0.1469    precision@5 : 0.1318    precision@10 : 0.0943    precision@20 : 0.0632    precision@30 : 0.0487    precision@50 : 0.0338    map@1 : 0.2342    map@2 : 0.2293    map@3 : 0.2332    map@4 : 0.2375    map@5 : 0.2422    map@10 : 0.261    map@20 : 0.2752    map@30 : 0.2813    map@50 : 0.2863
Sun 15 Mar 2026 21:07:46 INFO  Saving current: saved/LightGCN-Mar-15-2026_21-04-15.pth
Sun 15 Mar 2026 21:07:49 INFO  epoch 32 training [time: 3.11s, train loss: 78.3861]
Sun 15 Mar 2026 21:07:52 INFO  epoch 32 evaluating [time: 3.38s, valid_score: 0.349200]
Sun 15 Mar 2026 21:07:52 INFO  valid result: 
recall@1 : 0.1453    recall@2 : 0.2307    recall@3 : 0.2896    recall@4 : 0.3308    recall@5 : 0.3681    recall@10 : 0.5037    recall@20 : 0.6297    recall@30 : 0.7057    recall@50 : 0.7994    ndcg@1 : 0.236    ndcg@2 : 0.2586    ndcg@3 : 0.2759    ndcg@4 : 0.2895    ndcg@5 : 0.3029    ndcg@10 : 0.3492    ndcg@20 : 0.388    ndcg@30 : 0.4085    ndcg@50 : 0.4304    precision@1 : 0.236    precision@2 : 0.1952    precision@3 : 0.1663    precision@4 : 0.1465    precision@5 : 0.1329    precision@10 : 0.0948    precision@20 : 0.0633    precision@30 : 0.0488    precision@50 : 0.0338    map@1 : 0.236    map@2 : 0.2302    map@3 : 0.2339    map@4 : 0.2381    map@5 : 0.2434    map@10 : 0.2621    map@20 : 0.276    map@30 : 0.2822    map@50 : 0.2872
Sun 15 Mar 2026 21:07:52 INFO  Saving current: saved/LightGCN-Mar-15-2026_21-04-15.pth
Sun 15 Mar 2026 21:07:55 INFO  epoch 33 training [time: 3.19s, train loss: 77.5046]
Sun 15 Mar 2026 21:07:58 INFO  epoch 33 evaluating [time: 3.11s, valid_score: 0.350600]
Sun 15 Mar 2026 21:07:58 INFO  valid result: 
recall@1 : 0.1451    recall@2 : 0.2361    recall@3 : 0.293    recall@4 : 0.3292    recall@5 : 0.3683    recall@10 : 0.5049    recall@20 : 0.6318    recall@30 : 0.7064    recall@50 : 0.8019    ndcg@1 : 0.2372    ndcg@2 : 0.2621    ndcg@3 : 0.2785    ndcg@4 : 0.2899    ndcg@5 : 0.3038    ndcg@10 : 0.3506    ndcg@20 : 0.3897    ndcg@30 : 0.4098    ndcg@50 : 0.4321    precision@1 : 0.2372    precision@2 : 0.1976    precision@3 : 0.1675    precision@4 : 0.1465    precision@5 : 0.1329    precision@10 : 0.0948    precision@20 : 0.0635    precision@30 : 0.0488    precision@50 : 0.0339    map@1 : 0.2372    map@2 : 0.2327    map@3 : 0.236    map@4 : 0.2386    map@5 : 0.2443    map@10 : 0.2633    map@20 : 0.2774    map@30 : 0.2835    map@50 : 0.2885
Sun 15 Mar 2026 21:07:58 INFO  Saving current: saved/LightGCN-Mar-15-2026_21-04-15.pth
Sun 15 Mar 2026 21:08:02 INFO  epoch 34 training [time: 3.17s, train loss: 76.6712]
Sun 15 Mar 2026 21:08:05 INFO  epoch 34 evaluating [time: 3.40s, valid_score: 0.351000]
Sun 15 Mar 2026 21:08:05 INFO  valid result: 
recall@1 : 0.146    recall@2 : 0.2348    recall@3 : 0.2909    recall@4 : 0.3318    recall@5 : 0.369    recall@10 : 0.5035    recall@20 : 0.6355    recall@30 : 0.7093    recall@50 : 0.804    ndcg@1 : 0.239    ndcg@2 : 0.2607    ndcg@3 : 0.2769    ndcg@4 : 0.2909    ndcg@5 : 0.3042    ndcg@10 : 0.351    ndcg@20 : 0.391    ndcg@30 : 0.4111    ndcg@50 : 0.4332    precision@1 : 0.239    precision@2 : 0.1952    precision@3 : 0.1657    precision@4 : 0.1471    precision@5 : 0.1331    precision@10 : 0.0953    precision@20 : 0.0636    precision@30 : 0.0491    precision@50 : 0.0341    map@1 : 0.239    map@2 : 0.2314    map@3 : 0.2341    map@4 : 0.2388    map@5 : 0.2444    map@10 : 0.2637    map@20 : 0.2779    map@30 : 0.2841    map@50 : 0.2891
Sun 15 Mar 2026 21:08:05 INFO  Saving current: saved/LightGCN-Mar-15-2026_21-04-15.pth
Sun 15 Mar 2026 21:08:08 INFO  epoch 35 training [time: 3.25s, train loss: 74.6311]
Sun 15 Mar 2026 21:08:11 INFO  epoch 35 evaluating [time: 3.24s, valid_score: 0.352300]
Sun 15 Mar 2026 21:08:11 INFO  valid result: 
recall@1 : 0.1439    recall@2 : 0.2396    recall@3 : 0.2935    recall@4 : 0.3347    recall@5 : 0.3677    recall@10 : 0.5067    recall@20 : 0.6349    recall@30 : 0.711    recall@50 : 0.8057    ndcg@1 : 0.2372    ndcg@2 : 0.2633    ndcg@3 : 0.2784    ndcg@4 : 0.2922    ndcg@5 : 0.3038    ndcg@10 : 0.3523    ndcg@20 : 0.3913    ndcg@30 : 0.412    ndcg@50 : 0.434    precision@1 : 0.2372    precision@2 : 0.1985    precision@3 : 0.1669    precision@4 : 0.1476    precision@5 : 0.1327    precision@10 : 0.0958    precision@20 : 0.0636    precision@30 : 0.0492    precision@50 : 0.0341    map@1 : 0.2372    map@2 : 0.233    map@3 : 0.2353    map@4 : 0.2394    map@5 : 0.2442    map@10 : 0.2644    map@20 : 0.2783    map@30 : 0.2847    map@50 : 0.2896
Sun 15 Mar 2026 21:08:11 INFO  Saving current: saved/LightGCN-Mar-15-2026_21-04-15.pth
Sun 15 Mar 2026 21:08:15 INFO  epoch 36 training [time: 3.31s, train loss: 74.6507]
Sun 15 Mar 2026 21:08:18 INFO  epoch 36 evaluating [time: 3.26s, valid_score: 0.351700]
Sun 15 Mar 2026 21:08:18 INFO  valid result: 
recall@1 : 0.1448    recall@2 : 0.2356    recall@3 : 0.2924    recall@4 : 0.336    recall@5 : 0.367    recall@10 : 0.5056    recall@20 : 0.636    recall@30 : 0.7128    recall@50 : 0.808    ndcg@1 : 0.2366    ndcg@2 : 0.2603    ndcg@3 : 0.2771    ndcg@4 : 0.2919    ndcg@5 : 0.3032    ndcg@10 : 0.3517    ndcg@20 : 0.3915    ndcg@30 : 0.4122    ndcg@50 : 0.4344    precision@1 : 0.2366    precision@2 : 0.1955    precision@3 : 0.1659    precision@4 : 0.1473    precision@5 : 0.1328    precision@10 : 0.0958    precision@20 : 0.0639    precision@30 : 0.0493    precision@50 : 0.0342    map@1 : 0.2366    map@2 : 0.2309    map@3 : 0.2343    map@4 : 0.2391    map@5 : 0.2439    map@10 : 0.2644    map@20 : 0.2785    map@30 : 0.2848    map@50 : 0.2898
Sun 15 Mar 2026 21:08:22 INFO  epoch 37 training [time: 3.60s, train loss: 73.1150]
Sun 15 Mar 2026 21:08:25 INFO  epoch 37 evaluating [time: 3.09s, valid_score: 0.352500]
Sun 15 Mar 2026 21:08:25 INFO  valid result: 
recall@1 : 0.1451    recall@2 : 0.2322    recall@3 : 0.2938    recall@4 : 0.3363    recall@5 : 0.3729    recall@10 : 0.5075    recall@20 : 0.6388    recall@30 : 0.7163    recall@50 : 0.8067    ndcg@1 : 0.2372    ndcg@2 : 0.2577    ndcg@3 : 0.2776    ndcg@4 : 0.292    ndcg@5 : 0.3053    ndcg@10 : 0.3525    ndcg@20 : 0.3924    ndcg@30 : 0.4132    ndcg@50 : 0.4344    precision@1 : 0.2372    precision@2 : 0.1928    precision@3 : 0.1665    precision@4 : 0.1479    precision@5 : 0.1342    precision@10 : 0.0964    precision@20 : 0.0641    precision@30 : 0.0494    precision@50 : 0.0341    map@1 : 0.2372    map@2 : 0.2284    map@3 : 0.2341    map@4 : 0.2387    map@5 : 0.2445    map@10 : 0.2645    map@20 : 0.2787    map@30 : 0.2849    map@50 : 0.2897
Sun 15 Mar 2026 21:08:25 INFO  Saving current: saved/LightGCN-Mar-15-2026_21-04-15.pth
Sun 15 Mar 2026 21:08:28 INFO  epoch 38 training [time: 3.26s, train loss: 70.5763]
Sun 15 Mar 2026 21:08:31 INFO  epoch 38 evaluating [time: 3.36s, valid_score: 0.353600]
Sun 15 Mar 2026 21:08:31 INFO  valid result: 
recall@1 : 0.1449    recall@2 : 0.2343    recall@3 : 0.2934    recall@4 : 0.3372    recall@5 : 0.3732    recall@10 : 0.5088    recall@20 : 0.6407    recall@30 : 0.7181    recall@50 : 0.8079    ndcg@1 : 0.2378    ndcg@2 : 0.2595    ndcg@3 : 0.278    ndcg@4 : 0.2926    ndcg@5 : 0.3058    ndcg@10 : 0.3536    ndcg@20 : 0.3937    ndcg@30 : 0.4143    ndcg@50 : 0.4354    precision@1 : 0.2378    precision@2 : 0.1949    precision@3 : 0.1673    precision@4 : 0.1481    precision@5 : 0.1343    precision@10 : 0.0968    precision@20 : 0.0644    precision@30 : 0.0495    precision@50 : 0.0342    map@1 : 0.2378    map@2 : 0.2299    map@3 : 0.2349    map@4 : 0.2395    map@5 : 0.245    map@10 : 0.2654    map@20 : 0.2798    map@30 : 0.2858    map@50 : 0.2907
Sun 15 Mar 2026 21:08:31 INFO  Saving current: saved/LightGCN-Mar-15-2026_21-04-15.pth
Sun 15 Mar 2026 21:08:35 INFO  epoch 39 training [time: 3.41s, train loss: 70.7852]
Sun 15 Mar 2026 21:08:38 INFO  epoch 39 evaluating [time: 3.17s, valid_score: 0.356700]
Sun 15 Mar 2026 21:08:38 INFO  valid result: 
recall@1 : 0.1488    recall@2 : 0.2343    recall@3 : 0.2906    recall@4 : 0.3399    recall@5 : 0.3754    recall@10 : 0.5122    recall@20 : 0.6411    recall@30 : 0.7184    recall@50 : 0.8076    ndcg@1 : 0.2426    ndcg@2 : 0.2616    ndcg@3 : 0.2784    ndcg@4 : 0.2955    ndcg@5 : 0.3082    ndcg@10 : 0.3567    ndcg@20 : 0.396    ndcg@30 : 0.4166    ndcg@50 : 0.4375    precision@1 : 0.2426    precision@2 : 0.1964    precision@3 : 0.1667    precision@4 : 0.1494    precision@5 : 0.1348    precision@10 : 0.0973    precision@20 : 0.0645    precision@30 : 0.0496    precision@50 : 0.0342    map@1 : 0.2426    map@2 : 0.2324    map@3 : 0.2359    map@4 : 0.2423    map@5 : 0.2475    map@10 : 0.2683    map@20 : 0.2824    map@30 : 0.2886    map@50 : 0.2933
Sun 15 Mar 2026 21:08:38 INFO  Saving current: saved/LightGCN-Mar-15-2026_21-04-15.pth
Sun 15 Mar 2026 21:08:41 INFO  epoch 40 training [time: 3.20s, train loss: 69.8869]
Sun 15 Mar 2026 21:08:45 INFO  epoch 40 evaluating [time: 3.44s, valid_score: 0.359200]
Sun 15 Mar 2026 21:08:45 INFO  valid result: 
recall@1 : 0.1555    recall@2 : 0.236    recall@3 : 0.2936    recall@4 : 0.3394    recall@5 : 0.3739    recall@10 : 0.5109    recall@20 : 0.643    recall@30 : 0.7191    recall@50 : 0.8085    ndcg@1 : 0.2509    ndcg@2 : 0.2647    ndcg@3 : 0.2829    ndcg@4 : 0.2985    ndcg@5 : 0.311    ndcg@10 : 0.3592    ndcg@20 : 0.3995    ndcg@30 : 0.4196    ndcg@50 : 0.4407    precision@1 : 0.2509    precision@2 : 0.1961    precision@3 : 0.1683    precision@4 : 0.1496    precision@5 : 0.1353    precision@10 : 0.0973    precision@20 : 0.0649    precision@30 : 0.0496    precision@50 : 0.0342    map@1 : 0.2509    map@2 : 0.2366    map@3 : 0.2411    map@4 : 0.2463    map@5 : 0.2515    map@10 : 0.272    map@20 : 0.2867    map@30 : 0.2926    map@50 : 0.2974
Sun 15 Mar 2026 21:08:45 INFO  Saving current: saved/LightGCN-Mar-15-2026_21-04-15.pth
Sun 15 Mar 2026 21:08:48 INFO  epoch 41 training [time: 3.46s, train loss: 68.5279]
Sun 15 Mar 2026 21:08:51 INFO  epoch 41 evaluating [time: 3.03s, valid_score: 0.359900]
Sun 15 Mar 2026 21:08:51 INFO  valid result: 
recall@1 : 0.1555    recall@2 : 0.2374    recall@3 : 0.2941    recall@4 : 0.3369    recall@5 : 0.3751    recall@10 : 0.5121    recall@20 : 0.6457    recall@30 : 0.7192    recall@50 : 0.8096    ndcg@1 : 0.2515    ndcg@2 : 0.2664    ndcg@3 : 0.2838    ndcg@4 : 0.2977    ndcg@5 : 0.3119    ndcg@10 : 0.3599    ndcg@20 : 0.4007    ndcg@30 : 0.4204    ndcg@50 : 0.4415    precision@1 : 0.2515    precision@2 : 0.1982    precision@3 : 0.1687    precision@4 : 0.1485    precision@5 : 0.1361    precision@10 : 0.0973    precision@20 : 0.0652    precision@30 : 0.0498    precision@50 : 0.0343    map@1 : 0.2515    map@2 : 0.2381    map@3 : 0.2419    map@4 : 0.2461    map@5 : 0.2523    map@10 : 0.2726    map@20 : 0.2875    map@30 : 0.2933    map@50 : 0.2981
Sun 15 Mar 2026 21:08:51 INFO  Saving current: saved/LightGCN-Mar-15-2026_21-04-15.pth
Sun 15 Mar 2026 21:08:55 INFO  epoch 42 training [time: 3.42s, train loss: 66.8328]
Sun 15 Mar 2026 21:08:58 INFO  epoch 42 evaluating [time: 3.37s, valid_score: 0.358000]
Sun 15 Mar 2026 21:08:58 INFO  valid result: 
recall@1 : 0.1498    recall@2 : 0.2364    recall@3 : 0.2969    recall@4 : 0.3408    recall@5 : 0.38    recall@10 : 0.5122    recall@20 : 0.6466    recall@30 : 0.7187    recall@50 : 0.8098    ndcg@1 : 0.2384    ndcg@2 : 0.2619    ndcg@3 : 0.2824    ndcg@4 : 0.2967    ndcg@5 : 0.3114    ndcg@10 : 0.358    ndcg@20 : 0.3989    ndcg@30 : 0.4182    ndcg@50 : 0.4395    precision@1 : 0.2384    precision@2 : 0.197    precision@3 : 0.1702    precision@4 : 0.1499    precision@5 : 0.1373    precision@10 : 0.0979    precision@20 : 0.0653    precision@30 : 0.0498    precision@50 : 0.0343    map@1 : 0.2384    map@2 : 0.2332    map@3 : 0.2395    map@4 : 0.2441    map@5 : 0.2506    map@10 : 0.2705    map@20 : 0.2854    map@30 : 0.2912    map@50 : 0.296
Sun 15 Mar 2026 21:09:01 INFO  epoch 43 training [time: 3.28s, train loss: 65.7777]
Sun 15 Mar 2026 21:09:04 INFO  epoch 43 evaluating [time: 3.14s, valid_score: 0.358100]
Sun 15 Mar 2026 21:09:04 INFO  valid result: 
recall@1 : 0.1519    recall@2 : 0.2383    recall@3 : 0.2967    recall@4 : 0.3417    recall@5 : 0.3827    recall@10 : 0.5078    recall@20 : 0.6497    recall@30 : 0.7217    recall@50 : 0.8105    ndcg@1 : 0.2402    ndcg@2 : 0.2641    ndcg@3 : 0.2828    ndcg@4 : 0.298    ndcg@5 : 0.3134    ndcg@10 : 0.3581    ndcg@20 : 0.4009    ndcg@30 : 0.4201    ndcg@50 : 0.4409    precision@1 : 0.2402    precision@2 : 0.1985    precision@3 : 0.1692    precision@4 : 0.1497    precision@5 : 0.1375    precision@10 : 0.0979    precision@20 : 0.0656    precision@30 : 0.0499    precision@50 : 0.0343    map@1 : 0.2402    map@2 : 0.235    map@3 : 0.2406    map@4 : 0.2456    map@5 : 0.2525    map@10 : 0.2718    map@20 : 0.2873    map@30 : 0.2929    map@50 : 0.2977
Sun 15 Mar 2026 21:09:08 INFO  epoch 44 training [time: 3.44s, train loss: 64.3344]
Sun 15 Mar 2026 21:09:11 INFO  epoch 44 evaluating [time: 3.28s, valid_score: 0.358800]
Sun 15 Mar 2026 21:09:11 INFO  valid result: 
recall@1 : 0.1514    recall@2 : 0.2418    recall@3 : 0.2975    recall@4 : 0.3448    recall@5 : 0.3821    recall@10 : 0.5086    recall@20 : 0.6488    recall@30 : 0.7238    recall@50 : 0.8105    ndcg@1 : 0.2408    ndcg@2 : 0.2654    ndcg@3 : 0.2837    ndcg@4 : 0.3    ndcg@5 : 0.3136    ndcg@10 : 0.3588    ndcg@20 : 0.4013    ndcg@30 : 0.421    ndcg@50 : 0.4415    precision@1 : 0.2408    precision@2 : 0.1987    precision@3 : 0.17    precision@4 : 0.1514    precision@5 : 0.1374    precision@10 : 0.0979    precision@20 : 0.0656    precision@30 : 0.0499    precision@50 : 0.0343    map@1 : 0.2408    map@2 : 0.236    map@3 : 0.2414    map@4 : 0.247    map@5 : 0.2529    map@10 : 0.2725    map@20 : 0.2879    map@30 : 0.2936    map@50 : 0.2984
Sun 15 Mar 2026 21:09:14 INFO  epoch 45 training [time: 3.15s, train loss: 63.4174]
Sun 15 Mar 2026 21:09:18 INFO  epoch 45 evaluating [time: 3.33s, valid_score: 0.359400]
Sun 15 Mar 2026 21:09:18 INFO  valid result: 
recall@1 : 0.1523    recall@2 : 0.2456    recall@3 : 0.2965    recall@4 : 0.3461    recall@5 : 0.3793    recall@10 : 0.5089    recall@20 : 0.6466    recall@30 : 0.7221    recall@50 : 0.8097    ndcg@1 : 0.2408    ndcg@2 : 0.2682    ndcg@3 : 0.284    ndcg@4 : 0.3013    ndcg@5 : 0.3132    ndcg@10 : 0.3594    ndcg@20 : 0.4013    ndcg@30 : 0.421    ndcg@50 : 0.4418    precision@1 : 0.2408    precision@2 : 0.2008    precision@3 : 0.1694    precision@4 : 0.1517    precision@5 : 0.1366    precision@10 : 0.0979    precision@20 : 0.0654    precision@30 : 0.0497    precision@50 : 0.0343    map@1 : 0.2408    map@2 : 0.2387    map@3 : 0.2422    map@4 : 0.2485    map@5 : 0.2532    map@10 : 0.2733    map@20 : 0.2885    map@30 : 0.2943    map@50 : 0.2991
Sun 15 Mar 2026 21:09:21 INFO  epoch 46 training [time: 3.09s, train loss: 62.7783]
Sun 15 Mar 2026 21:09:24 INFO  epoch 46 evaluating [time: 3.38s, valid_score: 0.359600]
Sun 15 Mar 2026 21:09:24 INFO  valid result: 
recall@1 : 0.1513    recall@2 : 0.2442    recall@3 : 0.2991    recall@4 : 0.3452    recall@5 : 0.3825    recall@10 : 0.5107    recall@20 : 0.648    recall@30 : 0.723    recall@50 : 0.812    ndcg@1 : 0.2366    ndcg@2 : 0.2672    ndcg@3 : 0.2843    ndcg@4 : 0.3    ndcg@5 : 0.3139    ndcg@10 : 0.3596    ndcg@20 : 0.4015    ndcg@30 : 0.4212    ndcg@50 : 0.4421    precision@1 : 0.2366    precision@2 : 0.2017    precision@3 : 0.17    precision@4 : 0.1506    precision@5 : 0.1374    precision@10 : 0.0982    precision@20 : 0.0657    precision@30 : 0.0499    precision@50 : 0.0343    map@1 : 0.2366    map@2 : 0.2373    map@3 : 0.242    map@4 : 0.2471    map@5 : 0.2532    map@10 : 0.2731    map@20 : 0.2884    map@30 : 0.2942    map@50 : 0.2991
Sun 15 Mar 2026 21:09:27 INFO  epoch 47 training [time: 3.27s, train loss: 61.9831]
Sun 15 Mar 2026 21:09:31 INFO  epoch 47 evaluating [time: 3.29s, valid_score: 0.360100]
Sun 15 Mar 2026 21:09:31 INFO  valid result: 
recall@1 : 0.1525    recall@2 : 0.2431    recall@3 : 0.2994    recall@4 : 0.3473    recall@5 : 0.3882    recall@10 : 0.509    recall@20 : 0.6483    recall@30 : 0.7212    recall@50 : 0.8122    ndcg@1 : 0.2414    ndcg@2 : 0.268    ndcg@3 : 0.2854    ndcg@4 : 0.3015    ndcg@5 : 0.3172    ndcg@10 : 0.3601    ndcg@20 : 0.4025    ndcg@30 : 0.4216    ndcg@50 : 0.4428    precision@1 : 0.2414    precision@2 : 0.2023    precision@3 : 0.1706    precision@4 : 0.1511    precision@5 : 0.1395    precision@10 : 0.0982    precision@20 : 0.0658    precision@30 : 0.0499    precision@50 : 0.0343    map@1 : 0.2414    map@2 : 0.2381    map@3 : 0.2429    map@4 : 0.2483    map@5 : 0.2555    map@10 : 0.2738    map@20 : 0.2892    map@30 : 0.2948    map@50 : 0.2997
Sun 15 Mar 2026 21:09:31 INFO  Saving current: saved/LightGCN-Mar-15-2026_21-04-15.pth
Sun 15 Mar 2026 21:09:34 INFO  epoch 48 training [time: 3.07s, train loss: 60.6023]
Sun 15 Mar 2026 21:09:37 INFO  epoch 48 evaluating [time: 3.38s, valid_score: 0.360600]
Sun 15 Mar 2026 21:09:37 INFO  valid result: 
recall@1 : 0.1531    recall@2 : 0.2416    recall@3 : 0.3007    recall@4 : 0.3478    recall@5 : 0.385    recall@10 : 0.5094    recall@20 : 0.6483    recall@30 : 0.7239    recall@50 : 0.8146    ndcg@1 : 0.242    ndcg@2 : 0.2679    ndcg@3 : 0.2859    ndcg@4 : 0.3017    ndcg@5 : 0.3159    ndcg@10 : 0.3606    ndcg@20 : 0.4028    ndcg@30 : 0.4225    ndcg@50 : 0.4437    precision@1 : 0.242    precision@2 : 0.2026    precision@3 : 0.1706    precision@4 : 0.1508    precision@5 : 0.1381    precision@10 : 0.0985    precision@20 : 0.0658    precision@30 : 0.05    precision@50 : 0.0344    map@1 : 0.242    map@2 : 0.2385    map@3 : 0.2436    map@4 : 0.2486    map@5 : 0.255    map@10 : 0.2743    map@20 : 0.2897    map@30 : 0.2954    map@50 : 0.3003
Sun 15 Mar 2026 21:09:37 INFO  Saving current: saved/LightGCN-Mar-15-2026_21-04-15.pth
Sun 15 Mar 2026 21:09:40 INFO  epoch 49 training [time: 3.29s, train loss: 59.2824]
Sun 15 Mar 2026 21:09:44 INFO  epoch 49 evaluating [time: 3.33s, valid_score: 0.361000]
Sun 15 Mar 2026 21:09:44 INFO  valid result: 
recall@1 : 0.1545    recall@2 : 0.2414    recall@3 : 0.3028    recall@4 : 0.3471    recall@5 : 0.3894    recall@10 : 0.5072    recall@20 : 0.6496    recall@30 : 0.7204    recall@50 : 0.813    ndcg@1 : 0.2461    ndcg@2 : 0.2682    ndcg@3 : 0.2876    ndcg@4 : 0.3023    ndcg@5 : 0.3186    ndcg@10 : 0.361    ndcg@20 : 0.4041    ndcg@30 : 0.4229    ndcg@50 : 0.4444    precision@1 : 0.2461    precision@2 : 0.2017    precision@3 : 0.1714    precision@4 : 0.1508    precision@5 : 0.1395    precision@10 : 0.0982    precision@20 : 0.066    precision@30 : 0.0499    precision@50 : 0.0343    map@1 : 0.2461    map@2 : 0.2393    map@3 : 0.2445    map@4 : 0.2494    map@5 : 0.2567    map@10 : 0.2752    map@20 : 0.2908    map@30 : 0.2963    map@50 : 0.3012
Sun 15 Mar 2026 21:09:44 INFO  Saving current: saved/LightGCN-Mar-15-2026_21-04-15.pth
Sun 15 Mar 2026 21:09:47 INFO  epoch 50 training [time: 3.06s, train loss: 59.1409]
Sun 15 Mar 2026 21:09:50 INFO  epoch 50 evaluating [time: 3.20s, valid_score: 0.363200]
Sun 15 Mar 2026 21:09:50 INFO  valid result: 
recall@1 : 0.1576    recall@2 : 0.244    recall@3 : 0.3032    recall@4 : 0.348    recall@5 : 0.3899    recall@10 : 0.5091    recall@20 : 0.652    recall@30 : 0.7224    recall@50 : 0.8102    ndcg@1 : 0.2485    ndcg@2 : 0.2709    ndcg@3 : 0.2889    ndcg@4 : 0.3043    ndcg@5 : 0.3203    ndcg@10 : 0.3632    ndcg@20 : 0.4063    ndcg@30 : 0.4248    ndcg@50 : 0.4454    precision@1 : 0.2485    precision@2 : 0.2035    precision@3 : 0.171    precision@4 : 0.1515    precision@5 : 0.1398    precision@10 : 0.0984    precision@20 : 0.0662    precision@30 : 0.0499    precision@50 : 0.0342    map@1 : 0.2485    map@2 : 0.2417    map@3 : 0.2456    map@4 : 0.2512    map@5 : 0.2586    map@10 : 0.2774    map@20 : 0.293    map@30 : 0.2984    map@50 : 0.3032
Sun 15 Mar 2026 21:09:50 INFO  Saving current: saved/LightGCN-Mar-15-2026_21-04-15.pth
Sun 15 Mar 2026 21:09:53 INFO  epoch 51 training [time: 3.14s, train loss: 58.2244]
Sun 15 Mar 2026 21:09:56 INFO  epoch 51 evaluating [time: 3.40s, valid_score: 0.361300]
Sun 15 Mar 2026 21:09:56 INFO  valid result: 
recall@1 : 0.154    recall@2 : 0.2436    recall@3 : 0.3045    recall@4 : 0.346    recall@5 : 0.3908    recall@10 : 0.5078    recall@20 : 0.6506    recall@30 : 0.7238    recall@50 : 0.8079    ndcg@1 : 0.2449    ndcg@2 : 0.269    ndcg@3 : 0.2882    ndcg@4 : 0.302    ndcg@5 : 0.3193    ndcg@10 : 0.3613    ndcg@20 : 0.4046    ndcg@30 : 0.4239    ndcg@50 : 0.4436    precision@1 : 0.2449    precision@2 : 0.2026    precision@3 : 0.1716    precision@4 : 0.1506    precision@5 : 0.1403    precision@10 : 0.098    precision@20 : 0.0662    precision@30 : 0.05    precision@50 : 0.0342    map@1 : 0.2449    map@2 : 0.2394    map@3 : 0.2448    map@4 : 0.2492    map@5 : 0.2572    map@10 : 0.2756    map@20 : 0.2914    map@30 : 0.297    map@50 : 0.3016
Sun 15 Mar 2026 21:10:00 INFO  epoch 52 training [time: 3.30s, train loss: 55.5200]
Sun 15 Mar 2026 21:10:03 INFO  epoch 52 evaluating [time: 3.27s, valid_score: 0.364900]
Sun 15 Mar 2026 21:10:03 INFO  valid result: 
recall@1 : 0.1588    recall@2 : 0.2443    recall@3 : 0.3088    recall@4 : 0.35    recall@5 : 0.39    recall@10 : 0.5108    recall@20 : 0.6497    recall@30 : 0.7302    recall@50 : 0.8098    ndcg@1 : 0.2503    ndcg@2 : 0.2712    ndcg@3 : 0.2927    ndcg@4 : 0.3061    ndcg@5 : 0.3213    ndcg@10 : 0.3649    ndcg@20 : 0.4071    ndcg@30 : 0.4279    ndcg@50 : 0.4466    precision@1 : 0.2503    precision@2 : 0.2029    precision@3 : 0.1742    precision@4 : 0.1521    precision@5 : 0.1398    precision@10 : 0.0987    precision@20 : 0.0662    precision@30 : 0.0503    precision@50 : 0.0342    map@1 : 0.2503    map@2 : 0.2424    map@3 : 0.2493    map@4 : 0.2534    map@5 : 0.26    map@10 : 0.2794    map@20 : 0.2947    map@30 : 0.3006    map@50 : 0.305
Sun 15 Mar 2026 21:10:03 INFO  Saving current: saved/LightGCN-Mar-15-2026_21-04-15.pth
Sun 15 Mar 2026 21:10:06 INFO  epoch 53 training [time: 3.12s, train loss: 55.5094]
Sun 15 Mar 2026 21:10:10 INFO  epoch 53 evaluating [time: 3.40s, valid_score: 0.362900]
Sun 15 Mar 2026 21:10:10 INFO  valid result: 
recall@1 : 0.1543    recall@2 : 0.25    recall@3 : 0.3092    recall@4 : 0.3502    recall@5 : 0.3868    recall@10 : 0.5072    recall@20 : 0.649    recall@30 : 0.7287    recall@50 : 0.8082    ndcg@1 : 0.2473    ndcg@2 : 0.2732    ndcg@3 : 0.2922    ndcg@4 : 0.3057    ndcg@5 : 0.3195    ndcg@10 : 0.3629    ndcg@20 : 0.4058    ndcg@30 : 0.4264    ndcg@50 : 0.4453    precision@1 : 0.2473    precision@2 : 0.2062    precision@3 : 0.1746    precision@4 : 0.1529    precision@5 : 0.1395    precision@10 : 0.0983    precision@20 : 0.066    precision@30 : 0.0502    precision@50 : 0.0342    map@1 : 0.2473    map@2 : 0.2427    map@3 : 0.2476    map@4 : 0.2522    map@5 : 0.2582    map@10 : 0.2775    map@20 : 0.293    map@30 : 0.2989    map@50 : 0.3034
Sun 15 Mar 2026 21:10:13 INFO  epoch 54 training [time: 3.31s, train loss: 54.5880]
Sun 15 Mar 2026 21:10:16 INFO  epoch 54 evaluating [time: 3.31s, valid_score: 0.362300]
Sun 15 Mar 2026 21:10:16 INFO  valid result: 
recall@1 : 0.1534    recall@2 : 0.2474    recall@3 : 0.3063    recall@4 : 0.349    recall@5 : 0.3873    recall@10 : 0.5089    recall@20 : 0.6472    recall@30 : 0.7263    recall@50 : 0.8082    ndcg@1 : 0.2443    ndcg@2 : 0.2709    ndcg@3 : 0.2897    ndcg@4 : 0.304    ndcg@5 : 0.3186    ndcg@10 : 0.3623    ndcg@20 : 0.4041    ndcg@30 : 0.4247    ndcg@50 : 0.4441    precision@1 : 0.2443    precision@2 : 0.205    precision@3 : 0.1732    precision@4 : 0.1524    precision@5 : 0.1395    precision@10 : 0.0985    precision@20 : 0.0657    precision@30 : 0.05    precision@50 : 0.0341    map@1 : 0.2443    map@2 : 0.2409    map@3 : 0.2456    map@4 : 0.2506    map@5 : 0.2572    map@10 : 0.2765    map@20 : 0.2917    map@30 : 0.2976    map@50 : 0.3022
Sun 15 Mar 2026 21:10:19 INFO  epoch 55 training [time: 3.26s, train loss: 52.9963]
Sun 15 Mar 2026 21:10:23 INFO  epoch 55 evaluating [time: 3.38s, valid_score: 0.363900]
Sun 15 Mar 2026 21:10:23 INFO  valid result: 
recall@1 : 0.1552    recall@2 : 0.2509    recall@3 : 0.3038    recall@4 : 0.349    recall@5 : 0.3866    recall@10 : 0.51    recall@20 : 0.6473    recall@30 : 0.7318    recall@50 : 0.8088    ndcg@1 : 0.2461    ndcg@2 : 0.2742    ndcg@3 : 0.2896    ndcg@4 : 0.3051    ndcg@5 : 0.3193    ndcg@10 : 0.3639    ndcg@20 : 0.4055    ndcg@30 : 0.4273    ndcg@50 : 0.4455    precision@1 : 0.2461    precision@2 : 0.2074    precision@3 : 0.1724    precision@4 : 0.1527    precision@5 : 0.1395    precision@10 : 0.099    precision@20 : 0.066    precision@30 : 0.0504    precision@50 : 0.0342    map@1 : 0.2461    map@2 : 0.2437    map@3 : 0.2466    map@4 : 0.2522    map@5 : 0.2585    map@10 : 0.2783    map@20 : 0.2935    map@30 : 0.2996    map@50 : 0.3039
Sun 15 Mar 2026 21:10:26 INFO  epoch 56 training [time: 3.63s, train loss: 53.0082]
Sun 15 Mar 2026 21:10:30 INFO  epoch 56 evaluating [time: 3.27s, valid_score: 0.364300]
Sun 15 Mar 2026 21:10:30 INFO  valid result: 
recall@1 : 0.155    recall@2 : 0.25    recall@3 : 0.3064    recall@4 : 0.3476    recall@5 : 0.3883    recall@10 : 0.5112    recall@20 : 0.6466    recall@30 : 0.7296    recall@50 : 0.8088    ndcg@1 : 0.2449    ndcg@2 : 0.273    ndcg@3 : 0.2906    ndcg@4 : 0.3048    ndcg@5 : 0.3201    ndcg@10 : 0.3643    ndcg@20 : 0.4054    ndcg@30 : 0.427    ndcg@50 : 0.4456    precision@1 : 0.2449    precision@2 : 0.2062    precision@3 : 0.1736    precision@4 : 0.1533    precision@5 : 0.1405    precision@10 : 0.0993    precision@20 : 0.0659    precision@30 : 0.0504    precision@50 : 0.0342    map@1 : 0.2449    map@2 : 0.2424    map@3 : 0.2468    map@4 : 0.2518    map@5 : 0.2589    map@10 : 0.2784    map@20 : 0.2934    map@30 : 0.2996    map@50 : 0.304
Sun 15 Mar 2026 21:10:33 INFO  epoch 57 training [time: 3.40s, train loss: 51.6066]
Sun 15 Mar 2026 21:10:37 INFO  epoch 57 evaluating [time: 3.43s, valid_score: 0.366200]
Sun 15 Mar 2026 21:10:37 INFO  valid result: 
recall@1 : 0.158    recall@2 : 0.2501    recall@3 : 0.3042    recall@4 : 0.3467    recall@5 : 0.3892    recall@10 : 0.5146    recall@20 : 0.6477    recall@30 : 0.7307    recall@50 : 0.8073    ndcg@1 : 0.2485    ndcg@2 : 0.2742    ndcg@3 : 0.2908    ndcg@4 : 0.3051    ndcg@5 : 0.3211    ndcg@10 : 0.3662    ndcg@20 : 0.4066    ndcg@30 : 0.4282    ndcg@50 : 0.4462    precision@1 : 0.2485    precision@2 : 0.2062    precision@3 : 0.1734    precision@4 : 0.1524    precision@5 : 0.14    precision@10 : 0.0996    precision@20 : 0.0659    precision@30 : 0.0504    precision@50 : 0.0341    map@1 : 0.2485    map@2 : 0.2443    map@3 : 0.248    map@4 : 0.2526    map@5 : 0.2602    map@10 : 0.2801    map@20 : 0.2949    map@30 : 0.301    map@50 : 0.3054
Sun 15 Mar 2026 21:10:37 INFO  Saving current: saved/LightGCN-Mar-15-2026_21-04-15.pth
Sun 15 Mar 2026 21:10:40 INFO  epoch 58 training [time: 3.38s, train loss: 52.0025]
Sun 15 Mar 2026 21:10:43 INFO  epoch 58 evaluating [time: 3.24s, valid_score: 0.364000]
Sun 15 Mar 2026 21:10:43 INFO  valid result: 
recall@1 : 0.1557    recall@2 : 0.2491    recall@3 : 0.3065    recall@4 : 0.3449    recall@5 : 0.3893    recall@10 : 0.51    recall@20 : 0.6446    recall@30 : 0.7288    recall@50 : 0.8086    ndcg@1 : 0.2467    ndcg@2 : 0.2725    ndcg@3 : 0.2915    ndcg@4 : 0.3035    ndcg@5 : 0.3205    ndcg@10 : 0.364    ndcg@20 : 0.4048    ndcg@30 : 0.4267    ndcg@50 : 0.4454    precision@1 : 0.2467    precision@2 : 0.2053    precision@3 : 0.175    precision@4 : 0.152    precision@5 : 0.1404    precision@10 : 0.099    precision@20 : 0.0654    precision@30 : 0.0502    precision@50 : 0.0341    map@1 : 0.2467    map@2 : 0.2431    map@3 : 0.248    map@4 : 0.2515    map@5 : 0.2595    map@10 : 0.2786    map@20 : 0.2934    map@30 : 0.2997    map@50 : 0.3041
Sun 15 Mar 2026 21:10:47 INFO  epoch 59 training [time: 3.31s, train loss: 50.6849]
Sun 15 Mar 2026 21:10:50 INFO  epoch 59 evaluating [time: 3.39s, valid_score: 0.364500]
Sun 15 Mar 2026 21:10:50 INFO  valid result: 
recall@1 : 0.1539    recall@2 : 0.2473    recall@3 : 0.3052    recall@4 : 0.3479    recall@5 : 0.3886    recall@10 : 0.5147    recall@20 : 0.6487    recall@30 : 0.7305    recall@50 : 0.8083    ndcg@1 : 0.2443    ndcg@2 : 0.2706    ndcg@3 : 0.2897    ndcg@4 : 0.3038    ndcg@5 : 0.3191    ndcg@10 : 0.3645    ndcg@20 : 0.4049    ndcg@30 : 0.4263    ndcg@50 : 0.4445    precision@1 : 0.2443    precision@2 : 0.2041    precision@3 : 0.1744    precision@4 : 0.1529    precision@5 : 0.1399    precision@10 : 0.0996    precision@20 : 0.0658    precision@30 : 0.0504    precision@50 : 0.0341    map@1 : 0.2443    map@2 : 0.2417    map@3 : 0.2464    map@4 : 0.2511    map@5 : 0.2579    map@10 : 0.2781    map@20 : 0.2927    map@30 : 0.2988    map@50 : 0.3031
Sun 15 Mar 2026 21:10:53 INFO  epoch 60 training [time: 3.40s, train loss: 49.5793]
Sun 15 Mar 2026 21:10:56 INFO  epoch 60 evaluating [time: 3.18s, valid_score: 0.365800]
Sun 15 Mar 2026 21:10:56 INFO  valid result: 
recall@1 : 0.1553    recall@2 : 0.247    recall@3 : 0.3073    recall@4 : 0.3489    recall@5 : 0.3903    recall@10 : 0.5159    recall@20 : 0.6449    recall@30 : 0.7302    recall@50 : 0.8089    ndcg@1 : 0.2461    ndcg@2 : 0.2713    ndcg@3 : 0.2912    ndcg@4 : 0.3051    ndcg@5 : 0.3207    ndcg@10 : 0.3658    ndcg@20 : 0.4051    ndcg@30 : 0.4273    ndcg@50 : 0.4457    precision@1 : 0.2461    precision@2 : 0.2047    precision@3 : 0.1752    precision@4 : 0.1536    precision@5 : 0.1409    precision@10 : 0.0999    precision@20 : 0.0655    precision@30 : 0.0504    precision@50 : 0.0341    map@1 : 0.2461    map@2 : 0.2423    map@3 : 0.2478    map@4 : 0.2519    map@5 : 0.2594    map@10 : 0.2794    map@20 : 0.2937    map@30 : 0.3    map@50 : 0.3044
Sun 15 Mar 2026 21:11:00 INFO  epoch 61 training [time: 3.14s, train loss: 48.9913]
Sun 15 Mar 2026 21:11:03 INFO  epoch 61 evaluating [time: 3.41s, valid_score: 0.365100]
Sun 15 Mar 2026 21:11:03 INFO  valid result: 
recall@1 : 0.1538    recall@2 : 0.2464    recall@3 : 0.3063    recall@4 : 0.3459    recall@5 : 0.3841    recall@10 : 0.5178    recall@20 : 0.6456    recall@30 : 0.7282    recall@50 : 0.8056    ndcg@1 : 0.2437    ndcg@2 : 0.2698    ndcg@3 : 0.2901    ndcg@4 : 0.3025    ndcg@5 : 0.3171    ndcg@10 : 0.3651    ndcg@20 : 0.4038    ndcg@30 : 0.4254    ndcg@50 : 0.4436    precision@1 : 0.2437    precision@2 : 0.2038    precision@3 : 0.175    precision@4 : 0.1518    precision@5 : 0.1389    precision@10 : 0.0998    precision@20 : 0.0655    precision@30 : 0.0502    precision@50 : 0.034    map@1 : 0.2437    map@2 : 0.2411    map@3 : 0.2468    map@4 : 0.2499    map@5 : 0.2569    map@10 : 0.2783    map@20 : 0.2922    map@30 : 0.2984    map@50 : 0.3027
Sun 15 Mar 2026 21:11:06 INFO  epoch 62 training [time: 3.06s, train loss: 47.2374]
Sun 15 Mar 2026 21:11:09 INFO  epoch 62 evaluating [time: 3.25s, valid_score: 0.368000]
Sun 15 Mar 2026 21:11:09 INFO  valid result: 
recall@1 : 0.1581    recall@2 : 0.2494    recall@3 : 0.3067    recall@4 : 0.3447    recall@5 : 0.3885    recall@10 : 0.5185    recall@20 : 0.6475    recall@30 : 0.7277    recall@50 : 0.8067    ndcg@1 : 0.2533    ndcg@2 : 0.2743    ndcg@3 : 0.2929    ndcg@4 : 0.3048    ndcg@5 : 0.3212    ndcg@10 : 0.368    ndcg@20 : 0.4071    ndcg@30 : 0.4281    ndcg@50 : 0.4467    precision@1 : 0.2533    precision@2 : 0.2056    precision@3 : 0.1752    precision@4 : 0.1523    precision@5 : 0.1398    precision@10 : 0.1    precision@20 : 0.0658    precision@30 : 0.0503    precision@50 : 0.0341    map@1 : 0.2533    map@2 : 0.2454    map@3 : 0.2495    map@4 : 0.2528    map@5 : 0.2604    map@10 : 0.2811    map@20 : 0.2953    map@30 : 0.3013    map@50 : 0.3057
Sun 15 Mar 2026 21:11:09 INFO  Saving current: saved/LightGCN-Mar-15-2026_21-04-15.pth
Sun 15 Mar 2026 21:11:13 INFO  epoch 63 training [time: 3.36s, train loss: 46.8927]
Sun 15 Mar 2026 21:11:16 INFO  epoch 63 evaluating [time: 3.29s, valid_score: 0.366200]
Sun 15 Mar 2026 21:11:16 INFO  valid result: 
recall@1 : 0.1566    recall@2 : 0.247    recall@3 : 0.3061    recall@4 : 0.3491    recall@5 : 0.3888    recall@10 : 0.5168    recall@20 : 0.6493    recall@30 : 0.7256    recall@50 : 0.8065    ndcg@1 : 0.2461    ndcg@2 : 0.2708    ndcg@3 : 0.2905    ndcg@4 : 0.3051    ndcg@5 : 0.3201    ndcg@10 : 0.3662    ndcg@20 : 0.406    ndcg@30 : 0.4262    ndcg@50 : 0.4452    precision@1 : 0.2461    precision@2 : 0.2035    precision@3 : 0.1738    precision@4 : 0.1532    precision@5 : 0.14    precision@10 : 0.0999    precision@20 : 0.0657    precision@30 : 0.0501    precision@50 : 0.0341    map@1 : 0.2461    map@2 : 0.2421    map@3 : 0.2474    map@4 : 0.2521    map@5 : 0.2592    map@10 : 0.2797    map@20 : 0.294    map@30 : 0.2999    map@50 : 0.3044
Sun 15 Mar 2026 21:11:19 INFO  epoch 64 training [time: 3.48s, train loss: 46.1257]
Sun 15 Mar 2026 21:11:23 INFO  epoch 64 evaluating [time: 3.23s, valid_score: 0.365700]
Sun 15 Mar 2026 21:11:23 INFO  valid result: 
recall@1 : 0.1574    recall@2 : 0.2497    recall@3 : 0.3036    recall@4 : 0.3467    recall@5 : 0.3889    recall@10 : 0.5139    recall@20 : 0.6457    recall@30 : 0.7213    recall@50 : 0.8065    ndcg@1 : 0.2491    ndcg@2 : 0.2729    ndcg@3 : 0.2899    ndcg@4 : 0.3045    ndcg@5 : 0.3204    ndcg@10 : 0.3657    ndcg@20 : 0.4055    ndcg@30 : 0.4254    ndcg@50 : 0.4454    precision@1 : 0.2491    precision@2 : 0.205    precision@3 : 0.1728    precision@4 : 0.1523    precision@5 : 0.1395    precision@10 : 0.0993    precision@20 : 0.0655    precision@30 : 0.0498    precision@50 : 0.0341    map@1 : 0.2491    map@2 : 0.2439    map@3 : 0.2472    map@4 : 0.2521    map@5 : 0.2595    map@10 : 0.2799    map@20 : 0.2943    map@30 : 0.3    map@50 : 0.3047
Sun 15 Mar 2026 21:11:26 INFO  epoch 65 training [time: 3.28s, train loss: 44.4664]
Sun 15 Mar 2026 21:11:29 INFO  epoch 65 evaluating [time: 3.39s, valid_score: 0.362700]
Sun 15 Mar 2026 21:11:29 INFO  valid result: 
recall@1 : 0.1556    recall@2 : 0.2484    recall@3 : 0.3002    recall@4 : 0.3471    recall@5 : 0.3911    recall@10 : 0.5081    recall@20 : 0.6457    recall@30 : 0.7219    recall@50 : 0.806    ndcg@1 : 0.2455    ndcg@2 : 0.2712    ndcg@3 : 0.2866    ndcg@4 : 0.3033    ndcg@5 : 0.3201    ndcg@10 : 0.3627    ndcg@20 : 0.4044    ndcg@30 : 0.4245    ndcg@50 : 0.4444    precision@1 : 0.2455    precision@2 : 0.2047    precision@3 : 0.1706    precision@4 : 0.1521    precision@5 : 0.1403    precision@10 : 0.0983    precision@20 : 0.0655    precision@30 : 0.0499    precision@50 : 0.0342    map@1 : 0.2455    map@2 : 0.2421    map@3 : 0.2445    map@4 : 0.2508    map@5 : 0.2586    map@10 : 0.2781    map@20 : 0.293    map@30 : 0.2989    map@50 : 0.3035
Sun 15 Mar 2026 21:11:33 INFO  epoch 66 training [time: 3.28s, train loss: 44.1524]
Sun 15 Mar 2026 21:11:36 INFO  epoch 66 evaluating [time: 3.24s, valid_score: 0.362800]
Sun 15 Mar 2026 21:11:36 INFO  valid result: 
recall@1 : 0.1542    recall@2 : 0.2473    recall@3 : 0.3014    recall@4 : 0.3465    recall@5 : 0.3891    recall@10 : 0.5111    recall@20 : 0.6458    recall@30 : 0.7187    recall@50 : 0.8056    ndcg@1 : 0.2414    ndcg@2 : 0.2692    ndcg@3 : 0.2864    ndcg@4 : 0.3023    ndcg@5 : 0.3186    ndcg@10 : 0.3628    ndcg@20 : 0.4036    ndcg@30 : 0.4229    ndcg@50 : 0.4433    precision@1 : 0.2414    precision@2 : 0.2038    precision@3 : 0.1718    precision@4 : 0.1524    precision@5 : 0.1399    precision@10 : 0.0987    precision@20 : 0.0655    precision@30 : 0.0497    precision@50 : 0.0341    map@1 : 0.2414    map@2 : 0.24    map@3 : 0.2435    map@4 : 0.2497    map@5 : 0.2573    map@10 : 0.2774    map@20 : 0.292    map@30 : 0.2976    map@50 : 0.3024
Sun 15 Mar 2026 21:11:39 INFO  epoch 67 training [time: 3.43s, train loss: 43.6198]
Sun 15 Mar 2026 21:11:43 INFO  epoch 67 evaluating [time: 3.41s, valid_score: 0.363400]
Sun 15 Mar 2026 21:11:43 INFO  valid result: 
recall@1 : 0.1561    recall@2 : 0.2484    recall@3 : 0.2997    recall@4 : 0.3482    recall@5 : 0.387    recall@10 : 0.51    recall@20 : 0.6455    recall@30 : 0.7209    recall@50 : 0.805    ndcg@1 : 0.2449    ndcg@2 : 0.2712    ndcg@3 : 0.2865    ndcg@4 : 0.3042    ndcg@5 : 0.319    ndcg@10 : 0.3634    ndcg@20 : 0.4043    ndcg@30 : 0.4242    ndcg@50 : 0.4442    precision@1 : 0.2449    precision@2 : 0.2047    precision@3 : 0.1708    precision@4 : 0.1536    precision@5 : 0.1403    precision@10 : 0.0986    precision@20 : 0.0653    precision@30 : 0.0497    precision@50 : 0.0341    map@1 : 0.2449    map@2 : 0.2418    map@3 : 0.2439    map@4 : 0.2512    map@5 : 0.2583    map@10 : 0.2784    map@20 : 0.2931    map@30 : 0.2988    map@50 : 0.3035
Sun 15 Mar 2026 21:11:46 INFO  epoch 68 training [time: 3.06s, train loss: 43.9017]
Sun 15 Mar 2026 21:11:49 INFO  epoch 68 evaluating [time: 3.18s, valid_score: 0.362600]
Sun 15 Mar 2026 21:11:49 INFO  valid result: 
recall@1 : 0.1523    recall@2 : 0.2516    recall@3 : 0.3017    recall@4 : 0.3487    recall@5 : 0.3892    recall@10 : 0.5104    recall@20 : 0.6449    recall@30 : 0.7229    recall@50 : 0.8052    ndcg@1 : 0.2426    ndcg@2 : 0.2713    ndcg@3 : 0.2861    ndcg@4 : 0.3033    ndcg@5 : 0.3188    ndcg@10 : 0.3626    ndcg@20 : 0.4032    ndcg@30 : 0.4236    ndcg@50 : 0.443    precision@1 : 0.2426    precision@2 : 0.2053    precision@3 : 0.1706    precision@4 : 0.1532    precision@5 : 0.1403    precision@10 : 0.0986    precision@20 : 0.0654    precision@30 : 0.0498    precision@50 : 0.0341    map@1 : 0.2426    map@2 : 0.2411    map@3 : 0.243    map@4 : 0.25    map@5 : 0.2572    map@10 : 0.277    map@20 : 0.2916    map@30 : 0.2974    map@50 : 0.302
Sun 15 Mar 2026 21:11:52 INFO  epoch 69 training [time: 3.27s, train loss: 42.3759]
Sun 15 Mar 2026 21:11:56 INFO  epoch 69 evaluating [time: 3.46s, valid_score: 0.363600]
Sun 15 Mar 2026 21:11:56 INFO  valid result: 
recall@1 : 0.156    recall@2 : 0.2478    recall@3 : 0.3011    recall@4 : 0.3504    recall@5 : 0.3878    recall@10 : 0.5105    recall@20 : 0.646    recall@30 : 0.7213    recall@50 : 0.8037    ndcg@1 : 0.2461    ndcg@2 : 0.2698    ndcg@3 : 0.2871    ndcg@4 : 0.3053    ndcg@5 : 0.3194    ndcg@10 : 0.3636    ndcg@20 : 0.4043    ndcg@30 : 0.4241    ndcg@50 : 0.4436    precision@1 : 0.2461    precision@2 : 0.2023    precision@3 : 0.1714    precision@4 : 0.1545    precision@5 : 0.1406    precision@10 : 0.0989    precision@20 : 0.0654    precision@30 : 0.0496    precision@50 : 0.034    map@1 : 0.2461    map@2 : 0.2405    map@3 : 0.2442    map@4 : 0.2519    map@5 : 0.2585    map@10 : 0.2784    map@20 : 0.2929    map@30 : 0.2985    map@50 : 0.3032
Sun 15 Mar 2026 21:11:59 INFO  epoch 70 training [time: 3.35s, train loss: 41.5825]
Sun 15 Mar 2026 21:12:02 INFO  epoch 70 evaluating [time: 3.27s, valid_score: 0.364600]
Sun 15 Mar 2026 21:12:02 INFO  valid result: 
recall@1 : 0.1574    recall@2 : 0.2512    recall@3 : 0.3042    recall@4 : 0.3496    recall@5 : 0.3846    recall@10 : 0.5104    recall@20 : 0.6458    recall@30 : 0.72    recall@50 : 0.8011    ndcg@1 : 0.2467    ndcg@2 : 0.2737    ndcg@3 : 0.2899    ndcg@4 : 0.3057    ndcg@5 : 0.3189    ndcg@10 : 0.3646    ndcg@20 : 0.4052    ndcg@30 : 0.4248    ndcg@50 : 0.4441    precision@1 : 0.2467    precision@2 : 0.2062    precision@3 : 0.1728    precision@4 : 0.1533    precision@5 : 0.1391    precision@10 : 0.0988    precision@20 : 0.0653    precision@30 : 0.0496    precision@50 : 0.034    map@1 : 0.2467    map@2 : 0.2436    map@3 : 0.2467    map@4 : 0.2528    map@5 : 0.2588    map@10 : 0.2795    map@20 : 0.2941    map@30 : 0.2997    map@50 : 0.3043
Sun 15 Mar 2026 21:12:05 INFO  epoch 71 training [time: 3.06s, train loss: 40.5299]
Sun 15 Mar 2026 21:12:09 INFO  epoch 71 evaluating [time: 3.30s, valid_score: 0.361300]
Sun 15 Mar 2026 21:12:09 INFO  valid result: 
recall@1 : 0.1521    recall@2 : 0.2462    recall@3 : 0.3002    recall@4 : 0.348    recall@5 : 0.3854    recall@10 : 0.5096    recall@20 : 0.6462    recall@30 : 0.7179    recall@50 : 0.8019    ndcg@1 : 0.239    ndcg@2 : 0.2673    ndcg@3 : 0.2846    ndcg@4 : 0.302    ndcg@5 : 0.3164    ndcg@10 : 0.3613    ndcg@20 : 0.4021    ndcg@30 : 0.4212    ndcg@50 : 0.441    precision@1 : 0.239    precision@2 : 0.2026    precision@3 : 0.171    precision@4 : 0.1533    precision@5 : 0.1399    precision@10 : 0.0989    precision@20 : 0.0653    precision@30 : 0.0497    precision@50 : 0.034    map@1 : 0.239    map@2 : 0.2376    map@3 : 0.2413    map@4 : 0.2484    map@5 : 0.2553    map@10 : 0.2756    map@20 : 0.2901    map@30 : 0.2958    map@50 : 0.3004
Sun 15 Mar 2026 21:12:12 INFO  epoch 72 training [time: 3.13s, train loss: 40.0045]
Sun 15 Mar 2026 21:12:15 INFO  epoch 72 evaluating [time: 3.26s, valid_score: 0.360800]
Sun 15 Mar 2026 21:12:15 INFO  valid result: 
recall@1 : 0.1527    recall@2 : 0.2433    recall@3 : 0.2975    recall@4 : 0.3456    recall@5 : 0.3839    recall@10 : 0.5093    recall@20 : 0.6428    recall@30 : 0.7161    recall@50 : 0.7993    ndcg@1 : 0.2408    ndcg@2 : 0.266    ndcg@3 : 0.2832    ndcg@4 : 0.3009    ndcg@5 : 0.3159    ndcg@10 : 0.3608    ndcg@20 : 0.4007    ndcg@30 : 0.4203    ndcg@50 : 0.44    precision@1 : 0.2408    precision@2 : 0.2008    precision@3 : 0.17    precision@4 : 0.153    precision@5 : 0.1406    precision@10 : 0.0986    precision@20 : 0.065    precision@30 : 0.0496    precision@50 : 0.034    map@1 : 0.2408    map@2 : 0.2364    map@3 : 0.2403    map@4 : 0.2476    map@5 : 0.255    map@10 : 0.2751    map@20 : 0.2892    map@30 : 0.2951    map@50 : 0.2996
Sun 15 Mar 2026 21:12:19 INFO  epoch 73 training [time: 3.41s, train loss: 39.5238]
Sun 15 Mar 2026 21:12:22 INFO  epoch 73 evaluating [time: 3.45s, valid_score: 0.359100]
Sun 15 Mar 2026 21:12:22 INFO  valid result: 
recall@1 : 0.1513    recall@2 : 0.2411    recall@3 : 0.299    recall@4 : 0.3431    recall@5 : 0.3841    recall@10 : 0.5068    recall@20 : 0.6428    recall@30 : 0.7159    recall@50 : 0.8016    ndcg@1 : 0.2408    ndcg@2 : 0.2643    ndcg@3 : 0.2834    ndcg@4 : 0.2989    ndcg@5 : 0.315    ndcg@10 : 0.3591    ndcg@20 : 0.3999    ndcg@30 : 0.4195    ndcg@50 : 0.4397    precision@1 : 0.2408    precision@2 : 0.1999    precision@3 : 0.171    precision@4 : 0.1517    precision@5 : 0.1403    precision@10 : 0.0981    precision@20 : 0.065    precision@30 : 0.0496    precision@50 : 0.0341    map@1 : 0.2408    map@2 : 0.2351    map@3 : 0.2399    map@4 : 0.246    map@5 : 0.2537    map@10 : 0.2737    map@20 : 0.2882    map@30 : 0.294    map@50 : 0.2987
Sun 15 Mar 2026 21:12:25 INFO  epoch 74 training [time: 3.34s, train loss: 38.9392]
Sun 15 Mar 2026 21:12:29 INFO  epoch 74 evaluating [time: 3.23s, valid_score: 0.359000]
Sun 15 Mar 2026 21:12:29 INFO  valid result: 
recall@1 : 0.1506    recall@2 : 0.2417    recall@3 : 0.2983    recall@4 : 0.3452    recall@5 : 0.3812    recall@10 : 0.5071    recall@20 : 0.6407    recall@30 : 0.7159    recall@50 : 0.8021    ndcg@1 : 0.2414    ndcg@2 : 0.2641    ndcg@3 : 0.2829    ndcg@4 : 0.2999    ndcg@5 : 0.3137    ndcg@10 : 0.359    ndcg@20 : 0.3992    ndcg@30 : 0.4191    ndcg@50 : 0.4397    precision@1 : 0.2414    precision@2 : 0.1993    precision@3 : 0.1706    precision@4 : 0.1527    precision@5 : 0.1393    precision@10 : 0.098    precision@20 : 0.0648    precision@30 : 0.0493    precision@50 : 0.0341    map@1 : 0.2414    map@2 : 0.2347    map@3 : 0.2393    map@4 : 0.2463    map@5 : 0.2527    map@10 : 0.2733    map@20 : 0.2877    map@30 : 0.2934    map@50 : 0.2984
Sun 15 Mar 2026 21:12:32 INFO  epoch 75 training [time: 3.26s, train loss: 38.2458]
Sun 15 Mar 2026 21:12:35 INFO  epoch 75 evaluating [time: 3.41s, valid_score: 0.357300]
Sun 15 Mar 2026 21:12:35 INFO  valid result: 
recall@1 : 0.1501    recall@2 : 0.2381    recall@3 : 0.2959    recall@4 : 0.344    recall@5 : 0.3791    recall@10 : 0.5047    recall@20 : 0.6392    recall@30 : 0.7155    recall@50 : 0.7995    ndcg@1 : 0.2414    ndcg@2 : 0.2622    ndcg@3 : 0.2814    ndcg@4 : 0.2987    ndcg@5 : 0.3122    ndcg@10 : 0.3573    ndcg@20 : 0.3978    ndcg@30 : 0.4178    ndcg@50 : 0.4381    precision@1 : 0.2414    precision@2 : 0.1982    precision@3 : 0.1702    precision@4 : 0.1526    precision@5 : 0.1391    precision@10 : 0.0976    precision@20 : 0.0645    precision@30 : 0.0492    precision@50 : 0.034    map@1 : 0.2414    map@2 : 0.2333    map@3 : 0.2384    map@4 : 0.2453    map@5 : 0.2515    map@10 : 0.2719    map@20 : 0.2863    map@30 : 0.2921    map@50 : 0.297
Sun 15 Mar 2026 21:12:38 INFO  epoch 76 training [time: 3.09s, train loss: 38.0065]
Sun 15 Mar 2026 21:12:42 INFO  epoch 76 evaluating [time: 3.35s, valid_score: 0.359200]
Sun 15 Mar 2026 21:12:42 INFO  valid result: 
recall@1 : 0.1528    recall@2 : 0.2384    recall@3 : 0.2955    recall@4 : 0.348    recall@5 : 0.3792    recall@10 : 0.5071    recall@20 : 0.6394    recall@30 : 0.7167    recall@50 : 0.8018    ndcg@1 : 0.2461    ndcg@2 : 0.2627    ndcg@3 : 0.2821    ndcg@4 : 0.3013    ndcg@5 : 0.313    ndcg@10 : 0.3592    ndcg@20 : 0.3993    ndcg@30 : 0.4196    ndcg@50 : 0.4401    precision@1 : 0.2461    precision@2 : 0.1967    precision@3 : 0.1696    precision@4 : 0.1535    precision@5 : 0.1383    precision@10 : 0.0977    precision@20 : 0.0645    precision@30 : 0.0494    precision@50 : 0.0341    map@1 : 0.2461    map@2 : 0.2344    map@3 : 0.239    map@4 : 0.2472    map@5 : 0.2524    map@10 : 0.2736    map@20 : 0.288    map@30 : 0.294    map@50 : 0.2989
Sun 15 Mar 2026 21:12:45 INFO  epoch 77 training [time: 3.34s, train loss: 36.8493]
Sun 15 Mar 2026 21:12:48 INFO  epoch 77 evaluating [time: 3.43s, valid_score: 0.355900]
Sun 15 Mar 2026 21:12:48 INFO  valid result: 
recall@1 : 0.1484    recall@2 : 0.2353    recall@3 : 0.2981    recall@4 : 0.3434    recall@5 : 0.3777    recall@10 : 0.5043    recall@20 : 0.6373    recall@30 : 0.7155    recall@50 : 0.801    ndcg@1 : 0.2408    ndcg@2 : 0.2589    ndcg@3 : 0.2813    ndcg@4 : 0.2974    ndcg@5 : 0.3102    ndcg@10 : 0.3559    ndcg@20 : 0.3962    ndcg@30 : 0.4167    ndcg@50 : 0.4372    precision@1 : 0.2408    precision@2 : 0.1949    precision@3 : 0.1708    precision@4 : 0.152    precision@5 : 0.1377    precision@10 : 0.0972    precision@20 : 0.0645    precision@30 : 0.0493    precision@50 : 0.0341    map@1 : 0.2408    map@2 : 0.2302    map@3 : 0.2374    map@4 : 0.2438    map@5 : 0.2495    map@10 : 0.2704    map@20 : 0.2848    map@30 : 0.2907    map@50 : 0.2956
Sun 15 Mar 2026 21:12:52 INFO  epoch 78 training [time: 3.47s, train loss: 35.5047]
Sun 15 Mar 2026 21:12:55 INFO  epoch 78 evaluating [time: 3.22s, valid_score: 0.356600]
Sun 15 Mar 2026 21:12:55 INFO  valid result: 
recall@1 : 0.1512    recall@2 : 0.2397    recall@3 : 0.296    recall@4 : 0.3423    recall@5 : 0.3732    recall@10 : 0.5035    recall@20 : 0.6363    recall@30 : 0.7119    recall@50 : 0.7991    ndcg@1 : 0.2431    ndcg@2 : 0.2636    ndcg@3 : 0.2817    ndcg@4 : 0.2983    ndcg@5 : 0.3098    ndcg@10 : 0.3566    ndcg@20 : 0.397    ndcg@30 : 0.4169    ndcg@50 : 0.4378    precision@1 : 0.2431    precision@2 : 0.1985    precision@3 : 0.1694    precision@4 : 0.1517    precision@5 : 0.1367    precision@10 : 0.0968    precision@20 : 0.0644    precision@30 : 0.0491    precision@50 : 0.034    map@1 : 0.2431    map@2 : 0.2344    map@3 : 0.2384    map@4 : 0.245    map@5 : 0.25    map@10 : 0.2715    map@20 : 0.286    map@30 : 0.2918    map@50 : 0.2968
Sun 15 Mar 2026 21:12:58 INFO  epoch 79 training [time: 3.23s, train loss: 35.8910]
Sun 15 Mar 2026 21:13:02 INFO  epoch 79 evaluating [time: 3.33s, valid_score: 0.355200]
Sun 15 Mar 2026 21:13:02 INFO  valid result: 
recall@1 : 0.1506    recall@2 : 0.2374    recall@3 : 0.2943    recall@4 : 0.3378    recall@5 : 0.3737    recall@10 : 0.5022    recall@20 : 0.6353    recall@30 : 0.7106    recall@50 : 0.8    ndcg@1 : 0.2396    ndcg@2 : 0.2609    ndcg@3 : 0.2798    ndcg@4 : 0.2951    ndcg@5 : 0.309    ndcg@10 : 0.3552    ndcg@20 : 0.3955    ndcg@30 : 0.4153    ndcg@50 : 0.4367    precision@1 : 0.2396    precision@2 : 0.1964    precision@3 : 0.1689    precision@4 : 0.15    precision@5 : 0.1372    precision@10 : 0.0971    precision@20 : 0.0644    precision@30 : 0.049    precision@50 : 0.0341    map@1 : 0.2396    map@2 : 0.2321    map@3 : 0.2368    map@4 : 0.2426    map@5 : 0.2491    map@10 : 0.2701    map@20 : 0.2847    map@30 : 0.2903    map@50 : 0.2954
Sun 15 Mar 2026 21:13:05 INFO  epoch 80 training [time: 3.19s, train loss: 35.5810]
Sun 15 Mar 2026 21:13:08 INFO  epoch 80 evaluating [time: 3.41s, valid_score: 0.355900]
Sun 15 Mar 2026 21:13:08 INFO  valid result: 
recall@1 : 0.1522    recall@2 : 0.2397    recall@3 : 0.2909    recall@4 : 0.339    recall@5 : 0.3757    recall@10 : 0.5017    recall@20 : 0.6369    recall@30 : 0.7157    recall@50 : 0.801    ndcg@1 : 0.2408    ndcg@2 : 0.2629    ndcg@3 : 0.278    ndcg@4 : 0.2961    ndcg@5 : 0.3102    ndcg@10 : 0.3559    ndcg@20 : 0.3966    ndcg@30 : 0.4172    ndcg@50 : 0.4376    precision@1 : 0.2408    precision@2 : 0.1976    precision@3 : 0.1657    precision@4 : 0.1506    precision@5 : 0.1372    precision@10 : 0.0976    precision@20 : 0.0645    precision@30 : 0.0493    precision@50 : 0.0341    map@1 : 0.2408    map@2 : 0.2339    map@3 : 0.2356    map@4 : 0.2439    map@5 : 0.2504    map@10 : 0.2711    map@20 : 0.2857    map@30 : 0.2916    map@50 : 0.2964
Sun 15 Mar 2026 21:13:11 INFO  epoch 81 training [time: 3.09s, train loss: 34.2817]
Sun 15 Mar 2026 21:13:15 INFO  epoch 81 evaluating [time: 3.42s, valid_score: 0.355100]
Sun 15 Mar 2026 21:13:15 INFO  valid result: 
recall@1 : 0.1526    recall@2 : 0.238    recall@3 : 0.2911    recall@4 : 0.3401    recall@5 : 0.374    recall@10 : 0.5012    recall@20 : 0.6369    recall@30 : 0.7119    recall@50 : 0.8015    ndcg@1 : 0.2384    ndcg@2 : 0.2606    ndcg@3 : 0.278    ndcg@4 : 0.2967    ndcg@5 : 0.3092    ndcg@10 : 0.3551    ndcg@20 : 0.3961    ndcg@30 : 0.4158    ndcg@50 : 0.4371    precision@1 : 0.2384    precision@2 : 0.1952    precision@3 : 0.1667    precision@4 : 0.1518    precision@5 : 0.1367    precision@10 : 0.097    precision@20 : 0.0645    precision@30 : 0.0491    precision@50 : 0.0341    map@1 : 0.2384    map@2 : 0.2324    map@3 : 0.2359    map@4 : 0.2444    map@5 : 0.2501    map@10 : 0.2707    map@20 : 0.2855    map@30 : 0.2911    map@50 : 0.2961
Sun 15 Mar 2026 21:13:18 INFO  epoch 82 training [time: 3.34s, train loss: 34.0714]
Sun 15 Mar 2026 21:13:22 INFO  epoch 82 evaluating [time: 3.44s, valid_score: 0.355800]
Sun 15 Mar 2026 21:13:22 INFO  valid result: 
recall@1 : 0.1537    recall@2 : 0.2395    recall@3 : 0.2934    recall@4 : 0.3397    recall@5 : 0.3732    recall@10 : 0.5007    recall@20 : 0.6356    recall@30 : 0.712    recall@50 : 0.8019    ndcg@1 : 0.2408    ndcg@2 : 0.2634    ndcg@3 : 0.2802    ndcg@4 : 0.2975    ndcg@5 : 0.31    ndcg@10 : 0.3558    ndcg@20 : 0.3965    ndcg@30 : 0.4164    ndcg@50 : 0.4377    precision@1 : 0.2408    precision@2 : 0.1979    precision@3 : 0.1677    precision@4 : 0.1517    precision@5 : 0.1367    precision@10 : 0.0971    precision@20 : 0.0644    precision@30 : 0.0491    precision@50 : 0.0341    map@1 : 0.2408    map@2 : 0.2353    map@3 : 0.2378    map@4 : 0.2456    map@5 : 0.2512    map@10 : 0.2717    map@20 : 0.2862    map@30 : 0.2919    map@50 : 0.2969
Sun 15 Mar 2026 21:13:25 INFO  epoch 83 training [time: 3.23s, train loss: 32.5137]
Sun 15 Mar 2026 21:13:28 INFO  epoch 83 evaluating [time: 3.45s, valid_score: 0.350200]
Sun 15 Mar 2026 21:13:28 INFO  valid result: 
recall@1 : 0.1437    recall@2 : 0.2348    recall@3 : 0.2931    recall@4 : 0.3376    recall@5 : 0.3701    recall@10 : 0.4978    recall@20 : 0.635    recall@30 : 0.7102    recall@50 : 0.8006    ndcg@1 : 0.2294    ndcg@2 : 0.2554    ndcg@3 : 0.2763    ndcg@4 : 0.2926    ndcg@5 : 0.3041    ndcg@10 : 0.3502    ndcg@20 : 0.3915    ndcg@30 : 0.4112    ndcg@50 : 0.4327    precision@1 : 0.2294    precision@2 : 0.1937    precision@3 : 0.1691    precision@4 : 0.152    precision@5 : 0.1358    precision@10 : 0.0966    precision@20 : 0.0643    precision@30 : 0.049    precision@50 : 0.0341    map@1 : 0.2294    map@2 : 0.2269    map@3 : 0.2326    map@4 : 0.2396    map@5 : 0.2445    map@10 : 0.2653    map@20 : 0.28    map@30 : 0.2857    map@50 : 0.2907
Sun 15 Mar 2026 21:13:28 INFO  Finished training, best eval result in epoch 62
Sun 15 Mar 2026 21:13:28 INFO  Loading model structure and parameters from saved/LightGCN-Mar-15-2026_21-04-15.pth
Sun 15 Mar 2026 21:13:32 INFO  best valid : OrderedDict([('recall@1', 0.1581), ('recall@2', 0.2494), ('recall@3', 0.3067), ('recall@4', 0.3447), ('recall@5', 0.3885), ('recall@10', 0.5185), ('recall@20', 0.6475), ('recall@30', 0.7277), ('recall@50', 0.8067), ('ndcg@1', 0.2533), ('ndcg@2', 0.2743), ('ndcg@3', 0.2929), ('ndcg@4', 0.3048), ('ndcg@5', 0.3212), ('ndcg@10', 0.368), ('ndcg@20', 0.4071), ('ndcg@30', 0.4281), ('ndcg@50', 0.4467), ('precision@1', 0.2533), ('precision@2', 0.2056), ('precision@3', 0.1752), ('precision@4', 0.1523), ('precision@5', 0.1398), ('precision@10', 0.1), ('precision@20', 0.0658), ('precision@30', 0.0503), ('precision@50', 0.0341), ('map@1', 0.2533), ('map@2', 0.2454), ('map@3', 0.2495), ('map@4', 0.2528), ('map@5', 0.2604), ('map@10', 0.2811), ('map@20', 0.2953), ('map@30', 0.3013), ('map@50', 0.3057)])
Sun 15 Mar 2026 21:13:32 INFO  test result: OrderedDict([('recall@1', 0.1917), ('recall@2', 0.2795), ('recall@3', 0.3403), ('recall@4', 0.3812), ('recall@5', 0.4148), ('recall@10', 0.528), ('recall@20', 0.6665), ('recall@30', 0.74), ('recall@50', 0.8277), ('ndcg@1', 0.3154), ('ndcg@2', 0.3221), ('ndcg@3', 0.3374), ('ndcg@4', 0.3486), ('ndcg@5', 0.3597), ('ndcg@10', 0.3978), ('ndcg@20', 0.4382), ('ndcg@30', 0.4572), ('ndcg@50', 0.4772), ('precision@1', 0.3154), ('precision@2', 0.2397), ('precision@3', 0.2012), ('precision@4', 0.1727), ('precision@5', 0.1537), ('precision@10', 0.1014), ('precision@20', 0.0661), ('precision@30', 0.0496), ('precision@50', 0.0336), ('map@1', 0.3154), ('map@2', 0.294), ('map@3', 0.2946), ('map@4', 0.2975), ('map@5', 0.3018), ('map@10', 0.3179), ('map@20', 0.3319), ('map@30', 0.3373), ('map@50', 0.3417)])
Sun 15 Mar 2026 21:13:32 INFO  training time: 552.7311s
Sun 15 Mar 2026 21:13:32 INFO  result file: results/again/lightgcn_lightgcn_seed2021.json
